2026-10-01 00:20:14,314 [INFO] 20,989 positive Summit-Fenster; gemeinsames GC-Matching
2026-10-01 00:20:14,323 [INFO] Pruefe 1: 30,426,648 moegliche negative Starts
2026-10-01 00:21:39,228 [INFO] Pruefe 2: 19,697,266 moegliche negative Starts
2026-10-01 00:22:37,949 [INFO] Pruefe 3: 23,458,807 moegliche negative Starts
2026-10-01 00:23:46,524 [INFO] Pruefe 4: 18,584,033 moegliche negative Starts
2026-10-01 00:24:41,189 [INFO] Pruefe 5: 26,974,479 moegliche negative Starts
2026-10-01 00:27:56,685 [INFO] pooled: GC-Kapazitaet - Obergrenze streng 41676, bei Toleranz 0.06 46678, Engpass {'side': 'low', 'bin_index': 66, 'capacity': 24738} (0 Positive umgebucht); Diagramm: /home/jbossenz/AT_TFBS/maa/maa_data/MYC3_air_jablock_2h_chipseq_Yin2023/distributions/pooled_gc_capacity.svg
2026-10-01 00:50:40,123 [INFO] positive: 1000/20989 Fenster geschrieben
2026-10-01 00:50:52,810 [INFO] positive: 2000/20989 Fenster geschrieben
2026-10-01 00:51:05,985 [INFO] positive: 3000/20989 Fenster geschrieben
2026-10-01 00:51:19,159 [INFO] positive: 4000/20989 Fenster geschrieben
2026-10-01 00:51:32,325 [INFO] positive: 5000/20989 Fenster geschrieben
2026-10-01 00:51:44,998 [INFO] positive: 6000/20989 Fenster geschrieben
2026-10-01 00:51:57,911 [INFO] positive: 7000/20989 Fenster geschrieben
2026-10-01 00:52:11,353 [INFO] positive: 8000/20989 Fenster geschrieben
2026-10-01 00:52:24,478 [INFO] positive: 9000/20989 Fenster geschrieben
2026-10-01 00:52:37,277 [INFO] positive: 10000/20989 Fenster geschrieben
2026-10-01 00:52:49,815 [INFO] positive: 11000/20989 Fenster geschrieben
2026-10-01 00:53:03,083 [INFO] positive: 12000/20989 Fenster geschrieben
2026-10-01 00:53:16,108 [INFO] positive: 13000/20989 Fenster geschrieben
2026-10-01 00:53:28,500 [INFO] positive: 14000/20989 Fenster geschrieben
2026-10-01 00:53:41,992 [INFO] positive: 15000/20989 Fenster geschrieben
2026-10-01 00:53:55,384 [INFO] positive: 16000/20989 Fenster geschrieben
2026-10-01 00:54:07,817 [INFO] positive: 17000/20989 Fenster geschrieben
2026-10-01 00:54:20,425 [INFO] positive: 18000/20989 Fenster geschrieben
2026-10-01 00:54:33,685 [INFO] positive: 19000/20989 Fenster geschrieben
2026-10-01 00:54:46,983 [INFO] positive: 20000/20989 Fenster geschrieben
2026-10-01 00:54:59,967 [INFO] positive: 20989/20989 Fenster geschrieben
2026-10-01 00:55:12,231 [INFO] negative: 1000/37618 Fenster geschrieben
2026-10-01 00:55:24,603 [INFO] negative: 2000/37618 Fenster geschrieben
2026-10-01 00:55:36,889 [INFO] negative: 3000/37618 Fenster geschrieben
2026-10-01 00:55:49,016 [INFO] negative: 4000/37618 Fenster geschrieben
2026-10-01 00:56:00,928 [INFO] negative: 5000/37618 Fenster geschrieben
2026-10-01 00:56:13,728 [INFO] negative: 6000/37618 Fenster geschrieben
2026-10-01 00:56:26,092 [INFO] negative: 7000/37618 Fenster geschrieben
2026-10-01 00:56:37,602 [INFO] negative: 8000/37618 Fenster geschrieben
2026-10-01 00:56:49,131 [INFO] negative: 9000/37618 Fenster geschrieben
2026-10-01 00:57:01,721 [INFO] negative: 10000/37618 Fenster geschrieben
2026-10-01 00:57:14,485 [INFO] negative: 11000/37618 Fenster geschrieben
2026-10-01 00:57:26,982 [INFO] negative: 12000/37618 Fenster geschrieben
2026-10-01 00:57:39,365 [INFO] negative: 13000/37618 Fenster geschrieben
2026-10-01 00:57:51,996 [INFO] negative: 14000/37618 Fenster geschrieben
2026-10-01 00:58:04,712 [INFO] negative: 15000/37618 Fenster geschrieben
2026-10-01 00:58:17,371 [INFO] negative: 16000/37618 Fenster geschrieben
2026-10-01 00:58:29,116 [INFO] negative: 17000/37618 Fenster geschrieben
2026-10-01 00:58:40,251 [INFO] negative: 18000/37618 Fenster geschrieben
2026-10-01 00:58:51,418 [INFO] negative: 19000/37618 Fenster geschrieben
2026-10-01 00:59:03,387 [INFO] negative: 20000/37618 Fenster geschrieben
2026-10-01 00:59:15,834 [INFO] negative: 21000/37618 Fenster geschrieben
2026-10-01 00:59:28,691 [INFO] negative: 22000/37618 Fenster geschrieben
2026-10-01 00:59:41,627 [INFO] negative: 23000/37618 Fenster geschrieben
2026-10-01 00:59:54,108 [INFO] negative: 24000/37618 Fenster geschrieben
2026-10-01 01:00:06,615 [INFO] negative: 25000/37618 Fenster geschrieben
2026-10-01 01:00:18,795 [INFO] negative: 26000/37618 Fenster geschrieben
2026-10-01 01:00:31,287 [INFO] negative: 27000/37618 Fenster geschrieben
2026-10-01 01:00:43,043 [INFO] negative: 28000/37618 Fenster geschrieben
2026-10-01 01:00:55,562 [INFO] negative: 29000/37618 Fenster geschrieben
2026-10-01 01:01:08,269 [INFO] negative: 30000/37618 Fenster geschrieben
2026-10-01 01:01:19,783 [INFO] negative: 31000/37618 Fenster geschrieben
2026-10-01 01:01:31,527 [INFO] negative: 32000/37618 Fenster geschrieben
2026-10-01 01:01:43,903 [INFO] negative: 33000/37618 Fenster geschrieben
2026-10-01 01:01:56,602 [INFO] negative: 34000/37618 Fenster geschrieben
2026-10-01 01:02:08,810 [INFO] negative: 35000/37618 Fenster geschrieben
2026-10-01 01:02:20,878 [INFO] negative: 36000/37618 Fenster geschrieben
2026-10-01 01:02:33,658 [INFO] negative: 37000/37618 Fenster geschrieben
2026-10-01 01:02:41,599 [INFO] negative: 37618/37618 Fenster geschrieben
2026-10-01 01:02:42,623 [INFO] Fertig: 20989 Positive, 37618 Negative -> /home/jbossenz/AT_TFBS/maa/maa_data/MYC3_air_jablock_2h_chipseq_Yin2023
