2026-10-01 00:20:10,214 [INFO] 26,185 positive Summit-Fenster; gemeinsames GC-Matching
2026-10-01 00:20:10,231 [INFO] Pruefe 1: 30,426,648 moegliche negative Starts
2026-10-01 00:21:30,142 [INFO] Pruefe 2: 19,697,266 moegliche negative Starts
2026-10-01 00:22:23,681 [INFO] Pruefe 3: 23,458,807 moegliche negative Starts
2026-10-01 00:23:29,362 [INFO] Pruefe 4: 18,584,033 moegliche negative Starts
2026-10-01 00:24:20,834 [INFO] Pruefe 5: 26,974,479 moegliche negative Starts
2026-10-01 00:27:26,816 [INFO] pooled: GC-Kapazitaet - Obergrenze streng 5663, bei Toleranz 0.06 17116, Engpass {'side': 'low', 'bin_index': 54, 'capacity': 2425} (0 Positive umgebucht); Diagramm: /home/jbossenz/AT_TFBS/maa/maa_data/MYC2_ja_2h_chipseq_Yin2023/distributions/pooled_gc_capacity.svg
2026-10-01 01:04:53,424 [INFO] positive: 1000/26185 Fenster geschrieben
2026-10-01 01:05:06,046 [INFO] positive: 2000/26185 Fenster geschrieben
2026-10-01 01:05:19,051 [INFO] positive: 3000/26185 Fenster geschrieben
2026-10-01 01:05:32,262 [INFO] positive: 4000/26185 Fenster geschrieben
2026-10-01 01:05:45,414 [INFO] positive: 5000/26185 Fenster geschrieben
2026-10-01 01:05:58,597 [INFO] positive: 6000/26185 Fenster geschrieben
2026-10-01 01:06:11,615 [INFO] positive: 7000/26185 Fenster geschrieben
2026-10-01 01:06:23,943 [INFO] positive: 8000/26185 Fenster geschrieben
2026-10-01 01:06:36,856 [INFO] positive: 9000/26185 Fenster geschrieben
2026-10-01 01:06:50,409 [INFO] positive: 10000/26185 Fenster geschrieben
2026-10-01 01:07:03,880 [INFO] positive: 11000/26185 Fenster geschrieben
2026-10-01 01:07:16,627 [INFO] positive: 12000/26185 Fenster geschrieben
2026-10-01 01:07:29,278 [INFO] positive: 13000/26185 Fenster geschrieben
2026-10-01 01:07:42,024 [INFO] positive: 14000/26185 Fenster geschrieben
2026-10-01 01:07:55,411 [INFO] positive: 15000/26185 Fenster geschrieben
2026-10-01 01:08:08,777 [INFO] positive: 16000/26185 Fenster geschrieben
2026-10-01 01:08:21,107 [INFO] positive: 17000/26185 Fenster geschrieben
2026-10-01 01:08:33,643 [INFO] positive: 18000/26185 Fenster geschrieben
2026-10-01 01:08:47,129 [INFO] positive: 19000/26185 Fenster geschrieben
2026-10-01 01:09:00,610 [INFO] positive: 20000/26185 Fenster geschrieben
2026-10-01 01:09:13,149 [INFO] positive: 21000/26185 Fenster geschrieben
2026-10-01 01:09:25,773 [INFO] positive: 22000/26185 Fenster geschrieben
2026-10-01 01:09:38,420 [INFO] positive: 23000/26185 Fenster geschrieben
2026-10-01 01:09:51,873 [INFO] positive: 24000/26185 Fenster geschrieben
2026-10-01 01:10:05,285 [INFO] positive: 25000/26185 Fenster geschrieben
2026-10-01 01:10:18,523 [INFO] positive: 26000/26185 Fenster geschrieben
2026-10-01 01:10:20,987 [INFO] positive: 26185/26185 Fenster geschrieben
2026-10-01 01:10:33,174 [INFO] negative: 1000/15044 Fenster geschrieben
2026-10-01 01:10:45,329 [INFO] negative: 2000/15044 Fenster geschrieben
2026-10-01 01:10:57,388 [INFO] negative: 3000/15044 Fenster geschrieben
2026-10-01 01:11:09,238 [INFO] negative: 4000/15044 Fenster geschrieben
2026-10-01 01:11:21,771 [INFO] negative: 5000/15044 Fenster geschrieben
2026-10-01 01:11:33,370 [INFO] negative: 6000/15044 Fenster geschrieben
2026-10-01 01:11:45,912 [INFO] negative: 7000/15044 Fenster geschrieben
2026-10-01 01:11:58,478 [INFO] negative: 8000/15044 Fenster geschrieben
2026-10-01 01:12:09,858 [INFO] negative: 9000/15044 Fenster geschrieben
2026-10-01 01:12:22,089 [INFO] negative: 10000/15044 Fenster geschrieben
2026-10-01 01:12:34,838 [INFO] negative: 11000/15044 Fenster geschrieben
2026-10-01 01:12:46,844 [INFO] negative: 12000/15044 Fenster geschrieben
2026-10-01 01:12:59,092 [INFO] negative: 13000/15044 Fenster geschrieben
2026-10-01 01:13:11,213 [INFO] negative: 14000/15044 Fenster geschrieben
2026-10-01 01:13:23,503 [INFO] negative: 15000/15044 Fenster geschrieben
2026-10-01 01:13:24,062 [INFO] negative: 15044/15044 Fenster geschrieben
2026-10-01 01:13:24,520 [INFO] Fertig: 26185 Positive, 15044 Negative -> /home/jbossenz/AT_TFBS/maa/maa_data/MYC2_ja_2h_chipseq_Yin2023
