2026-10-01 00:20:09,569 [INFO] 26,921 positive Summit-Fenster; gemeinsames GC-Matching
2026-10-01 00:20:09,582 [INFO] Pruefe 1: 30,426,648 moegliche negative Starts
2026-10-01 00:21:32,949 [INFO] Pruefe 2: 19,697,266 moegliche negative Starts
2026-10-01 00:22:31,231 [INFO] Pruefe 3: 23,458,807 moegliche negative Starts
2026-10-01 00:23:38,617 [INFO] Pruefe 4: 18,584,033 moegliche negative Starts
2026-10-01 00:24:32,757 [INFO] Pruefe 5: 26,974,479 moegliche negative Starts
2026-10-01 00:27:49,453 [INFO] pooled: GC-Kapazitaet - Obergrenze streng 50145, bei Toleranz 0.06 56346, Engpass {'side': 'low', 'bin_index': 67, 'capacity': 28550} (0 Positive umgebucht); Diagramm: /home/jbossenz/AT_TFBS/maa/maa_data/AP1_WILDTYPE_GUO2025/distributions/pooled_gc_capacity.svg
2026-10-01 00:45:56,539 [INFO] positive: 1000/26921 Fenster geschrieben
2026-10-01 00:46:08,996 [INFO] positive: 2000/26921 Fenster geschrieben
2026-10-01 00:46:21,422 [INFO] positive: 3000/26921 Fenster geschrieben
2026-10-01 00:46:34,606 [INFO] positive: 4000/26921 Fenster geschrieben
2026-10-01 00:46:47,538 [INFO] positive: 5000/26921 Fenster geschrieben
2026-10-01 00:47:00,374 [INFO] positive: 6000/26921 Fenster geschrieben
2026-10-01 00:47:13,420 [INFO] positive: 7000/26921 Fenster geschrieben
2026-10-01 00:47:25,585 [INFO] positive: 8000/26921 Fenster geschrieben
2026-10-01 00:47:38,347 [INFO] positive: 9000/26921 Fenster geschrieben
2026-10-01 00:47:51,607 [INFO] positive: 10000/26921 Fenster geschrieben
2026-10-01 00:48:04,742 [INFO] positive: 11000/26921 Fenster geschrieben
2026-10-01 00:48:17,255 [INFO] positive: 12000/26921 Fenster geschrieben
2026-10-01 00:48:29,914 [INFO] positive: 13000/26921 Fenster geschrieben
2026-10-01 00:48:42,278 [INFO] positive: 14000/26921 Fenster geschrieben
2026-10-01 00:48:54,990 [INFO] positive: 15000/26921 Fenster geschrieben
2026-10-01 00:49:08,109 [INFO] positive: 16000/26921 Fenster geschrieben
2026-10-01 00:49:20,526 [INFO] positive: 17000/26921 Fenster geschrieben
2026-10-01 00:49:32,756 [INFO] positive: 18000/26921 Fenster geschrieben
2026-10-01 00:49:45,974 [INFO] positive: 19000/26921 Fenster geschrieben
2026-10-01 00:49:59,385 [INFO] positive: 20000/26921 Fenster geschrieben
2026-10-01 00:50:12,020 [INFO] positive: 21000/26921 Fenster geschrieben
2026-10-01 00:50:24,536 [INFO] positive: 22000/26921 Fenster geschrieben
2026-10-01 00:50:36,880 [INFO] positive: 23000/26921 Fenster geschrieben
2026-10-01 00:50:49,471 [INFO] positive: 24000/26921 Fenster geschrieben
2026-10-01 00:51:02,453 [INFO] positive: 25000/26921 Fenster geschrieben
2026-10-01 00:51:15,193 [INFO] positive: 26000/26921 Fenster geschrieben
2026-10-01 00:51:27,007 [INFO] positive: 26921/26921 Fenster geschrieben
2026-10-01 00:51:38,869 [INFO] negative: 1000/45724 Fenster geschrieben
2026-10-01 00:51:50,594 [INFO] negative: 2000/45724 Fenster geschrieben
2026-10-01 00:52:02,218 [INFO] negative: 3000/45724 Fenster geschrieben
2026-10-01 00:52:13,691 [INFO] negative: 4000/45724 Fenster geschrieben
2026-10-01 00:52:25,343 [INFO] negative: 5000/45724 Fenster geschrieben
2026-10-01 00:52:37,592 [INFO] negative: 6000/45724 Fenster geschrieben
2026-10-01 00:52:49,478 [INFO] negative: 7000/45724 Fenster geschrieben
2026-10-01 00:53:00,674 [INFO] negative: 8000/45724 Fenster geschrieben
2026-10-01 00:53:12,514 [INFO] negative: 9000/45724 Fenster geschrieben
2026-10-01 00:53:24,696 [INFO] negative: 10000/45724 Fenster geschrieben
2026-10-01 00:53:36,910 [INFO] negative: 11000/45724 Fenster geschrieben
2026-10-01 00:53:48,656 [INFO] negative: 12000/45724 Fenster geschrieben
2026-10-01 00:54:00,572 [INFO] negative: 13000/45724 Fenster geschrieben
2026-10-01 00:54:12,558 [INFO] negative: 14000/45724 Fenster geschrieben
2026-10-01 00:54:24,638 [INFO] negative: 15000/45724 Fenster geschrieben
2026-10-01 00:54:36,183 [INFO] negative: 16000/45724 Fenster geschrieben
2026-10-01 00:54:47,592 [INFO] negative: 17000/45724 Fenster geschrieben
2026-10-01 00:54:58,718 [INFO] negative: 18000/45724 Fenster geschrieben
2026-10-01 00:55:09,954 [INFO] negative: 19000/45724 Fenster geschrieben
2026-10-01 00:55:21,156 [INFO] negative: 20000/45724 Fenster geschrieben
2026-10-01 00:55:32,440 [INFO] negative: 21000/45724 Fenster geschrieben
2026-10-01 00:55:44,243 [INFO] negative: 22000/45724 Fenster geschrieben
2026-10-01 00:55:56,628 [INFO] negative: 23000/45724 Fenster geschrieben
2026-10-01 00:56:08,928 [INFO] negative: 24000/45724 Fenster geschrieben
2026-10-01 00:56:21,399 [INFO] negative: 25000/45724 Fenster geschrieben
2026-10-01 00:56:33,709 [INFO] negative: 26000/45724 Fenster geschrieben
2026-10-01 00:56:45,289 [INFO] negative: 27000/45724 Fenster geschrieben
2026-10-01 00:56:57,034 [INFO] negative: 28000/45724 Fenster geschrieben
2026-10-01 00:57:08,602 [INFO] negative: 29000/45724 Fenster geschrieben
2026-10-01 00:57:20,228 [INFO] negative: 30000/45724 Fenster geschrieben
2026-10-01 00:57:32,215 [INFO] negative: 31000/45724 Fenster geschrieben
2026-10-01 00:57:44,075 [INFO] negative: 32000/45724 Fenster geschrieben
2026-10-01 00:57:56,126 [INFO] negative: 33000/45724 Fenster geschrieben
2026-10-01 00:58:08,385 [INFO] negative: 34000/45724 Fenster geschrieben
2026-10-01 00:58:20,039 [INFO] negative: 35000/45724 Fenster geschrieben
2026-10-01 00:58:31,492 [INFO] negative: 36000/45724 Fenster geschrieben
2026-10-01 00:58:42,681 [INFO] negative: 37000/45724 Fenster geschrieben
2026-10-01 00:58:53,959 [INFO] negative: 38000/45724 Fenster geschrieben
2026-10-01 00:59:06,086 [INFO] negative: 39000/45724 Fenster geschrieben
2026-10-01 00:59:18,124 [INFO] negative: 40000/45724 Fenster geschrieben
2026-10-01 00:59:29,695 [INFO] negative: 41000/45724 Fenster geschrieben
2026-10-01 00:59:41,158 [INFO] negative: 42000/45724 Fenster geschrieben
2026-10-01 00:59:52,813 [INFO] negative: 43000/45724 Fenster geschrieben
2026-10-01 01:00:04,785 [INFO] negative: 44000/45724 Fenster geschrieben
2026-10-01 01:00:16,784 [INFO] negative: 45000/45724 Fenster geschrieben
2026-10-01 01:00:25,495 [INFO] negative: 45724/45724 Fenster geschrieben
2026-10-01 01:00:26,741 [INFO] Fertig: 26921 Positive, 45724 Negative -> /home/jbossenz/AT_TFBS/maa/maa_data/AP1_WILDTYPE_GUO2025
