Window geometry: 256 bp from 301 bp; crop starts 0..45; shifts -22..+23; fresh uniform draw per access
Evaluation: crops (0, 22, 23, 45), reverse complement=True; all samples
train: n=36,663, positive=363, negative=36,300
  val: n=12,524, positive=124, negative=12,400
 test: n=40,198, positive=398, negative=39,800
Device: cuda
Hidden activation: RELU
Parameters: 1,032,981 total; 1,032,981 trainable
Architecture: motif kernels 9/12; encoder 128/64/64; original five-block bottleneck at 64; decoder 64/128/256
  negatives seen=10.0%; hard negatives=0
Epoch 001 train: loss=1.5045 AUROC=0.5132 AUPRC=0.0899 BalAcc=0.5191 F1=0.1643 MCC=0.0220
Epoch 001 val  : loss=0.6394 AUROC=0.5681 AUPRC=0.0131 BalAcc=0.5398 F1=0.0253 MCC=0.0185
  learning_rate_used=3.000e-04; learning_rate_next=2.999e-04; elapsed=6.9s
  saved new best checkpoint: /data/projects/SFB_A03/jan/AT_TFBS/human301/runs/CREB3L3/68001_ablation_base_seed1/best_model.pt (objective=classification-auprc, score=0.013131)
  negatives seen=20.0%; hard negatives=0
Epoch 002 train: loss=1.3433 AUROC=0.5508 AUPRC=0.1120 BalAcc=0.5415 F1=0.1766 MCC=0.0479
Epoch 002 val  : loss=0.7121 AUROC=0.7084 AUPRC=0.0301 BalAcc=0.6392 F1=0.0328 MCC=0.0564
  learning_rate_used=2.999e-04; learning_rate_next=2.997e-04; elapsed=5.7s
  saved new best checkpoint: /data/projects/SFB_A03/jan/AT_TFBS/human301/runs/CREB3L3/68001_ablation_base_seed1/best_model.pt (objective=classification-auprc, score=0.030112)
  negatives seen=30.0%; hard negatives=0
Epoch 003 train: loss=1.2250 AUROC=0.6402 AUPRC=0.1722 BalAcc=0.6067 F1=0.2195 MCC=0.1250
Epoch 003 val  : loss=0.4011 AUROC=0.8805 AUPRC=0.0977 BalAcc=0.6553 F1=0.1631 MCC=0.1768
  learning_rate_used=2.997e-04; learning_rate_next=2.993e-04; elapsed=5.7s
  saved new best checkpoint: /data/projects/SFB_A03/jan/AT_TFBS/human301/runs/CREB3L3/68001_ablation_base_seed1/best_model.pt (objective=classification-auprc, score=0.097671)
  negatives seen=40.0%; hard negatives=0
Epoch 004 train: loss=0.9850 AUROC=0.8144 AUPRC=0.3336 BalAcc=0.7421 F1=0.3511 MCC=0.3087
Epoch 004 val  : loss=0.7656 AUROC=0.9165 AUPRC=0.1629 BalAcc=0.7751 F1=0.0452 MCC=0.1109
  learning_rate_used=2.993e-04; learning_rate_next=2.988e-04; elapsed=5.7s
  saved new best checkpoint: /data/projects/SFB_A03/jan/AT_TFBS/human301/runs/CREB3L3/68001_ablation_base_seed1/best_model.pt (objective=classification-auprc, score=0.162862)
  negatives seen=50.0%; hard negatives=0
Epoch 005 train: loss=0.8441 AUROC=0.8682 AUPRC=0.4278 BalAcc=0.7906 F1=0.4089 MCC=0.3812
Epoch 005 val  : loss=0.2528 AUROC=0.8860 AUPRC=0.1591 BalAcc=0.5979 F1=0.2262 MCC=0.2211
  learning_rate_used=2.988e-04; learning_rate_next=2.982e-04; elapsed=5.7s
  negatives seen=60.0%; hard negatives=0
Epoch 006 train: loss=0.7783 AUROC=0.8973 AUPRC=0.5491 BalAcc=0.8211 F1=0.4720 MCC=0.4472
Epoch 006 val  : loss=0.3433 AUROC=0.9299 AUPRC=0.2581 BalAcc=0.8639 F1=0.1297 MCC=0.2232
  learning_rate_used=2.982e-04; learning_rate_next=2.974e-04; elapsed=5.7s
  saved new best checkpoint: /data/projects/SFB_A03/jan/AT_TFBS/human301/runs/CREB3L3/68001_ablation_base_seed1/best_model.pt (objective=classification-auprc, score=0.258071)
  negatives seen=70.0%; hard negatives=0
Epoch 007 train: loss=0.6650 AUROC=0.9232 AUPRC=0.6283 BalAcc=0.8448 F1=0.5237 MCC=0.5012
Epoch 007 val  : loss=0.4033 AUROC=0.9362 AUPRC=0.2719 BalAcc=0.8733 F1=0.1028 MCC=0.1996
  learning_rate_used=2.974e-04; learning_rate_next=2.964e-04; elapsed=5.7s
  saved new best checkpoint: /data/projects/SFB_A03/jan/AT_TFBS/human301/runs/CREB3L3/68001_ablation_base_seed1/best_model.pt (objective=classification-auprc, score=0.271917)
  negatives seen=80.0%; hard negatives=0
Epoch 008 train: loss=0.6668 AUROC=0.9285 AUPRC=0.6590 BalAcc=0.8652 F1=0.5717 MCC=0.5509
Epoch 008 val  : loss=2.5456 AUROC=0.9386 AUPRC=0.3529 BalAcc=0.5401 F1=0.0213 MCC=0.0281
  learning_rate_used=2.964e-04; learning_rate_next=2.953e-04; elapsed=5.7s
  saved new best checkpoint: /data/projects/SFB_A03/jan/AT_TFBS/human301/runs/CREB3L3/68001_ablation_base_seed1/best_model.pt (objective=classification-auprc, score=0.352946)
  negatives seen=90.0%; hard negatives=0
Epoch 009 train: loss=0.5689 AUROC=0.9430 AUPRC=0.6977 BalAcc=0.8759 F1=0.5732 MCC=0.5574
Epoch 009 val  : loss=0.1767 AUROC=0.9324 AUPRC=0.3367 BalAcc=0.6906 F1=0.3934 MCC=0.3875
  learning_rate_used=2.953e-04; learning_rate_next=2.941e-04; elapsed=5.7s
  negatives seen=100.0%; hard negatives=0
Epoch 010 train: loss=0.5475 AUROC=0.9484 AUPRC=0.7222 BalAcc=0.8875 F1=0.6207 MCC=0.6027
Epoch 010 val  : loss=0.1750 AUROC=0.9333 AUPRC=0.3752 BalAcc=0.7727 F1=0.3256 MCC=0.3498
  learning_rate_used=2.941e-04; learning_rate_next=2.927e-04; elapsed=5.6s
  saved new best checkpoint: /data/projects/SFB_A03/jan/AT_TFBS/human301/runs/CREB3L3/68001_ablation_base_seed1/best_model.pt (objective=classification-auprc, score=0.375184)
  negatives seen=100.0%; hard negatives=0
Epoch 011 train: loss=0.4243 AUROC=0.9676 AUPRC=0.7869 BalAcc=0.9161 F1=0.6627 MCC=0.6513
Epoch 011 val  : loss=0.3497 AUROC=0.9482 AUPRC=0.4267 BalAcc=0.8783 F1=0.1137 MCC=0.2122
  learning_rate_used=2.927e-04; learning_rate_next=2.912e-04; elapsed=5.7s
  saved new best checkpoint: /data/projects/SFB_A03/jan/AT_TFBS/human301/runs/CREB3L3/68001_ablation_base_seed1/best_model.pt (objective=classification-auprc, score=0.426676)
  negatives seen=100.0%; hard negatives=0
Epoch 012 train: loss=0.4239 AUROC=0.9703 AUPRC=0.7898 BalAcc=0.9123 F1=0.6999 MCC=0.6826
Epoch 012 val  : loss=0.2959 AUROC=0.9528 AUPRC=0.4642 BalAcc=0.8926 F1=0.1389 MCC=0.2413
  learning_rate_used=2.912e-04; learning_rate_next=2.895e-04; elapsed=5.6s
  saved new best checkpoint: /data/projects/SFB_A03/jan/AT_TFBS/human301/runs/CREB3L3/68001_ablation_base_seed1/best_model.pt (objective=classification-auprc, score=0.464221)
  negatives seen=100.0%; hard negatives=0
Epoch 013 train: loss=0.4027 AUROC=0.9723 AUPRC=0.8152 BalAcc=0.9212 F1=0.7185 MCC=0.7027
Epoch 013 val  : loss=0.1594 AUROC=0.9513 AUPRC=0.4630 BalAcc=0.8660 F1=0.2964 MCC=0.3644
  learning_rate_used=2.895e-04; learning_rate_next=2.877e-04; elapsed=5.6s
  negatives seen=100.0%; hard negatives=0
Epoch 014 train: loss=0.3537 AUROC=0.9785 AUPRC=0.8560 BalAcc=0.9315 F1=0.7389 MCC=0.7250
Epoch 014 val  : loss=0.1401 AUROC=0.9573 AUPRC=0.4575 BalAcc=0.7883 F1=0.4195 MCC=0.4307
  learning_rate_used=2.877e-04; learning_rate_next=2.858e-04; elapsed=5.7s
  negatives seen=100.0%; hard negatives=0
Epoch 015 train: loss=0.3431 AUROC=0.9815 AUPRC=0.8472 BalAcc=0.9360 F1=0.7588 MCC=0.7448
Epoch 015 val  : loss=0.2068 AUROC=0.9465 AUPRC=0.4354 BalAcc=0.8798 F1=0.2230 MCC=0.3108
  learning_rate_used=2.858e-04; learning_rate_next=2.837e-04; elapsed=5.6s
  negatives seen=100.0%; hard negatives=0
Epoch 016 train: loss=0.3343 AUROC=0.9827 AUPRC=0.8783 BalAcc=0.9321 F1=0.7710 MCC=0.7552
Epoch 016 val  : loss=0.2401 AUROC=0.9455 AUPRC=0.4275 BalAcc=0.7039 F1=0.4679 MCC=0.4678
  learning_rate_used=2.837e-04; learning_rate_next=2.815e-04; elapsed=5.6s
  negatives seen=100.0%; hard negatives=0
Epoch 017 train: loss=0.3462 AUROC=0.9799 AUPRC=0.8347 BalAcc=0.9342 F1=0.7620 MCC=0.7472
Epoch 017 val  : loss=0.3161 AUROC=0.9322 AUPRC=0.4339 BalAcc=0.6246 F1=0.3735 MCC=0.4266
  learning_rate_used=2.815e-04; learning_rate_next=2.792e-04; elapsed=5.6s
  negatives seen=100.0%; hard negatives=0
Epoch 018 train: loss=0.2855 AUROC=0.9865 AUPRC=0.8850 BalAcc=0.9452 F1=0.7962 MCC=0.7829
Epoch 018 val  : loss=0.1504 AUROC=0.9541 AUPRC=0.4711 BalAcc=0.7863 F1=0.4865 MCC=0.4871
  learning_rate_used=2.792e-04; learning_rate_next=2.767e-04; elapsed=5.6s
  saved new best checkpoint: /data/projects/SFB_A03/jan/AT_TFBS/human301/runs/CREB3L3/68001_ablation_base_seed1/best_model.pt (objective=classification-auprc, score=0.471051)
  negatives seen=100.0%; hard negatives=0
Epoch 019 train: loss=0.2485 AUROC=0.9882 AUPRC=0.8930 BalAcc=0.9486 F1=0.7880 MCC=0.7760
Epoch 019 val  : loss=0.1420 AUROC=0.9591 AUPRC=0.4942 BalAcc=0.8047 F1=0.4477 MCC=0.4593
  learning_rate_used=2.767e-04; learning_rate_next=2.741e-04; elapsed=5.6s
  saved new best checkpoint: /data/projects/SFB_A03/jan/AT_TFBS/human301/runs/CREB3L3/68001_ablation_base_seed1/best_model.pt (objective=classification-auprc, score=0.494235)
  negatives seen=100.0%; hard negatives=0
Epoch 020 train: loss=0.2823 AUROC=0.9876 AUPRC=0.8838 BalAcc=0.9437 F1=0.8019 MCC=0.7879
Epoch 020 val  : loss=0.1492 AUROC=0.9568 AUPRC=0.4814 BalAcc=0.8674 F1=0.3715 MCC=0.4231
  learning_rate_used=2.741e-04; learning_rate_next=2.714e-04; elapsed=5.7s
  negatives seen=100.0%; hard negatives=0
Epoch 021 train: loss=0.2570 AUROC=0.9888 AUPRC=0.8994 BalAcc=0.9446 F1=0.7925 MCC=0.7791
Epoch 021 val  : loss=0.2524 AUROC=0.9411 AUPRC=0.4231 BalAcc=0.7116 F1=0.4629 MCC=0.4596
  learning_rate_used=2.714e-04; learning_rate_next=2.686e-04; elapsed=5.6s
  negatives seen=100.0%; hard negatives=0
Epoch 022 train: loss=0.2257 AUROC=0.9907 AUPRC=0.9197 BalAcc=0.9606 F1=0.8301 MCC=0.8195
Epoch 022 val  : loss=0.1720 AUROC=0.9581 AUPRC=0.5391 BalAcc=0.7721 F1=0.5597 MCC=0.5555
  learning_rate_used=2.686e-04; learning_rate_next=2.657e-04; elapsed=5.6s
  saved new best checkpoint: /data/projects/SFB_A03/jan/AT_TFBS/human301/runs/CREB3L3/68001_ablation_base_seed1/best_model.pt (objective=classification-auprc, score=0.539100)
  negatives seen=100.0%; hard negatives=0
Epoch 023 train: loss=0.2303 AUROC=0.9923 AUPRC=0.9282 BalAcc=0.9548 F1=0.8489 MCC=0.8368
Epoch 023 val  : loss=0.1831 AUROC=0.9566 AUPRC=0.5162 BalAcc=0.8946 F1=0.2467 MCC=0.3359
  learning_rate_used=2.657e-04; learning_rate_next=2.626e-04; elapsed=5.7s
  negatives seen=100.0%; hard negatives=0
Epoch 024 train: loss=0.1659 AUROC=0.9943 AUPRC=0.9300 BalAcc=0.9632 F1=0.8586 MCC=0.8480
Epoch 024 val  : loss=0.1793 AUROC=0.9541 AUPRC=0.4491 BalAcc=0.8636 F1=0.2707 MCC=0.3432
  learning_rate_used=2.626e-04; learning_rate_next=2.595e-04; elapsed=5.7s
  negatives seen=100.0%; hard negatives=0
Epoch 025 train: loss=0.2278 AUROC=0.9908 AUPRC=0.9084 BalAcc=0.9580 F1=0.8283 MCC=0.8171
Epoch 025 val  : loss=0.4919 AUROC=0.9509 AUPRC=0.4519 BalAcc=0.5604 F1=0.2113 MCC=0.3155
  learning_rate_used=2.595e-04; learning_rate_next=2.562e-04; elapsed=5.7s
  negatives seen=100.0%; hard negatives=0
Epoch 026 train: loss=0.2158 AUROC=0.9924 AUPRC=0.9289 BalAcc=0.9506 F1=0.8346 MCC=0.8216
Epoch 026 val  : loss=0.2051 AUROC=0.9504 AUPRC=0.5088 BalAcc=0.7683 F1=0.5678 MCC=0.5644
  learning_rate_used=2.562e-04; learning_rate_next=2.528e-04; elapsed=5.7s
  negatives seen=100.0%; hard negatives=0
Epoch 027 train: loss=0.1622 AUROC=0.9950 AUPRC=0.9445 BalAcc=0.9720 F1=0.8808 MCC=0.8720
Epoch 027 val  : loss=0.1460 AUROC=0.9634 AUPRC=0.5158 BalAcc=0.8433 F1=0.4394 MCC=0.4664
  learning_rate_used=2.528e-04; learning_rate_next=2.494e-04; elapsed=5.7s
  negatives seen=100.0%; hard negatives=0
Epoch 028 train: loss=0.1440 AUROC=0.9949 AUPRC=0.9388 BalAcc=0.9766 F1=0.8883 MCC=0.8804
Epoch 028 val  : loss=0.2014 AUROC=0.9471 AUPRC=0.4757 BalAcc=0.7904 F1=0.4932 MCC=0.4940
  learning_rate_used=2.494e-04; learning_rate_next=2.458e-04; elapsed=5.6s
  negatives seen=100.0%; hard negatives=0
Epoch 029 train: loss=0.1626 AUROC=0.9949 AUPRC=0.9329 BalAcc=0.9726 F1=0.8852 MCC=0.8766
Epoch 029 val  : loss=0.2333 AUROC=0.9588 AUPRC=0.5159 BalAcc=0.7753 F1=0.5208 MCC=0.5167
  learning_rate_used=2.458e-04; learning_rate_next=2.421e-04; elapsed=5.7s
  negatives seen=100.0%; hard negatives=0
Epoch 030 train: loss=0.1500 AUROC=0.9960 AUPRC=0.9571 BalAcc=0.9707 F1=0.8794 MCC=0.8703
Epoch 030 val  : loss=0.3118 AUROC=0.9619 AUPRC=0.5408 BalAcc=0.7048 F1=0.5204 MCC=0.5364
  learning_rate_used=2.421e-04; learning_rate_next=2.384e-04; elapsed=5.7s
  saved new best checkpoint: /data/projects/SFB_A03/jan/AT_TFBS/human301/runs/CREB3L3/68001_ablation_base_seed1/best_model.pt (objective=classification-auprc, score=0.540773)
  negatives seen=100.0%; hard negatives=0
Epoch 031 train: loss=0.1457 AUROC=0.9956 AUPRC=0.9431 BalAcc=0.9734 F1=0.8920 MCC=0.8835
Epoch 031 val  : loss=0.1751 AUROC=0.9575 AUPRC=0.5393 BalAcc=0.8055 F1=0.4753 MCC=0.4826
  learning_rate_used=2.384e-04; learning_rate_next=2.345e-04; elapsed=5.7s
  negatives seen=100.0%; hard negatives=0
Epoch 032 train: loss=0.1498 AUROC=0.9962 AUPRC=0.9647 BalAcc=0.9719 F1=0.8895 MCC=0.8807
Epoch 032 val  : loss=0.1857 AUROC=0.9563 AUPRC=0.4813 BalAcc=0.8664 F1=0.2326 MCC=0.3138
  learning_rate_used=2.345e-04; learning_rate_next=2.306e-04; elapsed=5.7s
  negatives seen=100.0%; hard negatives=0
Epoch 033 train: loss=0.1034 AUROC=0.9973 AUPRC=0.9662 BalAcc=0.9828 F1=0.9199 MCC=0.9135
Epoch 033 val  : loss=0.1841 AUROC=0.9561 AUPRC=0.5176 BalAcc=0.8124 F1=0.4438 MCC=0.4588
  learning_rate_used=2.306e-04; learning_rate_next=2.266e-04; elapsed=5.6s
  negatives seen=100.0%; hard negatives=0
Epoch 034 train: loss=0.1364 AUROC=0.9967 AUPRC=0.9664 BalAcc=0.9727 F1=0.8963 MCC=0.8878
Epoch 034 val  : loss=0.3520 AUROC=0.9591 AUPRC=0.5081 BalAcc=0.6766 F1=0.4681 MCC=0.4905
  learning_rate_used=2.266e-04; learning_rate_next=2.225e-04; elapsed=5.7s
  negatives seen=100.0%; hard negatives=0
Epoch 035 train: loss=0.1370 AUROC=0.9974 AUPRC=0.9747 BalAcc=0.9738 F1=0.9160 MCC=0.9084
Epoch 035 val  : loss=0.1630 AUROC=0.9561 AUPRC=0.5242 BalAcc=0.8419 F1=0.4018 MCC=0.4364
  learning_rate_used=2.225e-04; learning_rate_next=2.184e-04; elapsed=5.7s
  negatives seen=100.0%; hard negatives=0
Epoch 036 train: loss=0.1225 AUROC=0.9968 AUPRC=0.9626 BalAcc=0.9744 F1=0.9103 MCC=0.9025
Epoch 036 val  : loss=0.2681 AUROC=0.9537 AUPRC=0.5059 BalAcc=0.7435 F1=0.4939 MCC=0.4889
  learning_rate_used=2.184e-04; learning_rate_next=2.142e-04; elapsed=5.7s
  negatives seen=100.0%; hard negatives=0
Epoch 037 train: loss=0.1072 AUROC=0.9974 AUPRC=0.9672 BalAcc=0.9818 F1=0.9117 MCC=0.9049
Epoch 037 val  : loss=0.1798 AUROC=0.9516 AUPRC=0.5176 BalAcc=0.8699 F1=0.2968 MCC=0.3661
  learning_rate_used=2.142e-04; learning_rate_next=2.099e-04; elapsed=5.6s
  negatives seen=100.0%; hard negatives=0
Epoch 038 train: loss=0.1212 AUROC=0.9981 AUPRC=0.9811 BalAcc=0.9742 F1=0.9196 MCC=0.9123
Epoch 038 val  : loss=0.1683 AUROC=0.9582 AUPRC=0.5246 BalAcc=0.8163 F1=0.4457 MCC=0.4616
  learning_rate_used=2.099e-04; learning_rate_next=2.055e-04; elapsed=5.7s
  negatives seen=100.0%; hard negatives=0
Epoch 039 train: loss=0.1304 AUROC=0.9973 AUPRC=0.9693 BalAcc=0.9763 F1=0.9164 MCC=0.9091
Epoch 039 val  : loss=0.2854 AUROC=0.9291 AUPRC=0.4524 BalAcc=0.7542 F1=0.4523 MCC=0.4497
  learning_rate_used=2.055e-04; learning_rate_next=2.011e-04; elapsed=5.7s
  negatives seen=100.0%; hard negatives=0
Epoch 040 train: loss=0.1084 AUROC=0.9971 AUPRC=0.9662 BalAcc=0.9826 F1=0.9187 MCC=0.9122
Epoch 040 val  : loss=0.2045 AUROC=0.9588 AUPRC=0.5512 BalAcc=0.7719 F1=0.5462 MCC=0.5416
  learning_rate_used=2.011e-04; learning_rate_next=1.967e-04; elapsed=5.7s
  saved new best checkpoint: /data/projects/SFB_A03/jan/AT_TFBS/human301/runs/CREB3L3/68001_ablation_base_seed1/best_model.pt (objective=classification-auprc, score=0.551236)
  negatives seen=100.0%; hard negatives=0
Epoch 041 train: loss=0.1280 AUROC=0.9971 AUPRC=0.9676 BalAcc=0.9775 F1=0.9167 MCC=0.9095
Epoch 041 val  : loss=0.1966 AUROC=0.9505 AUPRC=0.5327 BalAcc=0.7950 F1=0.5248 MCC=0.5234
  learning_rate_used=1.967e-04; learning_rate_next=1.922e-04; elapsed=5.7s
  negatives seen=100.0%; hard negatives=0
Epoch 042 train: loss=0.0847 AUROC=0.9976 AUPRC=0.9619 BalAcc=0.9839 F1=0.9295 MCC=0.9236
Epoch 042 val  : loss=0.1946 AUROC=0.9610 AUPRC=0.5137 BalAcc=0.7864 F1=0.4898 MCC=0.4901
  learning_rate_used=1.922e-04; learning_rate_next=1.877e-04; elapsed=5.7s
  negatives seen=100.0%; hard negatives=0
Epoch 043 train: loss=0.0826 AUROC=0.9982 AUPRC=0.9776 BalAcc=0.9873 F1=0.9384 MCC=0.9333
Epoch 043 val  : loss=0.2669 AUROC=0.9576 AUPRC=0.5384 BalAcc=0.7600 F1=0.5372 MCC=0.5328
  learning_rate_used=1.877e-04; learning_rate_next=1.831e-04; elapsed=5.6s
  negatives seen=100.0%; hard negatives=0
Epoch 044 train: loss=0.1080 AUROC=0.9980 AUPRC=0.9728 BalAcc=0.9842 F1=0.9429 MCC=0.9377
Epoch 044 val  : loss=0.1972 AUROC=0.9615 AUPRC=0.5368 BalAcc=0.7869 F1=0.5143 MCC=0.5123
  learning_rate_used=1.831e-04; learning_rate_next=1.785e-04; elapsed=5.7s
  negatives seen=100.0%; hard negatives=0
Epoch 045 train: loss=0.1182 AUROC=0.9983 AUPRC=0.9804 BalAcc=0.9800 F1=0.9387 MCC=0.9329
Epoch 045 val  : loss=0.2282 AUROC=0.9616 AUPRC=0.5317 BalAcc=0.9104 F1=0.2085 MCC=0.3098
  learning_rate_used=1.785e-04; learning_rate_next=1.739e-04; elapsed=5.7s
  negatives seen=100.0%; hard negatives=0
Epoch 046 train: loss=0.0915 AUROC=0.9988 AUPRC=0.9892 BalAcc=0.9862 F1=0.9506 MCC=0.9460
Epoch 046 val  : loss=0.2790 AUROC=0.9600 AUPRC=0.5412 BalAcc=0.7085 F1=0.5098 MCC=0.5184
  learning_rate_used=1.739e-04; learning_rate_next=1.692e-04; elapsed=5.7s
  negatives seen=100.0%; hard negatives=0
Epoch 047 train: loss=0.0662 AUROC=0.9989 AUPRC=0.9852 BalAcc=0.9887 F1=0.9509 MCC=0.9465
Epoch 047 val  : loss=0.2092 AUROC=0.9602 AUPRC=0.5549 BalAcc=0.7901 F1=0.4818 MCC=0.4839
  learning_rate_used=1.692e-04; learning_rate_next=1.646e-04; elapsed=5.7s
  saved new best checkpoint: /data/projects/SFB_A03/jan/AT_TFBS/human301/runs/CREB3L3/68001_ablation_base_seed1/best_model.pt (objective=classification-auprc, score=0.554920)
  negatives seen=100.0%; hard negatives=0
Epoch 048 train: loss=0.0439 AUROC=0.9996 AUPRC=0.9960 BalAcc=0.9908 F1=0.9586 MCC=0.9549
Epoch 048 val  : loss=0.2985 AUROC=0.9514 AUPRC=0.5299 BalAcc=0.7366 F1=0.5463 MCC=0.5486
  learning_rate_used=1.646e-04; learning_rate_next=1.599e-04; elapsed=5.7s
  negatives seen=100.0%; hard negatives=0
Epoch 049 train: loss=0.0687 AUROC=0.9987 AUPRC=0.9836 BalAcc=0.9868 F1=0.9444 MCC=0.9395
Epoch 049 val  : loss=0.2190 AUROC=0.9553 AUPRC=0.4915 BalAcc=0.7706 F1=0.4857 MCC=0.4832
  learning_rate_used=1.599e-04; learning_rate_next=1.552e-04; elapsed=5.6s
  negatives seen=100.0%; hard negatives=0
Epoch 050 train: loss=0.1013 AUROC=0.9987 AUPRC=0.9825 BalAcc=0.9829 F1=0.9541 MCC=0.9496
Epoch 050 val  : loss=0.3357 AUROC=0.9539 AUPRC=0.5523 BalAcc=0.7327 F1=0.5472 MCC=0.5516
  learning_rate_used=1.552e-04; learning_rate_next=1.505e-04; elapsed=5.7s
  negatives seen=100.0%; hard negatives=0
Epoch 051 train: loss=0.0564 AUROC=0.9991 AUPRC=0.9833 BalAcc=0.9904 F1=0.9663 MCC=0.9631
Epoch 051 val  : loss=0.1868 AUROC=0.9643 AUPRC=0.5487 BalAcc=0.8104 F1=0.5115 MCC=0.5150
  learning_rate_used=1.505e-04; learning_rate_next=1.458e-04; elapsed=5.7s
  negatives seen=100.0%; hard negatives=0
Epoch 052 train: loss=0.0650 AUROC=0.9993 AUPRC=0.9926 BalAcc=0.9897 F1=0.9598 MCC=0.9561
Epoch 052 val  : loss=0.4191 AUROC=0.9551 AUPRC=0.5572 BalAcc=0.7132 F1=0.5579 MCC=0.5831
  learning_rate_used=1.458e-04; learning_rate_next=1.411e-04; elapsed=5.7s
  saved new best checkpoint: /data/projects/SFB_A03/jan/AT_TFBS/human301/runs/CREB3L3/68001_ablation_base_seed1/best_model.pt (objective=classification-auprc, score=0.557191)
  negatives seen=100.0%; hard negatives=0
Epoch 053 train: loss=0.0792 AUROC=0.9991 AUPRC=0.9809 BalAcc=0.9890 F1=0.9534 MCC=0.9492
Epoch 053 val  : loss=0.3082 AUROC=0.9603 AUPRC=0.5359 BalAcc=0.7367 F1=0.5514 MCC=0.5548
  learning_rate_used=1.411e-04; learning_rate_next=1.364e-04; elapsed=5.7s
  negatives seen=100.0%; hard negatives=0
Epoch 054 train: loss=0.0462 AUROC=0.9992 AUPRC=0.9911 BalAcc=0.9926 F1=0.9639 MCC=0.9606
Epoch 054 val  : loss=0.2410 AUROC=0.9584 AUPRC=0.5300 BalAcc=0.7985 F1=0.5051 MCC=0.5064
  learning_rate_used=1.364e-04; learning_rate_next=1.318e-04; elapsed=5.7s
  negatives seen=100.0%; hard negatives=0
Epoch 055 train: loss=0.0445 AUROC=0.9997 AUPRC=0.9971 BalAcc=0.9942 F1=0.9796 MCC=0.9776
Epoch 055 val  : loss=0.4151 AUROC=0.9650 AUPRC=0.5477 BalAcc=0.7050 F1=0.5368 MCC=0.5608
  learning_rate_used=1.318e-04; learning_rate_next=1.271e-04; elapsed=5.6s
  negatives seen=100.0%; hard negatives=0
Epoch 056 train: loss=0.0658 AUROC=0.9995 AUPRC=0.9940 BalAcc=0.9879 F1=0.9661 MCC=0.9628
Epoch 056 val  : loss=0.1981 AUROC=0.9648 AUPRC=0.5267 BalAcc=0.8944 F1=0.2761 MCC=0.3595
  learning_rate_used=1.271e-04; learning_rate_next=1.225e-04; elapsed=5.7s
  negatives seen=100.0%; hard negatives=0
Epoch 057 train: loss=0.0617 AUROC=0.9991 AUPRC=0.9869 BalAcc=0.9876 F1=0.9635 MCC=0.9599
Epoch 057 val  : loss=0.5937 AUROC=0.9650 AUPRC=0.5153 BalAcc=0.6287 F1=0.3926 MCC=0.4576
  learning_rate_used=1.225e-04; learning_rate_next=1.179e-04; elapsed=5.7s
  negatives seen=100.0%; hard negatives=0
Epoch 058 train: loss=0.0416 AUROC=0.9991 AUPRC=0.9884 BalAcc=0.9942 F1=0.9678 MCC=0.9649
Epoch 058 val  : loss=0.3623 AUROC=0.9640 AUPRC=0.5395 BalAcc=0.7206 F1=0.5288 MCC=0.5352
  learning_rate_used=1.179e-04; learning_rate_next=1.133e-04; elapsed=5.7s
  negatives seen=100.0%; hard negatives=0
Epoch 059 train: loss=0.0254 AUROC=0.9994 AUPRC=0.9924 BalAcc=0.9981 F1=0.9811 MCC=0.9794
Epoch 059 val  : loss=0.4658 AUROC=0.9665 AUPRC=0.5365 BalAcc=0.6969 F1=0.5185 MCC=0.5427
  learning_rate_used=1.133e-04; learning_rate_next=1.088e-04; elapsed=5.7s
  negatives seen=100.0%; hard negatives=0
Epoch 060 train: loss=0.0597 AUROC=0.9994 AUPRC=0.9939 BalAcc=0.9879 F1=0.9661 MCC=0.9628
Epoch 060 val  : loss=0.2391 AUROC=0.9620 AUPRC=0.5299 BalAcc=0.7910 F1=0.5233 MCC=0.5213
  learning_rate_used=1.088e-04; learning_rate_next=1.043e-04; elapsed=5.7s
  negatives seen=100.0%; hard negatives=0
Epoch 061 train: loss=0.0285 AUROC=0.9993 AUPRC=0.9922 BalAcc=0.9971 F1=0.9719 MCC=0.9695
Epoch 061 val  : loss=0.4037 AUROC=0.9515 AUPRC=0.4828 BalAcc=0.7327 F1=0.5524 MCC=0.5581
  learning_rate_used=1.043e-04; learning_rate_next=9.986e-05; elapsed=5.7s
  negatives seen=100.0%; hard negatives=0
Epoch 062 train: loss=0.0467 AUROC=0.9998 AUPRC=0.9978 BalAcc=0.9946 F1=0.9836 MCC=0.9820
Epoch 062 val  : loss=0.3475 AUROC=0.9595 AUPRC=0.5151 BalAcc=0.7485 F1=0.5536 MCC=0.5528
  learning_rate_used=9.986e-05; learning_rate_next=9.547e-05; elapsed=5.7s
  negatives seen=100.0%; hard negatives=0
Epoch 063 train: loss=0.0431 AUROC=0.9997 AUPRC=0.9973 BalAcc=0.9912 F1=0.9741 MCC=0.9716
Epoch 063 val  : loss=0.1679 AUROC=0.9676 AUPRC=0.5589 BalAcc=0.8600 F1=0.4703 MCC=0.4972
  learning_rate_used=9.547e-05; learning_rate_next=9.113e-05; elapsed=5.7s
  saved new best checkpoint: /data/projects/SFB_A03/jan/AT_TFBS/human301/runs/CREB3L3/68001_ablation_base_seed1/best_model.pt (objective=classification-auprc, score=0.558894)
  negatives seen=100.0%; hard negatives=0
Epoch 064 train: loss=0.0205 AUROC=0.9995 AUPRC=0.9928 BalAcc=0.9981 F1=0.9811 MCC=0.9794
Epoch 064 val  : loss=0.3638 AUROC=0.9593 AUPRC=0.5451 BalAcc=0.7371 F1=0.5784 MCC=0.5892
  learning_rate_used=9.113e-05; learning_rate_next=8.685e-05; elapsed=5.7s
  negatives seen=100.0%; hard negatives=0
Epoch 065 train: loss=0.0352 AUROC=0.9998 AUPRC=0.9976 BalAcc=0.9944 F1=0.9809 MCC=0.9791
Epoch 065 val  : loss=0.4845 AUROC=0.9567 AUPRC=0.5209 BalAcc=0.6848 F1=0.4946 MCC=0.5215
  learning_rate_used=8.685e-05; learning_rate_next=8.263e-05; elapsed=5.7s
  negatives seen=100.0%; hard negatives=0
Epoch 066 train: loss=0.0121 AUROC=0.9999 AUPRC=0.9986 BalAcc=0.9988 F1=0.9878 MCC=0.9866
Epoch 066 val  : loss=0.4948 AUROC=0.9627 AUPRC=0.5350 BalAcc=0.6770 F1=0.4944 MCC=0.5350
  learning_rate_used=8.263e-05; learning_rate_next=7.848e-05; elapsed=5.7s
  negatives seen=100.0%; hard negatives=0
Epoch 067 train: loss=0.0337 AUROC=0.9998 AUPRC=0.9975 BalAcc=0.9933 F1=0.9822 MCC=0.9805
Epoch 067 val  : loss=0.2804 AUROC=0.9641 AUPRC=0.5553 BalAcc=0.7680 F1=0.5492 MCC=0.5448
  learning_rate_used=7.848e-05; learning_rate_next=7.440e-05; elapsed=5.7s
  negatives seen=100.0%; hard negatives=0
Epoch 068 train: loss=0.0342 AUROC=0.9996 AUPRC=0.9948 BalAcc=0.9966 F1=0.9784 MCC=0.9764
Epoch 068 val  : loss=0.4370 AUROC=0.9625 AUPRC=0.5423 BalAcc=0.6969 F1=0.5185 MCC=0.5427
  learning_rate_used=7.440e-05; learning_rate_next=7.039e-05; elapsed=5.6s
  negatives seen=100.0%; hard negatives=0
Epoch 069 train: loss=0.0259 AUROC=0.9998 AUPRC=0.9981 BalAcc=0.9956 F1=0.9810 MCC=0.9792
Epoch 069 val  : loss=0.3344 AUROC=0.9606 AUPRC=0.5378 BalAcc=0.7524 F1=0.5526 MCC=0.5507
  learning_rate_used=7.039e-05; learning_rate_next=6.647e-05; elapsed=5.7s
  negatives seen=100.0%; hard negatives=0
Epoch 070 train: loss=0.0346 AUROC=0.9996 AUPRC=0.9958 BalAcc=0.9948 F1=0.9730 MCC=0.9706
Epoch 070 val  : loss=0.2648 AUROC=0.9544 AUPRC=0.5234 BalAcc=0.8024 F1=0.5067 MCC=0.5088
  learning_rate_used=6.647e-05; learning_rate_next=6.263e-05; elapsed=5.7s
  negatives seen=100.0%; hard negatives=0
Epoch 071 train: loss=0.0226 AUROC=0.9995 AUPRC=0.9912 BalAcc=0.9974 F1=0.9864 MCC=0.9851
Epoch 071 val  : loss=0.3026 AUROC=0.9647 AUPRC=0.5429 BalAcc=0.7482 F1=0.5391 MCC=0.5366
  learning_rate_used=6.263e-05; learning_rate_next=5.887e-05; elapsed=5.7s
  negatives seen=100.0%; hard negatives=0
Epoch 072 train: loss=0.0178 AUROC=0.9998 AUPRC=0.9962 BalAcc=0.9952 F1=0.9890 MCC=0.9879
Epoch 072 val  : loss=0.3276 AUROC=0.9613 AUPRC=0.5409 BalAcc=0.7563 F1=0.5517 MCC=0.5489
  learning_rate_used=5.887e-05; learning_rate_next=5.521e-05; elapsed=5.7s
  negatives seen=100.0%; hard negatives=0
Epoch 073 train: loss=0.0122 AUROC=0.9999 AUPRC=0.9989 BalAcc=0.9974 F1=0.9864 MCC=0.9851
Epoch 073 val  : loss=0.3205 AUROC=0.9636 AUPRC=0.5419 BalAcc=0.7524 F1=0.5551 MCC=0.5534
  learning_rate_used=5.521e-05; learning_rate_next=5.163e-05; elapsed=5.7s
  negatives seen=100.0%; hard negatives=0
Epoch 074 train: loss=0.0140 AUROC=1.0000 AUPRC=0.9996 BalAcc=0.9963 F1=0.9877 MCC=0.9865
Epoch 074 val  : loss=0.4530 AUROC=0.9632 AUPRC=0.5372 BalAcc=0.7129 F1=0.5408 MCC=0.5577
  learning_rate_used=5.163e-05; learning_rate_next=4.816e-05; elapsed=5.7s
  negatives seen=100.0%; hard negatives=0
Epoch 075 train: loss=0.0075 AUROC=0.9999 AUPRC=0.9989 BalAcc=0.9993 F1=0.9932 MCC=0.9925
Epoch 075 val  : loss=0.4159 AUROC=0.9646 AUPRC=0.5471 BalAcc=0.7248 F1=0.5463 MCC=0.5553
  learning_rate_used=4.816e-05; learning_rate_next=4.479e-05; elapsed=5.7s
  negatives seen=100.0%; hard negatives=0
Epoch 076 train: loss=0.0246 AUROC=0.9998 AUPRC=0.9977 BalAcc=0.9956 F1=0.9810 MCC=0.9792
Epoch 076 val  : loss=0.4151 AUROC=0.9599 AUPRC=0.5357 BalAcc=0.7406 F1=0.5556 MCC=0.5580
  learning_rate_used=4.479e-05; learning_rate_next=4.152e-05; elapsed=5.7s
  negatives seen=100.0%; hard negatives=0
Epoch 077 train: loss=0.0099 AUROC=0.9999 AUPRC=0.9992 BalAcc=0.9992 F1=0.9918 MCC=0.9910
Epoch 077 val  : loss=0.3664 AUROC=0.9650 AUPRC=0.5514 BalAcc=0.7406 F1=0.5530 MCC=0.5550
  learning_rate_used=4.152e-05; learning_rate_next=3.836e-05; elapsed=5.7s
  negatives seen=100.0%; hard negatives=0
Epoch 078 train: loss=0.0117 AUROC=0.9999 AUPRC=0.9993 BalAcc=0.9974 F1=0.9864 MCC=0.9851
Epoch 078 val  : loss=0.3917 AUROC=0.9652 AUPRC=0.5517 BalAcc=0.7288 F1=0.5507 MCC=0.5584
  learning_rate_used=3.836e-05; learning_rate_next=3.531e-05; elapsed=5.7s
  negatives seen=100.0%; hard negatives=0
Epoch 079 train: loss=0.0279 AUROC=0.9997 AUPRC=0.9959 BalAcc=0.9977 F1=0.9891 MCC=0.9880
Epoch 079 val  : loss=0.4696 AUROC=0.9660 AUPRC=0.5486 BalAcc=0.6971 F1=0.5269 MCC=0.5560
  learning_rate_used=3.531e-05; learning_rate_next=3.237e-05; elapsed=5.7s
  negatives seen=100.0%; hard negatives=0
Epoch 080 train: loss=0.0148 AUROC=0.9999 AUPRC=0.9994 BalAcc=0.9974 F1=0.9864 MCC=0.9851
Epoch 080 val  : loss=0.4759 AUROC=0.9648 AUPRC=0.5538 BalAcc=0.7010 F1=0.5263 MCC=0.5496
  learning_rate_used=3.237e-05; learning_rate_next=2.955e-05; elapsed=5.7s
  negatives seen=100.0%; hard negatives=0
Epoch 081 train: loss=0.0146 AUROC=0.9999 AUPRC=0.9995 BalAcc=0.9978 F1=0.9904 MCC=0.9895
Epoch 081 val  : loss=0.5346 AUROC=0.9625 AUPRC=0.5575 BalAcc=0.6689 F1=0.4746 MCC=0.5153
  learning_rate_used=2.955e-05; learning_rate_next=2.685e-05; elapsed=5.6s
  negatives seen=100.0%; hard negatives=0
Epoch 082 train: loss=0.0115 AUROC=1.0000 AUPRC=0.9996 BalAcc=0.9979 F1=0.9918 MCC=0.9910
Epoch 082 val  : loss=0.4346 AUROC=0.9644 AUPRC=0.5581 BalAcc=0.7250 F1=0.5628 MCC=0.5776
  learning_rate_used=2.685e-05; learning_rate_next=2.427e-05; elapsed=5.7s
  negatives seen=100.0%; hard negatives=0
Epoch 083 train: loss=0.0043 AUROC=1.0000 AUPRC=0.9999 BalAcc=0.9997 F1=0.9973 MCC=0.9970
Epoch 083 val  : loss=0.3650 AUROC=0.9637 AUPRC=0.5545 BalAcc=0.7367 F1=0.5540 MCC=0.5580
  learning_rate_used=2.427e-05; learning_rate_next=2.182e-05; elapsed=5.7s
Early stopping after 83 epochs.
Binary threshold: 0.864781 (strategy=val-mcc, validation_score=0.548885)
TEST chr10,chr12,chr14,chr16,chr18,chr2,chr20,chr22,chr4,chr6,chr8: loss=0.1381 AUROC=0.9788 AUPRC=0.5325 BalAcc=0.7551 F1=0.5151 MCC=0.5102
Outputs written to /data/projects/SFB_A03/jan/AT_TFBS/human301/runs/CREB3L3/68001_ablation_base_seed1
Binary predictions: binary_classification_results.tsv
Binary metrics: binary_classification_metrics.json
ROC plot: roc_curve.png
Precision-recall plot: precision_recall_curve.png
Confusion matrix: binary_confusion_matrix.tsv
