Window geometry: 256 bp from 301 bp; crop starts 0..45; shifts -22..+23; fresh uniform draw per access
Evaluation: crops (0, 22, 23, 45), reverse complement=True; all samples
train: n=36,663, positive=363, negative=36,300
  val: n=12,524, positive=124, negative=12,400
 test: n=40,198, positive=398, negative=39,800
Device: cuda
Hidden activation: RELU
Parameters: 1,604,741 total; 1,604,741 trainable
Architecture: motif kernels 9/12/15/21; encoder 128/64/64; original five-block bottleneck at 64; decoder 64/128/256
  negatives seen=10.0%; hard negatives=0
Epoch 001 train: loss=1.5003 AUROC=0.5545 AUPRC=0.1035 BalAcc=0.5311 F1=0.1703 MCC=0.0360
Epoch 001 val  : loss=0.5188 AUROC=0.6445 AUPRC=0.0270 BalAcc=0.5367 F1=0.0335 MCC=0.0267
  learning_rate_used=3.000e-04; learning_rate_next=2.999e-04; elapsed=6.9s
  saved new best checkpoint: /data/projects/SFB_A03/jan/AT_TFBS/human301/runs/CREB3L3/68001_ablation_multi32_seed1/best_model.pt (objective=classification-auprc, score=0.027014)
  negatives seen=20.0%; hard negatives=0
Epoch 002 train: loss=1.2467 AUROC=0.6784 AUPRC=0.1986 BalAcc=0.6255 F1=0.2347 MCC=0.1486
Epoch 002 val  : loss=0.2784 AUROC=0.8390 AUPRC=0.0860 BalAcc=0.5040 F1=0.0159 MCC=0.0626
  learning_rate_used=2.999e-04; learning_rate_next=2.997e-04; elapsed=5.6s
  saved new best checkpoint: /data/projects/SFB_A03/jan/AT_TFBS/human301/runs/CREB3L3/68001_ablation_multi32_seed1/best_model.pt (objective=classification-auprc, score=0.085983)
  negatives seen=30.0%; hard negatives=0
Epoch 003 train: loss=1.0295 AUROC=0.7978 AUPRC=0.3517 BalAcc=0.7264 F1=0.3392 MCC=0.2901
Epoch 003 val  : loss=2.5223 AUROC=0.9029 AUPRC=0.1231 BalAcc=0.5190 F1=0.0204 MCC=0.0198
  learning_rate_used=2.997e-04; learning_rate_next=2.993e-04; elapsed=5.7s
  saved new best checkpoint: /data/projects/SFB_A03/jan/AT_TFBS/human301/runs/CREB3L3/68001_ablation_multi32_seed1/best_model.pt (objective=classification-auprc, score=0.123061)
  negatives seen=40.0%; hard negatives=0
Epoch 004 train: loss=0.8898 AUROC=0.8598 AUPRC=0.4263 BalAcc=0.7865 F1=0.4109 MCC=0.3802
Epoch 004 val  : loss=0.6418 AUROC=0.9071 AUPRC=0.1683 BalAcc=0.8083 F1=0.0571 MCC=0.1322
  learning_rate_used=2.993e-04; learning_rate_next=2.988e-04; elapsed=5.6s
  saved new best checkpoint: /data/projects/SFB_A03/jan/AT_TFBS/human301/runs/CREB3L3/68001_ablation_multi32_seed1/best_model.pt (objective=classification-auprc, score=0.168280)
  negatives seen=50.0%; hard negatives=0
Epoch 005 train: loss=0.7937 AUROC=0.8925 AUPRC=0.5134 BalAcc=0.8222 F1=0.4578 MCC=0.4368
Epoch 005 val  : loss=0.2190 AUROC=0.9051 AUPRC=0.1949 BalAcc=0.7591 F1=0.2399 MCC=0.2777
  learning_rate_used=2.988e-04; learning_rate_next=2.982e-04; elapsed=5.6s
  saved new best checkpoint: /data/projects/SFB_A03/jan/AT_TFBS/human301/runs/CREB3L3/68001_ablation_multi32_seed1/best_model.pt (objective=classification-auprc, score=0.194947)
  negatives seen=60.0%; hard negatives=0
Epoch 006 train: loss=0.7880 AUROC=0.9038 AUPRC=0.5574 BalAcc=0.8303 F1=0.5052 MCC=0.4788
Epoch 006 val  : loss=0.5340 AUROC=0.9092 AUPRC=0.2603 BalAcc=0.8162 F1=0.0677 MCC=0.1456
  learning_rate_used=2.982e-04; learning_rate_next=2.974e-04; elapsed=5.6s
  saved new best checkpoint: /data/projects/SFB_A03/jan/AT_TFBS/human301/runs/CREB3L3/68001_ablation_multi32_seed1/best_model.pt (objective=classification-auprc, score=0.260341)
  negatives seen=70.0%; hard negatives=0
Epoch 007 train: loss=0.6525 AUROC=0.9273 AUPRC=0.6035 BalAcc=0.8634 F1=0.5393 MCC=0.5234
Epoch 007 val  : loss=0.5369 AUROC=0.9291 AUPRC=0.1966 BalAcc=0.8379 F1=0.0685 MCC=0.1528
  learning_rate_used=2.974e-04; learning_rate_next=2.964e-04; elapsed=5.7s
  negatives seen=80.0%; hard negatives=0
Epoch 008 train: loss=0.5431 AUROC=0.9485 AUPRC=0.7137 BalAcc=0.8851 F1=0.6015 MCC=0.5853
Epoch 008 val  : loss=0.4040 AUROC=0.9394 AUPRC=0.3641 BalAcc=0.8636 F1=0.0958 MCC=0.1894
  learning_rate_used=2.964e-04; learning_rate_next=2.953e-04; elapsed=5.7s
  saved new best checkpoint: /data/projects/SFB_A03/jan/AT_TFBS/human301/runs/CREB3L3/68001_ablation_multi32_seed1/best_model.pt (objective=classification-auprc, score=0.364133)
  negatives seen=90.0%; hard negatives=0
Epoch 009 train: loss=0.5312 AUROC=0.9534 AUPRC=0.7306 BalAcc=0.8832 F1=0.6068 MCC=0.5889
Epoch 009 val  : loss=0.1696 AUROC=0.9429 AUPRC=0.3413 BalAcc=0.8124 F1=0.2908 MCC=0.3386
  learning_rate_used=2.953e-04; learning_rate_next=2.941e-04; elapsed=5.8s
  negatives seen=100.0%; hard negatives=0
Epoch 010 train: loss=0.4500 AUROC=0.9661 AUPRC=0.7960 BalAcc=0.9088 F1=0.6873 MCC=0.6700
Epoch 010 val  : loss=0.3160 AUROC=0.9389 AUPRC=0.4099 BalAcc=0.8778 F1=0.1371 MCC=0.2347
  learning_rate_used=2.941e-04; learning_rate_next=2.927e-04; elapsed=5.7s
  saved new best checkpoint: /data/projects/SFB_A03/jan/AT_TFBS/human301/runs/CREB3L3/68001_ablation_multi32_seed1/best_model.pt (objective=classification-auprc, score=0.409870)
  negatives seen=100.0%; hard negatives=0
Epoch 011 train: loss=0.4234 AUROC=0.9691 AUPRC=0.8154 BalAcc=0.9124 F1=0.6770 MCC=0.6622
Epoch 011 val  : loss=0.1879 AUROC=0.9487 AUPRC=0.4591 BalAcc=0.8702 F1=0.2333 MCC=0.3158
  learning_rate_used=2.927e-04; learning_rate_next=2.912e-04; elapsed=5.7s
  saved new best checkpoint: /data/projects/SFB_A03/jan/AT_TFBS/human301/runs/CREB3L3/68001_ablation_multi32_seed1/best_model.pt (objective=classification-auprc, score=0.459090)
  negatives seen=100.0%; hard negatives=0
Epoch 012 train: loss=0.3567 AUROC=0.9787 AUPRC=0.8485 BalAcc=0.9248 F1=0.7132 MCC=0.6992
Epoch 012 val  : loss=0.2070 AUROC=0.9542 AUPRC=0.4938 BalAcc=0.6724 F1=0.4503 MCC=0.4681
  learning_rate_used=2.912e-04; learning_rate_next=2.895e-04; elapsed=5.6s
  saved new best checkpoint: /data/projects/SFB_A03/jan/AT_TFBS/human301/runs/CREB3L3/68001_ablation_multi32_seed1/best_model.pt (objective=classification-auprc, score=0.493783)
  negatives seen=100.0%; hard negatives=0
Epoch 013 train: loss=0.4001 AUROC=0.9746 AUPRC=0.8193 BalAcc=0.9258 F1=0.7251 MCC=0.7103
Epoch 013 val  : loss=0.2822 AUROC=0.9529 AUPRC=0.4943 BalAcc=0.8886 F1=0.1458 MCC=0.2465
  learning_rate_used=2.895e-04; learning_rate_next=2.877e-04; elapsed=5.6s
  saved new best checkpoint: /data/projects/SFB_A03/jan/AT_TFBS/human301/runs/CREB3L3/68001_ablation_multi32_seed1/best_model.pt (objective=classification-auprc, score=0.494339)
  negatives seen=100.0%; hard negatives=0
Epoch 014 train: loss=0.3130 AUROC=0.9825 AUPRC=0.8863 BalAcc=0.9390 F1=0.7633 MCC=0.7499
Epoch 014 val  : loss=0.3464 AUROC=0.9553 AUPRC=0.4418 BalAcc=0.8950 F1=0.1299 MCC=0.2333
  learning_rate_used=2.877e-04; learning_rate_next=2.858e-04; elapsed=5.6s
  negatives seen=100.0%; hard negatives=0
Epoch 015 train: loss=0.3054 AUROC=0.9841 AUPRC=0.8779 BalAcc=0.9408 F1=0.7673 MCC=0.7542
Epoch 015 val  : loss=0.2192 AUROC=0.9531 AUPRC=0.4730 BalAcc=0.8902 F1=0.1998 MCC=0.2952
  learning_rate_used=2.858e-04; learning_rate_next=2.837e-04; elapsed=5.6s
  negatives seen=100.0%; hard negatives=0
Epoch 016 train: loss=0.2864 AUROC=0.9877 AUPRC=0.8958 BalAcc=0.9457 F1=0.8165 MCC=0.8027
Epoch 016 val  : loss=0.2563 AUROC=0.9482 AUPRC=0.4477 BalAcc=0.8851 F1=0.1783 MCC=0.2747
  learning_rate_used=2.837e-04; learning_rate_next=2.815e-04; elapsed=5.6s
  negatives seen=100.0%; hard negatives=0
Epoch 017 train: loss=0.2859 AUROC=0.9859 AUPRC=0.8712 BalAcc=0.9421 F1=0.7837 MCC=0.7701
Epoch 017 val  : loss=0.1928 AUROC=0.9422 AUPRC=0.5168 BalAcc=0.7325 F1=0.5395 MCC=0.5422
  learning_rate_used=2.815e-04; learning_rate_next=2.792e-04; elapsed=5.7s
  saved new best checkpoint: /data/projects/SFB_A03/jan/AT_TFBS/human301/runs/CREB3L3/68001_ablation_multi32_seed1/best_model.pt (objective=classification-auprc, score=0.516793)
  negatives seen=100.0%; hard negatives=0
Epoch 018 train: loss=0.2887 AUROC=0.9842 AUPRC=0.8882 BalAcc=0.9519 F1=0.8023 MCC=0.7905
Epoch 018 val  : loss=0.1749 AUROC=0.9450 AUPRC=0.5113 BalAcc=0.7837 F1=0.5462 MCC=0.5420
  learning_rate_used=2.792e-04; learning_rate_next=2.767e-04; elapsed=5.6s
  negatives seen=100.0%; hard negatives=0
Epoch 019 train: loss=0.2297 AUROC=0.9909 AUPRC=0.9167 BalAcc=0.9621 F1=0.8412 MCC=0.8307
Epoch 019 val  : loss=0.3176 AUROC=0.9519 AUPRC=0.4815 BalAcc=0.6967 F1=0.5000 MCC=0.5151
  learning_rate_used=2.767e-04; learning_rate_next=2.741e-04; elapsed=5.6s
  negatives seen=100.0%; hard negatives=0
Epoch 020 train: loss=0.2429 AUROC=0.9906 AUPRC=0.9079 BalAcc=0.9475 F1=0.8210 MCC=0.8075
Epoch 020 val  : loss=0.1664 AUROC=0.9556 AUPRC=0.5076 BalAcc=0.8162 F1=0.4420 MCC=0.4586
  learning_rate_used=2.741e-04; learning_rate_next=2.714e-04; elapsed=5.6s
  negatives seen=100.0%; hard negatives=0
Epoch 021 train: loss=0.2150 AUROC=0.9918 AUPRC=0.9161 BalAcc=0.9572 F1=0.8224 MCC=0.8112
Epoch 021 val  : loss=0.1730 AUROC=0.9589 AUPRC=0.5403 BalAcc=0.7478 F1=0.5145 MCC=0.5100
  learning_rate_used=2.714e-04; learning_rate_next=2.686e-04; elapsed=5.6s
  saved new best checkpoint: /data/projects/SFB_A03/jan/AT_TFBS/human301/runs/CREB3L3/68001_ablation_multi32_seed1/best_model.pt (objective=classification-auprc, score=0.540252)
  negatives seen=100.0%; hard negatives=0
Epoch 022 train: loss=0.1734 AUROC=0.9945 AUPRC=0.9448 BalAcc=0.9618 F1=0.8665 MCC=0.8558
Epoch 022 val  : loss=0.1731 AUROC=0.9581 AUPRC=0.5368 BalAcc=0.7988 F1=0.5190 MCC=0.5189
  learning_rate_used=2.686e-04; learning_rate_next=2.657e-04; elapsed=5.7s
  negatives seen=100.0%; hard negatives=0
Epoch 023 train: loss=0.2036 AUROC=0.9940 AUPRC=0.9441 BalAcc=0.9618 F1=0.8665 MCC=0.8558
Epoch 023 val  : loss=0.1746 AUROC=0.9491 AUPRC=0.4787 BalAcc=0.7915 F1=0.4022 MCC=0.4177
  learning_rate_used=2.657e-04; learning_rate_next=2.626e-04; elapsed=5.6s
  negatives seen=100.0%; hard negatives=0
Epoch 024 train: loss=0.1469 AUROC=0.9959 AUPRC=0.9563 BalAcc=0.9709 F1=0.8914 MCC=0.8826
Epoch 024 val  : loss=0.4682 AUROC=0.9514 AUPRC=0.4481 BalAcc=0.6085 F1=0.3396 MCC=0.4072
  learning_rate_used=2.626e-04; learning_rate_next=2.595e-04; elapsed=5.6s
  negatives seen=100.0%; hard negatives=0
Epoch 025 train: loss=0.1898 AUROC=0.9934 AUPRC=0.9631 BalAcc=0.9656 F1=0.8771 MCC=0.8671
Epoch 025 val  : loss=0.1924 AUROC=0.9443 AUPRC=0.5253 BalAcc=0.8715 F1=0.2423 MCC=0.3235
  learning_rate_used=2.595e-04; learning_rate_next=2.562e-04; elapsed=5.6s
  negatives seen=100.0%; hard negatives=0
Epoch 026 train: loss=0.1775 AUROC=0.9942 AUPRC=0.9477 BalAcc=0.9686 F1=0.8725 MCC=0.8630
Epoch 026 val  : loss=0.4673 AUROC=0.9325 AUPRC=0.4576 BalAcc=0.5964 F1=0.3057 MCC=0.3724
  learning_rate_used=2.562e-04; learning_rate_next=2.528e-04; elapsed=5.6s
  negatives seen=100.0%; hard negatives=0
Epoch 027 train: loss=0.1601 AUROC=0.9967 AUPRC=0.9681 BalAcc=0.9660 F1=0.9005 MCC=0.8914
Epoch 027 val  : loss=0.2105 AUROC=0.9573 AUPRC=0.4457 BalAcc=0.7670 F1=0.4981 MCC=0.4943
  learning_rate_used=2.528e-04; learning_rate_next=2.494e-04; elapsed=5.6s
  negatives seen=100.0%; hard negatives=0
Epoch 028 train: loss=0.1418 AUROC=0.9959 AUPRC=0.9548 BalAcc=0.9715 F1=0.8861 MCC=0.8772
Epoch 028 val  : loss=0.1852 AUROC=0.9541 AUPRC=0.4555 BalAcc=0.7827 F1=0.4982 MCC=0.4969
  learning_rate_used=2.494e-04; learning_rate_next=2.458e-04; elapsed=5.6s
  negatives seen=100.0%; hard negatives=0
Epoch 029 train: loss=0.1209 AUROC=0.9966 AUPRC=0.9620 BalAcc=0.9815 F1=0.9197 MCC=0.9131
Epoch 029 val  : loss=0.1881 AUROC=0.9571 AUPRC=0.4860 BalAcc=0.8789 F1=0.2727 MCC=0.3508
  learning_rate_used=2.458e-04; learning_rate_next=2.421e-04; elapsed=5.6s
  negatives seen=100.0%; hard negatives=0
Epoch 030 train: loss=0.1601 AUROC=0.9962 AUPRC=0.9576 BalAcc=0.9694 F1=0.8889 MCC=0.8797
Epoch 030 val  : loss=0.1709 AUROC=0.9579 AUPRC=0.5274 BalAcc=0.8319 F1=0.4444 MCC=0.4662
  learning_rate_used=2.421e-04; learning_rate_next=2.384e-04; elapsed=5.6s
  negatives seen=100.0%; hard negatives=0
Epoch 031 train: loss=0.1349 AUROC=0.9974 AUPRC=0.9692 BalAcc=0.9742 F1=0.9091 MCC=0.9012
Epoch 031 val  : loss=0.2256 AUROC=0.9613 AUPRC=0.5170 BalAcc=0.7288 F1=0.5507 MCC=0.5584
  learning_rate_used=2.384e-04; learning_rate_next=2.345e-04; elapsed=5.6s
  negatives seen=100.0%; hard negatives=0
Epoch 032 train: loss=0.1163 AUROC=0.9976 AUPRC=0.9736 BalAcc=0.9764 F1=0.9176 MCC=0.9104
Epoch 032 val  : loss=0.2344 AUROC=0.9658 AUPRC=0.5336 BalAcc=0.7206 F1=0.5263 MCC=0.5320
  learning_rate_used=2.345e-04; learning_rate_next=2.306e-04; elapsed=5.7s
  negatives seen=100.0%; hard negatives=0
Epoch 033 train: loss=0.1072 AUROC=0.9981 AUPRC=0.9748 BalAcc=0.9795 F1=0.9337 MCC=0.9276
Epoch 033 val  : loss=0.1694 AUROC=0.9597 AUPRC=0.5151 BalAcc=0.8599 F1=0.3142 MCC=0.3757
  learning_rate_used=2.306e-04; learning_rate_next=2.266e-04; elapsed=5.6s
  negatives seen=100.0%; hard negatives=0
Epoch 034 train: loss=0.1300 AUROC=0.9971 AUPRC=0.9678 BalAcc=0.9811 F1=0.9161 MCC=0.9094
Epoch 034 val  : loss=0.2287 AUROC=0.9607 AUPRC=0.5269 BalAcc=0.7365 F1=0.5413 MCC=0.5426
  learning_rate_used=2.266e-04; learning_rate_next=2.225e-04; elapsed=5.6s
  negatives seen=100.0%; hard negatives=0
Epoch 035 train: loss=0.1042 AUROC=0.9981 AUPRC=0.9720 BalAcc=0.9821 F1=0.9353 MCC=0.9295
Epoch 035 val  : loss=0.1905 AUROC=0.9571 AUPRC=0.5421 BalAcc=0.8132 F1=0.4716 MCC=0.4819
  learning_rate_used=2.225e-04; learning_rate_next=2.184e-04; elapsed=5.7s
  saved new best checkpoint: /data/projects/SFB_A03/jan/AT_TFBS/human301/runs/CREB3L3/68001_ablation_multi32_seed1/best_model.pt (objective=classification-auprc, score=0.542128)
  negatives seen=100.0%; hard negatives=0
Epoch 036 train: loss=0.1192 AUROC=0.9975 AUPRC=0.9682 BalAcc=0.9764 F1=0.9072 MCC=0.8996
Epoch 036 val  : loss=0.2183 AUROC=0.9501 AUPRC=0.5074 BalAcc=0.7786 F1=0.4930 MCC=0.4913
  learning_rate_used=2.184e-04; learning_rate_next=2.142e-04; elapsed=5.6s
  negatives seen=100.0%; hard negatives=0
Epoch 037 train: loss=0.0722 AUROC=0.9988 AUPRC=0.9867 BalAcc=0.9850 F1=0.9393 MCC=0.9340
Epoch 037 val  : loss=0.2338 AUROC=0.9579 AUPRC=0.4885 BalAcc=0.7589 F1=0.4851 MCC=0.4809
  learning_rate_used=2.142e-04; learning_rate_next=2.099e-04; elapsed=5.7s
  negatives seen=100.0%; hard negatives=0
Epoch 038 train: loss=0.0833 AUROC=0.9989 AUPRC=0.9884 BalAcc=0.9803 F1=0.9412 MCC=0.9356
Epoch 038 val  : loss=0.1961 AUROC=0.9629 AUPRC=0.5096 BalAcc=0.8819 F1=0.3032 MCC=0.3759
  learning_rate_used=2.099e-04; learning_rate_next=2.055e-04; elapsed=5.6s
  negatives seen=100.0%; hard negatives=0
Epoch 039 train: loss=0.1160 AUROC=0.9973 AUPRC=0.9672 BalAcc=0.9817 F1=0.9209 MCC=0.9144
Epoch 039 val  : loss=0.2304 AUROC=0.9433 AUPRC=0.4954 BalAcc=0.7747 F1=0.4911 MCC=0.4889
  learning_rate_used=2.055e-04; learning_rate_next=2.011e-04; elapsed=5.6s
  negatives seen=100.0%; hard negatives=0
Epoch 040 train: loss=0.1379 AUROC=0.9979 AUPRC=0.9734 BalAcc=0.9780 F1=0.9421 MCC=0.9365
Epoch 040 val  : loss=0.1949 AUROC=0.9628 AUPRC=0.5161 BalAcc=0.7956 F1=0.5543 MCC=0.5510
  learning_rate_used=2.011e-04; learning_rate_next=1.967e-04; elapsed=5.6s
  negatives seen=100.0%; hard negatives=0
Epoch 041 train: loss=0.0586 AUROC=0.9990 AUPRC=0.9887 BalAcc=0.9879 F1=0.9433 MCC=0.9385
Epoch 041 val  : loss=0.3716 AUROC=0.9494 AUPRC=0.5025 BalAcc=0.7046 F1=0.5075 MCC=0.5183
  learning_rate_used=1.967e-04; learning_rate_next=1.922e-04; elapsed=5.6s
  negatives seen=100.0%; hard negatives=0
Epoch 042 train: loss=0.0646 AUROC=0.9988 AUPRC=0.9800 BalAcc=0.9879 F1=0.9545 MCC=0.9504
Epoch 042 val  : loss=0.2270 AUROC=0.9636 AUPRC=0.5016 BalAcc=0.7913 F1=0.5328 MCC=0.5302
  learning_rate_used=1.922e-04; learning_rate_next=1.877e-04; elapsed=5.6s
  negatives seen=100.0%; hard negatives=0
Epoch 043 train: loss=0.0402 AUROC=0.9995 AUPRC=0.9947 BalAcc=0.9910 F1=0.9612 MCC=0.9576
Epoch 043 val  : loss=0.2057 AUROC=0.9625 AUPRC=0.5258 BalAcc=0.8621 F1=0.4220 MCC=0.4601
  learning_rate_used=1.877e-04; learning_rate_next=1.831e-04; elapsed=5.6s
  negatives seen=100.0%; hard negatives=0
Epoch 044 train: loss=0.1086 AUROC=0.9991 AUPRC=0.9913 BalAcc=0.9822 F1=0.9477 MCC=0.9426
Epoch 044 val  : loss=0.6264 AUROC=0.9395 AUPRC=0.5005 BalAcc=0.5845 F1=0.2819 MCC=0.3750
  learning_rate_used=1.831e-04; learning_rate_next=1.785e-04; elapsed=5.7s
  negatives seen=100.0%; hard negatives=0
Epoch 045 train: loss=0.0689 AUROC=0.9990 AUPRC=0.9878 BalAcc=0.9909 F1=0.9599 MCC=0.9563
Epoch 045 val  : loss=0.1631 AUROC=0.9655 AUPRC=0.4923 BalAcc=0.8677 F1=0.3768 MCC=0.4272
  learning_rate_used=1.785e-04; learning_rate_next=1.739e-04; elapsed=5.7s
  negatives seen=100.0%; hard negatives=0
Epoch 046 train: loss=0.0656 AUROC=0.9993 AUPRC=0.9915 BalAcc=0.9875 F1=0.9622 MCC=0.9585
Epoch 046 val  : loss=0.2602 AUROC=0.9524 AUPRC=0.5169 BalAcc=0.7781 F1=0.4714 MCC=0.4718
  learning_rate_used=1.739e-04; learning_rate_next=1.692e-04; elapsed=5.6s
  negatives seen=100.0%; hard negatives=0
Epoch 047 train: loss=0.0432 AUROC=0.9992 AUPRC=0.9905 BalAcc=0.9917 F1=0.9677 MCC=0.9646
Epoch 047 val  : loss=0.2380 AUROC=0.9591 AUPRC=0.4993 BalAcc=0.8058 F1=0.4873 MCC=0.4929
  learning_rate_used=1.692e-04; learning_rate_next=1.646e-04; elapsed=5.6s
  negatives seen=100.0%; hard negatives=0
Epoch 048 train: loss=0.0204 AUROC=0.9998 AUPRC=0.9979 BalAcc=0.9978 F1=0.9784 MCC=0.9765
Epoch 048 val  : loss=0.5817 AUROC=0.9382 AUPRC=0.4631 BalAcc=0.6325 F1=0.3882 MCC=0.4339
  learning_rate_used=1.646e-04; learning_rate_next=1.599e-04; elapsed=5.7s
  negatives seen=100.0%; hard negatives=0
Epoch 049 train: loss=0.0557 AUROC=0.9993 AUPRC=0.9929 BalAcc=0.9882 F1=0.9571 MCC=0.9531
Epoch 049 val  : loss=0.4605 AUROC=0.9612 AUPRC=0.5116 BalAcc=0.6609 F1=0.4598 MCC=0.5052
  learning_rate_used=1.599e-04; learning_rate_next=1.552e-04; elapsed=5.9s
  negatives seen=100.0%; hard negatives=0
Epoch 050 train: loss=0.0416 AUROC=0.9997 AUPRC=0.9963 BalAcc=0.9882 F1=0.9687 MCC=0.9656
Epoch 050 val  : loss=0.2593 AUROC=0.9588 AUPRC=0.5157 BalAcc=0.7837 F1=0.5462 MCC=0.5420
  learning_rate_used=1.552e-04; learning_rate_next=1.505e-04; elapsed=5.6s
  negatives seen=100.0%; hard negatives=0
Epoch 051 train: loss=0.0988 AUROC=0.9992 AUPRC=0.9910 BalAcc=0.9880 F1=0.9674 MCC=0.9642
Epoch 051 val  : loss=0.2811 AUROC=0.9546 AUPRC=0.5496 BalAcc=0.8001 F1=0.5837 MCC=0.5797
  learning_rate_used=1.505e-04; learning_rate_next=1.458e-04; elapsed=5.8s
  saved new best checkpoint: /data/projects/SFB_A03/jan/AT_TFBS/human301/runs/CREB3L3/68001_ablation_multi32_seed1/best_model.pt (objective=classification-auprc, score=0.549560)
  negatives seen=100.0%; hard negatives=0
Epoch 052 train: loss=0.0488 AUROC=0.9997 AUPRC=0.9973 BalAcc=0.9937 F1=0.9743 MCC=0.9719
Epoch 052 val  : loss=0.2386 AUROC=0.9530 AUPRC=0.5442 BalAcc=0.8101 F1=0.5016 MCC=0.5064
  learning_rate_used=1.458e-04; learning_rate_next=1.411e-04; elapsed=5.7s
  negatives seen=100.0%; hard negatives=0
Epoch 053 train: loss=0.0409 AUROC=0.9998 AUPRC=0.9978 BalAcc=0.9937 F1=0.9743 MCC=0.9719
Epoch 053 val  : loss=0.2352 AUROC=0.9595 AUPRC=0.5271 BalAcc=0.8147 F1=0.5302 MCC=0.5324
  learning_rate_used=1.411e-04; learning_rate_next=1.364e-04; elapsed=5.7s
  negatives seen=100.0%; hard negatives=0
Epoch 054 train: loss=0.0352 AUROC=0.9996 AUPRC=0.9924 BalAcc=0.9952 F1=0.9770 MCC=0.9748
Epoch 054 val  : loss=0.3986 AUROC=0.9531 AUPRC=0.4961 BalAcc=0.7207 F1=0.5340 MCC=0.5418
  learning_rate_used=1.364e-04; learning_rate_next=1.318e-04; elapsed=5.7s
  negatives seen=100.0%; hard negatives=0
Epoch 055 train: loss=0.0256 AUROC=0.9996 AUPRC=0.9940 BalAcc=0.9970 F1=0.9824 MCC=0.9807
Epoch 055 val  : loss=0.3460 AUROC=0.9509 AUPRC=0.5166 BalAcc=0.7327 F1=0.5498 MCC=0.5548
  learning_rate_used=1.318e-04; learning_rate_next=1.271e-04; elapsed=5.6s
  negatives seen=100.0%; hard negatives=0
Epoch 056 train: loss=0.0221 AUROC=0.9997 AUPRC=0.9968 BalAcc=0.9956 F1=0.9810 MCC=0.9792
Epoch 056 val  : loss=0.4561 AUROC=0.9482 AUPRC=0.5098 BalAcc=0.6929 F1=0.5106 MCC=0.5357
  learning_rate_used=1.271e-04; learning_rate_next=1.225e-04; elapsed=5.6s
  negatives seen=100.0%; hard negatives=0
Epoch 057 train: loss=0.0407 AUROC=0.9998 AUPRC=0.9979 BalAcc=0.9910 F1=0.9728 MCC=0.9702
Epoch 057 val  : loss=0.4963 AUROC=0.9587 AUPRC=0.5210 BalAcc=0.6570 F1=0.4588 MCC=0.5138
  learning_rate_used=1.225e-04; learning_rate_next=1.179e-04; elapsed=5.7s
  negatives seen=100.0%; hard negatives=0
Epoch 058 train: loss=0.0260 AUROC=0.9995 AUPRC=0.9945 BalAcc=0.9956 F1=0.9810 MCC=0.9792
Epoch 058 val  : loss=0.2436 AUROC=0.9589 AUPRC=0.5239 BalAcc=0.7944 F1=0.5000 MCC=0.5010
  learning_rate_used=1.179e-04; learning_rate_next=1.133e-04; elapsed=5.6s
  negatives seen=100.0%; hard negatives=0
Epoch 059 train: loss=0.0118 AUROC=0.9998 AUPRC=0.9982 BalAcc=0.9989 F1=0.9891 MCC=0.9881
Epoch 059 val  : loss=0.3177 AUROC=0.9621 AUPRC=0.5005 BalAcc=0.7560 F1=0.5356 MCC=0.5315
  learning_rate_used=1.133e-04; learning_rate_next=1.088e-04; elapsed=5.6s
  negatives seen=100.0%; hard negatives=0
Epoch 060 train: loss=0.0432 AUROC=0.9993 AUPRC=0.9884 BalAcc=0.9953 F1=0.9783 MCC=0.9763
Epoch 060 val  : loss=0.2047 AUROC=0.9674 AUPRC=0.5323 BalAcc=0.8218 F1=0.4985 MCC=0.5070
  learning_rate_used=1.088e-04; learning_rate_next=1.043e-04; elapsed=5.6s
  negatives seen=100.0%; hard negatives=0
Epoch 061 train: loss=0.0103 AUROC=0.9999 AUPRC=0.9992 BalAcc=0.9989 F1=0.9891 MCC=0.9881
Epoch 061 val  : loss=0.4492 AUROC=0.9641 AUPRC=0.4892 BalAcc=0.6767 F1=0.4731 MCC=0.4985
  learning_rate_used=1.043e-04; learning_rate_next=9.986e-05; elapsed=5.6s
  negatives seen=100.0%; hard negatives=0
Epoch 062 train: loss=0.0231 AUROC=0.9999 AUPRC=0.9991 BalAcc=0.9955 F1=0.9917 MCC=0.9909
Epoch 062 val  : loss=0.5995 AUROC=0.9509 AUPRC=0.4980 BalAcc=0.6407 F1=0.4142 MCC=0.4657
  learning_rate_used=9.986e-05; learning_rate_next=9.547e-05; elapsed=5.6s
  negatives seen=100.0%; hard negatives=0
Epoch 063 train: loss=0.0241 AUROC=0.9999 AUPRC=0.9991 BalAcc=0.9975 F1=0.9877 MCC=0.9865
Epoch 063 val  : loss=0.3380 AUROC=0.9601 AUPRC=0.5245 BalAcc=0.7166 F1=0.5217 MCC=0.5286
  learning_rate_used=9.547e-05; learning_rate_next=9.113e-05; elapsed=5.6s
  negatives seen=100.0%; hard negatives=0
Epoch 064 train: loss=0.0212 AUROC=0.9999 AUPRC=0.9986 BalAcc=0.9961 F1=0.9863 MCC=0.9850
Epoch 064 val  : loss=0.4739 AUROC=0.9545 AUPRC=0.5261 BalAcc=0.6647 F1=0.4556 MCC=0.4889
  learning_rate_used=9.113e-05; learning_rate_next=8.685e-05; elapsed=5.7s
  negatives seen=100.0%; hard negatives=0
Epoch 065 train: loss=0.0070 AUROC=1.0000 AUPRC=0.9999 BalAcc=0.9996 F1=0.9959 MCC=0.9955
Epoch 065 val  : loss=0.2380 AUROC=0.9652 AUPRC=0.5367 BalAcc=0.7988 F1=0.5172 MCC=0.5173
  learning_rate_used=8.685e-05; learning_rate_next=8.263e-05; elapsed=5.6s
  negatives seen=100.0%; hard negatives=0
Epoch 066 train: loss=0.0096 AUROC=0.9998 AUPRC=0.9970 BalAcc=0.9990 F1=0.9905 MCC=0.9895
Epoch 066 val  : loss=0.2803 AUROC=0.9670 AUPRC=0.5235 BalAcc=0.7682 F1=0.5583 MCC=0.5544
  learning_rate_used=8.263e-05; learning_rate_next=7.848e-05; elapsed=5.6s
  negatives seen=100.0%; hard negatives=0
Epoch 067 train: loss=0.0204 AUROC=1.0000 AUPRC=0.9997 BalAcc=0.9977 F1=0.9891 MCC=0.9880
Epoch 067 val  : loss=0.4069 AUROC=0.9565 AUPRC=0.5342 BalAcc=0.7130 F1=0.5436 MCC=0.5617
  learning_rate_used=7.848e-05; learning_rate_next=7.440e-05; elapsed=5.7s
  negatives seen=100.0%; hard negatives=0
Epoch 068 train: loss=0.0227 AUROC=0.9999 AUPRC=0.9986 BalAcc=0.9961 F1=0.9863 MCC=0.9850
Epoch 068 val  : loss=0.3893 AUROC=0.9586 AUPRC=0.5281 BalAcc=0.7209 F1=0.5500 MCC=0.5633
  learning_rate_used=7.440e-05; learning_rate_next=7.039e-05; elapsed=5.6s
  negatives seen=100.0%; hard negatives=0
Epoch 069 train: loss=0.0109 AUROC=0.9999 AUPRC=0.9988 BalAcc=0.9989 F1=0.9891 MCC=0.9881
Epoch 069 val  : loss=0.3251 AUROC=0.9656 AUPRC=0.5251 BalAcc=0.7446 F1=0.5571 MCC=0.5582
  learning_rate_used=7.039e-05; learning_rate_next=6.647e-05; elapsed=5.6s
  negatives seen=100.0%; hard negatives=0
Epoch 070 train: loss=0.0143 AUROC=0.9999 AUPRC=0.9984 BalAcc=0.9981 F1=0.9931 MCC=0.9925
Epoch 070 val  : loss=0.3321 AUROC=0.9541 AUPRC=0.5385 BalAcc=0.7606 F1=0.5727 MCC=0.5713
  learning_rate_used=6.647e-05; learning_rate_next=6.263e-05; elapsed=5.6s
  negatives seen=100.0%; hard negatives=0
Epoch 071 train: loss=0.0129 AUROC=0.9998 AUPRC=0.9968 BalAcc=0.9992 F1=0.9918 MCC=0.9910
Epoch 071 val  : loss=0.4481 AUROC=0.9625 AUPRC=0.5369 BalAcc=0.6889 F1=0.5054 MCC=0.5330
  learning_rate_used=6.263e-05; learning_rate_next=5.887e-05; elapsed=5.6s
Early stopping after 71 epochs.
Binary threshold: 0.540220 (strategy=val-mcc, validation_score=0.602771)
TEST chr10,chr12,chr14,chr16,chr18,chr2,chr20,chr22,chr4,chr6,chr8: loss=0.2147 AUROC=0.9755 AUPRC=0.5409 BalAcc=0.7847 F1=0.5276 MCC=0.5244
Outputs written to /data/projects/SFB_A03/jan/AT_TFBS/human301/runs/CREB3L3/68001_ablation_multi32_seed1
Binary predictions: binary_classification_results.tsv
Binary metrics: binary_classification_metrics.json
ROC plot: roc_curve.png
Precision-recall plot: precision_recall_curve.png
Confusion matrix: binary_confusion_matrix.tsv
