Window geometry: 256 bp from 301 bp; crop starts 0..45; shifts -22..+23; fresh uniform draw per access
Evaluation: crops (0, 22, 23, 45), reverse complement=True; all samples
train: n=36,663, positive=363, negative=36,300
  val: n=12,524, positive=124, negative=12,400
 test: n=40,198, positive=398, negative=39,800
Device: cuda
Hidden activation: RELU
Parameters: 1,032,981 total; 1,032,981 trainable
Architecture: motif kernels 9/12; encoder 128/64/64; original five-block bottleneck at 64; decoder 64/128/256
  negatives seen=10.0%; hard negatives=0
Epoch 001 train: loss=1.4858 AUROC=0.5239 AUPRC=0.0954 BalAcc=0.5102 F1=0.1589 MCC=0.0117
Epoch 001 val  : loss=0.7856 AUROC=0.6362 AUPRC=0.0156 BalAcc=0.5886 F1=0.0253 MCC=0.0356
  learning_rate_used=3.000e-04; learning_rate_next=2.999e-04; elapsed=7.5s
  saved new best checkpoint: /data/projects/SFB_A03/jan/AT_TFBS/human301/runs/CREB3L3/67995_motif64_9_12_epochs100_seed3/best_model.pt (objective=classification-auprc, score=0.015569)
  negatives seen=20.0%; hard negatives=0
Epoch 002 train: loss=1.3056 AUROC=0.5805 AUPRC=0.1224 BalAcc=0.5643 F1=0.1906 MCC=0.0744
Epoch 002 val  : loss=0.5139 AUROC=0.6998 AUPRC=0.0477 BalAcc=0.5898 F1=0.0992 MCC=0.1011
  learning_rate_used=2.999e-04; learning_rate_next=2.997e-04; elapsed=5.6s
  saved new best checkpoint: /data/projects/SFB_A03/jan/AT_TFBS/human301/runs/CREB3L3/67995_motif64_9_12_epochs100_seed3/best_model.pt (objective=classification-auprc, score=0.047741)
  negatives seen=30.0%; hard negatives=0
Epoch 003 train: loss=1.2106 AUROC=0.6683 AUPRC=0.1783 BalAcc=0.6209 F1=0.2307 MCC=0.1426
Epoch 003 val  : loss=0.6420 AUROC=0.8080 AUPRC=0.0611 BalAcc=0.7441 F1=0.0502 MCC=0.1056
  learning_rate_used=2.997e-04; learning_rate_next=2.993e-04; elapsed=5.7s
  saved new best checkpoint: /data/projects/SFB_A03/jan/AT_TFBS/human301/runs/CREB3L3/67995_motif64_9_12_epochs100_seed3/best_model.pt (objective=classification-auprc, score=0.061121)
  negatives seen=40.0%; hard negatives=0
Epoch 004 train: loss=0.9717 AUROC=0.8140 AUPRC=0.3646 BalAcc=0.7321 F1=0.3404 MCC=0.2945
Epoch 004 val  : loss=0.6703 AUROC=0.9128 AUPRC=0.1784 BalAcc=0.8023 F1=0.0512 MCC=0.1246
  learning_rate_used=2.993e-04; learning_rate_next=2.988e-04; elapsed=5.7s
  saved new best checkpoint: /data/projects/SFB_A03/jan/AT_TFBS/human301/runs/CREB3L3/67995_motif64_9_12_epochs100_seed3/best_model.pt (objective=classification-auprc, score=0.178423)
  negatives seen=50.0%; hard negatives=0
Epoch 005 train: loss=0.8123 AUROC=0.8816 AUPRC=0.5217 BalAcc=0.7915 F1=0.4302 MCC=0.3980
Epoch 005 val  : loss=0.3759 AUROC=0.8500 AUPRC=0.0884 BalAcc=0.7618 F1=0.0981 MCC=0.1602
  learning_rate_used=2.988e-04; learning_rate_next=2.982e-04; elapsed=5.6s
  negatives seen=60.0%; hard negatives=0
Epoch 006 train: loss=0.7180 AUROC=0.9059 AUPRC=0.5607 BalAcc=0.8382 F1=0.4856 MCC=0.4673
Epoch 006 val  : loss=0.4344 AUROC=0.9327 AUPRC=0.2837 BalAcc=0.8535 F1=0.0892 MCC=0.1795
  learning_rate_used=2.982e-04; learning_rate_next=2.974e-04; elapsed=5.7s
  saved new best checkpoint: /data/projects/SFB_A03/jan/AT_TFBS/human301/runs/CREB3L3/67995_motif64_9_12_epochs100_seed3/best_model.pt (objective=classification-auprc, score=0.283748)
  negatives seen=70.0%; hard negatives=0
Epoch 007 train: loss=0.6384 AUROC=0.9268 AUPRC=0.6637 BalAcc=0.8585 F1=0.5435 MCC=0.5243
Epoch 007 val  : loss=0.2016 AUROC=0.9219 AUPRC=0.2841 BalAcc=0.7918 F1=0.2316 MCC=0.2842
  learning_rate_used=2.974e-04; learning_rate_next=2.964e-04; elapsed=5.6s
  saved new best checkpoint: /data/projects/SFB_A03/jan/AT_TFBS/human301/runs/CREB3L3/67995_motif64_9_12_epochs100_seed3/best_model.pt (objective=classification-auprc, score=0.284111)
  negatives seen=80.0%; hard negatives=0
Epoch 008 train: loss=0.5547 AUROC=0.9457 AUPRC=0.6835 BalAcc=0.8795 F1=0.5830 MCC=0.5672
Epoch 008 val  : loss=0.1772 AUROC=0.9374 AUPRC=0.4164 BalAcc=0.8429 F1=0.2928 MCC=0.3523
  learning_rate_used=2.964e-04; learning_rate_next=2.953e-04; elapsed=5.6s
  saved new best checkpoint: /data/projects/SFB_A03/jan/AT_TFBS/human301/runs/CREB3L3/67995_motif64_9_12_epochs100_seed3/best_model.pt (objective=classification-auprc, score=0.416434)
  negatives seen=90.0%; hard negatives=0
Epoch 009 train: loss=0.5388 AUROC=0.9511 AUPRC=0.7587 BalAcc=0.8853 F1=0.6111 MCC=0.5935
Epoch 009 val  : loss=0.3474 AUROC=0.9452 AUPRC=0.4297 BalAcc=0.8727 F1=0.1153 MCC=0.2120
  learning_rate_used=2.953e-04; learning_rate_next=2.941e-04; elapsed=5.7s
  saved new best checkpoint: /data/projects/SFB_A03/jan/AT_TFBS/human301/runs/CREB3L3/67995_motif64_9_12_epochs100_seed3/best_model.pt (objective=classification-auprc, score=0.429694)
  negatives seen=100.0%; hard negatives=0
Epoch 010 train: loss=0.4323 AUROC=0.9669 AUPRC=0.7614 BalAcc=0.9029 F1=0.6367 MCC=0.6233
Epoch 010 val  : loss=0.2981 AUROC=0.9512 AUPRC=0.4512 BalAcc=0.8808 F1=0.1360 MCC=0.2347
  learning_rate_used=2.941e-04; learning_rate_next=2.927e-04; elapsed=5.7s
  saved new best checkpoint: /data/projects/SFB_A03/jan/AT_TFBS/human301/runs/CREB3L3/67995_motif64_9_12_epochs100_seed3/best_model.pt (objective=classification-auprc, score=0.451171)
  negatives seen=100.0%; hard negatives=0
Epoch 011 train: loss=0.4100 AUROC=0.9703 AUPRC=0.7963 BalAcc=0.9194 F1=0.6845 MCC=0.6717
Epoch 011 val  : loss=0.1575 AUROC=0.9481 AUPRC=0.4288 BalAcc=0.8336 F1=0.3209 MCC=0.3704
  learning_rate_used=2.927e-04; learning_rate_next=2.912e-04; elapsed=5.7s
  negatives seen=100.0%; hard negatives=0
Epoch 012 train: loss=0.3934 AUROC=0.9734 AUPRC=0.8314 BalAcc=0.9211 F1=0.7051 MCC=0.6906
Epoch 012 val  : loss=0.1479 AUROC=0.9599 AUPRC=0.4964 BalAcc=0.8640 F1=0.3186 MCC=0.3809
  learning_rate_used=2.912e-04; learning_rate_next=2.895e-04; elapsed=5.7s
  saved new best checkpoint: /data/projects/SFB_A03/jan/AT_TFBS/human301/runs/CREB3L3/67995_motif64_9_12_epochs100_seed3/best_model.pt (objective=classification-auprc, score=0.496360)
  negatives seen=100.0%; hard negatives=0
Epoch 013 train: loss=0.3429 AUROC=0.9794 AUPRC=0.8300 BalAcc=0.9336 F1=0.7444 MCC=0.7307
Epoch 013 val  : loss=0.3816 AUROC=0.9534 AUPRC=0.4497 BalAcc=0.8858 F1=0.1101 MCC=0.2108
  learning_rate_used=2.895e-04; learning_rate_next=2.877e-04; elapsed=5.7s
  negatives seen=100.0%; hard negatives=0
Epoch 014 train: loss=0.2895 AUROC=0.9843 AUPRC=0.8608 BalAcc=0.9409 F1=0.7470 MCC=0.7356
Epoch 014 val  : loss=0.1289 AUROC=0.9646 AUPRC=0.5198 BalAcc=0.8350 F1=0.4250 MCC=0.4519
  learning_rate_used=2.877e-04; learning_rate_next=2.858e-04; elapsed=5.6s
  saved new best checkpoint: /data/projects/SFB_A03/jan/AT_TFBS/human301/runs/CREB3L3/67995_motif64_9_12_epochs100_seed3/best_model.pt (objective=classification-auprc, score=0.519796)
  negatives seen=100.0%; hard negatives=0
Epoch 015 train: loss=0.2701 AUROC=0.9872 AUPRC=0.8892 BalAcc=0.9445 F1=0.7838 MCC=0.7709
Epoch 015 val  : loss=0.1389 AUROC=0.9576 AUPRC=0.5223 BalAcc=0.8309 F1=0.4179 MCC=0.4447
  learning_rate_used=2.858e-04; learning_rate_next=2.837e-04; elapsed=5.7s
  saved new best checkpoint: /data/projects/SFB_A03/jan/AT_TFBS/human301/runs/CREB3L3/67995_motif64_9_12_epochs100_seed3/best_model.pt (objective=classification-auprc, score=0.522325)
  negatives seen=100.0%; hard negatives=0
Epoch 016 train: loss=0.3080 AUROC=0.9856 AUPRC=0.8777 BalAcc=0.9365 F1=0.7696 MCC=0.7551
Epoch 016 val  : loss=0.1693 AUROC=0.9603 AUPRC=0.4784 BalAcc=0.8686 F1=0.2490 MCC=0.3279
  learning_rate_used=2.837e-04; learning_rate_next=2.815e-04; elapsed=5.7s
  negatives seen=100.0%; hard negatives=0
Epoch 017 train: loss=0.2631 AUROC=0.9887 AUPRC=0.9099 BalAcc=0.9490 F1=0.8149 MCC=0.8019
Epoch 017 val  : loss=0.1807 AUROC=0.9635 AUPRC=0.5233 BalAcc=0.8852 F1=0.2339 MCC=0.3219
  learning_rate_used=2.815e-04; learning_rate_next=2.792e-04; elapsed=5.7s
  saved new best checkpoint: /data/projects/SFB_A03/jan/AT_TFBS/human301/runs/CREB3L3/67995_motif64_9_12_epochs100_seed3/best_model.pt (objective=classification-auprc, score=0.523314)
  negatives seen=100.0%; hard negatives=0
Epoch 018 train: loss=0.2682 AUROC=0.9884 AUPRC=0.8928 BalAcc=0.9539 F1=0.8157 MCC=0.8039
Epoch 018 val  : loss=0.2354 AUROC=0.9656 AUPRC=0.5213 BalAcc=0.8981 F1=0.1730 MCC=0.2745
  learning_rate_used=2.792e-04; learning_rate_next=2.767e-04; elapsed=5.7s
  negatives seen=100.0%; hard negatives=0
Epoch 019 train: loss=0.2221 AUROC=0.9909 AUPRC=0.9101 BalAcc=0.9453 F1=0.8053 MCC=0.7916
Epoch 019 val  : loss=0.3188 AUROC=0.9639 AUPRC=0.5139 BalAcc=0.9101 F1=0.1390 MCC=0.2470
  learning_rate_used=2.767e-04; learning_rate_next=2.741e-04; elapsed=5.7s
  negatives seen=100.0%; hard negatives=0
Epoch 020 train: loss=0.2213 AUROC=0.9906 AUPRC=0.9092 BalAcc=0.9548 F1=0.8225 MCC=0.8107
Epoch 020 val  : loss=0.3842 AUROC=0.9682 AUPRC=0.5320 BalAcc=0.8906 F1=0.1121 MCC=0.2144
  learning_rate_used=2.741e-04; learning_rate_next=2.714e-04; elapsed=5.7s
  saved new best checkpoint: /data/projects/SFB_A03/jan/AT_TFBS/human301/runs/CREB3L3/67995_motif64_9_12_epochs100_seed3/best_model.pt (objective=classification-auprc, score=0.532001)
  negatives seen=100.0%; hard negatives=0
Epoch 021 train: loss=0.1925 AUROC=0.9932 AUPRC=0.9266 BalAcc=0.9566 F1=0.8356 MCC=0.8239
Epoch 021 val  : loss=0.1444 AUROC=0.9553 AUPRC=0.4899 BalAcc=0.8146 F1=0.3980 MCC=0.4229
  learning_rate_used=2.714e-04; learning_rate_next=2.686e-04; elapsed=5.6s
  negatives seen=100.0%; hard negatives=0
Epoch 022 train: loss=0.2243 AUROC=0.9914 AUPRC=0.9119 BalAcc=0.9543 F1=0.8271 MCC=0.8150
Epoch 022 val  : loss=0.1305 AUROC=0.9676 AUPRC=0.5515 BalAcc=0.8301 F1=0.5188 MCC=0.5267
  learning_rate_used=2.686e-04; learning_rate_next=2.657e-04; elapsed=5.7s
  saved new best checkpoint: /data/projects/SFB_A03/jan/AT_TFBS/human301/runs/CREB3L3/67995_motif64_9_12_epochs100_seed3/best_model.pt (objective=classification-auprc, score=0.551468)
  negatives seen=100.0%; hard negatives=0
Epoch 023 train: loss=0.2496 AUROC=0.9911 AUPRC=0.9206 BalAcc=0.9507 F1=0.8268 MCC=0.8140
Epoch 023 val  : loss=0.1904 AUROC=0.9535 AUPRC=0.5064 BalAcc=0.8811 F1=0.2314 MCC=0.3183
  learning_rate_used=2.657e-04; learning_rate_next=2.626e-04; elapsed=5.7s
  negatives seen=100.0%; hard negatives=0
Epoch 024 train: loss=0.1580 AUROC=0.9954 AUPRC=0.9544 BalAcc=0.9729 F1=0.8875 MCC=0.8789
Epoch 024 val  : loss=0.2543 AUROC=0.9654 AUPRC=0.5321 BalAcc=0.9040 F1=0.1809 MCC=0.2835
  learning_rate_used=2.626e-04; learning_rate_next=2.595e-04; elapsed=5.6s
  negatives seen=100.0%; hard negatives=0
Epoch 025 train: loss=0.1662 AUROC=0.9950 AUPRC=0.9452 BalAcc=0.9691 F1=0.8769 MCC=0.8675
Epoch 025 val  : loss=0.1632 AUROC=0.9691 AUPRC=0.5697 BalAcc=0.7725 F1=0.5812 MCC=0.5783
  learning_rate_used=2.595e-04; learning_rate_next=2.562e-04; elapsed=5.7s
  saved new best checkpoint: /data/projects/SFB_A03/jan/AT_TFBS/human301/runs/CREB3L3/67995_motif64_9_12_epochs100_seed3/best_model.pt (objective=classification-auprc, score=0.569722)
  negatives seen=100.0%; hard negatives=0
Epoch 026 train: loss=0.1792 AUROC=0.9945 AUPRC=0.9488 BalAcc=0.9656 F1=0.8771 MCC=0.8671
Epoch 026 val  : loss=0.1600 AUROC=0.9685 AUPRC=0.5387 BalAcc=0.7871 F1=0.5217 MCC=0.5192
  learning_rate_used=2.562e-04; learning_rate_next=2.528e-04; elapsed=5.6s
  negatives seen=100.0%; hard negatives=0
Epoch 027 train: loss=0.1813 AUROC=0.9955 AUPRC=0.9517 BalAcc=0.9661 F1=0.8815 MCC=0.8717
Epoch 027 val  : loss=0.2059 AUROC=0.9551 AUPRC=0.5130 BalAcc=0.7671 F1=0.5038 MCC=0.4996
  learning_rate_used=2.528e-04; learning_rate_next=2.494e-04; elapsed=5.7s
  negatives seen=100.0%; hard negatives=0
Epoch 028 train: loss=0.1681 AUROC=0.9956 AUPRC=0.9624 BalAcc=0.9642 F1=0.8855 MCC=0.8755
Epoch 028 val  : loss=0.2288 AUROC=0.9623 AUPRC=0.5232 BalAcc=0.7205 F1=0.5238 MCC=0.5288
  learning_rate_used=2.494e-04; learning_rate_next=2.458e-04; elapsed=5.7s
  negatives seen=100.0%; hard negatives=0
Epoch 029 train: loss=0.1375 AUROC=0.9966 AUPRC=0.9668 BalAcc=0.9785 F1=0.9042 MCC=0.8968
Epoch 029 val  : loss=0.2356 AUROC=0.9666 AUPRC=0.5118 BalAcc=0.7402 F1=0.5310 MCC=0.5293
  learning_rate_used=2.458e-04; learning_rate_next=2.421e-04; elapsed=5.6s
  negatives seen=100.0%; hard negatives=0
Epoch 030 train: loss=0.1658 AUROC=0.9952 AUPRC=0.9602 BalAcc=0.9725 F1=0.8940 MCC=0.8854
Epoch 030 val  : loss=0.3594 AUROC=0.9633 AUPRC=0.5365 BalAcc=0.6248 F1=0.3851 MCC=0.4552
  learning_rate_used=2.421e-04; learning_rate_next=2.384e-04; elapsed=5.7s
  negatives seen=100.0%; hard negatives=0
Epoch 031 train: loss=0.1249 AUROC=0.9974 AUPRC=0.9607 BalAcc=0.9777 F1=0.9179 MCC=0.9108
Epoch 031 val  : loss=0.2500 AUROC=0.9654 AUPRC=0.5131 BalAcc=0.6686 F1=0.4565 MCC=0.4836
  learning_rate_used=2.384e-04; learning_rate_next=2.345e-04; elapsed=5.6s
  negatives seen=100.0%; hard negatives=0
Epoch 032 train: loss=0.1115 AUROC=0.9975 AUPRC=0.9718 BalAcc=0.9793 F1=0.9217 MCC=0.9149
Epoch 032 val  : loss=0.1590 AUROC=0.9649 AUPRC=0.5428 BalAcc=0.8121 F1=0.4365 MCC=0.4527
  learning_rate_used=2.345e-04; learning_rate_next=2.306e-04; elapsed=5.7s
  negatives seen=100.0%; hard negatives=0
Epoch 033 train: loss=0.1492 AUROC=0.9967 AUPRC=0.9676 BalAcc=0.9736 F1=0.9032 MCC=0.8951
Epoch 033 val  : loss=0.1520 AUROC=0.9652 AUPRC=0.5533 BalAcc=0.8140 F1=0.5000 MCC=0.5061
  learning_rate_used=2.306e-04; learning_rate_next=2.266e-04; elapsed=5.7s
  negatives seen=100.0%; hard negatives=0
Epoch 034 train: loss=0.1431 AUROC=0.9963 AUPRC=0.9495 BalAcc=0.9758 F1=0.9014 MCC=0.8935
Epoch 034 val  : loss=0.2572 AUROC=0.9634 AUPRC=0.5441 BalAcc=0.6888 F1=0.4974 MCC=0.5203
  learning_rate_used=2.266e-04; learning_rate_next=2.225e-04; elapsed=5.6s
  negatives seen=100.0%; hard negatives=0
Epoch 035 train: loss=0.1238 AUROC=0.9972 AUPRC=0.9691 BalAcc=0.9760 F1=0.9141 MCC=0.9066
Epoch 035 val  : loss=0.2205 AUROC=0.9641 AUPRC=0.5521 BalAcc=0.7125 F1=0.5146 MCC=0.5218
  learning_rate_used=2.225e-04; learning_rate_next=2.184e-04; elapsed=5.6s
  negatives seen=100.0%; hard negatives=0
Epoch 036 train: loss=0.0961 AUROC=0.9981 AUPRC=0.9768 BalAcc=0.9813 F1=0.9279 MCC=0.9216
Epoch 036 val  : loss=0.1509 AUROC=0.9650 AUPRC=0.5615 BalAcc=0.8573 F1=0.4000 MCC=0.4410
  learning_rate_used=2.184e-04; learning_rate_next=2.142e-04; elapsed=5.7s
  negatives seen=100.0%; hard negatives=0
Epoch 037 train: loss=0.1216 AUROC=0.9975 AUPRC=0.9741 BalAcc=0.9804 F1=0.9314 MCC=0.9252
Epoch 037 val  : loss=0.2099 AUROC=0.9608 AUPRC=0.5574 BalAcc=0.7723 F1=0.5667 MCC=0.5628
  learning_rate_used=2.142e-04; learning_rate_next=2.099e-04; elapsed=5.7s
  negatives seen=100.0%; hard negatives=0
Epoch 038 train: loss=0.1127 AUROC=0.9982 AUPRC=0.9839 BalAcc=0.9807 F1=0.9339 MCC=0.9279
Epoch 038 val  : loss=0.1857 AUROC=0.9644 AUPRC=0.5462 BalAcc=0.7902 F1=0.4850 MCC=0.4868
  learning_rate_used=2.099e-04; learning_rate_next=2.055e-04; elapsed=5.6s
  negatives seen=100.0%; hard negatives=0
Epoch 039 train: loss=0.1104 AUROC=0.9979 AUPRC=0.9771 BalAcc=0.9798 F1=0.9253 MCC=0.9187
Epoch 039 val  : loss=0.4298 AUROC=0.9631 AUPRC=0.5106 BalAcc=0.6449 F1=0.4311 MCC=0.4905
  learning_rate_used=2.055e-04; learning_rate_next=2.011e-04; elapsed=5.7s
  negatives seen=100.0%; hard negatives=0
Epoch 040 train: loss=0.1041 AUROC=0.9983 AUPRC=0.9754 BalAcc=0.9811 F1=0.9376 MCC=0.9318
Epoch 040 val  : loss=0.1575 AUROC=0.9630 AUPRC=0.5368 BalAcc=0.8227 F1=0.4080 MCC=0.4338
  learning_rate_used=2.011e-04; learning_rate_next=1.967e-04; elapsed=5.7s
  negatives seen=100.0%; hard negatives=0
Epoch 041 train: loss=0.0682 AUROC=0.9989 AUPRC=0.9870 BalAcc=0.9875 F1=0.9507 MCC=0.9463
Epoch 041 val  : loss=0.2081 AUROC=0.9646 AUPRC=0.5546 BalAcc=0.7596 F1=0.5200 MCC=0.5152
  learning_rate_used=1.967e-04; learning_rate_next=1.922e-04; elapsed=5.7s
  negatives seen=100.0%; hard negatives=0
Epoch 042 train: loss=0.0810 AUROC=0.9992 AUPRC=0.9922 BalAcc=0.9887 F1=0.9509 MCC=0.9465
Epoch 042 val  : loss=0.2362 AUROC=0.9588 AUPRC=0.5355 BalAcc=0.7636 F1=0.5238 MCC=0.5190
  learning_rate_used=1.922e-04; learning_rate_next=1.877e-04; elapsed=5.6s
  negatives seen=100.0%; hard negatives=0
Epoch 043 train: loss=0.0993 AUROC=0.9984 AUPRC=0.9772 BalAcc=0.9825 F1=0.9390 MCC=0.9334
Epoch 043 val  : loss=0.2037 AUROC=0.9665 AUPRC=0.5408 BalAcc=0.7715 F1=0.5271 MCC=0.5226
  learning_rate_used=1.877e-04; learning_rate_next=1.831e-04; elapsed=5.7s
  negatives seen=100.0%; hard negatives=0
Epoch 044 train: loss=0.0798 AUROC=0.9990 AUPRC=0.9892 BalAcc=0.9875 F1=0.9507 MCC=0.9463
Epoch 044 val  : loss=0.1575 AUROC=0.9688 AUPRC=0.5705 BalAcc=0.8603 F1=0.3825 MCC=0.4287
  learning_rate_used=1.831e-04; learning_rate_next=1.785e-04; elapsed=5.7s
  saved new best checkpoint: /data/projects/SFB_A03/jan/AT_TFBS/human301/runs/CREB3L3/67995_motif64_9_12_epochs100_seed3/best_model.pt (objective=classification-auprc, score=0.570481)
  negatives seen=100.0%; hard negatives=0
Epoch 045 train: loss=0.0827 AUROC=0.9987 AUPRC=0.9830 BalAcc=0.9855 F1=0.9443 MCC=0.9393
Epoch 045 val  : loss=0.1976 AUROC=0.9656 AUPRC=0.5476 BalAcc=0.7946 F1=0.5068 MCC=0.5071
  learning_rate_used=1.785e-04; learning_rate_next=1.739e-04; elapsed=5.6s
  negatives seen=100.0%; hard negatives=0
Epoch 046 train: loss=0.0890 AUROC=0.9987 AUPRC=0.9867 BalAcc=0.9864 F1=0.9519 MCC=0.9474
Epoch 046 val  : loss=0.1436 AUROC=0.9661 AUPRC=0.5845 BalAcc=0.8512 F1=0.4417 MCC=0.4712
  learning_rate_used=1.739e-04; learning_rate_next=1.692e-04; elapsed=5.6s
  saved new best checkpoint: /data/projects/SFB_A03/jan/AT_TFBS/human301/runs/CREB3L3/67995_motif64_9_12_epochs100_seed3/best_model.pt (objective=classification-auprc, score=0.584475)
  negatives seen=100.0%; hard negatives=0
Epoch 047 train: loss=0.0915 AUROC=0.9988 AUPRC=0.9872 BalAcc=0.9847 F1=0.9479 MCC=0.9431
Epoch 047 val  : loss=0.1597 AUROC=0.9636 AUPRC=0.5605 BalAcc=0.8344 F1=0.4096 MCC=0.4396
  learning_rate_used=1.692e-04; learning_rate_next=1.646e-04; elapsed=5.6s
  negatives seen=100.0%; hard negatives=0
Epoch 048 train: loss=0.0726 AUROC=0.9986 AUPRC=0.9840 BalAcc=0.9855 F1=0.9443 MCC=0.9393
Epoch 048 val  : loss=0.4792 AUROC=0.9610 AUPRC=0.5172 BalAcc=0.6569 F1=0.4535 MCC=0.5028
  learning_rate_used=1.646e-04; learning_rate_next=1.599e-04; elapsed=5.7s
  negatives seen=100.0%; hard negatives=0
Epoch 049 train: loss=0.0473 AUROC=0.9994 AUPRC=0.9891 BalAcc=0.9908 F1=0.9702 MCC=0.9673
Epoch 049 val  : loss=0.3980 AUROC=0.9562 AUPRC=0.5327 BalAcc=0.7126 F1=0.5196 MCC=0.5285
  learning_rate_used=1.599e-04; learning_rate_next=1.552e-04; elapsed=5.7s
  negatives seen=100.0%; hard negatives=0
Epoch 050 train: loss=0.1008 AUROC=0.9987 AUPRC=0.9838 BalAcc=0.9848 F1=0.9492 MCC=0.9445
Epoch 050 val  : loss=0.1885 AUROC=0.9596 AUPRC=0.5593 BalAcc=0.7981 F1=0.4886 MCC=0.4919
  learning_rate_used=1.552e-04; learning_rate_next=1.505e-04; elapsed=5.6s
  negatives seen=100.0%; hard negatives=0
Epoch 051 train: loss=0.0892 AUROC=0.9992 AUPRC=0.9928 BalAcc=0.9817 F1=0.9539 MCC=0.9494
Epoch 051 val  : loss=0.2263 AUROC=0.9639 AUPRC=0.5673 BalAcc=0.7833 F1=0.5259 MCC=0.5226
  learning_rate_used=1.505e-04; learning_rate_next=1.458e-04; elapsed=5.6s
  negatives seen=100.0%; hard negatives=0
Epoch 052 train: loss=0.0441 AUROC=0.9995 AUPRC=0.9946 BalAcc=0.9923 F1=0.9729 MCC=0.9703
Epoch 052 val  : loss=0.2131 AUROC=0.9645 AUPRC=0.5532 BalAcc=0.7870 F1=0.5161 MCC=0.5140
  learning_rate_used=1.458e-04; learning_rate_next=1.411e-04; elapsed=5.6s
  negatives seen=100.0%; hard negatives=0
Epoch 053 train: loss=0.0953 AUROC=0.9991 AUPRC=0.9884 BalAcc=0.9858 F1=0.9582 MCC=0.9541
Epoch 053 val  : loss=0.3168 AUROC=0.9619 AUPRC=0.5767 BalAcc=0.7330 F1=0.5686 MCC=0.5791
  learning_rate_used=1.411e-04; learning_rate_next=1.364e-04; elapsed=5.6s
  negatives seen=100.0%; hard negatives=0
Epoch 054 train: loss=0.0594 AUROC=0.9993 AUPRC=0.9917 BalAcc=0.9916 F1=0.9664 MCC=0.9632
Epoch 054 val  : loss=0.2206 AUROC=0.9571 AUPRC=0.5841 BalAcc=0.8063 F1=0.5033 MCC=0.5068
  learning_rate_used=1.364e-04; learning_rate_next=1.318e-04; elapsed=5.7s
  negatives seen=100.0%; hard negatives=0
Epoch 055 train: loss=0.0358 AUROC=0.9996 AUPRC=0.9958 BalAcc=0.9920 F1=0.9703 MCC=0.9674
Epoch 055 val  : loss=0.2358 AUROC=0.9641 AUPRC=0.5948 BalAcc=0.7960 F1=0.5736 MCC=0.5696
  learning_rate_used=1.318e-04; learning_rate_next=1.271e-04; elapsed=5.7s
  saved new best checkpoint: /data/projects/SFB_A03/jan/AT_TFBS/human301/runs/CREB3L3/67995_motif64_9_12_epochs100_seed3/best_model.pt (objective=classification-auprc, score=0.594819)
  negatives seen=100.0%; hard negatives=0
Epoch 056 train: loss=0.0729 AUROC=0.9994 AUPRC=0.9932 BalAcc=0.9909 F1=0.9715 MCC=0.9687
Epoch 056 val  : loss=0.1866 AUROC=0.9633 AUPRC=0.5722 BalAcc=0.8392 F1=0.4311 MCC=0.4583
  learning_rate_used=1.271e-04; learning_rate_next=1.225e-04; elapsed=5.6s
  negatives seen=100.0%; hard negatives=0
Epoch 057 train: loss=0.0685 AUROC=0.9994 AUPRC=0.9939 BalAcc=0.9887 F1=0.9623 MCC=0.9587
Epoch 057 val  : loss=0.3186 AUROC=0.9608 AUPRC=0.5510 BalAcc=0.7448 F1=0.5728 MCC=0.5772
  learning_rate_used=1.225e-04; learning_rate_next=1.179e-04; elapsed=5.6s
  negatives seen=100.0%; hard negatives=0
Epoch 058 train: loss=0.0473 AUROC=0.9988 AUPRC=0.9842 BalAcc=0.9948 F1=0.9615 MCC=0.9582
Epoch 058 val  : loss=0.4222 AUROC=0.9583 AUPRC=0.5307 BalAcc=0.6568 F1=0.4483 MCC=0.4924
  learning_rate_used=1.179e-04; learning_rate_next=1.133e-04; elapsed=5.6s
  negatives seen=100.0%; hard negatives=0
Epoch 059 train: loss=0.0389 AUROC=0.9996 AUPRC=0.9960 BalAcc=0.9948 F1=0.9730 MCC=0.9706
Epoch 059 val  : loss=0.2164 AUROC=0.9639 AUPRC=0.5571 BalAcc=0.7946 F1=0.5086 MCC=0.5087
  learning_rate_used=1.133e-04; learning_rate_next=1.088e-04; elapsed=5.6s
  negatives seen=100.0%; hard negatives=0
Epoch 060 train: loss=0.0150 AUROC=0.9998 AUPRC=0.9980 BalAcc=0.9985 F1=0.9851 MCC=0.9837
Epoch 060 val  : loss=0.5307 AUROC=0.9581 AUPRC=0.5346 BalAcc=0.6729 F1=0.4831 MCC=0.5227
  learning_rate_used=1.088e-04; learning_rate_next=1.043e-04; elapsed=5.6s
  negatives seen=100.0%; hard negatives=0
Epoch 061 train: loss=0.0153 AUROC=0.9999 AUPRC=0.9992 BalAcc=0.9975 F1=0.9877 MCC=0.9865
Epoch 061 val  : loss=0.3874 AUROC=0.9618 AUPRC=0.5728 BalAcc=0.7571 F1=0.6009 MCC=0.6060
  learning_rate_used=1.043e-04; learning_rate_next=9.986e-05; elapsed=5.6s
  negatives seen=100.0%; hard negatives=0
Epoch 062 train: loss=0.0255 AUROC=0.9995 AUPRC=0.9926 BalAcc=0.9953 F1=0.9783 MCC=0.9763
Epoch 062 val  : loss=0.3289 AUROC=0.9620 AUPRC=0.5740 BalAcc=0.7730 F1=0.6154 MCC=0.6167
  learning_rate_used=9.986e-05; learning_rate_next=9.547e-05; elapsed=5.7s
  negatives seen=100.0%; hard negatives=0
Epoch 063 train: loss=0.0181 AUROC=0.9999 AUPRC=0.9991 BalAcc=0.9970 F1=0.9824 MCC=0.9807
Epoch 063 val  : loss=0.3763 AUROC=0.9585 AUPRC=0.5519 BalAcc=0.7567 F1=0.5792 MCC=0.5799
  learning_rate_used=9.547e-05; learning_rate_next=9.113e-05; elapsed=5.6s
  negatives seen=100.0%; hard negatives=0
Epoch 064 train: loss=0.0220 AUROC=0.9996 AUPRC=0.9944 BalAcc=0.9971 F1=0.9837 MCC=0.9822
Epoch 064 val  : loss=0.2727 AUROC=0.9647 AUPRC=0.5797 BalAcc=0.7921 F1=0.5794 MCC=0.5752
  learning_rate_used=9.113e-05; learning_rate_next=8.685e-05; elapsed=5.6s
  negatives seen=100.0%; hard negatives=0
Epoch 065 train: loss=0.0626 AUROC=0.9996 AUPRC=0.9954 BalAcc=0.9910 F1=0.9728 MCC=0.9702
Epoch 065 val  : loss=0.2633 AUROC=0.9657 AUPRC=0.5595 BalAcc=0.7681 F1=0.5537 MCC=0.5495
  learning_rate_used=8.685e-05; learning_rate_next=8.263e-05; elapsed=5.7s
  negatives seen=100.0%; hard negatives=0
Epoch 066 train: loss=0.0301 AUROC=0.9995 AUPRC=0.9937 BalAcc=0.9952 F1=0.9770 MCC=0.9748
Epoch 066 val  : loss=0.3516 AUROC=0.9640 AUPRC=0.5737 BalAcc=0.7288 F1=0.5534 MCC=0.5618
  learning_rate_used=8.263e-05; learning_rate_next=7.848e-05; elapsed=5.7s
  negatives seen=100.0%; hard negatives=0
Epoch 067 train: loss=0.0242 AUROC=0.9997 AUPRC=0.9966 BalAcc=0.9955 F1=0.9796 MCC=0.9777
Epoch 067 val  : loss=0.4913 AUROC=0.9648 AUPRC=0.5685 BalAcc=0.6811 F1=0.5056 MCC=0.5473
  learning_rate_used=7.848e-05; learning_rate_next=7.440e-05; elapsed=5.7s
  negatives seen=100.0%; hard negatives=0
Epoch 068 train: loss=0.0303 AUROC=0.9997 AUPRC=0.9964 BalAcc=0.9956 F1=0.9810 MCC=0.9792
Epoch 068 val  : loss=0.3127 AUROC=0.9660 AUPRC=0.5746 BalAcc=0.7525 F1=0.5600 MCC=0.5590
  learning_rate_used=7.440e-05; learning_rate_next=7.039e-05; elapsed=5.6s
  negatives seen=100.0%; hard negatives=0
Epoch 069 train: loss=0.0443 AUROC=0.9997 AUPRC=0.9963 BalAcc=0.9945 F1=0.9823 MCC=0.9805
Epoch 069 val  : loss=0.2915 AUROC=0.9633 AUPRC=0.5684 BalAcc=0.7599 F1=0.5328 MCC=0.5283
  learning_rate_used=7.039e-05; learning_rate_next=6.647e-05; elapsed=5.7s
  negatives seen=100.0%; hard negatives=0
Epoch 070 train: loss=0.0238 AUROC=0.9998 AUPRC=0.9968 BalAcc=0.9971 F1=0.9837 MCC=0.9822
Epoch 070 val  : loss=0.3924 AUROC=0.9640 AUPRC=0.5634 BalAcc=0.7288 F1=0.5507 MCC=0.5584
  learning_rate_used=6.647e-05; learning_rate_next=6.263e-05; elapsed=5.7s
  negatives seen=100.0%; hard negatives=0
Epoch 071 train: loss=0.0099 AUROC=1.0000 AUPRC=0.9997 BalAcc=0.9978 F1=0.9904 MCC=0.9895
Epoch 071 val  : loss=0.3308 AUROC=0.9653 AUPRC=0.5760 BalAcc=0.7606 F1=0.5778 MCC=0.5771
  learning_rate_used=6.263e-05; learning_rate_next=5.887e-05; elapsed=5.7s
  negatives seen=100.0%; hard negatives=0
Epoch 072 train: loss=0.0132 AUROC=0.9999 AUPRC=0.9987 BalAcc=0.9989 F1=0.9891 MCC=0.9881
Epoch 072 val  : loss=0.3276 AUROC=0.9650 AUPRC=0.5595 BalAcc=0.7403 F1=0.5333 MCC=0.5320
  learning_rate_used=5.887e-05; learning_rate_next=5.521e-05; elapsed=5.6s
  negatives seen=100.0%; hard negatives=0
Epoch 073 train: loss=0.0228 AUROC=0.9999 AUPRC=0.9991 BalAcc=0.9975 F1=0.9877 MCC=0.9865
Epoch 073 val  : loss=0.3572 AUROC=0.9632 AUPRC=0.5588 BalAcc=0.7406 F1=0.5556 MCC=0.5580
  learning_rate_used=5.521e-05; learning_rate_next=5.163e-05; elapsed=5.6s
  negatives seen=100.0%; hard negatives=0
Epoch 074 train: loss=0.0148 AUROC=0.9999 AUPRC=0.9987 BalAcc=0.9983 F1=0.9837 MCC=0.9822
Epoch 074 val  : loss=0.4510 AUROC=0.9644 AUPRC=0.5611 BalAcc=0.6932 F1=0.5304 MCC=0.5683
  learning_rate_used=5.163e-05; learning_rate_next=4.816e-05; elapsed=5.6s
  negatives seen=100.0%; hard negatives=0
Epoch 075 train: loss=0.0241 AUROC=0.9999 AUPRC=0.9986 BalAcc=0.9974 F1=0.9864 MCC=0.9851
Epoch 075 val  : loss=0.4574 AUROC=0.9629 AUPRC=0.5503 BalAcc=0.7131 F1=0.5521 MCC=0.5743
  learning_rate_used=4.816e-05; learning_rate_next=4.479e-05; elapsed=5.7s
Early stopping after 75 epochs.
Binary threshold: 0.824863 (strategy=val-mcc, validation_score=0.602674)
TEST chr10,chr12,chr14,chr16,chr18,chr2,chr20,chr22,chr4,chr6,chr8: loss=0.1837 AUROC=0.9754 AUPRC=0.5616 BalAcc=0.7102 F1=0.5266 MCC=0.5402
Outputs written to /data/projects/SFB_A03/jan/AT_TFBS/human301/runs/CREB3L3/67995_motif64_9_12_epochs100_seed3
Binary predictions: binary_classification_results.tsv
Binary metrics: binary_classification_metrics.json
ROC plot: roc_curve.png
Precision-recall plot: precision_recall_curve.png
Confusion matrix: binary_confusion_matrix.tsv
