Window geometry: 256 bp from 301 bp; crop starts 0..45; shifts -22..+23; fresh uniform draw per access
Evaluation: crops (0, 22, 23, 45), reverse complement=True; all samples
train: n=36,663, positive=363, negative=36,300
  val: n=12,524, positive=124, negative=12,400
 test: n=40,198, positive=398, negative=39,800
Device: cuda
Hidden activation: RELU
Parameters: 1,602,821 total; 1,602,821 trainable
Architecture: motif kernels 9/12; encoder 128/64/64; original five-block bottleneck at 64; decoder 64/128/256
  negatives seen=10.0%; hard negatives=0
Epoch 001 train: loss=1.5462 AUROC=0.5240 AUPRC=0.0963 BalAcc=0.5318 F1=0.1709 MCC=0.0367
Epoch 001 val  : loss=0.6405 AUROC=0.5614 AUPRC=0.0135 BalAcc=0.5539 F1=0.0277 MCC=0.0253
  learning_rate_used=3.000e-04; learning_rate_next=2.999e-04; elapsed=6.7s
  saved new best checkpoint: /data/projects/SFB_A03/jan/AT_TFBS/human301/runs/CREB3L3/68001_ablation_channels128_seed2/best_model.pt (objective=classification-auprc, score=0.013524)
  negatives seen=20.0%; hard negatives=0
Epoch 002 train: loss=1.3030 AUROC=0.6127 AUPRC=0.1490 BalAcc=0.5784 F1=0.2006 MCC=0.0917
Epoch 002 val  : loss=0.4192 AUROC=0.7955 AUPRC=0.0699 BalAcc=0.5723 F1=0.1526 MCC=0.1441
  learning_rate_used=2.999e-04; learning_rate_next=2.997e-04; elapsed=5.4s
  saved new best checkpoint: /data/projects/SFB_A03/jan/AT_TFBS/human301/runs/CREB3L3/68001_ablation_channels128_seed2/best_model.pt (objective=classification-auprc, score=0.069906)
  negatives seen=30.0%; hard negatives=0
Epoch 003 train: loss=1.0218 AUROC=0.7888 AUPRC=0.3883 BalAcc=0.7113 F1=0.3186 MCC=0.2654
Epoch 003 val  : loss=0.2489 AUROC=0.9120 AUPRC=0.1719 BalAcc=0.8046 F1=0.1923 MCC=0.2576
  learning_rate_used=2.997e-04; learning_rate_next=2.993e-04; elapsed=5.5s
  saved new best checkpoint: /data/projects/SFB_A03/jan/AT_TFBS/human301/runs/CREB3L3/68001_ablation_channels128_seed2/best_model.pt (objective=classification-auprc, score=0.171917)
  negatives seen=40.0%; hard negatives=0
Epoch 004 train: loss=0.8455 AUROC=0.8682 AUPRC=0.4517 BalAcc=0.7905 F1=0.4159 MCC=0.3864
Epoch 004 val  : loss=1.7352 AUROC=0.9172 AUPRC=0.1826 BalAcc=0.6002 F1=0.0244 MCC=0.0490
  learning_rate_used=2.993e-04; learning_rate_next=2.988e-04; elapsed=5.4s
  saved new best checkpoint: /data/projects/SFB_A03/jan/AT_TFBS/human301/runs/CREB3L3/68001_ablation_channels128_seed2/best_model.pt (objective=classification-auprc, score=0.182623)
  negatives seen=50.0%; hard negatives=0
Epoch 005 train: loss=0.7277 AUROC=0.9113 AUPRC=0.5693 BalAcc=0.8404 F1=0.4919 MCC=0.4735
Epoch 005 val  : loss=0.3084 AUROC=0.8585 AUPRC=0.1331 BalAcc=0.6257 F1=0.1947 MCC=0.1917
  learning_rate_used=2.988e-04; learning_rate_next=2.982e-04; elapsed=5.4s
  negatives seen=60.0%; hard negatives=0
Epoch 006 train: loss=0.6429 AUROC=0.9287 AUPRC=0.6295 BalAcc=0.8647 F1=0.5475 MCC=0.5308
Epoch 006 val  : loss=0.2459 AUROC=0.9342 AUPRC=0.3927 BalAcc=0.6204 F1=0.3550 MCC=0.3983
  learning_rate_used=2.982e-04; learning_rate_next=2.974e-04; elapsed=5.4s
  saved new best checkpoint: /data/projects/SFB_A03/jan/AT_TFBS/human301/runs/CREB3L3/68001_ablation_channels128_seed2/best_model.pt (objective=classification-auprc, score=0.392699)
  negatives seen=70.0%; hard negatives=0
Epoch 007 train: loss=0.5165 AUROC=0.9535 AUPRC=0.6923 BalAcc=0.8921 F1=0.6272 MCC=0.6104
Epoch 007 val  : loss=1.1853 AUROC=0.9507 AUPRC=0.4155 BalAcc=0.7692 F1=0.0431 MCC=0.1076
  learning_rate_used=2.974e-04; learning_rate_next=2.964e-04; elapsed=5.4s
  saved new best checkpoint: /data/projects/SFB_A03/jan/AT_TFBS/human301/runs/CREB3L3/68001_ablation_channels128_seed2/best_model.pt (objective=classification-auprc, score=0.415524)
  negatives seen=80.0%; hard negatives=0
Epoch 008 train: loss=0.6177 AUROC=0.9446 AUPRC=0.6789 BalAcc=0.8691 F1=0.5877 MCC=0.5663
Epoch 008 val  : loss=0.1451 AUROC=0.9568 AUPRC=0.4782 BalAcc=0.7901 F1=0.4818 MCC=0.4839
  learning_rate_used=2.964e-04; learning_rate_next=2.953e-04; elapsed=5.4s
  saved new best checkpoint: /data/projects/SFB_A03/jan/AT_TFBS/human301/runs/CREB3L3/68001_ablation_channels128_seed2/best_model.pt (objective=classification-auprc, score=0.478227)
  negatives seen=90.0%; hard negatives=0
Epoch 009 train: loss=0.4049 AUROC=0.9726 AUPRC=0.8219 BalAcc=0.9234 F1=0.7247 MCC=0.7091
Epoch 009 val  : loss=0.5028 AUROC=0.9498 AUPRC=0.4442 BalAcc=0.8579 F1=0.0803 MCC=0.1714
  learning_rate_used=2.953e-04; learning_rate_next=2.941e-04; elapsed=5.4s
  negatives seen=100.0%; hard negatives=0
Epoch 010 train: loss=0.3631 AUROC=0.9755 AUPRC=0.7903 BalAcc=0.9190 F1=0.6881 MCC=0.6747
Epoch 010 val  : loss=0.1525 AUROC=0.9524 AUPRC=0.4624 BalAcc=0.8456 F1=0.3278 MCC=0.3805
  learning_rate_used=2.941e-04; learning_rate_next=2.927e-04; elapsed=5.5s
  negatives seen=100.0%; hard negatives=0
Epoch 011 train: loss=0.4155 AUROC=0.9731 AUPRC=0.8157 BalAcc=0.9289 F1=0.7303 MCC=0.7161
Epoch 011 val  : loss=0.1419 AUROC=0.9576 AUPRC=0.4618 BalAcc=0.8052 F1=0.4625 MCC=0.4717
  learning_rate_used=2.927e-04; learning_rate_next=2.912e-04; elapsed=5.5s
  negatives seen=100.0%; hard negatives=0
Epoch 012 train: loss=0.3459 AUROC=0.9807 AUPRC=0.8600 BalAcc=0.9298 F1=0.7419 MCC=0.7271
Epoch 012 val  : loss=0.3738 AUROC=0.9590 AUPRC=0.5142 BalAcc=0.8902 F1=0.1115 MCC=0.2136
  learning_rate_used=2.912e-04; learning_rate_next=2.895e-04; elapsed=5.4s
  saved new best checkpoint: /data/projects/SFB_A03/jan/AT_TFBS/human301/runs/CREB3L3/68001_ablation_channels128_seed2/best_model.pt (objective=classification-auprc, score=0.514216)
  negatives seen=100.0%; hard negatives=0
Epoch 013 train: loss=0.3471 AUROC=0.9802 AUPRC=0.8273 BalAcc=0.9325 F1=0.7517 MCC=0.7371
Epoch 013 val  : loss=0.1388 AUROC=0.9618 AUPRC=0.5315 BalAcc=0.8106 F1=0.5200 MCC=0.5225
  learning_rate_used=2.895e-04; learning_rate_next=2.877e-04; elapsed=5.4s
  saved new best checkpoint: /data/projects/SFB_A03/jan/AT_TFBS/human301/runs/CREB3L3/68001_ablation_channels128_seed2/best_model.pt (objective=classification-auprc, score=0.531480)
  negatives seen=100.0%; hard negatives=0
Epoch 014 train: loss=0.4016 AUROC=0.9777 AUPRC=0.8554 BalAcc=0.9208 F1=0.7431 MCC=0.7255
Epoch 014 val  : loss=0.1969 AUROC=0.9355 AUPRC=0.3598 BalAcc=0.8126 F1=0.2929 MCC=0.3403
  learning_rate_used=2.877e-04; learning_rate_next=2.858e-04; elapsed=5.4s
  negatives seen=100.0%; hard negatives=0
Epoch 015 train: loss=0.3796 AUROC=0.9820 AUPRC=0.8584 BalAcc=0.9344 F1=0.7638 MCC=0.7490
Epoch 015 val  : loss=0.2836 AUROC=0.9490 AUPRC=0.4637 BalAcc=0.7005 F1=0.4950 MCC=0.5046
  learning_rate_used=2.858e-04; learning_rate_next=2.837e-04; elapsed=5.4s
  negatives seen=100.0%; hard negatives=0
Epoch 016 train: loss=0.2603 AUROC=0.9884 AUPRC=0.9029 BalAcc=0.9489 F1=0.8057 MCC=0.7929
Epoch 016 val  : loss=0.3332 AUROC=0.9522 AUPRC=0.4570 BalAcc=0.6565 F1=0.4286 MCC=0.4564
  learning_rate_used=2.837e-04; learning_rate_next=2.815e-04; elapsed=5.5s
  negatives seen=100.0%; hard negatives=0
Epoch 017 train: loss=0.2602 AUROC=0.9905 AUPRC=0.9183 BalAcc=0.9512 F1=0.8138 MCC=0.8014
Epoch 017 val  : loss=2.4341 AUROC=0.9599 AUPRC=0.4709 BalAcc=0.6487 F1=0.0278 MCC=0.0641
  learning_rate_used=2.815e-04; learning_rate_next=2.792e-04; elapsed=5.4s
  negatives seen=100.0%; hard negatives=0
Epoch 018 train: loss=0.2495 AUROC=0.9894 AUPRC=0.9213 BalAcc=0.9494 F1=0.7935 MCC=0.7815
Epoch 018 val  : loss=0.1687 AUROC=0.9559 AUPRC=0.5334 BalAcc=0.7754 F1=0.5227 MCC=0.5186
  learning_rate_used=2.792e-04; learning_rate_next=2.767e-04; elapsed=5.4s
  saved new best checkpoint: /data/projects/SFB_A03/jan/AT_TFBS/human301/runs/CREB3L3/68001_ablation_channels128_seed2/best_model.pt (objective=classification-auprc, score=0.533409)
  negatives seen=100.0%; hard negatives=0
Epoch 019 train: loss=0.2200 AUROC=0.9926 AUPRC=0.9317 BalAcc=0.9572 F1=0.8397 MCC=0.8280
Epoch 019 val  : loss=0.1984 AUROC=0.9556 AUPRC=0.4963 BalAcc=0.8843 F1=0.2279 MCC=0.3166
  learning_rate_used=2.767e-04; learning_rate_next=2.741e-04; elapsed=5.4s
  negatives seen=100.0%; hard negatives=0
Epoch 020 train: loss=0.2181 AUROC=0.9903 AUPRC=0.9203 BalAcc=0.9654 F1=0.8481 MCC=0.8382
Epoch 020 val  : loss=0.1357 AUROC=0.9629 AUPRC=0.5561 BalAcc=0.8364 F1=0.4632 MCC=0.4829
  learning_rate_used=2.741e-04; learning_rate_next=2.714e-04; elapsed=5.5s
  saved new best checkpoint: /data/projects/SFB_A03/jan/AT_TFBS/human301/runs/CREB3L3/68001_ablation_channels128_seed2/best_model.pt (objective=classification-auprc, score=0.556094)
  negatives seen=100.0%; hard negatives=0
Epoch 021 train: loss=0.2066 AUROC=0.9939 AUPRC=0.9445 BalAcc=0.9653 F1=0.8653 MCC=0.8552
Epoch 021 val  : loss=0.3557 AUROC=0.9666 AUPRC=0.5002 BalAcc=0.9126 F1=0.1369 MCC=0.2457
  learning_rate_used=2.714e-04; learning_rate_next=2.686e-04; elapsed=5.4s
  negatives seen=100.0%; hard negatives=0
Epoch 022 train: loss=0.2297 AUROC=0.9907 AUPRC=0.9213 BalAcc=0.9566 F1=0.8269 MCC=0.8154
Epoch 022 val  : loss=0.2540 AUROC=0.9684 AUPRC=0.5435 BalAcc=0.9198 F1=0.1732 MCC=0.2820
  learning_rate_used=2.686e-04; learning_rate_next=2.657e-04; elapsed=5.5s
  negatives seen=100.0%; hard negatives=0
Epoch 023 train: loss=0.1751 AUROC=0.9944 AUPRC=0.9392 BalAcc=0.9690 F1=0.8663 MCC=0.8569
Epoch 023 val  : loss=0.2730 AUROC=0.9660 AUPRC=0.5405 BalAcc=0.6927 F1=0.5000 MCC=0.5194
  learning_rate_used=2.657e-04; learning_rate_next=2.626e-04; elapsed=5.4s
  negatives seen=100.0%; hard negatives=0
Epoch 024 train: loss=0.1558 AUROC=0.9951 AUPRC=0.9454 BalAcc=0.9664 F1=0.8838 MCC=0.8741
Epoch 024 val  : loss=0.5356 AUROC=0.9618 AUPRC=0.5217 BalAcc=0.8705 F1=0.0875 MCC=0.1828
  learning_rate_used=2.626e-04; learning_rate_next=2.595e-04; elapsed=5.4s
  negatives seen=100.0%; hard negatives=0
Epoch 025 train: loss=0.1599 AUROC=0.9948 AUPRC=0.9351 BalAcc=0.9731 F1=0.8897 MCC=0.8812
Epoch 025 val  : loss=0.5554 AUROC=0.9513 AUPRC=0.5219 BalAcc=0.5403 F1=0.1481 MCC=0.2693
  learning_rate_used=2.595e-04; learning_rate_next=2.562e-04; elapsed=5.5s
  negatives seen=100.0%; hard negatives=0
Epoch 026 train: loss=0.2044 AUROC=0.9954 AUPRC=0.9559 BalAcc=0.9587 F1=0.8797 MCC=0.8688
Epoch 026 val  : loss=0.2924 AUROC=0.9625 AUPRC=0.5492 BalAcc=0.6648 F1=0.4633 MCC=0.5028
  learning_rate_used=2.562e-04; learning_rate_next=2.528e-04; elapsed=5.4s
  negatives seen=100.0%; hard negatives=0
Epoch 027 train: loss=0.1873 AUROC=0.9949 AUPRC=0.9598 BalAcc=0.9711 F1=0.8926 MCC=0.8838
Epoch 027 val  : loss=0.3161 AUROC=0.9620 AUPRC=0.5310 BalAcc=0.9016 F1=0.1433 MCC=0.2483
  learning_rate_used=2.528e-04; learning_rate_next=2.494e-04; elapsed=5.4s
  negatives seen=100.0%; hard negatives=0
Epoch 028 train: loss=0.1408 AUROC=0.9962 AUPRC=0.9550 BalAcc=0.9745 F1=0.9012 MCC=0.8931
Epoch 028 val  : loss=0.2136 AUROC=0.9724 AUPRC=0.5759 BalAcc=0.7407 F1=0.5607 MCC=0.5643
  learning_rate_used=2.494e-04; learning_rate_next=2.458e-04; elapsed=5.4s
  saved new best checkpoint: /data/projects/SFB_A03/jan/AT_TFBS/human301/runs/CREB3L3/68001_ablation_channels128_seed2/best_model.pt (objective=classification-auprc, score=0.575856)
  negatives seen=100.0%; hard negatives=0
Epoch 029 train: loss=0.1271 AUROC=0.9961 AUPRC=0.9492 BalAcc=0.9806 F1=0.9013 MCC=0.8941
Epoch 029 val  : loss=0.1548 AUROC=0.9705 AUPRC=0.5229 BalAcc=0.8726 F1=0.3975 MCC=0.4452
  learning_rate_used=2.458e-04; learning_rate_next=2.421e-04; elapsed=5.4s
  negatives seen=100.0%; hard negatives=0
Epoch 030 train: loss=0.1486 AUROC=0.9960 AUPRC=0.9557 BalAcc=0.9676 F1=0.8941 MCC=0.8848
Epoch 030 val  : loss=0.3011 AUROC=0.9666 AUPRC=0.5002 BalAcc=0.9105 F1=0.1785 MCC=0.2836
  learning_rate_used=2.421e-04; learning_rate_next=2.384e-04; elapsed=5.5s
  negatives seen=100.0%; hard negatives=0
Epoch 031 train: loss=0.1296 AUROC=0.9967 AUPRC=0.9644 BalAcc=0.9713 F1=0.8949 MCC=0.8862
Epoch 031 val  : loss=0.3001 AUROC=0.9672 AUPRC=0.5354 BalAcc=0.7047 F1=0.5152 MCC=0.5289
  learning_rate_used=2.384e-04; learning_rate_next=2.345e-04; elapsed=5.4s
  negatives seen=100.0%; hard negatives=0
Epoch 032 train: loss=0.1433 AUROC=0.9969 AUPRC=0.9687 BalAcc=0.9694 F1=0.8990 MCC=0.8901
Epoch 032 val  : loss=0.2319 AUROC=0.9641 AUPRC=0.5385 BalAcc=0.7364 F1=0.5364 MCC=0.5368
  learning_rate_used=2.345e-04; learning_rate_next=2.306e-04; elapsed=5.4s
  negatives seen=100.0%; hard negatives=0
Epoch 033 train: loss=0.1386 AUROC=0.9977 AUPRC=0.9792 BalAcc=0.9773 F1=0.9249 MCC=0.9181
Epoch 033 val  : loss=0.2350 AUROC=0.9725 AUPRC=0.5518 BalAcc=0.9277 F1=0.2034 MCC=0.3115
  learning_rate_used=2.306e-04; learning_rate_next=2.266e-04; elapsed=5.5s
  negatives seen=100.0%; hard negatives=0
Epoch 034 train: loss=0.0994 AUROC=0.9975 AUPRC=0.9686 BalAcc=0.9828 F1=0.9199 MCC=0.9135
Epoch 034 val  : loss=0.3217 AUROC=0.9682 AUPRC=0.5093 BalAcc=0.6924 F1=0.4776 MCC=0.4873
  learning_rate_used=2.266e-04; learning_rate_next=2.225e-04; elapsed=5.4s
  negatives seen=100.0%; hard negatives=0
Epoch 035 train: loss=0.1343 AUROC=0.9967 AUPRC=0.9579 BalAcc=0.9762 F1=0.9049 MCC=0.8971
Epoch 035 val  : loss=0.1291 AUROC=0.9715 AUPRC=0.5592 BalAcc=0.8668 F1=0.4429 MCC=0.4782
  learning_rate_used=2.225e-04; learning_rate_next=2.184e-04; elapsed=5.4s
  negatives seen=100.0%; hard negatives=0
Epoch 036 train: loss=0.1072 AUROC=0.9978 AUPRC=0.9763 BalAcc=0.9802 F1=0.9183 MCC=0.9115
Epoch 036 val  : loss=0.1538 AUROC=0.9664 AUPRC=0.5864 BalAcc=0.8636 F1=0.4612 MCC=0.4913
  learning_rate_used=2.184e-04; learning_rate_next=2.142e-04; elapsed=5.4s
  saved new best checkpoint: /data/projects/SFB_A03/jan/AT_TFBS/human301/runs/CREB3L3/68001_ablation_channels128_seed2/best_model.pt (objective=classification-auprc, score=0.586376)
  negatives seen=100.0%; hard negatives=0
Epoch 037 train: loss=0.0976 AUROC=0.9981 AUPRC=0.9797 BalAcc=0.9813 F1=0.9279 MCC=0.9216
Epoch 037 val  : loss=0.1588 AUROC=0.9666 AUPRC=0.5417 BalAcc=0.8702 F1=0.4292 MCC=0.4688
  learning_rate_used=2.142e-04; learning_rate_next=2.099e-04; elapsed=5.5s
  negatives seen=100.0%; hard negatives=0
Epoch 038 train: loss=0.1303 AUROC=0.9974 AUPRC=0.9711 BalAcc=0.9815 F1=0.9304 MCC=0.9242
Epoch 038 val  : loss=0.2163 AUROC=0.9634 AUPRC=0.5490 BalAcc=0.9056 F1=0.2454 MCC=0.3389
  learning_rate_used=2.099e-04; learning_rate_next=2.055e-04; elapsed=5.4s
  negatives seen=100.0%; hard negatives=0
Epoch 039 train: loss=0.1381 AUROC=0.9971 AUPRC=0.9697 BalAcc=0.9766 F1=0.9084 MCC=0.9008
Epoch 039 val  : loss=0.1516 AUROC=0.9711 AUPRC=0.5696 BalAcc=0.8848 F1=0.3414 MCC=0.4068
  learning_rate_used=2.055e-04; learning_rate_next=2.011e-04; elapsed=5.4s
  negatives seen=100.0%; hard negatives=0
Epoch 040 train: loss=0.1422 AUROC=0.9970 AUPRC=0.9704 BalAcc=0.9793 F1=0.9217 MCC=0.9149
Epoch 040 val  : loss=0.2967 AUROC=0.9676 AUPRC=0.5142 BalAcc=0.7083 F1=0.4976 MCC=0.5025
  learning_rate_used=2.011e-04; learning_rate_next=1.967e-04; elapsed=5.5s
  negatives seen=100.0%; hard negatives=0
Epoch 041 train: loss=0.0831 AUROC=0.9982 AUPRC=0.9783 BalAcc=0.9858 F1=0.9468 MCC=0.9420
Epoch 041 val  : loss=0.1616 AUROC=0.9668 AUPRC=0.5259 BalAcc=0.8836 F1=0.3251 MCC=0.3937
  learning_rate_used=1.967e-04; learning_rate_next=1.922e-04; elapsed=5.4s
  negatives seen=100.0%; hard negatives=0
Epoch 042 train: loss=0.0788 AUROC=0.9988 AUPRC=0.9803 BalAcc=0.9848 F1=0.9492 MCC=0.9445
Epoch 042 val  : loss=0.2181 AUROC=0.9664 AUPRC=0.5501 BalAcc=0.7952 F1=0.5343 MCC=0.5321
  learning_rate_used=1.922e-04; learning_rate_next=1.877e-04; elapsed=5.5s
  negatives seen=100.0%; hard negatives=0
Epoch 043 train: loss=0.1057 AUROC=0.9980 AUPRC=0.9691 BalAcc=0.9806 F1=0.9326 MCC=0.9265
Epoch 043 val  : loss=0.1584 AUROC=0.9708 AUPRC=0.5570 BalAcc=0.8179 F1=0.4984 MCC=0.5059
  learning_rate_used=1.877e-04; learning_rate_next=1.831e-04; elapsed=5.4s
  negatives seen=100.0%; hard negatives=0
Epoch 044 train: loss=0.0604 AUROC=0.9984 AUPRC=0.9788 BalAcc=0.9895 F1=0.9472 MCC=0.9427
Epoch 044 val  : loss=0.1688 AUROC=0.9677 AUPRC=0.5602 BalAcc=0.8370 F1=0.4830 MCC=0.4991
  learning_rate_used=1.831e-04; learning_rate_next=1.785e-04; elapsed=5.4s
  negatives seen=100.0%; hard negatives=0
Epoch 045 train: loss=0.0586 AUROC=0.9991 AUPRC=0.9902 BalAcc=0.9906 F1=0.9573 MCC=0.9535
Epoch 045 val  : loss=0.1514 AUROC=0.9718 AUPRC=0.5696 BalAcc=0.8501 F1=0.4140 MCC=0.4491
  learning_rate_used=1.785e-04; learning_rate_next=1.739e-04; elapsed=5.4s
  negatives seen=100.0%; hard negatives=0
Epoch 046 train: loss=0.0439 AUROC=0.9990 AUPRC=0.9870 BalAcc=0.9920 F1=0.9587 MCC=0.9551
Epoch 046 val  : loss=0.4584 AUROC=0.9697 AUPRC=0.5450 BalAcc=0.6609 F1=0.4624 MCC=0.5105
  learning_rate_used=1.739e-04; learning_rate_next=1.692e-04; elapsed=5.4s
  negatives seen=100.0%; hard negatives=0
Epoch 047 train: loss=0.1062 AUROC=0.9984 AUPRC=0.9815 BalAcc=0.9877 F1=0.9533 MCC=0.9490
Epoch 047 val  : loss=0.4470 AUROC=0.9680 AUPRC=0.5327 BalAcc=0.6568 F1=0.4457 MCC=0.4875
  learning_rate_used=1.692e-04; learning_rate_next=1.646e-04; elapsed=5.5s
  negatives seen=100.0%; hard negatives=0
Epoch 048 train: loss=0.0488 AUROC=0.9993 AUPRC=0.9913 BalAcc=0.9886 F1=0.9610 MCC=0.9573
Epoch 048 val  : loss=0.5793 AUROC=0.9596 AUPRC=0.5355 BalAcc=0.6086 F1=0.3418 MCC=0.4133
  learning_rate_used=1.646e-04; learning_rate_next=1.599e-04; elapsed=5.4s
  negatives seen=100.0%; hard negatives=0
Epoch 049 train: loss=0.0934 AUROC=0.9988 AUPRC=0.9824 BalAcc=0.9833 F1=0.9579 MCC=0.9538
Epoch 049 val  : loss=0.3302 AUROC=0.9559 AUPRC=0.4923 BalAcc=0.7639 F1=0.5366 MCC=0.5320
  learning_rate_used=1.599e-04; learning_rate_next=1.552e-04; elapsed=5.4s
  negatives seen=100.0%; hard negatives=0
Epoch 050 train: loss=0.0601 AUROC=0.9990 AUPRC=0.9873 BalAcc=0.9890 F1=0.9534 MCC=0.9492
Epoch 050 val  : loss=0.2091 AUROC=0.9696 AUPRC=0.5564 BalAcc=0.7951 F1=0.5286 MCC=0.5268
  learning_rate_used=1.552e-04; learning_rate_next=1.505e-04; elapsed=5.5s
  negatives seen=100.0%; hard negatives=0
Epoch 051 train: loss=0.0526 AUROC=0.9991 AUPRC=0.9870 BalAcc=0.9928 F1=0.9664 MCC=0.9634
Epoch 051 val  : loss=0.2759 AUROC=0.9695 AUPRC=0.5521 BalAcc=0.7805 F1=0.5882 MCC=0.5848
  learning_rate_used=1.505e-04; learning_rate_next=1.458e-04; elapsed=5.4s
  negatives seen=100.0%; hard negatives=0
Epoch 052 train: loss=0.0467 AUROC=0.9995 AUPRC=0.9938 BalAcc=0.9916 F1=0.9664 MCC=0.9632
Epoch 052 val  : loss=0.2796 AUROC=0.9702 AUPRC=0.5496 BalAcc=0.7764 F1=0.5798 MCC=0.5763
  learning_rate_used=1.458e-04; learning_rate_next=1.411e-04; elapsed=5.4s
  negatives seen=100.0%; hard negatives=0
Epoch 053 train: loss=0.0482 AUROC=0.9995 AUPRC=0.9933 BalAcc=0.9916 F1=0.9664 MCC=0.9632
Epoch 053 val  : loss=0.2371 AUROC=0.9744 AUPRC=0.5691 BalAcc=0.7920 F1=0.5725 MCC=0.5684
  learning_rate_used=1.411e-04; learning_rate_next=1.364e-04; elapsed=5.4s
  negatives seen=100.0%; hard negatives=0
Epoch 054 train: loss=0.0486 AUROC=0.9997 AUPRC=0.9969 BalAcc=0.9916 F1=0.9664 MCC=0.9632
Epoch 054 val  : loss=0.1798 AUROC=0.9706 AUPRC=0.5574 BalAcc=0.8531 F1=0.5000 MCC=0.5186
  learning_rate_used=1.364e-04; learning_rate_next=1.318e-04; elapsed=5.4s
  negatives seen=100.0%; hard negatives=0
Epoch 055 train: loss=0.0538 AUROC=0.9993 AUPRC=0.9911 BalAcc=0.9913 F1=0.9755 MCC=0.9731
Epoch 055 val  : loss=0.5608 AUROC=0.9706 AUPRC=0.5529 BalAcc=0.6327 F1=0.4000 MCC=0.4602
  learning_rate_used=1.318e-04; learning_rate_next=1.271e-04; elapsed=5.4s
  negatives seen=100.0%; hard negatives=0
Epoch 056 train: loss=0.0256 AUROC=0.9996 AUPRC=0.9954 BalAcc=0.9971 F1=0.9837 MCC=0.9822
Epoch 056 val  : loss=0.2670 AUROC=0.9685 AUPRC=0.5636 BalAcc=0.7920 F1=0.5703 MCC=0.5662
  learning_rate_used=1.271e-04; learning_rate_next=1.225e-04; elapsed=5.4s
Early stopping after 56 epochs.
Binary threshold: 0.766954 (strategy=val-mcc, validation_score=0.604843)
TEST chr10,chr12,chr14,chr16,chr18,chr2,chr20,chr22,chr4,chr6,chr8: loss=0.1301 AUROC=0.9782 AUPRC=0.5493 BalAcc=0.8199 F1=0.5196 MCC=0.5246
Outputs written to /data/projects/SFB_A03/jan/AT_TFBS/human301/runs/CREB3L3/68001_ablation_channels128_seed2
Binary predictions: binary_classification_results.tsv
Binary metrics: binary_classification_metrics.json
ROC plot: roc_curve.png
Precision-recall plot: precision_recall_curve.png
Confusion matrix: binary_confusion_matrix.tsv
