Window geometry: 256 bp from 301 bp; crop starts 0..45; shifts -22..+23; fresh uniform draw per access
Evaluation: crops (0, 22, 23, 45), reverse complement=True; all samples
train: n=36,663, positive=363, negative=36,300
  val: n=12,524, positive=124, negative=12,400
 test: n=40,198, positive=398, negative=39,800
Device: cuda
Hidden activation: RELU
Parameters: 1,032,981 total; 1,032,981 trainable
Architecture: motif kernels 9/12; encoder 128/64/64; original five-block bottleneck at 64; decoder 64/128/256
  negatives seen=10.0%; hard negatives=0
Epoch 001 train: loss=1.4379 AUROC=0.5220 AUPRC=0.0994 BalAcc=0.5121 F1=0.1598 MCC=0.0140
Epoch 001 val  : loss=1.0371 AUROC=0.6511 AUPRC=0.0182 BalAcc=0.5098 F1=0.0200 MCC=0.0095
  learning_rate_used=3.000e-04; learning_rate_next=2.999e-04; elapsed=6.9s
  saved new best checkpoint: /data/projects/SFB_A03/jan/AT_TFBS/human301/runs/CREB3L3/68001_ablation_weight_decay_seed2/best_model.pt (objective=classification-auprc, score=0.018156)
  negatives seen=20.0%; hard negatives=0
Epoch 002 train: loss=1.2540 AUROC=0.6333 AUPRC=0.1539 BalAcc=0.6043 F1=0.2174 MCC=0.1217
Epoch 002 val  : loss=0.5961 AUROC=0.7720 AUPRC=0.0605 BalAcc=0.7048 F1=0.0534 MCC=0.0974
  learning_rate_used=2.999e-04; learning_rate_next=2.997e-04; elapsed=5.6s
  saved new best checkpoint: /data/projects/SFB_A03/jan/AT_TFBS/human301/runs/CREB3L3/68001_ablation_weight_decay_seed2/best_model.pt (objective=classification-auprc, score=0.060497)
  negatives seen=30.0%; hard negatives=0
Epoch 003 train: loss=1.0782 AUROC=0.7569 AUPRC=0.3026 BalAcc=0.6753 F1=0.2854 MCC=0.2181
Epoch 003 val  : loss=1.2175 AUROC=0.8828 AUPRC=0.1343 BalAcc=0.6559 F1=0.0284 MCC=0.0659
  learning_rate_used=2.997e-04; learning_rate_next=2.993e-04; elapsed=5.6s
  saved new best checkpoint: /data/projects/SFB_A03/jan/AT_TFBS/human301/runs/CREB3L3/68001_ablation_weight_decay_seed2/best_model.pt (objective=classification-auprc, score=0.134251)
  negatives seen=40.0%; hard negatives=0
Epoch 004 train: loss=0.9291 AUROC=0.8357 AUPRC=0.3932 BalAcc=0.7494 F1=0.3640 MCC=0.3227
Epoch 004 val  : loss=0.2206 AUROC=0.9202 AUPRC=0.2259 BalAcc=0.7737 F1=0.2056 MCC=0.2566
  learning_rate_used=2.993e-04; learning_rate_next=2.988e-04; elapsed=5.6s
  saved new best checkpoint: /data/projects/SFB_A03/jan/AT_TFBS/human301/runs/CREB3L3/68001_ablation_weight_decay_seed2/best_model.pt (objective=classification-auprc, score=0.225863)
  negatives seen=50.0%; hard negatives=0
Epoch 005 train: loss=0.8030 AUROC=0.8876 AUPRC=0.5235 BalAcc=0.8120 F1=0.4574 MCC=0.4307
Epoch 005 val  : loss=0.2937 AUROC=0.9088 AUPRC=0.1924 BalAcc=0.8187 F1=0.1471 MCC=0.2242
  learning_rate_used=2.988e-04; learning_rate_next=2.982e-04; elapsed=5.6s
  negatives seen=60.0%; hard negatives=0
Epoch 006 train: loss=0.7026 AUROC=0.9133 AUPRC=0.6013 BalAcc=0.8220 F1=0.4721 MCC=0.4478
Epoch 006 val  : loss=0.2379 AUROC=0.9406 AUPRC=0.3606 BalAcc=0.8748 F1=0.1805 MCC=0.2731
  learning_rate_used=2.982e-04; learning_rate_next=2.974e-04; elapsed=5.6s
  saved new best checkpoint: /data/projects/SFB_A03/jan/AT_TFBS/human301/runs/CREB3L3/68001_ablation_weight_decay_seed2/best_model.pt (objective=classification-auprc, score=0.360602)
  negatives seen=70.0%; hard negatives=0
Epoch 007 train: loss=0.5879 AUROC=0.9391 AUPRC=0.6817 BalAcc=0.8697 F1=0.5733 MCC=0.5544
Epoch 007 val  : loss=0.8969 AUROC=0.9392 AUPRC=0.3351 BalAcc=0.7826 F1=0.0464 MCC=0.1142
  learning_rate_used=2.974e-04; learning_rate_next=2.964e-04; elapsed=5.6s
  negatives seen=80.0%; hard negatives=0
Epoch 008 train: loss=0.5251 AUROC=0.9513 AUPRC=0.7179 BalAcc=0.8825 F1=0.5867 MCC=0.5717
Epoch 008 val  : loss=0.1914 AUROC=0.9485 AUPRC=0.4064 BalAcc=0.8427 F1=0.2230 MCC=0.2970
  learning_rate_used=2.964e-04; learning_rate_next=2.953e-04; elapsed=5.6s
  saved new best checkpoint: /data/projects/SFB_A03/jan/AT_TFBS/human301/runs/CREB3L3/68001_ablation_weight_decay_seed2/best_model.pt (objective=classification-auprc, score=0.406351)
  negatives seen=90.0%; hard negatives=0
Epoch 009 train: loss=0.5247 AUROC=0.9537 AUPRC=0.7387 BalAcc=0.9025 F1=0.6605 MCC=0.6437
Epoch 009 val  : loss=0.1525 AUROC=0.9572 AUPRC=0.4716 BalAcc=0.8327 F1=0.3720 MCC=0.4096
  learning_rate_used=2.953e-04; learning_rate_next=2.941e-04; elapsed=5.6s
  saved new best checkpoint: /data/projects/SFB_A03/jan/AT_TFBS/human301/runs/CREB3L3/68001_ablation_weight_decay_seed2/best_model.pt (objective=classification-auprc, score=0.471570)
  negatives seen=100.0%; hard negatives=0
Epoch 010 train: loss=0.4879 AUROC=0.9585 AUPRC=0.7712 BalAcc=0.8989 F1=0.6285 MCC=0.6145
Epoch 010 val  : loss=0.1573 AUROC=0.9424 AUPRC=0.4406 BalAcc=0.7469 F1=0.4715 MCC=0.4667
  learning_rate_used=2.941e-04; learning_rate_next=2.927e-04; elapsed=5.6s
  negatives seen=100.0%; hard negatives=0
Epoch 011 train: loss=0.3951 AUROC=0.9715 AUPRC=0.7896 BalAcc=0.9241 F1=0.7033 MCC=0.6901
Epoch 011 val  : loss=0.1454 AUROC=0.9517 AUPRC=0.4911 BalAcc=0.8306 F1=0.4098 MCC=0.4382
  learning_rate_used=2.927e-04; learning_rate_next=2.912e-04; elapsed=5.6s
  saved new best checkpoint: /data/projects/SFB_A03/jan/AT_TFBS/human301/runs/CREB3L3/68001_ablation_weight_decay_seed2/best_model.pt (objective=classification-auprc, score=0.491149)
  negatives seen=100.0%; hard negatives=0
Epoch 012 train: loss=0.3377 AUROC=0.9787 AUPRC=0.8556 BalAcc=0.9299 F1=0.7228 MCC=0.7097
Epoch 012 val  : loss=0.1867 AUROC=0.9529 AUPRC=0.4770 BalAcc=0.8866 F1=0.2431 MCC=0.3299
  learning_rate_used=2.912e-04; learning_rate_next=2.895e-04; elapsed=5.6s
  negatives seen=100.0%; hard negatives=0
Epoch 013 train: loss=0.3375 AUROC=0.9792 AUPRC=0.8476 BalAcc=0.9332 F1=0.7489 MCC=0.7347
Epoch 013 val  : loss=0.1729 AUROC=0.9560 AUPRC=0.5069 BalAcc=0.7125 F1=0.5096 MCC=0.5154
  learning_rate_used=2.895e-04; learning_rate_next=2.877e-04; elapsed=5.6s
  saved new best checkpoint: /data/projects/SFB_A03/jan/AT_TFBS/human301/runs/CREB3L3/68001_ablation_weight_decay_seed2/best_model.pt (objective=classification-auprc, score=0.506929)
  negatives seen=100.0%; hard negatives=0
Epoch 014 train: loss=0.3040 AUROC=0.9846 AUPRC=0.8668 BalAcc=0.9380 F1=0.7645 MCC=0.7508
Epoch 014 val  : loss=0.1681 AUROC=0.9498 AUPRC=0.4067 BalAcc=0.8237 F1=0.3473 MCC=0.3868
  learning_rate_used=2.877e-04; learning_rate_next=2.858e-04; elapsed=5.6s
  negatives seen=100.0%; hard negatives=0
Epoch 015 train: loss=0.2911 AUROC=0.9862 AUPRC=0.8910 BalAcc=0.9450 F1=0.7875 MCC=0.7745
Epoch 015 val  : loss=0.2208 AUROC=0.9491 AUPRC=0.4508 BalAcc=0.6884 F1=0.4724 MCC=0.4835
  learning_rate_used=2.858e-04; learning_rate_next=2.837e-04; elapsed=5.6s
  negatives seen=100.0%; hard negatives=0
Epoch 016 train: loss=0.2894 AUROC=0.9868 AUPRC=0.9010 BalAcc=0.9379 F1=0.7863 MCC=0.7714
Epoch 016 val  : loss=0.2150 AUROC=0.9548 AUPRC=0.4600 BalAcc=0.7041 F1=0.4789 MCC=0.4812
  learning_rate_used=2.837e-04; learning_rate_next=2.815e-04; elapsed=5.6s
  negatives seen=100.0%; hard negatives=0
Epoch 017 train: loss=0.2560 AUROC=0.9898 AUPRC=0.9201 BalAcc=0.9496 F1=0.8274 MCC=0.8143
Epoch 017 val  : loss=1.1500 AUROC=0.9591 AUPRC=0.4886 BalAcc=0.7871 F1=0.0463 MCC=0.1157
  learning_rate_used=2.815e-04; learning_rate_next=2.792e-04; elapsed=5.6s
  negatives seen=100.0%; hard negatives=0
Epoch 018 train: loss=0.2784 AUROC=0.9857 AUPRC=0.8909 BalAcc=0.9522 F1=0.7886 MCC=0.7776
Epoch 018 val  : loss=0.1590 AUROC=0.9537 AUPRC=0.4648 BalAcc=0.7539 F1=0.4384 MCC=0.4370
  learning_rate_used=2.792e-04; learning_rate_next=2.767e-04; elapsed=5.6s
  negatives seen=100.0%; hard negatives=0
Epoch 019 train: loss=0.2056 AUROC=0.9916 AUPRC=0.9221 BalAcc=0.9614 F1=0.8449 MCC=0.8342
Epoch 019 val  : loss=0.2439 AUROC=0.9521 AUPRC=0.4969 BalAcc=0.7127 F1=0.5248 MCC=0.5354
  learning_rate_used=2.767e-04; learning_rate_next=2.741e-04; elapsed=5.6s
  negatives seen=100.0%; hard negatives=0
Epoch 020 train: loss=0.2305 AUROC=0.9917 AUPRC=0.9244 BalAcc=0.9533 F1=0.8464 MCC=0.8340
Epoch 020 val  : loss=0.1915 AUROC=0.9621 AUPRC=0.4804 BalAcc=0.7434 F1=0.4919 MCC=0.4869
  learning_rate_used=2.741e-04; learning_rate_next=2.714e-04; elapsed=5.6s
  negatives seen=100.0%; hard negatives=0
Epoch 021 train: loss=0.1855 AUROC=0.9928 AUPRC=0.9226 BalAcc=0.9682 F1=0.8421 MCC=0.8330
Epoch 021 val  : loss=0.1370 AUROC=0.9609 AUPRC=0.5184 BalAcc=0.8728 F1=0.4008 MCC=0.4479
  learning_rate_used=2.714e-04; learning_rate_next=2.686e-04; elapsed=5.6s
  saved new best checkpoint: /data/projects/SFB_A03/jan/AT_TFBS/human301/runs/CREB3L3/68001_ablation_weight_decay_seed2/best_model.pt (objective=classification-auprc, score=0.518360)
  negatives seen=100.0%; hard negatives=0
Epoch 022 train: loss=0.2009 AUROC=0.9935 AUPRC=0.9343 BalAcc=0.9555 F1=0.8362 MCC=0.8242
Epoch 022 val  : loss=0.1687 AUROC=0.9604 AUPRC=0.5296 BalAcc=0.8976 F1=0.2712 MCC=0.3568
  learning_rate_used=2.686e-04; learning_rate_next=2.657e-04; elapsed=5.6s
  saved new best checkpoint: /data/projects/SFB_A03/jan/AT_TFBS/human301/runs/CREB3L3/68001_ablation_weight_decay_seed2/best_model.pt (objective=classification-auprc, score=0.529567)
  negatives seen=100.0%; hard negatives=0
Epoch 023 train: loss=0.1898 AUROC=0.9938 AUPRC=0.9350 BalAcc=0.9657 F1=0.8593 MCC=0.8492
Epoch 023 val  : loss=0.2008 AUROC=0.9564 AUPRC=0.4879 BalAcc=0.7480 F1=0.5254 MCC=0.5216
  learning_rate_used=2.657e-04; learning_rate_next=2.626e-04; elapsed=5.6s
  negatives seen=100.0%; hard negatives=0
Epoch 024 train: loss=0.2044 AUROC=0.9929 AUPRC=0.9393 BalAcc=0.9595 F1=0.8307 MCC=0.8198
Epoch 024 val  : loss=0.1480 AUROC=0.9577 AUPRC=0.5380 BalAcc=0.8169 F1=0.4651 MCC=0.4777
  learning_rate_used=2.626e-04; learning_rate_next=2.595e-04; elapsed=5.6s
  saved new best checkpoint: /data/projects/SFB_A03/jan/AT_TFBS/human301/runs/CREB3L3/68001_ablation_weight_decay_seed2/best_model.pt (objective=classification-auprc, score=0.537981)
  negatives seen=100.0%; hard negatives=0
Epoch 025 train: loss=0.1290 AUROC=0.9958 AUPRC=0.9459 BalAcc=0.9737 F1=0.8844 MCC=0.8759
Epoch 025 val  : loss=0.2970 AUROC=0.9497 AUPRC=0.4864 BalAcc=0.7003 F1=0.4831 MCC=0.4888
  learning_rate_used=2.595e-04; learning_rate_next=2.562e-04; elapsed=5.6s
  negatives seen=100.0%; hard negatives=0
Epoch 026 train: loss=0.1671 AUROC=0.9949 AUPRC=0.9468 BalAcc=0.9663 F1=0.8730 MCC=0.8630
Epoch 026 val  : loss=0.3230 AUROC=0.9507 AUPRC=0.4855 BalAcc=0.6685 F1=0.4492 MCC=0.4717
  learning_rate_used=2.562e-04; learning_rate_next=2.528e-04; elapsed=5.6s
  negatives seen=100.0%; hard negatives=0
Epoch 027 train: loss=0.1599 AUROC=0.9960 AUPRC=0.9594 BalAcc=0.9656 F1=0.8771 MCC=0.8671
Epoch 027 val  : loss=0.2156 AUROC=0.9563 AUPRC=0.5037 BalAcc=0.7633 F1=0.5077 MCC=0.5031
  learning_rate_used=2.528e-04; learning_rate_next=2.494e-04; elapsed=5.6s
  negatives seen=100.0%; hard negatives=0
Epoch 028 train: loss=0.1511 AUROC=0.9954 AUPRC=0.9471 BalAcc=0.9747 F1=0.8825 MCC=0.8742
Epoch 028 val  : loss=0.3287 AUROC=0.9494 AUPRC=0.4964 BalAcc=0.6727 F1=0.4674 MCC=0.4953
  learning_rate_used=2.494e-04; learning_rate_next=2.458e-04; elapsed=5.6s
  negatives seen=100.0%; hard negatives=0
Epoch 029 train: loss=0.1876 AUROC=0.9930 AUPRC=0.9435 BalAcc=0.9712 F1=0.8838 MCC=0.8749
Epoch 029 val  : loss=0.1524 AUROC=0.9593 AUPRC=0.5265 BalAcc=0.8592 F1=0.3054 MCC=0.3686
  learning_rate_used=2.458e-04; learning_rate_next=2.421e-04; elapsed=5.6s
  negatives seen=100.0%; hard negatives=0
Epoch 030 train: loss=0.1285 AUROC=0.9960 AUPRC=0.9521 BalAcc=0.9770 F1=0.9017 MCC=0.8939
Epoch 030 val  : loss=0.1839 AUROC=0.9530 AUPRC=0.4732 BalAcc=0.8158 F1=0.3425 MCC=0.3799
  learning_rate_used=2.421e-04; learning_rate_next=2.384e-04; elapsed=5.6s
  negatives seen=100.0%; hard negatives=0
Epoch 031 train: loss=0.1502 AUROC=0.9958 AUPRC=0.9518 BalAcc=0.9686 F1=0.8821 MCC=0.8727
Epoch 031 val  : loss=0.1481 AUROC=0.9618 AUPRC=0.5204 BalAcc=0.8572 F1=0.3297 MCC=0.3867
  learning_rate_used=2.384e-04; learning_rate_next=2.345e-04; elapsed=5.6s
  negatives seen=100.0%; hard negatives=0
Epoch 032 train: loss=0.1309 AUROC=0.9970 AUPRC=0.9702 BalAcc=0.9777 F1=0.9075 MCC=0.9000
Epoch 032 val  : loss=0.5640 AUROC=0.9627 AUPRC=0.5179 BalAcc=0.8723 F1=0.0840 MCC=0.1796
  learning_rate_used=2.345e-04; learning_rate_next=2.306e-04; elapsed=5.6s
  negatives seen=100.0%; hard negatives=0
Epoch 033 train: loss=0.1551 AUROC=0.9965 AUPRC=0.9642 BalAcc=0.9740 F1=0.9067 MCC=0.8988
Epoch 033 val  : loss=0.1479 AUROC=0.9572 AUPRC=0.5372 BalAcc=0.8427 F1=0.4234 MCC=0.4536
  learning_rate_used=2.306e-04; learning_rate_next=2.266e-04; elapsed=5.6s
  negatives seen=100.0%; hard negatives=0
Epoch 034 train: loss=0.1187 AUROC=0.9969 AUPRC=0.9721 BalAcc=0.9814 F1=0.9185 MCC=0.9119
Epoch 034 val  : loss=0.1753 AUROC=0.9558 AUPRC=0.5019 BalAcc=0.7933 F1=0.4554 MCC=0.4621
  learning_rate_used=2.266e-04; learning_rate_next=2.225e-04; elapsed=5.6s
  negatives seen=100.0%; hard negatives=0
Epoch 035 train: loss=0.0856 AUROC=0.9974 AUPRC=0.9686 BalAcc=0.9848 F1=0.9273 MCC=0.9214
Epoch 035 val  : loss=0.2441 AUROC=0.9590 AUPRC=0.5177 BalAcc=0.9170 F1=0.1891 MCC=0.2953
  learning_rate_used=2.225e-04; learning_rate_next=2.184e-04; elapsed=5.6s
  negatives seen=100.0%; hard negatives=0
Epoch 036 train: loss=0.1117 AUROC=0.9980 AUPRC=0.9799 BalAcc=0.9798 F1=0.9147 MCC=0.9078
Epoch 036 val  : loss=0.3660 AUROC=0.9597 AUPRC=0.5199 BalAcc=0.9134 F1=0.1385 MCC=0.2476
  learning_rate_used=2.184e-04; learning_rate_next=2.142e-04; elapsed=5.6s
  negatives seen=100.0%; hard negatives=0
Epoch 037 train: loss=0.1055 AUROC=0.9977 AUPRC=0.9692 BalAcc=0.9810 F1=0.9149 MCC=0.9082
Epoch 037 val  : loss=0.2236 AUROC=0.9571 AUPRC=0.5299 BalAcc=0.7635 F1=0.5197 MCC=0.5149
  learning_rate_used=2.142e-04; learning_rate_next=2.099e-04; elapsed=5.6s
  negatives seen=100.0%; hard negatives=0
Epoch 038 train: loss=0.0943 AUROC=0.9978 AUPRC=0.9748 BalAcc=0.9828 F1=0.9199 MCC=0.9135
Epoch 038 val  : loss=0.3148 AUROC=0.9508 AUPRC=0.4916 BalAcc=0.7281 F1=0.5089 MCC=0.5075
  learning_rate_used=2.099e-04; learning_rate_next=2.055e-04; elapsed=5.6s
  negatives seen=100.0%; hard negatives=0
Epoch 039 train: loss=0.0935 AUROC=0.9983 AUPRC=0.9786 BalAcc=0.9831 F1=0.9330 MCC=0.9271
Epoch 039 val  : loss=0.2028 AUROC=0.9478 AUPRC=0.4775 BalAcc=0.8140 F1=0.3828 MCC=0.4106
  learning_rate_used=2.055e-04; learning_rate_next=2.011e-04; elapsed=5.6s
  negatives seen=100.0%; hard negatives=0
Epoch 040 train: loss=0.1399 AUROC=0.9968 AUPRC=0.9624 BalAcc=0.9748 F1=0.9138 MCC=0.9062
Epoch 040 val  : loss=0.1851 AUROC=0.9627 AUPRC=0.5230 BalAcc=0.7831 F1=0.5182 MCC=0.5153
  learning_rate_used=2.011e-04; learning_rate_next=1.967e-04; elapsed=5.6s
  negatives seen=100.0%; hard negatives=0
Epoch 041 train: loss=0.0673 AUROC=0.9987 AUPRC=0.9849 BalAcc=0.9866 F1=0.9432 MCC=0.9382
Epoch 041 val  : loss=0.1804 AUROC=0.9635 AUPRC=0.5582 BalAcc=0.7874 F1=0.5373 MCC=0.5339
  learning_rate_used=1.967e-04; learning_rate_next=1.922e-04; elapsed=5.6s
  saved new best checkpoint: /data/projects/SFB_A03/jan/AT_TFBS/human301/runs/CREB3L3/68001_ablation_weight_decay_seed2/best_model.pt (objective=classification-auprc, score=0.558207)
  negatives seen=100.0%; hard negatives=0
Epoch 042 train: loss=0.0904 AUROC=0.9989 AUPRC=0.9866 BalAcc=0.9877 F1=0.9533 MCC=0.9490
Epoch 042 val  : loss=0.2042 AUROC=0.9591 AUPRC=0.5328 BalAcc=0.7717 F1=0.5354 MCC=0.5308
  learning_rate_used=1.922e-04; learning_rate_next=1.877e-04; elapsed=5.6s
  negatives seen=100.0%; hard negatives=0
Epoch 043 train: loss=0.1442 AUROC=0.9983 AUPRC=0.9822 BalAcc=0.9731 F1=0.9315 MCC=0.9249
Epoch 043 val  : loss=0.1589 AUROC=0.9580 AUPRC=0.5198 BalAcc=0.8244 F1=0.4530 MCC=0.4704
  learning_rate_used=1.877e-04; learning_rate_next=1.831e-04; elapsed=5.6s
  negatives seen=100.0%; hard negatives=0
Epoch 044 train: loss=0.1310 AUROC=0.9981 AUPRC=0.9812 BalAcc=0.9798 F1=0.9362 MCC=0.9302
Epoch 044 val  : loss=0.1650 AUROC=0.9517 AUPRC=0.5465 BalAcc=0.8460 F1=0.3340 MCC=0.3854
  learning_rate_used=1.831e-04; learning_rate_next=1.785e-04; elapsed=5.6s
  negatives seen=100.0%; hard negatives=0
Epoch 045 train: loss=0.0839 AUROC=0.9990 AUPRC=0.9901 BalAcc=0.9770 F1=0.9333 MCC=0.9270
Epoch 045 val  : loss=0.2035 AUROC=0.9509 AUPRC=0.5357 BalAcc=0.7901 F1=0.4818 MCC=0.4839
  learning_rate_used=1.785e-04; learning_rate_next=1.739e-04; elapsed=5.6s
  negatives seen=100.0%; hard negatives=0
Epoch 046 train: loss=0.0819 AUROC=0.9982 AUPRC=0.9693 BalAcc=0.9818 F1=0.9439 MCC=0.9385
Epoch 046 val  : loss=0.2593 AUROC=0.9630 AUPRC=0.5282 BalAcc=0.7437 F1=0.5062 MCC=0.5016
  learning_rate_used=1.739e-04; learning_rate_next=1.692e-04; elapsed=5.7s
  negatives seen=100.0%; hard negatives=0
Epoch 047 train: loss=0.0668 AUROC=0.9989 AUPRC=0.9845 BalAcc=0.9919 F1=0.9574 MCC=0.9537
Epoch 047 val  : loss=0.1850 AUROC=0.9574 AUPRC=0.5176 BalAcc=0.8021 F1=0.4935 MCC=0.4972
  learning_rate_used=1.692e-04; learning_rate_next=1.646e-04; elapsed=5.6s
  negatives seen=100.0%; hard negatives=0
Epoch 048 train: loss=0.0699 AUROC=0.9988 AUPRC=0.9843 BalAcc=0.9893 F1=0.9447 MCC=0.9401
Epoch 048 val  : loss=0.5334 AUROC=0.9527 AUPRC=0.5052 BalAcc=0.6288 F1=0.3975 MCC=0.4700
  learning_rate_used=1.646e-04; learning_rate_next=1.599e-04; elapsed=5.7s
  negatives seen=100.0%; hard negatives=0
Epoch 049 train: loss=0.1057 AUROC=0.9984 AUPRC=0.9811 BalAcc=0.9822 F1=0.9365 MCC=0.9308
Epoch 049 val  : loss=0.5174 AUROC=0.9616 AUPRC=0.5435 BalAcc=0.6048 F1=0.3421 MCC=0.4392
  learning_rate_used=1.599e-04; learning_rate_next=1.552e-04; elapsed=5.6s
  negatives seen=100.0%; hard negatives=0
Epoch 050 train: loss=0.0625 AUROC=0.9988 AUPRC=0.9846 BalAcc=0.9873 F1=0.9495 MCC=0.9449
Epoch 050 val  : loss=0.1902 AUROC=0.9623 AUPRC=0.5464 BalAcc=0.7896 F1=0.4635 MCC=0.4679
  learning_rate_used=1.552e-04; learning_rate_next=1.505e-04; elapsed=5.6s
  negatives seen=100.0%; hard negatives=0
Epoch 051 train: loss=0.0735 AUROC=0.9990 AUPRC=0.9853 BalAcc=0.9864 F1=0.9519 MCC=0.9474
Epoch 051 val  : loss=0.3990 AUROC=0.9517 AUPRC=0.5153 BalAcc=0.6889 F1=0.5054 MCC=0.5330
  learning_rate_used=1.505e-04; learning_rate_next=1.458e-04; elapsed=5.6s
  negatives seen=100.0%; hard negatives=0
Epoch 052 train: loss=0.0850 AUROC=0.9990 AUPRC=0.9882 BalAcc=0.9865 F1=0.9531 MCC=0.9488
Epoch 052 val  : loss=0.2950 AUROC=0.9575 AUPRC=0.5208 BalAcc=0.7165 F1=0.5167 MCC=0.5221
  learning_rate_used=1.458e-04; learning_rate_next=1.411e-04; elapsed=5.6s
  negatives seen=100.0%; hard negatives=0
Epoch 053 train: loss=0.0314 AUROC=0.9996 AUPRC=0.9932 BalAcc=0.9926 F1=0.9755 MCC=0.9732
Epoch 053 val  : loss=0.3346 AUROC=0.9604 AUPRC=0.5170 BalAcc=0.7048 F1=0.5204 MCC=0.5364
  learning_rate_used=1.411e-04; learning_rate_next=1.364e-04; elapsed=5.6s
  negatives seen=100.0%; hard negatives=0
Epoch 054 train: loss=0.0491 AUROC=0.9994 AUPRC=0.9936 BalAcc=0.9905 F1=0.9676 MCC=0.9645
Epoch 054 val  : loss=0.2250 AUROC=0.9580 AUPRC=0.5379 BalAcc=0.7893 F1=0.4534 MCC=0.4593
  learning_rate_used=1.364e-04; learning_rate_next=1.318e-04; elapsed=5.6s
  negatives seen=100.0%; hard negatives=0
Epoch 055 train: loss=0.0475 AUROC=0.9994 AUPRC=0.9933 BalAcc=0.9880 F1=0.9674 MCC=0.9642
Epoch 055 val  : loss=0.3928 AUROC=0.9605 AUPRC=0.5491 BalAcc=0.6968 F1=0.5078 MCC=0.5264
  learning_rate_used=1.318e-04; learning_rate_next=1.271e-04; elapsed=5.6s
  negatives seen=100.0%; hard negatives=0
Epoch 056 train: loss=0.0564 AUROC=0.9995 AUPRC=0.9946 BalAcc=0.9890 F1=0.9649 MCC=0.9615
Epoch 056 val  : loss=0.2035 AUROC=0.9593 AUPRC=0.5438 BalAcc=0.8199 F1=0.4355 MCC=0.4547
  learning_rate_used=1.271e-04; learning_rate_next=1.225e-04; elapsed=5.6s
  negatives seen=100.0%; hard negatives=0
Epoch 057 train: loss=0.0597 AUROC=0.9992 AUPRC=0.9902 BalAcc=0.9883 F1=0.9584 MCC=0.9545
Epoch 057 val  : loss=0.1790 AUROC=0.9617 AUPRC=0.5416 BalAcc=0.8198 F1=0.4332 MCC=0.4528
  learning_rate_used=1.225e-04; learning_rate_next=1.179e-04; elapsed=5.6s
  negatives seen=100.0%; hard negatives=0
Epoch 058 train: loss=0.0542 AUROC=0.9994 AUPRC=0.9936 BalAcc=0.9927 F1=0.9651 MCC=0.9620
Epoch 058 val  : loss=0.2813 AUROC=0.9631 AUPRC=0.5382 BalAcc=0.7477 F1=0.5103 MCC=0.5056
  learning_rate_used=1.179e-04; learning_rate_next=1.133e-04; elapsed=5.6s
  negatives seen=100.0%; hard negatives=0
Epoch 059 train: loss=0.0309 AUROC=0.9996 AUPRC=0.9939 BalAcc=0.9964 F1=0.9771 MCC=0.9750
Epoch 059 val  : loss=0.4517 AUROC=0.9661 AUPRC=0.5401 BalAcc=0.6810 F1=0.5000 MCC=0.5372
  learning_rate_used=1.133e-04; learning_rate_next=1.088e-04; elapsed=5.6s
  negatives seen=100.0%; hard negatives=0
Epoch 060 train: loss=0.0430 AUROC=0.9995 AUPRC=0.9926 BalAcc=0.9895 F1=0.9701 MCC=0.9672
Epoch 060 val  : loss=0.2851 AUROC=0.9623 AUPRC=0.5306 BalAcc=0.7560 F1=0.5378 MCC=0.5339
  learning_rate_used=1.088e-04; learning_rate_next=1.043e-04; elapsed=5.6s
  negatives seen=100.0%; hard negatives=0
Epoch 061 train: loss=0.0171 AUROC=0.9998 AUPRC=0.9962 BalAcc=0.9977 F1=0.9891 MCC=0.9880
Epoch 061 val  : loss=0.3128 AUROC=0.9653 AUPRC=0.5455 BalAcc=0.7404 F1=0.5430 MCC=0.5431
  learning_rate_used=1.043e-04; learning_rate_next=9.986e-05; elapsed=5.6s
Early stopping after 61 epochs.
Binary threshold: 0.906383 (strategy=val-mcc, validation_score=0.560602)
TEST chr10,chr12,chr14,chr16,chr18,chr2,chr20,chr22,chr4,chr6,chr8: loss=0.1524 AUROC=0.9764 AUPRC=0.5336 BalAcc=0.6750 F1=0.4620 MCC=0.4831
Outputs written to /data/projects/SFB_A03/jan/AT_TFBS/human301/runs/CREB3L3/68001_ablation_weight_decay_seed2
Binary predictions: binary_classification_results.tsv
Binary metrics: binary_classification_metrics.json
ROC plot: roc_curve.png
Precision-recall plot: precision_recall_curve.png
Confusion matrix: binary_confusion_matrix.tsv
