Window geometry: 256 bp from 301 bp; crop starts 0..45; shifts -22..+23; fresh uniform draw per access
Evaluation: crops (0, 22, 23, 45), reverse complement=True; all samples
train: n=36,663, positive=363, negative=36,300
  val: n=12,524, positive=124, negative=12,400
 test: n=40,198, positive=398, negative=39,800
Device: cuda
Hidden activation: RELU
Parameters: 1,604,741 total; 1,604,741 trainable
Architecture: motif kernels 9/12/15/21; encoder 128/64/64; original five-block bottleneck at 64; decoder 64/128/256
  negatives seen=10.0%; hard negatives=0
Epoch 001 train: loss=1.5010 AUROC=0.5406 AUPRC=0.1005 BalAcc=0.5321 F1=0.1713 MCC=0.0370
Epoch 001 val  : loss=0.7399 AUROC=0.6979 AUPRC=0.0210 BalAcc=0.6335 F1=0.0307 MCC=0.0531
  learning_rate_used=3.000e-04; learning_rate_next=2.999e-04; elapsed=6.9s
  saved new best checkpoint: /data/projects/SFB_A03/jan/AT_TFBS/human301/runs/CREB3L3/68001_ablation_multi32_seed3/best_model.pt (objective=classification-auprc, score=0.021035)
  negatives seen=20.0%; hard negatives=0
Epoch 002 train: loss=1.3100 AUROC=0.6367 AUPRC=0.1617 BalAcc=0.5996 F1=0.2174 MCC=0.1186
Epoch 002 val  : loss=0.3433 AUROC=0.8330 AUPRC=0.1123 BalAcc=0.6649 F1=0.1841 MCC=0.1970
  learning_rate_used=2.999e-04; learning_rate_next=2.997e-04; elapsed=5.6s
  saved new best checkpoint: /data/projects/SFB_A03/jan/AT_TFBS/human301/runs/CREB3L3/68001_ablation_multi32_seed3/best_model.pt (objective=classification-auprc, score=0.112255)
  negatives seen=30.0%; hard negatives=0
Epoch 003 train: loss=1.0097 AUROC=0.8081 AUPRC=0.3494 BalAcc=0.7310 F1=0.3375 MCC=0.2917
Epoch 003 val  : loss=0.2370 AUROC=0.9047 AUPRC=0.1741 BalAcc=0.7779 F1=0.2099 MCC=0.2617
  learning_rate_used=2.997e-04; learning_rate_next=2.993e-04; elapsed=5.6s
  saved new best checkpoint: /data/projects/SFB_A03/jan/AT_TFBS/human301/runs/CREB3L3/68001_ablation_multi32_seed3/best_model.pt (objective=classification-auprc, score=0.174074)
  negatives seen=40.0%; hard negatives=0
Epoch 004 train: loss=0.8233 AUROC=0.8775 AUPRC=0.4669 BalAcc=0.7942 F1=0.4129 MCC=0.3864
Epoch 004 val  : loss=0.2497 AUROC=0.9160 AUPRC=0.2040 BalAcc=0.8125 F1=0.1960 MCC=0.2637
  learning_rate_used=2.993e-04; learning_rate_next=2.988e-04; elapsed=5.6s
  saved new best checkpoint: /data/projects/SFB_A03/jan/AT_TFBS/human301/runs/CREB3L3/68001_ablation_multi32_seed3/best_model.pt (objective=classification-auprc, score=0.204047)
  negatives seen=50.0%; hard negatives=0
Epoch 005 train: loss=0.7606 AUROC=0.8990 AUPRC=0.5249 BalAcc=0.8218 F1=0.4567 MCC=0.4357
Epoch 005 val  : loss=0.2995 AUROC=0.8983 AUPRC=0.1776 BalAcc=0.5710 F1=0.1978 MCC=0.2070
  learning_rate_used=2.988e-04; learning_rate_next=2.982e-04; elapsed=5.6s
  negatives seen=60.0%; hard negatives=0
Epoch 006 train: loss=0.6233 AUROC=0.9307 AUPRC=0.5997 BalAcc=0.8540 F1=0.5216 MCC=0.5043
Epoch 006 val  : loss=0.2121 AUROC=0.9144 AUPRC=0.2272 BalAcc=0.6148 F1=0.2802 MCC=0.2801
  learning_rate_used=2.982e-04; learning_rate_next=2.974e-04; elapsed=5.6s
  saved new best checkpoint: /data/projects/SFB_A03/jan/AT_TFBS/human301/runs/CREB3L3/68001_ablation_multi32_seed3/best_model.pt (objective=classification-auprc, score=0.227172)
  negatives seen=70.0%; hard negatives=0
Epoch 007 train: loss=0.5738 AUROC=0.9443 AUPRC=0.7088 BalAcc=0.8749 F1=0.5775 MCC=0.5604
Epoch 007 val  : loss=0.2515 AUROC=0.9021 AUPRC=0.2601 BalAcc=0.6460 F1=0.3071 MCC=0.3005
  learning_rate_used=2.974e-04; learning_rate_next=2.964e-04; elapsed=5.6s
  saved new best checkpoint: /data/projects/SFB_A03/jan/AT_TFBS/human301/runs/CREB3L3/68001_ablation_multi32_seed3/best_model.pt (objective=classification-auprc, score=0.260114)
  negatives seen=80.0%; hard negatives=0
Epoch 008 train: loss=0.5696 AUROC=0.9450 AUPRC=0.6709 BalAcc=0.8818 F1=0.5881 MCC=0.5726
Epoch 008 val  : loss=0.2526 AUROC=0.9347 AUPRC=0.3231 BalAcc=0.8687 F1=0.1709 MCC=0.2625
  learning_rate_used=2.964e-04; learning_rate_next=2.953e-04; elapsed=5.6s
  saved new best checkpoint: /data/projects/SFB_A03/jan/AT_TFBS/human301/runs/CREB3L3/68001_ablation_multi32_seed3/best_model.pt (objective=classification-auprc, score=0.323141)
  negatives seen=90.0%; hard negatives=0
Epoch 009 train: loss=0.5155 AUROC=0.9559 AUPRC=0.7627 BalAcc=0.8961 F1=0.6457 MCC=0.6281
Epoch 009 val  : loss=1.5585 AUROC=0.9467 AUPRC=0.3825 BalAcc=0.7058 F1=0.0334 MCC=0.0823
  learning_rate_used=2.953e-04; learning_rate_next=2.941e-04; elapsed=5.6s
  saved new best checkpoint: /data/projects/SFB_A03/jan/AT_TFBS/human301/runs/CREB3L3/68001_ablation_multi32_seed3/best_model.pt (objective=classification-auprc, score=0.382512)
  negatives seen=100.0%; hard negatives=0
Epoch 010 train: loss=0.4634 AUROC=0.9641 AUPRC=0.7129 BalAcc=0.9041 F1=0.6374 MCC=0.6244
Epoch 010 val  : loss=0.5093 AUROC=0.9464 AUPRC=0.3882 BalAcc=0.8657 F1=0.0861 MCC=0.1799
  learning_rate_used=2.941e-04; learning_rate_next=2.927e-04; elapsed=5.6s
  saved new best checkpoint: /data/projects/SFB_A03/jan/AT_TFBS/human301/runs/CREB3L3/68001_ablation_multi32_seed3/best_model.pt (objective=classification-auprc, score=0.388195)
  negatives seen=100.0%; hard negatives=0
Epoch 011 train: loss=0.3911 AUROC=0.9727 AUPRC=0.7939 BalAcc=0.9222 F1=0.6930 MCC=0.6802
Epoch 011 val  : loss=0.1954 AUROC=0.9369 AUPRC=0.4194 BalAcc=0.7453 F1=0.4106 MCC=0.4104
  learning_rate_used=2.927e-04; learning_rate_next=2.912e-04; elapsed=5.6s
  saved new best checkpoint: /data/projects/SFB_A03/jan/AT_TFBS/human301/runs/CREB3L3/68001_ablation_multi32_seed3/best_model.pt (objective=classification-auprc, score=0.419399)
  negatives seen=100.0%; hard negatives=0
Epoch 012 train: loss=0.3788 AUROC=0.9762 AUPRC=0.8271 BalAcc=0.9247 F1=0.7124 MCC=0.6985
Epoch 012 val  : loss=0.1505 AUROC=0.9558 AUPRC=0.4805 BalAcc=0.8515 F1=0.3043 MCC=0.3647
  learning_rate_used=2.912e-04; learning_rate_next=2.895e-04; elapsed=5.6s
  saved new best checkpoint: /data/projects/SFB_A03/jan/AT_TFBS/human301/runs/CREB3L3/68001_ablation_multi32_seed3/best_model.pt (objective=classification-auprc, score=0.480459)
  negatives seen=100.0%; hard negatives=0
Epoch 013 train: loss=0.3509 AUROC=0.9809 AUPRC=0.8325 BalAcc=0.9322 F1=0.7500 MCC=0.7354
Epoch 013 val  : loss=0.1971 AUROC=0.9354 AUPRC=0.4262 BalAcc=0.7275 F1=0.4750 MCC=0.4702
  learning_rate_used=2.895e-04; learning_rate_next=2.877e-04; elapsed=5.6s
  negatives seen=100.0%; hard negatives=0
Epoch 014 train: loss=0.2796 AUROC=0.9863 AUPRC=0.8793 BalAcc=0.9419 F1=0.7670 MCC=0.7543
Epoch 014 val  : loss=0.1725 AUROC=0.9508 AUPRC=0.4188 BalAcc=0.8756 F1=0.2772 MCC=0.3530
  learning_rate_used=2.877e-04; learning_rate_next=2.858e-04; elapsed=5.6s
  negatives seen=100.0%; hard negatives=0
Epoch 015 train: loss=0.2790 AUROC=0.9865 AUPRC=0.8851 BalAcc=0.9464 F1=0.7812 MCC=0.7690
Epoch 015 val  : loss=0.2476 AUROC=0.9511 AUPRC=0.4753 BalAcc=0.9076 F1=0.1811 MCC=0.2849
  learning_rate_used=2.858e-04; learning_rate_next=2.837e-04; elapsed=5.6s
  negatives seen=100.0%; hard negatives=0
Epoch 016 train: loss=0.3024 AUROC=0.9845 AUPRC=0.8822 BalAcc=0.9410 F1=0.7841 MCC=0.7702
Epoch 016 val  : loss=0.5265 AUROC=0.9538 AUPRC=0.4538 BalAcc=0.8566 F1=0.0774 MCC=0.1680
  learning_rate_used=2.837e-04; learning_rate_next=2.815e-04; elapsed=5.6s
  negatives seen=100.0%; hard negatives=0
Epoch 017 train: loss=0.3177 AUROC=0.9874 AUPRC=0.9172 BalAcc=0.9376 F1=0.8005 MCC=0.7851
Epoch 017 val  : loss=0.2187 AUROC=0.9573 AUPRC=0.4683 BalAcc=0.8995 F1=0.1922 MCC=0.2919
  learning_rate_used=2.815e-04; learning_rate_next=2.792e-04; elapsed=5.6s
  negatives seen=100.0%; hard negatives=0
Epoch 018 train: loss=0.2688 AUROC=0.9878 AUPRC=0.8885 BalAcc=0.9530 F1=0.8019 MCC=0.7904
Epoch 018 val  : loss=0.1818 AUROC=0.9553 AUPRC=0.4967 BalAcc=0.7284 F1=0.5253 MCC=0.5268
  learning_rate_used=2.792e-04; learning_rate_next=2.767e-04; elapsed=5.6s
  saved new best checkpoint: /data/projects/SFB_A03/jan/AT_TFBS/human301/runs/CREB3L3/68001_ablation_multi32_seed3/best_model.pt (objective=classification-auprc, score=0.496673)
  negatives seen=100.0%; hard negatives=0
Epoch 019 train: loss=0.3069 AUROC=0.9880 AUPRC=0.9184 BalAcc=0.9439 F1=0.8294 MCC=0.8151
Epoch 019 val  : loss=0.6218 AUROC=0.9542 AUPRC=0.4238 BalAcc=0.8761 F1=0.0869 MCC=0.1839
  learning_rate_used=2.767e-04; learning_rate_next=2.741e-04; elapsed=5.6s
  negatives seen=100.0%; hard negatives=0
Epoch 020 train: loss=0.1941 AUROC=0.9932 AUPRC=0.9273 BalAcc=0.9624 F1=0.8522 MCC=0.8416
Epoch 020 val  : loss=0.1518 AUROC=0.9584 AUPRC=0.5273 BalAcc=0.8580 F1=0.3426 MCC=0.3970
  learning_rate_used=2.741e-04; learning_rate_next=2.714e-04; elapsed=5.6s
  saved new best checkpoint: /data/projects/SFB_A03/jan/AT_TFBS/human301/runs/CREB3L3/68001_ablation_multi32_seed3/best_model.pt (objective=classification-auprc, score=0.527333)
  negatives seen=100.0%; hard negatives=0
Epoch 021 train: loss=0.2563 AUROC=0.9908 AUPRC=0.9271 BalAcc=0.9515 F1=0.8242 MCC=0.8116
Epoch 021 val  : loss=0.2492 AUROC=0.9592 AUPRC=0.4935 BalAcc=0.6807 F1=0.4813 MCC=0.5059
  learning_rate_used=2.714e-04; learning_rate_next=2.686e-04; elapsed=5.6s
  negatives seen=100.0%; hard negatives=0
Epoch 022 train: loss=0.1885 AUROC=0.9940 AUPRC=0.9323 BalAcc=0.9562 F1=0.8597 MCC=0.8479
Epoch 022 val  : loss=0.3196 AUROC=0.9549 AUPRC=0.4823 BalAcc=0.8895 F1=0.1397 MCC=0.2410
  learning_rate_used=2.686e-04; learning_rate_next=2.657e-04; elapsed=5.6s
  negatives seen=100.0%; hard negatives=0
Epoch 023 train: loss=0.2324 AUROC=0.9912 AUPRC=0.9264 BalAcc=0.9541 F1=0.8261 MCC=0.8140
Epoch 023 val  : loss=0.1413 AUROC=0.9662 AUPRC=0.5387 BalAcc=0.8750 F1=0.3119 MCC=0.3800
  learning_rate_used=2.657e-04; learning_rate_next=2.626e-04; elapsed=5.6s
  saved new best checkpoint: /data/projects/SFB_A03/jan/AT_TFBS/human301/runs/CREB3L3/68001_ablation_multi32_seed3/best_model.pt (objective=classification-auprc, score=0.538661)
  negatives seen=100.0%; hard negatives=0
Epoch 024 train: loss=0.2197 AUROC=0.9933 AUPRC=0.9428 BalAcc=0.9643 F1=0.8866 MCC=0.8767
Epoch 024 val  : loss=0.1981 AUROC=0.9455 AUPRC=0.4757 BalAcc=0.7667 F1=0.4855 MCC=0.4824
  learning_rate_used=2.626e-04; learning_rate_next=2.595e-04; elapsed=5.6s
  negatives seen=100.0%; hard negatives=0
Epoch 025 train: loss=0.1455 AUROC=0.9963 AUPRC=0.9565 BalAcc=0.9708 F1=0.8805 MCC=0.8715
Epoch 025 val  : loss=0.2210 AUROC=0.9656 AUPRC=0.5695 BalAcc=0.7129 F1=0.5408 MCC=0.5577
  learning_rate_used=2.595e-04; learning_rate_next=2.562e-04; elapsed=5.6s
  saved new best checkpoint: /data/projects/SFB_A03/jan/AT_TFBS/human301/runs/CREB3L3/68001_ablation_multi32_seed3/best_model.pt (objective=classification-auprc, score=0.569508)
  negatives seen=100.0%; hard negatives=0
Epoch 026 train: loss=0.1887 AUROC=0.9951 AUPRC=0.9513 BalAcc=0.9621 F1=0.8784 MCC=0.8679
Epoch 026 val  : loss=0.1581 AUROC=0.9530 AUPRC=0.5115 BalAcc=0.8649 F1=0.3310 MCC=0.3908
  learning_rate_used=2.562e-04; learning_rate_next=2.528e-04; elapsed=5.6s
  negatives seen=100.0%; hard negatives=0
Epoch 027 train: loss=0.1381 AUROC=0.9969 AUPRC=0.9683 BalAcc=0.9687 F1=0.8932 MCC=0.8841
Epoch 027 val  : loss=0.2847 AUROC=0.9606 AUPRC=0.5180 BalAcc=0.8990 F1=0.1541 MCC=0.2575
  learning_rate_used=2.528e-04; learning_rate_next=2.494e-04; elapsed=5.6s
  negatives seen=100.0%; hard negatives=0
Epoch 028 train: loss=0.1499 AUROC=0.9954 AUPRC=0.9408 BalAcc=0.9745 F1=0.8814 MCC=0.8730
Epoch 028 val  : loss=0.1846 AUROC=0.9601 AUPRC=0.5161 BalAcc=0.7556 F1=0.5141 MCC=0.5092
  learning_rate_used=2.494e-04; learning_rate_next=2.458e-04; elapsed=5.6s
  negatives seen=100.0%; hard negatives=0
Epoch 029 train: loss=0.1502 AUROC=0.9963 AUPRC=0.9582 BalAcc=0.9769 F1=0.9107 MCC=0.9033
Epoch 029 val  : loss=0.2827 AUROC=0.9594 AUPRC=0.5119 BalAcc=0.6724 F1=0.4503 MCC=0.4681
  learning_rate_used=2.458e-04; learning_rate_next=2.421e-04; elapsed=5.6s
  negatives seen=100.0%; hard negatives=0
Epoch 030 train: loss=0.1202 AUROC=0.9974 AUPRC=0.9684 BalAcc=0.9782 F1=0.9227 MCC=0.9158
Epoch 030 val  : loss=0.2461 AUROC=0.9599 AUPRC=0.5308 BalAcc=0.9095 F1=0.1883 MCC=0.2920
  learning_rate_used=2.421e-04; learning_rate_next=2.384e-04; elapsed=5.6s
  negatives seen=100.0%; hard negatives=0
Epoch 031 train: loss=0.1387 AUROC=0.9967 AUPRC=0.9614 BalAcc=0.9712 F1=0.8937 MCC=0.8850
Epoch 031 val  : loss=0.1761 AUROC=0.9599 AUPRC=0.5111 BalAcc=0.8321 F1=0.4516 MCC=0.4720
  learning_rate_used=2.384e-04; learning_rate_next=2.345e-04; elapsed=5.6s
  negatives seen=100.0%; hard negatives=0
Epoch 032 train: loss=0.0845 AUROC=0.9982 AUPRC=0.9792 BalAcc=0.9826 F1=0.9293 MCC=0.9233
Epoch 032 val  : loss=0.3910 AUROC=0.9591 AUPRC=0.4940 BalAcc=0.6845 F1=0.4742 MCC=0.4901
  learning_rate_used=2.345e-04; learning_rate_next=2.306e-04; elapsed=5.6s
  negatives seen=100.0%; hard negatives=0
Epoch 033 train: loss=0.1130 AUROC=0.9972 AUPRC=0.9584 BalAcc=0.9771 F1=0.9028 MCC=0.8951
Epoch 033 val  : loss=0.3105 AUROC=0.9536 AUPRC=0.4815 BalAcc=0.7204 F1=0.5189 MCC=0.5226
  learning_rate_used=2.306e-04; learning_rate_next=2.266e-04; elapsed=5.6s
  negatives seen=100.0%; hard negatives=0
Epoch 034 train: loss=0.1083 AUROC=0.9976 AUPRC=0.9747 BalAcc=0.9817 F1=0.9209 MCC=0.9144
Epoch 034 val  : loss=0.2576 AUROC=0.9603 AUPRC=0.5122 BalAcc=0.7437 F1=0.5062 MCC=0.5016
  learning_rate_used=2.266e-04; learning_rate_next=2.225e-04; elapsed=5.6s
  negatives seen=100.0%; hard negatives=0
Epoch 035 train: loss=0.1002 AUROC=0.9979 AUPRC=0.9746 BalAcc=0.9843 F1=0.9332 MCC=0.9274
Epoch 035 val  : loss=0.1698 AUROC=0.9542 AUPRC=0.5142 BalAcc=0.8281 F1=0.4499 MCC=0.4692
  learning_rate_used=2.225e-04; learning_rate_next=2.184e-04; elapsed=5.6s
  negatives seen=100.0%; hard negatives=0
Epoch 036 train: loss=0.0822 AUROC=0.9982 AUPRC=0.9741 BalAcc=0.9865 F1=0.9420 MCC=0.9369
Epoch 036 val  : loss=0.4880 AUROC=0.9595 AUPRC=0.5252 BalAcc=0.6688 F1=0.4693 MCC=0.5056
  learning_rate_used=2.184e-04; learning_rate_next=2.142e-04; elapsed=5.6s
  negatives seen=100.0%; hard negatives=0
Epoch 037 train: loss=0.1525 AUROC=0.9978 AUPRC=0.9744 BalAcc=0.9763 F1=0.9382 MCC=0.9322
Epoch 037 val  : loss=0.2332 AUROC=0.9622 AUPRC=0.5430 BalAcc=0.7678 F1=0.5360 MCC=0.5313
  learning_rate_used=2.142e-04; learning_rate_next=2.099e-04; elapsed=5.6s
  negatives seen=100.0%; hard negatives=0
Epoch 038 train: loss=0.1013 AUROC=0.9985 AUPRC=0.9775 BalAcc=0.9788 F1=0.9275 MCC=0.9210
Epoch 038 val  : loss=0.5897 AUROC=0.9687 AUPRC=0.5156 BalAcc=0.5685 F1=0.2394 MCC=0.3581
  learning_rate_used=2.099e-04; learning_rate_next=2.055e-04; elapsed=5.6s
  negatives seen=100.0%; hard negatives=0
Epoch 039 train: loss=0.1166 AUROC=0.9979 AUPRC=0.9768 BalAcc=0.9749 F1=0.9257 MCC=0.9188
Epoch 039 val  : loss=0.5083 AUROC=0.9532 AUPRC=0.4886 BalAcc=0.6125 F1=0.3478 MCC=0.4106
  learning_rate_used=2.055e-04; learning_rate_next=2.011e-04; elapsed=5.6s
  negatives seen=100.0%; hard negatives=0
Epoch 040 train: loss=0.0963 AUROC=0.9976 AUPRC=0.9694 BalAcc=0.9869 F1=0.9347 MCC=0.9294
Epoch 040 val  : loss=0.5359 AUROC=0.9448 AUPRC=0.4654 BalAcc=0.6287 F1=0.3926 MCC=0.4576
  learning_rate_used=2.011e-04; learning_rate_next=1.967e-04; elapsed=5.6s
  negatives seen=100.0%; hard negatives=0
Epoch 041 train: loss=0.0629 AUROC=0.9989 AUPRC=0.9808 BalAcc=0.9895 F1=0.9585 MCC=0.9547
Epoch 041 val  : loss=0.3142 AUROC=0.9568 AUPRC=0.5490 BalAcc=0.7006 F1=0.5025 MCC=0.5149
  learning_rate_used=1.967e-04; learning_rate_next=1.922e-04; elapsed=5.6s
  negatives seen=100.0%; hard negatives=0
Epoch 042 train: loss=0.0607 AUROC=0.9995 AUPRC=0.9936 BalAcc=0.9895 F1=0.9701 MCC=0.9672
Epoch 042 val  : loss=0.3941 AUROC=0.9483 AUPRC=0.4965 BalAcc=0.6965 F1=0.4925 MCC=0.5044
  learning_rate_used=1.922e-04; learning_rate_next=1.877e-04; elapsed=5.6s
  negatives seen=100.0%; hard negatives=0
Epoch 043 train: loss=0.0810 AUROC=0.9989 AUPRC=0.9875 BalAcc=0.9875 F1=0.9507 MCC=0.9463
Epoch 043 val  : loss=0.1575 AUROC=0.9653 AUPRC=0.5536 BalAcc=0.8637 F1=0.3742 MCC=0.4237
  learning_rate_used=1.877e-04; learning_rate_next=1.831e-04; elapsed=5.6s
  negatives seen=100.0%; hard negatives=0
Epoch 044 train: loss=0.0426 AUROC=0.9996 AUPRC=0.9957 BalAcc=0.9909 F1=0.9715 MCC=0.9687
Epoch 044 val  : loss=0.4259 AUROC=0.9502 AUPRC=0.5193 BalAcc=0.6646 F1=0.4481 MCC=0.4760
  learning_rate_used=1.831e-04; learning_rate_next=1.785e-04; elapsed=5.6s
  negatives seen=100.0%; hard negatives=0
Epoch 045 train: loss=0.0739 AUROC=0.9993 AUPRC=0.9923 BalAcc=0.9875 F1=0.9622 MCC=0.9585
Epoch 045 val  : loss=0.2661 AUROC=0.9504 AUPRC=0.5127 BalAcc=0.7710 F1=0.5018 MCC=0.4983
  learning_rate_used=1.785e-04; learning_rate_next=1.739e-04; elapsed=5.6s
Early stopping after 45 epochs.
Binary threshold: 0.384779 (strategy=val-mcc, validation_score=0.567537)
TEST chr10,chr12,chr14,chr16,chr18,chr2,chr20,chr22,chr4,chr6,chr8: loss=0.1973 AUROC=0.9718 AUPRC=0.5168 BalAcc=0.7568 F1=0.5393 MCC=0.5353
Outputs written to /data/projects/SFB_A03/jan/AT_TFBS/human301/runs/CREB3L3/68001_ablation_multi32_seed3
Binary predictions: binary_classification_results.tsv
Binary metrics: binary_classification_metrics.json
ROC plot: roc_curve.png
Precision-recall plot: precision_recall_curve.png
Confusion matrix: binary_confusion_matrix.tsv
