Window geometry: 256 bp from 301 bp; crop starts 0..45; shifts -22..+23; fresh uniform draw per access
Evaluation: crops (0, 22, 23, 45), reverse complement=True; all samples
train: n=36,663, positive=363, negative=36,300
  val: n=12,524, positive=124, negative=12,400
 test: n=40,198, positive=398, negative=39,800
Device: cuda
Hidden activation: RELU
Parameters: 1,602,821 total; 1,602,821 trainable
Architecture: motif kernels 9/12; encoder 128/64/64; original five-block bottleneck at 64; decoder 64/128/256
  negatives seen=10.0%; hard negatives=0
Epoch 001 train: loss=1.5534 AUROC=0.5372 AUPRC=0.0990 BalAcc=0.5289 F1=0.1693 MCC=0.0333
Epoch 001 val  : loss=0.6738 AUROC=0.6213 AUPRC=0.0221 BalAcc=0.5863 F1=0.0308 MCC=0.0380
  learning_rate_used=3.000e-04; learning_rate_next=2.999e-04; elapsed=6.8s
  saved new best checkpoint: /data/projects/SFB_A03/jan/AT_TFBS/human301/runs/CREB3L3/68001_ablation_channels128_seed3/best_model.pt (objective=classification-auprc, score=0.022127)
  negatives seen=20.0%; hard negatives=0
Epoch 002 train: loss=1.2848 AUROC=0.6406 AUPRC=0.1739 BalAcc=0.5990 F1=0.2165 MCC=0.1175
Epoch 002 val  : loss=0.5597 AUROC=0.8200 AUPRC=0.0758 BalAcc=0.7366 F1=0.0665 MCC=0.1207
  learning_rate_used=2.999e-04; learning_rate_next=2.997e-04; elapsed=5.5s
  saved new best checkpoint: /data/projects/SFB_A03/jan/AT_TFBS/human301/runs/CREB3L3/68001_ablation_channels128_seed3/best_model.pt (objective=classification-auprc, score=0.075754)
  negatives seen=30.0%; hard negatives=0
Epoch 003 train: loss=1.1009 AUROC=0.7733 AUPRC=0.2962 BalAcc=0.6989 F1=0.3020 MCC=0.2454
Epoch 003 val  : loss=0.2305 AUROC=0.8960 AUPRC=0.1680 BalAcc=0.6991 F1=0.2374 MCC=0.2522
  learning_rate_used=2.997e-04; learning_rate_next=2.993e-04; elapsed=5.5s
  saved new best checkpoint: /data/projects/SFB_A03/jan/AT_TFBS/human301/runs/CREB3L3/68001_ablation_channels128_seed3/best_model.pt (objective=classification-auprc, score=0.167966)
  negatives seen=40.0%; hard negatives=0
Epoch 004 train: loss=0.8339 AUROC=0.8720 AUPRC=0.4940 BalAcc=0.7884 F1=0.4170 MCC=0.3860
Epoch 004 val  : loss=0.3297 AUROC=0.9218 AUPRC=0.2297 BalAcc=0.8329 F1=0.1474 MCC=0.2293
  learning_rate_used=2.993e-04; learning_rate_next=2.988e-04; elapsed=5.5s
  saved new best checkpoint: /data/projects/SFB_A03/jan/AT_TFBS/human301/runs/CREB3L3/68001_ablation_channels128_seed3/best_model.pt (objective=classification-auprc, score=0.229701)
  negatives seen=50.0%; hard negatives=0
Epoch 005 train: loss=0.7162 AUROC=0.9112 AUPRC=0.5870 BalAcc=0.8372 F1=0.4967 MCC=0.4755
Epoch 005 val  : loss=0.1875 AUROC=0.9242 AUPRC=0.2744 BalAcc=0.7452 F1=0.3096 MCC=0.3267
  learning_rate_used=2.988e-04; learning_rate_next=2.982e-04; elapsed=5.6s
  saved new best checkpoint: /data/projects/SFB_A03/jan/AT_TFBS/human301/runs/CREB3L3/68001_ablation_channels128_seed3/best_model.pt (objective=classification-auprc, score=0.274382)
  negatives seen=60.0%; hard negatives=0
Epoch 006 train: loss=0.6683 AUROC=0.9222 AUPRC=0.6254 BalAcc=0.8413 F1=0.5188 MCC=0.4955
Epoch 006 val  : loss=0.2673 AUROC=0.9039 AUPRC=0.2681 BalAcc=0.7952 F1=0.1513 MCC=0.2198
  learning_rate_used=2.982e-04; learning_rate_next=2.974e-04; elapsed=5.6s
  negatives seen=70.0%; hard negatives=0
Epoch 007 train: loss=0.5850 AUROC=0.9408 AUPRC=0.7218 BalAcc=0.8698 F1=0.5779 MCC=0.5583
Epoch 007 val  : loss=0.2015 AUROC=0.9010 AUPRC=0.2922 BalAcc=0.7304 F1=0.3207 MCC=0.3302
  learning_rate_used=2.974e-04; learning_rate_next=2.964e-04; elapsed=5.6s
  saved new best checkpoint: /data/projects/SFB_A03/jan/AT_TFBS/human301/runs/CREB3L3/68001_ablation_channels128_seed3/best_model.pt (objective=classification-auprc, score=0.292216)
  negatives seen=80.0%; hard negatives=0
Epoch 008 train: loss=0.5267 AUROC=0.9533 AUPRC=0.7202 BalAcc=0.8842 F1=0.6109 MCC=0.5929
Epoch 008 val  : loss=0.4112 AUROC=0.9125 AUPRC=0.2902 BalAcc=0.8358 F1=0.1012 MCC=0.1865
  learning_rate_used=2.964e-04; learning_rate_next=2.953e-04; elapsed=5.6s
  negatives seen=90.0%; hard negatives=0
Epoch 009 train: loss=0.4952 AUROC=0.9618 AUPRC=0.7727 BalAcc=0.9004 F1=0.6611 MCC=0.6434
Epoch 009 val  : loss=0.2258 AUROC=0.9582 AUPRC=0.4580 BalAcc=0.8859 F1=0.1812 MCC=0.2775
  learning_rate_used=2.953e-04; learning_rate_next=2.941e-04; elapsed=5.6s
  saved new best checkpoint: /data/projects/SFB_A03/jan/AT_TFBS/human301/runs/CREB3L3/68001_ablation_channels128_seed3/best_model.pt (objective=classification-auprc, score=0.458042)
  negatives seen=100.0%; hard negatives=0
Epoch 010 train: loss=0.4072 AUROC=0.9713 AUPRC=0.8127 BalAcc=0.9202 F1=0.6946 MCC=0.6809
Epoch 010 val  : loss=0.1371 AUROC=0.9578 AUPRC=0.4789 BalAcc=0.8264 F1=0.4029 MCC=0.4312
  learning_rate_used=2.941e-04; learning_rate_next=2.927e-04; elapsed=5.6s
  saved new best checkpoint: /data/projects/SFB_A03/jan/AT_TFBS/human301/runs/CREB3L3/68001_ablation_channels128_seed3/best_model.pt (objective=classification-auprc, score=0.478943)
  negatives seen=100.0%; hard negatives=0
Epoch 011 train: loss=0.3657 AUROC=0.9780 AUPRC=0.8270 BalAcc=0.9280 F1=0.7247 MCC=0.7107
Epoch 011 val  : loss=0.1698 AUROC=0.9570 AUPRC=0.4849 BalAcc=0.8981 F1=0.2759 MCC=0.3607
  learning_rate_used=2.927e-04; learning_rate_next=2.912e-04; elapsed=5.5s
  saved new best checkpoint: /data/projects/SFB_A03/jan/AT_TFBS/human301/runs/CREB3L3/68001_ablation_channels128_seed3/best_model.pt (objective=classification-auprc, score=0.484904)
  negatives seen=100.0%; hard negatives=0
Epoch 012 train: loss=0.3628 AUROC=0.9775 AUPRC=0.8390 BalAcc=0.9325 F1=0.7379 MCC=0.7243
Epoch 012 val  : loss=0.1425 AUROC=0.9552 AUPRC=0.4610 BalAcc=0.8583 F1=0.3465 MCC=0.4001
  learning_rate_used=2.912e-04; learning_rate_next=2.895e-04; elapsed=5.6s
  negatives seen=100.0%; hard negatives=0
Epoch 013 train: loss=0.3633 AUROC=0.9785 AUPRC=0.8203 BalAcc=0.9185 F1=0.7222 MCC=0.7052
Epoch 013 val  : loss=0.2896 AUROC=0.9536 AUPRC=0.4659 BalAcc=0.8912 F1=0.1436 MCC=0.2452
  learning_rate_used=2.895e-04; learning_rate_next=2.877e-04; elapsed=5.5s
  negatives seen=100.0%; hard negatives=0
Epoch 014 train: loss=0.3360 AUROC=0.9815 AUPRC=0.8668 BalAcc=0.9373 F1=0.7602 MCC=0.7465
Epoch 014 val  : loss=0.3500 AUROC=0.9609 AUPRC=0.5113 BalAcc=0.8939 F1=0.1168 MCC=0.2200
  learning_rate_used=2.877e-04; learning_rate_next=2.858e-04; elapsed=5.6s
  saved new best checkpoint: /data/projects/SFB_A03/jan/AT_TFBS/human301/runs/CREB3L3/68001_ablation_channels128_seed3/best_model.pt (objective=classification-auprc, score=0.511303)
  negatives seen=100.0%; hard negatives=0
Epoch 015 train: loss=0.2444 AUROC=0.9902 AUPRC=0.9103 BalAcc=0.9530 F1=0.8182 MCC=0.8060
Epoch 015 val  : loss=0.2111 AUROC=0.9532 AUPRC=0.5131 BalAcc=0.7475 F1=0.4980 MCC=0.4930
  learning_rate_used=2.858e-04; learning_rate_next=2.837e-04; elapsed=5.5s
  saved new best checkpoint: /data/projects/SFB_A03/jan/AT_TFBS/human301/runs/CREB3L3/68001_ablation_channels128_seed3/best_model.pt (objective=classification-auprc, score=0.513091)
  negatives seen=100.0%; hard negatives=0
Epoch 016 train: loss=0.3213 AUROC=0.9859 AUPRC=0.9008 BalAcc=0.9438 F1=0.8029 MCC=0.7889
Epoch 016 val  : loss=0.1806 AUROC=0.9505 AUPRC=0.4861 BalAcc=0.8586 F1=0.2597 MCC=0.3325
  learning_rate_used=2.837e-04; learning_rate_next=2.815e-04; elapsed=5.6s
  negatives seen=100.0%; hard negatives=0
Epoch 017 train: loss=0.3248 AUROC=0.9856 AUPRC=0.8848 BalAcc=0.9377 F1=0.8015 MCC=0.7861
Epoch 017 val  : loss=0.3980 AUROC=0.9609 AUPRC=0.5043 BalAcc=0.8892 F1=0.1022 MCC=0.2038
  learning_rate_used=2.815e-04; learning_rate_next=2.792e-04; elapsed=5.6s
  negatives seen=100.0%; hard negatives=0
Epoch 018 train: loss=0.2853 AUROC=0.9858 AUPRC=0.8713 BalAcc=0.9448 F1=0.7780 MCC=0.7655
Epoch 018 val  : loss=0.2203 AUROC=0.9536 AUPRC=0.5255 BalAcc=0.7561 F1=0.5424 MCC=0.5387
  learning_rate_used=2.792e-04; learning_rate_next=2.767e-04; elapsed=5.6s
  saved new best checkpoint: /data/projects/SFB_A03/jan/AT_TFBS/human301/runs/CREB3L3/68001_ablation_channels128_seed3/best_model.pt (objective=classification-auprc, score=0.525460)
  negatives seen=100.0%; hard negatives=0
Epoch 019 train: loss=0.2143 AUROC=0.9921 AUPRC=0.9229 BalAcc=0.9537 F1=0.8231 MCC=0.8110
Epoch 019 val  : loss=0.7173 AUROC=0.9497 AUPRC=0.5059 BalAcc=0.8365 F1=0.0638 MCC=0.1476
  learning_rate_used=2.767e-04; learning_rate_next=2.741e-04; elapsed=5.6s
  negatives seen=100.0%; hard negatives=0
Epoch 020 train: loss=0.2308 AUROC=0.9908 AUPRC=0.9074 BalAcc=0.9554 F1=0.8352 MCC=0.8232
Epoch 020 val  : loss=0.1677 AUROC=0.9588 AUPRC=0.5188 BalAcc=0.8259 F1=0.3906 MCC=0.4214
  learning_rate_used=2.741e-04; learning_rate_next=2.714e-04; elapsed=5.6s
  negatives seen=100.0%; hard negatives=0
Epoch 021 train: loss=0.2065 AUROC=0.9912 AUPRC=0.9066 BalAcc=0.9609 F1=0.8237 MCC=0.8134
Epoch 021 val  : loss=0.1368 AUROC=0.9644 AUPRC=0.5604 BalAcc=0.8259 F1=0.5077 MCC=0.5161
  learning_rate_used=2.714e-04; learning_rate_next=2.686e-04; elapsed=5.6s
  saved new best checkpoint: /data/projects/SFB_A03/jan/AT_TFBS/human301/runs/CREB3L3/68001_ablation_channels128_seed3/best_model.pt (objective=classification-auprc, score=0.560437)
  negatives seen=100.0%; hard negatives=0
Epoch 022 train: loss=0.2325 AUROC=0.9908 AUPRC=0.9154 BalAcc=0.9541 F1=0.8176 MCC=0.8058
Epoch 022 val  : loss=0.3311 AUROC=0.9619 AUPRC=0.5326 BalAcc=0.6005 F1=0.3185 MCC=0.3881
  learning_rate_used=2.686e-04; learning_rate_next=2.657e-04; elapsed=5.5s
  negatives seen=100.0%; hard negatives=0
Epoch 023 train: loss=0.1709 AUROC=0.9947 AUPRC=0.9488 BalAcc=0.9683 F1=0.8703 MCC=0.8608
Epoch 023 val  : loss=0.2440 AUROC=0.9614 AUPRC=0.5199 BalAcc=0.9029 F1=0.1912 MCC=0.2922
  learning_rate_used=2.657e-04; learning_rate_next=2.626e-04; elapsed=5.5s
  negatives seen=100.0%; hard negatives=0
Epoch 024 train: loss=0.1349 AUROC=0.9963 AUPRC=0.9637 BalAcc=0.9773 F1=0.8939 MCC=0.8861
Epoch 024 val  : loss=0.2615 AUROC=0.9599 AUPRC=0.5216 BalAcc=0.8856 F1=0.1803 MCC=0.2766
  learning_rate_used=2.626e-04; learning_rate_next=2.595e-04; elapsed=5.6s
  negatives seen=100.0%; hard negatives=0
Epoch 025 train: loss=0.1638 AUROC=0.9955 AUPRC=0.9555 BalAcc=0.9716 F1=0.8775 MCC=0.8686
Epoch 025 val  : loss=0.1432 AUROC=0.9691 AUPRC=0.5704 BalAcc=0.8107 F1=0.5270 MCC=0.5287
  learning_rate_used=2.595e-04; learning_rate_next=2.562e-04; elapsed=5.6s
  saved new best checkpoint: /data/projects/SFB_A03/jan/AT_TFBS/human301/runs/CREB3L3/68001_ablation_channels128_seed3/best_model.pt (objective=classification-auprc, score=0.570428)
  negatives seen=100.0%; hard negatives=0
Epoch 026 train: loss=0.2475 AUROC=0.9903 AUPRC=0.8961 BalAcc=0.9558 F1=0.8295 MCC=0.8177
Epoch 026 val  : loss=0.1460 AUROC=0.9671 AUPRC=0.5553 BalAcc=0.8215 F1=0.4880 MCC=0.4981
  learning_rate_used=2.562e-04; learning_rate_next=2.528e-04; elapsed=5.6s
  negatives seen=100.0%; hard negatives=0
Epoch 027 train: loss=0.1469 AUROC=0.9954 AUPRC=0.9471 BalAcc=0.9690 F1=0.8758 MCC=0.8664
Epoch 027 val  : loss=0.1650 AUROC=0.9617 AUPRC=0.5409 BalAcc=0.8811 F1=0.2951 MCC=0.3693
  learning_rate_used=2.528e-04; learning_rate_next=2.494e-04; elapsed=5.6s
  negatives seen=100.0%; hard negatives=0
Epoch 028 train: loss=0.1407 AUROC=0.9959 AUPRC=0.9513 BalAcc=0.9762 F1=0.8948 MCC=0.8868
Epoch 028 val  : loss=0.1798 AUROC=0.9587 AUPRC=0.5045 BalAcc=0.8603 F1=0.2427 MCC=0.3196
  learning_rate_used=2.494e-04; learning_rate_next=2.458e-04; elapsed=5.5s
  negatives seen=100.0%; hard negatives=0
Epoch 029 train: loss=0.1244 AUROC=0.9962 AUPRC=0.9512 BalAcc=0.9734 F1=0.8920 MCC=0.8835
Epoch 029 val  : loss=0.4591 AUROC=0.9658 AUPRC=0.5111 BalAcc=0.9080 F1=0.1176 MCC=0.2252
  learning_rate_used=2.458e-04; learning_rate_next=2.421e-04; elapsed=5.5s
  negatives seen=100.0%; hard negatives=0
Epoch 030 train: loss=0.1674 AUROC=0.9950 AUPRC=0.9441 BalAcc=0.9697 F1=0.8813 MCC=0.8721
Epoch 030 val  : loss=0.2406 AUROC=0.9556 AUPRC=0.5182 BalAcc=0.7837 F1=0.5483 MCC=0.5441
  learning_rate_used=2.421e-04; learning_rate_next=2.384e-04; elapsed=5.6s
  negatives seen=100.0%; hard negatives=0
Epoch 031 train: loss=0.1064 AUROC=0.9971 AUPRC=0.9648 BalAcc=0.9814 F1=0.9185 MCC=0.9119
Epoch 031 val  : loss=0.1642 AUROC=0.9657 AUPRC=0.5340 BalAcc=0.8678 F1=0.3183 MCC=0.3821
  learning_rate_used=2.384e-04; learning_rate_next=2.345e-04; elapsed=5.5s
  negatives seen=100.0%; hard negatives=0
Epoch 032 train: loss=0.1528 AUROC=0.9973 AUPRC=0.9733 BalAcc=0.9753 F1=0.9186 MCC=0.9113
Epoch 032 val  : loss=0.3898 AUROC=0.9558 AUPRC=0.5026 BalAcc=0.6883 F1=0.4653 MCC=0.4739
  learning_rate_used=2.345e-04; learning_rate_next=2.306e-04; elapsed=5.5s
  negatives seen=100.0%; hard negatives=0
Epoch 033 train: loss=0.1230 AUROC=0.9972 AUPRC=0.9610 BalAcc=0.9792 F1=0.9205 MCC=0.9136
Epoch 033 val  : loss=1.6866 AUROC=0.9701 AUPRC=0.5466 BalAcc=0.7417 F1=0.0375 MCC=0.0958
  learning_rate_used=2.306e-04; learning_rate_next=2.266e-04; elapsed=5.6s
  negatives seen=100.0%; hard negatives=0
Epoch 034 train: loss=0.1212 AUROC=0.9964 AUPRC=0.9492 BalAcc=0.9778 F1=0.9191 MCC=0.9120
Epoch 034 val  : loss=0.3903 AUROC=0.9695 AUPRC=0.5422 BalAcc=0.6809 F1=0.4918 MCC=0.5231
  learning_rate_used=2.266e-04; learning_rate_next=2.225e-04; elapsed=5.5s
  negatives seen=100.0%; hard negatives=0
Epoch 035 train: loss=0.1029 AUROC=0.9977 AUPRC=0.9734 BalAcc=0.9824 F1=0.9163 MCC=0.9098
Epoch 035 val  : loss=0.4577 AUROC=0.9566 AUPRC=0.5017 BalAcc=0.6366 F1=0.4000 MCC=0.4472
  learning_rate_used=2.225e-04; learning_rate_next=2.184e-04; elapsed=5.5s
  negatives seen=100.0%; hard negatives=0
Epoch 036 train: loss=0.1050 AUROC=0.9976 AUPRC=0.9653 BalAcc=0.9792 F1=0.9312 MCC=0.9249
Epoch 036 val  : loss=0.3105 AUROC=0.9705 AUPRC=0.5512 BalAcc=0.7248 F1=0.5490 MCC=0.5589
  learning_rate_used=2.184e-04; learning_rate_next=2.142e-04; elapsed=5.6s
  negatives seen=100.0%; hard negatives=0
Epoch 037 train: loss=0.1386 AUROC=0.9971 AUPRC=0.9653 BalAcc=0.9731 F1=0.9100 MCC=0.9021
Epoch 037 val  : loss=0.3160 AUROC=0.9751 AUPRC=0.5839 BalAcc=0.7050 F1=0.5368 MCC=0.5608
  learning_rate_used=2.142e-04; learning_rate_next=2.099e-04; elapsed=5.6s
  saved new best checkpoint: /data/projects/SFB_A03/jan/AT_TFBS/human301/runs/CREB3L3/68001_ablation_channels128_seed3/best_model.pt (objective=classification-auprc, score=0.583886)
  negatives seen=100.0%; hard negatives=0
Epoch 038 train: loss=0.0894 AUROC=0.9980 AUPRC=0.9806 BalAcc=0.9891 F1=0.9435 MCC=0.9388
Epoch 038 val  : loss=0.1712 AUROC=0.9652 AUPRC=0.5538 BalAcc=0.8793 F1=0.3187 MCC=0.3870
  learning_rate_used=2.099e-04; learning_rate_next=2.055e-04; elapsed=5.5s
  negatives seen=100.0%; hard negatives=0
Epoch 039 train: loss=0.0979 AUROC=0.9982 AUPRC=0.9785 BalAcc=0.9811 F1=0.9376 MCC=0.9318
Epoch 039 val  : loss=0.4380 AUROC=0.9681 AUPRC=0.5367 BalAcc=0.6449 F1=0.4311 MCC=0.4905
  learning_rate_used=2.055e-04; learning_rate_next=2.011e-04; elapsed=5.5s
  negatives seen=100.0%; hard negatives=0
Epoch 040 train: loss=0.1002 AUROC=0.9982 AUPRC=0.9795 BalAcc=0.9778 F1=0.9298 MCC=0.9233
Epoch 040 val  : loss=0.2165 AUROC=0.9682 AUPRC=0.5364 BalAcc=0.7989 F1=0.5226 MCC=0.5222
  learning_rate_used=2.011e-04; learning_rate_next=1.967e-04; elapsed=5.5s
  negatives seen=100.0%; hard negatives=0
Epoch 041 train: loss=0.0970 AUROC=0.9984 AUPRC=0.9811 BalAcc=0.9831 F1=0.9330 MCC=0.9271
Epoch 041 val  : loss=0.3039 AUROC=0.9647 AUPRC=0.5574 BalAcc=0.7288 F1=0.5534 MCC=0.5618
  learning_rate_used=1.967e-04; learning_rate_next=1.922e-04; elapsed=5.5s
  negatives seen=100.0%; hard negatives=0
Epoch 042 train: loss=0.0571 AUROC=0.9991 AUPRC=0.9860 BalAcc=0.9877 F1=0.9533 MCC=0.9490
Epoch 042 val  : loss=0.1778 AUROC=0.9649 AUPRC=0.5626 BalAcc=0.8269 F1=0.4150 MCC=0.4409
  learning_rate_used=1.922e-04; learning_rate_next=1.877e-04; elapsed=5.5s
  negatives seen=100.0%; hard negatives=0
Epoch 043 train: loss=0.0857 AUROC=0.9989 AUPRC=0.9861 BalAcc=0.9840 F1=0.9529 MCC=0.9484
Epoch 043 val  : loss=0.2453 AUROC=0.9739 AUPRC=0.5870 BalAcc=0.7449 F1=0.5755 MCC=0.5805
  learning_rate_used=1.877e-04; learning_rate_next=1.831e-04; elapsed=5.5s
  saved new best checkpoint: /data/projects/SFB_A03/jan/AT_TFBS/human301/runs/CREB3L3/68001_ablation_channels128_seed3/best_model.pt (objective=classification-auprc, score=0.586991)
  negatives seen=100.0%; hard negatives=0
Epoch 044 train: loss=0.0901 AUROC=0.9990 AUPRC=0.9903 BalAcc=0.9880 F1=0.9558 MCC=0.9517
Epoch 044 val  : loss=0.1997 AUROC=0.9711 AUPRC=0.5657 BalAcc=0.7953 F1=0.5382 MCC=0.5358
  learning_rate_used=1.831e-04; learning_rate_next=1.785e-04; elapsed=5.5s
  negatives seen=100.0%; hard negatives=0
Epoch 045 train: loss=0.0630 AUROC=0.9986 AUPRC=0.9821 BalAcc=0.9906 F1=0.9573 MCC=0.9535
Epoch 045 val  : loss=0.2002 AUROC=0.9685 AUPRC=0.5566 BalAcc=0.8301 F1=0.5188 MCC=0.5267
  learning_rate_used=1.785e-04; learning_rate_next=1.739e-04; elapsed=5.5s
  negatives seen=100.0%; hard negatives=0
Epoch 046 train: loss=0.1043 AUROC=0.9986 AUPRC=0.9854 BalAcc=0.9806 F1=0.9437 MCC=0.9383
Epoch 046 val  : loss=0.1479 AUROC=0.9718 AUPRC=0.5743 BalAcc=0.8656 F1=0.4133 MCC=0.4547
  learning_rate_used=1.739e-04; learning_rate_next=1.692e-04; elapsed=5.5s
  negatives seen=100.0%; hard negatives=0
Epoch 047 train: loss=0.0505 AUROC=0.9990 AUPRC=0.9864 BalAcc=0.9920 F1=0.9587 MCC=0.9551
Epoch 047 val  : loss=0.2770 AUROC=0.9652 AUPRC=0.5255 BalAcc=0.7871 F1=0.5199 MCC=0.5175
  learning_rate_used=1.692e-04; learning_rate_next=1.646e-04; elapsed=5.6s
  negatives seen=100.0%; hard negatives=0
Epoch 048 train: loss=0.0581 AUROC=0.9990 AUPRC=0.9829 BalAcc=0.9898 F1=0.9611 MCC=0.9575
Epoch 048 val  : loss=0.1874 AUROC=0.9693 AUPRC=0.5748 BalAcc=0.8025 F1=0.5118 MCC=0.5133
  learning_rate_used=1.646e-04; learning_rate_next=1.599e-04; elapsed=5.6s
  negatives seen=100.0%; hard negatives=0
Epoch 049 train: loss=0.0541 AUROC=0.9995 AUPRC=0.9941 BalAcc=0.9890 F1=0.9649 MCC=0.9615
Epoch 049 val  : loss=0.8937 AUROC=0.9582 AUPRC=0.5496 BalAcc=0.5524 F1=0.1884 MCC=0.3104
  learning_rate_used=1.599e-04; learning_rate_next=1.552e-04; elapsed=5.5s
  negatives seen=100.0%; hard negatives=0
Epoch 050 train: loss=0.0700 AUROC=0.9989 AUPRC=0.9846 BalAcc=0.9912 F1=0.9625 MCC=0.9590
Epoch 050 val  : loss=0.3208 AUROC=0.9664 AUPRC=0.5172 BalAcc=0.7403 F1=0.5357 MCC=0.5347
  learning_rate_used=1.552e-04; learning_rate_next=1.505e-04; elapsed=5.6s
  negatives seen=100.0%; hard negatives=0
Epoch 051 train: loss=0.0861 AUROC=0.9985 AUPRC=0.9787 BalAcc=0.9850 F1=0.9505 MCC=0.9458
Epoch 051 val  : loss=0.5279 AUROC=0.9650 AUPRC=0.5339 BalAcc=0.6569 F1=0.4509 MCC=0.4975
  learning_rate_used=1.505e-04; learning_rate_next=1.458e-04; elapsed=5.5s
  negatives seen=100.0%; hard negatives=0
Epoch 052 train: loss=0.0500 AUROC=0.9998 AUPRC=0.9977 BalAcc=0.9882 F1=0.9687 MCC=0.9656
Epoch 052 val  : loss=0.2799 AUROC=0.9703 AUPRC=0.5710 BalAcc=0.7448 F1=0.5674 MCC=0.5707
  learning_rate_used=1.458e-04; learning_rate_next=1.411e-04; elapsed=5.5s
  negatives seen=100.0%; hard negatives=0
Epoch 053 train: loss=0.0424 AUROC=0.9994 AUPRC=0.9922 BalAcc=0.9923 F1=0.9729 MCC=0.9703
Epoch 053 val  : loss=0.3052 AUROC=0.9683 AUPRC=0.5710 BalAcc=0.7682 F1=0.5583 MCC=0.5544
  learning_rate_used=1.411e-04; learning_rate_next=1.364e-04; elapsed=5.5s
  negatives seen=100.0%; hard negatives=0
Epoch 054 train: loss=0.0464 AUROC=0.9994 AUPRC=0.9929 BalAcc=0.9937 F1=0.9627 MCC=0.9594
Epoch 054 val  : loss=0.2136 AUROC=0.9693 AUPRC=0.5512 BalAcc=0.7999 F1=0.5747 MCC=0.5710
  learning_rate_used=1.364e-04; learning_rate_next=1.318e-04; elapsed=5.5s
  negatives seen=100.0%; hard negatives=0
Epoch 055 train: loss=0.0608 AUROC=0.9991 AUPRC=0.9880 BalAcc=0.9879 F1=0.9545 MCC=0.9504
Epoch 055 val  : loss=0.3804 AUROC=0.9709 AUPRC=0.5640 BalAcc=0.6890 F1=0.5081 MCC=0.5374
  learning_rate_used=1.318e-04; learning_rate_next=1.271e-04; elapsed=5.5s
  negatives seen=100.0%; hard negatives=0
Epoch 056 train: loss=0.0509 AUROC=0.9995 AUPRC=0.9941 BalAcc=0.9890 F1=0.9649 MCC=0.9615
Epoch 056 val  : loss=0.1654 AUROC=0.9716 AUPRC=0.5552 BalAcc=0.8573 F1=0.4009 MCC=0.4417
  learning_rate_used=1.271e-04; learning_rate_next=1.225e-04; elapsed=5.6s
  negatives seen=100.0%; hard negatives=0
Epoch 057 train: loss=0.0452 AUROC=0.9994 AUPRC=0.9929 BalAcc=0.9915 F1=0.9651 MCC=0.9618
Epoch 057 val  : loss=0.3768 AUROC=0.9668 AUPRC=0.5507 BalAcc=0.7487 F1=0.5662 MCC=0.5675
  learning_rate_used=1.225e-04; learning_rate_next=1.179e-04; elapsed=5.5s
  negatives seen=100.0%; hard negatives=0
Epoch 058 train: loss=0.0565 AUROC=0.9992 AUPRC=0.9881 BalAcc=0.9904 F1=0.9663 MCC=0.9631
Epoch 058 val  : loss=0.1885 AUROC=0.9707 AUPRC=0.5509 BalAcc=0.8181 F1=0.5096 MCC=0.5154
  learning_rate_used=1.179e-04; learning_rate_next=1.133e-04; elapsed=5.6s
  negatives seen=100.0%; hard negatives=0
Epoch 059 train: loss=0.0235 AUROC=0.9999 AUPRC=0.9989 BalAcc=0.9949 F1=0.9744 MCC=0.9720
Epoch 059 val  : loss=0.5273 AUROC=0.9648 AUPRC=0.5252 BalAcc=0.6569 F1=0.4535 MCC=0.5028
  learning_rate_used=1.133e-04; learning_rate_next=1.088e-04; elapsed=5.5s
  negatives seen=100.0%; hard negatives=0
Epoch 060 train: loss=0.0252 AUROC=0.9998 AUPRC=0.9973 BalAcc=0.9974 F1=0.9864 MCC=0.9851
Epoch 060 val  : loss=0.3475 AUROC=0.9628 AUPRC=0.5060 BalAcc=0.7839 F1=0.5591 MCC=0.5547
  learning_rate_used=1.088e-04; learning_rate_next=1.043e-04; elapsed=5.5s
  negatives seen=100.0%; hard negatives=0
Epoch 061 train: loss=0.0510 AUROC=0.9998 AUPRC=0.9982 BalAcc=0.9964 F1=0.9890 MCC=0.9880
Epoch 061 val  : loss=0.4745 AUROC=0.9656 AUPRC=0.5348 BalAcc=0.6930 F1=0.5189 MCC=0.5490
  learning_rate_used=1.043e-04; learning_rate_next=9.986e-05; elapsed=5.5s
  negatives seen=100.0%; hard negatives=0
Epoch 062 train: loss=0.0424 AUROC=0.9995 AUPRC=0.9936 BalAcc=0.9910 F1=0.9728 MCC=0.9702
Epoch 062 val  : loss=0.3201 AUROC=0.9658 AUPRC=0.5555 BalAcc=0.7844 F1=0.5892 MCC=0.5855
  learning_rate_used=9.986e-05; learning_rate_next=9.547e-05; elapsed=5.6s
  negatives seen=100.0%; hard negatives=0
Epoch 063 train: loss=0.0179 AUROC=0.9999 AUPRC=0.9989 BalAcc=0.9955 F1=0.9796 MCC=0.9777
Epoch 063 val  : loss=0.4871 AUROC=0.9606 AUPRC=0.5141 BalAcc=0.6966 F1=0.4949 MCC=0.5079
  learning_rate_used=9.547e-05; learning_rate_next=9.113e-05; elapsed=5.5s
Early stopping after 63 epochs.
Binary threshold: 0.347686 (strategy=val-mcc, validation_score=0.613669)
TEST chr10,chr12,chr14,chr16,chr18,chr2,chr20,chr22,chr4,chr6,chr8: loss=0.2098 AUROC=0.9810 AUPRC=0.5652 BalAcc=0.7955 F1=0.5802 MCC=0.5761
Outputs written to /data/projects/SFB_A03/jan/AT_TFBS/human301/runs/CREB3L3/68001_ablation_channels128_seed3
Binary predictions: binary_classification_results.tsv
Binary metrics: binary_classification_metrics.json
ROC plot: roc_curve.png
Precision-recall plot: precision_recall_curve.png
Confusion matrix: binary_confusion_matrix.tsv
