Window geometry: 256 bp from 301 bp; crop starts 0..45; shifts -22..+23; fresh uniform draw per access
Evaluation: crops (0, 22, 23, 45), reverse complement=True; all samples
train: n=36,663, positive=363, negative=36,300
  val: n=12,524, positive=124, negative=12,400
 test: n=40,198, positive=398, negative=39,800
Device: cuda
Hidden activation: RELU
Parameters: 1,033,941 total; 1,033,941 trainable
Architecture: motif kernels 9/12/15/21; encoder 128/64/64; original five-block bottleneck at 64; decoder 64/128/256
  negatives seen=10.0%; hard negatives=0
Epoch 001 train: loss=1.4897 AUROC=0.5057 AUPRC=0.0968 BalAcc=0.5006 F1=0.1530 MCC=0.0006
Epoch 001 val  : loss=0.7112 AUROC=0.5562 AUPRC=0.0128 BalAcc=0.5312 F1=0.0227 MCC=0.0130
  learning_rate_used=3.000e-04; learning_rate_next=2.999e-04; elapsed=7.0s
  saved new best checkpoint: /data/projects/SFB_A03/jan/AT_TFBS/human301/runs/CREB3L3/67995_motif64_9_12_15_21_epochs100_seed2/best_model.pt (objective=classification-auprc, score=0.012849)
  negatives seen=20.0%; hard negatives=0
Epoch 002 train: loss=1.3278 AUROC=0.5502 AUPRC=0.1168 BalAcc=0.5360 F1=0.1733 MCC=0.0415
Epoch 002 val  : loss=0.7112 AUROC=0.6423 AUPRC=0.0352 BalAcc=0.5873 F1=0.0285 MCC=0.0360
  learning_rate_used=2.999e-04; learning_rate_next=2.997e-04; elapsed=5.6s
  saved new best checkpoint: /data/projects/SFB_A03/jan/AT_TFBS/human301/runs/CREB3L3/67995_motif64_9_12_15_21_epochs100_seed2/best_model.pt (objective=classification-auprc, score=0.035170)
  negatives seen=30.0%; hard negatives=0
Epoch 003 train: loss=1.2157 AUROC=0.6452 AUPRC=0.1637 BalAcc=0.5934 F1=0.2104 MCC=0.1091
Epoch 003 val  : loss=0.6500 AUROC=0.8106 AUPRC=0.0777 BalAcc=0.7275 F1=0.0453 MCC=0.0957
  learning_rate_used=2.997e-04; learning_rate_next=2.993e-04; elapsed=5.6s
  saved new best checkpoint: /data/projects/SFB_A03/jan/AT_TFBS/human301/runs/CREB3L3/67995_motif64_9_12_15_21_epochs100_seed2/best_model.pt (objective=classification-auprc, score=0.077734)
  negatives seen=40.0%; hard negatives=0
Epoch 004 train: loss=1.1069 AUROC=0.7538 AUPRC=0.2625 BalAcc=0.6986 F1=0.2985 MCC=0.2428
Epoch 004 val  : loss=0.3675 AUROC=0.8553 AUPRC=0.0944 BalAcc=0.7417 F1=0.1092 MCC=0.1641
  learning_rate_used=2.993e-04; learning_rate_next=2.988e-04; elapsed=5.6s
  saved new best checkpoint: /data/projects/SFB_A03/jan/AT_TFBS/human301/runs/CREB3L3/67995_motif64_9_12_15_21_epochs100_seed2/best_model.pt (objective=classification-auprc, score=0.094428)
  negatives seen=50.0%; hard negatives=0
Epoch 005 train: loss=0.9323 AUROC=0.8394 AUPRC=0.3949 BalAcc=0.7629 F1=0.3777 MCC=0.3411
Epoch 005 val  : loss=0.2486 AUROC=0.8734 AUPRC=0.1207 BalAcc=0.7261 F1=0.1799 MCC=0.2177
  learning_rate_used=2.988e-04; learning_rate_next=2.982e-04; elapsed=5.6s
  saved new best checkpoint: /data/projects/SFB_A03/jan/AT_TFBS/human301/runs/CREB3L3/67995_motif64_9_12_15_21_epochs100_seed2/best_model.pt (objective=classification-auprc, score=0.120661)
  negatives seen=60.0%; hard negatives=0
Epoch 006 train: loss=0.7640 AUROC=0.8927 AUPRC=0.5076 BalAcc=0.8063 F1=0.4385 MCC=0.4129
Epoch 006 val  : loss=0.2220 AUROC=0.9119 AUPRC=0.2232 BalAcc=0.7919 F1=0.2326 MCC=0.2851
  learning_rate_used=2.982e-04; learning_rate_next=2.974e-04; elapsed=5.6s
  saved new best checkpoint: /data/projects/SFB_A03/jan/AT_TFBS/human301/runs/CREB3L3/67995_motif64_9_12_15_21_epochs100_seed2/best_model.pt (objective=classification-auprc, score=0.223211)
  negatives seen=70.0%; hard negatives=0
Epoch 007 train: loss=0.7135 AUROC=0.9093 AUPRC=0.5462 BalAcc=0.8358 F1=0.4898 MCC=0.4693
Epoch 007 val  : loss=0.4912 AUROC=0.9111 AUPRC=0.2290 BalAcc=0.8398 F1=0.0805 MCC=0.1663
  learning_rate_used=2.974e-04; learning_rate_next=2.964e-04; elapsed=5.6s
  saved new best checkpoint: /data/projects/SFB_A03/jan/AT_TFBS/human301/runs/CREB3L3/67995_motif64_9_12_15_21_epochs100_seed2/best_model.pt (objective=classification-auprc, score=0.229011)
  negatives seen=80.0%; hard negatives=0
Epoch 008 train: loss=0.6321 AUROC=0.9273 AUPRC=0.6116 BalAcc=0.8562 F1=0.5288 MCC=0.5112
Epoch 008 val  : loss=0.2041 AUROC=0.9215 AUPRC=0.2862 BalAcc=0.6393 F1=0.3415 MCC=0.3440
  learning_rate_used=2.964e-04; learning_rate_next=2.953e-04; elapsed=5.6s
  saved new best checkpoint: /data/projects/SFB_A03/jan/AT_TFBS/human301/runs/CREB3L3/67995_motif64_9_12_15_21_epochs100_seed2/best_model.pt (objective=classification-auprc, score=0.286151)
  negatives seen=90.0%; hard negatives=0
Epoch 009 train: loss=0.6568 AUROC=0.9247 AUPRC=0.6386 BalAcc=0.8590 F1=0.5450 MCC=0.5257
Epoch 009 val  : loss=0.3279 AUROC=0.9179 AUPRC=0.2387 BalAcc=0.8467 F1=0.1231 MCC=0.2114
  learning_rate_used=2.953e-04; learning_rate_next=2.941e-04; elapsed=5.6s
  negatives seen=100.0%; hard negatives=0
Epoch 010 train: loss=0.5257 AUROC=0.9516 AUPRC=0.7210 BalAcc=0.8793 F1=0.6179 MCC=0.5968
Epoch 010 val  : loss=0.2921 AUROC=0.9319 AUPRC=0.3143 BalAcc=0.8780 F1=0.1551 MCC=0.2515
  learning_rate_used=2.941e-04; learning_rate_next=2.927e-04; elapsed=5.6s
  saved new best checkpoint: /data/projects/SFB_A03/jan/AT_TFBS/human301/runs/CREB3L3/67995_motif64_9_12_15_21_epochs100_seed2/best_model.pt (objective=classification-auprc, score=0.314272)
  negatives seen=100.0%; hard negatives=0
Epoch 011 train: loss=0.4527 AUROC=0.9666 AUPRC=0.7715 BalAcc=0.9135 F1=0.6770 MCC=0.6626
Epoch 011 val  : loss=0.2671 AUROC=0.9422 AUPRC=0.3573 BalAcc=0.8766 F1=0.1614 MCC=0.2567
  learning_rate_used=2.927e-04; learning_rate_next=2.912e-04; elapsed=5.6s
  saved new best checkpoint: /data/projects/SFB_A03/jan/AT_TFBS/human301/runs/CREB3L3/67995_motif64_9_12_15_21_epochs100_seed2/best_model.pt (objective=classification-auprc, score=0.357321)
  negatives seen=100.0%; hard negatives=0
Epoch 012 train: loss=0.4550 AUROC=0.9653 AUPRC=0.7518 BalAcc=0.9014 F1=0.6660 MCC=0.6481
Epoch 012 val  : loss=0.9113 AUROC=0.9358 AUPRC=0.3394 BalAcc=0.7967 F1=0.0504 MCC=0.1221
  learning_rate_used=2.912e-04; learning_rate_next=2.895e-04; elapsed=5.6s
  negatives seen=100.0%; hard negatives=0
Epoch 013 train: loss=0.4637 AUROC=0.9653 AUPRC=0.7418 BalAcc=0.9039 F1=0.6513 MCC=0.6362
Epoch 013 val  : loss=4.4677 AUROC=0.9168 AUPRC=0.2681 BalAcc=0.5185 F1=0.0204 MCC=0.0178
  learning_rate_used=2.895e-04; learning_rate_next=2.877e-04; elapsed=5.6s
  negatives seen=100.0%; hard negatives=0
Epoch 014 train: loss=0.3678 AUROC=0.9767 AUPRC=0.8417 BalAcc=0.9256 F1=0.7115 MCC=0.6980
Epoch 014 val  : loss=0.3348 AUROC=0.9345 AUPRC=0.4069 BalAcc=0.5844 F1=0.2745 MCC=0.3475
  learning_rate_used=2.877e-04; learning_rate_next=2.858e-04; elapsed=5.6s
  saved new best checkpoint: /data/projects/SFB_A03/jan/AT_TFBS/human301/runs/CREB3L3/67995_motif64_9_12_15_21_epochs100_seed2/best_model.pt (objective=classification-auprc, score=0.406872)
  negatives seen=100.0%; hard negatives=0
Epoch 015 train: loss=0.3703 AUROC=0.9759 AUPRC=0.8371 BalAcc=0.9252 F1=0.7155 MCC=0.7014
Epoch 015 val  : loss=0.2468 AUROC=0.9507 AUPRC=0.4577 BalAcc=0.8824 F1=0.1687 MCC=0.2653
  learning_rate_used=2.858e-04; learning_rate_next=2.837e-04; elapsed=5.6s
  saved new best checkpoint: /data/projects/SFB_A03/jan/AT_TFBS/human301/runs/CREB3L3/67995_motif64_9_12_15_21_epochs100_seed2/best_model.pt (objective=classification-auprc, score=0.457714)
  negatives seen=100.0%; hard negatives=0
Epoch 016 train: loss=0.2845 AUROC=0.9849 AUPRC=0.8730 BalAcc=0.9372 F1=0.7593 MCC=0.7457
Epoch 016 val  : loss=0.4694 AUROC=0.9127 AUPRC=0.2922 BalAcc=0.5480 F1=0.1644 MCC=0.2269
  learning_rate_used=2.837e-04; learning_rate_next=2.815e-04; elapsed=5.6s
  negatives seen=100.0%; hard negatives=0
Epoch 017 train: loss=0.2895 AUROC=0.9879 AUPRC=0.9028 BalAcc=0.9375 F1=0.7835 MCC=0.7686
Epoch 017 val  : loss=1.0243 AUROC=0.9509 AUPRC=0.4462 BalAcc=0.7863 F1=0.0467 MCC=0.1157
  learning_rate_used=2.815e-04; learning_rate_next=2.792e-04; elapsed=5.6s
  negatives seen=100.0%; hard negatives=0
Epoch 018 train: loss=0.2620 AUROC=0.9875 AUPRC=0.8983 BalAcc=0.9518 F1=0.7935 MCC=0.7822
Epoch 018 val  : loss=0.1727 AUROC=0.9365 AUPRC=0.4346 BalAcc=0.8129 F1=0.3604 MCC=0.3927
  learning_rate_used=2.792e-04; learning_rate_next=2.767e-04; elapsed=5.6s
  negatives seen=100.0%; hard negatives=0
Epoch 019 train: loss=0.2329 AUROC=0.9906 AUPRC=0.9144 BalAcc=0.9559 F1=0.8305 MCC=0.8187
Epoch 019 val  : loss=0.5245 AUROC=0.9247 AUPRC=0.3801 BalAcc=0.5483 F1=0.1727 MCC=0.2763
  learning_rate_used=2.767e-04; learning_rate_next=2.741e-04; elapsed=5.6s
  negatives seen=100.0%; hard negatives=0
Epoch 020 train: loss=0.2684 AUROC=0.9885 AUPRC=0.9020 BalAcc=0.9445 F1=0.8077 MCC=0.7938
Epoch 020 val  : loss=0.3990 AUROC=0.9490 AUPRC=0.4350 BalAcc=0.5844 F1=0.2781 MCC=0.3605
  learning_rate_used=2.741e-04; learning_rate_next=2.714e-04; elapsed=5.6s
  negatives seen=100.0%; hard negatives=0
Epoch 021 train: loss=0.1997 AUROC=0.9929 AUPRC=0.9314 BalAcc=0.9581 F1=0.8380 MCC=0.8266
Epoch 021 val  : loss=0.1664 AUROC=0.9512 AUPRC=0.4708 BalAcc=0.7778 F1=0.4590 MCC=0.4609
  learning_rate_used=2.714e-04; learning_rate_next=2.686e-04; elapsed=5.6s
  saved new best checkpoint: /data/projects/SFB_A03/jan/AT_TFBS/human301/runs/CREB3L3/67995_motif64_9_12_15_21_epochs100_seed2/best_model.pt (objective=classification-auprc, score=0.470836)
  negatives seen=100.0%; hard negatives=0
Epoch 022 train: loss=0.2401 AUROC=0.9901 AUPRC=0.9147 BalAcc=0.9526 F1=0.8153 MCC=0.8031
Epoch 022 val  : loss=0.1468 AUROC=0.9544 AUPRC=0.4910 BalAcc=0.8577 F1=0.3382 MCC=0.3935
  learning_rate_used=2.686e-04; learning_rate_next=2.657e-04; elapsed=5.6s
  saved new best checkpoint: /data/projects/SFB_A03/jan/AT_TFBS/human301/runs/CREB3L3/67995_motif64_9_12_15_21_epochs100_seed2/best_model.pt (objective=classification-auprc, score=0.491021)
  negatives seen=100.0%; hard negatives=0
Epoch 023 train: loss=0.1916 AUROC=0.9938 AUPRC=0.9447 BalAcc=0.9675 F1=0.8733 MCC=0.8636
Epoch 023 val  : loss=0.2378 AUROC=0.9494 AUPRC=0.5019 BalAcc=0.6727 F1=0.4699 MCC=0.4995
  learning_rate_used=2.657e-04; learning_rate_next=2.626e-04; elapsed=5.6s
  saved new best checkpoint: /data/projects/SFB_A03/jan/AT_TFBS/human301/runs/CREB3L3/67995_motif64_9_12_15_21_epochs100_seed2/best_model.pt (objective=classification-auprc, score=0.501906)
  negatives seen=100.0%; hard negatives=0
Epoch 024 train: loss=0.1614 AUROC=0.9929 AUPRC=0.9252 BalAcc=0.9736 F1=0.8645 MCC=0.8561
Epoch 024 val  : loss=0.1508 AUROC=0.9546 AUPRC=0.5392 BalAcc=0.8611 F1=0.4000 MCC=0.4426
  learning_rate_used=2.626e-04; learning_rate_next=2.595e-04; elapsed=5.6s
  saved new best checkpoint: /data/projects/SFB_A03/jan/AT_TFBS/human301/runs/CREB3L3/67995_motif64_9_12_15_21_epochs100_seed2/best_model.pt (objective=classification-auprc, score=0.539221)
  negatives seen=100.0%; hard negatives=0
Epoch 025 train: loss=0.1779 AUROC=0.9946 AUPRC=0.9447 BalAcc=0.9686 F1=0.8725 MCC=0.8630
Epoch 025 val  : loss=0.2575 AUROC=0.9536 AUPRC=0.4913 BalAcc=0.6845 F1=0.4742 MCC=0.4901
  learning_rate_used=2.595e-04; learning_rate_next=2.562e-04; elapsed=5.6s
  negatives seen=100.0%; hard negatives=0
Epoch 026 train: loss=0.1490 AUROC=0.9962 AUPRC=0.9618 BalAcc=0.9737 F1=0.8943 MCC=0.8859
Epoch 026 val  : loss=0.4207 AUROC=0.9184 AUPRC=0.3569 BalAcc=0.6321 F1=0.3626 MCC=0.3852
  learning_rate_used=2.562e-04; learning_rate_next=2.528e-04; elapsed=5.6s
  negatives seen=100.0%; hard negatives=0
Epoch 027 train: loss=0.1974 AUROC=0.9941 AUPRC=0.9502 BalAcc=0.9680 F1=0.8777 MCC=0.8681
Epoch 027 val  : loss=0.2541 AUROC=0.9474 AUPRC=0.4438 BalAcc=0.6960 F1=0.4623 MCC=0.4647
  learning_rate_used=2.528e-04; learning_rate_next=2.494e-04; elapsed=5.6s
  negatives seen=100.0%; hard negatives=0
Epoch 028 train: loss=0.1659 AUROC=0.9956 AUPRC=0.9563 BalAcc=0.9682 F1=0.8886 MCC=0.8793
Epoch 028 val  : loss=0.4030 AUROC=0.9456 AUPRC=0.4339 BalAcc=0.6164 F1=0.3494 MCC=0.3987
  learning_rate_used=2.494e-04; learning_rate_next=2.458e-04; elapsed=5.6s
  negatives seen=100.0%; hard negatives=0
Epoch 029 train: loss=0.1520 AUROC=0.9956 AUPRC=0.9542 BalAcc=0.9711 F1=0.8827 MCC=0.8737
Epoch 029 val  : loss=0.2053 AUROC=0.9488 AUPRC=0.4786 BalAcc=0.7898 F1=0.4695 MCC=0.4731
  learning_rate_used=2.458e-04; learning_rate_next=2.421e-04; elapsed=5.6s
  negatives seen=100.0%; hard negatives=0
Epoch 030 train: loss=0.1587 AUROC=0.9954 AUPRC=0.9452 BalAcc=0.9713 F1=0.8850 MCC=0.8760
Epoch 030 val  : loss=0.2329 AUROC=0.9505 AUPRC=0.5185 BalAcc=0.7359 F1=0.5064 MCC=0.5029
  learning_rate_used=2.421e-04; learning_rate_next=2.384e-04; elapsed=5.6s
  negatives seen=100.0%; hard negatives=0
Epoch 031 train: loss=0.1092 AUROC=0.9972 AUPRC=0.9665 BalAcc=0.9795 F1=0.9124 MCC=0.9053
Epoch 031 val  : loss=0.1997 AUROC=0.9495 AUPRC=0.5190 BalAcc=0.7867 F1=0.5017 MCC=0.5008
  learning_rate_used=2.384e-04; learning_rate_next=2.345e-04; elapsed=5.6s
  negatives seen=100.0%; hard negatives=0
Epoch 032 train: loss=0.1454 AUROC=0.9962 AUPRC=0.9699 BalAcc=0.9766 F1=0.9188 MCC=0.9117
Epoch 032 val  : loss=0.1908 AUROC=0.9563 AUPRC=0.5226 BalAcc=0.8994 F1=0.2552 MCC=0.3446
  learning_rate_used=2.345e-04; learning_rate_next=2.306e-04; elapsed=5.6s
  negatives seen=100.0%; hard negatives=0
Epoch 033 train: loss=0.1419 AUROC=0.9962 AUPRC=0.9535 BalAcc=0.9758 F1=0.9117 MCC=0.9041
Epoch 033 val  : loss=0.3784 AUROC=0.9524 AUPRC=0.5119 BalAcc=0.8979 F1=0.1289 MCC=0.2333
  learning_rate_used=2.306e-04; learning_rate_next=2.266e-04; elapsed=5.6s
  negatives seen=100.0%; hard negatives=0
Epoch 034 train: loss=0.1507 AUROC=0.9968 AUPRC=0.9692 BalAcc=0.9691 F1=0.9069 MCC=0.8984
Epoch 034 val  : loss=0.2877 AUROC=0.9523 AUPRC=0.5257 BalAcc=0.8952 F1=0.1635 MCC=0.2650
  learning_rate_used=2.266e-04; learning_rate_next=2.225e-04; elapsed=5.6s
  negatives seen=100.0%; hard negatives=0
Epoch 035 train: loss=0.1080 AUROC=0.9975 AUPRC=0.9683 BalAcc=0.9788 F1=0.9169 MCC=0.9099
Epoch 035 val  : loss=0.2134 AUROC=0.9553 AUPRC=0.5192 BalAcc=0.7602 F1=0.5485 MCC=0.5448
  learning_rate_used=2.225e-04; learning_rate_next=2.184e-04; elapsed=5.6s
  negatives seen=100.0%; hard negatives=0
Epoch 036 train: loss=0.1786 AUROC=0.9962 AUPRC=0.9639 BalAcc=0.9696 F1=0.9105 MCC=0.9022
Epoch 036 val  : loss=0.1956 AUROC=0.9558 AUPRC=0.5176 BalAcc=0.8816 F1=0.2346 MCC=0.3211
  learning_rate_used=2.184e-04; learning_rate_next=2.142e-04; elapsed=5.6s
  negatives seen=100.0%; hard negatives=0
Epoch 037 train: loss=0.1001 AUROC=0.9974 AUPRC=0.9675 BalAcc=0.9811 F1=0.9059 MCC=0.8989
Epoch 037 val  : loss=0.2531 AUROC=0.9427 AUPRC=0.5334 BalAcc=0.7480 F1=0.5277 MCC=0.5240
  learning_rate_used=2.142e-04; learning_rate_next=2.099e-04; elapsed=5.6s
  negatives seen=100.0%; hard negatives=0
Epoch 038 train: loss=0.0880 AUROC=0.9982 AUPRC=0.9797 BalAcc=0.9836 F1=0.9271 MCC=0.9210
Epoch 038 val  : loss=0.2553 AUROC=0.9500 AUPRC=0.5313 BalAcc=0.7482 F1=0.5368 MCC=0.5340
  learning_rate_used=2.099e-04; learning_rate_next=2.055e-04; elapsed=5.6s
  negatives seen=100.0%; hard negatives=0
Epoch 039 train: loss=0.1192 AUROC=0.9980 AUPRC=0.9795 BalAcc=0.9771 F1=0.9237 MCC=0.9168
Epoch 039 val  : loss=0.2880 AUROC=0.9310 AUPRC=0.4613 BalAcc=0.7437 F1=0.5041 MCC=0.4995
  learning_rate_used=2.055e-04; learning_rate_next=2.011e-04; elapsed=5.6s
  negatives seen=100.0%; hard negatives=0
Epoch 040 train: loss=0.1028 AUROC=0.9982 AUPRC=0.9807 BalAcc=0.9818 F1=0.9328 MCC=0.9268
Epoch 040 val  : loss=0.3128 AUROC=0.9500 AUPRC=0.4990 BalAcc=0.6926 F1=0.4898 MCC=0.5044
  learning_rate_used=2.011e-04; learning_rate_next=1.967e-04; elapsed=5.6s
  negatives seen=100.0%; hard negatives=0
Epoch 041 train: loss=0.0701 AUROC=0.9987 AUPRC=0.9851 BalAcc=0.9850 F1=0.9393 MCC=0.9340
Epoch 041 val  : loss=0.1632 AUROC=0.9574 AUPRC=0.5422 BalAcc=0.8315 F1=0.4330 MCC=0.4569
  learning_rate_used=1.967e-04; learning_rate_next=1.922e-04; elapsed=5.6s
  saved new best checkpoint: /data/projects/SFB_A03/jan/AT_TFBS/human301/runs/CREB3L3/67995_motif64_9_12_15_21_epochs100_seed2/best_model.pt (objective=classification-auprc, score=0.542246)
  negatives seen=100.0%; hard negatives=0
Epoch 042 train: loss=0.0772 AUROC=0.9987 AUPRC=0.9799 BalAcc=0.9831 F1=0.9440 MCC=0.9388
Epoch 042 val  : loss=0.1744 AUROC=0.9525 AUPRC=0.4744 BalAcc=0.8632 F1=0.3654 MCC=0.4167
  learning_rate_used=1.922e-04; learning_rate_next=1.877e-04; elapsed=5.6s
  negatives seen=100.0%; hard negatives=0
Epoch 043 train: loss=0.1251 AUROC=0.9979 AUPRC=0.9758 BalAcc=0.9802 F1=0.9289 MCC=0.9226
Epoch 043 val  : loss=0.1709 AUROC=0.9532 AUPRC=0.5400 BalAcc=0.8644 F1=0.3875 MCC=0.4342
  learning_rate_used=1.877e-04; learning_rate_next=1.831e-04; elapsed=5.6s
  negatives seen=100.0%; hard negatives=0
Epoch 044 train: loss=0.1118 AUROC=0.9983 AUPRC=0.9792 BalAcc=0.9814 F1=0.9401 MCC=0.9345
Epoch 044 val  : loss=0.1770 AUROC=0.9550 AUPRC=0.5152 BalAcc=0.8542 F1=0.3421 MCC=0.3950
  learning_rate_used=1.831e-04; learning_rate_next=1.785e-04; elapsed=5.6s
  negatives seen=100.0%; hard negatives=0
Epoch 045 train: loss=0.0806 AUROC=0.9987 AUPRC=0.9831 BalAcc=0.9862 F1=0.9506 MCC=0.9460
Epoch 045 val  : loss=0.3563 AUROC=0.9431 AUPRC=0.5409 BalAcc=0.6808 F1=0.4891 MCC=0.5186
  learning_rate_used=1.785e-04; learning_rate_next=1.739e-04; elapsed=5.6s
  negatives seen=100.0%; hard negatives=0
Epoch 046 train: loss=0.0820 AUROC=0.9988 AUPRC=0.9765 BalAcc=0.9860 F1=0.9481 MCC=0.9433
Epoch 046 val  : loss=0.2262 AUROC=0.9536 AUPRC=0.5700 BalAcc=0.7638 F1=0.5323 MCC=0.5276
  learning_rate_used=1.739e-04; learning_rate_next=1.692e-04; elapsed=5.6s
  saved new best checkpoint: /data/projects/SFB_A03/jan/AT_TFBS/human301/runs/CREB3L3/67995_motif64_9_12_15_21_epochs100_seed2/best_model.pt (objective=classification-auprc, score=0.570020)
  negatives seen=100.0%; hard negatives=0
Epoch 047 train: loss=0.0636 AUROC=0.9987 AUPRC=0.9829 BalAcc=0.9898 F1=0.9611 MCC=0.9575
Epoch 047 val  : loss=0.2408 AUROC=0.9514 AUPRC=0.5468 BalAcc=0.7639 F1=0.5388 MCC=0.5343
  learning_rate_used=1.692e-04; learning_rate_next=1.646e-04; elapsed=5.6s
  negatives seen=100.0%; hard negatives=0
Epoch 048 train: loss=0.0759 AUROC=0.9985 AUPRC=0.9825 BalAcc=0.9880 F1=0.9446 MCC=0.9398
Epoch 048 val  : loss=0.3306 AUROC=0.9475 AUPRC=0.5134 BalAcc=0.7120 F1=0.4818 MCC=0.4813
  learning_rate_used=1.646e-04; learning_rate_next=1.599e-04; elapsed=5.6s
  negatives seen=100.0%; hard negatives=0
Epoch 049 train: loss=0.0417 AUROC=0.9985 AUPRC=0.9774 BalAcc=0.9960 F1=0.9616 MCC=0.9584
Epoch 049 val  : loss=0.1912 AUROC=0.9569 AUPRC=0.5497 BalAcc=0.8047 F1=0.4464 MCC=0.4582
  learning_rate_used=1.599e-04; learning_rate_next=1.552e-04; elapsed=5.6s
  negatives seen=100.0%; hard negatives=0
Epoch 050 train: loss=0.0907 AUROC=0.9989 AUPRC=0.9881 BalAcc=0.9833 F1=0.9465 MCC=0.9415
Epoch 050 val  : loss=0.1847 AUROC=0.9626 AUPRC=0.5510 BalAcc=0.7856 F1=0.4601 MCC=0.4639
  learning_rate_used=1.552e-04; learning_rate_next=1.505e-04; elapsed=5.6s
  negatives seen=100.0%; hard negatives=0
Epoch 051 train: loss=0.0566 AUROC=0.9994 AUPRC=0.9935 BalAcc=0.9875 F1=0.9622 MCC=0.9585
Epoch 051 val  : loss=0.1712 AUROC=0.9633 AUPRC=0.5399 BalAcc=0.8158 F1=0.4313 MCC=0.4498
  learning_rate_used=1.505e-04; learning_rate_next=1.458e-04; elapsed=5.6s
  negatives seen=100.0%; hard negatives=0
Epoch 052 train: loss=0.0442 AUROC=0.9992 AUPRC=0.9905 BalAcc=0.9924 F1=0.9626 MCC=0.9592
Epoch 052 val  : loss=0.2513 AUROC=0.9571 AUPRC=0.5866 BalAcc=0.7762 F1=0.5679 MCC=0.5638
  learning_rate_used=1.458e-04; learning_rate_next=1.411e-04; elapsed=5.6s
  saved new best checkpoint: /data/projects/SFB_A03/jan/AT_TFBS/human301/runs/CREB3L3/67995_motif64_9_12_15_21_epochs100_seed2/best_model.pt (objective=classification-auprc, score=0.586630)
  negatives seen=100.0%; hard negatives=0
Epoch 053 train: loss=0.0492 AUROC=0.9995 AUPRC=0.9946 BalAcc=0.9915 F1=0.9651 MCC=0.9618
Epoch 053 val  : loss=0.2076 AUROC=0.9567 AUPRC=0.5261 BalAcc=0.8914 F1=0.2837 MCC=0.3644
  learning_rate_used=1.411e-04; learning_rate_next=1.364e-04; elapsed=5.6s
  negatives seen=100.0%; hard negatives=0
Epoch 054 train: loss=0.0536 AUROC=0.9996 AUPRC=0.9963 BalAcc=0.9871 F1=0.9583 MCC=0.9543
Epoch 054 val  : loss=0.3212 AUROC=0.9525 AUPRC=0.5527 BalAcc=0.7406 F1=0.5505 MCC=0.5519
  learning_rate_used=1.364e-04; learning_rate_next=1.318e-04; elapsed=5.6s
  negatives seen=100.0%; hard negatives=0
Epoch 055 train: loss=0.0449 AUROC=0.9993 AUPRC=0.9869 BalAcc=0.9939 F1=0.9652 MCC=0.9622
Epoch 055 val  : loss=0.8507 AUROC=0.9454 AUPRC=0.4716 BalAcc=0.5363 F1=0.1353 MCC=0.2682
  learning_rate_used=1.318e-04; learning_rate_next=1.271e-04; elapsed=5.6s
  negatives seen=100.0%; hard negatives=0
Epoch 056 train: loss=0.0517 AUROC=0.9993 AUPRC=0.9915 BalAcc=0.9937 F1=0.9743 MCC=0.9719
Epoch 056 val  : loss=0.2433 AUROC=0.9574 AUPRC=0.5469 BalAcc=0.7869 F1=0.5143 MCC=0.5123
  learning_rate_used=1.271e-04; learning_rate_next=1.225e-04; elapsed=5.6s
  negatives seen=100.0%; hard negatives=0
Epoch 057 train: loss=0.0732 AUROC=0.9993 AUPRC=0.9860 BalAcc=0.9894 F1=0.9688 MCC=0.9658
Epoch 057 val  : loss=0.2327 AUROC=0.9545 AUPRC=0.5527 BalAcc=0.8061 F1=0.4968 MCC=0.5011
  learning_rate_used=1.225e-04; learning_rate_next=1.179e-04; elapsed=5.6s
  negatives seen=100.0%; hard negatives=0
Epoch 058 train: loss=0.0267 AUROC=0.9998 AUPRC=0.9975 BalAcc=0.9949 F1=0.9744 MCC=0.9720
Epoch 058 val  : loss=0.5902 AUROC=0.9504 AUPRC=0.5414 BalAcc=0.6007 F1=0.3311 MCC=0.4300
  learning_rate_used=1.179e-04; learning_rate_next=1.133e-04; elapsed=5.6s
  negatives seen=100.0%; hard negatives=0
Epoch 059 train: loss=0.0427 AUROC=0.9997 AUPRC=0.9970 BalAcc=0.9927 F1=0.9769 MCC=0.9746
Epoch 059 val  : loss=0.2822 AUROC=0.9528 AUPRC=0.5304 BalAcc=0.7640 F1=0.5432 MCC=0.5389
  learning_rate_used=1.133e-04; learning_rate_next=1.088e-04; elapsed=5.6s
  negatives seen=100.0%; hard negatives=0
Epoch 060 train: loss=0.0472 AUROC=0.9994 AUPRC=0.9914 BalAcc=0.9931 F1=0.9690 MCC=0.9662
Epoch 060 val  : loss=0.5319 AUROC=0.9541 AUPRC=0.5200 BalAcc=0.6369 F1=0.4146 MCC=0.4803
  learning_rate_used=1.088e-04; learning_rate_next=1.043e-04; elapsed=5.6s
  negatives seen=100.0%; hard negatives=0
Epoch 061 train: loss=0.0228 AUROC=0.9999 AUPRC=0.9989 BalAcc=0.9945 F1=0.9823 MCC=0.9805
Epoch 061 val  : loss=0.3198 AUROC=0.9556 AUPRC=0.5651 BalAcc=0.7482 F1=0.5391 MCC=0.5366
  learning_rate_used=1.043e-04; learning_rate_next=9.986e-05; elapsed=5.6s
  negatives seen=100.0%; hard negatives=0
Epoch 062 train: loss=0.0326 AUROC=0.9994 AUPRC=0.9893 BalAcc=0.9938 F1=0.9756 MCC=0.9733
Epoch 062 val  : loss=0.3318 AUROC=0.9508 AUPRC=0.5528 BalAcc=0.7362 F1=0.5221 MCC=0.5203
  learning_rate_used=9.986e-05; learning_rate_next=9.547e-05; elapsed=5.6s
  negatives seen=100.0%; hard negatives=0
Epoch 063 train: loss=0.0135 AUROC=0.9999 AUPRC=0.9986 BalAcc=0.9986 F1=0.9864 MCC=0.9851
Epoch 063 val  : loss=0.5083 AUROC=0.9484 AUPRC=0.5401 BalAcc=0.6449 F1=0.4311 MCC=0.4905
  learning_rate_used=9.547e-05; learning_rate_next=9.113e-05; elapsed=5.6s
  negatives seen=100.0%; hard negatives=0
Epoch 064 train: loss=0.0601 AUROC=0.9994 AUPRC=0.9926 BalAcc=0.9923 F1=0.9729 MCC=0.9703
Epoch 064 val  : loss=0.2518 AUROC=0.9534 AUPRC=0.5600 BalAcc=0.8023 F1=0.5000 MCC=0.5029
  learning_rate_used=9.113e-05; learning_rate_next=8.685e-05; elapsed=5.6s
  negatives seen=100.0%; hard negatives=0
Epoch 065 train: loss=0.0358 AUROC=0.9996 AUPRC=0.9947 BalAcc=0.9941 F1=0.9783 MCC=0.9762
Epoch 065 val  : loss=0.3627 AUROC=0.9552 AUPRC=0.5741 BalAcc=0.7168 F1=0.5347 MCC=0.5456
  learning_rate_used=8.685e-05; learning_rate_next=8.263e-05; elapsed=5.6s
  negatives seen=100.0%; hard negatives=0
Epoch 066 train: loss=0.0209 AUROC=0.9997 AUPRC=0.9970 BalAcc=0.9974 F1=0.9864 MCC=0.9851
Epoch 066 val  : loss=0.2026 AUROC=0.9582 AUPRC=0.5818 BalAcc=0.8169 F1=0.4624 MCC=0.4755
  learning_rate_used=8.263e-05; learning_rate_next=7.848e-05; elapsed=5.6s
  negatives seen=100.0%; hard negatives=0
Epoch 067 train: loss=0.0150 AUROC=0.9998 AUPRC=0.9984 BalAcc=0.9990 F1=0.9905 MCC=0.9895
Epoch 067 val  : loss=0.3189 AUROC=0.9555 AUPRC=0.5790 BalAcc=0.7563 F1=0.5541 MCC=0.5515
  learning_rate_used=7.848e-05; learning_rate_next=7.440e-05; elapsed=5.6s
  negatives seen=100.0%; hard negatives=0
Epoch 068 train: loss=0.0125 AUROC=0.9999 AUPRC=0.9985 BalAcc=0.9989 F1=0.9891 MCC=0.9881
Epoch 068 val  : loss=0.2301 AUROC=0.9607 AUPRC=0.5651 BalAcc=0.7986 F1=0.5102 MCC=0.5110
  learning_rate_used=7.440e-05; learning_rate_next=7.039e-05; elapsed=5.6s
  negatives seen=100.0%; hard negatives=0
Epoch 069 train: loss=0.0160 AUROC=0.9997 AUPRC=0.9956 BalAcc=0.9989 F1=0.9891 MCC=0.9881
Epoch 069 val  : loss=0.2984 AUROC=0.9600 AUPRC=0.5733 BalAcc=0.7601 F1=0.5439 MCC=0.5399
  learning_rate_used=7.039e-05; learning_rate_next=6.647e-05; elapsed=5.6s
  negatives seen=100.0%; hard negatives=0
Epoch 070 train: loss=0.0149 AUROC=0.9999 AUPRC=0.9992 BalAcc=0.9972 F1=0.9850 MCC=0.9836
Epoch 070 val  : loss=0.6834 AUROC=0.9460 AUPRC=0.5376 BalAcc=0.5968 F1=0.3243 MCC=0.4382
  learning_rate_used=6.647e-05; learning_rate_next=6.263e-05; elapsed=5.6s
  negatives seen=100.0%; hard negatives=0
Epoch 071 train: loss=0.0194 AUROC=0.9999 AUPRC=0.9985 BalAcc=0.9960 F1=0.9850 MCC=0.9835
Epoch 071 val  : loss=0.3611 AUROC=0.9546 AUPRC=0.5557 BalAcc=0.7248 F1=0.5437 MCC=0.5518
  learning_rate_used=6.263e-05; learning_rate_next=5.887e-05; elapsed=5.6s
  negatives seen=100.0%; hard negatives=0
Epoch 072 train: loss=0.0130 AUROC=0.9998 AUPRC=0.9979 BalAcc=0.9977 F1=0.9891 MCC=0.9880
Epoch 072 val  : loss=0.4813 AUROC=0.9496 AUPRC=0.5294 BalAcc=0.6567 F1=0.4407 MCC=0.4780
  learning_rate_used=5.887e-05; learning_rate_next=5.521e-05; elapsed=5.6s
Early stopping after 72 epochs.
Binary threshold: 0.563912 (strategy=val-mcc, validation_score=0.576883)
TEST chr10,chr12,chr14,chr16,chr18,chr2,chr20,chr22,chr4,chr6,chr8: loss=0.2044 AUROC=0.9702 AUPRC=0.5262 BalAcc=0.7517 F1=0.5281 MCC=0.5240
Outputs written to /data/projects/SFB_A03/jan/AT_TFBS/human301/runs/CREB3L3/67995_motif64_9_12_15_21_epochs100_seed2
Binary predictions: binary_classification_results.tsv
Binary metrics: binary_classification_metrics.json
ROC plot: roc_curve.png
Precision-recall plot: precision_recall_curve.png
Confusion matrix: binary_confusion_matrix.tsv
