Window geometry: 256 bp from 301 bp; crop starts 0..45; shifts -22..+23; fresh uniform draw per access
Evaluation: crops (0, 22, 23, 45), reverse complement=True; all samples
train: n=36,663, positive=363, negative=36,300
  val: n=12,524, positive=124, negative=12,400
 test: n=40,198, positive=398, negative=39,800
Device: cuda
Hidden activation: RELU
Parameters: 1,032,981 total; 1,032,981 trainable
Architecture: motif kernels 9/12; encoder 128/64/64; original five-block bottleneck at 64; decoder 64/128/256
  negatives seen=10.0%; hard negatives=0
Epoch 001 train: loss=1.4542 AUROC=0.5290 AUPRC=0.0964 BalAcc=0.5189 F1=0.1632 MCC=0.0218
Epoch 001 val  : loss=1.0316 AUROC=0.6890 AUPRC=0.0259 BalAcc=0.5259 F1=0.0207 MCC=0.0217
  learning_rate_used=3.000e-04; learning_rate_next=2.999e-04; elapsed=6.9s
  saved new best checkpoint: /data/projects/SFB_A03/jan/AT_TFBS/human301/runs/CREB3L3/68001_ablation_dropout_seed2/best_model.pt (objective=classification-auprc, score=0.025909)
  negatives seen=20.0%; hard negatives=0
Epoch 002 train: loss=1.2901 AUROC=0.6172 AUPRC=0.1603 BalAcc=0.5751 F1=0.1988 MCC=0.0882
Epoch 002 val  : loss=0.4255 AUROC=0.7804 AUPRC=0.0591 BalAcc=0.6083 F1=0.0955 MCC=0.1050
  learning_rate_used=2.999e-04; learning_rate_next=2.997e-04; elapsed=5.7s
  saved new best checkpoint: /data/projects/SFB_A03/jan/AT_TFBS/human301/runs/CREB3L3/68001_ablation_dropout_seed2/best_model.pt (objective=classification-auprc, score=0.059135)
  negatives seen=30.0%; hard negatives=0
Epoch 003 train: loss=1.0757 AUROC=0.7661 AUPRC=0.2884 BalAcc=0.7080 F1=0.3102 MCC=0.2572
Epoch 003 val  : loss=0.5264 AUROC=0.8833 AUPRC=0.1318 BalAcc=0.8000 F1=0.0667 MCC=0.1398
  learning_rate_used=2.997e-04; learning_rate_next=2.993e-04; elapsed=5.7s
  saved new best checkpoint: /data/projects/SFB_A03/jan/AT_TFBS/human301/runs/CREB3L3/68001_ablation_dropout_seed2/best_model.pt (objective=classification-auprc, score=0.131772)
  negatives seen=40.0%; hard negatives=0
Epoch 004 train: loss=0.8860 AUROC=0.8495 AUPRC=0.4291 BalAcc=0.7691 F1=0.3851 MCC=0.3504
Epoch 004 val  : loss=0.2400 AUROC=0.9086 AUPRC=0.2132 BalAcc=0.5793 F1=0.2247 MCC=0.2396
  learning_rate_used=2.993e-04; learning_rate_next=2.988e-04; elapsed=5.7s
  saved new best checkpoint: /data/projects/SFB_A03/jan/AT_TFBS/human301/runs/CREB3L3/68001_ablation_dropout_seed2/best_model.pt (objective=classification-auprc, score=0.213221)
  negatives seen=50.0%; hard negatives=0
Epoch 005 train: loss=0.8229 AUROC=0.8821 AUPRC=0.5012 BalAcc=0.8109 F1=0.4521 MCC=0.4259
Epoch 005 val  : loss=0.4152 AUROC=0.8917 AUPRC=0.1538 BalAcc=0.8344 F1=0.0994 MCC=0.1842
  learning_rate_used=2.988e-04; learning_rate_next=2.982e-04; elapsed=5.7s
  negatives seen=60.0%; hard negatives=0
Epoch 006 train: loss=0.7282 AUROC=0.9045 AUPRC=0.5787 BalAcc=0.8326 F1=0.4808 MCC=0.4605
Epoch 006 val  : loss=0.2162 AUROC=0.9209 AUPRC=0.2857 BalAcc=0.6080 F1=0.3140 MCC=0.3462
  learning_rate_used=2.982e-04; learning_rate_next=2.974e-04; elapsed=5.7s
  saved new best checkpoint: /data/projects/SFB_A03/jan/AT_TFBS/human301/runs/CREB3L3/68001_ablation_dropout_seed2/best_model.pt (objective=classification-auprc, score=0.285667)
  negatives seen=70.0%; hard negatives=0
Epoch 007 train: loss=0.6718 AUROC=0.9204 AUPRC=0.6348 BalAcc=0.8423 F1=0.5220 MCC=0.4986
Epoch 007 val  : loss=0.6079 AUROC=0.9262 AUPRC=0.2310 BalAcc=0.8233 F1=0.0607 MCC=0.1403
  learning_rate_used=2.974e-04; learning_rate_next=2.964e-04; elapsed=5.7s
  negatives seen=80.0%; hard negatives=0
Epoch 008 train: loss=0.6289 AUROC=0.9308 AUPRC=0.6355 BalAcc=0.8523 F1=0.5359 MCC=0.5150
Epoch 008 val  : loss=0.1590 AUROC=0.9438 AUPRC=0.3942 BalAcc=0.7854 F1=0.3476 MCC=0.3720
  learning_rate_used=2.964e-04; learning_rate_next=2.953e-04; elapsed=5.7s
  saved new best checkpoint: /data/projects/SFB_A03/jan/AT_TFBS/human301/runs/CREB3L3/68001_ablation_dropout_seed2/best_model.pt (objective=classification-auprc, score=0.394223)
  negatives seen=90.0%; hard negatives=0
Epoch 009 train: loss=0.5019 AUROC=0.9551 AUPRC=0.7295 BalAcc=0.8997 F1=0.6371 MCC=0.6222
Epoch 009 val  : loss=0.1554 AUROC=0.9507 AUPRC=0.4386 BalAcc=0.7311 F1=0.4640 MCC=0.4586
  learning_rate_used=2.953e-04; learning_rate_next=2.941e-04; elapsed=5.7s
  saved new best checkpoint: /data/projects/SFB_A03/jan/AT_TFBS/human301/runs/CREB3L3/68001_ablation_dropout_seed2/best_model.pt (objective=classification-auprc, score=0.438606)
  negatives seen=100.0%; hard negatives=0
Epoch 010 train: loss=0.5256 AUROC=0.9497 AUPRC=0.7481 BalAcc=0.8824 F1=0.5989 MCC=0.5818
Epoch 010 val  : loss=0.2158 AUROC=0.9349 AUPRC=0.3578 BalAcc=0.8600 F1=0.2150 MCC=0.2969
  learning_rate_used=2.941e-04; learning_rate_next=2.927e-04; elapsed=5.7s
  negatives seen=100.0%; hard negatives=0
Epoch 011 train: loss=0.4537 AUROC=0.9635 AUPRC=0.7860 BalAcc=0.9113 F1=0.6886 MCC=0.6721
Epoch 011 val  : loss=0.7951 AUROC=0.9510 AUPRC=0.4415 BalAcc=0.8289 F1=0.0587 MCC=0.1400
  learning_rate_used=2.927e-04; learning_rate_next=2.912e-04; elapsed=5.7s
  saved new best checkpoint: /data/projects/SFB_A03/jan/AT_TFBS/human301/runs/CREB3L3/68001_ablation_dropout_seed2/best_model.pt (objective=classification-auprc, score=0.441523)
  negatives seen=100.0%; hard negatives=0
Epoch 012 train: loss=0.3568 AUROC=0.9761 AUPRC=0.8235 BalAcc=0.9281 F1=0.7128 MCC=0.7001
Epoch 012 val  : loss=0.1948 AUROC=0.9483 AUPRC=0.4295 BalAcc=0.8676 F1=0.2163 MCC=0.3008
  learning_rate_used=2.912e-04; learning_rate_next=2.895e-04; elapsed=5.7s
  negatives seen=100.0%; hard negatives=0
Epoch 013 train: loss=0.3655 AUROC=0.9765 AUPRC=0.8303 BalAcc=0.9280 F1=0.7120 MCC=0.6993
Epoch 013 val  : loss=0.1757 AUROC=0.9505 AUPRC=0.4558 BalAcc=0.8698 F1=0.2583 MCC=0.3358
  learning_rate_used=2.895e-04; learning_rate_next=2.877e-04; elapsed=5.7s
  saved new best checkpoint: /data/projects/SFB_A03/jan/AT_TFBS/human301/runs/CREB3L3/68001_ablation_dropout_seed2/best_model.pt (objective=classification-auprc, score=0.455767)
  negatives seen=100.0%; hard negatives=0
Epoch 014 train: loss=0.3559 AUROC=0.9780 AUPRC=0.8414 BalAcc=0.9329 F1=0.7542 MCC=0.7396
Epoch 014 val  : loss=0.2286 AUROC=0.9529 AUPRC=0.3990 BalAcc=0.6994 F1=0.4367 MCC=0.4330
  learning_rate_used=2.877e-04; learning_rate_next=2.858e-04; elapsed=5.7s
  negatives seen=100.0%; hard negatives=0
Epoch 015 train: loss=0.3815 AUROC=0.9777 AUPRC=0.8405 BalAcc=0.9222 F1=0.7446 MCC=0.7272
Epoch 015 val  : loss=0.1414 AUROC=0.9551 AUPRC=0.4850 BalAcc=0.8468 F1=0.3477 MCC=0.3964
  learning_rate_used=2.858e-04; learning_rate_next=2.837e-04; elapsed=5.7s
  saved new best checkpoint: /data/projects/SFB_A03/jan/AT_TFBS/human301/runs/CREB3L3/68001_ablation_dropout_seed2/best_model.pt (objective=classification-auprc, score=0.484955)
  negatives seen=100.0%; hard negatives=0
Epoch 016 train: loss=0.2674 AUROC=0.9865 AUPRC=0.9204 BalAcc=0.9521 F1=0.8033 MCC=0.7915
Epoch 016 val  : loss=0.2100 AUROC=0.9558 AUPRC=0.4676 BalAcc=0.8844 F1=0.2070 MCC=0.2992
  learning_rate_used=2.837e-04; learning_rate_next=2.815e-04; elapsed=5.7s
  negatives seen=100.0%; hard negatives=0
Epoch 017 train: loss=0.2603 AUROC=0.9889 AUPRC=0.8993 BalAcc=0.9360 F1=0.7890 MCC=0.7735
Epoch 017 val  : loss=0.6673 AUROC=0.9595 AUPRC=0.4989 BalAcc=0.8384 F1=0.0634 MCC=0.1477
  learning_rate_used=2.815e-04; learning_rate_next=2.792e-04; elapsed=5.7s
  saved new best checkpoint: /data/projects/SFB_A03/jan/AT_TFBS/human301/runs/CREB3L3/68001_ablation_dropout_seed2/best_model.pt (objective=classification-auprc, score=0.498889)
  negatives seen=100.0%; hard negatives=0
Epoch 018 train: loss=0.2721 AUROC=0.9859 AUPRC=0.8913 BalAcc=0.9471 F1=0.7782 MCC=0.7663
Epoch 018 val  : loss=0.1561 AUROC=0.9500 AUPRC=0.4896 BalAcc=0.7894 F1=0.4548 MCC=0.4605
  learning_rate_used=2.792e-04; learning_rate_next=2.767e-04; elapsed=5.7s
  negatives seen=100.0%; hard negatives=0
Epoch 019 train: loss=0.2527 AUROC=0.9898 AUPRC=0.9145 BalAcc=0.9512 F1=0.8222 MCC=0.8096
Epoch 019 val  : loss=0.1823 AUROC=0.9455 AUPRC=0.4295 BalAcc=0.8046 F1=0.4425 MCC=0.4550
  learning_rate_used=2.767e-04; learning_rate_next=2.741e-04; elapsed=5.7s
  negatives seen=100.0%; hard negatives=0
Epoch 020 train: loss=0.2336 AUROC=0.9908 AUPRC=0.9140 BalAcc=0.9556 F1=0.8200 MCC=0.8085
Epoch 020 val  : loss=0.2203 AUROC=0.9571 AUPRC=0.4790 BalAcc=0.7318 F1=0.4957 MCC=0.4919
  learning_rate_used=2.741e-04; learning_rate_next=2.714e-04; elapsed=5.7s
  negatives seen=100.0%; hard negatives=0
Epoch 021 train: loss=0.2010 AUROC=0.9925 AUPRC=0.9388 BalAcc=0.9607 F1=0.8487 MCC=0.8377
Epoch 021 val  : loss=0.1538 AUROC=0.9587 AUPRC=0.5082 BalAcc=0.8133 F1=0.4759 MCC=0.4855
  learning_rate_used=2.714e-04; learning_rate_next=2.686e-04; elapsed=5.7s
  saved new best checkpoint: /data/projects/SFB_A03/jan/AT_TFBS/human301/runs/CREB3L3/68001_ablation_dropout_seed2/best_model.pt (objective=classification-auprc, score=0.508197)
  negatives seen=100.0%; hard negatives=0
Epoch 022 train: loss=0.2566 AUROC=0.9900 AUPRC=0.9019 BalAcc=0.9452 F1=0.8211 MCC=0.8071
Epoch 022 val  : loss=0.1819 AUROC=0.9548 AUPRC=0.4664 BalAcc=0.7782 F1=0.4746 MCC=0.4747
  learning_rate_used=2.686e-04; learning_rate_next=2.657e-04; elapsed=5.7s
  negatives seen=100.0%; hard negatives=0
Epoch 023 train: loss=0.1980 AUROC=0.9930 AUPRC=0.9335 BalAcc=0.9625 F1=0.8533 MCC=0.8426
Epoch 023 val  : loss=0.3456 AUROC=0.9312 AUPRC=0.4364 BalAcc=0.6683 F1=0.4352 MCC=0.4501
  learning_rate_used=2.657e-04; learning_rate_next=2.626e-04; elapsed=5.7s
  negatives seen=100.0%; hard negatives=0
Epoch 024 train: loss=0.1850 AUROC=0.9929 AUPRC=0.9322 BalAcc=0.9694 F1=0.8603 MCC=0.8510
Epoch 024 val  : loss=0.1833 AUROC=0.9577 AUPRC=0.5146 BalAcc=0.7515 F1=0.5040 MCC=0.4990
  learning_rate_used=2.626e-04; learning_rate_next=2.595e-04; elapsed=5.7s
  saved new best checkpoint: /data/projects/SFB_A03/jan/AT_TFBS/human301/runs/CREB3L3/68001_ablation_dropout_seed2/best_model.pt (objective=classification-auprc, score=0.514553)
  negatives seen=100.0%; hard negatives=0
Epoch 025 train: loss=0.1816 AUROC=0.9943 AUPRC=0.9312 BalAcc=0.9654 F1=0.8759 MCC=0.8659
Epoch 025 val  : loss=0.2172 AUROC=0.9598 AUPRC=0.4894 BalAcc=0.7039 F1=0.4679 MCC=0.4678
  learning_rate_used=2.595e-04; learning_rate_next=2.562e-04; elapsed=5.7s
  negatives seen=100.0%; hard negatives=0
Epoch 026 train: loss=0.2119 AUROC=0.9922 AUPRC=0.9236 BalAcc=0.9522 F1=0.8381 MCC=0.8254
Epoch 026 val  : loss=0.2761 AUROC=0.9413 AUPRC=0.4446 BalAcc=0.7120 F1=0.4818 MCC=0.4813
  learning_rate_used=2.562e-04; learning_rate_next=2.528e-04; elapsed=5.7s
  negatives seen=100.0%; hard negatives=0
Epoch 027 train: loss=0.1904 AUROC=0.9934 AUPRC=0.9407 BalAcc=0.9632 F1=0.8586 MCC=0.8480
Epoch 027 val  : loss=0.2119 AUROC=0.9628 AUPRC=0.5132 BalAcc=0.7326 F1=0.5446 MCC=0.5484
  learning_rate_used=2.528e-04; learning_rate_next=2.494e-04; elapsed=5.7s
  negatives seen=100.0%; hard negatives=0
Epoch 028 train: loss=0.1485 AUROC=0.9949 AUPRC=0.9441 BalAcc=0.9725 F1=0.8745 MCC=0.8658
Epoch 028 val  : loss=0.1391 AUROC=0.9605 AUPRC=0.5261 BalAcc=0.8574 F1=0.4035 MCC=0.4438
  learning_rate_used=2.494e-04; learning_rate_next=2.458e-04; elapsed=5.7s
  saved new best checkpoint: /data/projects/SFB_A03/jan/AT_TFBS/human301/runs/CREB3L3/68001_ablation_dropout_seed2/best_model.pt (objective=classification-auprc, score=0.526132)
  negatives seen=100.0%; hard negatives=0
Epoch 029 train: loss=0.1576 AUROC=0.9952 AUPRC=0.9479 BalAcc=0.9718 F1=0.8786 MCC=0.8697
Epoch 029 val  : loss=0.1391 AUROC=0.9657 AUPRC=0.5367 BalAcc=0.8371 F1=0.3814 MCC=0.4186
  learning_rate_used=2.458e-04; learning_rate_next=2.421e-04; elapsed=5.7s
  saved new best checkpoint: /data/projects/SFB_A03/jan/AT_TFBS/human301/runs/CREB3L3/68001_ablation_dropout_seed2/best_model.pt (objective=classification-auprc, score=0.536660)
  negatives seen=100.0%; hard negatives=0
Epoch 030 train: loss=0.1436 AUROC=0.9963 AUPRC=0.9567 BalAcc=0.9704 F1=0.8772 MCC=0.8680
Epoch 030 val  : loss=0.1488 AUROC=0.9711 AUPRC=0.5217 BalAcc=0.8859 F1=0.3058 MCC=0.3796
  learning_rate_used=2.421e-04; learning_rate_next=2.384e-04; elapsed=5.7s
  negatives seen=100.0%; hard negatives=0
Epoch 031 train: loss=0.1887 AUROC=0.9952 AUPRC=0.9475 BalAcc=0.9652 F1=0.8935 MCC=0.8840
Epoch 031 val  : loss=0.1359 AUROC=0.9660 AUPRC=0.5427 BalAcc=0.8503 F1=0.3416 MCC=0.3931
  learning_rate_used=2.384e-04; learning_rate_next=2.345e-04; elapsed=5.7s
  saved new best checkpoint: /data/projects/SFB_A03/jan/AT_TFBS/human301/runs/CREB3L3/68001_ablation_dropout_seed2/best_model.pt (objective=classification-auprc, score=0.542678)
  negatives seen=100.0%; hard negatives=0
Epoch 032 train: loss=0.1322 AUROC=0.9974 AUPRC=0.9733 BalAcc=0.9771 F1=0.9131 MCC=0.9057
Epoch 032 val  : loss=0.1630 AUROC=0.9560 AUPRC=0.4844 BalAcc=0.8412 F1=0.3194 MCC=0.3723
  learning_rate_used=2.345e-04; learning_rate_next=2.306e-04; elapsed=5.7s
  negatives seen=100.0%; hard negatives=0
Epoch 033 train: loss=0.1202 AUROC=0.9972 AUPRC=0.9718 BalAcc=0.9769 F1=0.9005 MCC=0.8928
Epoch 033 val  : loss=0.1650 AUROC=0.9558 AUPRC=0.5068 BalAcc=0.8419 F1=0.3302 MCC=0.3809
  learning_rate_used=2.306e-04; learning_rate_next=2.266e-04; elapsed=5.7s
  negatives seen=100.0%; hard negatives=0
Epoch 034 train: loss=0.1316 AUROC=0.9974 AUPRC=0.9738 BalAcc=0.9787 F1=0.9157 MCC=0.9086
Epoch 034 val  : loss=0.1422 AUROC=0.9666 AUPRC=0.5446 BalAcc=0.8248 F1=0.3681 MCC=0.4034
  learning_rate_used=2.266e-04; learning_rate_next=2.225e-04; elapsed=5.7s
  saved new best checkpoint: /data/projects/SFB_A03/jan/AT_TFBS/human301/runs/CREB3L3/68001_ablation_dropout_seed2/best_model.pt (objective=classification-auprc, score=0.544602)
  negatives seen=100.0%; hard negatives=0
Epoch 035 train: loss=0.1601 AUROC=0.9957 AUPRC=0.9530 BalAcc=0.9711 F1=0.8926 MCC=0.8838
Epoch 035 val  : loss=0.7539 AUROC=0.9664 AUPRC=0.5741 BalAcc=0.8409 F1=0.0633 MCC=0.1484
  learning_rate_used=2.225e-04; learning_rate_next=2.184e-04; elapsed=5.7s
  saved new best checkpoint: /data/projects/SFB_A03/jan/AT_TFBS/human301/runs/CREB3L3/68001_ablation_dropout_seed2/best_model.pt (objective=classification-auprc, score=0.574051)
  negatives seen=100.0%; hard negatives=0
Epoch 036 train: loss=0.0970 AUROC=0.9975 AUPRC=0.9703 BalAcc=0.9824 F1=0.8961 MCC=0.8893
Epoch 036 val  : loss=0.2059 AUROC=0.9598 AUPRC=0.5292 BalAcc=0.9139 F1=0.2512 MCC=0.3467
  learning_rate_used=2.184e-04; learning_rate_next=2.142e-04; elapsed=5.7s
  negatives seen=100.0%; hard negatives=0
Epoch 037 train: loss=0.1123 AUROC=0.9970 AUPRC=0.9564 BalAcc=0.9815 F1=0.9197 MCC=0.9131
Epoch 037 val  : loss=0.1753 AUROC=0.9577 AUPRC=0.5320 BalAcc=0.8120 F1=0.4329 MCC=0.4497
  learning_rate_used=2.142e-04; learning_rate_next=2.099e-04; elapsed=5.7s
  negatives seen=100.0%; hard negatives=0
Epoch 038 train: loss=0.0904 AUROC=0.9979 AUPRC=0.9713 BalAcc=0.9855 F1=0.9333 MCC=0.9278
Epoch 038 val  : loss=0.2271 AUROC=0.9552 AUPRC=0.5077 BalAcc=0.7743 F1=0.4759 MCC=0.4750
  learning_rate_used=2.099e-04; learning_rate_next=2.055e-04; elapsed=5.7s
  negatives seen=100.0%; hard negatives=0
Epoch 039 train: loss=0.1474 AUROC=0.9976 AUPRC=0.9724 BalAcc=0.9720 F1=0.9216 MCC=0.9142
Epoch 039 val  : loss=0.3124 AUROC=0.9593 AUPRC=0.5259 BalAcc=0.7366 F1=0.5488 MCC=0.5517
  learning_rate_used=2.055e-04; learning_rate_next=2.011e-04; elapsed=5.7s
  negatives seen=100.0%; hard negatives=0
Epoch 040 train: loss=0.1127 AUROC=0.9965 AUPRC=0.9560 BalAcc=0.9771 F1=0.9028 MCC=0.8951
Epoch 040 val  : loss=0.2712 AUROC=0.9640 AUPRC=0.5538 BalAcc=0.7290 F1=0.5616 MCC=0.5726
  learning_rate_used=2.011e-04; learning_rate_next=1.967e-04; elapsed=5.7s
  negatives seen=100.0%; hard negatives=0
Epoch 041 train: loss=0.0857 AUROC=0.9983 AUPRC=0.9805 BalAcc=0.9872 F1=0.9372 MCC=0.9320
Epoch 041 val  : loss=0.1611 AUROC=0.9697 AUPRC=0.5337 BalAcc=0.7788 F1=0.5000 MCC=0.4978
  learning_rate_used=1.967e-04; learning_rate_next=1.922e-04; elapsed=5.7s
  negatives seen=100.0%; hard negatives=0
Epoch 042 train: loss=0.0761 AUROC=0.9986 AUPRC=0.9758 BalAcc=0.9857 F1=0.9456 MCC=0.9406
Epoch 042 val  : loss=0.1713 AUROC=0.9742 AUPRC=0.5734 BalAcc=0.7947 F1=0.5103 MCC=0.5102
  learning_rate_used=1.922e-04; learning_rate_next=1.877e-04; elapsed=5.7s
  negatives seen=100.0%; hard negatives=0
Epoch 043 train: loss=0.1080 AUROC=0.9979 AUPRC=0.9761 BalAcc=0.9771 F1=0.9237 MCC=0.9168
Epoch 043 val  : loss=0.2953 AUROC=0.9722 AUPRC=0.5405 BalAcc=0.6969 F1=0.5158 MCC=0.5385
  learning_rate_used=1.877e-04; learning_rate_next=1.831e-04; elapsed=5.7s
  negatives seen=100.0%; hard negatives=0
Epoch 044 train: loss=0.1007 AUROC=0.9982 AUPRC=0.9805 BalAcc=0.9826 F1=0.9293 MCC=0.9233
Epoch 044 val  : loss=0.1678 AUROC=0.9664 AUPRC=0.5076 BalAcc=0.7852 F1=0.4472 MCC=0.4528
  learning_rate_used=1.831e-04; learning_rate_next=1.785e-04; elapsed=5.7s
  negatives seen=100.0%; hard negatives=0
Epoch 045 train: loss=0.1206 AUROC=0.9984 AUPRC=0.9838 BalAcc=0.9829 F1=0.9427 MCC=0.9374
Epoch 045 val  : loss=0.2420 AUROC=0.9635 AUPRC=0.5039 BalAcc=0.7630 F1=0.4925 MCC=0.4885
  learning_rate_used=1.785e-04; learning_rate_next=1.739e-04; elapsed=5.7s
  negatives seen=100.0%; hard negatives=0
Epoch 046 train: loss=0.0794 AUROC=0.9988 AUPRC=0.9787 BalAcc=0.9840 F1=0.9529 MCC=0.9484
Epoch 046 val  : loss=0.3321 AUROC=0.9694 AUPRC=0.5272 BalAcc=0.6970 F1=0.5213 MCC=0.5470
  learning_rate_used=1.739e-04; learning_rate_next=1.692e-04; elapsed=5.7s
  negatives seen=100.0%; hard negatives=0
Epoch 047 train: loss=0.0752 AUROC=0.9981 AUPRC=0.9737 BalAcc=0.9877 F1=0.9421 MCC=0.9372
Epoch 047 val  : loss=0.2203 AUROC=0.9688 AUPRC=0.5292 BalAcc=0.7637 F1=0.5301 MCC=0.5254
  learning_rate_used=1.692e-04; learning_rate_next=1.646e-04; elapsed=5.7s
  negatives seen=100.0%; hard negatives=0
Epoch 048 train: loss=0.0633 AUROC=0.9990 AUPRC=0.9881 BalAcc=0.9897 F1=0.9485 MCC=0.9441
Epoch 048 val  : loss=0.2403 AUROC=0.9722 AUPRC=0.5534 BalAcc=0.7561 F1=0.5401 MCC=0.5363
  learning_rate_used=1.646e-04; learning_rate_next=1.599e-04; elapsed=5.7s
  negatives seen=100.0%; hard negatives=0
Epoch 049 train: loss=0.0801 AUROC=0.9987 AUPRC=0.9832 BalAcc=0.9884 F1=0.9483 MCC=0.9438
Epoch 049 val  : loss=0.2650 AUROC=0.9697 AUPRC=0.5291 BalAcc=0.7321 F1=0.5156 MCC=0.5140
  learning_rate_used=1.599e-04; learning_rate_next=1.552e-04; elapsed=5.7s
  negatives seen=100.0%; hard negatives=0
Epoch 050 train: loss=0.0717 AUROC=0.9990 AUPRC=0.9861 BalAcc=0.9853 F1=0.9530 MCC=0.9486
Epoch 050 val  : loss=0.3120 AUROC=0.9717 AUPRC=0.5558 BalAcc=0.7289 F1=0.5561 MCC=0.5654
  learning_rate_used=1.552e-04; learning_rate_next=1.505e-04; elapsed=5.7s
  negatives seen=100.0%; hard negatives=0
Epoch 051 train: loss=0.0652 AUROC=0.9988 AUPRC=0.9856 BalAcc=0.9888 F1=0.9521 MCC=0.9478
Epoch 051 val  : loss=0.3240 AUROC=0.9745 AUPRC=0.5512 BalAcc=0.7007 F1=0.5076 MCC=0.5220
  learning_rate_used=1.505e-04; learning_rate_next=1.458e-04; elapsed=5.7s
  negatives seen=100.0%; hard negatives=0
Epoch 052 train: loss=0.0689 AUROC=0.9991 AUPRC=0.9896 BalAcc=0.9905 F1=0.9561 MCC=0.9521
Epoch 052 val  : loss=0.2094 AUROC=0.9690 AUPRC=0.5323 BalAcc=0.7833 F1=0.5279 MCC=0.5244
  learning_rate_used=1.458e-04; learning_rate_next=1.411e-04; elapsed=5.7s
  negatives seen=100.0%; hard negatives=0
Epoch 053 train: loss=0.1022 AUROC=0.9989 AUPRC=0.9866 BalAcc=0.9880 F1=0.9558 MCC=0.9517
Epoch 053 val  : loss=0.1638 AUROC=0.9731 AUPRC=0.5431 BalAcc=0.7907 F1=0.5069 MCC=0.5063
  learning_rate_used=1.411e-04; learning_rate_next=1.364e-04; elapsed=5.7s
  negatives seen=100.0%; hard negatives=0
Epoch 054 train: loss=0.0586 AUROC=0.9992 AUPRC=0.9888 BalAcc=0.9915 F1=0.9651 MCC=0.9618
Epoch 054 val  : loss=0.1557 AUROC=0.9714 AUPRC=0.5515 BalAcc=0.8465 F1=0.4190 MCC=0.4516
  learning_rate_used=1.364e-04; learning_rate_next=1.318e-04; elapsed=5.7s
  negatives seen=100.0%; hard negatives=0
Epoch 055 train: loss=0.0594 AUROC=0.9991 AUPRC=0.9825 BalAcc=0.9888 F1=0.9636 MCC=0.9601
Epoch 055 val  : loss=0.4356 AUROC=0.9659 AUPRC=0.5236 BalAcc=0.6728 F1=0.4751 MCC=0.5084
  learning_rate_used=1.318e-04; learning_rate_next=1.271e-04; elapsed=5.7s
Early stopping after 55 epochs.
Binary threshold: 0.999866 (strategy=val-mcc, validation_score=0.585497)
TEST chr10,chr12,chr14,chr16,chr18,chr2,chr20,chr22,chr4,chr6,chr8: loss=0.7462 AUROC=0.9709 AUPRC=0.5141 BalAcc=0.7147 F1=0.5051 MCC=0.5085
Outputs written to /data/projects/SFB_A03/jan/AT_TFBS/human301/runs/CREB3L3/68001_ablation_dropout_seed2
Binary predictions: binary_classification_results.tsv
Binary metrics: binary_classification_metrics.json
ROC plot: roc_curve.png
Precision-recall plot: precision_recall_curve.png
Confusion matrix: binary_confusion_matrix.tsv
