Window geometry: 256 bp from 301 bp; crop starts 0..45; shifts -22..+23; fresh uniform draw per access
Evaluation: crops (0, 22, 23, 45), reverse complement=True; all samples
train: n=36,663, positive=363, negative=36,300
  val: n=12,524, positive=124, negative=12,400
 test: n=40,198, positive=398, negative=39,800
Device: cuda
Hidden activation: RELU
Parameters: 1,251,573 total; 1,251,573 trainable
Architecture: motif kernels 9/12; encoder 128/64/64; original five-block bottleneck at 64; decoder 64/128/256
  negatives seen=10.0%; hard negatives=0
Epoch 001 train: loss=1.5298 AUROC=0.5287 AUPRC=0.0956 BalAcc=0.5226 F1=0.1649 MCC=0.0261
Epoch 001 val  : loss=1.0277 AUROC=0.6058 AUPRC=0.0150 BalAcc=0.5010 F1=0.0196 MCC=0.0012
  learning_rate_used=3.000e-04; learning_rate_next=2.999e-04; elapsed=7.5s
  saved new best checkpoint: /data/projects/SFB_A03/jan/AT_TFBS/human301/runs/CREB3L3/68001_ablation_channels96_seed3/best_model.pt (objective=classification-auprc, score=0.015021)
  negatives seen=20.0%; hard negatives=0
Epoch 002 train: loss=1.2869 AUROC=0.6108 AUPRC=0.1549 BalAcc=0.5800 F1=0.2013 MCC=0.0932
Epoch 002 val  : loss=0.6573 AUROC=0.8091 AUPRC=0.0687 BalAcc=0.7318 F1=0.0472 MCC=0.0988
  learning_rate_used=2.999e-04; learning_rate_next=2.997e-04; elapsed=5.6s
  saved new best checkpoint: /data/projects/SFB_A03/jan/AT_TFBS/human301/runs/CREB3L3/68001_ablation_channels96_seed3/best_model.pt (objective=classification-auprc, score=0.068713)
  negatives seen=30.0%; hard negatives=0
Epoch 003 train: loss=1.0794 AUROC=0.7657 AUPRC=0.2980 BalAcc=0.6924 F1=0.2997 MCC=0.2395
Epoch 003 val  : loss=0.2529 AUROC=0.8953 AUPRC=0.1928 BalAcc=0.6887 F1=0.2487 MCC=0.2572
  learning_rate_used=2.997e-04; learning_rate_next=2.993e-04; elapsed=5.6s
  saved new best checkpoint: /data/projects/SFB_A03/jan/AT_TFBS/human301/runs/CREB3L3/68001_ablation_channels96_seed3/best_model.pt (objective=classification-auprc, score=0.192813)
  negatives seen=40.0%; hard negatives=0
Epoch 004 train: loss=0.8412 AUROC=0.8714 AUPRC=0.4793 BalAcc=0.7972 F1=0.4294 MCC=0.4006
Epoch 004 val  : loss=0.2952 AUROC=0.9168 AUPRC=0.2457 BalAcc=0.8360 F1=0.1853 MCC=0.2634
  learning_rate_used=2.993e-04; learning_rate_next=2.988e-04; elapsed=5.6s
  saved new best checkpoint: /data/projects/SFB_A03/jan/AT_TFBS/human301/runs/CREB3L3/68001_ablation_channels96_seed3/best_model.pt (objective=classification-auprc, score=0.245700)
  negatives seen=50.0%; hard negatives=0
Epoch 005 train: loss=0.7216 AUROC=0.9078 AUPRC=0.5639 BalAcc=0.8324 F1=0.4853 MCC=0.4639
Epoch 005 val  : loss=0.1971 AUROC=0.9157 AUPRC=0.2585 BalAcc=0.6818 F1=0.3511 MCC=0.3448
  learning_rate_used=2.988e-04; learning_rate_next=2.982e-04; elapsed=5.6s
  saved new best checkpoint: /data/projects/SFB_A03/jan/AT_TFBS/human301/runs/CREB3L3/68001_ablation_channels96_seed3/best_model.pt (objective=classification-auprc, score=0.258517)
  negatives seen=60.0%; hard negatives=0
Epoch 006 train: loss=0.6145 AUROC=0.9326 AUPRC=0.6686 BalAcc=0.8552 F1=0.5356 MCC=0.5162
Epoch 006 val  : loss=0.2740 AUROC=0.9308 AUPRC=0.3689 BalAcc=0.8604 F1=0.1457 MCC=0.2371
  learning_rate_used=2.982e-04; learning_rate_next=2.974e-04; elapsed=5.6s
  saved new best checkpoint: /data/projects/SFB_A03/jan/AT_TFBS/human301/runs/CREB3L3/68001_ablation_channels96_seed3/best_model.pt (objective=classification-auprc, score=0.368947)
  negatives seen=70.0%; hard negatives=0
Epoch 007 train: loss=0.5546 AUROC=0.9470 AUPRC=0.7524 BalAcc=0.8661 F1=0.5838 MCC=0.5616
Epoch 007 val  : loss=0.3016 AUROC=0.8761 AUPRC=0.2464 BalAcc=0.6189 F1=0.2913 MCC=0.2919
  learning_rate_used=2.974e-04; learning_rate_next=2.964e-04; elapsed=5.6s
  negatives seen=80.0%; hard negatives=0
Epoch 008 train: loss=0.5063 AUROC=0.9559 AUPRC=0.7284 BalAcc=0.8930 F1=0.6214 MCC=0.6057
Epoch 008 val  : loss=0.3387 AUROC=0.9262 AUPRC=0.3694 BalAcc=0.5684 F1=0.2345 MCC=0.3310
  learning_rate_used=2.964e-04; learning_rate_next=2.953e-04; elapsed=5.6s
  saved new best checkpoint: /data/projects/SFB_A03/jan/AT_TFBS/human301/runs/CREB3L3/68001_ablation_channels96_seed3/best_model.pt (objective=classification-auprc, score=0.369410)
  negatives seen=90.0%; hard negatives=0
Epoch 009 train: loss=0.4678 AUROC=0.9637 AUPRC=0.7620 BalAcc=0.8979 F1=0.6439 MCC=0.6272
Epoch 009 val  : loss=0.2702 AUROC=0.9526 AUPRC=0.4743 BalAcc=0.8851 F1=0.1458 MCC=0.2454
  learning_rate_used=2.953e-04; learning_rate_next=2.941e-04; elapsed=5.6s
  saved new best checkpoint: /data/projects/SFB_A03/jan/AT_TFBS/human301/runs/CREB3L3/68001_ablation_channels96_seed3/best_model.pt (objective=classification-auprc, score=0.474291)
  negatives seen=100.0%; hard negatives=0
Epoch 010 train: loss=0.3749 AUROC=0.9759 AUPRC=0.8301 BalAcc=0.9230 F1=0.7158 MCC=0.7009
Epoch 010 val  : loss=0.1635 AUROC=0.9571 AUPRC=0.5043 BalAcc=0.8777 F1=0.2997 MCC=0.3716
  learning_rate_used=2.941e-04; learning_rate_next=2.927e-04; elapsed=5.6s
  saved new best checkpoint: /data/projects/SFB_A03/jan/AT_TFBS/human301/runs/CREB3L3/68001_ablation_channels96_seed3/best_model.pt (objective=classification-auprc, score=0.504280)
  negatives seen=100.0%; hard negatives=0
Epoch 011 train: loss=0.3814 AUROC=0.9761 AUPRC=0.8267 BalAcc=0.9153 F1=0.7170 MCC=0.6993
Epoch 011 val  : loss=0.1604 AUROC=0.9506 AUPRC=0.5069 BalAcc=0.8954 F1=0.3290 MCC=0.4015
  learning_rate_used=2.927e-04; learning_rate_next=2.912e-04; elapsed=5.6s
  saved new best checkpoint: /data/projects/SFB_A03/jan/AT_TFBS/human301/runs/CREB3L3/68001_ablation_channels96_seed3/best_model.pt (objective=classification-auprc, score=0.506877)
  negatives seen=100.0%; hard negatives=0
Epoch 012 train: loss=0.3640 AUROC=0.9785 AUPRC=0.8616 BalAcc=0.9280 F1=0.7380 MCC=0.7229
Epoch 012 val  : loss=0.5941 AUROC=0.9625 AUPRC=0.5220 BalAcc=0.8567 F1=0.0722 MCC=0.1624
  learning_rate_used=2.912e-04; learning_rate_next=2.895e-04; elapsed=5.6s
  saved new best checkpoint: /data/projects/SFB_A03/jan/AT_TFBS/human301/runs/CREB3L3/68001_ablation_channels96_seed3/best_model.pt (objective=classification-auprc, score=0.521975)
  negatives seen=100.0%; hard negatives=0
Epoch 013 train: loss=0.3491 AUROC=0.9798 AUPRC=0.8378 BalAcc=0.9314 F1=0.7249 MCC=0.7122
Epoch 013 val  : loss=0.1568 AUROC=0.9584 AUPRC=0.5171 BalAcc=0.8721 F1=0.2803 MCC=0.3542
  learning_rate_used=2.895e-04; learning_rate_next=2.877e-04; elapsed=5.6s
  negatives seen=100.0%; hard negatives=0
Epoch 014 train: loss=0.2750 AUROC=0.9876 AUPRC=0.8963 BalAcc=0.9419 F1=0.7976 MCC=0.7833
Epoch 014 val  : loss=0.1374 AUROC=0.9626 AUPRC=0.5319 BalAcc=0.8617 F1=0.3400 MCC=0.3965
  learning_rate_used=2.877e-04; learning_rate_next=2.858e-04; elapsed=5.7s
  saved new best checkpoint: /data/projects/SFB_A03/jan/AT_TFBS/human301/runs/CREB3L3/68001_ablation_channels96_seed3/best_model.pt (objective=classification-auprc, score=0.531889)
  negatives seen=100.0%; hard negatives=0
Epoch 015 train: loss=0.2444 AUROC=0.9886 AUPRC=0.8976 BalAcc=0.9556 F1=0.7882 MCC=0.7784
Epoch 015 val  : loss=0.2880 AUROC=0.9663 AUPRC=0.5521 BalAcc=0.6730 F1=0.4886 MCC=0.5328
  learning_rate_used=2.858e-04; learning_rate_next=2.837e-04; elapsed=5.6s
  saved new best checkpoint: /data/projects/SFB_A03/jan/AT_TFBS/human301/runs/CREB3L3/68001_ablation_channels96_seed3/best_model.pt (objective=classification-auprc, score=0.552084)
  negatives seen=100.0%; hard negatives=0
Epoch 016 train: loss=0.2994 AUROC=0.9859 AUPRC=0.8891 BalAcc=0.9379 F1=0.7710 MCC=0.7568
Epoch 016 val  : loss=0.2138 AUROC=0.9490 AUPRC=0.4857 BalAcc=0.8858 F1=0.1964 MCC=0.2907
  learning_rate_used=2.837e-04; learning_rate_next=2.815e-04; elapsed=5.6s
  negatives seen=100.0%; hard negatives=0
Epoch 017 train: loss=0.2254 AUROC=0.9917 AUPRC=0.9296 BalAcc=0.9522 F1=0.8293 MCC=0.8167
Epoch 017 val  : loss=0.1306 AUROC=0.9666 AUPRC=0.5510 BalAcc=0.8465 F1=0.4211 MCC=0.4532
  learning_rate_used=2.815e-04; learning_rate_next=2.792e-04; elapsed=5.6s
  negatives seen=100.0%; hard negatives=0
Epoch 018 train: loss=0.2404 AUROC=0.9897 AUPRC=0.8916 BalAcc=0.9562 F1=0.8240 MCC=0.8124
Epoch 018 val  : loss=0.3374 AUROC=0.9485 AUPRC=0.4966 BalAcc=0.6527 F1=0.4368 MCC=0.4796
  learning_rate_used=2.792e-04; learning_rate_next=2.767e-04; elapsed=5.6s
  negatives seen=100.0%; hard negatives=0
Epoch 019 train: loss=0.2335 AUROC=0.9916 AUPRC=0.9219 BalAcc=0.9492 F1=0.8159 MCC=0.8029
Epoch 019 val  : loss=0.1364 AUROC=0.9647 AUPRC=0.5553 BalAcc=0.8441 F1=0.4615 MCC=0.4843
  learning_rate_used=2.767e-04; learning_rate_next=2.741e-04; elapsed=5.6s
  saved new best checkpoint: /data/projects/SFB_A03/jan/AT_TFBS/human301/runs/CREB3L3/68001_ablation_channels96_seed3/best_model.pt (objective=classification-auprc, score=0.555315)
  negatives seen=100.0%; hard negatives=0
Epoch 020 train: loss=0.2255 AUROC=0.9925 AUPRC=0.9284 BalAcc=0.9579 F1=0.8448 MCC=0.8333
Epoch 020 val  : loss=0.3161 AUROC=0.9653 AUPRC=0.5599 BalAcc=0.9085 F1=0.1358 MCC=0.2434
  learning_rate_used=2.741e-04; learning_rate_next=2.714e-04; elapsed=5.6s
  saved new best checkpoint: /data/projects/SFB_A03/jan/AT_TFBS/human301/runs/CREB3L3/68001_ablation_channels96_seed3/best_model.pt (objective=classification-auprc, score=0.559866)
  negatives seen=100.0%; hard negatives=0
Epoch 021 train: loss=0.1790 AUROC=0.9945 AUPRC=0.9482 BalAcc=0.9657 F1=0.8593 MCC=0.8492
Epoch 021 val  : loss=0.1383 AUROC=0.9638 AUPRC=0.5851 BalAcc=0.8378 F1=0.5136 MCC=0.5247
  learning_rate_used=2.714e-04; learning_rate_next=2.686e-04; elapsed=5.6s
  saved new best checkpoint: /data/projects/SFB_A03/jan/AT_TFBS/human301/runs/CREB3L3/68001_ablation_channels96_seed3/best_model.pt (objective=classification-auprc, score=0.585143)
  negatives seen=100.0%; hard negatives=0
Epoch 022 train: loss=0.1598 AUROC=0.9949 AUPRC=0.9473 BalAcc=0.9708 F1=0.8805 MCC=0.8715
Epoch 022 val  : loss=0.5244 AUROC=0.9566 AUPRC=0.5136 BalAcc=0.5766 F1=0.2639 MCC=0.3797
  learning_rate_used=2.686e-04; learning_rate_next=2.657e-04; elapsed=5.7s
  negatives seen=100.0%; hard negatives=0
Epoch 023 train: loss=0.2365 AUROC=0.9928 AUPRC=0.9422 BalAcc=0.9512 F1=0.8489 MCC=0.8361
Epoch 023 val  : loss=0.1922 AUROC=0.9520 AUPRC=0.5538 BalAcc=0.8961 F1=0.2318 MCC=0.3242
  learning_rate_used=2.657e-04; learning_rate_next=2.626e-04; elapsed=5.6s
  negatives seen=100.0%; hard negatives=0
Epoch 024 train: loss=0.1785 AUROC=0.9936 AUPRC=0.9527 BalAcc=0.9657 F1=0.8686 MCC=0.8585
Epoch 024 val  : loss=0.2282 AUROC=0.9596 AUPRC=0.5618 BalAcc=0.9015 F1=0.2009 MCC=0.3001
  learning_rate_used=2.626e-04; learning_rate_next=2.595e-04; elapsed=5.6s
  negatives seen=100.0%; hard negatives=0
Epoch 025 train: loss=0.1325 AUROC=0.9958 AUPRC=0.9500 BalAcc=0.9726 F1=0.8852 MCC=0.8766
Epoch 025 val  : loss=0.1411 AUROC=0.9641 AUPRC=0.5370 BalAcc=0.8288 F1=0.4703 MCC=0.4859
  learning_rate_used=2.595e-04; learning_rate_next=2.562e-04; elapsed=5.6s
  negatives seen=100.0%; hard negatives=0
Epoch 026 train: loss=0.1927 AUROC=0.9938 AUPRC=0.9378 BalAcc=0.9621 F1=0.8687 MCC=0.8580
Epoch 026 val  : loss=0.2399 AUROC=0.9640 AUPRC=0.5842 BalAcc=0.7092 F1=0.5503 MCC=0.5764
  learning_rate_used=2.562e-04; learning_rate_next=2.528e-04; elapsed=5.6s
  negatives seen=100.0%; hard negatives=0
Epoch 027 train: loss=0.1458 AUROC=0.9963 AUPRC=0.9618 BalAcc=0.9736 F1=0.8931 MCC=0.8847
Epoch 027 val  : loss=0.1580 AUROC=0.9680 AUPRC=0.5712 BalAcc=0.7950 F1=0.5230 MCC=0.5217
  learning_rate_used=2.528e-04; learning_rate_next=2.494e-04; elapsed=5.6s
  negatives seen=100.0%; hard negatives=0
Epoch 028 train: loss=0.1402 AUROC=0.9957 AUPRC=0.9559 BalAcc=0.9690 F1=0.8758 MCC=0.8664
Epoch 028 val  : loss=0.1775 AUROC=0.9647 AUPRC=0.5585 BalAcc=0.8953 F1=0.2521 MCC=0.3405
  learning_rate_used=2.494e-04; learning_rate_next=2.458e-04; elapsed=5.6s
  negatives seen=100.0%; hard negatives=0
Epoch 029 train: loss=0.1371 AUROC=0.9960 AUPRC=0.9529 BalAcc=0.9766 F1=0.8982 MCC=0.8904
Epoch 029 val  : loss=0.7719 AUROC=0.9648 AUPRC=0.5523 BalAcc=0.8682 F1=0.0753 MCC=0.1692
  learning_rate_used=2.458e-04; learning_rate_next=2.421e-04; elapsed=5.6s
  negatives seen=100.0%; hard negatives=0
Epoch 030 train: loss=0.1586 AUROC=0.9958 AUPRC=0.9590 BalAcc=0.9729 F1=0.8974 MCC=0.8890
Epoch 030 val  : loss=0.1634 AUROC=0.9595 AUPRC=0.5577 BalAcc=0.8142 F1=0.5097 MCC=0.5144
  learning_rate_used=2.421e-04; learning_rate_next=2.384e-04; elapsed=5.6s
  negatives seen=100.0%; hard negatives=0
Epoch 031 train: loss=0.1112 AUROC=0.9970 AUPRC=0.9640 BalAcc=0.9758 F1=0.9014 MCC=0.8935
Epoch 031 val  : loss=0.1453 AUROC=0.9635 AUPRC=0.5464 BalAcc=0.8964 F1=0.4089 MCC=0.4636
  learning_rate_used=2.384e-04; learning_rate_next=2.345e-04; elapsed=5.6s
  negatives seen=100.0%; hard negatives=0
Epoch 032 train: loss=0.1283 AUROC=0.9976 AUPRC=0.9752 BalAcc=0.9764 F1=0.9176 MCC=0.9104
Epoch 032 val  : loss=0.1645 AUROC=0.9629 AUPRC=0.5800 BalAcc=0.7748 F1=0.4964 MCC=0.4938
  learning_rate_used=2.345e-04; learning_rate_next=2.306e-04; elapsed=5.6s
  negatives seen=100.0%; hard negatives=0
Epoch 033 train: loss=0.1364 AUROC=0.9962 AUPRC=0.9596 BalAcc=0.9760 F1=0.8937 MCC=0.8857
Epoch 033 val  : loss=0.2335 AUROC=0.9402 AUPRC=0.5250 BalAcc=0.7321 F1=0.5133 MCC=0.5114
  learning_rate_used=2.306e-04; learning_rate_next=2.266e-04; elapsed=5.6s
  negatives seen=100.0%; hard negatives=0
Epoch 034 train: loss=0.1071 AUROC=0.9967 AUPRC=0.9568 BalAcc=0.9784 F1=0.9133 MCC=0.9061
Epoch 034 val  : loss=0.1470 AUROC=0.9609 AUPRC=0.5749 BalAcc=0.8664 F1=0.4326 MCC=0.4700
  learning_rate_used=2.266e-04; learning_rate_next=2.225e-04; elapsed=5.7s
  negatives seen=100.0%; hard negatives=0
Epoch 035 train: loss=0.0754 AUROC=0.9982 AUPRC=0.9795 BalAcc=0.9818 F1=0.9328 MCC=0.9268
Epoch 035 val  : loss=0.3471 AUROC=0.9537 AUPRC=0.5543 BalAcc=0.7089 F1=0.5306 MCC=0.5471
  learning_rate_used=2.225e-04; learning_rate_next=2.184e-04; elapsed=5.6s
  negatives seen=100.0%; hard negatives=0
Epoch 036 train: loss=0.0853 AUROC=0.9982 AUPRC=0.9791 BalAcc=0.9811 F1=0.9267 MCC=0.9204
Epoch 036 val  : loss=0.1800 AUROC=0.9671 AUPRC=0.5850 BalAcc=0.8184 F1=0.5195 MCC=0.5240
  learning_rate_used=2.184e-04; learning_rate_next=2.142e-04; elapsed=5.6s
  negatives seen=100.0%; hard negatives=0
Epoch 037 train: loss=0.1064 AUROC=0.9971 AUPRC=0.9625 BalAcc=0.9821 F1=0.9140 MCC=0.9073
Epoch 037 val  : loss=0.4451 AUROC=0.9580 AUPRC=0.5390 BalAcc=0.6369 F1=0.4146 MCC=0.4803
  learning_rate_used=2.142e-04; learning_rate_next=2.099e-04; elapsed=5.6s
  negatives seen=100.0%; hard negatives=0
Epoch 038 train: loss=0.1209 AUROC=0.9979 AUPRC=0.9803 BalAcc=0.9788 F1=0.9385 MCC=0.9326
Epoch 038 val  : loss=0.2725 AUROC=0.9618 AUPRC=0.5684 BalAcc=0.9042 F1=0.1818 MCC=0.2844
  learning_rate_used=2.099e-04; learning_rate_next=2.055e-04; elapsed=5.6s
  negatives seen=100.0%; hard negatives=0
Epoch 039 train: loss=0.0888 AUROC=0.9983 AUPRC=0.9807 BalAcc=0.9843 F1=0.9332 MCC=0.9274
Epoch 039 val  : loss=0.3162 AUROC=0.9592 AUPRC=0.5808 BalAcc=0.7050 F1=0.5368 MCC=0.5608
  learning_rate_used=2.055e-04; learning_rate_next=2.011e-04; elapsed=5.6s
  negatives seen=100.0%; hard negatives=0
Epoch 040 train: loss=0.1015 AUROC=0.9986 AUPRC=0.9818 BalAcc=0.9847 F1=0.9479 MCC=0.9431
Epoch 040 val  : loss=0.1895 AUROC=0.9594 AUPRC=0.5172 BalAcc=0.8178 F1=0.4954 MCC=0.5032
  learning_rate_used=2.011e-04; learning_rate_next=1.967e-04; elapsed=5.6s
  negatives seen=100.0%; hard negatives=0
Epoch 041 train: loss=0.1217 AUROC=0.9985 AUPRC=0.9861 BalAcc=0.9788 F1=0.9385 MCC=0.9326
Epoch 041 val  : loss=0.3502 AUROC=0.9454 AUPRC=0.5053 BalAcc=0.7281 F1=0.5089 MCC=0.5075
  learning_rate_used=1.967e-04; learning_rate_next=1.922e-04; elapsed=5.6s
Early stopping after 41 epochs.
Binary threshold: 0.935973 (strategy=val-mcc, validation_score=0.601933)
TEST chr10,chr12,chr14,chr16,chr18,chr2,chr20,chr22,chr4,chr6,chr8: loss=0.1183 AUROC=0.9766 AUPRC=0.5484 BalAcc=0.6791 F1=0.4914 MCC=0.5255
Outputs written to /data/projects/SFB_A03/jan/AT_TFBS/human301/runs/CREB3L3/68001_ablation_channels96_seed3
Binary predictions: binary_classification_results.tsv
Binary metrics: binary_classification_metrics.json
ROC plot: roc_curve.png
Precision-recall plot: precision_recall_curve.png
Confusion matrix: binary_confusion_matrix.tsv
