Window geometry: 256 bp from 301 bp; crop starts 0..45; shifts -22..+23; fresh uniform draw per access
Evaluation: crops (0, 22, 23, 45), reverse complement=True; all samples
train: n=36,663, positive=363, negative=36,300
  val: n=12,524, positive=124, negative=12,400
 test: n=40,198, positive=398, negative=39,800
Device: cuda
Hidden activation: RELU
Parameters: 1,032,981 total; 1,032,981 trainable
Architecture: motif kernels 9/12; encoder 128/64/64; original five-block bottleneck at 64; decoder 64/128/256
  negatives seen=10.0%; hard negatives=0
Epoch 001 train: loss=1.5084 AUROC=0.5103 AUPRC=0.0896 BalAcc=0.5197 F1=0.1647 MCC=0.0227
Epoch 001 val  : loss=0.6156 AUROC=0.5644 AUPRC=0.0132 BalAcc=0.5384 F1=0.0263 MCC=0.0194
  learning_rate_used=3.000e-04; learning_rate_next=2.999e-04; elapsed=6.8s
  saved new best checkpoint: /data/projects/SFB_A03/jan/AT_TFBS/human301/runs/CREB3L3/68001_ablation_weight_decay_seed1/best_model.pt (objective=classification-auprc, score=0.013225)
  negatives seen=20.0%; hard negatives=0
Epoch 002 train: loss=1.3506 AUROC=0.5489 AUPRC=0.1124 BalAcc=0.5296 F1=0.1694 MCC=0.0342
Epoch 002 val  : loss=0.8203 AUROC=0.6700 AUPRC=0.0221 BalAcc=0.5766 F1=0.0239 MCC=0.0323
  learning_rate_used=2.999e-04; learning_rate_next=2.997e-04; elapsed=5.6s
  saved new best checkpoint: /data/projects/SFB_A03/jan/AT_TFBS/human301/runs/CREB3L3/68001_ablation_weight_decay_seed1/best_model.pt (objective=classification-auprc, score=0.022060)
  negatives seen=30.0%; hard negatives=0
Epoch 003 train: loss=1.2448 AUROC=0.6249 AUPRC=0.1567 BalAcc=0.5884 F1=0.2068 MCC=0.1031
Epoch 003 val  : loss=0.5103 AUROC=0.8784 AUPRC=0.0965 BalAcc=0.7658 F1=0.0993 MCC=0.1627
  learning_rate_used=2.997e-04; learning_rate_next=2.993e-04; elapsed=5.6s
  saved new best checkpoint: /data/projects/SFB_A03/jan/AT_TFBS/human301/runs/CREB3L3/68001_ablation_weight_decay_seed1/best_model.pt (objective=classification-auprc, score=0.096512)
  negatives seen=40.0%; hard negatives=0
Epoch 004 train: loss=1.0353 AUROC=0.7948 AUPRC=0.3200 BalAcc=0.7267 F1=0.3351 MCC=0.2872
Epoch 004 val  : loss=0.2190 AUROC=0.9010 AUPRC=0.1534 BalAcc=0.5938 F1=0.2162 MCC=0.2108
  learning_rate_used=2.993e-04; learning_rate_next=2.988e-04; elapsed=5.5s
  saved new best checkpoint: /data/projects/SFB_A03/jan/AT_TFBS/human301/runs/CREB3L3/68001_ablation_weight_decay_seed1/best_model.pt (objective=classification-auprc, score=0.153432)
  negatives seen=50.0%; hard negatives=0
Epoch 005 train: loss=0.8660 AUROC=0.8623 AUPRC=0.4445 BalAcc=0.7945 F1=0.4211 MCC=0.3926
Epoch 005 val  : loss=0.3054 AUROC=0.8775 AUPRC=0.1723 BalAcc=0.5440 F1=0.1528 MCC=0.2182
  learning_rate_used=2.988e-04; learning_rate_next=2.982e-04; elapsed=5.5s
  saved new best checkpoint: /data/projects/SFB_A03/jan/AT_TFBS/human301/runs/CREB3L3/68001_ablation_weight_decay_seed1/best_model.pt (objective=classification-auprc, score=0.172344)
  negatives seen=60.0%; hard negatives=0
Epoch 006 train: loss=0.8429 AUROC=0.8794 AUPRC=0.4825 BalAcc=0.8069 F1=0.4399 MCC=0.4142
Epoch 006 val  : loss=0.2928 AUROC=0.9312 AUPRC=0.2357 BalAcc=0.8658 F1=0.1508 MCC=0.2435
  learning_rate_used=2.982e-04; learning_rate_next=2.974e-04; elapsed=5.6s
  saved new best checkpoint: /data/projects/SFB_A03/jan/AT_TFBS/human301/runs/CREB3L3/68001_ablation_weight_decay_seed1/best_model.pt (objective=classification-auprc, score=0.235701)
  negatives seen=70.0%; hard negatives=0
Epoch 007 train: loss=0.6857 AUROC=0.9188 AUPRC=0.6386 BalAcc=0.8410 F1=0.5212 MCC=0.4973
Epoch 007 val  : loss=0.8601 AUROC=0.9368 AUPRC=0.2625 BalAcc=0.7459 F1=0.0387 MCC=0.0974
  learning_rate_used=2.974e-04; learning_rate_next=2.964e-04; elapsed=5.5s
  saved new best checkpoint: /data/projects/SFB_A03/jan/AT_TFBS/human301/runs/CREB3L3/68001_ablation_weight_decay_seed1/best_model.pt (objective=classification-auprc, score=0.262517)
  negatives seen=80.0%; hard negatives=0
Epoch 008 train: loss=0.5900 AUROC=0.9391 AUPRC=0.6693 BalAcc=0.8683 F1=0.5530 MCC=0.5370
Epoch 008 val  : loss=0.1933 AUROC=0.9434 AUPRC=0.3434 BalAcc=0.8567 F1=0.2432 MCC=0.3186
  learning_rate_used=2.964e-04; learning_rate_next=2.953e-04; elapsed=5.5s
  saved new best checkpoint: /data/projects/SFB_A03/jan/AT_TFBS/human301/runs/CREB3L3/68001_ablation_weight_decay_seed1/best_model.pt (objective=classification-auprc, score=0.343392)
  negatives seen=90.0%; hard negatives=0
Epoch 009 train: loss=0.5253 AUROC=0.9521 AUPRC=0.7445 BalAcc=0.8802 F1=0.5985 MCC=0.5805
Epoch 009 val  : loss=0.2654 AUROC=0.9473 AUPRC=0.3539 BalAcc=0.8872 F1=0.1610 MCC=0.2600
  learning_rate_used=2.953e-04; learning_rate_next=2.941e-04; elapsed=5.5s
  saved new best checkpoint: /data/projects/SFB_A03/jan/AT_TFBS/human301/runs/CREB3L3/68001_ablation_weight_decay_seed1/best_model.pt (objective=classification-auprc, score=0.353903)
  negatives seen=100.0%; hard negatives=0
Epoch 010 train: loss=0.5187 AUROC=0.9552 AUPRC=0.7288 BalAcc=0.8871 F1=0.6285 MCC=0.6093
Epoch 010 val  : loss=0.9034 AUROC=0.9446 AUPRC=0.3915 BalAcc=0.7920 F1=0.0480 MCC=0.1186
  learning_rate_used=2.941e-04; learning_rate_next=2.927e-04; elapsed=5.5s
  saved new best checkpoint: /data/projects/SFB_A03/jan/AT_TFBS/human301/runs/CREB3L3/68001_ablation_weight_decay_seed1/best_model.pt (objective=classification-auprc, score=0.391508)
  negatives seen=100.0%; hard negatives=0
Epoch 011 train: loss=0.4255 AUROC=0.9683 AUPRC=0.7788 BalAcc=0.9142 F1=0.6694 MCC=0.6563
Epoch 011 val  : loss=0.1509 AUROC=0.9485 AUPRC=0.4474 BalAcc=0.8205 F1=0.3581 MCC=0.3939
  learning_rate_used=2.927e-04; learning_rate_next=2.912e-04; elapsed=5.5s
  saved new best checkpoint: /data/projects/SFB_A03/jan/AT_TFBS/human301/runs/CREB3L3/68001_ablation_weight_decay_seed1/best_model.pt (objective=classification-auprc, score=0.447437)
  negatives seen=100.0%; hard negatives=0
Epoch 012 train: loss=0.4391 AUROC=0.9690 AUPRC=0.7827 BalAcc=0.9087 F1=0.6807 MCC=0.6640
Epoch 012 val  : loss=0.3558 AUROC=0.9551 AUPRC=0.4536 BalAcc=0.8842 F1=0.1125 MCC=0.2128
  learning_rate_used=2.912e-04; learning_rate_next=2.895e-04; elapsed=5.5s
  saved new best checkpoint: /data/projects/SFB_A03/jan/AT_TFBS/human301/runs/CREB3L3/68001_ablation_weight_decay_seed1/best_model.pt (objective=classification-auprc, score=0.453605)
  negatives seen=100.0%; hard negatives=0
Epoch 013 train: loss=0.4161 AUROC=0.9721 AUPRC=0.8052 BalAcc=0.9167 F1=0.7056 MCC=0.6894
Epoch 013 val  : loss=0.1635 AUROC=0.9489 AUPRC=0.4123 BalAcc=0.8300 F1=0.2743 MCC=0.3328
  learning_rate_used=2.895e-04; learning_rate_next=2.877e-04; elapsed=5.5s
  negatives seen=100.0%; hard negatives=0
Epoch 014 train: loss=0.3619 AUROC=0.9774 AUPRC=0.8463 BalAcc=0.9315 F1=0.7389 MCC=0.7250
Epoch 014 val  : loss=0.1843 AUROC=0.9543 AUPRC=0.4763 BalAcc=0.7161 F1=0.4932 MCC=0.4932
  learning_rate_used=2.877e-04; learning_rate_next=2.858e-04; elapsed=5.5s
  saved new best checkpoint: /data/projects/SFB_A03/jan/AT_TFBS/human301/runs/CREB3L3/68001_ablation_weight_decay_seed1/best_model.pt (objective=classification-auprc, score=0.476340)
  negatives seen=100.0%; hard negatives=0
Epoch 015 train: loss=0.3877 AUROC=0.9777 AUPRC=0.8462 BalAcc=0.9242 F1=0.7432 MCC=0.7266
Epoch 015 val  : loss=0.2220 AUROC=0.9496 AUPRC=0.4143 BalAcc=0.8784 F1=0.1960 MCC=0.2877
  learning_rate_used=2.858e-04; learning_rate_next=2.837e-04; elapsed=5.5s
  negatives seen=100.0%; hard negatives=0
Epoch 016 train: loss=0.3343 AUROC=0.9834 AUPRC=0.8753 BalAcc=0.9336 F1=0.7659 MCC=0.7507
Epoch 016 val  : loss=0.1630 AUROC=0.9473 AUPRC=0.4682 BalAcc=0.8569 F1=0.3251 MCC=0.3830
  learning_rate_used=2.837e-04; learning_rate_next=2.815e-04; elapsed=5.5s
  negatives seen=100.0%; hard negatives=0
Epoch 017 train: loss=0.3044 AUROC=0.9840 AUPRC=0.8780 BalAcc=0.9405 F1=0.7656 MCC=0.7525
Epoch 017 val  : loss=0.2268 AUROC=0.9526 AUPRC=0.4864 BalAcc=0.6488 F1=0.4302 MCC=0.4767
  learning_rate_used=2.815e-04; learning_rate_next=2.792e-04; elapsed=5.5s
  saved new best checkpoint: /data/projects/SFB_A03/jan/AT_TFBS/human301/runs/CREB3L3/68001_ablation_weight_decay_seed1/best_model.pt (objective=classification-auprc, score=0.486423)
  negatives seen=100.0%; hard negatives=0
Epoch 018 train: loss=0.2684 AUROC=0.9880 AUPRC=0.8792 BalAcc=0.9472 F1=0.8106 MCC=0.7972
Epoch 018 val  : loss=0.1687 AUROC=0.9542 AUPRC=0.4914 BalAcc=0.7715 F1=0.5271 MCC=0.5226
  learning_rate_used=2.792e-04; learning_rate_next=2.767e-04; elapsed=5.5s
  saved new best checkpoint: /data/projects/SFB_A03/jan/AT_TFBS/human301/runs/CREB3L3/68001_ablation_weight_decay_seed1/best_model.pt (objective=classification-auprc, score=0.491361)
  negatives seen=100.0%; hard negatives=0
Epoch 019 train: loss=0.3055 AUROC=0.9853 AUPRC=0.8834 BalAcc=0.9439 F1=0.7802 MCC=0.7673
Epoch 019 val  : loss=0.1618 AUROC=0.9537 AUPRC=0.4609 BalAcc=0.7580 F1=0.4483 MCC=0.4468
  learning_rate_used=2.767e-04; learning_rate_next=2.741e-04; elapsed=5.5s
  negatives seen=100.0%; hard negatives=0
Epoch 020 train: loss=0.2392 AUROC=0.9891 AUPRC=0.8863 BalAcc=0.9518 F1=0.8095 MCC=0.7973
Epoch 020 val  : loss=0.2270 AUROC=0.9486 AUPRC=0.4119 BalAcc=0.7141 F1=0.4030 MCC=0.3977
  learning_rate_used=2.741e-04; learning_rate_next=2.714e-04; elapsed=5.5s
  negatives seen=100.0%; hard negatives=0
Epoch 021 train: loss=0.2629 AUROC=0.9884 AUPRC=0.8904 BalAcc=0.9499 F1=0.8042 MCC=0.7918
Epoch 021 val  : loss=0.1953 AUROC=0.9495 AUPRC=0.4547 BalAcc=0.7645 F1=0.4048 MCC=0.4108
  learning_rate_used=2.714e-04; learning_rate_next=2.686e-04; elapsed=5.5s
  negatives seen=100.0%; hard negatives=0
Epoch 022 train: loss=0.2832 AUROC=0.9882 AUPRC=0.8978 BalAcc=0.9416 F1=0.8039 MCC=0.7893
Epoch 022 val  : loss=0.1632 AUROC=0.9550 AUPRC=0.5104 BalAcc=0.8287 F1=0.4689 MCC=0.4848
  learning_rate_used=2.686e-04; learning_rate_next=2.657e-04; elapsed=5.5s
  saved new best checkpoint: /data/projects/SFB_A03/jan/AT_TFBS/human301/runs/CREB3L3/68001_ablation_weight_decay_seed1/best_model.pt (objective=classification-auprc, score=0.510425)
  negatives seen=100.0%; hard negatives=0
Epoch 023 train: loss=0.2439 AUROC=0.9908 AUPRC=0.9236 BalAcc=0.9598 F1=0.8415 MCC=0.8304
Epoch 023 val  : loss=0.1524 AUROC=0.9526 AUPRC=0.5335 BalAcc=0.7950 F1=0.5248 MCC=0.5234
  learning_rate_used=2.657e-04; learning_rate_next=2.626e-04; elapsed=5.5s
  saved new best checkpoint: /data/projects/SFB_A03/jan/AT_TFBS/human301/runs/CREB3L3/68001_ablation_weight_decay_seed1/best_model.pt (objective=classification-auprc, score=0.533514)
  negatives seen=100.0%; hard negatives=0
Epoch 024 train: loss=0.1709 AUROC=0.9947 AUPRC=0.9425 BalAcc=0.9723 F1=0.8734 MCC=0.8647
Epoch 024 val  : loss=0.2162 AUROC=0.9470 AUPRC=0.4989 BalAcc=0.7672 F1=0.5076 MCC=0.5033
  learning_rate_used=2.626e-04; learning_rate_next=2.595e-04; elapsed=5.5s
  negatives seen=100.0%; hard negatives=0
Epoch 025 train: loss=0.2530 AUROC=0.9905 AUPRC=0.9175 BalAcc=0.9561 F1=0.8315 MCC=0.8198
Epoch 025 val  : loss=0.4315 AUROC=0.9409 AUPRC=0.4601 BalAcc=0.5764 F1=0.2568 MCC=0.3460
  learning_rate_used=2.595e-04; learning_rate_next=2.562e-04; elapsed=5.5s
  negatives seen=100.0%; hard negatives=0
Epoch 026 train: loss=0.1950 AUROC=0.9931 AUPRC=0.9298 BalAcc=0.9545 F1=0.8378 MCC=0.8257
Epoch 026 val  : loss=0.1781 AUROC=0.9519 AUPRC=0.4929 BalAcc=0.7929 F1=0.4418 MCC=0.4506
  learning_rate_used=2.562e-04; learning_rate_next=2.528e-04; elapsed=5.5s
  negatives seen=100.0%; hard negatives=0
Epoch 027 train: loss=0.1815 AUROC=0.9944 AUPRC=0.9478 BalAcc=0.9656 F1=0.8582 MCC=0.8481
Epoch 027 val  : loss=0.2026 AUROC=0.9592 AUPRC=0.5373 BalAcc=0.7362 F1=0.5221 MCC=0.5203
  learning_rate_used=2.528e-04; learning_rate_next=2.494e-04; elapsed=5.5s
  saved new best checkpoint: /data/projects/SFB_A03/jan/AT_TFBS/human301/runs/CREB3L3/68001_ablation_weight_decay_seed1/best_model.pt (objective=classification-auprc, score=0.537332)
  negatives seen=100.0%; hard negatives=0
Epoch 028 train: loss=0.1496 AUROC=0.9953 AUPRC=0.9414 BalAcc=0.9755 F1=0.8892 MCC=0.8810
Epoch 028 val  : loss=0.1570 AUROC=0.9541 AUPRC=0.5052 BalAcc=0.8476 F1=0.3618 MCC=0.4076
  learning_rate_used=2.494e-04; learning_rate_next=2.458e-04; elapsed=5.5s
  negatives seen=100.0%; hard negatives=0
Epoch 029 train: loss=0.1478 AUROC=0.9953 AUPRC=0.9417 BalAcc=0.9737 F1=0.8844 MCC=0.8759
Epoch 029 val  : loss=0.1681 AUROC=0.9542 AUPRC=0.5099 BalAcc=0.8831 F1=0.3188 MCC=0.3886
  learning_rate_used=2.458e-04; learning_rate_next=2.421e-04; elapsed=5.5s
  negatives seen=100.0%; hard negatives=0
Epoch 030 train: loss=0.1722 AUROC=0.9946 AUPRC=0.9431 BalAcc=0.9649 F1=0.8715 MCC=0.8614
Epoch 030 val  : loss=0.1961 AUROC=0.9590 AUPRC=0.5445 BalAcc=0.7523 F1=0.5455 MCC=0.5427
  learning_rate_used=2.421e-04; learning_rate_next=2.384e-04; elapsed=5.5s
  saved new best checkpoint: /data/projects/SFB_A03/jan/AT_TFBS/human301/runs/CREB3L3/68001_ablation_weight_decay_seed1/best_model.pt (objective=classification-auprc, score=0.544487)
  negatives seen=100.0%; hard negatives=0
Epoch 031 train: loss=0.1324 AUROC=0.9960 AUPRC=0.9398 BalAcc=0.9755 F1=0.8991 MCC=0.8911
Epoch 031 val  : loss=0.1510 AUROC=0.9602 AUPRC=0.5435 BalAcc=0.8790 F1=0.3709 MCC=0.4273
  learning_rate_used=2.384e-04; learning_rate_next=2.345e-04; elapsed=5.5s
  negatives seen=100.0%; hard negatives=0
Epoch 032 train: loss=0.1519 AUROC=0.9959 AUPRC=0.9541 BalAcc=0.9700 F1=0.8935 MCC=0.8845
Epoch 032 val  : loss=0.1442 AUROC=0.9580 AUPRC=0.5107 BalAcc=0.8474 F1=0.4444 MCC=0.4720
  learning_rate_used=2.345e-04; learning_rate_next=2.306e-04; elapsed=5.5s
  negatives seen=100.0%; hard negatives=0
Epoch 033 train: loss=0.1431 AUROC=0.9969 AUPRC=0.9691 BalAcc=0.9800 F1=0.9277 MCC=0.9213
Epoch 033 val  : loss=0.6125 AUROC=0.9540 AUPRC=0.4874 BalAcc=0.8718 F1=0.0860 MCC=0.1816
  learning_rate_used=2.306e-04; learning_rate_next=2.266e-04; elapsed=5.5s
  negatives seen=100.0%; hard negatives=0
Epoch 034 train: loss=0.1467 AUROC=0.9966 AUPRC=0.9652 BalAcc=0.9712 F1=0.8937 MCC=0.8850
Epoch 034 val  : loss=0.4382 AUROC=0.9342 AUPRC=0.4427 BalAcc=0.6446 F1=0.4162 MCC=0.4588
  learning_rate_used=2.266e-04; learning_rate_next=2.225e-04; elapsed=5.5s
  negatives seen=100.0%; hard negatives=0
Epoch 035 train: loss=0.1390 AUROC=0.9965 AUPRC=0.9654 BalAcc=0.9720 F1=0.9006 MCC=0.8922
Epoch 035 val  : loss=0.1956 AUROC=0.9534 AUPRC=0.5406 BalAcc=0.7941 F1=0.4852 MCC=0.4879
  learning_rate_used=2.225e-04; learning_rate_next=2.184e-04; elapsed=5.5s
  negatives seen=100.0%; hard negatives=0
Epoch 036 train: loss=0.1175 AUROC=0.9966 AUPRC=0.9563 BalAcc=0.9763 F1=0.9060 MCC=0.8983
Epoch 036 val  : loss=0.1765 AUROC=0.9607 AUPRC=0.5162 BalAcc=0.8059 F1=0.4889 MCC=0.4943
  learning_rate_used=2.184e-04; learning_rate_next=2.142e-04; elapsed=5.5s
  negatives seen=100.0%; hard negatives=0
Epoch 037 train: loss=0.1111 AUROC=0.9971 AUPRC=0.9692 BalAcc=0.9789 F1=0.9077 MCC=0.9004
Epoch 037 val  : loss=0.2146 AUROC=0.9542 AUPRC=0.5168 BalAcc=0.7365 F1=0.5413 MCC=0.5426
  learning_rate_used=2.142e-04; learning_rate_next=2.099e-04; elapsed=5.5s
  negatives seen=100.0%; hard negatives=0
Epoch 038 train: loss=0.1197 AUROC=0.9978 AUPRC=0.9765 BalAcc=0.9833 F1=0.9354 MCC=0.9297
Epoch 038 val  : loss=0.1877 AUROC=0.9573 AUPRC=0.5476 BalAcc=0.8886 F1=0.2940 MCC=0.3714
  learning_rate_used=2.099e-04; learning_rate_next=2.055e-04; elapsed=5.5s
  saved new best checkpoint: /data/projects/SFB_A03/jan/AT_TFBS/human301/runs/CREB3L3/68001_ablation_weight_decay_seed1/best_model.pt (objective=classification-auprc, score=0.547569)
  negatives seen=100.0%; hard negatives=0
Epoch 039 train: loss=0.1074 AUROC=0.9968 AUPRC=0.9568 BalAcc=0.9824 F1=0.9163 MCC=0.9098
Epoch 039 val  : loss=0.1508 AUROC=0.9599 AUPRC=0.5476 BalAcc=0.8672 F1=0.3672 MCC=0.4196
  learning_rate_used=2.055e-04; learning_rate_next=2.011e-04; elapsed=5.5s
  negatives seen=100.0%; hard negatives=0
Epoch 040 train: loss=0.0915 AUROC=0.9974 AUPRC=0.9689 BalAcc=0.9839 F1=0.9189 MCC=0.9126
Epoch 040 val  : loss=0.1689 AUROC=0.9595 AUPRC=0.5577 BalAcc=0.7949 F1=0.5211 MCC=0.5200
  learning_rate_used=2.011e-04; learning_rate_next=1.967e-04; elapsed=5.5s
  saved new best checkpoint: /data/projects/SFB_A03/jan/AT_TFBS/human301/runs/CREB3L3/68001_ablation_weight_decay_seed1/best_model.pt (objective=classification-auprc, score=0.557688)
  negatives seen=100.0%; hard negatives=0
Epoch 041 train: loss=0.0775 AUROC=0.9984 AUPRC=0.9733 BalAcc=0.9872 F1=0.9372 MCC=0.9320
Epoch 041 val  : loss=0.2264 AUROC=0.9566 AUPRC=0.5484 BalAcc=0.7520 F1=0.5316 MCC=0.5278
  learning_rate_used=1.967e-04; learning_rate_next=1.922e-04; elapsed=5.5s
  negatives seen=100.0%; hard negatives=0
Epoch 042 train: loss=0.1043 AUROC=0.9982 AUPRC=0.9750 BalAcc=0.9799 F1=0.9374 MCC=0.9316
Epoch 042 val  : loss=0.5053 AUROC=0.9547 AUPRC=0.5297 BalAcc=0.6248 F1=0.3899 MCC=0.4683
  learning_rate_used=1.922e-04; learning_rate_next=1.877e-04; elapsed=5.5s
  negatives seen=100.0%; hard negatives=0
Epoch 043 train: loss=0.1088 AUROC=0.9988 AUPRC=0.9882 BalAcc=0.9815 F1=0.9413 MCC=0.9358
Epoch 043 val  : loss=0.1622 AUROC=0.9542 AUPRC=0.5559 BalAcc=0.8727 F1=0.3992 MCC=0.4465
  learning_rate_used=1.877e-04; learning_rate_next=1.831e-04; elapsed=5.5s
  negatives seen=100.0%; hard negatives=0
Epoch 044 train: loss=0.0719 AUROC=0.9986 AUPRC=0.9807 BalAcc=0.9857 F1=0.9456 MCC=0.9406
Epoch 044 val  : loss=0.2177 AUROC=0.9518 AUPRC=0.5434 BalAcc=0.7678 F1=0.5360 MCC=0.5313
  learning_rate_used=1.831e-04; learning_rate_next=1.785e-04; elapsed=5.5s
  negatives seen=100.0%; hard negatives=0
Epoch 045 train: loss=0.0698 AUROC=0.9990 AUPRC=0.9888 BalAcc=0.9877 F1=0.9533 MCC=0.9490
Epoch 045 val  : loss=0.1754 AUROC=0.9572 AUPRC=0.5412 BalAcc=0.8727 F1=0.3328 MCC=0.3953
  learning_rate_used=1.785e-04; learning_rate_next=1.739e-04; elapsed=5.5s
  negatives seen=100.0%; hard negatives=0
Epoch 046 train: loss=0.1155 AUROC=0.9985 AUPRC=0.9840 BalAcc=0.9840 F1=0.9416 MCC=0.9364
Epoch 046 val  : loss=0.3405 AUROC=0.9501 AUPRC=0.5358 BalAcc=0.7086 F1=0.5123 MCC=0.5217
  learning_rate_used=1.739e-04; learning_rate_next=1.692e-04; elapsed=5.5s
  negatives seen=100.0%; hard negatives=0
Epoch 047 train: loss=0.0831 AUROC=0.9978 AUPRC=0.9588 BalAcc=0.9901 F1=0.9523 MCC=0.9481
Epoch 047 val  : loss=0.1904 AUROC=0.9559 AUPRC=0.5586 BalAcc=0.8185 F1=0.5263 MCC=0.5300
  learning_rate_used=1.692e-04; learning_rate_next=1.646e-04; elapsed=5.5s
  saved new best checkpoint: /data/projects/SFB_A03/jan/AT_TFBS/human301/runs/CREB3L3/68001_ablation_weight_decay_seed1/best_model.pt (objective=classification-auprc, score=0.558561)
  negatives seen=100.0%; hard negatives=0
Epoch 048 train: loss=0.0754 AUROC=0.9988 AUPRC=0.9861 BalAcc=0.9873 F1=0.9495 MCC=0.9449
Epoch 048 val  : loss=0.5486 AUROC=0.9474 AUPRC=0.5422 BalAcc=0.6370 F1=0.4224 MCC=0.4998
  learning_rate_used=1.646e-04; learning_rate_next=1.599e-04; elapsed=5.5s
  negatives seen=100.0%; hard negatives=0
Epoch 049 train: loss=0.0829 AUROC=0.9988 AUPRC=0.9860 BalAcc=0.9815 F1=0.9413 MCC=0.9358
Epoch 049 val  : loss=0.4724 AUROC=0.9579 AUPRC=0.5698 BalAcc=0.6288 F1=0.3975 MCC=0.4700
  learning_rate_used=1.599e-04; learning_rate_next=1.552e-04; elapsed=5.6s
  saved new best checkpoint: /data/projects/SFB_A03/jan/AT_TFBS/human301/runs/CREB3L3/68001_ablation_weight_decay_seed1/best_model.pt (objective=classification-auprc, score=0.569830)
  negatives seen=100.0%; hard negatives=0
Epoch 050 train: loss=0.0516 AUROC=0.9989 AUPRC=0.9825 BalAcc=0.9921 F1=0.9600 MCC=0.9565
Epoch 050 val  : loss=0.3042 AUROC=0.9560 AUPRC=0.5659 BalAcc=0.7410 F1=0.5825 MCC=0.5918
  learning_rate_used=1.552e-04; learning_rate_next=1.505e-04; elapsed=5.5s
  negatives seen=100.0%; hard negatives=0
Epoch 051 train: loss=0.0790 AUROC=0.9990 AUPRC=0.9896 BalAcc=0.9806 F1=0.9437 MCC=0.9383
Epoch 051 val  : loss=0.2806 AUROC=0.9602 AUPRC=0.5735 BalAcc=0.7407 F1=0.5607 MCC=0.5643
  learning_rate_used=1.505e-04; learning_rate_next=1.458e-04; elapsed=5.5s
  saved new best checkpoint: /data/projects/SFB_A03/jan/AT_TFBS/human301/runs/CREB3L3/68001_ablation_weight_decay_seed1/best_model.pt (objective=classification-auprc, score=0.573508)
  negatives seen=100.0%; hard negatives=0
Epoch 052 train: loss=0.0674 AUROC=0.9994 AUPRC=0.9930 BalAcc=0.9915 F1=0.9651 MCC=0.9618
Epoch 052 val  : loss=0.2403 AUROC=0.9584 AUPRC=0.5647 BalAcc=0.7843 F1=0.5820 MCC=0.5779
  learning_rate_used=1.458e-04; learning_rate_next=1.411e-04; elapsed=5.5s
  negatives seen=100.0%; hard negatives=0
Epoch 053 train: loss=0.0647 AUROC=0.9993 AUPRC=0.9923 BalAcc=0.9920 F1=0.9703 MCC=0.9674
Epoch 053 val  : loss=0.2230 AUROC=0.9614 AUPRC=0.5545 BalAcc=0.7715 F1=0.5271 MCC=0.5226
  learning_rate_used=1.411e-04; learning_rate_next=1.364e-04; elapsed=5.5s
  negatives seen=100.0%; hard negatives=0
Epoch 054 train: loss=0.0601 AUROC=0.9989 AUPRC=0.9834 BalAcc=0.9915 F1=0.9651 MCC=0.9618
Epoch 054 val  : loss=0.3200 AUROC=0.9562 AUPRC=0.5276 BalAcc=0.7566 F1=0.5714 MCC=0.5710
  learning_rate_used=1.364e-04; learning_rate_next=1.318e-04; elapsed=5.5s
  negatives seen=100.0%; hard negatives=0
Epoch 055 train: loss=0.0454 AUROC=0.9992 AUPRC=0.9915 BalAcc=0.9944 F1=0.9691 MCC=0.9663
Epoch 055 val  : loss=0.2779 AUROC=0.9584 AUPRC=0.5684 BalAcc=0.7367 F1=0.5566 MCC=0.5612
  learning_rate_used=1.318e-04; learning_rate_next=1.271e-04; elapsed=5.5s
  negatives seen=100.0%; hard negatives=0
Epoch 056 train: loss=0.0870 AUROC=0.9990 AUPRC=0.9848 BalAcc=0.9851 F1=0.9633 MCC=0.9596
Epoch 056 val  : loss=0.1866 AUROC=0.9546 AUPRC=0.5687 BalAcc=0.8292 F1=0.4840 MCC=0.4973
  learning_rate_used=1.271e-04; learning_rate_next=1.225e-04; elapsed=5.5s
  negatives seen=100.0%; hard negatives=0
Epoch 057 train: loss=0.0413 AUROC=0.9993 AUPRC=0.9877 BalAcc=0.9937 F1=0.9743 MCC=0.9719
Epoch 057 val  : loss=0.3281 AUROC=0.9590 AUPRC=0.5521 BalAcc=0.7327 F1=0.5472 MCC=0.5516
  learning_rate_used=1.225e-04; learning_rate_next=1.179e-04; elapsed=5.5s
  negatives seen=100.0%; hard negatives=0
Epoch 058 train: loss=0.0372 AUROC=0.9994 AUPRC=0.9920 BalAcc=0.9942 F1=0.9796 MCC=0.9776
Epoch 058 val  : loss=0.1724 AUROC=0.9624 AUPRC=0.5539 BalAcc=0.8752 F1=0.3721 MCC=0.4266
  learning_rate_used=1.179e-04; learning_rate_next=1.133e-04; elapsed=5.5s
  negatives seen=100.0%; hard negatives=0
Epoch 059 train: loss=0.0275 AUROC=0.9997 AUPRC=0.9960 BalAcc=0.9946 F1=0.9717 MCC=0.9691
Epoch 059 val  : loss=0.2973 AUROC=0.9586 AUPRC=0.5520 BalAcc=0.7604 F1=0.5652 MCC=0.5630
  learning_rate_used=1.133e-04; learning_rate_next=1.088e-04; elapsed=5.5s
  negatives seen=100.0%; hard negatives=0
Epoch 060 train: loss=0.0479 AUROC=0.9993 AUPRC=0.9909 BalAcc=0.9883 F1=0.9584 MCC=0.9545
Epoch 060 val  : loss=0.1793 AUROC=0.9582 AUPRC=0.5643 BalAcc=0.8421 F1=0.5292 MCC=0.5391
  learning_rate_used=1.088e-04; learning_rate_next=1.043e-04; elapsed=5.6s
  negatives seen=100.0%; hard negatives=0
Epoch 061 train: loss=0.0215 AUROC=0.9995 AUPRC=0.9906 BalAcc=0.9966 F1=0.9784 MCC=0.9764
Epoch 061 val  : loss=0.3290 AUROC=0.9547 AUPRC=0.5436 BalAcc=0.7367 F1=0.5540 MCC=0.5580
  learning_rate_used=1.043e-04; learning_rate_next=9.986e-05; elapsed=5.5s
  negatives seen=100.0%; hard negatives=0
Epoch 062 train: loss=0.0324 AUROC=0.9995 AUPRC=0.9923 BalAcc=0.9972 F1=0.9850 MCC=0.9836
Epoch 062 val  : loss=0.5361 AUROC=0.9547 AUPRC=0.5566 BalAcc=0.6570 F1=0.4588 MCC=0.5138
  learning_rate_used=9.986e-05; learning_rate_next=9.547e-05; elapsed=5.5s
  negatives seen=100.0%; hard negatives=0
Epoch 063 train: loss=0.0362 AUROC=0.9997 AUPRC=0.9951 BalAcc=0.9960 F1=0.9850 MCC=0.9835
Epoch 063 val  : loss=0.3024 AUROC=0.9590 AUPRC=0.5631 BalAcc=0.7529 F1=0.5833 MCC=0.5864
  learning_rate_used=9.547e-05; learning_rate_next=9.113e-05; elapsed=5.6s
  negatives seen=100.0%; hard negatives=0
Epoch 064 train: loss=0.0237 AUROC=0.9998 AUPRC=0.9983 BalAcc=0.9971 F1=0.9837 MCC=0.9822
Epoch 064 val  : loss=0.4499 AUROC=0.9597 AUPRC=0.5516 BalAcc=0.6930 F1=0.5161 MCC=0.5445
  learning_rate_used=9.113e-05; learning_rate_next=8.685e-05; elapsed=5.5s
  negatives seen=100.0%; hard negatives=0
Epoch 065 train: loss=0.0534 AUROC=0.9998 AUPRC=0.9982 BalAcc=0.9923 F1=0.9849 MCC=0.9834
Epoch 065 val  : loss=0.3124 AUROC=0.9583 AUPRC=0.5533 BalAcc=0.7723 F1=0.5690 MCC=0.5653
  learning_rate_used=8.685e-05; learning_rate_next=8.263e-05; elapsed=5.5s
  negatives seen=100.0%; hard negatives=0
Epoch 066 train: loss=0.0185 AUROC=0.9998 AUPRC=0.9983 BalAcc=0.9972 F1=0.9850 MCC=0.9836
Epoch 066 val  : loss=0.1956 AUROC=0.9615 AUPRC=0.5766 BalAcc=0.8261 F1=0.5157 MCC=0.5229
  learning_rate_used=8.263e-05; learning_rate_next=7.848e-05; elapsed=5.5s
  saved new best checkpoint: /data/projects/SFB_A03/jan/AT_TFBS/human301/runs/CREB3L3/68001_ablation_weight_decay_seed1/best_model.pt (objective=classification-auprc, score=0.576550)
  negatives seen=100.0%; hard negatives=0
Epoch 067 train: loss=0.0327 AUROC=0.9993 AUPRC=0.9879 BalAcc=0.9930 F1=0.9677 MCC=0.9648
Epoch 067 val  : loss=0.2645 AUROC=0.9617 AUPRC=0.5871 BalAcc=0.7564 F1=0.5590 MCC=0.5569
  learning_rate_used=7.848e-05; learning_rate_next=7.440e-05; elapsed=5.5s
  saved new best checkpoint: /data/projects/SFB_A03/jan/AT_TFBS/human301/runs/CREB3L3/68001_ablation_weight_decay_seed1/best_model.pt (objective=classification-auprc, score=0.587096)
  negatives seen=100.0%; hard negatives=0
Epoch 068 train: loss=0.0266 AUROC=0.9998 AUPRC=0.9982 BalAcc=0.9939 F1=0.9769 MCC=0.9747
Epoch 068 val  : loss=0.3120 AUROC=0.9631 AUPRC=0.5771 BalAcc=0.7327 F1=0.5498 MCC=0.5548
  learning_rate_used=7.440e-05; learning_rate_next=7.039e-05; elapsed=5.5s
  negatives seen=100.0%; hard negatives=0
Epoch 069 train: loss=0.0206 AUROC=0.9997 AUPRC=0.9971 BalAcc=0.9968 F1=0.9810 MCC=0.9793
Epoch 069 val  : loss=0.4595 AUROC=0.9565 AUPRC=0.5349 BalAcc=0.7048 F1=0.5231 MCC=0.5403
  learning_rate_used=7.039e-05; learning_rate_next=6.647e-05; elapsed=5.5s
  negatives seen=100.0%; hard negatives=0
Epoch 070 train: loss=0.0341 AUROC=0.9996 AUPRC=0.9958 BalAcc=0.9952 F1=0.9770 MCC=0.9748
Epoch 070 val  : loss=0.2851 AUROC=0.9634 AUPRC=0.5773 BalAcc=0.7685 F1=0.5801 MCC=0.5778
  learning_rate_used=6.647e-05; learning_rate_next=6.263e-05; elapsed=5.5s
  negatives seen=100.0%; hard negatives=0
Epoch 071 train: loss=0.0265 AUROC=0.9999 AUPRC=0.9988 BalAcc=0.9975 F1=0.9877 MCC=0.9865
Epoch 071 val  : loss=0.2648 AUROC=0.9640 AUPRC=0.5677 BalAcc=0.7642 F1=0.5523 MCC=0.5484
  learning_rate_used=6.263e-05; learning_rate_next=5.887e-05; elapsed=5.5s
  negatives seen=100.0%; hard negatives=0
Epoch 072 train: loss=0.0239 AUROC=0.9999 AUPRC=0.9990 BalAcc=0.9963 F1=0.9877 MCC=0.9865
Epoch 072 val  : loss=0.4296 AUROC=0.9611 AUPRC=0.5731 BalAcc=0.7251 F1=0.5657 MCC=0.5816
  learning_rate_used=5.887e-05; learning_rate_next=5.521e-05; elapsed=5.6s
  negatives seen=100.0%; hard negatives=0
Epoch 073 train: loss=0.0272 AUROC=0.9999 AUPRC=0.9991 BalAcc=0.9959 F1=0.9837 MCC=0.9821
Epoch 073 val  : loss=0.3567 AUROC=0.9612 AUPRC=0.5599 BalAcc=0.7409 F1=0.5742 MCC=0.5811
  learning_rate_used=5.521e-05; learning_rate_next=5.163e-05; elapsed=5.5s
  negatives seen=100.0%; hard negatives=0
Epoch 074 train: loss=0.0125 AUROC=0.9999 AUPRC=0.9994 BalAcc=0.9974 F1=0.9864 MCC=0.9851
Epoch 074 val  : loss=0.3358 AUROC=0.9612 AUPRC=0.5634 BalAcc=0.7327 F1=0.5524 MCC=0.5581
  learning_rate_used=5.163e-05; learning_rate_next=4.816e-05; elapsed=5.5s
  negatives seen=100.0%; hard negatives=0
Epoch 075 train: loss=0.0212 AUROC=0.9998 AUPRC=0.9961 BalAcc=0.9970 F1=0.9945 MCC=0.9939
Epoch 075 val  : loss=0.3482 AUROC=0.9611 AUPRC=0.5573 BalAcc=0.7327 F1=0.5472 MCC=0.5516
  learning_rate_used=4.816e-05; learning_rate_next=4.479e-05; elapsed=5.5s
  negatives seen=100.0%; hard negatives=0
Epoch 076 train: loss=0.0052 AUROC=1.0000 AUPRC=0.9999 BalAcc=0.9993 F1=0.9932 MCC=0.9925
Epoch 076 val  : loss=0.5092 AUROC=0.9560 AUPRC=0.5364 BalAcc=0.6771 F1=0.4972 MCC=0.5401
  learning_rate_used=4.479e-05; learning_rate_next=4.152e-05; elapsed=5.5s
  negatives seen=100.0%; hard negatives=0
Epoch 077 train: loss=0.0056 AUROC=1.0000 AUPRC=0.9998 BalAcc=0.9994 F1=0.9945 MCC=0.9940
Epoch 077 val  : loss=0.4364 AUROC=0.9606 AUPRC=0.5524 BalAcc=0.7171 F1=0.5538 MCC=0.5725
  learning_rate_used=4.152e-05; learning_rate_next=3.836e-05; elapsed=5.5s
  negatives seen=100.0%; hard negatives=0
Epoch 078 train: loss=0.0259 AUROC=0.9996 AUPRC=0.9947 BalAcc=0.9975 F1=0.9877 MCC=0.9865
Epoch 078 val  : loss=0.3677 AUROC=0.9598 AUPRC=0.5628 BalAcc=0.7408 F1=0.5634 MCC=0.5676
  learning_rate_used=3.836e-05; learning_rate_next=3.531e-05; elapsed=5.5s
  negatives seen=100.0%; hard negatives=0
Epoch 079 train: loss=0.0097 AUROC=0.9999 AUPRC=0.9984 BalAcc=0.9994 F1=0.9945 MCC=0.9940
Epoch 079 val  : loss=0.3736 AUROC=0.9595 AUPRC=0.5668 BalAcc=0.7368 F1=0.5619 MCC=0.5679
  learning_rate_used=3.531e-05; learning_rate_next=3.237e-05; elapsed=5.5s
  negatives seen=100.0%; hard negatives=0
Epoch 080 train: loss=0.0120 AUROC=0.9997 AUPRC=0.9957 BalAcc=0.9990 F1=0.9905 MCC=0.9895
Epoch 080 val  : loss=0.4836 AUROC=0.9592 AUPRC=0.5701 BalAcc=0.6850 F1=0.5027 MCC=0.5349
  learning_rate_used=3.237e-05; learning_rate_next=2.955e-05; elapsed=5.5s
  negatives seen=100.0%; hard negatives=0
Epoch 081 train: loss=0.0149 AUROC=0.9999 AUPRC=0.9985 BalAcc=0.9979 F1=0.9918 MCC=0.9910
Epoch 081 val  : loss=0.3514 AUROC=0.9611 AUPRC=0.5701 BalAcc=0.7367 F1=0.5566 MCC=0.5612
  learning_rate_used=2.955e-05; learning_rate_next=2.685e-05; elapsed=5.6s
  negatives seen=100.0%; hard negatives=0
Epoch 082 train: loss=0.0105 AUROC=0.9999 AUPRC=0.9984 BalAcc=0.9990 F1=0.9905 MCC=0.9895
Epoch 082 val  : loss=0.4953 AUROC=0.9605 AUPRC=0.5747 BalAcc=0.6810 F1=0.4972 MCC=0.5324
  learning_rate_used=2.685e-05; learning_rate_next=2.427e-05; elapsed=5.5s
  negatives seen=100.0%; hard negatives=0
Epoch 083 train: loss=0.0051 AUROC=1.0000 AUPRC=0.9999 BalAcc=0.9982 F1=0.9945 MCC=0.9940
Epoch 083 val  : loss=0.4094 AUROC=0.9604 AUPRC=0.5678 BalAcc=0.7371 F1=0.5784 MCC=0.5892
  learning_rate_used=2.427e-05; learning_rate_next=2.182e-05; elapsed=5.5s
  negatives seen=100.0%; hard negatives=0
Epoch 084 train: loss=0.0108 AUROC=1.0000 AUPRC=0.9998 BalAcc=0.9979 F1=0.9918 MCC=0.9910
Epoch 084 val  : loss=0.4519 AUROC=0.9609 AUPRC=0.5695 BalAcc=0.7131 F1=0.5521 MCC=0.5743
  learning_rate_used=2.182e-05; learning_rate_next=1.949e-05; elapsed=5.6s
  negatives seen=100.0%; hard negatives=0
Epoch 085 train: loss=0.0028 AUROC=1.0000 AUPRC=1.0000 BalAcc=0.9997 F1=0.9973 MCC=0.9970
Epoch 085 val  : loss=0.4294 AUROC=0.9605 AUPRC=0.5704 BalAcc=0.7210 F1=0.5556 MCC=0.5710
  learning_rate_used=1.949e-05; learning_rate_next=1.729e-05; elapsed=5.6s
  negatives seen=100.0%; hard negatives=0
Epoch 086 train: loss=0.0031 AUROC=1.0000 AUPRC=1.0000 BalAcc=0.9994 F1=0.9945 MCC=0.9940
Epoch 086 val  : loss=0.3984 AUROC=0.9608 AUPRC=0.5684 BalAcc=0.7288 F1=0.5507 MCC=0.5584
  learning_rate_used=1.729e-05; learning_rate_next=1.523e-05; elapsed=5.6s
  negatives seen=100.0%; hard negatives=0
Epoch 087 train: loss=0.0109 AUROC=1.0000 AUPRC=0.9996 BalAcc=0.9978 F1=0.9904 MCC=0.9895
Epoch 087 val  : loss=0.5047 AUROC=0.9601 AUPRC=0.5637 BalAcc=0.6930 F1=0.5189 MCC=0.5490
  learning_rate_used=1.523e-05; learning_rate_next=1.330e-05; elapsed=5.5s
Early stopping after 87 epochs.
Binary threshold: 0.773078 (strategy=val-mcc, validation_score=0.592277)
TEST chr10,chr12,chr14,chr16,chr18,chr2,chr20,chr22,chr4,chr6,chr8: loss=0.2396 AUROC=0.9739 AUPRC=0.5254 BalAcc=0.6912 F1=0.4865 MCC=0.5010
Outputs written to /data/projects/SFB_A03/jan/AT_TFBS/human301/runs/CREB3L3/68001_ablation_weight_decay_seed1
Binary predictions: binary_classification_results.tsv
Binary metrics: binary_classification_metrics.json
ROC plot: roc_curve.png
Precision-recall plot: precision_recall_curve.png
Confusion matrix: binary_confusion_matrix.tsv
