Window geometry: 256 bp from 301 bp; crop starts 0..45; shifts -22..+23; fresh uniform draw per access
Evaluation: crops (0, 22, 23, 45), reverse complement=True; all samples
train: n=36,663, positive=363, negative=36,300
  val: n=12,524, positive=124, negative=12,400
 test: n=40,198, positive=398, negative=39,800
Device: cuda
Hidden activation: RELU
Parameters: 1,033,941 total; 1,033,941 trainable
Architecture: motif kernels 9/12/15/21; encoder 128/64/64; original five-block bottleneck at 64; decoder 64/128/256
  negatives seen=10.0%; hard negatives=0
Epoch 001 train: loss=1.4638 AUROC=0.4907 AUPRC=0.0915 BalAcc=0.4901 F1=0.1478 MCC=-0.0114
Epoch 001 val  : loss=0.6427 AUROC=0.5701 AUPRC=0.0147 BalAcc=0.5207 F1=0.0252 MCC=0.0134
  learning_rate_used=3.000e-04; learning_rate_next=2.999e-04; elapsed=7.0s
  saved new best checkpoint: /data/projects/SFB_A03/jan/AT_TFBS/human301/runs/CREB3L3/67995_motif64_9_12_15_21_epochs100_seed3/best_model.pt (objective=classification-auprc, score=0.014688)
  negatives seen=20.0%; hard negatives=0
Epoch 002 train: loss=1.3072 AUROC=0.5546 AUPRC=0.1213 BalAcc=0.5317 F1=0.1706 MCC=0.0366
Epoch 002 val  : loss=1.0140 AUROC=0.6644 AUPRC=0.0230 BalAcc=0.5081 F1=0.0199 MCC=0.0091
  learning_rate_used=2.999e-04; learning_rate_next=2.997e-04; elapsed=5.7s
  saved new best checkpoint: /data/projects/SFB_A03/jan/AT_TFBS/human301/runs/CREB3L3/67995_motif64_9_12_15_21_epochs100_seed3/best_model.pt (objective=classification-auprc, score=0.022994)
  negatives seen=30.0%; hard negatives=0
Epoch 003 train: loss=1.2260 AUROC=0.6561 AUPRC=0.1790 BalAcc=0.6059 F1=0.2208 MCC=0.1253
Epoch 003 val  : loss=0.6532 AUROC=0.8156 AUPRC=0.0883 BalAcc=0.7581 F1=0.0499 MCC=0.1096
  learning_rate_used=2.997e-04; learning_rate_next=2.993e-04; elapsed=5.7s
  saved new best checkpoint: /data/projects/SFB_A03/jan/AT_TFBS/human301/runs/CREB3L3/67995_motif64_9_12_15_21_epochs100_seed3/best_model.pt (objective=classification-auprc, score=0.088341)
  negatives seen=40.0%; hard negatives=0
Epoch 004 train: loss=0.9674 AUROC=0.8160 AUPRC=0.3562 BalAcc=0.7399 F1=0.3524 MCC=0.3082
Epoch 004 val  : loss=0.2739 AUROC=0.8922 AUPRC=0.1721 BalAcc=0.7589 F1=0.1809 MCC=0.2311
  learning_rate_used=2.993e-04; learning_rate_next=2.988e-04; elapsed=5.7s
  saved new best checkpoint: /data/projects/SFB_A03/jan/AT_TFBS/human301/runs/CREB3L3/67995_motif64_9_12_15_21_epochs100_seed3/best_model.pt (objective=classification-auprc, score=0.172068)
  negatives seen=50.0%; hard negatives=0
Epoch 005 train: loss=0.7967 AUROC=0.8821 AUPRC=0.5210 BalAcc=0.8124 F1=0.4514 MCC=0.4262
Epoch 005 val  : loss=0.4008 AUROC=0.9045 AUPRC=0.1978 BalAcc=0.8318 F1=0.0964 MCC=0.1804
  learning_rate_used=2.988e-04; learning_rate_next=2.982e-04; elapsed=5.7s
  saved new best checkpoint: /data/projects/SFB_A03/jan/AT_TFBS/human301/runs/CREB3L3/67995_motif64_9_12_15_21_epochs100_seed3/best_model.pt (objective=classification-auprc, score=0.197779)
  negatives seen=60.0%; hard negatives=0
Epoch 006 train: loss=0.7199 AUROC=0.9032 AUPRC=0.5637 BalAcc=0.8194 F1=0.4675 MCC=0.4427
Epoch 006 val  : loss=0.3752 AUROC=0.8982 AUPRC=0.1982 BalAcc=0.8205 F1=0.0945 MCC=0.1750
  learning_rate_used=2.982e-04; learning_rate_next=2.974e-04; elapsed=5.7s
  saved new best checkpoint: /data/projects/SFB_A03/jan/AT_TFBS/human301/runs/CREB3L3/67995_motif64_9_12_15_21_epochs100_seed3/best_model.pt (objective=classification-auprc, score=0.198217)
  negatives seen=70.0%; hard negatives=0
Epoch 007 train: loss=0.6553 AUROC=0.9216 AUPRC=0.6325 BalAcc=0.8342 F1=0.4934 MCC=0.4712
Epoch 007 val  : loss=0.2145 AUROC=0.8956 AUPRC=0.1731 BalAcc=0.7367 F1=0.2403 MCC=0.2692
  learning_rate_used=2.974e-04; learning_rate_next=2.964e-04; elapsed=5.8s
  negatives seen=80.0%; hard negatives=0
Epoch 008 train: loss=0.5776 AUROC=0.9396 AUPRC=0.6456 BalAcc=0.8671 F1=0.5451 MCC=0.5300
Epoch 008 val  : loss=0.5700 AUROC=0.9260 AUPRC=0.2407 BalAcc=0.8335 F1=0.0663 MCC=0.1493
  learning_rate_used=2.964e-04; learning_rate_next=2.953e-04; elapsed=5.7s
  saved new best checkpoint: /data/projects/SFB_A03/jan/AT_TFBS/human301/runs/CREB3L3/67995_motif64_9_12_15_21_epochs100_seed3/best_model.pt (objective=classification-auprc, score=0.240701)
  negatives seen=90.0%; hard negatives=0
Epoch 009 train: loss=0.5579 AUROC=0.9460 AUPRC=0.6885 BalAcc=0.8711 F1=0.5706 MCC=0.5529
Epoch 009 val  : loss=1.3033 AUROC=0.9279 AUPRC=0.2926 BalAcc=0.6935 F1=0.0319 MCC=0.0782
  learning_rate_used=2.953e-04; learning_rate_next=2.941e-04; elapsed=5.7s
  saved new best checkpoint: /data/projects/SFB_A03/jan/AT_TFBS/human301/runs/CREB3L3/67995_motif64_9_12_15_21_epochs100_seed3/best_model.pt (objective=classification-auprc, score=0.292569)
  negatives seen=100.0%; hard negatives=0
Epoch 010 train: loss=0.4971 AUROC=0.9558 AUPRC=0.7297 BalAcc=0.8749 F1=0.5857 MCC=0.5673
Epoch 010 val  : loss=0.2367 AUROC=0.9343 AUPRC=0.3369 BalAcc=0.8663 F1=0.1908 MCC=0.2789
  learning_rate_used=2.941e-04; learning_rate_next=2.927e-04; elapsed=5.7s
  saved new best checkpoint: /data/projects/SFB_A03/jan/AT_TFBS/human301/runs/CREB3L3/67995_motif64_9_12_15_21_epochs100_seed3/best_model.pt (objective=classification-auprc, score=0.336906)
  negatives seen=100.0%; hard negatives=0
Epoch 011 train: loss=0.4085 AUROC=0.9711 AUPRC=0.8181 BalAcc=0.9196 F1=0.6852 MCC=0.6723
Epoch 011 val  : loss=0.2010 AUROC=0.9404 AUPRC=0.3931 BalAcc=0.6878 F1=0.4413 MCC=0.4428
  learning_rate_used=2.927e-04; learning_rate_next=2.912e-04; elapsed=5.7s
  saved new best checkpoint: /data/projects/SFB_A03/jan/AT_TFBS/human301/runs/CREB3L3/67995_motif64_9_12_15_21_epochs100_seed3/best_model.pt (objective=classification-auprc, score=0.393054)
  negatives seen=100.0%; hard negatives=0
Epoch 012 train: loss=0.4495 AUROC=0.9659 AUPRC=0.7877 BalAcc=0.9032 F1=0.6585 MCC=0.6422
Epoch 012 val  : loss=0.4220 AUROC=0.9410 AUPRC=0.3784 BalAcc=0.8656 F1=0.0915 MCC=0.1855
  learning_rate_used=2.912e-04; learning_rate_next=2.895e-04; elapsed=5.7s
  negatives seen=100.0%; hard negatives=0
Epoch 013 train: loss=0.3826 AUROC=0.9746 AUPRC=0.8056 BalAcc=0.9187 F1=0.6867 MCC=0.6733
Epoch 013 val  : loss=0.2070 AUROC=0.9377 AUPRC=0.3824 BalAcc=0.8485 F1=0.2126 MCC=0.2906
  learning_rate_used=2.895e-04; learning_rate_next=2.877e-04; elapsed=5.7s
  negatives seen=100.0%; hard negatives=0
Epoch 014 train: loss=0.3355 AUROC=0.9805 AUPRC=0.8569 BalAcc=0.9309 F1=0.7416 MCC=0.7272
Epoch 014 val  : loss=0.1724 AUROC=0.9433 AUPRC=0.4117 BalAcc=0.8454 F1=0.2773 MCC=0.3413
  learning_rate_used=2.877e-04; learning_rate_next=2.858e-04; elapsed=5.7s
  saved new best checkpoint: /data/projects/SFB_A03/jan/AT_TFBS/human301/runs/CREB3L3/67995_motif64_9_12_15_21_epochs100_seed3/best_model.pt (objective=classification-auprc, score=0.411704)
  negatives seen=100.0%; hard negatives=0
Epoch 015 train: loss=0.3279 AUROC=0.9806 AUPRC=0.8374 BalAcc=0.9348 F1=0.7450 MCC=0.7317
Epoch 015 val  : loss=0.4110 AUROC=0.9409 AUPRC=0.3776 BalAcc=0.5564 F1=0.2000 MCC=0.3125
  learning_rate_used=2.858e-04; learning_rate_next=2.837e-04; elapsed=5.7s
  negatives seen=100.0%; hard negatives=0
Epoch 016 train: loss=0.3510 AUROC=0.9794 AUPRC=0.8404 BalAcc=0.9298 F1=0.7351 MCC=0.7209
Epoch 016 val  : loss=0.4311 AUROC=0.9347 AUPRC=0.3359 BalAcc=0.8579 F1=0.0902 MCC=0.1819
  learning_rate_used=2.837e-04; learning_rate_next=2.815e-04; elapsed=5.7s
  negatives seen=100.0%; hard negatives=0
Epoch 017 train: loss=0.2943 AUROC=0.9849 AUPRC=0.8803 BalAcc=0.9353 F1=0.7691 MCC=0.7542
Epoch 017 val  : loss=0.1648 AUROC=0.9447 AUPRC=0.4006 BalAcc=0.7662 F1=0.4653 MCC=0.4638
  learning_rate_used=2.815e-04; learning_rate_next=2.792e-04; elapsed=5.7s
  negatives seen=100.0%; hard negatives=0
Epoch 018 train: loss=0.2825 AUROC=0.9867 AUPRC=0.8775 BalAcc=0.9412 F1=0.7850 MCC=0.7711
Epoch 018 val  : loss=0.1573 AUROC=0.9533 AUPRC=0.4313 BalAcc=0.8593 F1=0.3064 MCC=0.3695
  learning_rate_used=2.792e-04; learning_rate_next=2.767e-04; elapsed=5.7s
  saved new best checkpoint: /data/projects/SFB_A03/jan/AT_TFBS/human301/runs/CREB3L3/67995_motif64_9_12_15_21_epochs100_seed3/best_model.pt (objective=classification-auprc, score=0.431293)
  negatives seen=100.0%; hard negatives=0
Epoch 019 train: loss=0.2372 AUROC=0.9905 AUPRC=0.9165 BalAcc=0.9507 F1=0.8183 MCC=0.8056
Epoch 019 val  : loss=0.1595 AUROC=0.9516 AUPRC=0.4074 BalAcc=0.7898 F1=0.3601 MCC=0.3835
  learning_rate_used=2.767e-04; learning_rate_next=2.741e-04; elapsed=5.7s
  negatives seen=100.0%; hard negatives=0
Epoch 020 train: loss=0.2061 AUROC=0.9913 AUPRC=0.9027 BalAcc=0.9621 F1=0.8412 MCC=0.8307
Epoch 020 val  : loss=0.1645 AUROC=0.9522 AUPRC=0.4253 BalAcc=0.8628 F1=0.3027 MCC=0.3680
  learning_rate_used=2.741e-04; learning_rate_next=2.714e-04; elapsed=5.7s
  negatives seen=100.0%; hard negatives=0
Epoch 021 train: loss=0.1804 AUROC=0.9934 AUPRC=0.9337 BalAcc=0.9686 F1=0.8451 MCC=0.8360
Epoch 021 val  : loss=0.1758 AUROC=0.9470 AUPRC=0.4635 BalAcc=0.7752 F1=0.5169 MCC=0.5130
  learning_rate_used=2.714e-04; learning_rate_next=2.686e-04; elapsed=5.7s
  saved new best checkpoint: /data/projects/SFB_A03/jan/AT_TFBS/human301/runs/CREB3L3/67995_motif64_9_12_15_21_epochs100_seed3/best_model.pt (objective=classification-auprc, score=0.463461)
  negatives seen=100.0%; hard negatives=0
Epoch 022 train: loss=0.2156 AUROC=0.9927 AUPRC=0.9372 BalAcc=0.9591 F1=0.8452 MCC=0.8339
Epoch 022 val  : loss=0.1521 AUROC=0.9562 AUPRC=0.4559 BalAcc=0.8086 F1=0.4483 MCC=0.4611
  learning_rate_used=2.686e-04; learning_rate_next=2.657e-04; elapsed=5.7s
  negatives seen=100.0%; hard negatives=0
Epoch 023 train: loss=0.2805 AUROC=0.9882 AUPRC=0.9045 BalAcc=0.9489 F1=0.8057 MCC=0.7929
Epoch 023 val  : loss=0.6153 AUROC=0.9389 AUPRC=0.4209 BalAcc=0.5120 F1=0.0465 MCC=0.1191
  learning_rate_used=2.657e-04; learning_rate_next=2.626e-04; elapsed=5.7s
  negatives seen=100.0%; hard negatives=0
Epoch 024 train: loss=0.2091 AUROC=0.9929 AUPRC=0.9311 BalAcc=0.9584 F1=0.8677 MCC=0.8564
Epoch 024 val  : loss=0.1716 AUROC=0.9483 AUPRC=0.4088 BalAcc=0.8240 F1=0.3517 MCC=0.3903
  learning_rate_used=2.626e-04; learning_rate_next=2.595e-04; elapsed=5.6s
  negatives seen=100.0%; hard negatives=0
Epoch 025 train: loss=0.1709 AUROC=0.9961 AUPRC=0.9648 BalAcc=0.9711 F1=0.9132 MCC=0.9052
Epoch 025 val  : loss=0.2392 AUROC=0.9465 AUPRC=0.4035 BalAcc=0.7235 F1=0.4746 MCC=0.4702
  learning_rate_used=2.595e-04; learning_rate_next=2.562e-04; elapsed=5.6s
  negatives seen=100.0%; hard negatives=0
Epoch 026 train: loss=0.2297 AUROC=0.9920 AUPRC=0.9243 BalAcc=0.9609 F1=0.8498 MCC=0.8388
Epoch 026 val  : loss=0.2061 AUROC=0.9558 AUPRC=0.4713 BalAcc=0.7517 F1=0.5122 MCC=0.5074
  learning_rate_used=2.562e-04; learning_rate_next=2.528e-04; elapsed=5.7s
  saved new best checkpoint: /data/projects/SFB_A03/jan/AT_TFBS/human301/runs/CREB3L3/67995_motif64_9_12_15_21_epochs100_seed3/best_model.pt (objective=classification-auprc, score=0.471254)
  negatives seen=100.0%; hard negatives=0
Epoch 027 train: loss=0.1682 AUROC=0.9956 AUPRC=0.9497 BalAcc=0.9707 F1=0.8892 MCC=0.8802
Epoch 027 val  : loss=0.1777 AUROC=0.9472 AUPRC=0.4484 BalAcc=0.7969 F1=0.4451 MCC=0.4546
  learning_rate_used=2.528e-04; learning_rate_next=2.494e-04; elapsed=5.7s
  negatives seen=100.0%; hard negatives=0
Epoch 028 train: loss=0.1438 AUROC=0.9956 AUPRC=0.9542 BalAcc=0.9716 F1=0.8775 MCC=0.8686
Epoch 028 val  : loss=0.2937 AUROC=0.9442 AUPRC=0.3857 BalAcc=0.6562 F1=0.4105 MCC=0.4271
  learning_rate_used=2.494e-04; learning_rate_next=2.458e-04; elapsed=5.6s
  negatives seen=100.0%; hard negatives=0
Epoch 029 train: loss=0.1515 AUROC=0.9965 AUPRC=0.9651 BalAcc=0.9685 F1=0.9010 MCC=0.8922
Epoch 029 val  : loss=0.2542 AUROC=0.9535 AUPRC=0.4223 BalAcc=0.8767 F1=0.1740 MCC=0.2680
  learning_rate_used=2.458e-04; learning_rate_next=2.421e-04; elapsed=5.6s
  negatives seen=100.0%; hard negatives=0
Epoch 030 train: loss=0.1479 AUROC=0.9958 AUPRC=0.9579 BalAcc=0.9729 F1=0.8875 MCC=0.8789
Epoch 030 val  : loss=0.1689 AUROC=0.9543 AUPRC=0.4031 BalAcc=0.8278 F1=0.3507 MCC=0.3911
  learning_rate_used=2.421e-04; learning_rate_next=2.384e-04; elapsed=5.6s
  negatives seen=100.0%; hard negatives=0
Epoch 031 train: loss=0.1036 AUROC=0.9974 AUPRC=0.9711 BalAcc=0.9810 F1=0.9047 MCC=0.8977
Epoch 031 val  : loss=0.1818 AUROC=0.9548 AUPRC=0.4059 BalAcc=0.7888 F1=0.4358 MCC=0.4443
  learning_rate_used=2.384e-04; learning_rate_next=2.345e-04; elapsed=5.7s
  negatives seen=100.0%; hard negatives=0
Epoch 032 train: loss=0.1257 AUROC=0.9971 AUPRC=0.9674 BalAcc=0.9763 F1=0.9164 MCC=0.9091
Epoch 032 val  : loss=0.2290 AUROC=0.9531 AUPRC=0.4699 BalAcc=0.7667 F1=0.4820 MCC=0.4791
  learning_rate_used=2.345e-04; learning_rate_next=2.306e-04; elapsed=5.7s
  negatives seen=100.0%; hard negatives=0
Epoch 033 train: loss=0.2085 AUROC=0.9949 AUPRC=0.9502 BalAcc=0.9661 F1=0.8915 MCC=0.8820
Epoch 033 val  : loss=0.4045 AUROC=0.9467 AUPRC=0.4467 BalAcc=0.5803 F1=0.2614 MCC=0.3308
  learning_rate_used=2.306e-04; learning_rate_next=2.266e-04; elapsed=5.6s
  negatives seen=100.0%; hard negatives=0
Epoch 034 train: loss=0.1041 AUROC=0.9967 AUPRC=0.9611 BalAcc=0.9855 F1=0.9123 MCC=0.9062
Epoch 034 val  : loss=0.4200 AUROC=0.9462 AUPRC=0.4427 BalAcc=0.6166 F1=0.3580 MCC=0.4197
  learning_rate_used=2.266e-04; learning_rate_next=2.225e-04; elapsed=5.6s
  negatives seen=100.0%; hard negatives=0
Epoch 035 train: loss=0.1149 AUROC=0.9979 AUPRC=0.9776 BalAcc=0.9802 F1=0.9289 MCC=0.9226
Epoch 035 val  : loss=0.1908 AUROC=0.9497 AUPRC=0.4441 BalAcc=0.8643 F1=0.2774 MCC=0.3487
  learning_rate_used=2.225e-04; learning_rate_next=2.184e-04; elapsed=5.6s
  negatives seen=100.0%; hard negatives=0
Epoch 036 train: loss=0.1153 AUROC=0.9968 AUPRC=0.9615 BalAcc=0.9804 F1=0.9103 MCC=0.9033
Epoch 036 val  : loss=0.2697 AUROC=0.9574 AUPRC=0.4719 BalAcc=0.7639 F1=0.5366 MCC=0.5320
  learning_rate_used=2.184e-04; learning_rate_next=2.142e-04; elapsed=5.6s
  saved new best checkpoint: /data/projects/SFB_A03/jan/AT_TFBS/human301/runs/CREB3L3/67995_motif64_9_12_15_21_epochs100_seed3/best_model.pt (objective=classification-auprc, score=0.471931)
  negatives seen=100.0%; hard negatives=0
Epoch 037 train: loss=0.1295 AUROC=0.9973 AUPRC=0.9714 BalAcc=0.9745 F1=0.9115 MCC=0.9037
Epoch 037 val  : loss=0.5531 AUROC=0.9334 AUPRC=0.4009 BalAcc=0.5925 F1=0.3007 MCC=0.3811
  learning_rate_used=2.142e-04; learning_rate_next=2.099e-04; elapsed=5.6s
  negatives seen=100.0%; hard negatives=0
Epoch 038 train: loss=0.1299 AUROC=0.9976 AUPRC=0.9743 BalAcc=0.9723 F1=0.9134 MCC=0.9055
Epoch 038 val  : loss=0.3237 AUROC=0.9546 AUPRC=0.4632 BalAcc=0.6646 F1=0.4457 MCC=0.4719
  learning_rate_used=2.099e-04; learning_rate_next=2.055e-04; elapsed=5.6s
  negatives seen=100.0%; hard negatives=0
Epoch 039 train: loss=0.1219 AUROC=0.9967 AUPRC=0.9636 BalAcc=0.9749 F1=0.9046 MCC=0.8967
Epoch 039 val  : loss=0.4133 AUROC=0.9513 AUPRC=0.4339 BalAcc=0.6284 F1=0.3743 MCC=0.4159
  learning_rate_used=2.055e-04; learning_rate_next=2.011e-04; elapsed=5.6s
  negatives seen=100.0%; hard negatives=0
Epoch 040 train: loss=0.0741 AUROC=0.9982 AUPRC=0.9678 BalAcc=0.9906 F1=0.9461 MCC=0.9417
Epoch 040 val  : loss=0.1995 AUROC=0.9497 AUPRC=0.4275 BalAcc=0.8010 F1=0.4524 MCC=0.4620
  learning_rate_used=2.011e-04; learning_rate_next=1.967e-04; elapsed=5.7s
  negatives seen=100.0%; hard negatives=0
Epoch 041 train: loss=0.1099 AUROC=0.9983 AUPRC=0.9821 BalAcc=0.9742 F1=0.9196 MCC=0.9123
Epoch 041 val  : loss=0.3874 AUROC=0.9436 AUPRC=0.4243 BalAcc=0.6844 F1=0.4646 MCC=0.4763
  learning_rate_used=1.967e-04; learning_rate_next=1.922e-04; elapsed=5.6s
  negatives seen=100.0%; hard negatives=0
Epoch 042 train: loss=0.0872 AUROC=0.9986 AUPRC=0.9849 BalAcc=0.9861 F1=0.9493 MCC=0.9447
Epoch 042 val  : loss=0.2189 AUROC=0.9512 AUPRC=0.4396 BalAcc=0.8048 F1=0.4503 MCC=0.4615
  learning_rate_used=1.922e-04; learning_rate_next=1.877e-04; elapsed=5.6s
  negatives seen=100.0%; hard negatives=0
Epoch 043 train: loss=0.1050 AUROC=0.9985 AUPRC=0.9852 BalAcc=0.9832 F1=0.9453 MCC=0.9401
Epoch 043 val  : loss=0.3443 AUROC=0.9578 AUPRC=0.4366 BalAcc=0.6724 F1=0.4479 MCC=0.4645
  learning_rate_used=1.877e-04; learning_rate_next=1.831e-04; elapsed=5.6s
  negatives seen=100.0%; hard negatives=0
Epoch 044 train: loss=0.0713 AUROC=0.9991 AUPRC=0.9913 BalAcc=0.9836 F1=0.9491 MCC=0.9442
Epoch 044 val  : loss=0.3492 AUROC=0.9576 AUPRC=0.4685 BalAcc=0.6723 F1=0.4456 MCC=0.4610
  learning_rate_used=1.831e-04; learning_rate_next=1.785e-04; elapsed=5.6s
  negatives seen=100.0%; hard negatives=0
Epoch 045 train: loss=0.0748 AUROC=0.9985 AUPRC=0.9739 BalAcc=0.9879 F1=0.9433 MCC=0.9385
Epoch 045 val  : loss=0.4144 AUROC=0.9535 AUPRC=0.4112 BalAcc=0.6563 F1=0.4171 MCC=0.4375
  learning_rate_used=1.785e-04; learning_rate_next=1.739e-04; elapsed=5.8s
  negatives seen=100.0%; hard negatives=0
Epoch 046 train: loss=0.0977 AUROC=0.9983 AUPRC=0.9785 BalAcc=0.9829 F1=0.9318 MCC=0.9258
Epoch 046 val  : loss=0.1998 AUROC=0.9491 AUPRC=0.4581 BalAcc=0.8165 F1=0.4494 MCC=0.4647
  learning_rate_used=1.739e-04; learning_rate_next=1.692e-04; elapsed=6.4s
  negatives seen=100.0%; hard negatives=0
Epoch 047 train: loss=0.0753 AUROC=0.9990 AUPRC=0.9884 BalAcc=0.9846 F1=0.9467 MCC=0.9417
Epoch 047 val  : loss=0.3270 AUROC=0.9561 AUPRC=0.4580 BalAcc=0.7042 F1=0.4811 MCC=0.4840
  learning_rate_used=1.692e-04; learning_rate_next=1.646e-04; elapsed=5.6s
  negatives seen=100.0%; hard negatives=0
Epoch 048 train: loss=0.0769 AUROC=0.9986 AUPRC=0.9788 BalAcc=0.9891 F1=0.9435 MCC=0.9388
Epoch 048 val  : loss=0.1923 AUROC=0.9604 AUPRC=0.4652 BalAcc=0.7979 F1=0.4823 MCC=0.4864
  learning_rate_used=1.646e-04; learning_rate_next=1.599e-04; elapsed=5.6s
  negatives seen=100.0%; hard negatives=0
Epoch 049 train: loss=0.0570 AUROC=0.9993 AUPRC=0.9921 BalAcc=0.9901 F1=0.9637 MCC=0.9602
Epoch 049 val  : loss=0.2929 AUROC=0.9492 AUPRC=0.4386 BalAcc=0.7393 F1=0.4819 MCC=0.4767
  learning_rate_used=1.599e-04; learning_rate_next=1.552e-04; elapsed=5.6s
  negatives seen=100.0%; hard negatives=0
Epoch 050 train: loss=0.0604 AUROC=0.9992 AUPRC=0.9916 BalAcc=0.9909 F1=0.9599 MCC=0.9563
Epoch 050 val  : loss=0.2675 AUROC=0.9565 AUPRC=0.4846 BalAcc=0.7396 F1=0.4959 MCC=0.4911
  learning_rate_used=1.552e-04; learning_rate_next=1.505e-04; elapsed=5.6s
  saved new best checkpoint: /data/projects/SFB_A03/jan/AT_TFBS/human301/runs/CREB3L3/67995_motif64_9_12_15_21_epochs100_seed3/best_model.pt (objective=classification-auprc, score=0.484597)
  negatives seen=100.0%; hard negatives=0
Epoch 051 train: loss=0.0470 AUROC=0.9995 AUPRC=0.9944 BalAcc=0.9912 F1=0.9625 MCC=0.9590
Epoch 051 val  : loss=0.4080 AUROC=0.9541 AUPRC=0.4583 BalAcc=0.6766 F1=0.4656 MCC=0.4866
  learning_rate_used=1.505e-04; learning_rate_next=1.458e-04; elapsed=5.6s
  negatives seen=100.0%; hard negatives=0
Epoch 052 train: loss=0.0467 AUROC=0.9995 AUPRC=0.9928 BalAcc=0.9926 F1=0.9755 MCC=0.9732
Epoch 052 val  : loss=0.2070 AUROC=0.9594 AUPRC=0.4619 BalAcc=0.8091 F1=0.4629 MCC=0.4733
  learning_rate_used=1.458e-04; learning_rate_next=1.411e-04; elapsed=5.7s
  negatives seen=100.0%; hard negatives=0
Epoch 053 train: loss=0.0544 AUROC=0.9992 AUPRC=0.9904 BalAcc=0.9913 F1=0.9638 MCC=0.9604
Epoch 053 val  : loss=0.1993 AUROC=0.9551 AUPRC=0.4844 BalAcc=0.8548 F1=0.3534 MCC=0.4040
  learning_rate_used=1.411e-04; learning_rate_next=1.364e-04; elapsed=5.6s
  negatives seen=100.0%; hard negatives=0
Epoch 054 train: loss=0.0407 AUROC=0.9994 AUPRC=0.9937 BalAcc=0.9930 F1=0.9677 MCC=0.9648
Epoch 054 val  : loss=0.2478 AUROC=0.9574 AUPRC=0.4881 BalAcc=0.7675 F1=0.5194 MCC=0.5148
  learning_rate_used=1.364e-04; learning_rate_next=1.318e-04; elapsed=5.6s
  saved new best checkpoint: /data/projects/SFB_A03/jan/AT_TFBS/human301/runs/CREB3L3/67995_motif64_9_12_15_21_epochs100_seed3/best_model.pt (objective=classification-auprc, score=0.488092)
  negatives seen=100.0%; hard negatives=0
Epoch 055 train: loss=0.0479 AUROC=0.9994 AUPRC=0.9931 BalAcc=0.9908 F1=0.9586 MCC=0.9549
Epoch 055 val  : loss=0.4342 AUROC=0.9572 AUPRC=0.4697 BalAcc=0.6685 F1=0.4492 MCC=0.4717
  learning_rate_used=1.318e-04; learning_rate_next=1.271e-04; elapsed=5.6s
  negatives seen=100.0%; hard negatives=0
Epoch 056 train: loss=0.0506 AUROC=0.9997 AUPRC=0.9974 BalAcc=0.9909 F1=0.9715 MCC=0.9687
Epoch 056 val  : loss=0.2944 AUROC=0.9540 AUPRC=0.4792 BalAcc=0.7596 F1=0.5179 MCC=0.5131
  learning_rate_used=1.271e-04; learning_rate_next=1.225e-04; elapsed=5.7s
  negatives seen=100.0%; hard negatives=0
Epoch 057 train: loss=0.0439 AUROC=0.9997 AUPRC=0.9967 BalAcc=0.9919 F1=0.9690 MCC=0.9660
Epoch 057 val  : loss=0.3039 AUROC=0.9562 AUPRC=0.4851 BalAcc=0.7279 F1=0.5000 MCC=0.4974
  learning_rate_used=1.225e-04; learning_rate_next=1.179e-04; elapsed=5.6s
  negatives seen=100.0%; hard negatives=0
Epoch 058 train: loss=0.0580 AUROC=0.9995 AUPRC=0.9941 BalAcc=0.9905 F1=0.9676 MCC=0.9645
Epoch 058 val  : loss=0.2304 AUROC=0.9565 AUPRC=0.4796 BalAcc=0.7859 F1=0.4721 MCC=0.4744
  learning_rate_used=1.179e-04; learning_rate_next=1.133e-04; elapsed=5.6s
  negatives seen=100.0%; hard negatives=0
Epoch 059 train: loss=0.0434 AUROC=0.9995 AUPRC=0.9939 BalAcc=0.9909 F1=0.9715 MCC=0.9687
Epoch 059 val  : loss=0.4167 AUROC=0.9574 AUPRC=0.4768 BalAcc=0.6685 F1=0.4516 MCC=0.4755
  learning_rate_used=1.133e-04; learning_rate_next=1.088e-04; elapsed=5.7s
  negatives seen=100.0%; hard negatives=0
Epoch 060 train: loss=0.0343 AUROC=0.9999 AUPRC=0.9987 BalAcc=0.9961 F1=0.9863 MCC=0.9850
Epoch 060 val  : loss=0.3361 AUROC=0.9498 AUPRC=0.4600 BalAcc=0.7521 F1=0.5339 MCC=0.5302
  learning_rate_used=1.088e-04; learning_rate_next=1.043e-04; elapsed=5.6s
  negatives seen=100.0%; hard negatives=0
Epoch 061 train: loss=0.0177 AUROC=0.9999 AUPRC=0.9984 BalAcc=0.9970 F1=0.9824 MCC=0.9807
Epoch 061 val  : loss=0.6491 AUROC=0.9567 AUPRC=0.4708 BalAcc=0.5925 F1=0.2987 MCC=0.3745
  learning_rate_used=1.043e-04; learning_rate_next=9.986e-05; elapsed=5.6s
  negatives seen=100.0%; hard negatives=0
Epoch 062 train: loss=0.0883 AUROC=0.9994 AUPRC=0.9917 BalAcc=0.9901 F1=0.9754 MCC=0.9730
Epoch 062 val  : loss=0.4920 AUROC=0.9543 AUPRC=0.4627 BalAcc=0.6604 F1=0.4324 MCC=0.4563
  learning_rate_used=9.986e-05; learning_rate_next=9.547e-05; elapsed=5.7s
  negatives seen=100.0%; hard negatives=0
Epoch 063 train: loss=0.0109 AUROC=1.0000 AUPRC=0.9997 BalAcc=0.9966 F1=0.9904 MCC=0.9894
Epoch 063 val  : loss=0.5189 AUROC=0.9583 AUPRC=0.4714 BalAcc=0.6407 F1=0.4142 MCC=0.4657
  learning_rate_used=9.547e-05; learning_rate_next=9.113e-05; elapsed=5.6s
  negatives seen=100.0%; hard negatives=0
Epoch 064 train: loss=0.0367 AUROC=0.9999 AUPRC=0.9987 BalAcc=0.9931 F1=0.9809 MCC=0.9790
Epoch 064 val  : loss=0.2600 AUROC=0.9542 AUPRC=0.4621 BalAcc=0.7859 F1=0.4721 MCC=0.4744
  learning_rate_used=9.113e-05; learning_rate_next=8.685e-05; elapsed=5.6s
  negatives seen=100.0%; hard negatives=0
Epoch 065 train: loss=0.0403 AUROC=0.9996 AUPRC=0.9954 BalAcc=0.9946 F1=0.9717 MCC=0.9691
Epoch 065 val  : loss=0.1836 AUROC=0.9610 AUPRC=0.4704 BalAcc=0.8523 F1=0.3774 MCC=0.4215
  learning_rate_used=8.685e-05; learning_rate_next=8.263e-05; elapsed=5.6s
  negatives seen=100.0%; hard negatives=0
Epoch 066 train: loss=0.0427 AUROC=0.9996 AUPRC=0.9956 BalAcc=0.9971 F1=0.9837 MCC=0.9822
Epoch 066 val  : loss=0.4536 AUROC=0.9535 AUPRC=0.4564 BalAcc=0.6805 F1=0.4663 MCC=0.4828
  learning_rate_used=8.263e-05; learning_rate_next=7.848e-05; elapsed=5.7s
  negatives seen=100.0%; hard negatives=0
Epoch 067 train: loss=0.0249 AUROC=0.9998 AUPRC=0.9982 BalAcc=0.9952 F1=0.9770 MCC=0.9748
Epoch 067 val  : loss=0.5288 AUROC=0.9564 AUPRC=0.4620 BalAcc=0.6285 F1=0.3765 MCC=0.4205
  learning_rate_used=7.848e-05; learning_rate_next=7.440e-05; elapsed=5.6s
  negatives seen=100.0%; hard negatives=0
Epoch 068 train: loss=0.0207 AUROC=0.9998 AUPRC=0.9974 BalAcc=0.9967 F1=0.9918 MCC=0.9909
Epoch 068 val  : loss=0.2592 AUROC=0.9558 AUPRC=0.4712 BalAcc=0.7868 F1=0.5088 MCC=0.5073
  learning_rate_used=7.440e-05; learning_rate_next=7.039e-05; elapsed=5.7s
  negatives seen=100.0%; hard negatives=0
Epoch 069 train: loss=0.0507 AUROC=0.9998 AUPRC=0.9978 BalAcc=0.9957 F1=0.9823 MCC=0.9806
Epoch 069 val  : loss=0.3246 AUROC=0.9571 AUPRC=0.4734 BalAcc=0.7481 F1=0.5345 MCC=0.5314
  learning_rate_used=7.039e-05; learning_rate_next=6.647e-05; elapsed=5.7s
  negatives seen=100.0%; hard negatives=0
Epoch 070 train: loss=0.0146 AUROC=0.9999 AUPRC=0.9986 BalAcc=0.9985 F1=0.9851 MCC=0.9837
Epoch 070 val  : loss=0.4430 AUROC=0.9586 AUPRC=0.4627 BalAcc=0.6683 F1=0.4352 MCC=0.4501
  learning_rate_used=6.647e-05; learning_rate_next=6.263e-05; elapsed=5.6s
  negatives seen=100.0%; hard negatives=0
Epoch 071 train: loss=0.0051 AUROC=1.0000 AUPRC=0.9996 BalAcc=0.9996 F1=0.9959 MCC=0.9955
Epoch 071 val  : loss=0.4436 AUROC=0.9564 AUPRC=0.4634 BalAcc=0.6804 F1=0.4592 MCC=0.4724
  learning_rate_used=6.263e-05; learning_rate_next=5.887e-05; elapsed=5.7s
  negatives seen=100.0%; hard negatives=0
Epoch 072 train: loss=0.0174 AUROC=0.9998 AUPRC=0.9974 BalAcc=0.9972 F1=0.9850 MCC=0.9836
Epoch 072 val  : loss=0.2657 AUROC=0.9561 AUPRC=0.4667 BalAcc=0.7946 F1=0.5068 MCC=0.5071
  learning_rate_used=5.887e-05; learning_rate_next=5.521e-05; elapsed=5.6s
  negatives seen=100.0%; hard negatives=0
Epoch 073 train: loss=0.0098 AUROC=0.9999 AUPRC=0.9994 BalAcc=0.9977 F1=0.9891 MCC=0.9880
Epoch 073 val  : loss=0.3246 AUROC=0.9570 AUPRC=0.4764 BalAcc=0.7677 F1=0.5339 MCC=0.5292
  learning_rate_used=5.521e-05; learning_rate_next=5.163e-05; elapsed=5.7s
  negatives seen=100.0%; hard negatives=0
Epoch 074 train: loss=0.0158 AUROC=0.9999 AUPRC=0.9991 BalAcc=0.9975 F1=0.9877 MCC=0.9865
Epoch 074 val  : loss=0.3271 AUROC=0.9594 AUPRC=0.4921 BalAcc=0.7479 F1=0.5188 MCC=0.5146
  learning_rate_used=5.163e-05; learning_rate_next=4.816e-05; elapsed=5.6s
  saved new best checkpoint: /data/projects/SFB_A03/jan/AT_TFBS/human301/runs/CREB3L3/67995_motif64_9_12_15_21_epochs100_seed3/best_model.pt (objective=classification-auprc, score=0.492111)
  negatives seen=100.0%; hard negatives=0
Epoch 075 train: loss=0.0251 AUROC=0.9998 AUPRC=0.9974 BalAcc=0.9971 F1=0.9837 MCC=0.9822
Epoch 075 val  : loss=0.6257 AUROC=0.9577 AUPRC=0.4644 BalAcc=0.6245 F1=0.3713 MCC=0.4215
  learning_rate_used=4.816e-05; learning_rate_next=4.479e-05; elapsed=5.6s
  negatives seen=100.0%; hard negatives=0
Epoch 076 train: loss=0.0156 AUROC=0.9998 AUPRC=0.9981 BalAcc=0.9960 F1=0.9850 MCC=0.9835
Epoch 076 val  : loss=0.5300 AUROC=0.9570 AUPRC=0.4591 BalAcc=0.6645 F1=0.4409 MCC=0.4640
  learning_rate_used=4.479e-05; learning_rate_next=4.152e-05; elapsed=5.6s
  negatives seen=100.0%; hard negatives=0
Epoch 077 train: loss=0.0062 AUROC=1.0000 AUPRC=0.9996 BalAcc=0.9993 F1=0.9932 MCC=0.9925
Epoch 077 val  : loss=0.3877 AUROC=0.9588 AUPRC=0.4820 BalAcc=0.7242 F1=0.5068 MCC=0.5063
  learning_rate_used=4.152e-05; learning_rate_next=3.836e-05; elapsed=5.8s
  negatives seen=100.0%; hard negatives=0
Epoch 078 train: loss=0.0122 AUROC=0.9999 AUPRC=0.9989 BalAcc=0.9979 F1=0.9918 MCC=0.9910
Epoch 078 val  : loss=0.3898 AUROC=0.9600 AUPRC=0.4864 BalAcc=0.7282 F1=0.5135 MCC=0.5128
  learning_rate_used=3.836e-05; learning_rate_next=3.531e-05; elapsed=5.6s
  negatives seen=100.0%; hard negatives=0
Epoch 079 train: loss=0.0103 AUROC=0.9999 AUPRC=0.9983 BalAcc=0.9989 F1=0.9891 MCC=0.9881
Epoch 079 val  : loss=0.5191 AUROC=0.9597 AUPRC=0.4702 BalAcc=0.6566 F1=0.4333 MCC=0.4647
  learning_rate_used=3.531e-05; learning_rate_next=3.237e-05; elapsed=5.6s
  negatives seen=100.0%; hard negatives=0
Epoch 080 train: loss=0.0081 AUROC=0.9999 AUPRC=0.9994 BalAcc=0.9990 F1=0.9905 MCC=0.9895
Epoch 080 val  : loss=0.5644 AUROC=0.9593 AUPRC=0.4676 BalAcc=0.6527 F1=0.4318 MCC=0.4701
  learning_rate_used=3.237e-05; learning_rate_next=2.955e-05; elapsed=5.6s
  negatives seen=100.0%; hard negatives=0
Epoch 081 train: loss=0.0021 AUROC=1.0000 AUPRC=1.0000 BalAcc=0.9999 F1=0.9986 MCC=0.9985
Epoch 081 val  : loss=0.4123 AUROC=0.9589 AUPRC=0.4745 BalAcc=0.7203 F1=0.5093 MCC=0.5108
  learning_rate_used=2.955e-05; learning_rate_next=2.685e-05; elapsed=5.6s
  negatives seen=100.0%; hard negatives=0
Epoch 082 train: loss=0.0043 AUROC=1.0000 AUPRC=0.9995 BalAcc=0.9997 F1=0.9973 MCC=0.9970
Epoch 082 val  : loss=0.5726 AUROC=0.9593 AUPRC=0.4664 BalAcc=0.6406 F1=0.4070 MCC=0.4506
  learning_rate_used=2.685e-05; learning_rate_next=2.427e-05; elapsed=5.6s
  negatives seen=100.0%; hard negatives=0
Epoch 083 train: loss=0.0056 AUROC=1.0000 AUPRC=0.9999 BalAcc=0.9997 F1=0.9973 MCC=0.9970
Epoch 083 val  : loss=0.5595 AUROC=0.9578 AUPRC=0.4678 BalAcc=0.6486 F1=0.4205 MCC=0.4576
  learning_rate_used=2.427e-05; learning_rate_next=2.182e-05; elapsed=5.6s
  negatives seen=100.0%; hard negatives=0
Epoch 084 train: loss=0.0068 AUROC=1.0000 AUPRC=0.9996 BalAcc=0.9993 F1=0.9932 MCC=0.9925
Epoch 084 val  : loss=0.5293 AUROC=0.9594 AUPRC=0.4810 BalAcc=0.6445 F1=0.4091 MCC=0.4450
  learning_rate_used=2.182e-05; learning_rate_next=1.949e-05; elapsed=5.6s
  negatives seen=100.0%; hard negatives=0
Epoch 085 train: loss=0.0059 AUROC=1.0000 AUPRC=1.0000 BalAcc=0.9985 F1=0.9972 MCC=0.9970
Epoch 085 val  : loss=0.4920 AUROC=0.9596 AUPRC=0.4819 BalAcc=0.6725 F1=0.4550 MCC=0.4754
  learning_rate_used=1.949e-05; learning_rate_next=1.729e-05; elapsed=5.6s
  negatives seen=100.0%; hard negatives=0
Epoch 086 train: loss=0.0036 AUROC=1.0000 AUPRC=1.0000 BalAcc=0.9990 F1=0.9905 MCC=0.9895
Epoch 086 val  : loss=0.6111 AUROC=0.9594 AUPRC=0.4733 BalAcc=0.6205 F1=0.3614 MCC=0.4127
  learning_rate_used=1.729e-05; learning_rate_next=1.523e-05; elapsed=5.7s
  negatives seen=100.0%; hard negatives=0
Epoch 087 train: loss=0.0117 AUROC=1.0000 AUPRC=0.9999 BalAcc=0.9983 F1=0.9959 MCC=0.9955
Epoch 087 val  : loss=0.4825 AUROC=0.9592 AUPRC=0.4844 BalAcc=0.6765 F1=0.4607 MCC=0.4791
  learning_rate_used=1.523e-05; learning_rate_next=1.330e-05; elapsed=5.6s
  negatives seen=100.0%; hard negatives=0
Epoch 088 train: loss=0.0015 AUROC=1.0000 AUPRC=1.0000 BalAcc=0.9999 F1=0.9986 MCC=0.9985
Epoch 088 val  : loss=0.5160 AUROC=0.9593 AUPRC=0.4778 BalAcc=0.6646 F1=0.4481 MCC=0.4760
  learning_rate_used=1.330e-05; learning_rate_next=1.150e-05; elapsed=5.6s
  negatives seen=100.0%; hard negatives=0
Epoch 089 train: loss=0.0064 AUROC=1.0000 AUPRC=0.9995 BalAcc=0.9994 F1=0.9945 MCC=0.9940
Epoch 089 val  : loss=0.5472 AUROC=0.9596 AUPRC=0.4767 BalAcc=0.6406 F1=0.4070 MCC=0.4506
  learning_rate_used=1.150e-05; learning_rate_next=9.838e-06; elapsed=5.6s
  negatives seen=100.0%; hard negatives=0
Epoch 090 train: loss=0.0083 AUROC=0.9998 AUPRC=0.9973 BalAcc=0.9996 F1=0.9959 MCC=0.9955
Epoch 090 val  : loss=0.5018 AUROC=0.9599 AUPRC=0.4859 BalAcc=0.6687 F1=0.4590 MCC=0.4878
  learning_rate_used=9.838e-06; learning_rate_next=8.317e-06; elapsed=5.6s
  negatives seen=100.0%; hard negatives=0
Epoch 091 train: loss=0.0038 AUROC=1.0000 AUPRC=0.9999 BalAcc=0.9997 F1=0.9973 MCC=0.9970
Epoch 091 val  : loss=0.5138 AUROC=0.9598 AUPRC=0.4827 BalAcc=0.6606 F1=0.4444 MCC=0.4768
  learning_rate_used=8.317e-06; learning_rate_next=6.936e-06; elapsed=5.6s
  negatives seen=100.0%; hard negatives=0
Epoch 092 train: loss=0.0049 AUROC=0.9999 AUPRC=0.9992 BalAcc=0.9997 F1=0.9973 MCC=0.9970
Epoch 092 val  : loss=0.4974 AUROC=0.9596 AUPRC=0.4829 BalAcc=0.6726 F1=0.4624 MCC=0.4870
  learning_rate_used=6.936e-06; learning_rate_next=5.697e-06; elapsed=5.6s
  negatives seen=100.0%; hard negatives=0
Epoch 093 train: loss=0.0060 AUROC=1.0000 AUPRC=0.9999 BalAcc=0.9993 F1=0.9932 MCC=0.9925
Epoch 093 val  : loss=0.5345 AUROC=0.9595 AUPRC=0.4748 BalAcc=0.6526 F1=0.4294 MCC=0.4656
  learning_rate_used=5.697e-06; learning_rate_next=4.600e-06; elapsed=5.6s
  negatives seen=100.0%; hard negatives=0
Epoch 094 train: loss=0.0014 AUROC=1.0000 AUPRC=1.0000 BalAcc=0.9996 F1=0.9959 MCC=0.9955
Epoch 094 val  : loss=0.5436 AUROC=0.9598 AUPRC=0.4740 BalAcc=0.6486 F1=0.4229 MCC=0.4622
  learning_rate_used=4.600e-06; learning_rate_next=3.648e-06; elapsed=5.6s
Early stopping after 94 epochs.
Binary threshold: 0.464990 (strategy=val-mcc, validation_score=0.537235)
TEST chr10,chr12,chr14,chr16,chr18,chr2,chr20,chr22,chr4,chr6,chr8: loss=0.2846 AUROC=0.9697 AUPRC=0.4910 BalAcc=0.7698 F1=0.5179 MCC=0.5135
Outputs written to /data/projects/SFB_A03/jan/AT_TFBS/human301/runs/CREB3L3/67995_motif64_9_12_15_21_epochs100_seed3
Binary predictions: binary_classification_results.tsv
Binary metrics: binary_classification_metrics.json
ROC plot: roc_curve.png
Precision-recall plot: precision_recall_curve.png
Confusion matrix: binary_confusion_matrix.tsv
