Window geometry: 256 bp from 301 bp; crop starts 0..45; shifts -22..+23; fresh uniform draw per access
Evaluation: crops (0, 22, 23, 45), reverse complement=True; all samples
train: n=36,663, positive=363, negative=36,300
  val: n=12,524, positive=124, negative=12,400
 test: n=40,198, positive=398, negative=39,800
Device: cuda
Hidden activation: RELU
Parameters: 1,033,941 total; 1,033,941 trainable
Architecture: motif kernels 9/12/15/21; encoder 128/64/64; original five-block bottleneck at 64; decoder 64/128/256
  negatives seen=10.0%; hard negatives=0
Epoch 001 train: loss=1.4437 AUROC=0.5504 AUPRC=0.1073 BalAcc=0.5410 F1=0.1765 MCC=0.0473
Epoch 001 val  : loss=0.6267 AUROC=0.5614 AUPRC=0.0274 BalAcc=0.5376 F1=0.0249 MCC=0.0174
  learning_rate_used=3.000e-04; learning_rate_next=2.999e-04; elapsed=7.1s
  saved new best checkpoint: /data/projects/SFB_A03/jan/AT_TFBS/human301/runs/CREB3L3/67995_motif64_9_12_15_21_epochs100_seed1/best_model.pt (objective=classification-auprc, score=0.027422)
  negatives seen=20.0%; hard negatives=0
Epoch 002 train: loss=1.3098 AUROC=0.5873 AUPRC=0.1290 BalAcc=0.5583 F1=0.1869 MCC=0.0674
Epoch 002 val  : loss=0.5494 AUROC=0.7352 AUPRC=0.0512 BalAcc=0.5952 F1=0.0694 MCC=0.0786
  learning_rate_used=2.999e-04; learning_rate_next=2.997e-04; elapsed=5.8s
  saved new best checkpoint: /data/projects/SFB_A03/jan/AT_TFBS/human301/runs/CREB3L3/67995_motif64_9_12_15_21_epochs100_seed1/best_model.pt (objective=classification-auprc, score=0.051224)
  negatives seen=30.0%; hard negatives=0
Epoch 003 train: loss=1.2027 AUROC=0.6883 AUPRC=0.2238 BalAcc=0.6384 F1=0.2475 MCC=0.1664
Epoch 003 val  : loss=0.4518 AUROC=0.8757 AUPRC=0.1128 BalAcc=0.7891 F1=0.1048 MCC=0.1754
  learning_rate_used=2.997e-04; learning_rate_next=2.993e-04; elapsed=5.8s
  saved new best checkpoint: /data/projects/SFB_A03/jan/AT_TFBS/human301/runs/CREB3L3/67995_motif64_9_12_15_21_epochs100_seed1/best_model.pt (objective=classification-auprc, score=0.112841)
  negatives seen=40.0%; hard negatives=0
Epoch 004 train: loss=0.9659 AUROC=0.8239 AUPRC=0.3368 BalAcc=0.7573 F1=0.3618 MCC=0.3261
Epoch 004 val  : loss=0.6324 AUROC=0.9104 AUPRC=0.1717 BalAcc=0.7928 F1=0.0521 MCC=0.1224
  learning_rate_used=2.993e-04; learning_rate_next=2.988e-04; elapsed=5.8s
  saved new best checkpoint: /data/projects/SFB_A03/jan/AT_TFBS/human301/runs/CREB3L3/67995_motif64_9_12_15_21_epochs100_seed1/best_model.pt (objective=classification-auprc, score=0.171740)
  negatives seen=50.0%; hard negatives=0
Epoch 005 train: loss=0.8703 AUROC=0.8640 AUPRC=0.4369 BalAcc=0.7788 F1=0.4032 MCC=0.3698
Epoch 005 val  : loss=1.2354 AUROC=0.9037 AUPRC=0.1755 BalAcc=0.6591 F1=0.0288 MCC=0.0665
  learning_rate_used=2.988e-04; learning_rate_next=2.982e-04; elapsed=5.8s
  saved new best checkpoint: /data/projects/SFB_A03/jan/AT_TFBS/human301/runs/CREB3L3/67995_motif64_9_12_15_21_epochs100_seed1/best_model.pt (objective=classification-auprc, score=0.175457)
  negatives seen=60.0%; hard negatives=0
Epoch 006 train: loss=0.7610 AUROC=0.8929 AUPRC=0.4987 BalAcc=0.8058 F1=0.4310 MCC=0.4069
Epoch 006 val  : loss=0.3282 AUROC=0.9173 AUPRC=0.2098 BalAcc=0.8387 F1=0.1544 MCC=0.2375
  learning_rate_used=2.982e-04; learning_rate_next=2.974e-04; elapsed=5.8s
  saved new best checkpoint: /data/projects/SFB_A03/jan/AT_TFBS/human301/runs/CREB3L3/67995_motif64_9_12_15_21_epochs100_seed1/best_model.pt (objective=classification-auprc, score=0.209845)
  negatives seen=70.0%; hard negatives=0
Epoch 007 train: loss=0.7378 AUROC=0.9034 AUPRC=0.5397 BalAcc=0.8207 F1=0.4735 MCC=0.4481
Epoch 007 val  : loss=0.3762 AUROC=0.9231 AUPRC=0.2500 BalAcc=0.8554 F1=0.1011 MCC=0.1924
  learning_rate_used=2.974e-04; learning_rate_next=2.964e-04; elapsed=5.8s
  saved new best checkpoint: /data/projects/SFB_A03/jan/AT_TFBS/human301/runs/CREB3L3/67995_motif64_9_12_15_21_epochs100_seed1/best_model.pt (objective=classification-auprc, score=0.249968)
  negatives seen=80.0%; hard negatives=0
Epoch 008 train: loss=0.6112 AUROC=0.9340 AUPRC=0.6703 BalAcc=0.8562 F1=0.5354 MCC=0.5166
Epoch 008 val  : loss=0.4358 AUROC=0.9228 AUPRC=0.2720 BalAcc=0.8475 F1=0.0841 MCC=0.1724
  learning_rate_used=2.964e-04; learning_rate_next=2.953e-04; elapsed=5.7s
  saved new best checkpoint: /data/projects/SFB_A03/jan/AT_TFBS/human301/runs/CREB3L3/67995_motif64_9_12_15_21_epochs100_seed1/best_model.pt (objective=classification-auprc, score=0.272047)
  negatives seen=90.0%; hard negatives=0
Epoch 009 train: loss=0.6178 AUROC=0.9313 AUPRC=0.6852 BalAcc=0.8592 F1=0.5424 MCC=0.5238
Epoch 009 val  : loss=0.3554 AUROC=0.9363 AUPRC=0.2942 BalAcc=0.8793 F1=0.1151 MCC=0.2138
  learning_rate_used=2.953e-04; learning_rate_next=2.941e-04; elapsed=5.7s
  saved new best checkpoint: /data/projects/SFB_A03/jan/AT_TFBS/human301/runs/CREB3L3/67995_motif64_9_12_15_21_epochs100_seed1/best_model.pt (objective=classification-auprc, score=0.294249)
  negatives seen=100.0%; hard negatives=0
Epoch 010 train: loss=0.5545 AUROC=0.9464 AUPRC=0.6852 BalAcc=0.8731 F1=0.5746 MCC=0.5571
Epoch 010 val  : loss=0.6005 AUROC=0.9303 AUPRC=0.3066 BalAcc=0.8342 F1=0.0629 MCC=0.1459
  learning_rate_used=2.941e-04; learning_rate_next=2.927e-04; elapsed=5.7s
  saved new best checkpoint: /data/projects/SFB_A03/jan/AT_TFBS/human301/runs/CREB3L3/67995_motif64_9_12_15_21_epochs100_seed1/best_model.pt (objective=classification-auprc, score=0.306572)
  negatives seen=100.0%; hard negatives=0
Epoch 011 train: loss=0.4411 AUROC=0.9644 AUPRC=0.7361 BalAcc=0.8999 F1=0.6328 MCC=0.6186
Epoch 011 val  : loss=0.3578 AUROC=0.9425 AUPRC=0.3475 BalAcc=0.8785 F1=0.1139 MCC=0.2124
  learning_rate_used=2.927e-04; learning_rate_next=2.912e-04; elapsed=5.7s
  saved new best checkpoint: /data/projects/SFB_A03/jan/AT_TFBS/human301/runs/CREB3L3/67995_motif64_9_12_15_21_epochs100_seed1/best_model.pt (objective=classification-auprc, score=0.347477)
  negatives seen=100.0%; hard negatives=0
Epoch 012 train: loss=0.4199 AUROC=0.9699 AUPRC=0.8033 BalAcc=0.9037 F1=0.6558 MCC=0.6401
Epoch 012 val  : loss=0.5328 AUROC=0.9398 AUPRC=0.3554 BalAcc=0.8454 F1=0.0709 MCC=0.1576
  learning_rate_used=2.912e-04; learning_rate_next=2.895e-04; elapsed=5.7s
  saved new best checkpoint: /data/projects/SFB_A03/jan/AT_TFBS/human301/runs/CREB3L3/67995_motif64_9_12_15_21_epochs100_seed1/best_model.pt (objective=classification-auprc, score=0.355447)
  negatives seen=100.0%; hard negatives=0
Epoch 013 train: loss=0.4127 AUROC=0.9719 AUPRC=0.7956 BalAcc=0.9101 F1=0.6764 MCC=0.6607
Epoch 013 val  : loss=0.2016 AUROC=0.9413 AUPRC=0.3808 BalAcc=0.8565 F1=0.2162 MCC=0.2966
  learning_rate_used=2.895e-04; learning_rate_next=2.877e-04; elapsed=5.7s
  saved new best checkpoint: /data/projects/SFB_A03/jan/AT_TFBS/human301/runs/CREB3L3/67995_motif64_9_12_15_21_epochs100_seed1/best_model.pt (objective=classification-auprc, score=0.380801)
  negatives seen=100.0%; hard negatives=0
Epoch 014 train: loss=0.3783 AUROC=0.9754 AUPRC=0.8170 BalAcc=0.9198 F1=0.6984 MCC=0.6841
Epoch 014 val  : loss=0.1817 AUROC=0.9462 AUPRC=0.3915 BalAcc=0.8582 F1=0.2561 MCC=0.3295
  learning_rate_used=2.877e-04; learning_rate_next=2.858e-04; elapsed=5.8s
  saved new best checkpoint: /data/projects/SFB_A03/jan/AT_TFBS/human301/runs/CREB3L3/67995_motif64_9_12_15_21_epochs100_seed1/best_model.pt (objective=classification-auprc, score=0.391481)
  negatives seen=100.0%; hard negatives=0
Epoch 015 train: loss=0.3336 AUROC=0.9808 AUPRC=0.8424 BalAcc=0.9267 F1=0.7241 MCC=0.7098
Epoch 015 val  : loss=0.2268 AUROC=0.9480 AUPRC=0.4038 BalAcc=0.8814 F1=0.1927 MCC=0.2859
  learning_rate_used=2.858e-04; learning_rate_next=2.837e-04; elapsed=5.7s
  saved new best checkpoint: /data/projects/SFB_A03/jan/AT_TFBS/human301/runs/CREB3L3/67995_motif64_9_12_15_21_epochs100_seed1/best_model.pt (objective=classification-auprc, score=0.403760)
  negatives seen=100.0%; hard negatives=0
Epoch 016 train: loss=0.2820 AUROC=0.9864 AUPRC=0.8827 BalAcc=0.9431 F1=0.7824 MCC=0.7691
Epoch 016 val  : loss=0.1874 AUROC=0.9448 AUPRC=0.3915 BalAcc=0.7385 F1=0.4461 MCC=0.4415
  learning_rate_used=2.837e-04; learning_rate_next=2.815e-04; elapsed=5.7s
  negatives seen=100.0%; hard negatives=0
Epoch 017 train: loss=0.3522 AUROC=0.9803 AUPRC=0.8457 BalAcc=0.9209 F1=0.7235 MCC=0.7072
Epoch 017 val  : loss=0.1870 AUROC=0.9510 AUPRC=0.4403 BalAcc=0.6722 F1=0.4365 MCC=0.4479
  learning_rate_used=2.815e-04; learning_rate_next=2.792e-04; elapsed=5.7s
  saved new best checkpoint: /data/projects/SFB_A03/jan/AT_TFBS/human301/runs/CREB3L3/67995_motif64_9_12_15_21_epochs100_seed1/best_model.pt (objective=classification-auprc, score=0.440347)
  negatives seen=100.0%; hard negatives=0
Epoch 018 train: loss=0.2739 AUROC=0.9864 AUPRC=0.8834 BalAcc=0.9439 F1=0.7879 MCC=0.7745
Epoch 018 val  : loss=0.2155 AUROC=0.9533 AUPRC=0.4676 BalAcc=0.6684 F1=0.4421 MCC=0.4605
  learning_rate_used=2.792e-04; learning_rate_next=2.767e-04; elapsed=5.7s
  saved new best checkpoint: /data/projects/SFB_A03/jan/AT_TFBS/human301/runs/CREB3L3/67995_motif64_9_12_15_21_epochs100_seed1/best_model.pt (objective=classification-auprc, score=0.467600)
  negatives seen=100.0%; hard negatives=0
Epoch 019 train: loss=0.2340 AUROC=0.9895 AUPRC=0.8958 BalAcc=0.9438 F1=0.7870 MCC=0.7736
Epoch 019 val  : loss=0.2454 AUROC=0.9460 AUPRC=0.4541 BalAcc=0.6325 F1=0.3837 MCC=0.4245
  learning_rate_used=2.767e-04; learning_rate_next=2.741e-04; elapsed=5.7s
  negatives seen=100.0%; hard negatives=0
Epoch 020 train: loss=0.2524 AUROC=0.9906 AUPRC=0.9074 BalAcc=0.9441 F1=0.8216 MCC=0.8074
Epoch 020 val  : loss=0.2908 AUROC=0.9448 AUPRC=0.4087 BalAcc=0.8802 F1=0.1513 MCC=0.2488
  learning_rate_used=2.741e-04; learning_rate_next=2.714e-04; elapsed=5.8s
  negatives seen=100.0%; hard negatives=0
Epoch 021 train: loss=0.2689 AUROC=0.9874 AUPRC=0.8865 BalAcc=0.9437 F1=0.8019 MCC=0.7879
Epoch 021 val  : loss=0.3172 AUROC=0.9511 AUPRC=0.4435 BalAcc=0.5883 F1=0.2839 MCC=0.3521
  learning_rate_used=2.714e-04; learning_rate_next=2.686e-04; elapsed=5.7s
  negatives seen=100.0%; hard negatives=0
Epoch 022 train: loss=0.2495 AUROC=0.9902 AUPRC=0.9155 BalAcc=0.9477 F1=0.8135 MCC=0.8002
Epoch 022 val  : loss=0.3066 AUROC=0.9427 AUPRC=0.4170 BalAcc=0.6004 F1=0.3125 MCC=0.3712
  learning_rate_used=2.686e-04; learning_rate_next=2.657e-04; elapsed=5.7s
  negatives seen=100.0%; hard negatives=0
Epoch 023 train: loss=0.2005 AUROC=0.9936 AUPRC=0.9393 BalAcc=0.9514 F1=0.8408 MCC=0.8280
Epoch 023 val  : loss=0.1712 AUROC=0.9471 AUPRC=0.4471 BalAcc=0.8656 F1=0.2910 MCC=0.3599
  learning_rate_used=2.657e-04; learning_rate_next=2.626e-04; elapsed=5.7s
  negatives seen=100.0%; hard negatives=0
Epoch 024 train: loss=0.1787 AUROC=0.9946 AUPRC=0.9407 BalAcc=0.9656 F1=0.8771 MCC=0.8671
Epoch 024 val  : loss=0.1722 AUROC=0.9550 AUPRC=0.4523 BalAcc=0.7812 F1=0.4437 MCC=0.4487
  learning_rate_used=2.626e-04; learning_rate_next=2.595e-04; elapsed=5.7s
  negatives seen=100.0%; hard negatives=0
Epoch 025 train: loss=0.2092 AUROC=0.9927 AUPRC=0.9370 BalAcc=0.9573 F1=0.8407 MCC=0.8291
Epoch 025 val  : loss=0.1794 AUROC=0.9528 AUPRC=0.4588 BalAcc=0.7936 F1=0.4684 MCC=0.4732
  learning_rate_used=2.595e-04; learning_rate_next=2.562e-04; elapsed=5.7s
  negatives seen=100.0%; hard negatives=0
Epoch 026 train: loss=0.1829 AUROC=0.9933 AUPRC=0.9232 BalAcc=0.9638 F1=0.8536 MCC=0.8432
Epoch 026 val  : loss=0.1785 AUROC=0.9547 AUPRC=0.4444 BalAcc=0.7695 F1=0.4416 MCC=0.4436
  learning_rate_used=2.562e-04; learning_rate_next=2.528e-04; elapsed=5.7s
  negatives seen=100.0%; hard negatives=0
Epoch 027 train: loss=0.1594 AUROC=0.9944 AUPRC=0.9412 BalAcc=0.9689 F1=0.8653 MCC=0.8558
Epoch 027 val  : loss=0.2953 AUROC=0.9468 AUPRC=0.4162 BalAcc=0.6757 F1=0.4171 MCC=0.4189
  learning_rate_used=2.528e-04; learning_rate_next=2.494e-04; elapsed=5.7s
  negatives seen=100.0%; hard negatives=0
Epoch 028 train: loss=0.1471 AUROC=0.9962 AUPRC=0.9556 BalAcc=0.9747 F1=0.9023 MCC=0.8943
Epoch 028 val  : loss=0.1627 AUROC=0.9523 AUPRC=0.4230 BalAcc=0.8267 F1=0.3314 MCC=0.3757
  learning_rate_used=2.494e-04; learning_rate_next=2.458e-04; elapsed=5.8s
  negatives seen=100.0%; hard negatives=0
Epoch 029 train: loss=0.1561 AUROC=0.9949 AUPRC=0.9396 BalAcc=0.9693 F1=0.8780 MCC=0.8686
Epoch 029 val  : loss=0.4468 AUROC=0.9487 AUPRC=0.4542 BalAcc=0.5924 F1=0.2949 MCC=0.3624
  learning_rate_used=2.458e-04; learning_rate_next=2.421e-04; elapsed=5.7s
  negatives seen=100.0%; hard negatives=0
Epoch 030 train: loss=0.1661 AUROC=0.9958 AUPRC=0.9630 BalAcc=0.9658 F1=0.8892 MCC=0.8795
Epoch 030 val  : loss=0.3656 AUROC=0.9594 AUPRC=0.4839 BalAcc=0.6288 F1=0.3975 MCC=0.4700
  learning_rate_used=2.421e-04; learning_rate_next=2.384e-04; elapsed=5.7s
  saved new best checkpoint: /data/projects/SFB_A03/jan/AT_TFBS/human301/runs/CREB3L3/67995_motif64_9_12_15_21_epochs100_seed1/best_model.pt (objective=classification-auprc, score=0.483909)
  negatives seen=100.0%; hard negatives=0
Epoch 031 train: loss=0.1611 AUROC=0.9954 AUPRC=0.9413 BalAcc=0.9719 F1=0.8895 MCC=0.8807
Epoch 031 val  : loss=0.2086 AUROC=0.9480 AUPRC=0.4821 BalAcc=0.7638 F1=0.5323 MCC=0.5276
  learning_rate_used=2.384e-04; learning_rate_next=2.345e-04; elapsed=5.7s
  negatives seen=100.0%; hard negatives=0
Epoch 032 train: loss=0.1361 AUROC=0.9962 AUPRC=0.9546 BalAcc=0.9758 F1=0.9014 MCC=0.8935
Epoch 032 val  : loss=0.1591 AUROC=0.9602 AUPRC=0.4626 BalAcc=0.8774 F1=0.2956 MCC=0.3682
  learning_rate_used=2.345e-04; learning_rate_next=2.306e-04; elapsed=5.7s
  negatives seen=100.0%; hard negatives=0
Epoch 033 train: loss=0.0817 AUROC=0.9981 AUPRC=0.9769 BalAcc=0.9854 F1=0.9321 MCC=0.9265
Epoch 033 val  : loss=0.1811 AUROC=0.9519 AUPRC=0.4245 BalAcc=0.8453 F1=0.2769 MCC=0.3409
  learning_rate_used=2.306e-04; learning_rate_next=2.266e-04; elapsed=5.7s
  negatives seen=100.0%; hard negatives=0
Epoch 034 train: loss=0.1429 AUROC=0.9971 AUPRC=0.9713 BalAcc=0.9720 F1=0.9110 MCC=0.9030
Epoch 034 val  : loss=0.1942 AUROC=0.9595 AUPRC=0.4598 BalAcc=0.7775 F1=0.4487 MCC=0.4519
  learning_rate_used=2.266e-04; learning_rate_next=2.225e-04; elapsed=5.7s
  negatives seen=100.0%; hard negatives=0
Epoch 035 train: loss=0.1151 AUROC=0.9966 AUPRC=0.9551 BalAcc=0.9758 F1=0.9014 MCC=0.8935
Epoch 035 val  : loss=0.1581 AUROC=0.9585 AUPRC=0.4979 BalAcc=0.8180 F1=0.3876 MCC=0.4159
  learning_rate_used=2.225e-04; learning_rate_next=2.184e-04; elapsed=5.8s
  saved new best checkpoint: /data/projects/SFB_A03/jan/AT_TFBS/human301/runs/CREB3L3/67995_motif64_9_12_15_21_epochs100_seed1/best_model.pt (objective=classification-auprc, score=0.497885)
  negatives seen=100.0%; hard negatives=0
Epoch 036 train: loss=0.0988 AUROC=0.9977 AUPRC=0.9751 BalAcc=0.9832 F1=0.9235 MCC=0.9172
Epoch 036 val  : loss=0.2038 AUROC=0.9514 AUPRC=0.4816 BalAcc=0.7816 F1=0.4551 MCC=0.4585
  learning_rate_used=2.184e-04; learning_rate_next=2.142e-04; elapsed=5.7s
  negatives seen=100.0%; hard negatives=0
Epoch 037 train: loss=0.1281 AUROC=0.9976 AUPRC=0.9726 BalAcc=0.9809 F1=0.9243 MCC=0.9178
Epoch 037 val  : loss=0.1987 AUROC=0.9452 AUPRC=0.4726 BalAcc=0.7706 F1=0.4857 MCC=0.4832
  learning_rate_used=2.142e-04; learning_rate_next=2.099e-04; elapsed=5.7s
  negatives seen=100.0%; hard negatives=0
Epoch 038 train: loss=0.1076 AUROC=0.9977 AUPRC=0.9728 BalAcc=0.9759 F1=0.9235 MCC=0.9165
Epoch 038 val  : loss=0.1601 AUROC=0.9547 AUPRC=0.4827 BalAcc=0.8533 F1=0.3297 MCC=0.3851
  learning_rate_used=2.099e-04; learning_rate_next=2.055e-04; elapsed=5.7s
  negatives seen=100.0%; hard negatives=0
Epoch 039 train: loss=0.1101 AUROC=0.9977 AUPRC=0.9706 BalAcc=0.9796 F1=0.9241 MCC=0.9175
Epoch 039 val  : loss=0.2137 AUROC=0.9503 AUPRC=0.4809 BalAcc=0.7553 F1=0.4981 MCC=0.4932
  learning_rate_used=2.055e-04; learning_rate_next=2.011e-04; elapsed=5.7s
  negatives seen=100.0%; hard negatives=0
Epoch 040 train: loss=0.0781 AUROC=0.9982 AUPRC=0.9769 BalAcc=0.9875 F1=0.9396 MCC=0.9346
Epoch 040 val  : loss=0.2209 AUROC=0.9626 AUPRC=0.4958 BalAcc=0.7356 F1=0.4917 MCC=0.4870
  learning_rate_used=2.011e-04; learning_rate_next=1.967e-04; elapsed=5.7s
  negatives seen=100.0%; hard negatives=0
Epoch 041 train: loss=0.0856 AUROC=0.9988 AUPRC=0.9850 BalAcc=0.9875 F1=0.9507 MCC=0.9463
Epoch 041 val  : loss=0.2182 AUROC=0.9457 AUPRC=0.4509 BalAcc=0.7969 F1=0.4478 MCC=0.4569
  learning_rate_used=1.967e-04; learning_rate_next=1.922e-04; elapsed=5.7s
  negatives seen=100.0%; hard negatives=0
Epoch 042 train: loss=0.1017 AUROC=0.9984 AUPRC=0.9813 BalAcc=0.9807 F1=0.9339 MCC=0.9279
Epoch 042 val  : loss=0.2541 AUROC=0.9551 AUPRC=0.4787 BalAcc=0.7323 F1=0.5273 MCC=0.5275
  learning_rate_used=1.922e-04; learning_rate_next=1.877e-04; elapsed=5.7s
  negatives seen=100.0%; hard negatives=0
Epoch 043 train: loss=0.0798 AUROC=0.9989 AUPRC=0.9887 BalAcc=0.9853 F1=0.9418 MCC=0.9366
Epoch 043 val  : loss=0.3580 AUROC=0.9539 AUPRC=0.4716 BalAcc=0.6647 F1=0.4530 MCC=0.4845
  learning_rate_used=1.877e-04; learning_rate_next=1.831e-04; elapsed=5.7s
  negatives seen=100.0%; hard negatives=0
Epoch 044 train: loss=0.0983 AUROC=0.9983 AUPRC=0.9785 BalAcc=0.9829 F1=0.9427 MCC=0.9374
Epoch 044 val  : loss=0.1671 AUROC=0.9581 AUPRC=0.4881 BalAcc=0.8513 F1=0.3013 MCC=0.3623
  learning_rate_used=1.831e-04; learning_rate_next=1.785e-04; elapsed=5.7s
  negatives seen=100.0%; hard negatives=0
Epoch 045 train: loss=0.0623 AUROC=0.9991 AUPRC=0.9886 BalAcc=0.9898 F1=0.9497 MCC=0.9454
Epoch 045 val  : loss=0.2516 AUROC=0.9635 AUPRC=0.4733 BalAcc=0.7320 F1=0.5066 MCC=0.5038
  learning_rate_used=1.785e-04; learning_rate_next=1.739e-04; elapsed=5.8s
  negatives seen=100.0%; hard negatives=0
Epoch 046 train: loss=0.0993 AUROC=0.9993 AUPRC=0.9939 BalAcc=0.9822 F1=0.9477 MCC=0.9426
Epoch 046 val  : loss=0.2790 AUROC=0.9539 AUPRC=0.4779 BalAcc=0.7046 F1=0.5050 MCC=0.5149
  learning_rate_used=1.739e-04; learning_rate_next=1.692e-04; elapsed=5.7s
  negatives seen=100.0%; hard negatives=0
Epoch 047 train: loss=0.0910 AUROC=0.9990 AUPRC=0.9913 BalAcc=0.9869 F1=0.9570 MCC=0.9529
Epoch 047 val  : loss=0.2915 AUROC=0.9593 AUPRC=0.4851 BalAcc=0.7323 F1=0.5249 MCC=0.5247
  learning_rate_used=1.692e-04; learning_rate_next=1.646e-04; elapsed=5.7s
  negatives seen=100.0%; hard negatives=0
Epoch 048 train: loss=0.0522 AUROC=0.9994 AUPRC=0.9930 BalAcc=0.9928 F1=0.9664 MCC=0.9634
Epoch 048 val  : loss=0.2778 AUROC=0.9619 AUPRC=0.4783 BalAcc=0.7123 F1=0.5024 MCC=0.5062
  learning_rate_used=1.646e-04; learning_rate_next=1.599e-04; elapsed=5.7s
  negatives seen=100.0%; hard negatives=0
Epoch 049 train: loss=0.0866 AUROC=0.9989 AUPRC=0.9879 BalAcc=0.9853 F1=0.9530 MCC=0.9486
Epoch 049 val  : loss=0.3319 AUROC=0.9640 AUPRC=0.5012 BalAcc=0.6928 F1=0.5026 MCC=0.5233
  learning_rate_used=1.599e-04; learning_rate_next=1.552e-04; elapsed=5.7s
  saved new best checkpoint: /data/projects/SFB_A03/jan/AT_TFBS/human301/runs/CREB3L3/67995_motif64_9_12_15_21_epochs100_seed1/best_model.pt (objective=classification-auprc, score=0.501188)
  negatives seen=100.0%; hard negatives=0
Epoch 050 train: loss=0.0504 AUROC=0.9994 AUPRC=0.9941 BalAcc=0.9904 F1=0.9548 MCC=0.9508
Epoch 050 val  : loss=0.3891 AUROC=0.9586 AUPRC=0.5259 BalAcc=0.6568 F1=0.4457 MCC=0.4875
  learning_rate_used=1.552e-04; learning_rate_next=1.505e-04; elapsed=5.7s
  saved new best checkpoint: /data/projects/SFB_A03/jan/AT_TFBS/human301/runs/CREB3L3/67995_motif64_9_12_15_21_epochs100_seed1/best_model.pt (objective=classification-auprc, score=0.525868)
  negatives seen=100.0%; hard negatives=0
Epoch 051 train: loss=0.0529 AUROC=0.9994 AUPRC=0.9896 BalAcc=0.9893 F1=0.9675 MCC=0.9643
Epoch 051 val  : loss=0.2625 AUROC=0.9550 AUPRC=0.4734 BalAcc=0.7554 F1=0.5020 MCC=0.4970
  learning_rate_used=1.505e-04; learning_rate_next=1.458e-04; elapsed=5.7s
  negatives seen=100.0%; hard negatives=0
Epoch 052 train: loss=0.0270 AUROC=0.9998 AUPRC=0.9978 BalAcc=0.9945 F1=0.9704 MCC=0.9677
Epoch 052 val  : loss=0.2385 AUROC=0.9596 AUPRC=0.5000 BalAcc=0.7673 F1=0.5134 MCC=0.5089
  learning_rate_used=1.458e-04; learning_rate_next=1.411e-04; elapsed=5.8s
  negatives seen=100.0%; hard negatives=0
Epoch 053 train: loss=0.0571 AUROC=0.9995 AUPRC=0.9920 BalAcc=0.9893 F1=0.9675 MCC=0.9643
Epoch 053 val  : loss=0.1754 AUROC=0.9581 AUPRC=0.4765 BalAcc=0.8436 F1=0.3592 MCC=0.4040
  learning_rate_used=1.411e-04; learning_rate_next=1.364e-04; elapsed=5.7s
  negatives seen=100.0%; hard negatives=0
Epoch 054 train: loss=0.0898 AUROC=0.9989 AUPRC=0.9875 BalAcc=0.9842 F1=0.9542 MCC=0.9498
Epoch 054 val  : loss=0.2819 AUROC=0.9571 AUPRC=0.4832 BalAcc=0.7321 F1=0.5133 MCC=0.5114
  learning_rate_used=1.364e-04; learning_rate_next=1.318e-04; elapsed=5.8s
  negatives seen=100.0%; hard negatives=0
Epoch 055 train: loss=0.0538 AUROC=0.9996 AUPRC=0.9963 BalAcc=0.9898 F1=0.9611 MCC=0.9575
Epoch 055 val  : loss=0.2068 AUROC=0.9543 AUPRC=0.4821 BalAcc=0.8122 F1=0.4389 MCC=0.4547
  learning_rate_used=1.318e-04; learning_rate_next=1.271e-04; elapsed=5.8s
  negatives seen=100.0%; hard negatives=0
Epoch 056 train: loss=0.0419 AUROC=0.9994 AUPRC=0.9937 BalAcc=0.9921 F1=0.9716 MCC=0.9689
Epoch 056 val  : loss=0.2211 AUROC=0.9573 AUPRC=0.4835 BalAcc=0.7861 F1=0.4800 MCC=0.4813
  learning_rate_used=1.271e-04; learning_rate_next=1.225e-04; elapsed=5.7s
  negatives seen=100.0%; hard negatives=0
Epoch 057 train: loss=0.0263 AUROC=0.9996 AUPRC=0.9952 BalAcc=0.9953 F1=0.9783 MCC=0.9763
Epoch 057 val  : loss=0.3383 AUROC=0.9540 AUPRC=0.4721 BalAcc=0.6962 F1=0.4734 MCC=0.4789
  learning_rate_used=1.225e-04; learning_rate_next=1.179e-04; elapsed=5.7s
  negatives seen=100.0%; hard negatives=0
Epoch 058 train: loss=0.0831 AUROC=0.9995 AUPRC=0.9949 BalAcc=0.9853 F1=0.9646 MCC=0.9611
Epoch 058 val  : loss=0.2217 AUROC=0.9524 AUPRC=0.4884 BalAcc=0.8057 F1=0.4828 MCC=0.4890
  learning_rate_used=1.179e-04; learning_rate_next=1.133e-04; elapsed=5.7s
  negatives seen=100.0%; hard negatives=0
Epoch 059 train: loss=0.0621 AUROC=0.9995 AUPRC=0.9948 BalAcc=0.9913 F1=0.9755 MCC=0.9731
Epoch 059 val  : loss=0.2790 AUROC=0.9589 AUPRC=0.5187 BalAcc=0.7681 F1=0.5514 MCC=0.5472
  learning_rate_used=1.133e-04; learning_rate_next=1.088e-04; elapsed=5.7s
  negatives seen=100.0%; hard negatives=0
Epoch 060 train: loss=0.0317 AUROC=0.9995 AUPRC=0.9934 BalAcc=0.9930 F1=0.9677 MCC=0.9648
Epoch 060 val  : loss=0.2614 AUROC=0.9505 AUPRC=0.4706 BalAcc=0.7703 F1=0.4722 MCC=0.4709
  learning_rate_used=1.088e-04; learning_rate_next=1.043e-04; elapsed=5.7s
  negatives seen=100.0%; hard negatives=0
Epoch 061 train: loss=0.0330 AUROC=0.9996 AUPRC=0.9956 BalAcc=0.9967 F1=0.9797 MCC=0.9778
Epoch 061 val  : loss=0.4197 AUROC=0.9557 AUPRC=0.5013 BalAcc=0.6848 F1=0.4946 MCC=0.5215
  learning_rate_used=1.043e-04; learning_rate_next=9.986e-05; elapsed=5.7s
  negatives seen=100.0%; hard negatives=0
Epoch 062 train: loss=0.0224 AUROC=0.9997 AUPRC=0.9958 BalAcc=0.9974 F1=0.9864 MCC=0.9851
Epoch 062 val  : loss=0.3521 AUROC=0.9582 AUPRC=0.5208 BalAcc=0.7048 F1=0.5178 MCC=0.5326
  learning_rate_used=9.986e-05; learning_rate_next=9.547e-05; elapsed=5.7s
  negatives seen=100.0%; hard negatives=0
Epoch 063 train: loss=0.0229 AUROC=0.9998 AUPRC=0.9973 BalAcc=0.9957 F1=0.9823 MCC=0.9806
Epoch 063 val  : loss=0.3844 AUROC=0.9526 AUPRC=0.4766 BalAcc=0.7205 F1=0.5213 MCC=0.5257
  learning_rate_used=9.547e-05; learning_rate_next=9.113e-05; elapsed=5.7s
  negatives seen=100.0%; hard negatives=0
Epoch 064 train: loss=0.0234 AUROC=0.9996 AUPRC=0.9946 BalAcc=0.9977 F1=0.9771 MCC=0.9751
Epoch 064 val  : loss=0.4932 AUROC=0.9589 AUPRC=0.5141 BalAcc=0.6208 F1=0.3774 MCC=0.4530
  learning_rate_used=9.113e-05; learning_rate_next=8.685e-05; elapsed=5.7s
  negatives seen=100.0%; hard negatives=0
Epoch 065 train: loss=0.0176 AUROC=1.0000 AUPRC=0.9996 BalAcc=0.9978 F1=0.9904 MCC=0.9895
Epoch 065 val  : loss=0.3300 AUROC=0.9587 AUPRC=0.5041 BalAcc=0.7126 F1=0.5196 MCC=0.5285
  learning_rate_used=8.685e-05; learning_rate_next=8.263e-05; elapsed=5.7s
  negatives seen=100.0%; hard negatives=0
Epoch 066 train: loss=0.0176 AUROC=0.9999 AUPRC=0.9987 BalAcc=0.9961 F1=0.9863 MCC=0.9850
Epoch 066 val  : loss=0.4749 AUROC=0.9592 AUPRC=0.5000 BalAcc=0.6485 F1=0.4181 MCC=0.4531
  learning_rate_used=8.263e-05; learning_rate_next=7.848e-05; elapsed=5.7s
  negatives seen=100.0%; hard negatives=0
Epoch 067 train: loss=0.0317 AUROC=0.9999 AUPRC=0.9986 BalAcc=0.9946 F1=0.9836 MCC=0.9820
Epoch 067 val  : loss=0.2448 AUROC=0.9620 AUPRC=0.4926 BalAcc=0.7634 F1=0.5116 MCC=0.5069
  learning_rate_used=7.848e-05; learning_rate_next=7.440e-05; elapsed=5.7s
  negatives seen=100.0%; hard negatives=0
Epoch 068 train: loss=0.0123 AUROC=0.9999 AUPRC=0.9981 BalAcc=0.9986 F1=0.9864 MCC=0.9851
Epoch 068 val  : loss=0.4602 AUROC=0.9574 AUPRC=0.4885 BalAcc=0.6687 F1=0.4590 MCC=0.4878
  learning_rate_used=7.440e-05; learning_rate_next=7.039e-05; elapsed=5.7s
  negatives seen=100.0%; hard negatives=0
Epoch 069 train: loss=0.0291 AUROC=0.9999 AUPRC=0.9995 BalAcc=0.9949 F1=0.9863 MCC=0.9849
Epoch 069 val  : loss=0.3361 AUROC=0.9620 AUPRC=0.4910 BalAcc=0.7206 F1=0.5314 MCC=0.5385
  learning_rate_used=7.039e-05; learning_rate_next=6.647e-05; elapsed=5.7s
  negatives seen=100.0%; hard negatives=0
Epoch 070 train: loss=0.0242 AUROC=0.9997 AUPRC=0.9967 BalAcc=0.9960 F1=0.9850 MCC=0.9835
Epoch 070 val  : loss=0.3829 AUROC=0.9615 AUPRC=0.4999 BalAcc=0.6967 F1=0.5052 MCC=0.5225
  learning_rate_used=6.647e-05; learning_rate_next=6.263e-05; elapsed=5.7s
Early stopping after 70 epochs.
Binary threshold: 0.278600 (strategy=val-mcc, validation_score=0.564506)
TEST chr10,chr12,chr14,chr16,chr18,chr2,chr20,chr22,chr4,chr6,chr8: loss=0.3397 AUROC=0.9688 AUPRC=0.4818 BalAcc=0.7117 F1=0.4769 MCC=0.4755
Outputs written to /data/projects/SFB_A03/jan/AT_TFBS/human301/runs/CREB3L3/67995_motif64_9_12_15_21_epochs100_seed1
Binary predictions: binary_classification_results.tsv
Binary metrics: binary_classification_metrics.json
ROC plot: roc_curve.png
Precision-recall plot: precision_recall_curve.png
Confusion matrix: binary_confusion_matrix.tsv
