Window geometry: 256 bp from 301 bp; crop starts 0..45; shifts -22..+23; fresh uniform draw per access
Evaluation: crops (0, 22, 23, 45), reverse complement=True; all samples
train: n=36,663, positive=363, negative=36,300
  val: n=12,524, positive=124, negative=12,400
 test: n=40,198, positive=398, negative=39,800
Device: cuda
Hidden activation: RELU
Parameters: 1,602,821 total; 1,602,821 trainable
Architecture: motif kernels 9/12; encoder 128/64/64; original five-block bottleneck at 64; decoder 64/128/256
  negatives seen=10.0%; hard negatives=0
Epoch 001 train: loss=1.5428 AUROC=0.5593 AUPRC=0.1107 BalAcc=0.5248 F1=0.1658 MCC=0.0288
Epoch 001 val  : loss=0.6498 AUROC=0.6579 AUPRC=0.0252 BalAcc=0.6119 F1=0.0339 MCC=0.0490
  learning_rate_used=3.000e-04; learning_rate_next=2.999e-04; elapsed=6.9s
  saved new best checkpoint: /data/projects/SFB_A03/jan/AT_TFBS/human301/runs/CREB3L3/68001_ablation_channels128_seed1/best_model.pt (objective=classification-auprc, score=0.025192)
  negatives seen=20.0%; hard negatives=0
Epoch 002 train: loss=1.3259 AUROC=0.6384 AUPRC=0.1706 BalAcc=0.6052 F1=0.2194 MCC=0.1237
Epoch 002 val  : loss=0.7466 AUROC=0.8141 AUPRC=0.0802 BalAcc=0.7153 F1=0.0376 MCC=0.0856
  learning_rate_used=2.999e-04; learning_rate_next=2.997e-04; elapsed=5.6s
  saved new best checkpoint: /data/projects/SFB_A03/jan/AT_TFBS/human301/runs/CREB3L3/68001_ablation_channels128_seed1/best_model.pt (objective=classification-auprc, score=0.080211)
  negatives seen=30.0%; hard negatives=0
Epoch 003 train: loss=1.0308 AUROC=0.7979 AUPRC=0.3637 BalAcc=0.7116 F1=0.3199 MCC=0.2665
Epoch 003 val  : loss=0.6849 AUROC=0.9097 AUPRC=0.1706 BalAcc=0.7974 F1=0.0527 MCC=0.1245
  learning_rate_used=2.997e-04; learning_rate_next=2.993e-04; elapsed=5.6s
  saved new best checkpoint: /data/projects/SFB_A03/jan/AT_TFBS/human301/runs/CREB3L3/68001_ablation_channels128_seed1/best_model.pt (objective=classification-auprc, score=0.170589)
  negatives seen=40.0%; hard negatives=0
Epoch 004 train: loss=0.8872 AUROC=0.8650 AUPRC=0.4716 BalAcc=0.7855 F1=0.4243 MCC=0.3900
Epoch 004 val  : loss=0.2642 AUROC=0.9187 AUPRC=0.2303 BalAcc=0.8333 F1=0.1737 MCC=0.2525
  learning_rate_used=2.993e-04; learning_rate_next=2.988e-04; elapsed=5.6s
  saved new best checkpoint: /data/projects/SFB_A03/jan/AT_TFBS/human301/runs/CREB3L3/68001_ablation_channels128_seed1/best_model.pt (objective=classification-auprc, score=0.230293)
  negatives seen=50.0%; hard negatives=0
Epoch 005 train: loss=0.7333 AUROC=0.9081 AUPRC=0.5842 BalAcc=0.8336 F1=0.4917 MCC=0.4696
Epoch 005 val  : loss=0.2156 AUROC=0.9287 AUPRC=0.2804 BalAcc=0.6150 F1=0.2900 MCC=0.2933
  learning_rate_used=2.988e-04; learning_rate_next=2.982e-04; elapsed=5.6s
  saved new best checkpoint: /data/projects/SFB_A03/jan/AT_TFBS/human301/runs/CREB3L3/68001_ablation_channels128_seed1/best_model.pt (objective=classification-auprc, score=0.280378)
  negatives seen=60.0%; hard negatives=0
Epoch 006 train: loss=0.6641 AUROC=0.9250 AUPRC=0.6236 BalAcc=0.8523 F1=0.5133 MCC=0.4968
Epoch 006 val  : loss=0.1795 AUROC=0.9265 AUPRC=0.3500 BalAcc=0.8219 F1=0.3162 MCC=0.3620
  learning_rate_used=2.982e-04; learning_rate_next=2.974e-04; elapsed=5.7s
  saved new best checkpoint: /data/projects/SFB_A03/jan/AT_TFBS/human301/runs/CREB3L3/68001_ablation_channels128_seed1/best_model.pt (objective=classification-auprc, score=0.350047)
  negatives seen=70.0%; hard negatives=0
Epoch 007 train: loss=0.5325 AUROC=0.9503 AUPRC=0.7019 BalAcc=0.8809 F1=0.5927 MCC=0.5759
Epoch 007 val  : loss=0.3853 AUROC=0.9397 AUPRC=0.3421 BalAcc=0.8775 F1=0.1039 MCC=0.2020
  learning_rate_used=2.974e-04; learning_rate_next=2.964e-04; elapsed=5.7s
  negatives seen=80.0%; hard negatives=0
Epoch 008 train: loss=0.5839 AUROC=0.9515 AUPRC=0.7392 BalAcc=0.8890 F1=0.6275 MCC=0.6092
Epoch 008 val  : loss=0.4534 AUROC=0.9364 AUPRC=0.3787 BalAcc=0.8667 F1=0.0990 MCC=0.1937
  learning_rate_used=2.964e-04; learning_rate_next=2.953e-04; elapsed=5.6s
  saved new best checkpoint: /data/projects/SFB_A03/jan/AT_TFBS/human301/runs/CREB3L3/68001_ablation_channels128_seed1/best_model.pt (objective=classification-auprc, score=0.378748)
  negatives seen=90.0%; hard negatives=0
Epoch 009 train: loss=0.4829 AUROC=0.9628 AUPRC=0.7270 BalAcc=0.8928 F1=0.6455 MCC=0.6266
Epoch 009 val  : loss=0.3156 AUROC=0.9345 AUPRC=0.3809 BalAcc=0.6359 F1=0.3636 MCC=0.3805
  learning_rate_used=2.953e-04; learning_rate_next=2.941e-04; elapsed=5.6s
  saved new best checkpoint: /data/projects/SFB_A03/jan/AT_TFBS/human301/runs/CREB3L3/68001_ablation_channels128_seed1/best_model.pt (objective=classification-auprc, score=0.380899)
  negatives seen=100.0%; hard negatives=0
Epoch 010 train: loss=0.4201 AUROC=0.9709 AUPRC=0.8204 BalAcc=0.9196 F1=0.6969 MCC=0.6827
Epoch 010 val  : loss=0.2606 AUROC=0.9524 AUPRC=0.4827 BalAcc=0.8894 F1=0.1571 MCC=0.2572
  learning_rate_used=2.941e-04; learning_rate_next=2.927e-04; elapsed=5.6s
  saved new best checkpoint: /data/projects/SFB_A03/jan/AT_TFBS/human301/runs/CREB3L3/68001_ablation_channels128_seed1/best_model.pt (objective=classification-auprc, score=0.482714)
  negatives seen=100.0%; hard negatives=0
Epoch 011 train: loss=0.3636 AUROC=0.9775 AUPRC=0.8112 BalAcc=0.9331 F1=0.7215 MCC=0.7097
Epoch 011 val  : loss=0.7306 AUROC=0.9536 AUPRC=0.4485 BalAcc=0.8324 F1=0.0600 MCC=0.1424
  learning_rate_used=2.927e-04; learning_rate_next=2.912e-04; elapsed=5.7s
  negatives seen=100.0%; hard negatives=0
Epoch 012 train: loss=0.3900 AUROC=0.9767 AUPRC=0.8233 BalAcc=0.9256 F1=0.7309 MCC=0.7156
Epoch 012 val  : loss=0.1591 AUROC=0.9525 AUPRC=0.4984 BalAcc=0.8662 F1=0.2987 MCC=0.3663
  learning_rate_used=2.912e-04; learning_rate_next=2.895e-04; elapsed=5.7s
  saved new best checkpoint: /data/projects/SFB_A03/jan/AT_TFBS/human301/runs/CREB3L3/68001_ablation_channels128_seed1/best_model.pt (objective=classification-auprc, score=0.498361)
  negatives seen=100.0%; hard negatives=0
Epoch 013 train: loss=0.3711 AUROC=0.9790 AUPRC=0.8433 BalAcc=0.9278 F1=0.7441 MCC=0.7285
Epoch 013 val  : loss=0.1506 AUROC=0.9549 AUPRC=0.5500 BalAcc=0.8716 F1=0.3174 MCC=0.3829
  learning_rate_used=2.895e-04; learning_rate_next=2.877e-04; elapsed=5.7s
  saved new best checkpoint: /data/projects/SFB_A03/jan/AT_TFBS/human301/runs/CREB3L3/68001_ablation_channels128_seed1/best_model.pt (objective=classification-auprc, score=0.549960)
  negatives seen=100.0%; hard negatives=0
Epoch 014 train: loss=0.3623 AUROC=0.9796 AUPRC=0.8582 BalAcc=0.9412 F1=0.7627 MCC=0.7500
Epoch 014 val  : loss=0.3327 AUROC=0.9580 AUPRC=0.5312 BalAcc=0.9008 F1=0.1278 MCC=0.2332
  learning_rate_used=2.877e-04; learning_rate_next=2.858e-04; elapsed=5.7s
  negatives seen=100.0%; hard negatives=0
Epoch 015 train: loss=0.2906 AUROC=0.9856 AUPRC=0.8593 BalAcc=0.9464 F1=0.7812 MCC=0.7690
Epoch 015 val  : loss=0.2424 AUROC=0.9403 AUPRC=0.4759 BalAcc=0.6642 F1=0.4227 MCC=0.4360
  learning_rate_used=2.858e-04; learning_rate_next=2.837e-04; elapsed=5.7s
  negatives seen=100.0%; hard negatives=0
Epoch 016 train: loss=0.2573 AUROC=0.9885 AUPRC=0.8804 BalAcc=0.9494 F1=0.8014 MCC=0.7890
Epoch 016 val  : loss=0.6086 AUROC=0.9359 AUPRC=0.4530 BalAcc=0.5403 F1=0.1493 MCC=0.2827
  learning_rate_used=2.837e-04; learning_rate_next=2.815e-04; elapsed=5.7s
  negatives seen=100.0%; hard negatives=0
Epoch 017 train: loss=0.3092 AUROC=0.9835 AUPRC=0.8715 BalAcc=0.9379 F1=0.7710 MCC=0.7568
Epoch 017 val  : loss=0.1665 AUROC=0.9435 AUPRC=0.4962 BalAcc=0.8279 F1=0.3529 MCC=0.3929
  learning_rate_used=2.815e-04; learning_rate_next=2.792e-04; elapsed=5.6s
  negatives seen=100.0%; hard negatives=0
Epoch 018 train: loss=0.2562 AUROC=0.9886 AUPRC=0.8900 BalAcc=0.9504 F1=0.8000 MCC=0.7879
Epoch 018 val  : loss=0.1502 AUROC=0.9550 AUPRC=0.5692 BalAcc=0.8723 F1=0.3271 MCC=0.3907
  learning_rate_used=2.792e-04; learning_rate_next=2.767e-04; elapsed=5.6s
  saved new best checkpoint: /data/projects/SFB_A03/jan/AT_TFBS/human301/runs/CREB3L3/68001_ablation_channels128_seed1/best_model.pt (objective=classification-auprc, score=0.569248)
  negatives seen=100.0%; hard negatives=0
Epoch 019 train: loss=0.2137 AUROC=0.9906 AUPRC=0.9059 BalAcc=0.9576 F1=0.8089 MCC=0.7983
Epoch 019 val  : loss=0.1738 AUROC=0.9525 AUPRC=0.5369 BalAcc=0.8007 F1=0.4444 MCC=0.4553
  learning_rate_used=2.767e-04; learning_rate_next=2.741e-04; elapsed=5.7s
  negatives seen=100.0%; hard negatives=0
Epoch 020 train: loss=0.2685 AUROC=0.9893 AUPRC=0.9036 BalAcc=0.9489 F1=0.8139 MCC=0.8009
Epoch 020 val  : loss=0.1675 AUROC=0.9622 AUPRC=0.5187 BalAcc=0.8168 F1=0.4611 MCC=0.4744
  learning_rate_used=2.741e-04; learning_rate_next=2.714e-04; elapsed=5.7s
  negatives seen=100.0%; hard negatives=0
Epoch 021 train: loss=0.2233 AUROC=0.9915 AUPRC=0.9138 BalAcc=0.9511 F1=0.8213 MCC=0.8086
Epoch 021 val  : loss=0.2643 AUROC=0.9631 AUPRC=0.5427 BalAcc=0.9149 F1=0.1691 MCC=0.2767
  learning_rate_used=2.714e-04; learning_rate_next=2.686e-04; elapsed=5.6s
  negatives seen=100.0%; hard negatives=0
Epoch 022 train: loss=0.2021 AUROC=0.9934 AUPRC=0.9344 BalAcc=0.9591 F1=0.8636 MCC=0.8524
Epoch 022 val  : loss=0.3744 AUROC=0.9600 AUPRC=0.5532 BalAcc=0.6409 F1=0.4242 MCC=0.4884
  learning_rate_used=2.686e-04; learning_rate_next=2.657e-04; elapsed=5.6s
  negatives seen=100.0%; hard negatives=0
Epoch 023 train: loss=0.2291 AUROC=0.9921 AUPRC=0.9237 BalAcc=0.9607 F1=0.8487 MCC=0.8377
Epoch 023 val  : loss=0.1404 AUROC=0.9628 AUPRC=0.5652 BalAcc=0.8366 F1=0.3723 MCC=0.4113
  learning_rate_used=2.657e-04; learning_rate_next=2.626e-04; elapsed=5.7s
  negatives seen=100.0%; hard negatives=0
Epoch 024 train: loss=0.1653 AUROC=0.9945 AUPRC=0.9357 BalAcc=0.9722 F1=0.8819 MCC=0.8731
Epoch 024 val  : loss=0.3297 AUROC=0.9605 AUPRC=0.5628 BalAcc=0.6770 F1=0.4916 MCC=0.5300
  learning_rate_used=2.626e-04; learning_rate_next=2.595e-04; elapsed=5.6s
  negatives seen=100.0%; hard negatives=0
Epoch 025 train: loss=0.2032 AUROC=0.9923 AUPRC=0.9306 BalAcc=0.9629 F1=0.8564 MCC=0.8459
Epoch 025 val  : loss=0.2046 AUROC=0.9540 AUPRC=0.5319 BalAcc=0.7825 F1=0.4913 MCC=0.4906
  learning_rate_used=2.595e-04; learning_rate_next=2.562e-04; elapsed=5.7s
  negatives seen=100.0%; hard negatives=0
Epoch 026 train: loss=0.1549 AUROC=0.9943 AUPRC=0.9296 BalAcc=0.9674 F1=0.8628 MCC=0.8531
Epoch 026 val  : loss=0.1914 AUROC=0.9646 AUPRC=0.5684 BalAcc=0.7797 F1=0.5447 MCC=0.5404
  learning_rate_used=2.562e-04; learning_rate_next=2.528e-04; elapsed=5.7s
  negatives seen=100.0%; hard negatives=0
Epoch 027 train: loss=0.1719 AUROC=0.9957 AUPRC=0.9606 BalAcc=0.9711 F1=0.8827 MCC=0.8737
Epoch 027 val  : loss=0.4999 AUROC=0.9588 AUPRC=0.4587 BalAcc=0.6046 F1=0.3312 MCC=0.4039
  learning_rate_used=2.528e-04; learning_rate_next=2.494e-04; elapsed=5.6s
  negatives seen=100.0%; hard negatives=0
Epoch 028 train: loss=0.1388 AUROC=0.9959 AUPRC=0.9526 BalAcc=0.9778 F1=0.8985 MCC=0.8908
Epoch 028 val  : loss=0.2407 AUROC=0.9558 AUPRC=0.5207 BalAcc=0.8851 F1=0.1929 MCC=0.2875
  learning_rate_used=2.494e-04; learning_rate_next=2.458e-04; elapsed=5.6s
  negatives seen=100.0%; hard negatives=0
Epoch 029 train: loss=0.1040 AUROC=0.9965 AUPRC=0.9507 BalAcc=0.9817 F1=0.9105 MCC=0.9037
Epoch 029 val  : loss=0.1605 AUROC=0.9624 AUPRC=0.5218 BalAcc=0.8484 F1=0.3771 MCC=0.4198
  learning_rate_used=2.458e-04; learning_rate_next=2.421e-04; elapsed=5.7s
  negatives seen=100.0%; hard negatives=0
Epoch 030 train: loss=0.1620 AUROC=0.9958 AUPRC=0.9570 BalAcc=0.9672 F1=0.8711 MCC=0.8613
Epoch 030 val  : loss=0.2363 AUROC=0.9612 AUPRC=0.5558 BalAcc=0.7797 F1=0.5447 MCC=0.5404
  learning_rate_used=2.421e-04; learning_rate_next=2.384e-04; elapsed=5.6s
  negatives seen=100.0%; hard negatives=0
Epoch 031 train: loss=0.1682 AUROC=0.9964 AUPRC=0.9599 BalAcc=0.9762 F1=0.9049 MCC=0.8971
Epoch 031 val  : loss=0.2935 AUROC=0.9610 AUPRC=0.5418 BalAcc=0.7365 F1=0.5438 MCC=0.5456
  learning_rate_used=2.384e-04; learning_rate_next=2.345e-04; elapsed=5.7s
  negatives seen=100.0%; hard negatives=0
Epoch 032 train: loss=0.1082 AUROC=0.9978 AUPRC=0.9766 BalAcc=0.9766 F1=0.9188 MCC=0.9117
Epoch 032 val  : loss=0.1600 AUROC=0.9609 AUPRC=0.5314 BalAcc=0.8336 F1=0.3908 MCC=0.4245
  learning_rate_used=2.345e-04; learning_rate_next=2.306e-04; elapsed=5.6s
  negatives seen=100.0%; hard negatives=0
Epoch 033 train: loss=0.1346 AUROC=0.9967 AUPRC=0.9628 BalAcc=0.9770 F1=0.9119 MCC=0.9045
Epoch 033 val  : loss=0.1757 AUROC=0.9580 AUPRC=0.5350 BalAcc=0.8120 F1=0.4317 MCC=0.4488
  learning_rate_used=2.306e-04; learning_rate_next=2.266e-04; elapsed=5.6s
  negatives seen=100.0%; hard negatives=0
Epoch 034 train: loss=0.1717 AUROC=0.9965 AUPRC=0.9599 BalAcc=0.9741 F1=0.9079 MCC=0.9000
Epoch 034 val  : loss=0.2788 AUROC=0.9605 AUPRC=0.5769 BalAcc=0.9240 F1=0.1878 MCC=0.2965
  learning_rate_used=2.266e-04; learning_rate_next=2.225e-04; elapsed=5.6s
  saved new best checkpoint: /data/projects/SFB_A03/jan/AT_TFBS/human301/runs/CREB3L3/68001_ablation_channels128_seed1/best_model.pt (objective=classification-auprc, score=0.576866)
  negatives seen=100.0%; hard negatives=0
Epoch 035 train: loss=0.1456 AUROC=0.9964 AUPRC=0.9554 BalAcc=0.9744 F1=0.9000 MCC=0.8919
Epoch 035 val  : loss=0.1967 AUROC=0.9627 AUPRC=0.5565 BalAcc=0.8102 F1=0.5065 MCC=0.5106
  learning_rate_used=2.225e-04; learning_rate_next=2.184e-04; elapsed=5.7s
  negatives seen=100.0%; hard negatives=0
Epoch 036 train: loss=0.1321 AUROC=0.9966 AUPRC=0.9591 BalAcc=0.9782 F1=0.9121 MCC=0.9049
Epoch 036 val  : loss=0.1543 AUROC=0.9655 AUPRC=0.5694 BalAcc=0.8599 F1=0.3747 MCC=0.4225
  learning_rate_used=2.184e-04; learning_rate_next=2.142e-04; elapsed=5.7s
  negatives seen=100.0%; hard negatives=0
Epoch 037 train: loss=0.1120 AUROC=0.9977 AUPRC=0.9723 BalAcc=0.9803 F1=0.9302 MCC=0.9239
Epoch 037 val  : loss=0.1647 AUROC=0.9627 AUPRC=0.5261 BalAcc=0.8194 F1=0.4208 MCC=0.4427
  learning_rate_used=2.142e-04; learning_rate_next=2.099e-04; elapsed=5.7s
  negatives seen=100.0%; hard negatives=0
Epoch 038 train: loss=0.1069 AUROC=0.9983 AUPRC=0.9816 BalAcc=0.9793 F1=0.9325 MCC=0.9262
Epoch 038 val  : loss=0.1930 AUROC=0.9644 AUPRC=0.5558 BalAcc=0.8256 F1=0.4940 MCC=0.5045
  learning_rate_used=2.099e-04; learning_rate_next=2.055e-04; elapsed=5.6s
  negatives seen=100.0%; hard negatives=0
Epoch 039 train: loss=0.1390 AUROC=0.9972 AUPRC=0.9697 BalAcc=0.9705 F1=0.8981 MCC=0.8893
Epoch 039 val  : loss=0.2606 AUROC=0.9638 AUPRC=0.5529 BalAcc=0.7446 F1=0.5596 MCC=0.5613
  learning_rate_used=2.055e-04; learning_rate_next=2.011e-04; elapsed=5.6s
  negatives seen=100.0%; hard negatives=0
Epoch 040 train: loss=0.1004 AUROC=0.9978 AUPRC=0.9673 BalAcc=0.9814 F1=0.9291 MCC=0.9229
Epoch 040 val  : loss=0.2802 AUROC=0.9603 AUPRC=0.5391 BalAcc=0.7525 F1=0.5625 MCC=0.5619
  learning_rate_used=2.011e-04; learning_rate_next=1.967e-04; elapsed=5.7s
  negatives seen=100.0%; hard negatives=0
Epoch 041 train: loss=0.0844 AUROC=0.9986 AUPRC=0.9860 BalAcc=0.9854 F1=0.9430 MCC=0.9380
Epoch 041 val  : loss=0.2077 AUROC=0.9672 AUPRC=0.5847 BalAcc=0.9078 F1=0.2350 MCC=0.3312
  learning_rate_used=1.967e-04; learning_rate_next=1.922e-04; elapsed=5.6s
  saved new best checkpoint: /data/projects/SFB_A03/jan/AT_TFBS/human301/runs/CREB3L3/68001_ablation_channels128_seed1/best_model.pt (objective=classification-auprc, score=0.584673)
  negatives seen=100.0%; hard negatives=0
Epoch 042 train: loss=0.0839 AUROC=0.9975 AUPRC=0.9616 BalAcc=0.9895 F1=0.9363 MCC=0.9313
Epoch 042 val  : loss=0.5927 AUROC=0.9684 AUPRC=0.5342 BalAcc=0.5966 F1=0.3158 MCC=0.4051
  learning_rate_used=1.922e-04; learning_rate_next=1.877e-04; elapsed=5.7s
  negatives seen=100.0%; hard negatives=0
Epoch 043 train: loss=0.0866 AUROC=0.9988 AUPRC=0.9877 BalAcc=0.9844 F1=0.9454 MCC=0.9404
Epoch 043 val  : loss=0.2137 AUROC=0.9611 AUPRC=0.5397 BalAcc=0.8239 F1=0.4385 MCC=0.4585
  learning_rate_used=1.877e-04; learning_rate_next=1.831e-04; elapsed=5.6s
  negatives seen=100.0%; hard negatives=0
Epoch 044 train: loss=0.1119 AUROC=0.9973 AUPRC=0.9619 BalAcc=0.9846 F1=0.9356 MCC=0.9300
Epoch 044 val  : loss=0.1427 AUROC=0.9669 AUPRC=0.6087 BalAcc=0.8544 F1=0.4235 MCC=0.4582
  learning_rate_used=1.831e-04; learning_rate_next=1.785e-04; elapsed=5.7s
  saved new best checkpoint: /data/projects/SFB_A03/jan/AT_TFBS/human301/runs/CREB3L3/68001_ablation_channels128_seed1/best_model.pt (objective=classification-auprc, score=0.608651)
  negatives seen=100.0%; hard negatives=0
Epoch 045 train: loss=0.0683 AUROC=0.9987 AUPRC=0.9857 BalAcc=0.9880 F1=0.9446 MCC=0.9398
Epoch 045 val  : loss=0.2135 AUROC=0.9654 AUPRC=0.5896 BalAcc=0.8217 F1=0.4939 MCC=0.5032
  learning_rate_used=1.785e-04; learning_rate_next=1.739e-04; elapsed=5.6s
  negatives seen=100.0%; hard negatives=0
Epoch 046 train: loss=0.1206 AUROC=0.9989 AUPRC=0.9896 BalAcc=0.9774 F1=0.9484 MCC=0.9432
Epoch 046 val  : loss=0.3431 AUROC=0.9596 AUPRC=0.5483 BalAcc=0.7085 F1=0.5098 MCC=0.5184
  learning_rate_used=1.739e-04; learning_rate_next=1.692e-04; elapsed=5.6s
  negatives seen=100.0%; hard negatives=0
Epoch 047 train: loss=0.0577 AUROC=0.9991 AUPRC=0.9901 BalAcc=0.9865 F1=0.9531 MCC=0.9488
Epoch 047 val  : loss=0.2224 AUROC=0.9657 AUPRC=0.5796 BalAcc=0.7988 F1=0.5190 MCC=0.5189
  learning_rate_used=1.692e-04; learning_rate_next=1.646e-04; elapsed=5.6s
  negatives seen=100.0%; hard negatives=0
Epoch 048 train: loss=0.0294 AUROC=0.9996 AUPRC=0.9957 BalAcc=0.9960 F1=0.9731 MCC=0.9707
Epoch 048 val  : loss=0.5148 AUROC=0.9636 AUPRC=0.5605 BalAcc=0.6610 F1=0.4678 MCC=0.5214
  learning_rate_used=1.646e-04; learning_rate_next=1.599e-04; elapsed=5.7s
  negatives seen=100.0%; hard negatives=0
Epoch 049 train: loss=0.0592 AUROC=0.9991 AUPRC=0.9899 BalAcc=0.9891 F1=0.9547 MCC=0.9506
Epoch 049 val  : loss=0.2239 AUROC=0.9666 AUPRC=0.5494 BalAcc=0.7829 F1=0.5071 MCC=0.5050
  learning_rate_used=1.599e-04; learning_rate_next=1.552e-04; elapsed=5.6s
  negatives seen=100.0%; hard negatives=0
Epoch 050 train: loss=0.0698 AUROC=0.9990 AUPRC=0.9890 BalAcc=0.9869 F1=0.9457 MCC=0.9409
Epoch 050 val  : loss=0.3856 AUROC=0.9677 AUPRC=0.5928 BalAcc=0.6973 F1=0.5414 MCC=0.5803
  learning_rate_used=1.552e-04; learning_rate_next=1.505e-04; elapsed=5.6s
  negatives seen=100.0%; hard negatives=0
Epoch 051 train: loss=0.0752 AUROC=0.9992 AUPRC=0.9872 BalAcc=0.9869 F1=0.9570 MCC=0.9529
Epoch 051 val  : loss=0.2825 AUROC=0.9613 AUPRC=0.5736 BalAcc=0.7839 F1=0.5591 MCC=0.5547
  learning_rate_used=1.505e-04; learning_rate_next=1.458e-04; elapsed=5.7s
  negatives seen=100.0%; hard negatives=0
Epoch 052 train: loss=0.0541 AUROC=0.9995 AUPRC=0.9944 BalAcc=0.9920 F1=0.9587 MCC=0.9551
Epoch 052 val  : loss=0.1914 AUROC=0.9633 AUPRC=0.5838 BalAcc=0.8513 F1=0.4450 MCC=0.4739
  learning_rate_used=1.458e-04; learning_rate_next=1.411e-04; elapsed=5.7s
  negatives seen=100.0%; hard negatives=0
Epoch 053 train: loss=0.0561 AUROC=0.9993 AUPRC=0.9882 BalAcc=0.9913 F1=0.9638 MCC=0.9604
Epoch 053 val  : loss=0.3147 AUROC=0.9629 AUPRC=0.5690 BalAcc=0.7443 F1=0.5374 MCC=0.5356
  learning_rate_used=1.411e-04; learning_rate_next=1.364e-04; elapsed=5.6s
  negatives seen=100.0%; hard negatives=0
Epoch 054 train: loss=0.0514 AUROC=0.9989 AUPRC=0.9766 BalAcc=0.9901 F1=0.9637 MCC=0.9602
Epoch 054 val  : loss=0.2291 AUROC=0.9617 AUPRC=0.5711 BalAcc=0.8067 F1=0.5203 MCC=0.5218
  learning_rate_used=1.364e-04; learning_rate_next=1.318e-04; elapsed=5.7s
  negatives seen=100.0%; hard negatives=0
Epoch 055 train: loss=0.0437 AUROC=0.9997 AUPRC=0.9971 BalAcc=0.9930 F1=0.9677 MCC=0.9648
Epoch 055 val  : loss=0.6092 AUROC=0.9653 AUPRC=0.5606 BalAcc=0.6369 F1=0.4172 MCC=0.4865
  learning_rate_used=1.318e-04; learning_rate_next=1.271e-04; elapsed=5.6s
  negatives seen=100.0%; hard negatives=0
Epoch 056 train: loss=0.0683 AUROC=0.9994 AUPRC=0.9941 BalAcc=0.9876 F1=0.9635 MCC=0.9599
Epoch 056 val  : loss=0.1903 AUROC=0.9612 AUPRC=0.5806 BalAcc=0.8912 F1=0.3242 MCC=0.3961
  learning_rate_used=1.271e-04; learning_rate_next=1.225e-04; elapsed=5.6s
  negatives seen=100.0%; hard negatives=0
Epoch 057 train: loss=0.0255 AUROC=0.9995 AUPRC=0.9922 BalAcc=0.9977 F1=0.9771 MCC=0.9751
Epoch 057 val  : loss=0.4969 AUROC=0.9639 AUPRC=0.5547 BalAcc=0.6689 F1=0.4719 MCC=0.5104
  learning_rate_used=1.225e-04; learning_rate_next=1.179e-04; elapsed=5.7s
  negatives seen=100.0%; hard negatives=0
Epoch 058 train: loss=0.0595 AUROC=0.9992 AUPRC=0.9877 BalAcc=0.9937 F1=0.9743 MCC=0.9719
Epoch 058 val  : loss=0.1885 AUROC=0.9668 AUPRC=0.5496 BalAcc=0.8397 F1=0.4468 MCC=0.4709
  learning_rate_used=1.179e-04; learning_rate_next=1.133e-04; elapsed=5.6s
  negatives seen=100.0%; hard negatives=0
Epoch 059 train: loss=0.0159 AUROC=0.9999 AUPRC=0.9986 BalAcc=0.9979 F1=0.9798 MCC=0.9779
Epoch 059 val  : loss=0.3359 AUROC=0.9640 AUPRC=0.5550 BalAcc=0.7522 F1=0.5431 MCC=0.5402
  learning_rate_used=1.133e-04; learning_rate_next=1.088e-04; elapsed=5.6s
  negatives seen=100.0%; hard negatives=0
Epoch 060 train: loss=0.0309 AUROC=0.9995 AUPRC=0.9945 BalAcc=0.9944 F1=0.9691 MCC=0.9663
Epoch 060 val  : loss=0.3858 AUROC=0.9691 AUPRC=0.5532 BalAcc=0.7129 F1=0.5381 MCC=0.5538
  learning_rate_used=1.088e-04; learning_rate_next=1.043e-04; elapsed=5.7s
  negatives seen=100.0%; hard negatives=0
Epoch 061 train: loss=0.0211 AUROC=0.9995 AUPRC=0.9935 BalAcc=0.9971 F1=0.9837 MCC=0.9822
Epoch 061 val  : loss=0.4713 AUROC=0.9635 AUPRC=0.5424 BalAcc=0.7050 F1=0.5340 MCC=0.5565
  learning_rate_used=1.043e-04; learning_rate_next=9.986e-05; elapsed=5.6s
  negatives seen=100.0%; hard negatives=0
Epoch 062 train: loss=0.0172 AUROC=0.9996 AUPRC=0.9928 BalAcc=0.9975 F1=0.9877 MCC=0.9865
Epoch 062 val  : loss=0.4964 AUROC=0.9665 AUPRC=0.5609 BalAcc=0.6931 F1=0.5217 MCC=0.5537
  learning_rate_used=9.986e-05; learning_rate_next=9.547e-05; elapsed=5.6s
  negatives seen=100.0%; hard negatives=0
Epoch 063 train: loss=0.0203 AUROC=0.9999 AUPRC=0.9984 BalAcc=0.9944 F1=0.9809 MCC=0.9791
Epoch 063 val  : loss=0.5674 AUROC=0.9645 AUPRC=0.5371 BalAcc=0.6648 F1=0.4633 MCC=0.5028
  learning_rate_used=9.547e-05; learning_rate_next=9.113e-05; elapsed=5.6s
  negatives seen=100.0%; hard negatives=0
Epoch 064 train: loss=0.0208 AUROC=0.9995 AUPRC=0.9926 BalAcc=0.9983 F1=0.9837 MCC=0.9822
Epoch 064 val  : loss=0.3571 AUROC=0.9665 AUPRC=0.5734 BalAcc=0.7567 F1=0.5766 MCC=0.5769
  learning_rate_used=9.113e-05; learning_rate_next=8.685e-05; elapsed=5.6s
Early stopping after 64 epochs.
Binary threshold: 0.930490 (strategy=val-mcc, validation_score=0.628004)
TEST chr10,chr12,chr14,chr16,chr18,chr2,chr20,chr22,chr4,chr6,chr8: loss=0.1222 AUROC=0.9801 AUPRC=0.5259 BalAcc=0.7605 F1=0.5408 MCC=0.5365
Outputs written to /data/projects/SFB_A03/jan/AT_TFBS/human301/runs/CREB3L3/68001_ablation_channels128_seed1
Binary predictions: binary_classification_results.tsv
Binary metrics: binary_classification_metrics.json
ROC plot: roc_curve.png
Precision-recall plot: precision_recall_curve.png
Confusion matrix: binary_confusion_matrix.tsv
