Window geometry: 256 bp from 301 bp; crop starts 0..45; shifts -22..+23; fresh uniform draw per access
Evaluation: crops (0, 22, 23, 45), reverse complement=True; all samples
train: n=36,663, positive=363, negative=36,300
  val: n=12,524, positive=124, negative=12,400
 test: n=40,198, positive=398, negative=39,800
Device: cuda
Hidden activation: RELU
Parameters: 1,032,981 total; 1,032,981 trainable
Architecture: motif kernels 9/12; encoder 128/64/64; original five-block bottleneck at 64; decoder 64/128/256
  negatives seen=10.0%; hard negatives=0
Epoch 001 train: loss=1.5076 AUROC=0.5084 AUPRC=0.0894 BalAcc=0.5091 F1=0.1586 MCC=0.0105
Epoch 001 val  : loss=0.5830 AUROC=0.5511 AUPRC=0.0120 BalAcc=0.5121 F1=0.0218 MCC=0.0071
  learning_rate_used=3.000e-04; learning_rate_next=2.999e-04; elapsed=6.9s
  saved new best checkpoint: /data/projects/SFB_A03/jan/AT_TFBS/human301/runs/CREB3L3/68001_ablation_dropout_seed1/best_model.pt (objective=classification-auprc, score=0.011959)
  negatives seen=20.0%; hard negatives=0
Epoch 002 train: loss=1.3394 AUROC=0.5682 AUPRC=0.1163 BalAcc=0.5523 F1=0.1833 MCC=0.0605
Epoch 002 val  : loss=0.6396 AUROC=0.6972 AUPRC=0.0323 BalAcc=0.6397 F1=0.0410 MCC=0.0648
  learning_rate_used=2.999e-04; learning_rate_next=2.997e-04; elapsed=5.5s
  saved new best checkpoint: /data/projects/SFB_A03/jan/AT_TFBS/human301/runs/CREB3L3/68001_ablation_dropout_seed1/best_model.pt (objective=classification-auprc, score=0.032338)
  negatives seen=30.0%; hard negatives=0
Epoch 003 train: loss=1.2418 AUROC=0.6435 AUPRC=0.1741 BalAcc=0.5895 F1=0.2082 MCC=0.1049
Epoch 003 val  : loss=0.5248 AUROC=0.8573 AUPRC=0.0829 BalAcc=0.7940 F1=0.0866 MCC=0.1589
  learning_rate_used=2.997e-04; learning_rate_next=2.993e-04; elapsed=5.5s
  saved new best checkpoint: /data/projects/SFB_A03/jan/AT_TFBS/human301/runs/CREB3L3/68001_ablation_dropout_seed1/best_model.pt (objective=classification-auprc, score=0.082895)
  negatives seen=40.0%; hard negatives=0
Epoch 004 train: loss=1.0211 AUROC=0.8010 AUPRC=0.3223 BalAcc=0.7253 F1=0.3374 MCC=0.2880
Epoch 004 val  : loss=0.2336 AUROC=0.9046 AUPRC=0.1459 BalAcc=0.7056 F1=0.2255 MCC=0.2453
  learning_rate_used=2.993e-04; learning_rate_next=2.988e-04; elapsed=5.5s
  saved new best checkpoint: /data/projects/SFB_A03/jan/AT_TFBS/human301/runs/CREB3L3/68001_ablation_dropout_seed1/best_model.pt (objective=classification-auprc, score=0.145859)
  negatives seen=50.0%; hard negatives=0
Epoch 005 train: loss=0.9355 AUROC=0.8442 AUPRC=0.4223 BalAcc=0.7605 F1=0.3870 MCC=0.3467
Epoch 005 val  : loss=0.3098 AUROC=0.8541 AUPRC=0.1012 BalAcc=0.7188 F1=0.1102 MCC=0.1571
  learning_rate_used=2.988e-04; learning_rate_next=2.982e-04; elapsed=5.5s
  negatives seen=60.0%; hard negatives=0
Epoch 006 train: loss=0.8056 AUROC=0.8830 AUPRC=0.5016 BalAcc=0.8043 F1=0.4315 MCC=0.4064
Epoch 006 val  : loss=0.1930 AUROC=0.9241 AUPRC=0.2297 BalAcc=0.7148 F1=0.3125 MCC=0.3182
  learning_rate_used=2.982e-04; learning_rate_next=2.974e-04; elapsed=5.6s
  saved new best checkpoint: /data/projects/SFB_A03/jan/AT_TFBS/human301/runs/CREB3L3/68001_ablation_dropout_seed1/best_model.pt (objective=classification-auprc, score=0.229722)
  negatives seen=70.0%; hard negatives=0
Epoch 007 train: loss=0.7044 AUROC=0.9135 AUPRC=0.5582 BalAcc=0.8329 F1=0.4954 MCC=0.4721
Epoch 007 val  : loss=0.7875 AUROC=0.9314 AUPRC=0.2490 BalAcc=0.7819 F1=0.0452 MCC=0.1132
  learning_rate_used=2.974e-04; learning_rate_next=2.964e-04; elapsed=5.6s
  saved new best checkpoint: /data/projects/SFB_A03/jan/AT_TFBS/human301/runs/CREB3L3/68001_ablation_dropout_seed1/best_model.pt (objective=classification-auprc, score=0.249011)
  negatives seen=80.0%; hard negatives=0
Epoch 008 train: loss=0.6522 AUROC=0.9269 AUPRC=0.6477 BalAcc=0.8584 F1=0.5539 MCC=0.5329
Epoch 008 val  : loss=0.1893 AUROC=0.9285 AUPRC=0.2986 BalAcc=0.7937 F1=0.2496 MCC=0.2991
  learning_rate_used=2.964e-04; learning_rate_next=2.953e-04; elapsed=5.5s
  saved new best checkpoint: /data/projects/SFB_A03/jan/AT_TFBS/human301/runs/CREB3L3/68001_ablation_dropout_seed1/best_model.pt (objective=classification-auprc, score=0.298577)
  negatives seen=90.0%; hard negatives=0
Epoch 009 train: loss=0.6098 AUROC=0.9377 AUPRC=0.7076 BalAcc=0.8545 F1=0.5437 MCC=0.5225
Epoch 009 val  : loss=0.2779 AUROC=0.9405 AUPRC=0.3541 BalAcc=0.8923 F1=0.1656 MCC=0.2659
  learning_rate_used=2.953e-04; learning_rate_next=2.941e-04; elapsed=5.5s
  saved new best checkpoint: /data/projects/SFB_A03/jan/AT_TFBS/human301/runs/CREB3L3/68001_ablation_dropout_seed1/best_model.pt (objective=classification-auprc, score=0.354052)
  negatives seen=100.0%; hard negatives=0
Epoch 010 train: loss=0.5221 AUROC=0.9520 AUPRC=0.7128 BalAcc=0.8931 F1=0.6267 MCC=0.6104
Epoch 010 val  : loss=0.5375 AUROC=0.9251 AUPRC=0.3212 BalAcc=0.8368 F1=0.0744 MCC=0.1589
  learning_rate_used=2.941e-04; learning_rate_next=2.927e-04; elapsed=5.5s
  negatives seen=100.0%; hard negatives=0
Epoch 011 train: loss=0.4448 AUROC=0.9652 AUPRC=0.7511 BalAcc=0.9014 F1=0.6397 MCC=0.6251
Epoch 011 val  : loss=0.1768 AUROC=0.9375 AUPRC=0.3957 BalAcc=0.8350 F1=0.2881 MCC=0.3455
  learning_rate_used=2.927e-04; learning_rate_next=2.912e-04; elapsed=5.5s
  saved new best checkpoint: /data/projects/SFB_A03/jan/AT_TFBS/human301/runs/CREB3L3/68001_ablation_dropout_seed1/best_model.pt (objective=classification-auprc, score=0.395682)
  negatives seen=100.0%; hard negatives=0
Epoch 012 train: loss=0.3853 AUROC=0.9737 AUPRC=0.8200 BalAcc=0.9263 F1=0.7091 MCC=0.6961
Epoch 012 val  : loss=0.1726 AUROC=0.9524 AUPRC=0.4621 BalAcc=0.8681 F1=0.2775 MCC=0.3503
  learning_rate_used=2.912e-04; learning_rate_next=2.895e-04; elapsed=5.5s
  saved new best checkpoint: /data/projects/SFB_A03/jan/AT_TFBS/human301/runs/CREB3L3/68001_ablation_dropout_seed1/best_model.pt (objective=classification-auprc, score=0.462074)
  negatives seen=100.0%; hard negatives=0
Epoch 013 train: loss=0.4038 AUROC=0.9724 AUPRC=0.8265 BalAcc=0.9062 F1=0.6680 MCC=0.6518
Epoch 013 val  : loss=0.1766 AUROC=0.9396 AUPRC=0.4283 BalAcc=0.7391 F1=0.4724 MCC=0.4672
  learning_rate_used=2.895e-04; learning_rate_next=2.877e-04; elapsed=5.5s
  negatives seen=100.0%; hard negatives=0
Epoch 014 train: loss=0.3321 AUROC=0.9803 AUPRC=0.8580 BalAcc=0.9324 F1=0.7508 MCC=0.7362
Epoch 014 val  : loss=0.1562 AUROC=0.9527 AUPRC=0.4805 BalAcc=0.7635 F1=0.5156 MCC=0.5109
  learning_rate_used=2.877e-04; learning_rate_next=2.858e-04; elapsed=5.5s
  saved new best checkpoint: /data/projects/SFB_A03/jan/AT_TFBS/human301/runs/CREB3L3/68001_ablation_dropout_seed1/best_model.pt (objective=classification-auprc, score=0.480538)
  negatives seen=100.0%; hard negatives=0
Epoch 015 train: loss=0.3650 AUROC=0.9776 AUPRC=0.8375 BalAcc=0.9248 F1=0.7327 MCC=0.7170
Epoch 015 val  : loss=0.1605 AUROC=0.9519 AUPRC=0.5079 BalAcc=0.7279 F1=0.4978 MCC=0.4950
  learning_rate_used=2.858e-04; learning_rate_next=2.837e-04; elapsed=5.6s
  saved new best checkpoint: /data/projects/SFB_A03/jan/AT_TFBS/human301/runs/CREB3L3/68001_ablation_dropout_seed1/best_model.pt (objective=classification-auprc, score=0.507883)
  negatives seen=100.0%; hard negatives=0
Epoch 016 train: loss=0.2707 AUROC=0.9868 AUPRC=0.8890 BalAcc=0.9444 F1=0.7754 MCC=0.7629
Epoch 016 val  : loss=0.3350 AUROC=0.9360 AUPRC=0.4484 BalAcc=0.6126 F1=0.3500 MCC=0.4164
  learning_rate_used=2.837e-04; learning_rate_next=2.815e-04; elapsed=5.6s
  negatives seen=100.0%; hard negatives=0
Epoch 017 train: loss=0.3082 AUROC=0.9856 AUPRC=0.8736 BalAcc=0.9377 F1=0.7933 MCC=0.7781
Epoch 017 val  : loss=0.1494 AUROC=0.9458 AUPRC=0.5020 BalAcc=0.8240 F1=0.4409 MCC=0.4604
  learning_rate_used=2.815e-04; learning_rate_next=2.792e-04; elapsed=5.5s
  negatives seen=100.0%; hard negatives=0
Epoch 018 train: loss=0.3339 AUROC=0.9833 AUPRC=0.8708 BalAcc=0.9406 F1=0.7971 MCC=0.7826
Epoch 018 val  : loss=0.1403 AUROC=0.9578 AUPRC=0.4902 BalAcc=0.8633 F1=0.3661 MCC=0.4173
  learning_rate_used=2.792e-04; learning_rate_next=2.767e-04; elapsed=5.5s
  negatives seen=100.0%; hard negatives=0
Epoch 019 train: loss=0.2450 AUROC=0.9898 AUPRC=0.9019 BalAcc=0.9547 F1=0.8216 MCC=0.8097
Epoch 019 val  : loss=0.1841 AUROC=0.9491 AUPRC=0.4387 BalAcc=0.8422 F1=0.2476 MCC=0.3165
  learning_rate_used=2.767e-04; learning_rate_next=2.741e-04; elapsed=5.5s
  negatives seen=100.0%; hard negatives=0
Epoch 020 train: loss=0.2398 AUROC=0.9897 AUPRC=0.8988 BalAcc=0.9529 F1=0.8090 MCC=0.7971
Epoch 020 val  : loss=0.1566 AUROC=0.9534 AUPRC=0.4974 BalAcc=0.8077 F1=0.4205 MCC=0.4382
  learning_rate_used=2.741e-04; learning_rate_next=2.714e-04; elapsed=5.5s
  negatives seen=100.0%; hard negatives=0
Epoch 021 train: loss=0.2862 AUROC=0.9879 AUPRC=0.8962 BalAcc=0.9485 F1=0.8110 MCC=0.7980
Epoch 021 val  : loss=0.2980 AUROC=0.9542 AUPRC=0.5282 BalAcc=0.8956 F1=0.1458 MCC=0.2487
  learning_rate_used=2.714e-04; learning_rate_next=2.686e-04; elapsed=5.5s
  saved new best checkpoint: /data/projects/SFB_A03/jan/AT_TFBS/human301/runs/CREB3L3/68001_ablation_dropout_seed1/best_model.pt (objective=classification-auprc, score=0.528228)
  negatives seen=100.0%; hard negatives=0
Epoch 022 train: loss=0.2154 AUROC=0.9915 AUPRC=0.9172 BalAcc=0.9544 F1=0.8281 MCC=0.8160
Epoch 022 val  : loss=0.1919 AUROC=0.9536 AUPRC=0.5452 BalAcc=0.7565 F1=0.5639 MCC=0.5624
  learning_rate_used=2.686e-04; learning_rate_next=2.657e-04; elapsed=5.5s
  saved new best checkpoint: /data/projects/SFB_A03/jan/AT_TFBS/human301/runs/CREB3L3/68001_ablation_dropout_seed1/best_model.pt (objective=classification-auprc, score=0.545211)
  negatives seen=100.0%; hard negatives=0
Epoch 023 train: loss=0.2096 AUROC=0.9932 AUPRC=0.9504 BalAcc=0.9629 F1=0.8657 MCC=0.8552
Epoch 023 val  : loss=0.1602 AUROC=0.9507 AUPRC=0.5131 BalAcc=0.8166 F1=0.4533 MCC=0.4679
  learning_rate_used=2.657e-04; learning_rate_next=2.626e-04; elapsed=5.6s
  negatives seen=100.0%; hard negatives=0
Epoch 024 train: loss=0.1560 AUROC=0.9950 AUPRC=0.9311 BalAcc=0.9693 F1=0.8685 MCC=0.8591
Epoch 024 val  : loss=0.2055 AUROC=0.9496 AUPRC=0.4823 BalAcc=0.7852 F1=0.4458 MCC=0.4516
  learning_rate_used=2.626e-04; learning_rate_next=2.595e-04; elapsed=5.5s
  negatives seen=100.0%; hard negatives=0
Epoch 025 train: loss=0.1930 AUROC=0.9935 AUPRC=0.9296 BalAcc=0.9683 F1=0.8610 MCC=0.8515
Epoch 025 val  : loss=0.2757 AUROC=0.9584 AUPRC=0.4981 BalAcc=0.7008 F1=0.5155 MCC=0.5334
  learning_rate_used=2.595e-04; learning_rate_next=2.562e-04; elapsed=5.5s
  negatives seen=100.0%; hard negatives=0
Epoch 026 train: loss=0.1620 AUROC=0.9942 AUPRC=0.9390 BalAcc=0.9669 F1=0.8505 MCC=0.8409
Epoch 026 val  : loss=0.3070 AUROC=0.9399 AUPRC=0.4743 BalAcc=0.7123 F1=0.4977 MCC=0.5004
  learning_rate_used=2.562e-04; learning_rate_next=2.528e-04; elapsed=5.5s
  negatives seen=100.0%; hard negatives=0
Epoch 027 train: loss=0.2095 AUROC=0.9941 AUPRC=0.9478 BalAcc=0.9627 F1=0.8731 MCC=0.8626
Epoch 027 val  : loss=0.2654 AUROC=0.9537 AUPRC=0.5362 BalAcc=0.6930 F1=0.5161 MCC=0.5445
  learning_rate_used=2.528e-04; learning_rate_next=2.494e-04; elapsed=5.6s
  negatives seen=100.0%; hard negatives=0
Epoch 028 train: loss=0.1845 AUROC=0.9939 AUPRC=0.9351 BalAcc=0.9678 F1=0.8755 MCC=0.8658
Epoch 028 val  : loss=0.1776 AUROC=0.9596 AUPRC=0.5140 BalAcc=0.8730 F1=0.2542 MCC=0.3337
  learning_rate_used=2.494e-04; learning_rate_next=2.458e-04; elapsed=5.6s
  negatives seen=100.0%; hard negatives=0
Epoch 029 train: loss=0.1385 AUROC=0.9958 AUPRC=0.9501 BalAcc=0.9716 F1=0.8872 MCC=0.8784
Epoch 029 val  : loss=0.2141 AUROC=0.9562 AUPRC=0.5577 BalAcc=0.7842 F1=0.5726 MCC=0.5683
  learning_rate_used=2.458e-04; learning_rate_next=2.421e-04; elapsed=5.5s
  saved new best checkpoint: /data/projects/SFB_A03/jan/AT_TFBS/human301/runs/CREB3L3/68001_ablation_dropout_seed1/best_model.pt (objective=classification-auprc, score=0.557701)
  negatives seen=100.0%; hard negatives=0
Epoch 030 train: loss=0.2045 AUROC=0.9944 AUPRC=0.9456 BalAcc=0.9594 F1=0.8755 MCC=0.8645
Epoch 030 val  : loss=0.2724 AUROC=0.9571 AUPRC=0.5132 BalAcc=0.9006 F1=0.1821 MCC=0.2835
  learning_rate_used=2.421e-04; learning_rate_next=2.384e-04; elapsed=5.5s
  negatives seen=100.0%; hard negatives=0
Epoch 031 train: loss=0.1281 AUROC=0.9960 AUPRC=0.9340 BalAcc=0.9762 F1=0.9049 MCC=0.8971
Epoch 031 val  : loss=0.2093 AUROC=0.9593 AUPRC=0.4991 BalAcc=0.8975 F1=0.2183 MCC=0.3135
  learning_rate_used=2.384e-04; learning_rate_next=2.345e-04; elapsed=5.5s
  negatives seen=100.0%; hard negatives=0
Epoch 032 train: loss=0.1501 AUROC=0.9953 AUPRC=0.9601 BalAcc=0.9760 F1=0.8937 MCC=0.8857
Epoch 032 val  : loss=0.1534 AUROC=0.9556 AUPRC=0.5065 BalAcc=0.8193 F1=0.4197 MCC=0.4418
  learning_rate_used=2.345e-04; learning_rate_next=2.306e-04; elapsed=5.5s
  negatives seen=100.0%; hard negatives=0
Epoch 033 train: loss=0.1345 AUROC=0.9971 AUPRC=0.9705 BalAcc=0.9745 F1=0.9115 MCC=0.9037
Epoch 033 val  : loss=0.1996 AUROC=0.9496 AUPRC=0.5102 BalAcc=0.7662 F1=0.4621 MCC=0.4609
  learning_rate_used=2.306e-04; learning_rate_next=2.266e-04; elapsed=5.6s
  negatives seen=100.0%; hard negatives=0
Epoch 034 train: loss=0.1659 AUROC=0.9967 AUPRC=0.9675 BalAcc=0.9669 F1=0.8984 MCC=0.8893
Epoch 034 val  : loss=0.2807 AUROC=0.9602 AUPRC=0.5290 BalAcc=0.9022 F1=0.1631 MCC=0.2669
  learning_rate_used=2.266e-04; learning_rate_next=2.225e-04; elapsed=5.6s
  negatives seen=100.0%; hard negatives=0
Epoch 035 train: loss=0.1425 AUROC=0.9967 AUPRC=0.9618 BalAcc=0.9749 F1=0.9150 MCC=0.9075
Epoch 035 val  : loss=0.1581 AUROC=0.9564 AUPRC=0.5175 BalAcc=0.8197 F1=0.3438 MCC=0.3825
  learning_rate_used=2.225e-04; learning_rate_next=2.184e-04; elapsed=5.5s
  negatives seen=100.0%; hard negatives=0
Epoch 036 train: loss=0.1274 AUROC=0.9971 AUPRC=0.9653 BalAcc=0.9759 F1=0.9129 MCC=0.9054
Epoch 036 val  : loss=0.3098 AUROC=0.9603 AUPRC=0.5122 BalAcc=0.6928 F1=0.5026 MCC=0.5233
  learning_rate_used=2.184e-04; learning_rate_next=2.142e-04; elapsed=5.5s
  negatives seen=100.0%; hard negatives=0
Epoch 037 train: loss=0.1288 AUROC=0.9970 AUPRC=0.9689 BalAcc=0.9755 F1=0.9093 MCC=0.9016
Epoch 037 val  : loss=0.6790 AUROC=0.9568 AUPRC=0.4689 BalAcc=0.5605 F1=0.2158 MCC=0.3463
  learning_rate_used=2.142e-04; learning_rate_next=2.099e-04; elapsed=5.5s
  negatives seen=100.0%; hard negatives=0
Epoch 038 train: loss=0.1888 AUROC=0.9961 AUPRC=0.9689 BalAcc=0.9742 F1=0.9196 MCC=0.9123
Epoch 038 val  : loss=0.1640 AUROC=0.9607 AUPRC=0.5288 BalAcc=0.8546 F1=0.3500 MCC=0.4013
  learning_rate_used=2.099e-04; learning_rate_next=2.055e-04; elapsed=5.6s
  negatives seen=100.0%; hard negatives=0
Epoch 039 train: loss=0.1173 AUROC=0.9973 AUPRC=0.9635 BalAcc=0.9807 F1=0.9231 MCC=0.9165
Epoch 039 val  : loss=0.1436 AUROC=0.9634 AUPRC=0.5429 BalAcc=0.8100 F1=0.4952 MCC=0.5008
  learning_rate_used=2.055e-04; learning_rate_next=2.011e-04; elapsed=5.6s
  negatives seen=100.0%; hard negatives=0
Epoch 040 train: loss=0.1226 AUROC=0.9964 AUPRC=0.9458 BalAcc=0.9804 F1=0.9103 MCC=0.9033
Epoch 040 val  : loss=0.4305 AUROC=0.9638 AUPRC=0.5406 BalAcc=0.6289 F1=0.4000 MCC=0.4767
  learning_rate_used=2.011e-04; learning_rate_next=1.967e-04; elapsed=5.5s
  negatives seen=100.0%; hard negatives=0
Epoch 041 train: loss=0.1095 AUROC=0.9978 AUPRC=0.9779 BalAcc=0.9837 F1=0.9392 MCC=0.9337
Epoch 041 val  : loss=0.5069 AUROC=0.9604 AUPRC=0.5265 BalAcc=0.6128 F1=0.3636 MCC=0.4570
  learning_rate_used=1.967e-04; learning_rate_next=1.922e-04; elapsed=5.6s
  negatives seen=100.0%; hard negatives=0
Epoch 042 train: loss=0.1357 AUROC=0.9971 AUPRC=0.9701 BalAcc=0.9755 F1=0.9093 MCC=0.9016
Epoch 042 val  : loss=0.1563 AUROC=0.9594 AUPRC=0.5590 BalAcc=0.8514 F1=0.4461 MCC=0.4748
  learning_rate_used=1.922e-04; learning_rate_next=1.877e-04; elapsed=5.5s
  saved new best checkpoint: /data/projects/SFB_A03/jan/AT_TFBS/human301/runs/CREB3L3/68001_ablation_dropout_seed1/best_model.pt (objective=classification-auprc, score=0.558950)
  negatives seen=100.0%; hard negatives=0
Epoch 043 train: loss=0.0689 AUROC=0.9987 AUPRC=0.9852 BalAcc=0.9886 F1=0.9386 MCC=0.9336
Epoch 043 val  : loss=0.5581 AUROC=0.9619 AUPRC=0.5384 BalAcc=0.5886 F1=0.2973 MCC=0.4013
  learning_rate_used=1.877e-04; learning_rate_next=1.831e-04; elapsed=5.5s
  negatives seen=100.0%; hard negatives=0
Epoch 044 train: loss=0.1018 AUROC=0.9979 AUPRC=0.9746 BalAcc=0.9835 F1=0.9367 MCC=0.9311
Epoch 044 val  : loss=0.1726 AUROC=0.9631 AUPRC=0.5681 BalAcc=0.8177 F1=0.4908 MCC=0.4993
  learning_rate_used=1.831e-04; learning_rate_next=1.785e-04; elapsed=5.5s
  saved new best checkpoint: /data/projects/SFB_A03/jan/AT_TFBS/human301/runs/CREB3L3/68001_ablation_dropout_seed1/best_model.pt (objective=classification-auprc, score=0.568130)
  negatives seen=100.0%; hard negatives=0
Epoch 045 train: loss=0.1107 AUROC=0.9986 AUPRC=0.9872 BalAcc=0.9877 F1=0.9533 MCC=0.9490
Epoch 045 val  : loss=0.1821 AUROC=0.9634 AUPRC=0.5335 BalAcc=0.7988 F1=0.5172 MCC=0.5173
  learning_rate_used=1.785e-04; learning_rate_next=1.739e-04; elapsed=5.5s
  negatives seen=100.0%; hard negatives=0
Epoch 046 train: loss=0.0977 AUROC=0.9986 AUPRC=0.9874 BalAcc=0.9843 F1=0.9441 MCC=0.9390
Epoch 046 val  : loss=0.2075 AUROC=0.9636 AUPRC=0.5542 BalAcc=0.7679 F1=0.5403 MCC=0.5357
  learning_rate_used=1.739e-04; learning_rate_next=1.692e-04; elapsed=5.5s
  negatives seen=100.0%; hard negatives=0
Epoch 047 train: loss=0.0732 AUROC=0.9989 AUPRC=0.9862 BalAcc=0.9865 F1=0.9531 MCC=0.9488
Epoch 047 val  : loss=0.1742 AUROC=0.9612 AUPRC=0.5609 BalAcc=0.8212 F1=0.4779 MCC=0.4897
  learning_rate_used=1.692e-04; learning_rate_next=1.646e-04; elapsed=5.5s
  negatives seen=100.0%; hard negatives=0
Epoch 048 train: loss=0.0581 AUROC=0.9995 AUPRC=0.9946 BalAcc=0.9894 F1=0.9572 MCC=0.9533
Epoch 048 val  : loss=0.1975 AUROC=0.9623 AUPRC=0.5649 BalAcc=0.8066 F1=0.5168 MCC=0.5187
  learning_rate_used=1.646e-04; learning_rate_next=1.599e-04; elapsed=5.6s
  negatives seen=100.0%; hard negatives=0
Epoch 049 train: loss=0.0704 AUROC=0.9986 AUPRC=0.9805 BalAcc=0.9860 F1=0.9481 MCC=0.9433
Epoch 049 val  : loss=0.4720 AUROC=0.9593 AUPRC=0.5303 BalAcc=0.6448 F1=0.4286 MCC=0.4847
  learning_rate_used=1.599e-04; learning_rate_next=1.552e-04; elapsed=5.6s
  negatives seen=100.0%; hard negatives=0
Epoch 050 train: loss=0.0676 AUROC=0.9993 AUPRC=0.9925 BalAcc=0.9855 F1=0.9556 MCC=0.9513
Epoch 050 val  : loss=0.3402 AUROC=0.9598 AUPRC=0.5605 BalAcc=0.7408 F1=0.5634 MCC=0.5676
  learning_rate_used=1.552e-04; learning_rate_next=1.505e-04; elapsed=5.6s
  negatives seen=100.0%; hard negatives=0
Epoch 051 train: loss=0.0604 AUROC=0.9989 AUPRC=0.9853 BalAcc=0.9917 F1=0.9677 MCC=0.9646
Epoch 051 val  : loss=0.2263 AUROC=0.9616 AUPRC=0.5922 BalAcc=0.8079 F1=0.5811 MCC=0.5779
  learning_rate_used=1.505e-04; learning_rate_next=1.458e-04; elapsed=5.5s
  saved new best checkpoint: /data/projects/SFB_A03/jan/AT_TFBS/human301/runs/CREB3L3/68001_ablation_dropout_seed1/best_model.pt (objective=classification-auprc, score=0.592165)
  negatives seen=100.0%; hard negatives=0
Epoch 052 train: loss=0.0857 AUROC=0.9990 AUPRC=0.9890 BalAcc=0.9836 F1=0.9491 MCC=0.9442
Epoch 052 val  : loss=0.1699 AUROC=0.9663 AUPRC=0.6027 BalAcc=0.8945 F1=0.3173 MCC=0.3919
  learning_rate_used=1.458e-04; learning_rate_next=1.411e-04; elapsed=5.5s
  saved new best checkpoint: /data/projects/SFB_A03/jan/AT_TFBS/human301/runs/CREB3L3/68001_ablation_dropout_seed1/best_model.pt (objective=classification-auprc, score=0.602700)
  negatives seen=100.0%; hard negatives=0
Epoch 053 train: loss=0.0760 AUROC=0.9990 AUPRC=0.9826 BalAcc=0.9853 F1=0.9530 MCC=0.9486
Epoch 053 val  : loss=0.3108 AUROC=0.9601 AUPRC=0.5326 BalAcc=0.7638 F1=0.5344 MCC=0.5298
  learning_rate_used=1.411e-04; learning_rate_next=1.364e-04; elapsed=5.5s
  negatives seen=100.0%; hard negatives=0
Epoch 054 train: loss=0.0694 AUROC=0.9989 AUPRC=0.9876 BalAcc=0.9898 F1=0.9611 MCC=0.9575
Epoch 054 val  : loss=0.3361 AUROC=0.9658 AUPRC=0.5527 BalAcc=0.7048 F1=0.5178 MCC=0.5326
  learning_rate_used=1.364e-04; learning_rate_next=1.318e-04; elapsed=5.5s
  negatives seen=100.0%; hard negatives=0
Epoch 055 train: loss=0.0537 AUROC=0.9992 AUPRC=0.9902 BalAcc=0.9898 F1=0.9497 MCC=0.9454
Epoch 055 val  : loss=0.2049 AUROC=0.9652 AUPRC=0.5728 BalAcc=0.7955 F1=0.5502 MCC=0.5470
  learning_rate_used=1.318e-04; learning_rate_next=1.271e-04; elapsed=5.5s
  negatives seen=100.0%; hard negatives=0
Epoch 056 train: loss=0.0358 AUROC=0.9993 AUPRC=0.9908 BalAcc=0.9949 F1=0.9744 MCC=0.9720
Epoch 056 val  : loss=0.1861 AUROC=0.9577 AUPRC=0.5879 BalAcc=0.8413 F1=0.4986 MCC=0.5134
  learning_rate_used=1.271e-04; learning_rate_next=1.225e-04; elapsed=5.5s
  negatives seen=100.0%; hard negatives=0
Epoch 057 train: loss=0.0404 AUROC=0.9995 AUPRC=0.9946 BalAcc=0.9938 F1=0.9640 MCC=0.9608
Epoch 057 val  : loss=0.2828 AUROC=0.9574 AUPRC=0.5368 BalAcc=0.7323 F1=0.5249 MCC=0.5247
  learning_rate_used=1.225e-04; learning_rate_next=1.179e-04; elapsed=5.6s
  negatives seen=100.0%; hard negatives=0
Epoch 058 train: loss=0.0710 AUROC=0.9992 AUPRC=0.9862 BalAcc=0.9868 F1=0.9557 MCC=0.9515
Epoch 058 val  : loss=0.4401 AUROC=0.9603 AUPRC=0.5544 BalAcc=0.6730 F1=0.4859 MCC=0.5277
  learning_rate_used=1.179e-04; learning_rate_next=1.133e-04; elapsed=5.5s
  negatives seen=100.0%; hard negatives=0
Epoch 059 train: loss=0.0286 AUROC=0.9995 AUPRC=0.9933 BalAcc=0.9939 F1=0.9769 MCC=0.9747
Epoch 059 val  : loss=0.2976 AUROC=0.9632 AUPRC=0.5960 BalAcc=0.7569 F1=0.5899 MCC=0.5925
  learning_rate_used=1.133e-04; learning_rate_next=1.088e-04; elapsed=5.5s
  negatives seen=100.0%; hard negatives=0
Epoch 060 train: loss=0.0645 AUROC=0.9992 AUPRC=0.9899 BalAcc=0.9879 F1=0.9661 MCC=0.9628
Epoch 060 val  : loss=0.1619 AUROC=0.9637 AUPRC=0.5829 BalAcc=0.8621 F1=0.4220 MCC=0.4601
  learning_rate_used=1.088e-04; learning_rate_next=1.043e-04; elapsed=5.5s
  negatives seen=100.0%; hard negatives=0
Epoch 061 train: loss=0.0303 AUROC=0.9995 AUPRC=0.9922 BalAcc=0.9967 F1=0.9797 MCC=0.9778
Epoch 061 val  : loss=0.3480 AUROC=0.9612 AUPRC=0.5630 BalAcc=0.7288 F1=0.5481 MCC=0.5550
  learning_rate_used=1.043e-04; learning_rate_next=9.986e-05; elapsed=5.5s
  negatives seen=100.0%; hard negatives=0
Epoch 062 train: loss=0.0311 AUROC=0.9995 AUPRC=0.9948 BalAcc=0.9952 F1=0.9770 MCC=0.9748
Epoch 062 val  : loss=0.3945 AUROC=0.9622 AUPRC=0.5574 BalAcc=0.6888 F1=0.5000 MCC=0.5244
  learning_rate_used=9.986e-05; learning_rate_next=9.547e-05; elapsed=5.5s
  negatives seen=100.0%; hard negatives=0
Epoch 063 train: loss=0.0321 AUROC=0.9999 AUPRC=0.9986 BalAcc=0.9952 F1=0.9890 MCC=0.9879
Epoch 063 val  : loss=0.1959 AUROC=0.9589 AUPRC=0.5668 BalAcc=0.8339 F1=0.5138 MCC=0.5236
  learning_rate_used=9.547e-05; learning_rate_next=9.113e-05; elapsed=5.5s
  negatives seen=100.0%; hard negatives=0
Epoch 064 train: loss=0.0365 AUROC=0.9994 AUPRC=0.9903 BalAcc=0.9941 F1=0.9783 MCC=0.9762
Epoch 064 val  : loss=0.2501 AUROC=0.9636 AUPRC=0.5772 BalAcc=0.7957 F1=0.5585 MCC=0.5550
  learning_rate_used=9.113e-05; learning_rate_next=8.685e-05; elapsed=5.6s
  negatives seen=100.0%; hard negatives=0
Epoch 065 train: loss=0.0193 AUROC=0.9996 AUPRC=0.9953 BalAcc=0.9968 F1=0.9810 MCC=0.9793
Epoch 065 val  : loss=0.4588 AUROC=0.9604 AUPRC=0.5530 BalAcc=0.7009 F1=0.5236 MCC=0.5454
  learning_rate_used=8.685e-05; learning_rate_next=8.263e-05; elapsed=5.6s
  negatives seen=100.0%; hard negatives=0
Epoch 066 train: loss=0.0331 AUROC=0.9997 AUPRC=0.9966 BalAcc=0.9957 F1=0.9823 MCC=0.9806
Epoch 066 val  : loss=0.2395 AUROC=0.9627 AUPRC=0.5704 BalAcc=0.8031 F1=0.5390 MCC=0.5378
  learning_rate_used=8.263e-05; learning_rate_next=7.848e-05; elapsed=5.5s
  negatives seen=100.0%; hard negatives=0
Epoch 067 train: loss=0.0270 AUROC=0.9996 AUPRC=0.9961 BalAcc=0.9959 F1=0.9718 MCC=0.9693
Epoch 067 val  : loss=0.2655 AUROC=0.9623 AUPRC=0.5799 BalAcc=0.7962 F1=0.5873 MCC=0.5832
  learning_rate_used=7.848e-05; learning_rate_next=7.440e-05; elapsed=5.6s
  negatives seen=100.0%; hard negatives=0
Epoch 068 train: loss=0.0450 AUROC=0.9996 AUPRC=0.9951 BalAcc=0.9927 F1=0.9769 MCC=0.9746
Epoch 068 val  : loss=0.3055 AUROC=0.9584 AUPRC=0.5661 BalAcc=0.7685 F1=0.5776 MCC=0.5751
  learning_rate_used=7.440e-05; learning_rate_next=7.039e-05; elapsed=5.5s
  negatives seen=100.0%; hard negatives=0
Epoch 069 train: loss=0.0388 AUROC=0.9998 AUPRC=0.9980 BalAcc=0.9927 F1=0.9769 MCC=0.9746
Epoch 069 val  : loss=0.3017 AUROC=0.9568 AUPRC=0.5534 BalAcc=0.7683 F1=0.5678 MCC=0.5644
  learning_rate_used=7.039e-05; learning_rate_next=6.647e-05; elapsed=5.5s
  negatives seen=100.0%; hard negatives=0
Epoch 070 train: loss=0.0424 AUROC=0.9996 AUPRC=0.9958 BalAcc=0.9963 F1=0.9757 MCC=0.9735
Epoch 070 val  : loss=0.3768 AUROC=0.9572 AUPRC=0.5468 BalAcc=0.7446 F1=0.5545 MCC=0.5553
  learning_rate_used=6.647e-05; learning_rate_next=6.263e-05; elapsed=5.5s
  negatives seen=100.0%; hard negatives=0
Epoch 071 train: loss=0.0336 AUROC=0.9995 AUPRC=0.9938 BalAcc=0.9970 F1=0.9824 MCC=0.9807
Epoch 071 val  : loss=0.3465 AUROC=0.9575 AUPRC=0.5562 BalAcc=0.7526 F1=0.5650 MCC=0.5648
  learning_rate_used=6.263e-05; learning_rate_next=5.887e-05; elapsed=5.6s
  negatives seen=100.0%; hard negatives=0
Epoch 072 train: loss=0.0249 AUROC=0.9999 AUPRC=0.9985 BalAcc=0.9944 F1=0.9809 MCC=0.9791
Epoch 072 val  : loss=0.3475 AUROC=0.9584 AUPRC=0.5563 BalAcc=0.7604 F1=0.5652 MCC=0.5630
  learning_rate_used=5.887e-05; learning_rate_next=5.521e-05; elapsed=5.6s
Early stopping after 72 epochs.
Binary threshold: 0.997238 (strategy=val-mcc, validation_score=0.601491)
TEST chr10,chr12,chr14,chr16,chr18,chr2,chr20,chr22,chr4,chr6,chr8: loss=0.1591 AUROC=0.9783 AUPRC=0.5255 BalAcc=0.7506 F1=0.5353 MCC=0.5319
Outputs written to /data/projects/SFB_A03/jan/AT_TFBS/human301/runs/CREB3L3/68001_ablation_dropout_seed1
Binary predictions: binary_classification_results.tsv
Binary metrics: binary_classification_metrics.json
ROC plot: roc_curve.png
Precision-recall plot: precision_recall_curve.png
Confusion matrix: binary_confusion_matrix.tsv
