Window geometry: 256 bp from 301 bp; crop starts 0..45; shifts -22..+23; fresh uniform draw per access
Evaluation: crops (0, 22, 23, 45), reverse complement=True; all samples
train: n=36,663, positive=363, negative=36,300
  val: n=12,524, positive=124, negative=12,400
 test: n=40,198, positive=398, negative=39,800
Device: cuda
Hidden activation: RELU
Parameters: 1,030,037 total; 1,030,037 trainable
  negatives seen=5.0%; hard negatives=0
Epoch 001 train: loss=1.2858 AUROC=0.5455 AUPRC=0.1894 BalAcc=0.5267 F1=0.2700 MCC=0.0399
Epoch 001 val  : loss=0.6076 AUROC=0.6336 AUPRC=0.0165 BalAcc=0.5831 F1=0.0317 MCC=0.0382
  learning_rate_used=3.000e-04; learning_rate_next=2.997e-04; elapsed=7.1s
  saved new best checkpoint: /data/projects/SFB_A03/jan/AT_TFBS/human301/runs/CREB3L3/67989_hum301_no_hardneg/best_model.pt (objective=classification-auprc, score=0.016534)
  negatives seen=10.0%; hard negatives=0
Epoch 002 train: loss=1.1286 AUROC=0.6518 AUPRC=0.3159 BalAcc=0.6069 F1=0.3398 MCC=0.1612
Epoch 002 val  : loss=0.4334 AUROC=0.7855 AUPRC=0.0883 BalAcc=0.7168 F1=0.0713 MCC=0.1198
  learning_rate_used=2.997e-04; learning_rate_next=2.988e-04; elapsed=5.6s
  saved new best checkpoint: /data/projects/SFB_A03/jan/AT_TFBS/human301/runs/CREB3L3/67989_hum301_no_hardneg/best_model.pt (objective=classification-auprc, score=0.088275)
  negatives seen=15.0%; hard negatives=0
Epoch 003 train: loss=0.9374 AUROC=0.7984 AUPRC=0.4614 BalAcc=0.7242 F1=0.4696 MCC=0.3529
Epoch 003 val  : loss=0.2441 AUROC=0.7940 AUPRC=0.0650 BalAcc=0.6547 F1=0.0985 MCC=0.1245
  learning_rate_used=2.988e-04; learning_rate_next=2.974e-04; elapsed=5.6s
  negatives seen=20.0%; hard negatives=0
Epoch 004 train: loss=0.8132 AUROC=0.8506 AUPRC=0.5573 BalAcc=0.7664 F1=0.5258 MCC=0.4280
Epoch 004 val  : loss=0.4909 AUROC=0.8946 AUPRC=0.1817 BalAcc=0.8157 F1=0.0690 MCC=0.1468
  learning_rate_used=2.974e-04; learning_rate_next=2.953e-04; elapsed=5.6s
  saved new best checkpoint: /data/projects/SFB_A03/jan/AT_TFBS/human301/runs/CREB3L3/67989_hum301_no_hardneg/best_model.pt (objective=classification-auprc, score=0.181732)
  negatives seen=25.0%; hard negatives=0
Epoch 005 train: loss=0.8031 AUROC=0.8651 AUPRC=0.6192 BalAcc=0.7862 F1=0.5591 MCC=0.4694
Epoch 005 val  : loss=0.2900 AUROC=0.8690 AUPRC=0.1511 BalAcc=0.7914 F1=0.1217 MCC=0.1920
  learning_rate_used=2.953e-04; learning_rate_next=2.927e-04; elapsed=5.6s
  negatives seen=30.0%; hard negatives=0
Epoch 006 train: loss=0.6220 AUROC=0.9183 AUPRC=0.7334 BalAcc=0.8350 F1=0.6394 MCC=0.5693
Epoch 006 val  : loss=0.3935 AUROC=0.8983 AUPRC=0.2247 BalAcc=0.8260 F1=0.0902 MCC=0.1723
  learning_rate_used=2.927e-04; learning_rate_next=2.895e-04; elapsed=5.6s
  saved new best checkpoint: /data/projects/SFB_A03/jan/AT_TFBS/human301/runs/CREB3L3/67989_hum301_no_hardneg/best_model.pt (objective=classification-auprc, score=0.224707)
  negatives seen=35.0%; hard negatives=0
Epoch 007 train: loss=0.6381 AUROC=0.9131 AUPRC=0.6956 BalAcc=0.8397 F1=0.6492 MCC=0.5810
Epoch 007 val  : loss=0.2408 AUROC=0.8981 AUPRC=0.2140 BalAcc=0.8100 F1=0.1423 MCC=0.2170
  learning_rate_used=2.895e-04; learning_rate_next=2.858e-04; elapsed=5.6s
  negatives seen=40.0%; hard negatives=0
Epoch 008 train: loss=0.5038 AUROC=0.9500 AUPRC=0.8118 BalAcc=0.8758 F1=0.7191 MCC=0.6650
Epoch 008 val  : loss=0.2117 AUROC=0.8778 AUPRC=0.2328 BalAcc=0.7925 F1=0.1684 MCC=0.2334
  learning_rate_used=2.858e-04; learning_rate_next=2.815e-04; elapsed=5.6s
  saved new best checkpoint: /data/projects/SFB_A03/jan/AT_TFBS/human301/runs/CREB3L3/67989_hum301_no_hardneg/best_model.pt (objective=classification-auprc, score=0.232755)
  negatives seen=45.0%; hard negatives=0
Epoch 009 train: loss=0.4573 AUROC=0.9551 AUPRC=0.8088 BalAcc=0.8934 F1=0.7456 MCC=0.6982
Epoch 009 val  : loss=0.1647 AUROC=0.9260 AUPRC=0.3452 BalAcc=0.8254 F1=0.2327 MCC=0.2982
  learning_rate_used=2.815e-04; learning_rate_next=2.767e-04; elapsed=5.6s
  saved new best checkpoint: /data/projects/SFB_A03/jan/AT_TFBS/human301/runs/CREB3L3/67989_hum301_no_hardneg/best_model.pt (objective=classification-auprc, score=0.345218)
  negatives seen=50.0%; hard negatives=0
Epoch 010 train: loss=0.4135 AUROC=0.9660 AUPRC=0.8773 BalAcc=0.9050 F1=0.7806 MCC=0.7383
Epoch 010 val  : loss=0.1324 AUROC=0.9246 AUPRC=0.2829 BalAcc=0.7782 F1=0.2903 MCC=0.3245
  learning_rate_used=2.767e-04; learning_rate_next=2.714e-04; elapsed=5.6s
  negatives seen=55.0%; hard negatives=0
Epoch 011 train: loss=0.4167 AUROC=0.9661 AUPRC=0.8692 BalAcc=0.9201 F1=0.8068 MCC=0.7703
Epoch 011 val  : loss=0.3443 AUROC=0.9306 AUPRC=0.3336 BalAcc=0.8609 F1=0.1128 MCC=0.2059
  learning_rate_used=2.714e-04; learning_rate_next=2.657e-04; elapsed=5.6s
  negatives seen=60.0%; hard negatives=0
Epoch 012 train: loss=0.3432 AUROC=0.9752 AUPRC=0.8987 BalAcc=0.9226 F1=0.8088 MCC=0.7729
Epoch 012 val  : loss=0.2415 AUROC=0.9304 AUPRC=0.3673 BalAcc=0.8587 F1=0.1615 MCC=0.2508
  learning_rate_used=2.657e-04; learning_rate_next=2.595e-04; elapsed=5.6s
  saved new best checkpoint: /data/projects/SFB_A03/jan/AT_TFBS/human301/runs/CREB3L3/67989_hum301_no_hardneg/best_model.pt (objective=classification-auprc, score=0.367302)
  negatives seen=65.0%; hard negatives=0
Epoch 013 train: loss=0.2953 AUROC=0.9806 AUPRC=0.9327 BalAcc=0.9369 F1=0.8436 MCC=0.8139
Epoch 013 val  : loss=0.3147 AUROC=0.9164 AUPRC=0.3483 BalAcc=0.8534 F1=0.1228 MCC=0.2133
  learning_rate_used=2.595e-04; learning_rate_next=2.528e-04; elapsed=5.6s
  negatives seen=70.0%; hard negatives=0
Epoch 014 train: loss=0.2971 AUROC=0.9810 AUPRC=0.9171 BalAcc=0.9383 F1=0.8374 MCC=0.8075
Epoch 014 val  : loss=0.1725 AUROC=0.9372 AUPRC=0.3389 BalAcc=0.8489 F1=0.2150 MCC=0.2928
  learning_rate_used=2.528e-04; learning_rate_next=2.458e-04; elapsed=5.6s
  negatives seen=75.0%; hard negatives=0
Epoch 015 train: loss=0.3274 AUROC=0.9775 AUPRC=0.9112 BalAcc=0.9328 F1=0.8280 MCC=0.7961
Epoch 015 val  : loss=0.1904 AUROC=0.9375 AUPRC=0.3895 BalAcc=0.8629 F1=0.2106 MCC=0.2944
  learning_rate_used=2.458e-04; learning_rate_next=2.384e-04; elapsed=5.6s
  saved new best checkpoint: /data/projects/SFB_A03/jan/AT_TFBS/human301/runs/CREB3L3/67989_hum301_no_hardneg/best_model.pt (objective=classification-auprc, score=0.389478)
  negatives seen=80.0%; hard negatives=0
Epoch 016 train: loss=0.2348 AUROC=0.9867 AUPRC=0.9401 BalAcc=0.9501 F1=0.8636 MCC=0.8385
Epoch 016 val  : loss=0.1148 AUROC=0.9347 AUPRC=0.3862 BalAcc=0.8064 F1=0.3861 MCC=0.4104
  learning_rate_used=2.384e-04; learning_rate_next=2.306e-04; elapsed=5.6s
  negatives seen=85.0%; hard negatives=0
Epoch 017 train: loss=0.2693 AUROC=0.9854 AUPRC=0.9337 BalAcc=0.9471 F1=0.8718 MCC=0.8470
Epoch 017 val  : loss=0.3587 AUROC=0.9409 AUPRC=0.4006 BalAcc=0.8656 F1=0.1100 MCC=0.2045
  learning_rate_used=2.306e-04; learning_rate_next=2.225e-04; elapsed=5.6s
  saved new best checkpoint: /data/projects/SFB_A03/jan/AT_TFBS/human301/runs/CREB3L3/67989_hum301_no_hardneg/best_model.pt (objective=classification-auprc, score=0.400641)
  negatives seen=90.0%; hard negatives=0
Epoch 018 train: loss=0.2022 AUROC=0.9909 AUPRC=0.9512 BalAcc=0.9562 F1=0.8838 MCC=0.8619
Epoch 018 val  : loss=0.1455 AUROC=0.9391 AUPRC=0.4359 BalAcc=0.8569 F1=0.2789 MCC=0.3470
  learning_rate_used=2.225e-04; learning_rate_next=2.142e-04; elapsed=5.6s
  saved new best checkpoint: /data/projects/SFB_A03/jan/AT_TFBS/human301/runs/CREB3L3/67989_hum301_no_hardneg/best_model.pt (objective=classification-auprc, score=0.435886)
  negatives seen=95.0%; hard negatives=0
Epoch 019 train: loss=0.1890 AUROC=0.9913 AUPRC=0.9526 BalAcc=0.9587 F1=0.8897 MCC=0.8689
Epoch 019 val  : loss=0.1095 AUROC=0.9348 AUPRC=0.4341 BalAcc=0.7506 F1=0.4632 MCC=0.4592
  learning_rate_used=2.142e-04; learning_rate_next=2.055e-04; elapsed=5.7s
  negatives seen=100.0%; hard negatives=0
Epoch 020 train: loss=0.2218 AUROC=0.9898 AUPRC=0.9412 BalAcc=0.9592 F1=0.8920 MCC=0.8716
Epoch 020 val  : loss=0.1796 AUROC=0.9238 AUPRC=0.3686 BalAcc=0.8280 F1=0.2242 MCC=0.2924
  learning_rate_used=2.055e-04; learning_rate_next=1.967e-04; elapsed=5.6s
  negatives seen=100.0%; hard negatives=0
Epoch 021 train: loss=0.1937 AUROC=0.9912 AUPRC=0.9569 BalAcc=0.9592 F1=0.8878 MCC=0.8668
Epoch 021 val  : loss=0.6199 AUROC=0.9441 AUPRC=0.4192 BalAcc=0.8510 F1=0.0723 MCC=0.1608
  learning_rate_used=1.967e-04; learning_rate_next=1.877e-04; elapsed=5.6s
  negatives seen=100.0%; hard negatives=0
Epoch 022 train: loss=0.1979 AUROC=0.9913 AUPRC=0.9553 BalAcc=0.9573 F1=0.8883 MCC=0.8671
Epoch 022 val  : loss=0.1679 AUROC=0.9381 AUPRC=0.4398 BalAcc=0.8466 F1=0.2241 MCC=0.2994
  learning_rate_used=1.877e-04; learning_rate_next=1.785e-04; elapsed=5.6s
  saved new best checkpoint: /data/projects/SFB_A03/jan/AT_TFBS/human301/runs/CREB3L3/67989_hum301_no_hardneg/best_model.pt (objective=classification-auprc, score=0.439838)
  negatives seen=100.0%; hard negatives=0
Epoch 023 train: loss=0.1984 AUROC=0.9939 AUPRC=0.9704 BalAcc=0.9592 F1=0.9053 MCC=0.8866
Epoch 023 val  : loss=0.2188 AUROC=0.9435 AUPRC=0.4622 BalAcc=0.8792 F1=0.1836 MCC=0.2773
  learning_rate_used=1.785e-04; learning_rate_next=1.692e-04; elapsed=5.6s
  saved new best checkpoint: /data/projects/SFB_A03/jan/AT_TFBS/human301/runs/CREB3L3/67989_hum301_no_hardneg/best_model.pt (objective=classification-auprc, score=0.462233)
  negatives seen=100.0%; hard negatives=0
Epoch 024 train: loss=0.1916 AUROC=0.9931 AUPRC=0.9519 BalAcc=0.9675 F1=0.9184 MCC=0.9025
Epoch 024 val  : loss=0.1491 AUROC=0.9362 AUPRC=0.4486 BalAcc=0.6804 F1=0.4639 MCC=0.4793
  learning_rate_used=1.692e-04; learning_rate_next=1.599e-04; elapsed=5.6s
  negatives seen=100.0%; hard negatives=0
Epoch 025 train: loss=0.1586 AUROC=0.9941 AUPRC=0.9639 BalAcc=0.9719 F1=0.9286 MCC=0.9147
Epoch 025 val  : loss=0.1123 AUROC=0.9421 AUPRC=0.4555 BalAcc=0.7396 F1=0.4979 MCC=0.4933
  learning_rate_used=1.599e-04; learning_rate_next=1.505e-04; elapsed=5.6s
  negatives seen=100.0%; hard negatives=0
Epoch 026 train: loss=0.1470 AUROC=0.9952 AUPRC=0.9693 BalAcc=0.9702 F1=0.9259 MCC=0.9115
Epoch 026 val  : loss=0.1207 AUROC=0.9428 AUPRC=0.4620 BalAcc=0.7638 F1=0.5344 MCC=0.5298
  learning_rate_used=1.505e-04; learning_rate_next=1.411e-04; elapsed=5.6s
  negatives seen=100.0%; hard negatives=0
Epoch 027 train: loss=0.1197 AUROC=0.9954 AUPRC=0.9667 BalAcc=0.9755 F1=0.9351 MCC=0.9225
Epoch 027 val  : loss=0.1383 AUROC=0.9424 AUPRC=0.4532 BalAcc=0.6883 F1=0.4677 MCC=0.4770
  learning_rate_used=1.411e-04; learning_rate_next=1.318e-04; elapsed=5.6s
  negatives seen=100.0%; hard negatives=0
Epoch 028 train: loss=0.1039 AUROC=0.9978 AUPRC=0.9891 BalAcc=0.9769 F1=0.9365 MCC=0.9243
Epoch 028 val  : loss=0.1868 AUROC=0.9262 AUPRC=0.4147 BalAcc=0.6646 F1=0.4457 MCC=0.4719
  learning_rate_used=1.318e-04; learning_rate_next=1.225e-04; elapsed=5.6s
  negatives seen=100.0%; hard negatives=0
Epoch 029 train: loss=0.1199 AUROC=0.9966 AUPRC=0.9787 BalAcc=0.9774 F1=0.9488 MCC=0.9386
Epoch 029 val  : loss=0.1159 AUROC=0.9461 AUPRC=0.4631 BalAcc=0.8148 F1=0.4030 MCC=0.4269
  learning_rate_used=1.225e-04; learning_rate_next=1.133e-04; elapsed=5.6s
  saved new best checkpoint: /data/projects/SFB_A03/jan/AT_TFBS/human301/runs/CREB3L3/67989_hum301_no_hardneg/best_model.pt (objective=classification-auprc, score=0.463134)
  negatives seen=100.0%; hard negatives=0
Epoch 030 train: loss=0.0973 AUROC=0.9971 AUPRC=0.9831 BalAcc=0.9818 F1=0.9444 MCC=0.9339
Epoch 030 val  : loss=0.1290 AUROC=0.9506 AUPRC=0.4413 BalAcc=0.8490 F1=0.3214 MCC=0.3770
  learning_rate_used=1.133e-04; learning_rate_next=1.043e-04; elapsed=5.6s
  negatives seen=100.0%; hard negatives=0
Epoch 031 train: loss=0.1219 AUROC=0.9974 AUPRC=0.9855 BalAcc=0.9747 F1=0.9410 MCC=0.9293
Epoch 031 val  : loss=0.2081 AUROC=0.9375 AUPRC=0.4383 BalAcc=0.6244 F1=0.3669 MCC=0.4118
  learning_rate_used=1.043e-04; learning_rate_next=9.547e-05; elapsed=5.6s
  negatives seen=100.0%; hard negatives=0
Epoch 032 train: loss=0.0669 AUROC=0.9991 AUPRC=0.9952 BalAcc=0.9840 F1=0.9647 MCC=0.9576
Epoch 032 val  : loss=0.1353 AUROC=0.9454 AUPRC=0.4605 BalAcc=0.7479 F1=0.5232 MCC=0.5192
  learning_rate_used=9.547e-05; learning_rate_next=8.685e-05; elapsed=5.6s
  negatives seen=100.0%; hard negatives=0
Epoch 033 train: loss=0.0782 AUROC=0.9984 AUPRC=0.9889 BalAcc=0.9862 F1=0.9649 MCC=0.9579
Epoch 033 val  : loss=0.1230 AUROC=0.9401 AUPRC=0.4577 BalAcc=0.7852 F1=0.4472 MCC=0.4528
  learning_rate_used=8.685e-05; learning_rate_next=7.848e-05; elapsed=5.6s
  negatives seen=100.0%; hard negatives=0
Epoch 034 train: loss=0.0890 AUROC=0.9982 AUPRC=0.9903 BalAcc=0.9818 F1=0.9543 MCC=0.9453
Epoch 034 val  : loss=0.1219 AUROC=0.9421 AUPRC=0.4749 BalAcc=0.7935 F1=0.4639 MCC=0.4695
  learning_rate_used=7.848e-05; learning_rate_next=7.039e-05; elapsed=5.6s
  saved new best checkpoint: /data/projects/SFB_A03/jan/AT_TFBS/human301/runs/CREB3L3/67989_hum301_no_hardneg/best_model.pt (objective=classification-auprc, score=0.474908)
  negatives seen=100.0%; hard negatives=0
Epoch 035 train: loss=0.0933 AUROC=0.9982 AUPRC=0.9897 BalAcc=0.9780 F1=0.9514 MCC=0.9416
Epoch 035 val  : loss=0.1111 AUROC=0.9498 AUPRC=0.4943 BalAcc=0.8308 F1=0.4169 MCC=0.4439
  learning_rate_used=7.039e-05; learning_rate_next=6.263e-05; elapsed=5.6s
  saved new best checkpoint: /data/projects/SFB_A03/jan/AT_TFBS/human301/runs/CREB3L3/67989_hum301_no_hardneg/best_model.pt (objective=classification-auprc, score=0.494273)
  negatives seen=100.0%; hard negatives=0
Epoch 036 train: loss=0.0752 AUROC=0.9971 AUPRC=0.9787 BalAcc=0.9909 F1=0.9615 MCC=0.9543
Epoch 036 val  : loss=0.1205 AUROC=0.9455 AUPRC=0.4839 BalAcc=0.7553 F1=0.5000 MCC=0.4951
  learning_rate_used=6.263e-05; learning_rate_next=5.521e-05; elapsed=5.6s
  negatives seen=100.0%; hard negatives=0
Epoch 037 train: loss=0.0911 AUROC=0.9982 AUPRC=0.9912 BalAcc=0.9802 F1=0.9467 MCC=0.9363
Epoch 037 val  : loss=0.1451 AUROC=0.9474 AUPRC=0.4701 BalAcc=0.7042 F1=0.4811 MCC=0.4840
  learning_rate_used=5.521e-05; learning_rate_next=4.816e-05; elapsed=5.6s
  negatives seen=100.0%; hard negatives=0
Epoch 038 train: loss=0.0761 AUROC=0.9985 AUPRC=0.9920 BalAcc=0.9854 F1=0.9661 MCC=0.9593
Epoch 038 val  : loss=0.1223 AUROC=0.9489 AUPRC=0.4829 BalAcc=0.7831 F1=0.5182 MCC=0.5153
  learning_rate_used=4.816e-05; learning_rate_next=4.152e-05; elapsed=5.6s
  negatives seen=100.0%; hard negatives=0
Epoch 039 train: loss=0.0722 AUROC=0.9980 AUPRC=0.9871 BalAcc=0.9890 F1=0.9677 MCC=0.9613
Epoch 039 val  : loss=0.1204 AUROC=0.9489 AUPRC=0.4865 BalAcc=0.8099 F1=0.4921 MCC=0.4982
  learning_rate_used=4.152e-05; learning_rate_next=3.531e-05; elapsed=5.6s
  negatives seen=100.0%; hard negatives=0
Epoch 040 train: loss=0.0491 AUROC=0.9988 AUPRC=0.9929 BalAcc=0.9898 F1=0.9614 MCC=0.9541
Epoch 040 val  : loss=0.1320 AUROC=0.9498 AUPRC=0.4821 BalAcc=0.7678 F1=0.5360 MCC=0.5313
  learning_rate_used=3.531e-05; learning_rate_next=2.955e-05; elapsed=5.6s
  negatives seen=100.0%; hard negatives=0
Epoch 041 train: loss=0.0689 AUROC=0.9988 AUPRC=0.9929 BalAcc=0.9887 F1=0.9715 MCC=0.9659
Epoch 041 val  : loss=0.1410 AUROC=0.9494 AUPRC=0.4749 BalAcc=0.7439 F1=0.5169 MCC=0.5130
  learning_rate_used=2.955e-05; learning_rate_next=2.427e-05; elapsed=5.6s
  negatives seen=100.0%; hard negatives=0
Epoch 042 train: loss=0.0644 AUROC=0.9984 AUPRC=0.9896 BalAcc=0.9890 F1=0.9677 MCC=0.9613
Epoch 042 val  : loss=0.1403 AUROC=0.9417 AUPRC=0.4645 BalAcc=0.7753 F1=0.5188 MCC=0.5149
  learning_rate_used=2.427e-05; learning_rate_next=1.949e-05; elapsed=5.6s
  negatives seen=100.0%; hard negatives=0
Epoch 043 train: loss=0.0381 AUROC=0.9997 AUPRC=0.9987 BalAcc=0.9915 F1=0.9795 MCC=0.9755
Epoch 043 val  : loss=0.1325 AUROC=0.9478 AUPRC=0.4794 BalAcc=0.7835 F1=0.5399 MCC=0.5359
  learning_rate_used=1.949e-05; learning_rate_next=1.523e-05; elapsed=5.6s
  negatives seen=100.0%; hard negatives=0
Epoch 044 train: loss=0.0305 AUROC=0.9993 AUPRC=0.9921 BalAcc=0.9953 F1=0.9824 MCC=0.9789
Epoch 044 val  : loss=0.1390 AUROC=0.9498 AUPRC=0.4795 BalAcc=0.7519 F1=0.5272 MCC=0.5230
  learning_rate_used=1.523e-05; learning_rate_next=1.150e-05; elapsed=5.6s
  negatives seen=100.0%; hard negatives=0
Epoch 045 train: loss=0.0317 AUROC=0.9989 AUPRC=0.9916 BalAcc=0.9970 F1=0.9851 MCC=0.9822
Epoch 045 val  : loss=0.1469 AUROC=0.9476 AUPRC=0.4707 BalAcc=0.7399 F1=0.5128 MCC=0.5092
  learning_rate_used=1.150e-05; learning_rate_next=8.317e-06; elapsed=5.6s
Early stopping after 45 epochs.
Binary threshold: 0.723990 (strategy=val-mcc, validation_score=0.526842)
TEST chr10,chr12,chr14,chr16,chr18,chr2,chr20,chr22,chr4,chr6,chr8: loss=0.1030 AUROC=0.9660 AUPRC=0.4487 BalAcc=0.7658 F1=0.4517 MCC=0.4515
Outputs written to /data/projects/SFB_A03/jan/AT_TFBS/human301/runs/CREB3L3/67989_hum301_no_hardneg
Binary predictions: binary_classification_results.tsv
Binary metrics: binary_classification_metrics.json
ROC plot: roc_curve.png
Precision-recall plot: precision_recall_curve.png
Confusion matrix: binary_confusion_matrix.tsv
