Window geometry: 256 bp from 301 bp; crop starts 0..45; shifts -22..+23; fresh uniform draw per access
Evaluation: crops (0, 22, 23, 45), reverse complement=True; all samples
train: n=36,663, positive=363, negative=36,300
  val: n=12,524, positive=124, negative=12,400
 test: n=40,198, positive=398, negative=39,800
Device: cuda
Hidden activation: RELU
Parameters: 1,604,741 total; 1,604,741 trainable
Architecture: motif kernels 9/12/15/21; encoder 128/64/64; original five-block bottleneck at 64; decoder 64/128/256
  negatives seen=10.0%; hard negatives=0
Epoch 001 train: loss=1.6386 AUROC=0.5038 AUPRC=0.0946 BalAcc=0.5107 F1=0.1583 MCC=0.0124
Epoch 001 val  : loss=0.7211 AUROC=0.5854 AUPRC=0.0130 BalAcc=0.5544 F1=0.0248 MCC=0.0223
  learning_rate_used=3.000e-04; learning_rate_next=2.999e-04; elapsed=7.0s
  saved new best checkpoint: /data/projects/SFB_A03/jan/AT_TFBS/human301/runs/CREB3L3/68001_ablation_multi32_seed2/best_model.pt (objective=classification-auprc, score=0.012976)
  negatives seen=20.0%; hard negatives=0
Epoch 002 train: loss=1.3712 AUROC=0.5537 AUPRC=0.1160 BalAcc=0.5331 F1=0.1715 MCC=0.0382
Epoch 002 val  : loss=0.7661 AUROC=0.6790 AUPRC=0.0302 BalAcc=0.6229 F1=0.0285 MCC=0.0487
  learning_rate_used=2.999e-04; learning_rate_next=2.997e-04; elapsed=5.7s
  saved new best checkpoint: /data/projects/SFB_A03/jan/AT_TFBS/human301/runs/CREB3L3/68001_ablation_multi32_seed2/best_model.pt (objective=classification-auprc, score=0.030247)
  negatives seen=30.0%; hard negatives=0
Epoch 003 train: loss=1.2396 AUROC=0.6618 AUPRC=0.1972 BalAcc=0.6135 F1=0.2251 MCC=0.1335
Epoch 003 val  : loss=0.4886 AUROC=0.8148 AUPRC=0.0934 BalAcc=0.7162 F1=0.0797 MCC=0.1280
  learning_rate_used=2.997e-04; learning_rate_next=2.993e-04; elapsed=5.7s
  saved new best checkpoint: /data/projects/SFB_A03/jan/AT_TFBS/human301/runs/CREB3L3/68001_ablation_multi32_seed2/best_model.pt (objective=classification-auprc, score=0.093400)
  negatives seen=40.0%; hard negatives=0
Epoch 004 train: loss=1.0777 AUROC=0.7686 AUPRC=0.3149 BalAcc=0.6917 F1=0.2964 MCC=0.2367
Epoch 004 val  : loss=0.2388 AUROC=0.9054 AUPRC=0.1643 BalAcc=0.7715 F1=0.2175 MCC=0.2652
  learning_rate_used=2.993e-04; learning_rate_next=2.988e-04; elapsed=5.7s
  saved new best checkpoint: /data/projects/SFB_A03/jan/AT_TFBS/human301/runs/CREB3L3/68001_ablation_multi32_seed2/best_model.pt (objective=classification-auprc, score=0.164318)
  negatives seen=50.0%; hard negatives=0
Epoch 005 train: loss=0.8642 AUROC=0.8609 AUPRC=0.4765 BalAcc=0.7828 F1=0.4029 MCC=0.3720
Epoch 005 val  : loss=0.3194 AUROC=0.8778 AUPRC=0.1293 BalAcc=0.5824 F1=0.2079 MCC=0.2074
  learning_rate_used=2.988e-04; learning_rate_next=2.982e-04; elapsed=5.7s
  negatives seen=60.0%; hard negatives=0
Epoch 006 train: loss=0.8483 AUROC=0.8809 AUPRC=0.5183 BalAcc=0.7891 F1=0.4331 MCC=0.3989
Epoch 006 val  : loss=0.1988 AUROC=0.9196 AUPRC=0.2261 BalAcc=0.6684 F1=0.2966 MCC=0.2916
  learning_rate_used=2.982e-04; learning_rate_next=2.974e-04; elapsed=5.7s
  saved new best checkpoint: /data/projects/SFB_A03/jan/AT_TFBS/human301/runs/CREB3L3/68001_ablation_multi32_seed2/best_model.pt (objective=classification-auprc, score=0.226113)
  negatives seen=70.0%; hard negatives=0
Epoch 007 train: loss=0.6580 AUROC=0.9242 AUPRC=0.5888 BalAcc=0.8445 F1=0.5164 MCC=0.4951
Epoch 007 val  : loss=1.0099 AUROC=0.9333 AUPRC=0.2455 BalAcc=0.7483 F1=0.0401 MCC=0.0986
  learning_rate_used=2.974e-04; learning_rate_next=2.964e-04; elapsed=5.7s
  saved new best checkpoint: /data/projects/SFB_A03/jan/AT_TFBS/human301/runs/CREB3L3/68001_ablation_multi32_seed2/best_model.pt (objective=classification-auprc, score=0.245460)
  negatives seen=80.0%; hard negatives=0
Epoch 008 train: loss=0.6415 AUROC=0.9295 AUPRC=0.6258 BalAcc=0.8492 F1=0.5220 MCC=0.5020
Epoch 008 val  : loss=0.1650 AUROC=0.9391 AUPRC=0.3484 BalAcc=0.7541 F1=0.3359 MCC=0.3509
  learning_rate_used=2.964e-04; learning_rate_next=2.953e-04; elapsed=5.7s
  saved new best checkpoint: /data/projects/SFB_A03/jan/AT_TFBS/human301/runs/CREB3L3/68001_ablation_multi32_seed2/best_model.pt (objective=classification-auprc, score=0.348406)
  negatives seen=90.0%; hard negatives=0
Epoch 009 train: loss=0.5845 AUROC=0.9458 AUPRC=0.6937 BalAcc=0.8726 F1=0.5847 MCC=0.5653
Epoch 009 val  : loss=0.1749 AUROC=0.9496 AUPRC=0.3906 BalAcc=0.6680 F1=0.4200 MCC=0.4283
  learning_rate_used=2.953e-04; learning_rate_next=2.941e-04; elapsed=5.8s
  saved new best checkpoint: /data/projects/SFB_A03/jan/AT_TFBS/human301/runs/CREB3L3/68001_ablation_multi32_seed2/best_model.pt (objective=classification-auprc, score=0.390613)
  negatives seen=100.0%; hard negatives=0
Epoch 010 train: loss=0.5672 AUROC=0.9474 AUPRC=0.6954 BalAcc=0.8705 F1=0.5890 MCC=0.5681
Epoch 010 val  : loss=0.3314 AUROC=0.9460 AUPRC=0.3966 BalAcc=0.8863 F1=0.1207 MCC=0.2216
  learning_rate_used=2.941e-04; learning_rate_next=2.927e-04; elapsed=5.7s
  saved new best checkpoint: /data/projects/SFB_A03/jan/AT_TFBS/human301/runs/CREB3L3/68001_ablation_multi32_seed2/best_model.pt (objective=classification-auprc, score=0.396571)
  negatives seen=100.0%; hard negatives=0
Epoch 011 train: loss=0.4378 AUROC=0.9675 AUPRC=0.7627 BalAcc=0.9088 F1=0.6757 MCC=0.6596
Epoch 011 val  : loss=0.5705 AUROC=0.9511 AUPRC=0.4078 BalAcc=0.8643 F1=0.0785 MCC=0.1714
  learning_rate_used=2.927e-04; learning_rate_next=2.912e-04; elapsed=5.7s
  saved new best checkpoint: /data/projects/SFB_A03/jan/AT_TFBS/human301/runs/CREB3L3/68001_ablation_multi32_seed2/best_model.pt (objective=classification-auprc, score=0.407796)
  negatives seen=100.0%; hard negatives=0
Epoch 012 train: loss=0.4014 AUROC=0.9735 AUPRC=0.8163 BalAcc=0.9131 F1=0.6749 MCC=0.6606
Epoch 012 val  : loss=0.2206 AUROC=0.9490 AUPRC=0.3727 BalAcc=0.6356 F1=0.3505 MCC=0.3603
  learning_rate_used=2.912e-04; learning_rate_next=2.895e-04; elapsed=5.8s
  negatives seen=100.0%; hard negatives=0
Epoch 013 train: loss=0.3361 AUROC=0.9806 AUPRC=0.8474 BalAcc=0.9298 F1=0.7419 MCC=0.7271
Epoch 013 val  : loss=0.9557 AUROC=0.9588 AUPRC=0.4675 BalAcc=0.7961 F1=0.0484 MCC=0.1203
  learning_rate_used=2.895e-04; learning_rate_next=2.877e-04; elapsed=5.7s
  saved new best checkpoint: /data/projects/SFB_A03/jan/AT_TFBS/human301/runs/CREB3L3/68001_ablation_multi32_seed2/best_model.pt (objective=classification-auprc, score=0.467550)
  negatives seen=100.0%; hard negatives=0
Epoch 014 train: loss=0.3254 AUROC=0.9817 AUPRC=0.8651 BalAcc=0.9401 F1=0.7559 MCC=0.7434
Epoch 014 val  : loss=0.2080 AUROC=0.9415 AUPRC=0.3782 BalAcc=0.8122 F1=0.3463 MCC=0.3815
  learning_rate_used=2.877e-04; learning_rate_next=2.858e-04; elapsed=5.7s
  negatives seen=100.0%; hard negatives=0
Epoch 015 train: loss=0.3522 AUROC=0.9794 AUPRC=0.8279 BalAcc=0.9329 F1=0.7472 MCC=0.7330
Epoch 015 val  : loss=0.2851 AUROC=0.9510 AUPRC=0.4464 BalAcc=0.5884 F1=0.2857 MCC=0.3580
  learning_rate_used=2.858e-04; learning_rate_next=2.837e-04; elapsed=5.7s
  negatives seen=100.0%; hard negatives=0
Epoch 016 train: loss=0.2528 AUROC=0.9895 AUPRC=0.9114 BalAcc=0.9450 F1=0.7953 MCC=0.7819
Epoch 016 val  : loss=0.2265 AUROC=0.9466 AUPRC=0.4789 BalAcc=0.7321 F1=0.5133 MCC=0.5114
  learning_rate_used=2.837e-04; learning_rate_next=2.815e-04; elapsed=5.7s
  saved new best checkpoint: /data/projects/SFB_A03/jan/AT_TFBS/human301/runs/CREB3L3/68001_ablation_multi32_seed2/best_model.pt (objective=classification-auprc, score=0.478860)
  negatives seen=100.0%; hard negatives=0
Epoch 017 train: loss=0.2331 AUROC=0.9910 AUPRC=0.9188 BalAcc=0.9577 F1=0.8263 MCC=0.8151
Epoch 017 val  : loss=0.2194 AUROC=0.9637 AUPRC=0.5576 BalAcc=0.8988 F1=0.1891 MCC=0.2890
  learning_rate_used=2.815e-04; learning_rate_next=2.792e-04; elapsed=5.7s
  saved new best checkpoint: /data/projects/SFB_A03/jan/AT_TFBS/human301/runs/CREB3L3/68001_ablation_multi32_seed2/best_model.pt (objective=classification-auprc, score=0.557604)
  negatives seen=100.0%; hard negatives=0
Epoch 018 train: loss=0.2383 AUROC=0.9908 AUPRC=0.9143 BalAcc=0.9573 F1=0.8407 MCC=0.8291
Epoch 018 val  : loss=0.2092 AUROC=0.9304 AUPRC=0.3560 BalAcc=0.7810 F1=0.3380 MCC=0.3628
  learning_rate_used=2.792e-04; learning_rate_next=2.767e-04; elapsed=5.7s
  negatives seen=100.0%; hard negatives=0
Epoch 019 train: loss=0.2687 AUROC=0.9896 AUPRC=0.9152 BalAcc=0.9459 F1=0.8091 MCC=0.7955
Epoch 019 val  : loss=0.4257 AUROC=0.9465 AUPRC=0.5398 BalAcc=0.5806 F1=0.2740 MCC=0.3810
  learning_rate_used=2.767e-04; learning_rate_next=2.741e-04; elapsed=5.7s
  negatives seen=100.0%; hard negatives=0
Epoch 020 train: loss=0.1864 AUROC=0.9930 AUPRC=0.9338 BalAcc=0.9667 F1=0.8575 MCC=0.8477
Epoch 020 val  : loss=0.2333 AUROC=0.9515 AUPRC=0.4814 BalAcc=0.7909 F1=0.5159 MCC=0.5145
  learning_rate_used=2.741e-04; learning_rate_next=2.714e-04; elapsed=5.7s
  negatives seen=100.0%; hard negatives=0
Epoch 021 train: loss=0.2602 AUROC=0.9923 AUPRC=0.9212 BalAcc=0.9540 F1=0.8518 MCC=0.8395
Epoch 021 val  : loss=0.1955 AUROC=0.9625 AUPRC=0.5003 BalAcc=0.8941 F1=0.2197 MCC=0.3133
  learning_rate_used=2.714e-04; learning_rate_next=2.686e-04; elapsed=5.7s
  negatives seen=100.0%; hard negatives=0
Epoch 022 train: loss=0.1670 AUROC=0.9939 AUPRC=0.9249 BalAcc=0.9646 F1=0.8509 MCC=0.8407
Epoch 022 val  : loss=0.1483 AUROC=0.9577 AUPRC=0.4965 BalAcc=0.8092 F1=0.4685 MCC=0.4780
  learning_rate_used=2.686e-04; learning_rate_next=2.657e-04; elapsed=5.7s
  negatives seen=100.0%; hard negatives=0
Epoch 023 train: loss=0.2146 AUROC=0.9921 AUPRC=0.9343 BalAcc=0.9669 F1=0.8785 MCC=0.8688
Epoch 023 val  : loss=0.2704 AUROC=0.9321 AUPRC=0.4463 BalAcc=0.7276 F1=0.4810 MCC=0.4766
  learning_rate_used=2.657e-04; learning_rate_next=2.626e-04; elapsed=5.7s
  negatives seen=100.0%; hard negatives=0
Epoch 024 train: loss=0.1515 AUROC=0.9956 AUPRC=0.9563 BalAcc=0.9766 F1=0.8982 MCC=0.8904
Epoch 024 val  : loss=0.3234 AUROC=0.9563 AUPRC=0.5166 BalAcc=0.8826 F1=0.1399 MCC=0.2389
  learning_rate_used=2.626e-04; learning_rate_next=2.595e-04; elapsed=5.7s
  negatives seen=100.0%; hard negatives=0
Epoch 025 train: loss=0.2182 AUROC=0.9936 AUPRC=0.9231 BalAcc=0.9656 F1=0.8771 MCC=0.8671
Epoch 025 val  : loss=0.5250 AUROC=0.9599 AUPRC=0.5314 BalAcc=0.8742 F1=0.0907 MCC=0.1872
  learning_rate_used=2.595e-04; learning_rate_next=2.562e-04; elapsed=5.7s
  negatives seen=100.0%; hard negatives=0
Epoch 026 train: loss=0.1624 AUROC=0.9950 AUPRC=0.9374 BalAcc=0.9680 F1=0.8777 MCC=0.8681
Epoch 026 val  : loss=0.2522 AUROC=0.9518 AUPRC=0.4992 BalAcc=0.7164 F1=0.5094 MCC=0.5129
  learning_rate_used=2.562e-04; learning_rate_next=2.528e-04; elapsed=5.7s
  negatives seen=100.0%; hard negatives=0
Epoch 027 train: loss=0.1817 AUROC=0.9951 AUPRC=0.9477 BalAcc=0.9629 F1=0.8753 MCC=0.8649
Epoch 027 val  : loss=0.1593 AUROC=0.9589 AUPRC=0.5135 BalAcc=0.8506 F1=0.4248 MCC=0.4577
  learning_rate_used=2.528e-04; learning_rate_next=2.494e-04; elapsed=5.7s
  negatives seen=100.0%; hard negatives=0
Epoch 028 train: loss=0.1393 AUROC=0.9962 AUPRC=0.9609 BalAcc=0.9760 F1=0.9037 MCC=0.8959
Epoch 028 val  : loss=0.1460 AUROC=0.9634 AUPRC=0.5130 BalAcc=0.8712 F1=0.4563 MCC=0.4904
  learning_rate_used=2.494e-04; learning_rate_next=2.458e-04; elapsed=5.8s
  negatives seen=100.0%; hard negatives=0
Epoch 029 train: loss=0.1303 AUROC=0.9967 AUPRC=0.9623 BalAcc=0.9766 F1=0.8982 MCC=0.8904
Epoch 029 val  : loss=0.2843 AUROC=0.9589 AUPRC=0.4927 BalAcc=0.7282 F1=0.5135 MCC=0.5128
  learning_rate_used=2.458e-04; learning_rate_next=2.421e-04; elapsed=5.7s
  negatives seen=100.0%; hard negatives=0
Epoch 030 train: loss=0.1678 AUROC=0.9958 AUPRC=0.9581 BalAcc=0.9678 F1=0.8852 MCC=0.8757
Epoch 030 val  : loss=0.2469 AUROC=0.9680 AUPRC=0.5335 BalAcc=0.6608 F1=0.4545 MCC=0.4952
  learning_rate_used=2.421e-04; learning_rate_next=2.384e-04; elapsed=5.7s
  negatives seen=100.0%; hard negatives=0
Epoch 031 train: loss=0.1554 AUROC=0.9974 AUPRC=0.9770 BalAcc=0.9715 F1=0.9168 MCC=0.9090
Epoch 031 val  : loss=0.1432 AUROC=0.9668 AUPRC=0.5547 BalAcc=0.8610 F1=0.5028 MCC=0.5236
  learning_rate_used=2.384e-04; learning_rate_next=2.345e-04; elapsed=5.7s
  negatives seen=100.0%; hard negatives=0
Epoch 032 train: loss=0.1269 AUROC=0.9975 AUPRC=0.9746 BalAcc=0.9760 F1=0.9247 MCC=0.9178
Epoch 032 val  : loss=0.4920 AUROC=0.9607 AUPRC=0.5126 BalAcc=0.8827 F1=0.1024 MCC=0.2020
  learning_rate_used=2.345e-04; learning_rate_next=2.306e-04; elapsed=5.7s
  negatives seen=100.0%; hard negatives=0
Epoch 033 train: loss=0.1492 AUROC=0.9973 AUPRC=0.9743 BalAcc=0.9760 F1=0.9247 MCC=0.9178
Epoch 033 val  : loss=0.1600 AUROC=0.9608 AUPRC=0.4684 BalAcc=0.8568 F1=0.3245 MCC=0.3825
  learning_rate_used=2.306e-04; learning_rate_next=2.266e-04; elapsed=5.7s
  negatives seen=100.0%; hard negatives=0
Epoch 034 train: loss=0.0957 AUROC=0.9981 AUPRC=0.9796 BalAcc=0.9799 F1=0.9265 MCC=0.9200
Epoch 034 val  : loss=0.2576 AUROC=0.9637 AUPRC=0.4821 BalAcc=0.7440 F1=0.5191 MCC=0.5154
  learning_rate_used=2.266e-04; learning_rate_next=2.225e-04; elapsed=5.7s
  negatives seen=100.0%; hard negatives=0
Epoch 035 train: loss=0.0753 AUROC=0.9987 AUPRC=0.9838 BalAcc=0.9861 F1=0.9382 MCC=0.9330
Epoch 035 val  : loss=0.1459 AUROC=0.9664 AUPRC=0.5206 BalAcc=0.8593 F1=0.4494 MCC=0.4804
  learning_rate_used=2.225e-04; learning_rate_next=2.184e-04; elapsed=5.7s
  negatives seen=100.0%; hard negatives=0
Epoch 036 train: loss=0.1051 AUROC=0.9983 AUPRC=0.9798 BalAcc=0.9821 F1=0.9353 MCC=0.9295
Epoch 036 val  : loss=0.5943 AUROC=0.9689 AUPRC=0.4933 BalAcc=0.8847 F1=0.0863 MCC=0.1857
  learning_rate_used=2.184e-04; learning_rate_next=2.142e-04; elapsed=5.7s
  negatives seen=100.0%; hard negatives=0
Epoch 037 train: loss=0.1103 AUROC=0.9981 AUPRC=0.9814 BalAcc=0.9778 F1=0.9191 MCC=0.9120
Epoch 037 val  : loss=0.1511 AUROC=0.9688 AUPRC=0.5106 BalAcc=0.8503 F1=0.5432 MCC=0.5534
  learning_rate_used=2.142e-04; learning_rate_next=2.099e-04; elapsed=5.7s
Early stopping after 37 epochs.
Binary threshold: 0.969327 (strategy=val-mcc, validation_score=0.573062)
TEST chr10,chr12,chr14,chr16,chr18,chr2,chr20,chr22,chr4,chr6,chr8: loss=0.2176 AUROC=0.9732 AUPRC=0.4848 BalAcc=0.7630 F1=0.4857 MCC=0.4820
Outputs written to /data/projects/SFB_A03/jan/AT_TFBS/human301/runs/CREB3L3/68001_ablation_multi32_seed2
Binary predictions: binary_classification_results.tsv
Binary metrics: binary_classification_metrics.json
ROC plot: roc_curve.png
Precision-recall plot: precision_recall_curve.png
Confusion matrix: binary_confusion_matrix.tsv
