Window geometry: 256 bp from 301 bp; crop starts 0..45; shifts -22..+23; fresh uniform draw per access
Evaluation: crops (0, 22, 23, 45), reverse complement=True; all samples
train: n=36,663, positive=363, negative=36,300
  val: n=12,524, positive=124, negative=12,400
 test: n=40,198, positive=398, negative=39,800
Device: cuda
Hidden activation: RELU
Parameters: 1,032,981 total; 1,032,981 trainable
Architecture: motif kernels 9/12; encoder 128/64/64; original five-block bottleneck at 64; decoder 64/128/256
  negatives seen=10.0%; hard negatives=0
Epoch 001 train: loss=1.5045 AUROC=0.5132 AUPRC=0.0899 BalAcc=0.5191 F1=0.1643 MCC=0.0220
Epoch 001 val  : loss=0.6394 AUROC=0.5681 AUPRC=0.0131 BalAcc=0.5398 F1=0.0253 MCC=0.0185
  learning_rate_used=3.000e-04; learning_rate_next=2.997e-04; elapsed=7.0s
  saved new best checkpoint: /data/projects/SFB_A03/jan/AT_TFBS/human301/runs/CREB3L3/67989_motif64_no_hardneg/best_model.pt (objective=classification-auprc, score=0.013131)
  negatives seen=20.0%; hard negatives=0
Epoch 002 train: loss=1.3435 AUROC=0.5513 AUPRC=0.1118 BalAcc=0.5373 F1=0.1741 MCC=0.0431
Epoch 002 val  : loss=0.7034 AUROC=0.7078 AUPRC=0.0281 BalAcc=0.6379 F1=0.0334 MCC=0.0565
  learning_rate_used=2.997e-04; learning_rate_next=2.988e-04; elapsed=5.8s
  saved new best checkpoint: /data/projects/SFB_A03/jan/AT_TFBS/human301/runs/CREB3L3/67989_motif64_no_hardneg/best_model.pt (objective=classification-auprc, score=0.028067)
  negatives seen=30.0%; hard negatives=0
Epoch 003 train: loss=1.2243 AUROC=0.6435 AUPRC=0.1703 BalAcc=0.6023 F1=0.2168 MCC=0.1199
Epoch 003 val  : loss=0.3799 AUROC=0.8787 AUPRC=0.1016 BalAcc=0.6452 F1=0.1688 MCC=0.1774
  learning_rate_used=2.988e-04; learning_rate_next=2.974e-04; elapsed=5.8s
  saved new best checkpoint: /data/projects/SFB_A03/jan/AT_TFBS/human301/runs/CREB3L3/67989_motif64_no_hardneg/best_model.pt (objective=classification-auprc, score=0.101571)
  negatives seen=40.0%; hard negatives=0
Epoch 004 train: loss=0.9969 AUROC=0.8140 AUPRC=0.3268 BalAcc=0.7534 F1=0.3604 MCC=0.3226
Epoch 004 val  : loss=0.2425 AUROC=0.9105 AUPRC=0.1677 BalAcc=0.7469 F1=0.1976 MCC=0.2398
  learning_rate_used=2.974e-04; learning_rate_next=2.953e-04; elapsed=5.8s
  saved new best checkpoint: /data/projects/SFB_A03/jan/AT_TFBS/human301/runs/CREB3L3/67989_motif64_no_hardneg/best_model.pt (objective=classification-auprc, score=0.167732)
  negatives seen=50.0%; hard negatives=0
Epoch 005 train: loss=0.8450 AUROC=0.8695 AUPRC=0.4578 BalAcc=0.7847 F1=0.4106 MCC=0.3790
Epoch 005 val  : loss=0.2460 AUROC=0.8957 AUPRC=0.1879 BalAcc=0.5990 F1=0.2577 MCC=0.2629
  learning_rate_used=2.953e-04; learning_rate_next=2.927e-04; elapsed=5.8s
  saved new best checkpoint: /data/projects/SFB_A03/jan/AT_TFBS/human301/runs/CREB3L3/67989_motif64_no_hardneg/best_model.pt (objective=classification-auprc, score=0.187920)
  negatives seen=60.0%; hard negatives=0
Epoch 006 train: loss=0.8448 AUROC=0.8783 AUPRC=0.5118 BalAcc=0.8001 F1=0.4408 MCC=0.4111
Epoch 006 val  : loss=1.0103 AUROC=0.9322 AUPRC=0.2081 BalAcc=0.6858 F1=0.0311 MCC=0.0757
  learning_rate_used=2.927e-04; learning_rate_next=2.895e-04; elapsed=5.8s
  saved new best checkpoint: /data/projects/SFB_A03/jan/AT_TFBS/human301/runs/CREB3L3/67989_motif64_no_hardneg/best_model.pt (objective=classification-auprc, score=0.208057)
  negatives seen=70.0%; hard negatives=0
Epoch 007 train: loss=0.6940 AUROC=0.9178 AUPRC=0.6161 BalAcc=0.8534 F1=0.5363 MCC=0.5159
Epoch 007 val  : loss=0.4429 AUROC=0.9330 AUPRC=0.2475 BalAcc=0.8614 F1=0.0906 MCC=0.1833
  learning_rate_used=2.895e-04; learning_rate_next=2.858e-04; elapsed=5.7s
  saved new best checkpoint: /data/projects/SFB_A03/jan/AT_TFBS/human301/runs/CREB3L3/67989_motif64_no_hardneg/best_model.pt (objective=classification-auprc, score=0.247485)
  negatives seen=80.0%; hard negatives=0
Epoch 008 train: loss=0.6041 AUROC=0.9355 AUPRC=0.6703 BalAcc=0.8671 F1=0.5672 MCC=0.5481
Epoch 008 val  : loss=0.3226 AUROC=0.9398 AUPRC=0.3394 BalAcc=0.8795 F1=0.1266 MCC=0.2252
  learning_rate_used=2.858e-04; learning_rate_next=2.815e-04; elapsed=5.8s
  saved new best checkpoint: /data/projects/SFB_A03/jan/AT_TFBS/human301/runs/CREB3L3/67989_motif64_no_hardneg/best_model.pt (objective=classification-auprc, score=0.339358)
  negatives seen=90.0%; hard negatives=0
Epoch 009 train: loss=0.5327 AUROC=0.9485 AUPRC=0.7106 BalAcc=0.8826 F1=0.5753 MCC=0.5624
Epoch 009 val  : loss=0.1909 AUROC=0.9436 AUPRC=0.3635 BalAcc=0.8700 F1=0.2604 MCC=0.3375
  learning_rate_used=2.815e-04; learning_rate_next=2.767e-04; elapsed=5.7s
  saved new best checkpoint: /data/projects/SFB_A03/jan/AT_TFBS/human301/runs/CREB3L3/67989_motif64_no_hardneg/best_model.pt (objective=classification-auprc, score=0.363480)
  negatives seen=100.0%; hard negatives=0
Epoch 010 train: loss=0.4868 AUROC=0.9572 AUPRC=0.7540 BalAcc=0.8972 F1=0.6457 MCC=0.6286
Epoch 010 val  : loss=0.2850 AUROC=0.9449 AUPRC=0.3784 BalAcc=0.8912 F1=0.1522 MCC=0.2533
  learning_rate_used=2.767e-04; learning_rate_next=2.714e-04; elapsed=5.7s
  saved new best checkpoint: /data/projects/SFB_A03/jan/AT_TFBS/human301/runs/CREB3L3/67989_motif64_no_hardneg/best_model.pt (objective=classification-auprc, score=0.378411)
  negatives seen=100.0%; hard negatives=0
Epoch 011 train: loss=0.4206 AUROC=0.9694 AUPRC=0.7841 BalAcc=0.9135 F1=0.6714 MCC=0.6578
Epoch 011 val  : loss=0.2385 AUROC=0.9526 AUPRC=0.4361 BalAcc=0.9038 F1=0.1803 MCC=0.2830
  learning_rate_used=2.714e-04; learning_rate_next=2.657e-04; elapsed=5.7s
  saved new best checkpoint: /data/projects/SFB_A03/jan/AT_TFBS/human301/runs/CREB3L3/67989_motif64_no_hardneg/best_model.pt (objective=classification-auprc, score=0.436059)
  negatives seen=100.0%; hard negatives=0
Epoch 012 train: loss=0.4319 AUROC=0.9690 AUPRC=0.8234 BalAcc=0.9112 F1=0.6939 MCC=0.6768
Epoch 012 val  : loss=0.2037 AUROC=0.9608 AUPRC=0.4646 BalAcc=0.8881 F1=0.2281 MCC=0.3182
  learning_rate_used=2.657e-04; learning_rate_next=2.595e-04; elapsed=5.7s
  saved new best checkpoint: /data/projects/SFB_A03/jan/AT_TFBS/human301/runs/CREB3L3/67989_motif64_no_hardneg/best_model.pt (objective=classification-auprc, score=0.464582)
  negatives seen=100.0%; hard negatives=0
Epoch 013 train: loss=0.4125 AUROC=0.9717 AUPRC=0.8175 BalAcc=0.9103 F1=0.6835 MCC=0.6672
Epoch 013 val  : loss=0.1575 AUROC=0.9523 AUPRC=0.4390 BalAcc=0.7390 F1=0.4669 MCC=0.4617
  learning_rate_used=2.595e-04; learning_rate_next=2.528e-04; elapsed=5.8s
  negatives seen=100.0%; hard negatives=0
Epoch 014 train: loss=0.3466 AUROC=0.9769 AUPRC=0.8507 BalAcc=0.9360 F1=0.7380 MCC=0.7257
Epoch 014 val  : loss=0.2127 AUROC=0.9484 AUPRC=0.4076 BalAcc=0.7267 F1=0.4419 MCC=0.4364
  learning_rate_used=2.528e-04; learning_rate_next=2.458e-04; elapsed=5.8s
  negatives seen=100.0%; hard negatives=0
Epoch 015 train: loss=0.3370 AUROC=0.9811 AUPRC=0.8408 BalAcc=0.9383 F1=0.7590 MCC=0.7457
Epoch 015 val  : loss=0.1686 AUROC=0.9451 AUPRC=0.4349 BalAcc=0.7573 F1=0.4221 MCC=0.4235
  learning_rate_used=2.458e-04; learning_rate_next=2.384e-04; elapsed=5.7s
  negatives seen=100.0%; hard negatives=0
Epoch 016 train: loss=0.2946 AUROC=0.9852 AUPRC=0.8863 BalAcc=0.9398 F1=0.7685 MCC=0.7551
Epoch 016 val  : loss=0.3023 AUROC=0.9418 AUPRC=0.4392 BalAcc=0.6367 F1=0.4024 MCC=0.4522
  learning_rate_used=2.384e-04; learning_rate_next=2.306e-04; elapsed=5.7s
  negatives seen=100.0%; hard negatives=0
Epoch 017 train: loss=0.3476 AUROC=0.9795 AUPRC=0.8492 BalAcc=0.9285 F1=0.7483 MCC=0.7327
Epoch 017 val  : loss=0.1667 AUROC=0.9329 AUPRC=0.4176 BalAcc=0.7653 F1=0.4309 MCC=0.4332
  learning_rate_used=2.306e-04; learning_rate_next=2.225e-04; elapsed=5.8s
  negatives seen=100.0%; hard negatives=0
Epoch 018 train: loss=0.2446 AUROC=0.9882 AUPRC=0.8830 BalAcc=0.9579 F1=0.8189 MCC=0.8080
Epoch 018 val  : loss=0.1663 AUROC=0.9525 AUPRC=0.4945 BalAcc=0.7788 F1=0.5000 MCC=0.4978
  learning_rate_used=2.225e-04; learning_rate_next=2.142e-04; elapsed=5.7s
  saved new best checkpoint: /data/projects/SFB_A03/jan/AT_TFBS/human301/runs/CREB3L3/67989_motif64_no_hardneg/best_model.pt (objective=classification-auprc, score=0.494456)
  negatives seen=100.0%; hard negatives=0
Epoch 019 train: loss=0.2608 AUROC=0.9874 AUPRC=0.8971 BalAcc=0.9477 F1=0.7894 MCC=0.7770
Epoch 019 val  : loss=0.1520 AUROC=0.9477 AUPRC=0.4527 BalAcc=0.8096 F1=0.3726 MCC=0.4010
  learning_rate_used=2.142e-04; learning_rate_next=2.055e-04; elapsed=5.7s
  negatives seen=100.0%; hard negatives=0
Epoch 020 train: loss=0.2213 AUROC=0.9901 AUPRC=0.8993 BalAcc=0.9585 F1=0.8155 MCC=0.8049
Epoch 020 val  : loss=0.1526 AUROC=0.9554 AUPRC=0.4798 BalAcc=0.8158 F1=0.4313 MCC=0.4498
  learning_rate_used=2.055e-04; learning_rate_next=1.967e-04; elapsed=5.7s
  negatives seen=100.0%; hard negatives=0
Epoch 021 train: loss=0.2528 AUROC=0.9902 AUPRC=0.9130 BalAcc=0.9536 F1=0.8307 MCC=0.8184
Epoch 021 val  : loss=0.1493 AUROC=0.9542 AUPRC=0.4866 BalAcc=0.8213 F1=0.3753 MCC=0.4076
  learning_rate_used=1.967e-04; learning_rate_next=1.877e-04; elapsed=5.7s
  negatives seen=100.0%; hard negatives=0
Epoch 022 train: loss=0.2007 AUROC=0.9927 AUPRC=0.9311 BalAcc=0.9660 F1=0.8614 MCC=0.8514
Epoch 022 val  : loss=0.1846 AUROC=0.9534 AUPRC=0.5219 BalAcc=0.7603 F1=0.5579 MCC=0.5550
  learning_rate_used=1.877e-04; learning_rate_next=1.785e-04; elapsed=5.7s
  saved new best checkpoint: /data/projects/SFB_A03/jan/AT_TFBS/human301/runs/CREB3L3/67989_motif64_no_hardneg/best_model.pt (objective=classification-auprc, score=0.521866)
  negatives seen=100.0%; hard negatives=0
Epoch 023 train: loss=0.1519 AUROC=0.9952 AUPRC=0.9445 BalAcc=0.9740 F1=0.8866 MCC=0.8782
Epoch 023 val  : loss=0.1768 AUROC=0.9613 AUPRC=0.5240 BalAcc=0.7556 F1=0.5141 MCC=0.5092
  learning_rate_used=1.785e-04; learning_rate_next=1.692e-04; elapsed=5.8s
  saved new best checkpoint: /data/projects/SFB_A03/jan/AT_TFBS/human301/runs/CREB3L3/67989_motif64_no_hardneg/best_model.pt (objective=classification-auprc, score=0.524036)
  negatives seen=100.0%; hard negatives=0
Epoch 024 train: loss=0.1611 AUROC=0.9953 AUPRC=0.9389 BalAcc=0.9711 F1=0.8926 MCC=0.8838
Epoch 024 val  : loss=0.1573 AUROC=0.9640 AUPRC=0.5125 BalAcc=0.8605 F1=0.3224 MCC=0.3823
  learning_rate_used=1.692e-04; learning_rate_next=1.599e-04; elapsed=5.7s
  negatives seen=100.0%; hard negatives=0
Epoch 025 train: loss=0.1774 AUROC=0.9932 AUPRC=0.9401 BalAcc=0.9700 F1=0.8739 MCC=0.8647
Epoch 025 val  : loss=0.1444 AUROC=0.9643 AUPRC=0.5168 BalAcc=0.8120 F1=0.4329 MCC=0.4497
  learning_rate_used=1.599e-04; learning_rate_next=1.505e-04; elapsed=5.7s
  negatives seen=100.0%; hard negatives=0
Epoch 026 train: loss=0.1843 AUROC=0.9946 AUPRC=0.9468 BalAcc=0.9638 F1=0.8628 MCC=0.8524
Epoch 026 val  : loss=0.1517 AUROC=0.9568 AUPRC=0.5065 BalAcc=0.8092 F1=0.4685 MCC=0.4780
  learning_rate_used=1.505e-04; learning_rate_next=1.411e-04; elapsed=5.8s
  negatives seen=100.0%; hard negatives=0
Epoch 027 train: loss=0.1353 AUROC=0.9965 AUPRC=0.9625 BalAcc=0.9782 F1=0.9019 MCC=0.8944
Epoch 027 val  : loss=0.1524 AUROC=0.9662 AUPRC=0.5406 BalAcc=0.7710 F1=0.5037 MCC=0.5000
  learning_rate_used=1.411e-04; learning_rate_next=1.318e-04; elapsed=5.8s
  saved new best checkpoint: /data/projects/SFB_A03/jan/AT_TFBS/human301/runs/CREB3L3/67989_motif64_no_hardneg/best_model.pt (objective=classification-auprc, score=0.540556)
  negatives seen=100.0%; hard negatives=0
Epoch 028 train: loss=0.1225 AUROC=0.9964 AUPRC=0.9582 BalAcc=0.9821 F1=0.9038 MCC=0.8969
Epoch 028 val  : loss=0.2395 AUROC=0.9537 AUPRC=0.4877 BalAcc=0.7481 F1=0.5322 MCC=0.5289
  learning_rate_used=1.318e-04; learning_rate_next=1.225e-04; elapsed=5.7s
  negatives seen=100.0%; hard negatives=0
Epoch 029 train: loss=0.1142 AUROC=0.9970 AUPRC=0.9664 BalAcc=0.9873 F1=0.9172 MCC=0.9114
Epoch 029 val  : loss=0.2020 AUROC=0.9650 AUPRC=0.5423 BalAcc=0.7484 F1=0.5511 MCC=0.5500
  learning_rate_used=1.225e-04; learning_rate_next=1.133e-04; elapsed=5.7s
  saved new best checkpoint: /data/projects/SFB_A03/jan/AT_TFBS/human301/runs/CREB3L3/67989_motif64_no_hardneg/best_model.pt (objective=classification-auprc, score=0.542264)
  negatives seen=100.0%; hard negatives=0
Epoch 030 train: loss=0.1247 AUROC=0.9972 AUPRC=0.9712 BalAcc=0.9737 F1=0.8943 MCC=0.8859
Epoch 030 val  : loss=0.1671 AUROC=0.9619 AUPRC=0.5149 BalAcc=0.8881 F1=0.2886 MCC=0.3669
  learning_rate_used=1.133e-04; learning_rate_next=1.043e-04; elapsed=5.7s
  negatives seen=100.0%; hard negatives=0
Epoch 031 train: loss=0.1030 AUROC=0.9972 AUPRC=0.9625 BalAcc=0.9820 F1=0.9233 MCC=0.9169
Epoch 031 val  : loss=0.1642 AUROC=0.9661 AUPRC=0.5489 BalAcc=0.7872 F1=0.5255 MCC=0.5228
  learning_rate_used=1.043e-04; learning_rate_next=9.547e-05; elapsed=5.7s
  saved new best checkpoint: /data/projects/SFB_A03/jan/AT_TFBS/human301/runs/CREB3L3/67989_motif64_no_hardneg/best_model.pt (objective=classification-auprc, score=0.548894)
  negatives seen=100.0%; hard negatives=0
Epoch 032 train: loss=0.1248 AUROC=0.9978 AUPRC=0.9782 BalAcc=0.9810 F1=0.9255 MCC=0.9191
Epoch 032 val  : loss=0.1570 AUROC=0.9611 AUPRC=0.5428 BalAcc=0.8054 F1=0.4724 MCC=0.4801
  learning_rate_used=9.547e-05; learning_rate_next=8.685e-05; elapsed=5.7s
  negatives seen=100.0%; hard negatives=0
Epoch 033 train: loss=0.0744 AUROC=0.9988 AUPRC=0.9871 BalAcc=0.9853 F1=0.9418 MCC=0.9366
Epoch 033 val  : loss=0.2262 AUROC=0.9613 AUPRC=0.5403 BalAcc=0.7563 F1=0.5517 MCC=0.5489
  learning_rate_used=8.685e-05; learning_rate_next=7.848e-05; elapsed=5.7s
  negatives seen=100.0%; hard negatives=0
Epoch 034 train: loss=0.1041 AUROC=0.9981 AUPRC=0.9782 BalAcc=0.9853 F1=0.9418 MCC=0.9366
Epoch 034 val  : loss=0.1805 AUROC=0.9598 AUPRC=0.5398 BalAcc=0.8016 F1=0.4735 MCC=0.4799
  learning_rate_used=7.848e-05; learning_rate_next=7.039e-05; elapsed=5.7s
  negatives seen=100.0%; hard negatives=0
Epoch 035 train: loss=0.1149 AUROC=0.9983 AUPRC=0.9817 BalAcc=0.9799 F1=0.9374 MCC=0.9316
Epoch 035 val  : loss=0.1720 AUROC=0.9654 AUPRC=0.5536 BalAcc=0.7865 F1=0.4966 MCC=0.4961
  learning_rate_used=7.039e-05; learning_rate_next=6.263e-05; elapsed=5.8s
  saved new best checkpoint: /data/projects/SFB_A03/jan/AT_TFBS/human301/runs/CREB3L3/67989_motif64_no_hardneg/best_model.pt (objective=classification-auprc, score=0.553648)
  negatives seen=100.0%; hard negatives=0
Epoch 036 train: loss=0.0846 AUROC=0.9981 AUPRC=0.9736 BalAcc=0.9844 F1=0.9344 MCC=0.9287
Epoch 036 val  : loss=0.1744 AUROC=0.9646 AUPRC=0.5588 BalAcc=0.7750 F1=0.5036 MCC=0.5005
  learning_rate_used=6.263e-05; learning_rate_next=5.521e-05; elapsed=5.7s
  saved new best checkpoint: /data/projects/SFB_A03/jan/AT_TFBS/human301/runs/CREB3L3/67989_motif64_no_hardneg/best_model.pt (objective=classification-auprc, score=0.558796)
  negatives seen=100.0%; hard negatives=0
Epoch 037 train: loss=0.0818 AUROC=0.9982 AUPRC=0.9750 BalAcc=0.9868 F1=0.9444 MCC=0.9395
Epoch 037 val  : loss=0.2389 AUROC=0.9621 AUPRC=0.5565 BalAcc=0.7603 F1=0.5556 MCC=0.5524
  learning_rate_used=5.521e-05; learning_rate_next=4.816e-05; elapsed=5.7s
  negatives seen=100.0%; hard negatives=0
Epoch 038 train: loss=0.0827 AUROC=0.9987 AUPRC=0.9815 BalAcc=0.9873 F1=0.9495 MCC=0.9449
Epoch 038 val  : loss=0.2882 AUROC=0.9603 AUPRC=0.5451 BalAcc=0.7206 F1=0.5288 MCC=0.5352
  learning_rate_used=4.816e-05; learning_rate_next=4.152e-05; elapsed=5.7s
  negatives seen=100.0%; hard negatives=0
Epoch 039 train: loss=0.0634 AUROC=0.9985 AUPRC=0.9773 BalAcc=0.9902 F1=0.9535 MCC=0.9494
Epoch 039 val  : loss=0.1969 AUROC=0.9662 AUPRC=0.5575 BalAcc=0.7598 F1=0.5306 MCC=0.5260
  learning_rate_used=4.152e-05; learning_rate_next=3.531e-05; elapsed=5.8s
  negatives seen=100.0%; hard negatives=0
Epoch 040 train: loss=0.0586 AUROC=0.9985 AUPRC=0.9790 BalAcc=0.9897 F1=0.9485 MCC=0.9441
Epoch 040 val  : loss=0.3037 AUROC=0.9586 AUPRC=0.5298 BalAcc=0.7166 F1=0.5243 MCC=0.5318
  learning_rate_used=3.531e-05; learning_rate_next=2.955e-05; elapsed=5.8s
  negatives seen=100.0%; hard negatives=0
Epoch 041 train: loss=0.0641 AUROC=0.9987 AUPRC=0.9795 BalAcc=0.9906 F1=0.9573 MCC=0.9535
Epoch 041 val  : loss=0.3054 AUROC=0.9634 AUPRC=0.5464 BalAcc=0.7169 F1=0.5427 MCC=0.5567
  learning_rate_used=2.955e-05; learning_rate_next=2.427e-05; elapsed=5.7s
  negatives seen=100.0%; hard negatives=0
Epoch 042 train: loss=0.0530 AUROC=0.9991 AUPRC=0.9887 BalAcc=0.9941 F1=0.9665 MCC=0.9635
Epoch 042 val  : loss=0.1665 AUROC=0.9654 AUPRC=0.5488 BalAcc=0.8250 F1=0.4754 MCC=0.4889
  learning_rate_used=2.427e-05; learning_rate_next=1.949e-05; elapsed=5.7s
  negatives seen=100.0%; hard negatives=0
Epoch 043 train: loss=0.0350 AUROC=0.9992 AUPRC=0.9903 BalAcc=0.9952 F1=0.9653 MCC=0.9623
Epoch 043 val  : loss=0.2356 AUROC=0.9651 AUPRC=0.5514 BalAcc=0.7561 F1=0.5424 MCC=0.5387
  learning_rate_used=1.949e-05; learning_rate_next=1.523e-05; elapsed=5.8s
  negatives seen=100.0%; hard negatives=0
Epoch 044 train: loss=0.0552 AUROC=0.9985 AUPRC=0.9785 BalAcc=0.9924 F1=0.9626 MCC=0.9592
Epoch 044 val  : loss=0.2208 AUROC=0.9636 AUPRC=0.5545 BalAcc=0.7597 F1=0.5221 MCC=0.5173
  learning_rate_used=1.523e-05; learning_rate_next=1.150e-05; elapsed=5.8s
  negatives seen=100.0%; hard negatives=0
Epoch 045 train: loss=0.0406 AUROC=0.9993 AUPRC=0.9917 BalAcc=0.9937 F1=0.9627 MCC=0.9594
Epoch 045 val  : loss=0.2139 AUROC=0.9647 AUPRC=0.5581 BalAcc=0.7719 F1=0.5462 MCC=0.5416
  learning_rate_used=1.150e-05; learning_rate_next=8.317e-06; elapsed=5.8s
  negatives seen=100.0%; hard negatives=0
Epoch 046 train: loss=0.0551 AUROC=0.9995 AUPRC=0.9937 BalAcc=0.9912 F1=0.9741 MCC=0.9716
Epoch 046 val  : loss=0.2154 AUROC=0.9652 AUPRC=0.5604 BalAcc=0.7719 F1=0.5484 MCC=0.5439
  learning_rate_used=8.317e-06; learning_rate_next=5.697e-06; elapsed=5.7s
  saved new best checkpoint: /data/projects/SFB_A03/jan/AT_TFBS/human301/runs/CREB3L3/67989_motif64_no_hardneg/best_model.pt (objective=classification-auprc, score=0.560402)
  negatives seen=100.0%; hard negatives=0
Epoch 047 train: loss=0.0296 AUROC=0.9995 AUPRC=0.9933 BalAcc=0.9946 F1=0.9717 MCC=0.9691
Epoch 047 val  : loss=0.2371 AUROC=0.9646 AUPRC=0.5548 BalAcc=0.7482 F1=0.5368 MCC=0.5340
  learning_rate_used=5.697e-06; learning_rate_next=3.648e-06; elapsed=5.7s
  negatives seen=100.0%; hard negatives=0
Epoch 048 train: loss=0.0295 AUROC=0.9997 AUPRC=0.9973 BalAcc=0.9948 F1=0.9730 MCC=0.9706
Epoch 048 val  : loss=0.2156 AUROC=0.9648 AUPRC=0.5586 BalAcc=0.7719 F1=0.5462 MCC=0.5416
  learning_rate_used=3.648e-06; learning_rate_next=2.179e-06; elapsed=5.7s
  negatives seen=100.0%; hard negatives=0
Epoch 049 train: loss=0.0407 AUROC=0.9993 AUPRC=0.9914 BalAcc=0.9927 F1=0.9651 MCC=0.9620
Epoch 049 val  : loss=0.2332 AUROC=0.9649 AUPRC=0.5568 BalAcc=0.7562 F1=0.5447 MCC=0.5412
  learning_rate_used=2.179e-06; learning_rate_next=1.295e-06; elapsed=5.8s
  negatives seen=100.0%; hard negatives=0
Epoch 050 train: loss=0.0306 AUROC=0.9996 AUPRC=0.9958 BalAcc=0.9944 F1=0.9691 MCC=0.9663
Epoch 050 val  : loss=0.2415 AUROC=0.9652 AUPRC=0.5554 BalAcc=0.7523 F1=0.5478 MCC=0.5454
  learning_rate_used=1.295e-06; learning_rate_next=1.000e-06; elapsed=5.8s
Binary threshold: 0.825661 (strategy=val-mcc, validation_score=0.579072)
TEST chr10,chr12,chr14,chr16,chr18,chr2,chr20,chr22,chr4,chr6,chr8: loss=0.1773 AUROC=0.9770 AUPRC=0.5279 BalAcc=0.7049 F1=0.5054 MCC=0.5152
Outputs written to /data/projects/SFB_A03/jan/AT_TFBS/human301/runs/CREB3L3/67989_motif64_no_hardneg
Binary predictions: binary_classification_results.tsv
Binary metrics: binary_classification_metrics.json
ROC plot: roc_curve.png
Precision-recall plot: precision_recall_curve.png
Confusion matrix: binary_confusion_matrix.tsv
