Window geometry: 256 bp from 301 bp; crop starts 0..45; shifts -22..+23; fresh uniform draw per access
Evaluation: crops (0, 22, 23, 45), reverse complement=True; all samples
train: n=36,663, positive=363, negative=36,300
  val: n=12,524, positive=124, negative=12,400
 test: n=40,198, positive=398, negative=39,800
Device: cuda
Hidden activation: RELU
Parameters: 1,032,981 total; 1,032,981 trainable
Architecture: motif kernels 9/12; encoder 128/64/64; original five-block bottleneck at 64; decoder 64/128/256
  negatives seen=10.0%; hard negatives=0
Epoch 001 train: loss=1.4402 AUROC=0.5198 AUPRC=0.0996 BalAcc=0.5084 F1=0.1578 MCC=0.0097
Epoch 001 val  : loss=0.9932 AUROC=0.6586 AUPRC=0.0183 BalAcc=0.5225 F1=0.0205 MCC=0.0176
  learning_rate_used=3.000e-04; learning_rate_next=2.999e-04; elapsed=7.0s
  saved new best checkpoint: /data/projects/SFB_A03/jan/AT_TFBS/human301/runs/CREB3L3/68001_ablation_base_seed2/best_model.pt (objective=classification-auprc, score=0.018348)
  negatives seen=20.0%; hard negatives=0
Epoch 002 train: loss=1.2650 AUROC=0.6266 AUPRC=0.1517 BalAcc=0.5866 F1=0.2055 MCC=0.1009
Epoch 002 val  : loss=0.6813 AUROC=0.7738 AUPRC=0.0593 BalAcc=0.7197 F1=0.0434 MCC=0.0914
  learning_rate_used=2.999e-04; learning_rate_next=2.997e-04; elapsed=5.7s
  saved new best checkpoint: /data/projects/SFB_A03/jan/AT_TFBS/human301/runs/CREB3L3/68001_ablation_base_seed2/best_model.pt (objective=classification-auprc, score=0.059268)
  negatives seen=30.0%; hard negatives=0
Epoch 003 train: loss=1.0932 AUROC=0.7500 AUPRC=0.2810 BalAcc=0.6751 F1=0.2822 MCC=0.2156
Epoch 003 val  : loss=1.0200 AUROC=0.8706 AUPRC=0.1143 BalAcc=0.6876 F1=0.0315 MCC=0.0760
  learning_rate_used=2.997e-04; learning_rate_next=2.993e-04; elapsed=5.7s
  saved new best checkpoint: /data/projects/SFB_A03/jan/AT_TFBS/human301/runs/CREB3L3/68001_ablation_base_seed2/best_model.pt (objective=classification-auprc, score=0.114277)
  negatives seen=40.0%; hard negatives=0
Epoch 004 train: loss=0.9129 AUROC=0.8401 AUPRC=0.4110 BalAcc=0.7573 F1=0.3729 MCC=0.3341
Epoch 004 val  : loss=0.4251 AUROC=0.9201 AUPRC=0.2017 BalAcc=0.8473 F1=0.0923 MCC=0.1809
  learning_rate_used=2.993e-04; learning_rate_next=2.988e-04; elapsed=5.8s
  saved new best checkpoint: /data/projects/SFB_A03/jan/AT_TFBS/human301/runs/CREB3L3/68001_ablation_base_seed2/best_model.pt (objective=classification-auprc, score=0.201695)
  negatives seen=50.0%; hard negatives=0
Epoch 005 train: loss=0.7779 AUROC=0.8918 AUPRC=0.5458 BalAcc=0.8245 F1=0.4687 MCC=0.4465
Epoch 005 val  : loss=0.2247 AUROC=0.9126 AUPRC=0.2207 BalAcc=0.7723 F1=0.2243 MCC=0.2708
  learning_rate_used=2.988e-04; learning_rate_next=2.982e-04; elapsed=5.9s
  saved new best checkpoint: /data/projects/SFB_A03/jan/AT_TFBS/human301/runs/CREB3L3/68001_ablation_base_seed2/best_model.pt (objective=classification-auprc, score=0.220666)
  negatives seen=60.0%; hard negatives=0
Epoch 006 train: loss=0.6948 AUROC=0.9133 AUPRC=0.6083 BalAcc=0.8387 F1=0.5013 MCC=0.4799
Epoch 006 val  : loss=0.2600 AUROC=0.9320 AUPRC=0.2936 BalAcc=0.5842 F1=0.2658 MCC=0.3203
  learning_rate_used=2.982e-04; learning_rate_next=2.974e-04; elapsed=5.8s
  saved new best checkpoint: /data/projects/SFB_A03/jan/AT_TFBS/human301/runs/CREB3L3/68001_ablation_base_seed2/best_model.pt (objective=classification-auprc, score=0.293594)
  negatives seen=70.0%; hard negatives=0
Epoch 007 train: loss=0.6192 AUROC=0.9327 AUPRC=0.6693 BalAcc=0.8596 F1=0.5474 MCC=0.5281
Epoch 007 val  : loss=0.5685 AUROC=0.9283 AUPRC=0.2908 BalAcc=0.8307 F1=0.0663 MCC=0.1485
  learning_rate_used=2.974e-04; learning_rate_next=2.964e-04; elapsed=5.8s
  negatives seen=80.0%; hard negatives=0
Epoch 008 train: loss=0.5565 AUROC=0.9454 AUPRC=0.7025 BalAcc=0.8747 F1=0.5686 MCC=0.5529
Epoch 008 val  : loss=0.1708 AUROC=0.9408 AUPRC=0.3927 BalAcc=0.8159 F1=0.2872 MCC=0.3372
  learning_rate_used=2.964e-04; learning_rate_next=2.953e-04; elapsed=5.8s
  saved new best checkpoint: /data/projects/SFB_A03/jan/AT_TFBS/human301/runs/CREB3L3/68001_ablation_base_seed2/best_model.pt (objective=classification-auprc, score=0.392746)
  negatives seen=90.0%; hard negatives=0
Epoch 009 train: loss=0.5154 AUROC=0.9575 AUPRC=0.7680 BalAcc=0.8942 F1=0.6417 MCC=0.6238
Epoch 009 val  : loss=0.1456 AUROC=0.9517 AUPRC=0.4466 BalAcc=0.7738 F1=0.4570 MCC=0.4581
  learning_rate_used=2.953e-04; learning_rate_next=2.941e-04; elapsed=5.9s
  saved new best checkpoint: /data/projects/SFB_A03/jan/AT_TFBS/human301/runs/CREB3L3/68001_ablation_base_seed2/best_model.pt (objective=classification-auprc, score=0.446574)
  negatives seen=100.0%; hard negatives=0
Epoch 010 train: loss=0.4586 AUROC=0.9631 AUPRC=0.7791 BalAcc=0.9028 F1=0.6361 MCC=0.6227
Epoch 010 val  : loss=0.3440 AUROC=0.9433 AUPRC=0.4075 BalAcc=0.8778 F1=0.1180 MCC=0.2163
  learning_rate_used=2.941e-04; learning_rate_next=2.927e-04; elapsed=5.7s
  negatives seen=100.0%; hard negatives=0
Epoch 011 train: loss=0.4376 AUROC=0.9681 AUPRC=0.7706 BalAcc=0.9153 F1=0.6862 MCC=0.6715
Epoch 011 val  : loss=0.1586 AUROC=0.9402 AUPRC=0.4425 BalAcc=0.8137 F1=0.3765 MCC=0.4056
  learning_rate_used=2.927e-04; learning_rate_next=2.912e-04; elapsed=5.7s
  negatives seen=100.0%; hard negatives=0
Epoch 012 train: loss=0.3722 AUROC=0.9755 AUPRC=0.8235 BalAcc=0.9249 F1=0.7140 MCC=0.7000
Epoch 012 val  : loss=0.1526 AUROC=0.9417 AUPRC=0.4710 BalAcc=0.7925 F1=0.4302 MCC=0.4409
  learning_rate_used=2.912e-04; learning_rate_next=2.895e-04; elapsed=5.8s
  saved new best checkpoint: /data/projects/SFB_A03/jan/AT_TFBS/human301/runs/CREB3L3/68001_ablation_base_seed2/best_model.pt (objective=classification-auprc, score=0.471031)
  negatives seen=100.0%; hard negatives=0
Epoch 013 train: loss=0.3142 AUROC=0.9835 AUPRC=0.8595 BalAcc=0.9354 F1=0.7554 MCC=0.7414
Epoch 013 val  : loss=0.1636 AUROC=0.9493 AUPRC=0.4878 BalAcc=0.8773 F1=0.2943 MCC=0.3671
  learning_rate_used=2.895e-04; learning_rate_next=2.877e-04; elapsed=5.8s
  saved new best checkpoint: /data/projects/SFB_A03/jan/AT_TFBS/human301/runs/CREB3L3/68001_ablation_base_seed2/best_model.pt (objective=classification-auprc, score=0.487769)
  negatives seen=100.0%; hard negatives=0
Epoch 014 train: loss=0.2975 AUROC=0.9850 AUPRC=0.8721 BalAcc=0.9437 F1=0.7939 MCC=0.7802
Epoch 014 val  : loss=0.1564 AUROC=0.9508 AUPRC=0.4404 BalAcc=0.8235 F1=0.3437 MCC=0.3840
  learning_rate_used=2.877e-04; learning_rate_next=2.858e-04; elapsed=5.7s
  negatives seen=100.0%; hard negatives=0
Epoch 015 train: loss=0.3001 AUROC=0.9844 AUPRC=0.8695 BalAcc=0.9420 F1=0.7678 MCC=0.7551
Epoch 015 val  : loss=0.1694 AUROC=0.9471 AUPRC=0.4704 BalAcc=0.7737 F1=0.4510 MCC=0.4528
  learning_rate_used=2.858e-04; learning_rate_next=2.837e-04; elapsed=5.7s
  negatives seen=100.0%; hard negatives=0
Epoch 016 train: loss=0.2591 AUROC=0.9863 AUPRC=0.9233 BalAcc=0.9556 F1=0.8118 MCC=0.8006
Epoch 016 val  : loss=0.1645 AUROC=0.9460 AUPRC=0.4211 BalAcc=0.8190 F1=0.3313 MCC=0.3726
  learning_rate_used=2.837e-04; learning_rate_next=2.815e-04; elapsed=5.7s
  negatives seen=100.0%; hard negatives=0
Epoch 017 train: loss=0.2620 AUROC=0.9890 AUPRC=0.9045 BalAcc=0.9419 F1=0.8058 MCC=0.7913
Epoch 017 val  : loss=0.1888 AUROC=0.9528 AUPRC=0.4724 BalAcc=0.8773 F1=0.2309 MCC=0.3165
  learning_rate_used=2.815e-04; learning_rate_next=2.792e-04; elapsed=5.8s
  negatives seen=100.0%; hard negatives=0
Epoch 018 train: loss=0.2575 AUROC=0.9890 AUPRC=0.9091 BalAcc=0.9532 F1=0.8109 MCC=0.7990
Epoch 018 val  : loss=0.1436 AUROC=0.9546 AUPRC=0.5352 BalAcc=0.8564 F1=0.3824 MCC=0.4270
  learning_rate_used=2.792e-04; learning_rate_next=2.767e-04; elapsed=5.8s
  saved new best checkpoint: /data/projects/SFB_A03/jan/AT_TFBS/human301/runs/CREB3L3/68001_ablation_base_seed2/best_model.pt (objective=classification-auprc, score=0.535173)
  negatives seen=100.0%; hard negatives=0
Epoch 019 train: loss=0.1967 AUROC=0.9926 AUPRC=0.9279 BalAcc=0.9587 F1=0.8248 MCC=0.8139
Epoch 019 val  : loss=0.2141 AUROC=0.9500 AUPRC=0.4637 BalAcc=0.7162 F1=0.4977 MCC=0.4986
  learning_rate_used=2.767e-04; learning_rate_next=2.741e-04; elapsed=5.8s
  negatives seen=100.0%; hard negatives=0
Epoch 020 train: loss=0.2406 AUROC=0.9902 AUPRC=0.9029 BalAcc=0.9559 F1=0.8305 MCC=0.8187
Epoch 020 val  : loss=0.1738 AUROC=0.9564 AUPRC=0.5234 BalAcc=0.8735 F1=0.2579 MCC=0.3368
  learning_rate_used=2.741e-04; learning_rate_next=2.714e-04; elapsed=5.7s
  negatives seen=100.0%; hard negatives=0
Epoch 021 train: loss=0.1881 AUROC=0.9936 AUPRC=0.9380 BalAcc=0.9652 F1=0.8550 MCC=0.8449
Epoch 021 val  : loss=0.1360 AUROC=0.9642 AUPRC=0.5236 BalAcc=0.8625 F1=0.3523 MCC=0.4062
  learning_rate_used=2.714e-04; learning_rate_next=2.686e-04; elapsed=5.7s
  negatives seen=100.0%; hard negatives=0
Epoch 022 train: loss=0.2265 AUROC=0.9926 AUPRC=0.9259 BalAcc=0.9577 F1=0.8438 MCC=0.8322
Epoch 022 val  : loss=0.1564 AUROC=0.9605 AUPRC=0.5022 BalAcc=0.8015 F1=0.4720 MCC=0.4787
  learning_rate_used=2.686e-04; learning_rate_next=2.657e-04; elapsed=5.7s
  negatives seen=100.0%; hard negatives=0
Epoch 023 train: loss=0.2035 AUROC=0.9930 AUPRC=0.9325 BalAcc=0.9617 F1=0.8561 MCC=0.8453
Epoch 023 val  : loss=0.2170 AUROC=0.9563 AUPRC=0.5617 BalAcc=0.7328 F1=0.5550 MCC=0.5614
  learning_rate_used=2.657e-04; learning_rate_next=2.626e-04; elapsed=5.8s
  saved new best checkpoint: /data/projects/SFB_A03/jan/AT_TFBS/human301/runs/CREB3L3/68001_ablation_base_seed2/best_model.pt (objective=classification-auprc, score=0.561651)
  negatives seen=100.0%; hard negatives=0
Epoch 024 train: loss=0.1682 AUROC=0.9954 AUPRC=0.9577 BalAcc=0.9649 F1=0.8715 MCC=0.8614
Epoch 024 val  : loss=0.2459 AUROC=0.9609 AUPRC=0.5336 BalAcc=0.9125 F1=0.1857 MCC=0.2907
  learning_rate_used=2.626e-04; learning_rate_next=2.595e-04; elapsed=5.7s
  negatives seen=100.0%; hard negatives=0
Epoch 025 train: loss=0.1482 AUROC=0.9951 AUPRC=0.9468 BalAcc=0.9798 F1=0.8945 MCC=0.8871
Epoch 025 val  : loss=0.5063 AUROC=0.9640 AUPRC=0.5369 BalAcc=0.5806 F1=0.2778 MCC=0.3999
  learning_rate_used=2.595e-04; learning_rate_next=2.562e-04; elapsed=5.8s
  negatives seen=100.0%; hard negatives=0
Epoch 026 train: loss=0.1950 AUROC=0.9949 AUPRC=0.9492 BalAcc=0.9634 F1=0.8596 MCC=0.8491
Epoch 026 val  : loss=0.2263 AUROC=0.9560 AUPRC=0.5374 BalAcc=0.7593 F1=0.5039 MCC=0.4991
  learning_rate_used=2.562e-04; learning_rate_next=2.528e-04; elapsed=5.7s
  negatives seen=100.0%; hard negatives=0
Epoch 027 train: loss=0.1710 AUROC=0.9949 AUPRC=0.9423 BalAcc=0.9609 F1=0.8684 MCC=0.8575
Epoch 027 val  : loss=0.1402 AUROC=0.9662 AUPRC=0.5483 BalAcc=0.8600 F1=0.3763 MCC=0.4238
  learning_rate_used=2.528e-04; learning_rate_next=2.494e-04; elapsed=5.7s
  negatives seen=100.0%; hard negatives=0
Epoch 028 train: loss=0.1385 AUROC=0.9956 AUPRC=0.9516 BalAcc=0.9762 F1=0.8755 MCC=0.8675
Epoch 028 val  : loss=0.1342 AUROC=0.9679 AUPRC=0.5329 BalAcc=0.8388 F1=0.4216 MCC=0.4506
  learning_rate_used=2.494e-04; learning_rate_next=2.458e-04; elapsed=5.8s
  negatives seen=100.0%; hard negatives=0
Epoch 029 train: loss=0.1240 AUROC=0.9966 AUPRC=0.9608 BalAcc=0.9769 F1=0.9005 MCC=0.8928
Epoch 029 val  : loss=0.1485 AUROC=0.9603 AUPRC=0.5225 BalAcc=0.8675 F1=0.3730 MCC=0.4243
  learning_rate_used=2.458e-04; learning_rate_next=2.421e-04; elapsed=5.7s
  negatives seen=100.0%; hard negatives=0
Epoch 030 train: loss=0.1687 AUROC=0.9956 AUPRC=0.9579 BalAcc=0.9664 F1=0.8838 MCC=0.8741
Epoch 030 val  : loss=0.2021 AUROC=0.9657 AUPRC=0.5483 BalAcc=0.7406 F1=0.5530 MCC=0.5550
  learning_rate_used=2.421e-04; learning_rate_next=2.384e-04; elapsed=5.8s
  negatives seen=100.0%; hard negatives=0
Epoch 031 train: loss=0.1531 AUROC=0.9963 AUPRC=0.9612 BalAcc=0.9723 F1=0.8929 MCC=0.8842
Epoch 031 val  : loss=0.1560 AUROC=0.9635 AUPRC=0.5309 BalAcc=0.8678 F1=0.3183 MCC=0.3821
  learning_rate_used=2.384e-04; learning_rate_next=2.345e-04; elapsed=5.8s
  negatives seen=100.0%; hard negatives=0
Epoch 032 train: loss=0.1696 AUROC=0.9956 AUPRC=0.9578 BalAcc=0.9715 F1=0.8960 MCC=0.8874
Epoch 032 val  : loss=0.1329 AUROC=0.9627 AUPRC=0.5429 BalAcc=0.8431 F1=0.4328 MCC=0.4612
  learning_rate_used=2.345e-04; learning_rate_next=2.306e-04; elapsed=5.8s
  negatives seen=100.0%; hard negatives=0
Epoch 033 train: loss=0.1346 AUROC=0.9973 AUPRC=0.9719 BalAcc=0.9778 F1=0.9191 MCC=0.9120
Epoch 033 val  : loss=0.1625 AUROC=0.9587 AUPRC=0.5495 BalAcc=0.8836 F1=0.3246 MCC=0.3933
  learning_rate_used=2.306e-04; learning_rate_next=2.266e-04; elapsed=5.7s
  negatives seen=100.0%; hard negatives=0
Epoch 034 train: loss=0.0986 AUROC=0.9981 AUPRC=0.9803 BalAcc=0.9774 F1=0.9155 MCC=0.9082
Epoch 034 val  : loss=0.1715 AUROC=0.9637 AUPRC=0.5317 BalAcc=0.7977 F1=0.4747 MCC=0.4798
  learning_rate_used=2.266e-04; learning_rate_next=2.225e-04; elapsed=5.7s
  negatives seen=100.0%; hard negatives=0
Epoch 035 train: loss=0.1300 AUROC=0.9973 AUPRC=0.9734 BalAcc=0.9749 F1=0.9046 MCC=0.8967
Epoch 035 val  : loss=0.2049 AUROC=0.9665 AUPRC=0.5581 BalAcc=0.8996 F1=0.2096 MCC=0.3069
  learning_rate_used=2.225e-04; learning_rate_next=2.184e-04; elapsed=5.8s
  negatives seen=100.0%; hard negatives=0
Epoch 036 train: loss=0.1520 AUROC=0.9969 AUPRC=0.9695 BalAcc=0.9745 F1=0.9115 MCC=0.9037
Epoch 036 val  : loss=0.1604 AUROC=0.9640 AUPRC=0.5303 BalAcc=0.8929 F1=0.2991 MCC=0.3771
  learning_rate_used=2.184e-04; learning_rate_next=2.142e-04; elapsed=5.8s
  negatives seen=100.0%; hard negatives=0
Epoch 037 train: loss=0.0873 AUROC=0.9980 AUPRC=0.9731 BalAcc=0.9865 F1=0.9311 MCC=0.9255
Epoch 037 val  : loss=0.2284 AUROC=0.9624 AUPRC=0.5468 BalAcc=0.7522 F1=0.5431 MCC=0.5402
  learning_rate_used=2.142e-04; learning_rate_next=2.099e-04; elapsed=5.7s
  negatives seen=100.0%; hard negatives=0
Epoch 038 train: loss=0.1565 AUROC=0.9971 AUPRC=0.9736 BalAcc=0.9740 F1=0.9172 MCC=0.9097
Epoch 038 val  : loss=0.2040 AUROC=0.9621 AUPRC=0.5251 BalAcc=0.7898 F1=0.4710 MCC=0.4744
  learning_rate_used=2.099e-04; learning_rate_next=2.055e-04; elapsed=5.7s
  negatives seen=100.0%; hard negatives=0
Epoch 039 train: loss=0.1202 AUROC=0.9978 AUPRC=0.9725 BalAcc=0.9777 F1=0.9286 MCC=0.9220
Epoch 039 val  : loss=0.2823 AUROC=0.9490 AUPRC=0.4921 BalAcc=0.7361 F1=0.5198 MCC=0.5177
  learning_rate_used=2.055e-04; learning_rate_next=2.011e-04; elapsed=5.7s
  negatives seen=100.0%; hard negatives=0
Epoch 040 train: loss=0.0961 AUROC=0.9978 AUPRC=0.9730 BalAcc=0.9846 F1=0.9249 MCC=0.9189
Epoch 040 val  : loss=0.1516 AUROC=0.9630 AUPRC=0.5427 BalAcc=0.8392 F1=0.4322 MCC=0.4592
  learning_rate_used=2.011e-04; learning_rate_next=1.967e-04; elapsed=5.7s
  negatives seen=100.0%; hard negatives=0
Epoch 041 train: loss=0.0935 AUROC=0.9988 AUPRC=0.9875 BalAcc=0.9833 F1=0.9465 MCC=0.9415
Epoch 041 val  : loss=0.1669 AUROC=0.9571 AUPRC=0.5202 BalAcc=0.8565 F1=0.3206 MCC=0.3793
  learning_rate_used=1.967e-04; learning_rate_next=1.922e-04; elapsed=5.8s
  negatives seen=100.0%; hard negatives=0
Epoch 042 train: loss=0.0836 AUROC=0.9985 AUPRC=0.9849 BalAcc=0.9873 F1=0.9495 MCC=0.9449
Epoch 042 val  : loss=0.1446 AUROC=0.9670 AUPRC=0.5514 BalAcc=0.8733 F1=0.4121 MCC=0.4568
  learning_rate_used=1.922e-04; learning_rate_next=1.877e-04; elapsed=5.8s
  negatives seen=100.0%; hard negatives=0
Epoch 043 train: loss=0.1027 AUROC=0.9991 AUPRC=0.9914 BalAcc=0.9828 F1=0.9528 MCC=0.9482
Epoch 043 val  : loss=0.1821 AUROC=0.9612 AUPRC=0.5255 BalAcc=0.7867 F1=0.5035 MCC=0.5024
  learning_rate_used=1.877e-04; learning_rate_next=1.831e-04; elapsed=5.7s
Early stopping after 43 epochs.
Binary threshold: 0.518592 (strategy=val-mcc, validation_score=0.582830)
TEST chr10,chr12,chr14,chr16,chr18,chr2,chr20,chr22,chr4,chr6,chr8: loss=0.1932 AUROC=0.9677 AUPRC=0.5305 BalAcc=0.7335 F1=0.5381 MCC=0.5400
Outputs written to /data/projects/SFB_A03/jan/AT_TFBS/human301/runs/CREB3L3/68001_ablation_base_seed2
Binary predictions: binary_classification_results.tsv
Binary metrics: binary_classification_metrics.json
ROC plot: roc_curve.png
Precision-recall plot: precision_recall_curve.png
Confusion matrix: binary_confusion_matrix.tsv
