Window geometry: 256 bp from 301 bp; crop starts 0..45; shifts -22..+23; fresh uniform draw per access
Evaluation: crops (0, 22, 23, 45), reverse complement=True; all samples
train: n=36,663, positive=363, negative=36,300
  val: n=12,524, positive=124, negative=12,400
 test: n=40,198, positive=398, negative=39,800
Device: cuda
Hidden activation: RELU
Parameters: 1,032,981 total; 1,032,981 trainable
Architecture: motif kernels 9/12; encoder 128/64/64; original five-block bottleneck at 64; decoder 64/128/256
  negatives seen=10.0%; hard negatives=0
Epoch 001 train: loss=1.5045 AUROC=0.5132 AUPRC=0.0899 BalAcc=0.5191 F1=0.1643 MCC=0.0220
Epoch 001 val  : loss=0.6394 AUROC=0.5681 AUPRC=0.0131 BalAcc=0.5398 F1=0.0253 MCC=0.0185
  learning_rate_used=3.000e-04; learning_rate_next=2.997e-04; elapsed=7.9s
  saved new best checkpoint: /data/projects/SFB_A03/jan/AT_TFBS/human301/runs/CREB3L3/67989_motif64_hardneg025/best_model.pt (objective=classification-auprc, score=0.013131)
  negatives seen=20.0%; hard negatives=0
Epoch 002 train: loss=1.3435 AUROC=0.5513 AUPRC=0.1118 BalAcc=0.5373 F1=0.1741 MCC=0.0431
Epoch 002 val  : loss=0.7034 AUROC=0.7078 AUPRC=0.0281 BalAcc=0.6379 F1=0.0334 MCC=0.0565
  learning_rate_used=2.997e-04; learning_rate_next=2.988e-04; elapsed=5.7s
  saved new best checkpoint: /data/projects/SFB_A03/jan/AT_TFBS/human301/runs/CREB3L3/67989_motif64_hardneg025/best_model.pt (objective=classification-auprc, score=0.028067)
  negatives seen=30.0%; hard negatives=0
Epoch 003 train: loss=1.2243 AUROC=0.6435 AUPRC=0.1703 BalAcc=0.6023 F1=0.2168 MCC=0.1199
Epoch 003 val  : loss=0.3799 AUROC=0.8787 AUPRC=0.1016 BalAcc=0.6452 F1=0.1688 MCC=0.1774
  learning_rate_used=2.988e-04; learning_rate_next=2.974e-04; elapsed=5.7s
  saved new best checkpoint: /data/projects/SFB_A03/jan/AT_TFBS/human301/runs/CREB3L3/67989_motif64_hardneg025/best_model.pt (objective=classification-auprc, score=0.101571)
  negatives seen=40.0%; hard negatives=0
Epoch 004 train: loss=0.9969 AUROC=0.8140 AUPRC=0.3268 BalAcc=0.7534 F1=0.3604 MCC=0.3226
Epoch 004 val  : loss=0.2425 AUROC=0.9105 AUPRC=0.1677 BalAcc=0.7469 F1=0.1976 MCC=0.2398
  learning_rate_used=2.974e-04; learning_rate_next=2.953e-04; elapsed=5.7s
  saved new best checkpoint: /data/projects/SFB_A03/jan/AT_TFBS/human301/runs/CREB3L3/67989_motif64_hardneg025/best_model.pt (objective=classification-auprc, score=0.167732)
  negatives seen=50.0%; hard negatives=0
Epoch 005 train: loss=0.8450 AUROC=0.8695 AUPRC=0.4578 BalAcc=0.7847 F1=0.4106 MCC=0.3790
Epoch 005 val  : loss=0.2460 AUROC=0.8957 AUPRC=0.1879 BalAcc=0.5990 F1=0.2577 MCC=0.2629
  learning_rate_used=2.953e-04; learning_rate_next=2.927e-04; elapsed=5.7s
  saved new best checkpoint: /data/projects/SFB_A03/jan/AT_TFBS/human301/runs/CREB3L3/67989_motif64_hardneg025/best_model.pt (objective=classification-auprc, score=0.187920)
Epoch 006: refreshed hard-negative candidates from training only
  negatives seen=58.7%; hard negatives=907
Epoch 006 train: loss=1.0039 AUROC=0.8140 AUPRC=0.3179 BalAcc=0.7388 F1=0.3480 MCC=0.3043
Epoch 006 val  : loss=0.2597 AUROC=0.9276 AUPRC=0.2870 BalAcc=0.8171 F1=0.2582 MCC=0.3150
  learning_rate_used=2.927e-04; learning_rate_next=2.895e-04; elapsed=18.1s
  saved new best checkpoint: /data/projects/SFB_A03/jan/AT_TFBS/human301/runs/CREB3L3/67989_motif64_hardneg025/best_model.pt (objective=classification-auprc, score=0.286972)
  negatives seen=66.7%; hard negatives=907
Epoch 007 train: loss=0.8718 AUROC=0.8537 AUPRC=0.4014 BalAcc=0.7572 F1=0.3670 MCC=0.3297
Epoch 007 val  : loss=0.3526 AUROC=0.9280 AUPRC=0.2789 BalAcc=0.8621 F1=0.1331 MCC=0.2258
  learning_rate_used=2.895e-04; learning_rate_next=2.858e-04; elapsed=5.7s
  negatives seen=74.3%; hard negatives=907
Epoch 008 train: loss=0.7699 AUROC=0.8903 AUPRC=0.4858 BalAcc=0.7992 F1=0.4278 MCC=0.4005
Epoch 008 val  : loss=0.4289 AUROC=0.9455 AUPRC=0.4298 BalAcc=0.8746 F1=0.0939 MCC=0.1908
  learning_rate_used=2.858e-04; learning_rate_next=2.815e-04; elapsed=5.7s
  saved new best checkpoint: /data/projects/SFB_A03/jan/AT_TFBS/human301/runs/CREB3L3/67989_motif64_hardneg025/best_model.pt (objective=classification-auprc, score=0.429836)
  negatives seen=81.8%; hard negatives=907
Epoch 009 train: loss=0.7893 AUROC=0.8896 AUPRC=0.4813 BalAcc=0.8102 F1=0.4393 MCC=0.4157
Epoch 009 val  : loss=0.2239 AUROC=0.9399 AUPRC=0.4276 BalAcc=0.8854 F1=0.2350 MCC=0.3229
  learning_rate_used=2.815e-04; learning_rate_next=2.767e-04; elapsed=5.7s
  negatives seen=89.1%; hard negatives=907
Epoch 010 train: loss=0.6358 AUROC=0.9265 AUPRC=0.5828 BalAcc=0.8478 F1=0.5144 MCC=0.4952
Epoch 010 val  : loss=0.3319 AUROC=0.9217 AUPRC=0.3343 BalAcc=0.8500 F1=0.1169 MCC=0.2065
  learning_rate_used=2.767e-04; learning_rate_next=2.714e-04; elapsed=5.7s
Epoch 011: refreshed hard-negative candidates from training only
  negatives seen=96.4%; hard negatives=907
Epoch 011 train: loss=0.7140 AUROC=0.9131 AUPRC=0.5940 BalAcc=0.8339 F1=0.4843 MCC=0.4639
Epoch 011 val  : loss=1.3886 AUROC=0.9398 AUPRC=0.4030 BalAcc=0.6159 F1=0.0254 MCC=0.0539
  learning_rate_used=2.714e-04; learning_rate_next=2.657e-04; elapsed=18.0s
  negatives seen=100.0%; hard negatives=907
Epoch 012 train: loss=0.5825 AUROC=0.9372 AUPRC=0.6227 BalAcc=0.8631 F1=0.5488 MCC=0.5310
Epoch 012 val  : loss=0.2026 AUROC=0.9441 AUPRC=0.4155 BalAcc=0.6763 F1=0.4490 MCC=0.4617
  learning_rate_used=2.657e-04; learning_rate_next=2.595e-04; elapsed=5.7s
  negatives seen=100.0%; hard negatives=907
Epoch 013 train: loss=0.5236 AUROC=0.9503 AUPRC=0.6694 BalAcc=0.8835 F1=0.5864 MCC=0.5720
Epoch 013 val  : loss=0.2448 AUROC=0.9375 AUPRC=0.4504 BalAcc=0.6567 F1=0.4382 MCC=0.4734
  learning_rate_used=2.595e-04; learning_rate_next=2.528e-04; elapsed=5.7s
  saved new best checkpoint: /data/projects/SFB_A03/jan/AT_TFBS/human301/runs/CREB3L3/67989_motif64_hardneg025/best_model.pt (objective=classification-auprc, score=0.450427)
  negatives seen=100.0%; hard negatives=907
Epoch 014 train: loss=0.4728 AUROC=0.9631 AUPRC=0.7594 BalAcc=0.9007 F1=0.6518 MCC=0.6353
Epoch 014 val  : loss=0.1655 AUROC=0.9403 AUPRC=0.4296 BalAcc=0.7894 F1=0.3515 MCC=0.3766
  learning_rate_used=2.528e-04; learning_rate_next=2.458e-04; elapsed=5.7s
  negatives seen=100.0%; hard negatives=907
Epoch 015 train: loss=0.4442 AUROC=0.9649 AUPRC=0.7403 BalAcc=0.9019 F1=0.6373 MCC=0.6233
Epoch 015 val  : loss=0.1765 AUROC=0.9321 AUPRC=0.4017 BalAcc=0.7894 F1=0.3524 MCC=0.3773
  learning_rate_used=2.458e-04; learning_rate_next=2.384e-04; elapsed=5.7s
Epoch 016: refreshed hard-negative candidates from training only
  negatives seen=100.0%; hard negatives=907
Epoch 016 train: loss=0.4871 AUROC=0.9579 AUPRC=0.7100 BalAcc=0.8931 F1=0.6127 MCC=0.5985
Epoch 016 val  : loss=0.2190 AUROC=0.9541 AUPRC=0.4700 BalAcc=0.9013 F1=0.2002 MCC=0.2994
  learning_rate_used=2.384e-04; learning_rate_next=2.306e-04; elapsed=18.0s
  saved new best checkpoint: /data/projects/SFB_A03/jan/AT_TFBS/human301/runs/CREB3L3/67989_motif64_hardneg025/best_model.pt (objective=classification-auprc, score=0.469999)
  negatives seen=100.0%; hard negatives=907
Epoch 017 train: loss=0.4701 AUROC=0.9617 AUPRC=0.7543 BalAcc=0.9004 F1=0.6211 MCC=0.6089
Epoch 017 val  : loss=0.4536 AUROC=0.9465 AUPRC=0.4107 BalAcc=0.8589 F1=0.0810 MCC=0.1725
  learning_rate_used=2.306e-04; learning_rate_next=2.225e-04; elapsed=5.7s
  negatives seen=100.0%; hard negatives=907
Epoch 018 train: loss=0.4074 AUROC=0.9709 AUPRC=0.7959 BalAcc=0.9178 F1=0.6818 MCC=0.6686
Epoch 018 val  : loss=0.1410 AUROC=0.9549 AUPRC=0.4913 BalAcc=0.8062 F1=0.5016 MCC=0.5053
  learning_rate_used=2.225e-04; learning_rate_next=2.142e-04; elapsed=5.7s
  saved new best checkpoint: /data/projects/SFB_A03/jan/AT_TFBS/human301/runs/CREB3L3/67989_motif64_hardneg025/best_model.pt (objective=classification-auprc, score=0.491329)
  negatives seen=100.0%; hard negatives=907
Epoch 019 train: loss=0.3838 AUROC=0.9732 AUPRC=0.7890 BalAcc=0.9118 F1=0.6742 MCC=0.6595
Epoch 019 val  : loss=0.1857 AUROC=0.9535 AUPRC=0.4934 BalAcc=0.8904 F1=0.2441 MCC=0.3321
  learning_rate_used=2.142e-04; learning_rate_next=2.055e-04; elapsed=5.7s
  saved new best checkpoint: /data/projects/SFB_A03/jan/AT_TFBS/human301/runs/CREB3L3/67989_motif64_hardneg025/best_model.pt (objective=classification-auprc, score=0.493369)
  negatives seen=100.0%; hard negatives=907
Epoch 020 train: loss=0.3473 AUROC=0.9784 AUPRC=0.8301 BalAcc=0.9299 F1=0.7102 MCC=0.6985
Epoch 020 val  : loss=0.6041 AUROC=0.9538 AUPRC=0.4508 BalAcc=0.8502 F1=0.0703 MCC=0.1585
  learning_rate_used=2.055e-04; learning_rate_next=1.967e-04; elapsed=5.7s
Epoch 021: refreshed hard-negative candidates from training only
  negatives seen=100.0%; hard negatives=907
Epoch 021 train: loss=0.3031 AUROC=0.9818 AUPRC=0.8578 BalAcc=0.9377 F1=0.7100 MCC=0.7015
Epoch 021 val  : loss=0.2744 AUROC=0.9417 AUPRC=0.4782 BalAcc=0.6527 F1=0.4343 MCC=0.4748
  learning_rate_used=1.967e-04; learning_rate_next=1.877e-04; elapsed=18.0s
  negatives seen=100.0%; hard negatives=907
Epoch 022 train: loss=0.2939 AUROC=0.9853 AUPRC=0.8725 BalAcc=0.9438 F1=0.7719 MCC=0.7594
Epoch 022 val  : loss=0.1951 AUROC=0.9478 AUPRC=0.4855 BalAcc=0.7596 F1=0.5179 MCC=0.5131
  learning_rate_used=1.877e-04; learning_rate_next=1.785e-04; elapsed=5.7s
  negatives seen=100.0%; hard negatives=907
Epoch 023 train: loss=0.3148 AUROC=0.9831 AUPRC=0.8537 BalAcc=0.9328 F1=0.7328 MCC=0.7198
Epoch 023 val  : loss=0.1694 AUROC=0.9471 AUPRC=0.5059 BalAcc=0.7554 F1=0.5020 MCC=0.4970
  learning_rate_used=1.785e-04; learning_rate_next=1.692e-04; elapsed=5.6s
  saved new best checkpoint: /data/projects/SFB_A03/jan/AT_TFBS/human301/runs/CREB3L3/67989_motif64_hardneg025/best_model.pt (objective=classification-auprc, score=0.505922)
  negatives seen=100.0%; hard negatives=907
Epoch 024 train: loss=0.2522 AUROC=0.9883 AUPRC=0.9048 BalAcc=0.9470 F1=0.7925 MCC=0.7798
Epoch 024 val  : loss=0.1433 AUROC=0.9550 AUPRC=0.5212 BalAcc=0.8443 F1=0.3721 MCC=0.4142
  learning_rate_used=1.692e-04; learning_rate_next=1.599e-04; elapsed=5.7s
  saved new best checkpoint: /data/projects/SFB_A03/jan/AT_TFBS/human301/runs/CREB3L3/67989_motif64_hardneg025/best_model.pt (objective=classification-auprc, score=0.521196)
  negatives seen=100.0%; hard negatives=907
Epoch 025 train: loss=0.2360 AUROC=0.9908 AUPRC=0.9131 BalAcc=0.9497 F1=0.8198 MCC=0.8069
Epoch 025 val  : loss=0.1756 AUROC=0.9304 AUPRC=0.4440 BalAcc=0.8047 F1=0.4477 MCC=0.4593
  learning_rate_used=1.599e-04; learning_rate_next=1.505e-04; elapsed=5.7s
Epoch 026: refreshed hard-negative candidates from training only
  negatives seen=100.0%; hard negatives=907
Epoch 026 train: loss=0.2925 AUROC=0.9863 AUPRC=0.8976 BalAcc=0.9369 F1=0.7799 MCC=0.7650
Epoch 026 val  : loss=0.1451 AUROC=0.9566 AUPRC=0.5394 BalAcc=0.7909 F1=0.5177 MCC=0.5162
  learning_rate_used=1.505e-04; learning_rate_next=1.411e-04; elapsed=18.0s
  saved new best checkpoint: /data/projects/SFB_A03/jan/AT_TFBS/human301/runs/CREB3L3/67989_motif64_hardneg025/best_model.pt (objective=classification-auprc, score=0.539443)
  negatives seen=100.0%; hard negatives=907
Epoch 027 train: loss=0.2386 AUROC=0.9886 AUPRC=0.9033 BalAcc=0.9519 F1=0.8104 MCC=0.7983
Epoch 027 val  : loss=0.1444 AUROC=0.9572 AUPRC=0.5339 BalAcc=0.8124 F1=0.4438 MCC=0.4588
  learning_rate_used=1.411e-04; learning_rate_next=1.318e-04; elapsed=5.7s
  negatives seen=100.0%; hard negatives=907
Epoch 028 train: loss=0.2225 AUROC=0.9919 AUPRC=0.9272 BalAcc=0.9563 F1=0.8335 MCC=0.8218
Epoch 028 val  : loss=0.1427 AUROC=0.9566 AUPRC=0.5464 BalAcc=0.8321 F1=0.4528 MCC=0.4730
  learning_rate_used=1.318e-04; learning_rate_next=1.225e-04; elapsed=5.6s
  saved new best checkpoint: /data/projects/SFB_A03/jan/AT_TFBS/human301/runs/CREB3L3/67989_motif64_hardneg025/best_model.pt (objective=classification-auprc, score=0.546357)
  negatives seen=100.0%; hard negatives=907
Epoch 029 train: loss=0.2004 AUROC=0.9921 AUPRC=0.9202 BalAcc=0.9614 F1=0.8276 MCC=0.8173
Epoch 029 val  : loss=0.1883 AUROC=0.9553 AUPRC=0.5234 BalAcc=0.7639 F1=0.5388 MCC=0.5343
  learning_rate_used=1.225e-04; learning_rate_next=1.133e-04; elapsed=5.7s
  negatives seen=100.0%; hard negatives=907
Epoch 030 train: loss=0.1701 AUROC=0.9949 AUPRC=0.9554 BalAcc=0.9720 F1=0.8808 MCC=0.8720
Epoch 030 val  : loss=0.2719 AUROC=0.9529 AUPRC=0.5106 BalAcc=0.6969 F1=0.5131 MCC=0.5344
  learning_rate_used=1.133e-04; learning_rate_next=1.043e-04; elapsed=5.7s
Epoch 031: refreshed hard-negative candidates from training only
  negatives seen=100.0%; hard negatives=907
Epoch 031 train: loss=0.1566 AUROC=0.9953 AUPRC=0.9497 BalAcc=0.9656 F1=0.8675 MCC=0.8574
Epoch 031 val  : loss=0.2822 AUROC=0.9574 AUPRC=0.5001 BalAcc=0.6727 F1=0.4674 MCC=0.4953
  learning_rate_used=1.043e-04; learning_rate_next=9.547e-05; elapsed=18.1s
  negatives seen=100.0%; hard negatives=907
Epoch 032 train: loss=0.2059 AUROC=0.9949 AUPRC=0.9593 BalAcc=0.9590 F1=0.8721 MCC=0.8610
Epoch 032 val  : loss=0.2381 AUROC=0.9593 AUPRC=0.5371 BalAcc=0.7127 F1=0.5222 MCC=0.5319
  learning_rate_used=9.547e-05; learning_rate_next=8.685e-05; elapsed=5.7s
  negatives seen=100.0%; hard negatives=907
Epoch 033 train: loss=0.1215 AUROC=0.9970 AUPRC=0.9712 BalAcc=0.9731 F1=0.8897 MCC=0.8812
Epoch 033 val  : loss=0.1936 AUROC=0.9589 AUPRC=0.5311 BalAcc=0.7481 F1=0.5345 MCC=0.5314
  learning_rate_used=8.685e-05; learning_rate_next=7.848e-05; elapsed=5.7s
  negatives seen=100.0%; hard negatives=907
Epoch 034 train: loss=0.1292 AUROC=0.9975 AUPRC=0.9742 BalAcc=0.9764 F1=0.9072 MCC=0.8996
Epoch 034 val  : loss=0.1926 AUROC=0.9592 AUPRC=0.5213 BalAcc=0.7480 F1=0.5254 MCC=0.5216
  learning_rate_used=7.848e-05; learning_rate_next=7.039e-05; elapsed=5.7s
  negatives seen=100.0%; hard negatives=907
Epoch 035 train: loss=0.1532 AUROC=0.9970 AUPRC=0.9734 BalAcc=0.9769 F1=0.9213 MCC=0.9142
Epoch 035 val  : loss=0.2463 AUROC=0.9596 AUPRC=0.5245 BalAcc=0.7048 F1=0.5178 MCC=0.5326
  learning_rate_used=7.039e-05; learning_rate_next=6.263e-05; elapsed=5.7s
Epoch 036: refreshed hard-negative candidates from training only
  negatives seen=100.0%; hard negatives=907
Epoch 036 train: loss=0.1294 AUROC=0.9974 AUPRC=0.9791 BalAcc=0.9762 F1=0.9153 MCC=0.9079
Epoch 036 val  : loss=0.2473 AUROC=0.9552 AUPRC=0.5310 BalAcc=0.7406 F1=0.5505 MCC=0.5519
  learning_rate_used=6.263e-05; learning_rate_next=5.521e-05; elapsed=18.1s
  negatives seen=100.0%; hard negatives=907
Epoch 037 train: loss=0.0987 AUROC=0.9985 AUPRC=0.9874 BalAcc=0.9814 F1=0.9291 MCC=0.9229
Epoch 037 val  : loss=0.3109 AUROC=0.9588 AUPRC=0.5413 BalAcc=0.6971 F1=0.5269 MCC=0.5560
  learning_rate_used=5.521e-05; learning_rate_next=4.816e-05; elapsed=5.7s
  negatives seen=100.0%; hard negatives=907
Epoch 038 train: loss=0.0597 AUROC=0.9989 AUPRC=0.9883 BalAcc=0.9888 F1=0.9521 MCC=0.9478
Epoch 038 val  : loss=0.2190 AUROC=0.9610 AUPRC=0.5287 BalAcc=0.7279 F1=0.4957 MCC=0.4925
  learning_rate_used=4.816e-05; learning_rate_next=4.152e-05; elapsed=5.6s
Early stopping after 38 epochs.
Binary threshold: 0.914306 (strategy=val-mcc, validation_score=0.589739)
TEST chr10,chr12,chr14,chr16,chr18,chr2,chr20,chr22,chr4,chr6,chr8: loss=0.1285 AUROC=0.9686 AUPRC=0.5104 BalAcc=0.7022 F1=0.4902 MCC=0.4968
Outputs written to /data/projects/SFB_A03/jan/AT_TFBS/human301/runs/CREB3L3/67989_motif64_hardneg025
Binary predictions: binary_classification_results.tsv
Binary metrics: binary_classification_metrics.json
ROC plot: roc_curve.png
Precision-recall plot: precision_recall_curve.png
Confusion matrix: binary_confusion_matrix.tsv
