Window geometry: 256 bp from 301 bp; crop starts 0..45; shifts -22..+23; fresh uniform draw per access
Evaluation: crops (0, 22, 23, 45), reverse complement=True; all samples
train: n=36,663, positive=363, negative=36,300
  val: n=12,524, positive=124, negative=12,400
 test: n=40,198, positive=398, negative=39,800
Device: cuda
Hidden activation: RELU
Parameters: 1,032,981 total; 1,032,981 trainable
Architecture: motif kernels 9/12; encoder 128/64/64; original five-block bottleneck at 64; decoder 64/128/256
  negatives seen=10.0%; hard negatives=0
Epoch 001 train: loss=1.4909 AUROC=0.5246 AUPRC=0.0954 BalAcc=0.5138 F1=0.1609 MCC=0.0158
Epoch 001 val  : loss=0.7728 AUROC=0.6340 AUPRC=0.0156 BalAcc=0.5888 F1=0.0257 MCC=0.0354
  learning_rate_used=3.000e-04; learning_rate_next=2.999e-04; elapsed=7.1s
  saved new best checkpoint: /data/projects/SFB_A03/jan/AT_TFBS/human301/runs/CREB3L3/68001_ablation_weight_decay_seed3/best_model.pt (objective=classification-auprc, score=0.015594)
  negatives seen=20.0%; hard negatives=0
Epoch 002 train: loss=1.2936 AUROC=0.5843 AUPRC=0.1254 BalAcc=0.5523 F1=0.1833 MCC=0.0605
Epoch 002 val  : loss=0.5361 AUROC=0.7375 AUPRC=0.0561 BalAcc=0.6115 F1=0.0856 MCC=0.0981
  learning_rate_used=2.999e-04; learning_rate_next=2.997e-04; elapsed=5.7s
  saved new best checkpoint: /data/projects/SFB_A03/jan/AT_TFBS/human301/runs/CREB3L3/68001_ablation_weight_decay_seed3/best_model.pt (objective=classification-auprc, score=0.056115)
  negatives seen=30.0%; hard negatives=0
Epoch 003 train: loss=1.2093 AUROC=0.6699 AUPRC=0.1838 BalAcc=0.6245 F1=0.2342 MCC=0.1475
Epoch 003 val  : loss=0.6155 AUROC=0.8283 AUPRC=0.0733 BalAcc=0.7726 F1=0.0577 MCC=0.1221
  learning_rate_used=2.997e-04; learning_rate_next=2.993e-04; elapsed=5.8s
  saved new best checkpoint: /data/projects/SFB_A03/jan/AT_TFBS/human301/runs/CREB3L3/68001_ablation_weight_decay_seed3/best_model.pt (objective=classification-auprc, score=0.073307)
  negatives seen=40.0%; hard negatives=0
Epoch 004 train: loss=0.9608 AUROC=0.8159 AUPRC=0.3584 BalAcc=0.7486 F1=0.3572 MCC=0.3172
Epoch 004 val  : loss=0.2271 AUROC=0.9055 AUPRC=0.1817 BalAcc=0.7230 F1=0.2566 MCC=0.2765
  learning_rate_used=2.993e-04; learning_rate_next=2.988e-04; elapsed=5.7s
  saved new best checkpoint: /data/projects/SFB_A03/jan/AT_TFBS/human301/runs/CREB3L3/68001_ablation_weight_decay_seed3/best_model.pt (objective=classification-auprc, score=0.181684)
  negatives seen=50.0%; hard negatives=0
Epoch 005 train: loss=0.8124 AUROC=0.8788 AUPRC=0.5116 BalAcc=0.8028 F1=0.4407 MCC=0.4124
Epoch 005 val  : loss=0.4034 AUROC=0.8764 AUPRC=0.1118 BalAcc=0.8183 F1=0.0997 MCC=0.1797
  learning_rate_used=2.988e-04; learning_rate_next=2.982e-04; elapsed=5.8s
  negatives seen=60.0%; hard negatives=0
Epoch 006 train: loss=0.7017 AUROC=0.9095 AUPRC=0.5764 BalAcc=0.8142 F1=0.4658 MCC=0.4385
Epoch 006 val  : loss=0.3957 AUROC=0.9230 AUPRC=0.2676 BalAcc=0.8431 F1=0.0946 MCC=0.1820
  learning_rate_used=2.982e-04; learning_rate_next=2.974e-04; elapsed=5.7s
  saved new best checkpoint: /data/projects/SFB_A03/jan/AT_TFBS/human301/runs/CREB3L3/68001_ablation_weight_decay_seed3/best_model.pt (objective=classification-auprc, score=0.267644)
  negatives seen=70.0%; hard negatives=0
Epoch 007 train: loss=0.6317 AUROC=0.9269 AUPRC=0.6601 BalAcc=0.8547 F1=0.5238 MCC=0.5064
Epoch 007 val  : loss=0.2036 AUROC=0.9182 AUPRC=0.2980 BalAcc=0.6697 F1=0.3333 MCC=0.3267
  learning_rate_used=2.974e-04; learning_rate_next=2.964e-04; elapsed=5.7s
  saved new best checkpoint: /data/projects/SFB_A03/jan/AT_TFBS/human301/runs/CREB3L3/68001_ablation_weight_decay_seed3/best_model.pt (objective=classification-auprc, score=0.298012)
  negatives seen=80.0%; hard negatives=0
Epoch 008 train: loss=0.5366 AUROC=0.9491 AUPRC=0.6985 BalAcc=0.8814 F1=0.5824 MCC=0.5677
Epoch 008 val  : loss=0.1951 AUROC=0.9322 AUPRC=0.3842 BalAcc=0.8412 F1=0.2394 MCC=0.3096
  learning_rate_used=2.964e-04; learning_rate_next=2.953e-04; elapsed=5.7s
  saved new best checkpoint: /data/projects/SFB_A03/jan/AT_TFBS/human301/runs/CREB3L3/68001_ablation_weight_decay_seed3/best_model.pt (objective=classification-auprc, score=0.384246)
  negatives seen=90.0%; hard negatives=0
Epoch 009 train: loss=0.5617 AUROC=0.9476 AUPRC=0.7300 BalAcc=0.8784 F1=0.6089 MCC=0.5886
Epoch 009 val  : loss=0.2863 AUROC=0.9444 AUPRC=0.4496 BalAcc=0.8754 F1=0.1394 MCC=0.2361
  learning_rate_used=2.953e-04; learning_rate_next=2.941e-04; elapsed=5.7s
  saved new best checkpoint: /data/projects/SFB_A03/jan/AT_TFBS/human301/runs/CREB3L3/68001_ablation_weight_decay_seed3/best_model.pt (objective=classification-auprc, score=0.449633)
  negatives seen=100.0%; hard negatives=0
Epoch 010 train: loss=0.4615 AUROC=0.9634 AUPRC=0.7800 BalAcc=0.9008 F1=0.6421 MCC=0.6270
Epoch 010 val  : loss=0.3141 AUROC=0.9524 AUPRC=0.4467 BalAcc=0.8885 F1=0.1306 MCC=0.2320
  learning_rate_used=2.941e-04; learning_rate_next=2.927e-04; elapsed=5.7s
  negatives seen=100.0%; hard negatives=0
Epoch 011 train: loss=0.4687 AUROC=0.9622 AUPRC=0.7765 BalAcc=0.9076 F1=0.6639 MCC=0.6488
Epoch 011 val  : loss=0.1544 AUROC=0.9454 AUPRC=0.4222 BalAcc=0.8014 F1=0.3615 MCC=0.3891
  learning_rate_used=2.927e-04; learning_rate_next=2.912e-04; elapsed=5.8s
  negatives seen=100.0%; hard negatives=0
Epoch 012 train: loss=0.4333 AUROC=0.9671 AUPRC=0.8072 BalAcc=0.9153 F1=0.6748 MCC=0.6615
Epoch 012 val  : loss=0.2440 AUROC=0.9548 AUPRC=0.4882 BalAcc=0.8934 F1=0.1823 MCC=0.2811
  learning_rate_used=2.912e-04; learning_rate_next=2.895e-04; elapsed=5.8s
  saved new best checkpoint: /data/projects/SFB_A03/jan/AT_TFBS/human301/runs/CREB3L3/68001_ablation_weight_decay_seed3/best_model.pt (objective=classification-auprc, score=0.488191)
  negatives seen=100.0%; hard negatives=0
Epoch 013 train: loss=0.3959 AUROC=0.9738 AUPRC=0.7757 BalAcc=0.9161 F1=0.6905 MCC=0.6756
Epoch 013 val  : loss=0.1761 AUROC=0.9494 AUPRC=0.4177 BalAcc=0.8696 F1=0.2573 MCC=0.3349
  learning_rate_used=2.895e-04; learning_rate_next=2.877e-04; elapsed=5.7s
  negatives seen=100.0%; hard negatives=0
Epoch 014 train: loss=0.2770 AUROC=0.9840 AUPRC=0.8294 BalAcc=0.9430 F1=0.7595 MCC=0.7477
Epoch 014 val  : loss=0.2760 AUROC=0.9564 AUPRC=0.5079 BalAcc=0.6808 F1=0.4865 MCC=0.5143
  learning_rate_used=2.877e-04; learning_rate_next=2.858e-04; elapsed=5.7s
  saved new best checkpoint: /data/projects/SFB_A03/jan/AT_TFBS/human301/runs/CREB3L3/68001_ablation_weight_decay_seed3/best_model.pt (objective=classification-auprc, score=0.507890)
  negatives seen=100.0%; hard negatives=0
Epoch 015 train: loss=0.3100 AUROC=0.9839 AUPRC=0.8559 BalAcc=0.9391 F1=0.7715 MCC=0.7577
Epoch 015 val  : loss=0.8273 AUROC=0.9560 AUPRC=0.4721 BalAcc=0.8295 F1=0.0589 MCC=0.1404
  learning_rate_used=2.858e-04; learning_rate_next=2.837e-04; elapsed=5.7s
  negatives seen=100.0%; hard negatives=0
Epoch 016 train: loss=0.2983 AUROC=0.9855 AUPRC=0.8818 BalAcc=0.9368 F1=0.7568 MCC=0.7432
Epoch 016 val  : loss=0.2360 AUROC=0.9573 AUPRC=0.5035 BalAcc=0.9051 F1=0.1853 MCC=0.2878
  learning_rate_used=2.837e-04; learning_rate_next=2.815e-04; elapsed=5.7s
  negatives seen=100.0%; hard negatives=0
Epoch 017 train: loss=0.3045 AUROC=0.9851 AUPRC=0.8750 BalAcc=0.9419 F1=0.7743 MCC=0.7612
Epoch 017 val  : loss=0.1327 AUROC=0.9609 AUPRC=0.5049 BalAcc=0.8432 F1=0.4361 MCC=0.4638
  learning_rate_used=2.815e-04; learning_rate_next=2.792e-04; elapsed=5.8s
  negatives seen=100.0%; hard negatives=0
Epoch 018 train: loss=0.3044 AUROC=0.9845 AUPRC=0.8574 BalAcc=0.9478 F1=0.7981 MCC=0.7854
Epoch 018 val  : loss=0.1389 AUROC=0.9560 AUPRC=0.4968 BalAcc=0.8311 F1=0.4242 MCC=0.4498
  learning_rate_used=2.792e-04; learning_rate_next=2.767e-04; elapsed=5.7s
  negatives seen=100.0%; hard negatives=0
Epoch 019 train: loss=0.2054 AUROC=0.9920 AUPRC=0.9199 BalAcc=0.9665 F1=0.8475 MCC=0.8378
Epoch 019 val  : loss=0.1916 AUROC=0.9652 AUPRC=0.5257 BalAcc=0.8952 F1=0.2260 MCC=0.3191
  learning_rate_used=2.767e-04; learning_rate_next=2.741e-04; elapsed=5.8s
  saved new best checkpoint: /data/projects/SFB_A03/jan/AT_TFBS/human301/runs/CREB3L3/68001_ablation_weight_decay_seed3/best_model.pt (objective=classification-auprc, score=0.525739)
  negatives seen=100.0%; hard negatives=0
Epoch 020 train: loss=0.2216 AUROC=0.9911 AUPRC=0.8978 BalAcc=0.9592 F1=0.8287 MCC=0.8178
Epoch 020 val  : loss=0.6742 AUROC=0.9611 AUPRC=0.5308 BalAcc=0.8522 F1=0.0698 MCC=0.1586
  learning_rate_used=2.741e-04; learning_rate_next=2.714e-04; elapsed=5.8s
  saved new best checkpoint: /data/projects/SFB_A03/jan/AT_TFBS/human301/runs/CREB3L3/68001_ablation_weight_decay_seed3/best_model.pt (objective=classification-auprc, score=0.530813)
  negatives seen=100.0%; hard negatives=0
Epoch 021 train: loss=0.2138 AUROC=0.9918 AUPRC=0.9226 BalAcc=0.9545 F1=0.8291 MCC=0.8170
Epoch 021 val  : loss=0.2164 AUROC=0.9662 AUPRC=0.4984 BalAcc=0.8985 F1=0.1882 MCC=0.2880
  learning_rate_used=2.714e-04; learning_rate_next=2.686e-04; elapsed=5.8s
  negatives seen=100.0%; hard negatives=0
Epoch 022 train: loss=0.2005 AUROC=0.9923 AUPRC=0.9228 BalAcc=0.9567 F1=0.8279 MCC=0.8164
Epoch 022 val  : loss=0.2910 AUROC=0.9554 AUPRC=0.5375 BalAcc=0.6648 F1=0.4633 MCC=0.5028
  learning_rate_used=2.686e-04; learning_rate_next=2.657e-04; elapsed=5.8s
  saved new best checkpoint: /data/projects/SFB_A03/jan/AT_TFBS/human301/runs/CREB3L3/68001_ablation_weight_decay_seed3/best_model.pt (objective=classification-auprc, score=0.537451)
  negatives seen=100.0%; hard negatives=0
Epoch 023 train: loss=0.2133 AUROC=0.9929 AUPRC=0.9324 BalAcc=0.9572 F1=0.8486 MCC=0.8369
Epoch 023 val  : loss=0.1419 AUROC=0.9645 AUPRC=0.5517 BalAcc=0.8713 F1=0.3142 MCC=0.3804
  learning_rate_used=2.657e-04; learning_rate_next=2.626e-04; elapsed=5.8s
  saved new best checkpoint: /data/projects/SFB_A03/jan/AT_TFBS/human301/runs/CREB3L3/68001_ablation_weight_decay_seed3/best_model.pt (objective=classification-auprc, score=0.551720)
  negatives seen=100.0%; hard negatives=0
Epoch 024 train: loss=0.1486 AUROC=0.9963 AUPRC=0.9636 BalAcc=0.9774 F1=0.9051 MCC=0.8976
Epoch 024 val  : loss=0.2583 AUROC=0.9641 AUPRC=0.5492 BalAcc=0.9074 F1=0.1802 MCC=0.2841
  learning_rate_used=2.626e-04; learning_rate_next=2.595e-04; elapsed=5.7s
  negatives seen=100.0%; hard negatives=0
Epoch 025 train: loss=0.1708 AUROC=0.9954 AUPRC=0.9508 BalAcc=0.9649 F1=0.8715 MCC=0.8614
Epoch 025 val  : loss=0.1518 AUROC=0.9610 AUPRC=0.5417 BalAcc=0.8443 F1=0.3713 MCC=0.4136
  learning_rate_used=2.595e-04; learning_rate_next=2.562e-04; elapsed=5.8s
  negatives seen=100.0%; hard negatives=0
Epoch 026 train: loss=0.1765 AUROC=0.9947 AUPRC=0.9510 BalAcc=0.9742 F1=0.8889 MCC=0.8805
Epoch 026 val  : loss=0.1810 AUROC=0.9619 AUPRC=0.5441 BalAcc=0.7832 F1=0.5221 MCC=0.5189
  learning_rate_used=2.562e-04; learning_rate_next=2.528e-04; elapsed=5.8s
  negatives seen=100.0%; hard negatives=0
Epoch 027 train: loss=0.2046 AUROC=0.9944 AUPRC=0.9389 BalAcc=0.9598 F1=0.8691 MCC=0.8581
Epoch 027 val  : loss=0.1679 AUROC=0.9572 AUPRC=0.5449 BalAcc=0.8567 F1=0.3228 MCC=0.3811
  learning_rate_used=2.528e-04; learning_rate_next=2.494e-04; elapsed=5.8s
  negatives seen=100.0%; hard negatives=0
Epoch 028 train: loss=0.1552 AUROC=0.9959 AUPRC=0.9591 BalAcc=0.9654 F1=0.8759 MCC=0.8659
Epoch 028 val  : loss=0.1577 AUROC=0.9578 AUPRC=0.5433 BalAcc=0.8562 F1=0.3156 MCC=0.3754
  learning_rate_used=2.494e-04; learning_rate_next=2.458e-04; elapsed=5.8s
  negatives seen=100.0%; hard negatives=0
Epoch 029 train: loss=0.2075 AUROC=0.9950 AUPRC=0.9530 BalAcc=0.9632 F1=0.8875 MCC=0.8774
Epoch 029 val  : loss=0.2578 AUROC=0.9550 AUPRC=0.5201 BalAcc=0.8969 F1=0.1815 MCC=0.2816
  learning_rate_used=2.458e-04; learning_rate_next=2.421e-04; elapsed=5.7s
  negatives seen=100.0%; hard negatives=0
Epoch 030 train: loss=0.1547 AUROC=0.9955 AUPRC=0.9490 BalAcc=0.9713 F1=0.8850 MCC=0.8760
Epoch 030 val  : loss=0.1947 AUROC=0.9597 AUPRC=0.5402 BalAcc=0.8840 F1=0.2259 MCC=0.3148
  learning_rate_used=2.421e-04; learning_rate_next=2.384e-04; elapsed=5.7s
  negatives seen=100.0%; hard negatives=0
Epoch 031 train: loss=0.1206 AUROC=0.9969 AUPRC=0.9664 BalAcc=0.9758 F1=0.8914 MCC=0.8833
Epoch 031 val  : loss=0.2179 AUROC=0.9628 AUPRC=0.5390 BalAcc=0.7720 F1=0.5506 MCC=0.5461
  learning_rate_used=2.384e-04; learning_rate_next=2.345e-04; elapsed=5.8s
  negatives seen=100.0%; hard negatives=0
Epoch 032 train: loss=0.1540 AUROC=0.9967 AUPRC=0.9671 BalAcc=0.9730 F1=0.9089 MCC=0.9008
Epoch 032 val  : loss=0.2811 AUROC=0.9589 AUPRC=0.5254 BalAcc=0.7129 F1=0.5354 MCC=0.5500
  learning_rate_used=2.345e-04; learning_rate_next=2.306e-04; elapsed=5.8s
  negatives seen=100.0%; hard negatives=0
Epoch 033 train: loss=0.1133 AUROC=0.9971 AUPRC=0.9646 BalAcc=0.9759 F1=0.9026 MCC=0.8947
Epoch 033 val  : loss=0.1773 AUROC=0.9560 AUPRC=0.5084 BalAcc=0.8114 F1=0.4147 MCC=0.4349
  learning_rate_used=2.306e-04; learning_rate_next=2.266e-04; elapsed=5.8s
  negatives seen=100.0%; hard negatives=0
Epoch 034 train: loss=0.1176 AUROC=0.9967 AUPRC=0.9640 BalAcc=0.9758 F1=0.8914 MCC=0.8833
Epoch 034 val  : loss=0.2423 AUROC=0.9660 AUPRC=0.5495 BalAcc=0.7251 F1=0.5657 MCC=0.5816
  learning_rate_used=2.266e-04; learning_rate_next=2.225e-04; elapsed=5.7s
  negatives seen=100.0%; hard negatives=0
Epoch 035 train: loss=0.1046 AUROC=0.9974 AUPRC=0.9702 BalAcc=0.9817 F1=0.9209 MCC=0.9144
Epoch 035 val  : loss=0.1815 AUROC=0.9563 AUPRC=0.5525 BalAcc=0.8286 F1=0.4637 MCC=0.4805
  learning_rate_used=2.225e-04; learning_rate_next=2.184e-04; elapsed=5.8s
  saved new best checkpoint: /data/projects/SFB_A03/jan/AT_TFBS/human301/runs/CREB3L3/68001_ablation_weight_decay_seed3/best_model.pt (objective=classification-auprc, score=0.552494)
  negatives seen=100.0%; hard negatives=0
Epoch 036 train: loss=0.0900 AUROC=0.9978 AUPRC=0.9756 BalAcc=0.9826 F1=0.9187 MCC=0.9122
Epoch 036 val  : loss=0.2588 AUROC=0.9642 AUPRC=0.5504 BalAcc=0.7405 F1=0.5455 MCC=0.5460
  learning_rate_used=2.184e-04; learning_rate_next=2.142e-04; elapsed=5.7s
  negatives seen=100.0%; hard negatives=0
Epoch 037 train: loss=0.1044 AUROC=0.9982 AUPRC=0.9776 BalAcc=0.9855 F1=0.9333 MCC=0.9278
Epoch 037 val  : loss=0.2060 AUROC=0.9660 AUPRC=0.5508 BalAcc=0.7837 F1=0.5462 MCC=0.5420
  learning_rate_used=2.142e-04; learning_rate_next=2.099e-04; elapsed=5.8s
  negatives seen=100.0%; hard negatives=0
Epoch 038 train: loss=0.1616 AUROC=0.9973 AUPRC=0.9684 BalAcc=0.9676 F1=0.9149 MCC=0.9067
Epoch 038 val  : loss=0.1638 AUROC=0.9618 AUPRC=0.5555 BalAcc=0.8866 F1=0.3145 MCC=0.3866
  learning_rate_used=2.099e-04; learning_rate_next=2.055e-04; elapsed=5.8s
  saved new best checkpoint: /data/projects/SFB_A03/jan/AT_TFBS/human301/runs/CREB3L3/68001_ablation_weight_decay_seed3/best_model.pt (objective=classification-auprc, score=0.555531)
  negatives seen=100.0%; hard negatives=0
Epoch 039 train: loss=0.1146 AUROC=0.9974 AUPRC=0.9737 BalAcc=0.9799 F1=0.9056 MCC=0.8984
Epoch 039 val  : loss=0.3800 AUROC=0.9666 AUPRC=0.5394 BalAcc=0.6369 F1=0.4172 MCC=0.4865
  learning_rate_used=2.055e-04; learning_rate_next=2.011e-04; elapsed=5.7s
  negatives seen=100.0%; hard negatives=0
Epoch 040 train: loss=0.1138 AUROC=0.9979 AUPRC=0.9751 BalAcc=0.9785 F1=0.9251 MCC=0.9184
Epoch 040 val  : loss=0.2158 AUROC=0.9641 AUPRC=0.5703 BalAcc=0.7800 F1=0.5600 MCC=0.5556
  learning_rate_used=2.011e-04; learning_rate_next=1.967e-04; elapsed=5.8s
  saved new best checkpoint: /data/projects/SFB_A03/jan/AT_TFBS/human301/runs/CREB3L3/68001_ablation_weight_decay_seed3/best_model.pt (objective=classification-auprc, score=0.570250)
  negatives seen=100.0%; hard negatives=0
Epoch 041 train: loss=0.0855 AUROC=0.9989 AUPRC=0.9881 BalAcc=0.9842 F1=0.9542 MCC=0.9498
Epoch 041 val  : loss=0.2696 AUROC=0.9633 AUPRC=0.5530 BalAcc=0.7568 F1=0.5845 MCC=0.5861
  learning_rate_used=1.967e-04; learning_rate_next=1.922e-04; elapsed=5.7s
  negatives seen=100.0%; hard negatives=0
Epoch 042 train: loss=0.0975 AUROC=0.9982 AUPRC=0.9793 BalAcc=0.9835 F1=0.9367 MCC=0.9311
Epoch 042 val  : loss=0.3188 AUROC=0.9587 AUPRC=0.4966 BalAcc=0.7044 F1=0.4951 MCC=0.5018
  learning_rate_used=1.922e-04; learning_rate_next=1.877e-04; elapsed=5.8s
  negatives seen=100.0%; hard negatives=0
Epoch 043 train: loss=0.0989 AUROC=0.9976 AUPRC=0.9623 BalAcc=0.9842 F1=0.9319 MCC=0.9262
Epoch 043 val  : loss=0.3091 AUROC=0.9676 AUPRC=0.5549 BalAcc=0.6848 F1=0.4920 MCC=0.5173
  learning_rate_used=1.877e-04; learning_rate_next=1.831e-04; elapsed=5.7s
  negatives seen=100.0%; hard negatives=0
Epoch 044 train: loss=0.0650 AUROC=0.9993 AUPRC=0.9926 BalAcc=0.9894 F1=0.9572 MCC=0.9533
Epoch 044 val  : loss=0.1574 AUROC=0.9664 AUPRC=0.5888 BalAcc=0.8507 F1=0.4289 MCC=0.4610
  learning_rate_used=1.831e-04; learning_rate_next=1.785e-04; elapsed=5.8s
  saved new best checkpoint: /data/projects/SFB_A03/jan/AT_TFBS/human301/runs/CREB3L3/68001_ablation_weight_decay_seed3/best_model.pt (objective=classification-auprc, score=0.588800)
  negatives seen=100.0%; hard negatives=0
Epoch 045 train: loss=0.0965 AUROC=0.9985 AUPRC=0.9827 BalAcc=0.9839 F1=0.9295 MCC=0.9236
Epoch 045 val  : loss=0.2151 AUROC=0.9668 AUPRC=0.5819 BalAcc=0.7847 F1=0.6068 MCC=0.6042
  learning_rate_used=1.785e-04; learning_rate_next=1.739e-04; elapsed=5.7s
  negatives seen=100.0%; hard negatives=0
Epoch 046 train: loss=0.0769 AUROC=0.9986 AUPRC=0.9843 BalAcc=0.9846 F1=0.9356 MCC=0.9300
Epoch 046 val  : loss=0.3188 AUROC=0.9659 AUPRC=0.5449 BalAcc=0.6969 F1=0.5131 MCC=0.5344
  learning_rate_used=1.739e-04; learning_rate_next=1.692e-04; elapsed=5.7s
  negatives seen=100.0%; hard negatives=0
Epoch 047 train: loss=0.1104 AUROC=0.9983 AUPRC=0.9770 BalAcc=0.9860 F1=0.9481 MCC=0.9433
Epoch 047 val  : loss=0.1712 AUROC=0.9660 AUPRC=0.5306 BalAcc=0.8490 F1=0.4930 MCC=0.5114
  learning_rate_used=1.692e-04; learning_rate_next=1.646e-04; elapsed=5.8s
  negatives seen=100.0%; hard negatives=0
Epoch 048 train: loss=0.0789 AUROC=0.9980 AUPRC=0.9678 BalAcc=0.9862 F1=0.9395 MCC=0.9343
Epoch 048 val  : loss=0.2942 AUROC=0.9612 AUPRC=0.5025 BalAcc=0.7442 F1=0.5351 MCC=0.5329
  learning_rate_used=1.646e-04; learning_rate_next=1.599e-04; elapsed=5.8s
  negatives seen=100.0%; hard negatives=0
Epoch 049 train: loss=0.0664 AUROC=0.9993 AUPRC=0.9911 BalAcc=0.9858 F1=0.9582 MCC=0.9541
Epoch 049 val  : loss=0.4302 AUROC=0.9582 AUPRC=0.5416 BalAcc=0.6528 F1=0.4419 MCC=0.4898
  learning_rate_used=1.599e-04; learning_rate_next=1.552e-04; elapsed=5.8s
  negatives seen=100.0%; hard negatives=0
Epoch 050 train: loss=0.0759 AUROC=0.9988 AUPRC=0.9865 BalAcc=0.9866 F1=0.9544 MCC=0.9501
Epoch 050 val  : loss=0.4980 AUROC=0.9595 AUPRC=0.5025 BalAcc=0.6408 F1=0.4217 MCC=0.4824
  learning_rate_used=1.552e-04; learning_rate_next=1.505e-04; elapsed=5.8s
  negatives seen=100.0%; hard negatives=0
Epoch 051 train: loss=0.0555 AUROC=0.9993 AUPRC=0.9923 BalAcc=0.9894 F1=0.9572 MCC=0.9533
Epoch 051 val  : loss=0.1778 AUROC=0.9605 AUPRC=0.5577 BalAcc=0.8634 F1=0.3102 MCC=0.3741
  learning_rate_used=1.505e-04; learning_rate_next=1.458e-04; elapsed=5.8s
  negatives seen=100.0%; hard negatives=0
Epoch 052 train: loss=0.0561 AUROC=0.9995 AUPRC=0.9953 BalAcc=0.9887 F1=0.9623 MCC=0.9587
Epoch 052 val  : loss=0.4482 AUROC=0.9567 AUPRC=0.5297 BalAcc=0.6689 F1=0.4719 MCC=0.5104
  learning_rate_used=1.458e-04; learning_rate_next=1.411e-04; elapsed=5.7s
  negatives seen=100.0%; hard negatives=0
Epoch 053 train: loss=0.0665 AUROC=0.9991 AUPRC=0.9870 BalAcc=0.9906 F1=0.9689 MCC=0.9659
Epoch 053 val  : loss=0.3246 AUROC=0.9578 AUPRC=0.5485 BalAcc=0.7529 F1=0.5833 MCC=0.5864
  learning_rate_used=1.411e-04; learning_rate_next=1.364e-04; elapsed=5.8s
  negatives seen=100.0%; hard negatives=0
Epoch 054 train: loss=0.0498 AUROC=0.9993 AUPRC=0.9922 BalAcc=0.9901 F1=0.9637 MCC=0.9602
Epoch 054 val  : loss=0.1621 AUROC=0.9681 AUPRC=0.5809 BalAcc=0.8404 F1=0.4687 MCC=0.4887
  learning_rate_used=1.364e-04; learning_rate_next=1.318e-04; elapsed=5.7s
  negatives seen=100.0%; hard negatives=0
Epoch 055 train: loss=0.0559 AUROC=0.9995 AUPRC=0.9950 BalAcc=0.9910 F1=0.9728 MCC=0.9702
Epoch 055 val  : loss=0.5058 AUROC=0.9682 AUPRC=0.5841 BalAcc=0.6410 F1=0.4294 MCC=0.5010
  learning_rate_used=1.318e-04; learning_rate_next=1.271e-04; elapsed=5.8s
  negatives seen=100.0%; hard negatives=0
Epoch 056 train: loss=0.0338 AUROC=0.9996 AUPRC=0.9885 BalAcc=0.9942 F1=0.9796 MCC=0.9776
Epoch 056 val  : loss=0.2542 AUROC=0.9663 AUPRC=0.5583 BalAcc=0.7922 F1=0.5840 MCC=0.5798
  learning_rate_used=1.271e-04; learning_rate_next=1.225e-04; elapsed=5.8s
  negatives seen=100.0%; hard negatives=0
Epoch 057 train: loss=0.0416 AUROC=0.9997 AUPRC=0.9968 BalAcc=0.9916 F1=0.9781 MCC=0.9760
Epoch 057 val  : loss=0.2612 AUROC=0.9665 AUPRC=0.5593 BalAcc=0.7722 F1=0.5620 MCC=0.5579
  learning_rate_used=1.225e-04; learning_rate_next=1.179e-04; elapsed=5.8s
  negatives seen=100.0%; hard negatives=0
Epoch 058 train: loss=0.0605 AUROC=0.9992 AUPRC=0.9900 BalAcc=0.9888 F1=0.9636 MCC=0.9601
Epoch 058 val  : loss=0.2975 AUROC=0.9652 AUPRC=0.5495 BalAcc=0.7648 F1=0.5893 MCC=0.5891
  learning_rate_used=1.179e-04; learning_rate_next=1.133e-04; elapsed=5.7s
  negatives seen=100.0%; hard negatives=0
Epoch 059 train: loss=0.0231 AUROC=0.9997 AUPRC=0.9970 BalAcc=0.9961 F1=0.9744 MCC=0.9721
Epoch 059 val  : loss=0.3486 AUROC=0.9678 AUPRC=0.5547 BalAcc=0.7209 F1=0.5500 MCC=0.5633
  learning_rate_used=1.133e-04; learning_rate_next=1.088e-04; elapsed=5.8s
  negatives seen=100.0%; hard negatives=0
Epoch 060 train: loss=0.0460 AUROC=0.9997 AUPRC=0.9970 BalAcc=0.9904 F1=0.9781 MCC=0.9759
Epoch 060 val  : loss=0.5128 AUROC=0.9626 AUPRC=0.5052 BalAcc=0.6488 F1=0.4353 MCC=0.4872
  learning_rate_used=1.088e-04; learning_rate_next=1.043e-04; elapsed=5.8s
  negatives seen=100.0%; hard negatives=0
Epoch 061 train: loss=0.0410 AUROC=0.9998 AUPRC=0.9982 BalAcc=0.9939 F1=0.9769 MCC=0.9747
Epoch 061 val  : loss=0.3890 AUROC=0.9674 AUPRC=0.5630 BalAcc=0.7050 F1=0.5312 MCC=0.5523
  learning_rate_used=1.043e-04; learning_rate_next=9.986e-05; elapsed=5.8s
  negatives seen=100.0%; hard negatives=0
Epoch 062 train: loss=0.0362 AUROC=0.9997 AUPRC=0.9965 BalAcc=0.9931 F1=0.9809 MCC=0.9790
Epoch 062 val  : loss=0.3784 AUROC=0.9667 AUPRC=0.5588 BalAcc=0.7090 F1=0.5361 MCC=0.5550
  learning_rate_used=9.986e-05; learning_rate_next=9.547e-05; elapsed=5.8s
  negatives seen=100.0%; hard negatives=0
Epoch 063 train: loss=0.0175 AUROC=0.9998 AUPRC=0.9981 BalAcc=0.9971 F1=0.9837 MCC=0.9822
Epoch 063 val  : loss=0.4265 AUROC=0.9637 AUPRC=0.5507 BalAcc=0.6890 F1=0.5081 MCC=0.5374
  learning_rate_used=9.547e-05; learning_rate_next=9.113e-05; elapsed=5.7s
  negatives seen=100.0%; hard negatives=0
Epoch 064 train: loss=0.0627 AUROC=0.9994 AUPRC=0.9926 BalAcc=0.9910 F1=0.9728 MCC=0.9702
Epoch 064 val  : loss=0.2764 AUROC=0.9634 AUPRC=0.5586 BalAcc=0.7841 F1=0.5680 MCC=0.5637
  learning_rate_used=9.113e-05; learning_rate_next=8.685e-05; elapsed=5.7s
Early stopping after 64 epochs.
Binary threshold: 0.990995 (strategy=val-mcc, validation_score=0.618148)
TEST chr10,chr12,chr14,chr16,chr18,chr2,chr20,chr22,chr4,chr6,chr8: loss=0.1390 AUROC=0.9754 AUPRC=0.5108 BalAcc=0.6912 F1=0.4873 MCC=0.5021
Outputs written to /data/projects/SFB_A03/jan/AT_TFBS/human301/runs/CREB3L3/68001_ablation_weight_decay_seed3
Binary predictions: binary_classification_results.tsv
Binary metrics: binary_classification_metrics.json
ROC plot: roc_curve.png
Precision-recall plot: precision_recall_curve.png
Confusion matrix: binary_confusion_matrix.tsv
