Window geometry: 256 bp from 301 bp; crop starts 0..45; shifts -22..+23; fresh uniform draw per access
Evaluation: crops (0, 22, 23, 45), reverse complement=True; all samples
train: n=36,663, positive=363, negative=36,300
  val: n=12,524, positive=124, negative=12,400
 test: n=40,198, positive=398, negative=39,800
Device: cuda
Hidden activation: RELU
Parameters: 1,251,573 total; 1,251,573 trainable
Architecture: motif kernels 9/12; encoder 128/64/64; original five-block bottleneck at 64; decoder 64/128/256
  negatives seen=10.0%; hard negatives=0
Epoch 001 train: loss=1.5221 AUROC=0.5471 AUPRC=0.0993 BalAcc=0.5322 F1=0.1710 MCC=0.0372
Epoch 001 val  : loss=0.6314 AUROC=0.5941 AUPRC=0.0168 BalAcc=0.5633 F1=0.0285 MCC=0.0288
  learning_rate_used=3.000e-04; learning_rate_next=2.999e-04; elapsed=6.9s
  saved new best checkpoint: /data/projects/SFB_A03/jan/AT_TFBS/human301/runs/CREB3L3/68001_ablation_channels96_seed1/best_model.pt (objective=classification-auprc, score=0.016786)
  negatives seen=20.0%; hard negatives=0
Epoch 002 train: loss=1.3185 AUROC=0.6113 AUPRC=0.1260 BalAcc=0.5798 F1=0.2011 MCC=0.0929
Epoch 002 val  : loss=0.7129 AUROC=0.7430 AUPRC=0.0519 BalAcc=0.6401 F1=0.0325 MCC=0.0565
  learning_rate_used=2.999e-04; learning_rate_next=2.997e-04; elapsed=5.6s
  saved new best checkpoint: /data/projects/SFB_A03/jan/AT_TFBS/human301/runs/CREB3L3/68001_ablation_channels96_seed1/best_model.pt (objective=classification-auprc, score=0.051939)
  negatives seen=30.0%; hard negatives=0
Epoch 003 train: loss=1.2106 AUROC=0.6836 AUPRC=0.1962 BalAcc=0.6337 F1=0.2390 MCC=0.1574
Epoch 003 val  : loss=0.4399 AUROC=0.8832 AUPRC=0.1145 BalAcc=0.8001 F1=0.1065 MCC=0.1806
  learning_rate_used=2.997e-04; learning_rate_next=2.993e-04; elapsed=5.6s
  saved new best checkpoint: /data/projects/SFB_A03/jan/AT_TFBS/human301/runs/CREB3L3/68001_ablation_channels96_seed1/best_model.pt (objective=classification-auprc, score=0.114516)
  negatives seen=40.0%; hard negatives=0
Epoch 004 train: loss=1.0384 AUROC=0.8076 AUPRC=0.3219 BalAcc=0.7248 F1=0.3400 MCC=0.2896
Epoch 004 val  : loss=0.1961 AUROC=0.9154 AUPRC=0.1924 BalAcc=0.6871 F1=0.2883 MCC=0.2892
  learning_rate_used=2.993e-04; learning_rate_next=2.988e-04; elapsed=5.6s
  saved new best checkpoint: /data/projects/SFB_A03/jan/AT_TFBS/human301/runs/CREB3L3/68001_ablation_channels96_seed1/best_model.pt (objective=classification-auprc, score=0.192379)
  negatives seen=50.0%; hard negatives=0
Epoch 005 train: loss=0.8036 AUROC=0.8864 AUPRC=0.5179 BalAcc=0.8040 F1=0.4483 MCC=0.4191
Epoch 005 val  : loss=0.7460 AUROC=0.9255 AUPRC=0.2573 BalAcc=0.8096 F1=0.0549 MCC=0.1303
  learning_rate_used=2.988e-04; learning_rate_next=2.982e-04; elapsed=5.6s
  saved new best checkpoint: /data/projects/SFB_A03/jan/AT_TFBS/human301/runs/CREB3L3/68001_ablation_channels96_seed1/best_model.pt (objective=classification-auprc, score=0.257290)
  negatives seen=60.0%; hard negatives=0
Epoch 006 train: loss=0.7322 AUROC=0.9050 AUPRC=0.5428 BalAcc=0.8307 F1=0.4729 MCC=0.4533
Epoch 006 val  : loss=0.5166 AUROC=0.9326 AUPRC=0.2621 BalAcc=0.8442 F1=0.0687 MCC=0.1550
  learning_rate_used=2.982e-04; learning_rate_next=2.974e-04; elapsed=5.6s
  saved new best checkpoint: /data/projects/SFB_A03/jan/AT_TFBS/human301/runs/CREB3L3/68001_ablation_channels96_seed1/best_model.pt (objective=classification-auprc, score=0.262129)
  negatives seen=70.0%; hard negatives=0
Epoch 007 train: loss=0.5993 AUROC=0.9375 AUPRC=0.6576 BalAcc=0.8643 F1=0.5646 MCC=0.5446
Epoch 007 val  : loss=0.3775 AUROC=0.9460 AUPRC=0.3483 BalAcc=0.8787 F1=0.1054 MCC=0.2039
  learning_rate_used=2.974e-04; learning_rate_next=2.964e-04; elapsed=5.6s
  saved new best checkpoint: /data/projects/SFB_A03/jan/AT_TFBS/human301/runs/CREB3L3/68001_ablation_channels96_seed1/best_model.pt (objective=classification-auprc, score=0.348306)
  negatives seen=80.0%; hard negatives=0
Epoch 008 train: loss=0.5390 AUROC=0.9508 AUPRC=0.7260 BalAcc=0.8886 F1=0.6026 MCC=0.5879
Epoch 008 val  : loss=0.7771 AUROC=0.9461 AUPRC=0.3886 BalAcc=0.8027 F1=0.0513 MCC=0.1249
  learning_rate_used=2.964e-04; learning_rate_next=2.953e-04; elapsed=5.6s
  saved new best checkpoint: /data/projects/SFB_A03/jan/AT_TFBS/human301/runs/CREB3L3/68001_ablation_channels96_seed1/best_model.pt (objective=classification-auprc, score=0.388593)
  negatives seen=90.0%; hard negatives=0
Epoch 009 train: loss=0.5000 AUROC=0.9585 AUPRC=0.7703 BalAcc=0.8933 F1=0.6423 MCC=0.6239
Epoch 009 val  : loss=0.1459 AUROC=0.9493 AUPRC=0.4616 BalAcc=0.7814 F1=0.4494 MCC=0.4536
  learning_rate_used=2.953e-04; learning_rate_next=2.941e-04; elapsed=5.6s
  saved new best checkpoint: /data/projects/SFB_A03/jan/AT_TFBS/human301/runs/CREB3L3/68001_ablation_channels96_seed1/best_model.pt (objective=classification-auprc, score=0.461601)
  negatives seen=100.0%; hard negatives=0
Epoch 010 train: loss=0.4661 AUROC=0.9651 AUPRC=0.7571 BalAcc=0.9001 F1=0.6653 MCC=0.6470
Epoch 010 val  : loss=1.4987 AUROC=0.9450 AUPRC=0.4274 BalAcc=0.6642 F1=0.0291 MCC=0.0686
  learning_rate_used=2.941e-04; learning_rate_next=2.927e-04; elapsed=5.6s
  negatives seen=100.0%; hard negatives=0
Epoch 011 train: loss=0.3610 AUROC=0.9776 AUPRC=0.8170 BalAcc=0.9229 F1=0.7151 MCC=0.7002
Epoch 011 val  : loss=0.9508 AUROC=0.9522 AUPRC=0.4573 BalAcc=0.7831 F1=0.0465 MCC=0.1145
  learning_rate_used=2.927e-04; learning_rate_next=2.912e-04; elapsed=5.6s
  negatives seen=100.0%; hard negatives=0
Epoch 012 train: loss=0.3481 AUROC=0.9808 AUPRC=0.8488 BalAcc=0.9277 F1=0.7432 MCC=0.7277
Epoch 012 val  : loss=0.1667 AUROC=0.9500 AUPRC=0.4916 BalAcc=0.7676 F1=0.5255 MCC=0.5208
  learning_rate_used=2.912e-04; learning_rate_next=2.895e-04; elapsed=5.6s
  saved new best checkpoint: /data/projects/SFB_A03/jan/AT_TFBS/human301/runs/CREB3L3/68001_ablation_channels96_seed1/best_model.pt (objective=classification-auprc, score=0.491605)
  negatives seen=100.0%; hard negatives=0
Epoch 013 train: loss=0.3866 AUROC=0.9762 AUPRC=0.8363 BalAcc=0.9179 F1=0.7063 MCC=0.6904
Epoch 013 val  : loss=0.1623 AUROC=0.9554 AUPRC=0.5089 BalAcc=0.7481 F1=0.5322 MCC=0.5289
  learning_rate_used=2.895e-04; learning_rate_next=2.877e-04; elapsed=5.6s
  saved new best checkpoint: /data/projects/SFB_A03/jan/AT_TFBS/human301/runs/CREB3L3/68001_ablation_channels96_seed1/best_model.pt (objective=classification-auprc, score=0.508923)
  negatives seen=100.0%; hard negatives=0
Epoch 014 train: loss=0.2728 AUROC=0.9878 AUPRC=0.9010 BalAcc=0.9446 F1=0.7847 MCC=0.7718
Epoch 014 val  : loss=0.5823 AUROC=0.9632 AUPRC=0.4975 BalAcc=0.8594 F1=0.0737 MCC=0.1648
  learning_rate_used=2.877e-04; learning_rate_next=2.858e-04; elapsed=5.6s
  negatives seen=100.0%; hard negatives=0
Epoch 015 train: loss=0.3346 AUROC=0.9838 AUPRC=0.8539 BalAcc=0.9373 F1=0.7826 MCC=0.7677
Epoch 015 val  : loss=0.1617 AUROC=0.9507 AUPRC=0.5184 BalAcc=0.8629 F1=0.3042 MCC=0.3692
  learning_rate_used=2.858e-04; learning_rate_next=2.837e-04; elapsed=5.6s
  saved new best checkpoint: /data/projects/SFB_A03/jan/AT_TFBS/human301/runs/CREB3L3/68001_ablation_channels96_seed1/best_model.pt (objective=classification-auprc, score=0.518415)
  negatives seen=100.0%; hard negatives=0
Epoch 016 train: loss=0.2438 AUROC=0.9906 AUPRC=0.9102 BalAcc=0.9497 F1=0.8198 MCC=0.8069
Epoch 016 val  : loss=0.1908 AUROC=0.9469 AUPRC=0.5237 BalAcc=0.8881 F1=0.2547 MCC=0.3399
  learning_rate_used=2.837e-04; learning_rate_next=2.815e-04; elapsed=5.6s
  saved new best checkpoint: /data/projects/SFB_A03/jan/AT_TFBS/human301/runs/CREB3L3/68001_ablation_channels96_seed1/best_model.pt (objective=classification-auprc, score=0.523694)
  negatives seen=100.0%; hard negatives=0
Epoch 017 train: loss=0.2773 AUROC=0.9859 AUPRC=0.8797 BalAcc=0.9449 F1=0.7642 MCC=0.7527
Epoch 017 val  : loss=0.3909 AUROC=0.9407 AUPRC=0.4690 BalAcc=0.8809 F1=0.1126 MCC=0.2118
  learning_rate_used=2.815e-04; learning_rate_next=2.792e-04; elapsed=5.6s
  negatives seen=100.0%; hard negatives=0
Epoch 018 train: loss=0.2493 AUROC=0.9894 AUPRC=0.8991 BalAcc=0.9551 F1=0.8161 MCC=0.8046
Epoch 018 val  : loss=0.1837 AUROC=0.9552 AUPRC=0.5158 BalAcc=0.7755 F1=0.5287 MCC=0.5245
  learning_rate_used=2.792e-04; learning_rate_next=2.767e-04; elapsed=5.6s
  negatives seen=100.0%; hard negatives=0
Epoch 019 train: loss=0.2271 AUROC=0.9919 AUPRC=0.9255 BalAcc=0.9494 F1=0.8179 MCC=0.8049
Epoch 019 val  : loss=0.1432 AUROC=0.9597 AUPRC=0.5304 BalAcc=0.8246 F1=0.4594 MCC=0.4756
  learning_rate_used=2.767e-04; learning_rate_next=2.741e-04; elapsed=5.6s
  saved new best checkpoint: /data/projects/SFB_A03/jan/AT_TFBS/human301/runs/CREB3L3/68001_ablation_channels96_seed1/best_model.pt (objective=classification-auprc, score=0.530401)
  negatives seen=100.0%; hard negatives=0
Epoch 020 train: loss=0.2000 AUROC=0.9914 AUPRC=0.8989 BalAcc=0.9668 F1=0.8407 MCC=0.8313
Epoch 020 val  : loss=0.1383 AUROC=0.9644 AUPRC=0.5333 BalAcc=0.8643 F1=0.3851 MCC=0.4323
  learning_rate_used=2.741e-04; learning_rate_next=2.714e-04; elapsed=5.6s
  saved new best checkpoint: /data/projects/SFB_A03/jan/AT_TFBS/human301/runs/CREB3L3/68001_ablation_channels96_seed1/best_model.pt (objective=classification-auprc, score=0.533253)
  negatives seen=100.0%; hard negatives=0
Epoch 021 train: loss=0.1749 AUROC=0.9937 AUPRC=0.9285 BalAcc=0.9691 F1=0.8674 MCC=0.8580
Epoch 021 val  : loss=0.1816 AUROC=0.9563 AUPRC=0.5161 BalAcc=0.7994 F1=0.5495 MCC=0.5469
  learning_rate_used=2.714e-04; learning_rate_next=2.686e-04; elapsed=5.6s
  negatives seen=100.0%; hard negatives=0
Epoch 022 train: loss=0.1859 AUROC=0.9949 AUPRC=0.9544 BalAcc=0.9707 F1=0.8892 MCC=0.8802
Epoch 022 val  : loss=0.3708 AUROC=0.9481 AUPRC=0.5416 BalAcc=0.6730 F1=0.4886 MCC=0.5328
  learning_rate_used=2.686e-04; learning_rate_next=2.657e-04; elapsed=5.6s
  saved new best checkpoint: /data/projects/SFB_A03/jan/AT_TFBS/human301/runs/CREB3L3/68001_ablation_channels96_seed1/best_model.pt (objective=classification-auprc, score=0.541615)
  negatives seen=100.0%; hard negatives=0
Epoch 023 train: loss=0.1941 AUROC=0.9942 AUPRC=0.9404 BalAcc=0.9631 F1=0.8668 MCC=0.8563
Epoch 023 val  : loss=0.1405 AUROC=0.9623 AUPRC=0.5381 BalAcc=0.8749 F1=0.3678 MCC=0.4232
  learning_rate_used=2.657e-04; learning_rate_next=2.626e-04; elapsed=5.6s
  negatives seen=100.0%; hard negatives=0
Epoch 024 train: loss=0.1670 AUROC=0.9954 AUPRC=0.9420 BalAcc=0.9702 F1=0.8761 MCC=0.8669
Epoch 024 val  : loss=0.1428 AUROC=0.9646 AUPRC=0.5371 BalAcc=0.8650 F1=0.4009 MCC=0.4448
  learning_rate_used=2.626e-04; learning_rate_next=2.595e-04; elapsed=5.6s
  negatives seen=100.0%; hard negatives=0
Epoch 025 train: loss=0.1811 AUROC=0.9944 AUPRC=0.9407 BalAcc=0.9613 F1=0.8622 MCC=0.8513
Epoch 025 val  : loss=0.1514 AUROC=0.9606 AUPRC=0.5406 BalAcc=0.8812 F1=0.3445 MCC=0.4077
  learning_rate_used=2.595e-04; learning_rate_next=2.562e-04; elapsed=5.6s
  negatives seen=100.0%; hard negatives=0
Epoch 026 train: loss=0.1426 AUROC=0.9954 AUPRC=0.9439 BalAcc=0.9737 F1=0.8844 MCC=0.8759
Epoch 026 val  : loss=0.3317 AUROC=0.9313 AUPRC=0.4471 BalAcc=0.6962 F1=0.4712 MCC=0.4759
  learning_rate_used=2.562e-04; learning_rate_next=2.528e-04; elapsed=5.6s
  negatives seen=100.0%; hard negatives=0
Epoch 027 train: loss=0.2022 AUROC=0.9942 AUPRC=0.9490 BalAcc=0.9686 F1=0.8920 MCC=0.8829
Epoch 027 val  : loss=0.1830 AUROC=0.9582 AUPRC=0.5104 BalAcc=0.8022 F1=0.4984 MCC=0.5014
  learning_rate_used=2.528e-04; learning_rate_next=2.494e-04; elapsed=5.6s
  negatives seen=100.0%; hard negatives=0
Epoch 028 train: loss=0.1305 AUROC=0.9960 AUPRC=0.9519 BalAcc=0.9715 F1=0.8861 MCC=0.8772
Epoch 028 val  : loss=0.1924 AUROC=0.9570 AUPRC=0.5316 BalAcc=0.8129 F1=0.4620 MCC=0.4738
  learning_rate_used=2.494e-04; learning_rate_next=2.458e-04; elapsed=5.6s
  negatives seen=100.0%; hard negatives=0
Epoch 029 train: loss=0.1445 AUROC=0.9961 AUPRC=0.9509 BalAcc=0.9713 F1=0.8949 MCC=0.8862
Epoch 029 val  : loss=0.2145 AUROC=0.9700 AUPRC=0.5358 BalAcc=0.7477 F1=0.5082 MCC=0.5034
  learning_rate_used=2.458e-04; learning_rate_next=2.421e-04; elapsed=5.6s
  negatives seen=100.0%; hard negatives=0
Epoch 030 train: loss=0.1516 AUROC=0.9960 AUPRC=0.9616 BalAcc=0.9738 F1=0.8954 MCC=0.8871
Epoch 030 val  : loss=0.2199 AUROC=0.9643 AUPRC=0.5462 BalAcc=0.7565 F1=0.5664 MCC=0.5652
  learning_rate_used=2.421e-04; learning_rate_next=2.384e-04; elapsed=5.6s
  saved new best checkpoint: /data/projects/SFB_A03/jan/AT_TFBS/human301/runs/CREB3L3/68001_ablation_channels96_seed1/best_model.pt (objective=classification-auprc, score=0.546240)
  negatives seen=100.0%; hard negatives=0
Epoch 031 train: loss=0.1102 AUROC=0.9973 AUPRC=0.9689 BalAcc=0.9832 F1=0.9235 MCC=0.9172
Epoch 031 val  : loss=0.1373 AUROC=0.9703 AUPRC=0.5508 BalAcc=0.8651 F1=0.4017 MCC=0.4455
  learning_rate_used=2.384e-04; learning_rate_next=2.345e-04; elapsed=5.6s
  saved new best checkpoint: /data/projects/SFB_A03/jan/AT_TFBS/human301/runs/CREB3L3/68001_ablation_channels96_seed1/best_model.pt (objective=classification-auprc, score=0.550769)
  negatives seen=100.0%; hard negatives=0
Epoch 032 train: loss=0.1326 AUROC=0.9973 AUPRC=0.9692 BalAcc=0.9718 F1=0.9086 MCC=0.9005
Epoch 032 val  : loss=0.1712 AUROC=0.9695 AUPRC=0.5643 BalAcc=0.7912 F1=0.5290 MCC=0.5266
  learning_rate_used=2.345e-04; learning_rate_next=2.306e-04; elapsed=5.7s
  saved new best checkpoint: /data/projects/SFB_A03/jan/AT_TFBS/human301/runs/CREB3L3/68001_ablation_channels96_seed1/best_model.pt (objective=classification-auprc, score=0.564337)
  negatives seen=100.0%; hard negatives=0
Epoch 033 train: loss=0.1002 AUROC=0.9980 AUPRC=0.9765 BalAcc=0.9813 F1=0.9279 MCC=0.9216
Epoch 033 val  : loss=0.1944 AUROC=0.9620 AUPRC=0.4842 BalAcc=0.8736 F1=0.2589 MCC=0.3377
  learning_rate_used=2.306e-04; learning_rate_next=2.266e-04; elapsed=5.6s
  negatives seen=100.0%; hard negatives=0
Epoch 034 train: loss=0.1533 AUROC=0.9961 AUPRC=0.9614 BalAcc=0.9798 F1=0.9147 MCC=0.9078
Epoch 034 val  : loss=0.1714 AUROC=0.9689 AUPRC=0.5606 BalAcc=0.8916 F1=0.2525 MCC=0.3394
  learning_rate_used=2.266e-04; learning_rate_next=2.225e-04; elapsed=5.6s
  negatives seen=100.0%; hard negatives=0
Epoch 035 train: loss=0.1158 AUROC=0.9974 AUPRC=0.9705 BalAcc=0.9753 F1=0.9082 MCC=0.9004
Epoch 035 val  : loss=0.4090 AUROC=0.9600 AUPRC=0.5228 BalAcc=0.8958 F1=0.1251 MCC=0.2289
  learning_rate_used=2.225e-04; learning_rate_next=2.184e-04; elapsed=5.6s
  negatives seen=100.0%; hard negatives=0
Epoch 036 train: loss=0.1185 AUROC=0.9970 AUPRC=0.9607 BalAcc=0.9822 F1=0.9257 MCC=0.9194
Epoch 036 val  : loss=0.3588 AUROC=0.9692 AUPRC=0.5545 BalAcc=0.8935 F1=0.1270 MCC=0.2301
  learning_rate_used=2.184e-04; learning_rate_next=2.142e-04; elapsed=5.6s
  negatives seen=100.0%; hard negatives=0
Epoch 037 train: loss=0.0924 AUROC=0.9981 AUPRC=0.9778 BalAcc=0.9782 F1=0.9227 MCC=0.9158
Epoch 037 val  : loss=0.2193 AUROC=0.9537 AUPRC=0.5265 BalAcc=0.8020 F1=0.4887 MCC=0.4931
  learning_rate_used=2.142e-04; learning_rate_next=2.099e-04; elapsed=5.6s
  negatives seen=100.0%; hard negatives=0
Epoch 038 train: loss=0.0848 AUROC=0.9983 AUPRC=0.9812 BalAcc=0.9850 F1=0.9393 MCC=0.9340
Epoch 038 val  : loss=0.2757 AUROC=0.9602 AUPRC=0.5412 BalAcc=0.7804 F1=0.5858 MCC=0.5822
  learning_rate_used=2.099e-04; learning_rate_next=2.055e-04; elapsed=5.6s
  negatives seen=100.0%; hard negatives=0
Epoch 039 train: loss=0.0789 AUROC=0.9978 AUPRC=0.9659 BalAcc=0.9864 F1=0.9299 MCC=0.9243
Epoch 039 val  : loss=0.4135 AUROC=0.9567 AUPRC=0.5276 BalAcc=0.6488 F1=0.4302 MCC=0.4767
  learning_rate_used=2.055e-04; learning_rate_next=2.011e-04; elapsed=5.6s
  negatives seen=100.0%; hard negatives=0
Epoch 040 train: loss=0.0948 AUROC=0.9978 AUPRC=0.9702 BalAcc=0.9832 F1=0.9235 MCC=0.9172
Epoch 040 val  : loss=0.1571 AUROC=0.9726 AUPRC=0.5823 BalAcc=0.9116 F1=0.2956 MCC=0.3816
  learning_rate_used=2.011e-04; learning_rate_next=1.967e-04; elapsed=5.6s
  saved new best checkpoint: /data/projects/SFB_A03/jan/AT_TFBS/human301/runs/CREB3L3/68001_ablation_channels96_seed1/best_model.pt (objective=classification-auprc, score=0.582328)
  negatives seen=100.0%; hard negatives=0
Epoch 041 train: loss=0.0941 AUROC=0.9985 AUPRC=0.9664 BalAcc=0.9846 F1=0.9467 MCC=0.9417
Epoch 041 val  : loss=0.3831 AUROC=0.9682 AUPRC=0.5647 BalAcc=0.8986 F1=0.1301 MCC=0.2347
  learning_rate_used=1.967e-04; learning_rate_next=1.922e-04; elapsed=5.6s
  negatives seen=100.0%; hard negatives=0
Epoch 042 train: loss=0.0901 AUROC=0.9982 AUPRC=0.9785 BalAcc=0.9807 F1=0.9339 MCC=0.9279
Epoch 042 val  : loss=0.1617 AUROC=0.9721 AUPRC=0.5685 BalAcc=0.8290 F1=0.4784 MCC=0.4927
  learning_rate_used=1.922e-04; learning_rate_next=1.877e-04; elapsed=5.6s
  negatives seen=100.0%; hard negatives=0
Epoch 043 train: loss=0.0546 AUROC=0.9990 AUPRC=0.9881 BalAcc=0.9921 F1=0.9488 MCC=0.9446
Epoch 043 val  : loss=0.4895 AUROC=0.9495 AUPRC=0.4867 BalAcc=0.6445 F1=0.4068 MCC=0.4407
  learning_rate_used=1.877e-04; learning_rate_next=1.831e-04; elapsed=5.6s
  negatives seen=100.0%; hard negatives=0
Epoch 044 train: loss=0.1151 AUROC=0.9981 AUPRC=0.9790 BalAcc=0.9806 F1=0.9326 MCC=0.9265
Epoch 044 val  : loss=0.1552 AUROC=0.9659 AUPRC=0.5774 BalAcc=0.8403 F1=0.4636 MCC=0.4846
  learning_rate_used=1.831e-04; learning_rate_next=1.785e-04; elapsed=5.6s
  negatives seen=100.0%; hard negatives=0
Epoch 045 train: loss=0.0910 AUROC=0.9987 AUPRC=0.9859 BalAcc=0.9851 F1=0.9517 MCC=0.9472
Epoch 045 val  : loss=0.1640 AUROC=0.9718 AUPRC=0.5513 BalAcc=0.9056 F1=0.3134 MCC=0.3933
  learning_rate_used=1.785e-04; learning_rate_next=1.739e-04; elapsed=5.6s
  negatives seen=100.0%; hard negatives=0
Epoch 046 train: loss=0.0800 AUROC=0.9992 AUPRC=0.9919 BalAcc=0.9893 F1=0.9675 MCC=0.9643
Epoch 046 val  : loss=0.1696 AUROC=0.9716 AUPRC=0.5746 BalAcc=0.8105 F1=0.5183 MCC=0.5209
  learning_rate_used=1.739e-04; learning_rate_next=1.692e-04; elapsed=5.5s
  negatives seen=100.0%; hard negatives=0
Epoch 047 train: loss=0.0822 AUROC=0.9988 AUPRC=0.9866 BalAcc=0.9847 F1=0.9479 MCC=0.9431
Epoch 047 val  : loss=0.3521 AUROC=0.9611 AUPRC=0.5683 BalAcc=0.7249 F1=0.5517 MCC=0.5625
  learning_rate_used=1.692e-04; learning_rate_next=1.646e-04; elapsed=5.6s
  negatives seen=100.0%; hard negatives=0
Epoch 048 train: loss=0.0240 AUROC=0.9998 AUPRC=0.9982 BalAcc=0.9964 F1=0.9771 MCC=0.9750
Epoch 048 val  : loss=0.4553 AUROC=0.9681 AUPRC=0.5492 BalAcc=0.6810 F1=0.4972 MCC=0.5324
  learning_rate_used=1.646e-04; learning_rate_next=1.599e-04; elapsed=5.6s
  negatives seen=100.0%; hard negatives=0
Epoch 049 train: loss=0.0682 AUROC=0.9988 AUPRC=0.9851 BalAcc=0.9882 F1=0.9571 MCC=0.9531
Epoch 049 val  : loss=0.4376 AUROC=0.9737 AUPRC=0.5634 BalAcc=0.6569 F1=0.4561 MCC=0.5082
  learning_rate_used=1.599e-04; learning_rate_next=1.552e-04; elapsed=5.5s
  negatives seen=100.0%; hard negatives=0
Epoch 050 train: loss=0.0657 AUROC=0.9991 AUPRC=0.9880 BalAcc=0.9880 F1=0.9558 MCC=0.9517
Epoch 050 val  : loss=0.4197 AUROC=0.9725 AUPRC=0.5854 BalAcc=0.6808 F1=0.4839 MCC=0.5100
  learning_rate_used=1.552e-04; learning_rate_next=1.505e-04; elapsed=5.6s
  saved new best checkpoint: /data/projects/SFB_A03/jan/AT_TFBS/human301/runs/CREB3L3/68001_ablation_channels96_seed1/best_model.pt (objective=classification-auprc, score=0.585408)
  negatives seen=100.0%; hard negatives=0
Epoch 051 train: loss=0.0485 AUROC=0.9992 AUPRC=0.9840 BalAcc=0.9895 F1=0.9701 MCC=0.9672
Epoch 051 val  : loss=0.3441 AUROC=0.9644 AUPRC=0.5864 BalAcc=0.7610 F1=0.6047 MCC=0.6086
  learning_rate_used=1.505e-04; learning_rate_next=1.458e-04; elapsed=5.5s
  saved new best checkpoint: /data/projects/SFB_A03/jan/AT_TFBS/human301/runs/CREB3L3/68001_ablation_channels96_seed1/best_model.pt (objective=classification-auprc, score=0.586419)
  negatives seen=100.0%; hard negatives=0
Epoch 052 train: loss=0.0506 AUROC=0.9992 AUPRC=0.9917 BalAcc=0.9926 F1=0.9639 MCC=0.9606
Epoch 052 val  : loss=0.1873 AUROC=0.9706 AUPRC=0.5664 BalAcc=0.8297 F1=0.5030 MCC=0.5133
  learning_rate_used=1.458e-04; learning_rate_next=1.411e-04; elapsed=5.6s
  negatives seen=100.0%; hard negatives=0
Epoch 053 train: loss=0.0697 AUROC=0.9994 AUPRC=0.9925 BalAcc=0.9946 F1=0.9717 MCC=0.9691
Epoch 053 val  : loss=0.2041 AUROC=0.9746 AUPRC=0.5617 BalAcc=0.8079 F1=0.5811 MCC=0.5779
  learning_rate_used=1.411e-04; learning_rate_next=1.364e-04; elapsed=5.6s
  negatives seen=100.0%; hard negatives=0
Epoch 054 train: loss=0.0616 AUROC=0.9992 AUPRC=0.9911 BalAcc=0.9899 F1=0.9624 MCC=0.9588
Epoch 054 val  : loss=0.1744 AUROC=0.9735 AUPRC=0.5871 BalAcc=0.8305 F1=0.5355 MCC=0.5411
  learning_rate_used=1.364e-04; learning_rate_next=1.318e-04; elapsed=5.6s
  saved new best checkpoint: /data/projects/SFB_A03/jan/AT_TFBS/human301/runs/CREB3L3/68001_ablation_channels96_seed1/best_model.pt (objective=classification-auprc, score=0.587104)
  negatives seen=100.0%; hard negatives=0
Epoch 055 train: loss=0.0286 AUROC=0.9999 AUPRC=0.9986 BalAcc=0.9928 F1=0.9782 MCC=0.9761
Epoch 055 val  : loss=0.4673 AUROC=0.9683 AUPRC=0.5770 BalAcc=0.6689 F1=0.4746 MCC=0.5153
  learning_rate_used=1.318e-04; learning_rate_next=1.271e-04; elapsed=5.5s
  negatives seen=100.0%; hard negatives=0
Epoch 056 train: loss=0.1043 AUROC=0.9993 AUPRC=0.9921 BalAcc=0.9839 F1=0.9516 MCC=0.9470
Epoch 056 val  : loss=0.2103 AUROC=0.9654 AUPRC=0.5624 BalAcc=0.8372 F1=0.4899 MCC=0.5049
  learning_rate_used=1.271e-04; learning_rate_next=1.225e-04; elapsed=5.6s
  negatives seen=100.0%; hard negatives=0
Epoch 057 train: loss=0.0274 AUROC=0.9996 AUPRC=0.9951 BalAcc=0.9948 F1=0.9730 MCC=0.9706
Epoch 057 val  : loss=0.3244 AUROC=0.9701 AUPRC=0.5877 BalAcc=0.7606 F1=0.5752 MCC=0.5742
  learning_rate_used=1.225e-04; learning_rate_next=1.179e-04; elapsed=5.6s
  saved new best checkpoint: /data/projects/SFB_A03/jan/AT_TFBS/human301/runs/CREB3L3/68001_ablation_channels96_seed1/best_model.pt (objective=classification-auprc, score=0.587684)
  negatives seen=100.0%; hard negatives=0
Epoch 058 train: loss=0.0293 AUROC=0.9995 AUPRC=0.9947 BalAcc=0.9957 F1=0.9823 MCC=0.9806
Epoch 058 val  : loss=0.1818 AUROC=0.9681 AUPRC=0.5565 BalAcc=0.8813 F1=0.3469 MCC=0.4097
  learning_rate_used=1.179e-04; learning_rate_next=1.133e-04; elapsed=5.6s
  negatives seen=100.0%; hard negatives=0
Epoch 059 train: loss=0.0325 AUROC=0.9997 AUPRC=0.9964 BalAcc=0.9939 F1=0.9769 MCC=0.9747
Epoch 059 val  : loss=0.1903 AUROC=0.9713 AUPRC=0.5717 BalAcc=0.8367 F1=0.4735 MCC=0.4914
  learning_rate_used=1.133e-04; learning_rate_next=1.088e-04; elapsed=5.5s
  negatives seen=100.0%; hard negatives=0
Epoch 060 train: loss=0.0511 AUROC=0.9994 AUPRC=0.9924 BalAcc=0.9938 F1=0.9756 MCC=0.9733
Epoch 060 val  : loss=0.2254 AUROC=0.9701 AUPRC=0.5907 BalAcc=0.8150 F1=0.5430 MCC=0.5438
  learning_rate_used=1.088e-04; learning_rate_next=1.043e-04; elapsed=5.7s
  saved new best checkpoint: /data/projects/SFB_A03/jan/AT_TFBS/human301/runs/CREB3L3/68001_ablation_channels96_seed1/best_model.pt (objective=classification-auprc, score=0.590651)
  negatives seen=100.0%; hard negatives=0
Epoch 061 train: loss=0.0162 AUROC=0.9995 AUPRC=0.9907 BalAcc=0.9982 F1=0.9824 MCC=0.9808
Epoch 061 val  : loss=0.2180 AUROC=0.9698 AUPRC=0.6007 BalAcc=0.8424 F1=0.5409 MCC=0.5491
  learning_rate_used=1.043e-04; learning_rate_next=9.986e-05; elapsed=5.6s
  saved new best checkpoint: /data/projects/SFB_A03/jan/AT_TFBS/human301/runs/CREB3L3/68001_ablation_channels96_seed1/best_model.pt (objective=classification-auprc, score=0.600741)
  negatives seen=100.0%; hard negatives=0
Epoch 062 train: loss=0.0269 AUROC=0.9997 AUPRC=0.9953 BalAcc=0.9950 F1=0.9757 MCC=0.9734
Epoch 062 val  : loss=0.3994 AUROC=0.9693 AUPRC=0.5831 BalAcc=0.7171 F1=0.5567 MCC=0.5766
  learning_rate_used=9.986e-05; learning_rate_next=9.547e-05; elapsed=5.5s
  negatives seen=100.0%; hard negatives=0
Epoch 063 train: loss=0.0192 AUROC=0.9999 AUPRC=0.9990 BalAcc=0.9945 F1=0.9823 MCC=0.9805
Epoch 063 val  : loss=0.1960 AUROC=0.9754 AUPRC=0.6041 BalAcc=0.8263 F1=0.5240 MCC=0.5300
  learning_rate_used=9.547e-05; learning_rate_next=9.113e-05; elapsed=5.6s
  saved new best checkpoint: /data/projects/SFB_A03/jan/AT_TFBS/human301/runs/CREB3L3/68001_ablation_channels96_seed1/best_model.pt (objective=classification-auprc, score=0.604058)
  negatives seen=100.0%; hard negatives=0
Epoch 064 train: loss=0.0290 AUROC=0.9996 AUPRC=0.9953 BalAcc=0.9971 F1=0.9837 MCC=0.9822
Epoch 064 val  : loss=0.3206 AUROC=0.9738 AUPRC=0.5942 BalAcc=0.7648 F1=0.5893 MCC=0.5891
  learning_rate_used=9.113e-05; learning_rate_next=8.685e-05; elapsed=5.6s
  negatives seen=100.0%; hard negatives=0
Epoch 065 train: loss=0.0159 AUROC=0.9998 AUPRC=0.9981 BalAcc=0.9967 F1=0.9918 MCC=0.9909
Epoch 065 val  : loss=0.5530 AUROC=0.9633 AUPRC=0.5742 BalAcc=0.6690 F1=0.4800 MCC=0.5255
  learning_rate_used=8.685e-05; learning_rate_next=8.263e-05; elapsed=5.6s
  negatives seen=100.0%; hard negatives=0
Epoch 066 train: loss=0.0398 AUROC=0.9999 AUPRC=0.9984 BalAcc=0.9952 F1=0.9890 MCC=0.9879
Epoch 066 val  : loss=0.2173 AUROC=0.9750 AUPRC=0.6124 BalAcc=0.8191 F1=0.5498 MCC=0.5508
  learning_rate_used=8.263e-05; learning_rate_next=7.848e-05; elapsed=5.6s
  saved new best checkpoint: /data/projects/SFB_A03/jan/AT_TFBS/human301/runs/CREB3L3/68001_ablation_channels96_seed1/best_model.pt (objective=classification-auprc, score=0.612383)
  negatives seen=100.0%; hard negatives=0
Epoch 067 train: loss=0.0133 AUROC=0.9998 AUPRC=0.9978 BalAcc=0.9982 F1=0.9824 MCC=0.9808
Epoch 067 val  : loss=0.4467 AUROC=0.9700 AUPRC=0.5901 BalAcc=0.7009 F1=0.5208 MCC=0.5413
  learning_rate_used=7.848e-05; learning_rate_next=7.440e-05; elapsed=5.6s
  negatives seen=100.0%; hard negatives=0
Epoch 068 train: loss=0.0291 AUROC=0.9997 AUPRC=0.9967 BalAcc=0.9953 F1=0.9783 MCC=0.9763
Epoch 068 val  : loss=0.3647 AUROC=0.9725 AUPRC=0.5901 BalAcc=0.7410 F1=0.5825 MCC=0.5918
  learning_rate_used=7.440e-05; learning_rate_next=7.039e-05; elapsed=5.7s
  negatives seen=100.0%; hard negatives=0
Epoch 069 train: loss=0.0113 AUROC=0.9999 AUPRC=0.9994 BalAcc=0.9978 F1=0.9904 MCC=0.9895
Epoch 069 val  : loss=0.2764 AUROC=0.9718 AUPRC=0.5914 BalAcc=0.7961 F1=0.5827 MCC=0.5786
  learning_rate_used=7.039e-05; learning_rate_next=6.647e-05; elapsed=5.6s
  negatives seen=100.0%; hard negatives=0
Epoch 070 train: loss=0.0254 AUROC=0.9996 AUPRC=0.9955 BalAcc=0.9961 F1=0.9863 MCC=0.9850
Epoch 070 val  : loss=0.1797 AUROC=0.9709 AUPRC=0.6043 BalAcc=0.8675 F1=0.4615 MCC=0.4931
  learning_rate_used=6.647e-05; learning_rate_next=6.263e-05; elapsed=5.6s
  negatives seen=100.0%; hard negatives=0
Epoch 071 train: loss=0.0215 AUROC=0.9998 AUPRC=0.9980 BalAcc=0.9957 F1=0.9823 MCC=0.9806
Epoch 071 val  : loss=0.2276 AUROC=0.9729 AUPRC=0.6136 BalAcc=0.8114 F1=0.5571 MCC=0.5559
  learning_rate_used=6.263e-05; learning_rate_next=5.887e-05; elapsed=5.6s
  saved new best checkpoint: /data/projects/SFB_A03/jan/AT_TFBS/human301/runs/CREB3L3/68001_ablation_channels96_seed1/best_model.pt (objective=classification-auprc, score=0.613593)
  negatives seen=100.0%; hard negatives=0
Epoch 072 train: loss=0.0170 AUROC=0.9999 AUPRC=0.9993 BalAcc=0.9978 F1=0.9904 MCC=0.9895
Epoch 072 val  : loss=0.3506 AUROC=0.9715 AUPRC=0.6002 BalAcc=0.7530 F1=0.5915 MCC=0.5964
  learning_rate_used=5.887e-05; learning_rate_next=5.521e-05; elapsed=5.6s
  negatives seen=100.0%; hard negatives=0
Epoch 073 train: loss=0.0188 AUROC=0.9999 AUPRC=0.9995 BalAcc=0.9959 F1=0.9837 MCC=0.9821
Epoch 073 val  : loss=0.3771 AUROC=0.9732 AUPRC=0.6025 BalAcc=0.7249 F1=0.5517 MCC=0.5625
  learning_rate_used=5.521e-05; learning_rate_next=5.163e-05; elapsed=5.6s
  negatives seen=100.0%; hard negatives=0
Epoch 074 train: loss=0.0199 AUROC=0.9999 AUPRC=0.9994 BalAcc=0.9963 F1=0.9877 MCC=0.9865
Epoch 074 val  : loss=0.4635 AUROC=0.9697 AUPRC=0.5834 BalAcc=0.7048 F1=0.5231 MCC=0.5403
  learning_rate_used=5.163e-05; learning_rate_next=4.816e-05; elapsed=5.6s
  negatives seen=100.0%; hard negatives=0
Epoch 075 train: loss=0.0032 AUROC=1.0000 AUPRC=1.0000 BalAcc=0.9994 F1=0.9945 MCC=0.9940
Epoch 075 val  : loss=0.3571 AUROC=0.9712 AUPRC=0.5861 BalAcc=0.7446 F1=0.5571 MCC=0.5582
  learning_rate_used=4.816e-05; learning_rate_next=4.479e-05; elapsed=5.6s
  negatives seen=100.0%; hard negatives=0
Epoch 076 train: loss=0.0057 AUROC=1.0000 AUPRC=0.9999 BalAcc=0.9989 F1=0.9891 MCC=0.9881
Epoch 076 val  : loss=0.4388 AUROC=0.9702 AUPRC=0.5790 BalAcc=0.7129 F1=0.5354 MCC=0.5500
  learning_rate_used=4.479e-05; learning_rate_next=4.152e-05; elapsed=5.6s
  negatives seen=100.0%; hard negatives=0
Epoch 077 train: loss=0.0162 AUROC=0.9998 AUPRC=0.9958 BalAcc=0.9964 F1=0.9890 MCC=0.9880
Epoch 077 val  : loss=0.4195 AUROC=0.9694 AUPRC=0.5845 BalAcc=0.7289 F1=0.5588 MCC=0.5690
  learning_rate_used=4.152e-05; learning_rate_next=3.836e-05; elapsed=5.6s
  negatives seen=100.0%; hard negatives=0
Epoch 078 train: loss=0.0101 AUROC=0.9998 AUPRC=0.9982 BalAcc=0.9990 F1=0.9905 MCC=0.9895
Epoch 078 val  : loss=0.3464 AUROC=0.9711 AUPRC=0.5783 BalAcc=0.7604 F1=0.5628 MCC=0.5603
  learning_rate_used=3.836e-05; learning_rate_next=3.531e-05; elapsed=5.6s
  negatives seen=100.0%; hard negatives=0
Epoch 079 train: loss=0.0077 AUROC=0.9999 AUPRC=0.9993 BalAcc=0.9992 F1=0.9918 MCC=0.9910
Epoch 079 val  : loss=0.4569 AUROC=0.9696 AUPRC=0.5831 BalAcc=0.7050 F1=0.5312 MCC=0.5523
  learning_rate_used=3.531e-05; learning_rate_next=3.237e-05; elapsed=5.7s
  negatives seen=100.0%; hard negatives=0
Epoch 080 train: loss=0.0166 AUROC=0.9999 AUPRC=0.9983 BalAcc=0.9963 F1=0.9877 MCC=0.9865
Epoch 080 val  : loss=0.3830 AUROC=0.9692 AUPRC=0.5846 BalAcc=0.7369 F1=0.5673 MCC=0.5747
  learning_rate_used=3.237e-05; learning_rate_next=2.955e-05; elapsed=5.6s
  negatives seen=100.0%; hard negatives=0
Epoch 081 train: loss=0.0075 AUROC=0.9999 AUPRC=0.9982 BalAcc=0.9993 F1=0.9932 MCC=0.9925
Epoch 081 val  : loss=0.4216 AUROC=0.9693 AUPRC=0.5880 BalAcc=0.7210 F1=0.5556 MCC=0.5710
  learning_rate_used=2.955e-05; learning_rate_next=2.685e-05; elapsed=5.7s
  negatives seen=100.0%; hard negatives=0
Epoch 082 train: loss=0.0104 AUROC=0.9999 AUPRC=0.9995 BalAcc=0.9978 F1=0.9904 MCC=0.9895
Epoch 082 val  : loss=0.4301 AUROC=0.9688 AUPRC=0.5876 BalAcc=0.7252 F1=0.5714 MCC=0.5897
  learning_rate_used=2.685e-05; learning_rate_next=2.427e-05; elapsed=5.6s
  negatives seen=100.0%; hard negatives=0
Epoch 083 train: loss=0.0035 AUROC=1.0000 AUPRC=0.9999 BalAcc=0.9997 F1=0.9973 MCC=0.9970
Epoch 083 val  : loss=0.3759 AUROC=0.9695 AUPRC=0.5929 BalAcc=0.7408 F1=0.5634 MCC=0.5676
  learning_rate_used=2.427e-05; learning_rate_next=2.182e-05; elapsed=5.5s
  negatives seen=100.0%; hard negatives=0
Epoch 084 train: loss=0.0042 AUROC=0.9999 AUPRC=0.9990 BalAcc=0.9997 F1=0.9973 MCC=0.9970
Epoch 084 val  : loss=0.3438 AUROC=0.9698 AUPRC=0.5935 BalAcc=0.7526 F1=0.5676 MCC=0.5677
  learning_rate_used=2.182e-05; learning_rate_next=1.949e-05; elapsed=5.6s
  negatives seen=100.0%; hard negatives=0
Epoch 085 train: loss=0.0033 AUROC=1.0000 AUPRC=0.9999 BalAcc=0.9997 F1=0.9973 MCC=0.9970
Epoch 085 val  : loss=0.3988 AUROC=0.9688 AUPRC=0.5827 BalAcc=0.7328 F1=0.5550 MCC=0.5614
  learning_rate_used=1.949e-05; learning_rate_next=1.729e-05; elapsed=5.6s
  negatives seen=100.0%; hard negatives=0
Epoch 086 train: loss=0.0057 AUROC=1.0000 AUPRC=1.0000 BalAcc=0.9985 F1=0.9972 MCC=0.9970
Epoch 086 val  : loss=0.3769 AUROC=0.9685 AUPRC=0.5791 BalAcc=0.7367 F1=0.5566 MCC=0.5612
  learning_rate_used=1.729e-05; learning_rate_next=1.523e-05; elapsed=5.6s
  negatives seen=100.0%; hard negatives=0
Epoch 087 train: loss=0.0043 AUROC=1.0000 AUPRC=0.9998 BalAcc=0.9996 F1=0.9959 MCC=0.9955
Epoch 087 val  : loss=0.4400 AUROC=0.9674 AUPRC=0.5838 BalAcc=0.7131 F1=0.5492 MCC=0.5700
  learning_rate_used=1.523e-05; learning_rate_next=1.330e-05; elapsed=5.6s
  negatives seen=100.0%; hard negatives=0
Epoch 088 train: loss=0.0009 AUROC=1.0000 AUPRC=1.0000 BalAcc=0.9996 F1=0.9959 MCC=0.9955
Epoch 088 val  : loss=0.4578 AUROC=0.9672 AUPRC=0.5859 BalAcc=0.7131 F1=0.5492 MCC=0.5700
  learning_rate_used=1.330e-05; learning_rate_next=1.150e-05; elapsed=5.6s
  negatives seen=100.0%; hard negatives=0
Epoch 089 train: loss=0.0090 AUROC=0.9998 AUPRC=0.9981 BalAcc=0.9994 F1=0.9945 MCC=0.9940
Epoch 089 val  : loss=0.4177 AUROC=0.9678 AUPRC=0.5838 BalAcc=0.7209 F1=0.5500 MCC=0.5633
  learning_rate_used=1.150e-05; learning_rate_next=9.838e-06; elapsed=5.6s
  negatives seen=100.0%; hard negatives=0
Epoch 090 train: loss=0.0056 AUROC=0.9999 AUPRC=0.9983 BalAcc=0.9990 F1=0.9905 MCC=0.9895
Epoch 090 val  : loss=0.4378 AUROC=0.9673 AUPRC=0.5845 BalAcc=0.7171 F1=0.5538 MCC=0.5725
  learning_rate_used=9.838e-06; learning_rate_next=8.317e-06; elapsed=5.6s
  negatives seen=100.0%; hard negatives=0
Epoch 091 train: loss=0.0034 AUROC=1.0000 AUPRC=0.9995 BalAcc=0.9997 F1=0.9973 MCC=0.9970
Epoch 091 val  : loss=0.4833 AUROC=0.9664 AUPRC=0.5868 BalAcc=0.7012 F1=0.5405 MCC=0.5722
  learning_rate_used=8.317e-06; learning_rate_next=6.936e-06; elapsed=5.6s
Early stopping after 91 epochs.
Binary threshold: 0.812930 (strategy=val-mcc, validation_score=0.625913)
TEST chr10,chr12,chr14,chr16,chr18,chr2,chr20,chr22,chr4,chr6,chr8: loss=0.1992 AUROC=0.9791 AUPRC=0.5588 BalAcc=0.7434 F1=0.5402 MCC=0.5389
Outputs written to /data/projects/SFB_A03/jan/AT_TFBS/human301/runs/CREB3L3/68001_ablation_channels96_seed1
Binary predictions: binary_classification_results.tsv
Binary metrics: binary_classification_metrics.json
ROC plot: roc_curve.png
Precision-recall plot: precision_recall_curve.png
Confusion matrix: binary_confusion_matrix.tsv
