Window geometry: 256 bp from 301 bp; crop starts 0..45; shifts -22..+23; fresh uniform draw per access
Evaluation: crops (0, 22, 23, 45), reverse complement=True; all samples
train: n=36,663, positive=363, negative=36,300
  val: n=12,524, positive=124, negative=12,400
 test: n=40,198, positive=398, negative=39,800
Device: cuda
Hidden activation: RELU
Parameters: 1,032,981 total; 1,032,981 trainable
Architecture: motif kernels 9/12; encoder 128/64/64; original five-block bottleneck at 64; decoder 64/128/256
  negatives seen=10.0%; hard negatives=0
Epoch 001 train: loss=1.5259 AUROC=0.5259 AUPRC=0.0947 BalAcc=0.5292 F1=0.1699 MCC=0.0336
Epoch 001 val  : loss=0.6361 AUROC=0.5841 AUPRC=0.0135 BalAcc=0.5300 F1=0.0266 MCC=0.0174
  learning_rate_used=3.000e-04; learning_rate_next=2.999e-04; elapsed=7.0s
  saved new best checkpoint: /data/projects/SFB_A03/jan/AT_TFBS/human301/runs/CREB3L3/68001_ablation_dropout_seed3/best_model.pt (objective=classification-auprc, score=0.013466)
  negatives seen=20.0%; hard negatives=0
Epoch 002 train: loss=1.3079 AUROC=0.5744 AUPRC=0.1224 BalAcc=0.5559 F1=0.1856 MCC=0.0651
Epoch 002 val  : loss=0.7575 AUROC=0.7503 AUPRC=0.0615 BalAcc=0.6596 F1=0.0314 MCC=0.0632
  learning_rate_used=2.999e-04; learning_rate_next=2.997e-04; elapsed=5.7s
  saved new best checkpoint: /data/projects/SFB_A03/jan/AT_TFBS/human301/runs/CREB3L3/68001_ablation_dropout_seed3/best_model.pt (objective=classification-auprc, score=0.061547)
  negatives seen=30.0%; hard negatives=0
Epoch 003 train: loss=1.1870 AUROC=0.6852 AUPRC=0.2081 BalAcc=0.6260 F1=0.2368 MCC=0.1504
Epoch 003 val  : loss=0.3728 AUROC=0.8564 AUPRC=0.0822 BalAcc=0.6979 F1=0.1284 MCC=0.1654
  learning_rate_used=2.997e-04; learning_rate_next=2.993e-04; elapsed=5.7s
  saved new best checkpoint: /data/projects/SFB_A03/jan/AT_TFBS/human301/runs/CREB3L3/68001_ablation_dropout_seed3/best_model.pt (objective=classification-auprc, score=0.082156)
  negatives seen=40.0%; hard negatives=0
Epoch 004 train: loss=0.9169 AUROC=0.8380 AUPRC=0.3813 BalAcc=0.7682 F1=0.3758 MCC=0.3430
Epoch 004 val  : loss=0.2267 AUROC=0.9123 AUPRC=0.1908 BalAcc=0.7567 F1=0.2173 MCC=0.2591
  learning_rate_used=2.993e-04; learning_rate_next=2.988e-04; elapsed=5.7s
  saved new best checkpoint: /data/projects/SFB_A03/jan/AT_TFBS/human301/runs/CREB3L3/68001_ablation_dropout_seed3/best_model.pt (objective=classification-auprc, score=0.190797)
  negatives seen=50.0%; hard negatives=0
Epoch 005 train: loss=0.7979 AUROC=0.8851 AUPRC=0.5367 BalAcc=0.8023 F1=0.4332 MCC=0.4065
Epoch 005 val  : loss=0.3082 AUROC=0.9042 AUPRC=0.1701 BalAcc=0.8269 F1=0.1319 MCC=0.2133
  learning_rate_used=2.988e-04; learning_rate_next=2.982e-04; elapsed=5.7s
  negatives seen=60.0%; hard negatives=0
Epoch 006 train: loss=0.6651 AUROC=0.9190 AUPRC=0.6491 BalAcc=0.8395 F1=0.5068 MCC=0.4848
Epoch 006 val  : loss=0.8364 AUROC=0.9294 AUPRC=0.2719 BalAcc=0.7778 F1=0.0448 MCC=0.1116
  learning_rate_used=2.982e-04; learning_rate_next=2.974e-04; elapsed=5.7s
  saved new best checkpoint: /data/projects/SFB_A03/jan/AT_TFBS/human301/runs/CREB3L3/68001_ablation_dropout_seed3/best_model.pt (objective=classification-auprc, score=0.271882)
  negatives seen=70.0%; hard negatives=0
Epoch 007 train: loss=0.6056 AUROC=0.9349 AUPRC=0.6834 BalAcc=0.8558 F1=0.5409 MCC=0.5208
Epoch 007 val  : loss=0.2088 AUROC=0.8954 AUPRC=0.2178 BalAcc=0.7085 F1=0.2647 MCC=0.2773
  learning_rate_used=2.974e-04; learning_rate_next=2.964e-04; elapsed=5.7s
  negatives seen=80.0%; hard negatives=0
Epoch 008 train: loss=0.5414 AUROC=0.9497 AUPRC=0.7108 BalAcc=0.8862 F1=0.6106 MCC=0.5936
Epoch 008 val  : loss=0.1647 AUROC=0.9363 AUPRC=0.3585 BalAcc=0.7771 F1=0.3357 MCC=0.3594
  learning_rate_used=2.964e-04; learning_rate_next=2.953e-04; elapsed=5.6s
  saved new best checkpoint: /data/projects/SFB_A03/jan/AT_TFBS/human301/runs/CREB3L3/68001_ablation_dropout_seed3/best_model.pt (objective=classification-auprc, score=0.358521)
  negatives seen=90.0%; hard negatives=0
Epoch 009 train: loss=0.5274 AUROC=0.9498 AUPRC=0.7449 BalAcc=0.8839 F1=0.5964 MCC=0.5805
Epoch 009 val  : loss=0.1637 AUROC=0.9472 AUPRC=0.4352 BalAcc=0.8586 F1=0.2981 MCC=0.3627
  learning_rate_used=2.953e-04; learning_rate_next=2.941e-04; elapsed=5.6s
  saved new best checkpoint: /data/projects/SFB_A03/jan/AT_TFBS/human301/runs/CREB3L3/68001_ablation_dropout_seed3/best_model.pt (objective=classification-auprc, score=0.435162)
  negatives seen=100.0%; hard negatives=0
Epoch 010 train: loss=0.4439 AUROC=0.9656 AUPRC=0.7699 BalAcc=0.8997 F1=0.6421 MCC=0.6265
Epoch 010 val  : loss=0.3360 AUROC=0.9515 AUPRC=0.4226 BalAcc=0.8843 F1=0.1176 MCC=0.2179
  learning_rate_used=2.941e-04; learning_rate_next=2.927e-04; elapsed=5.6s
  negatives seen=100.0%; hard negatives=0
Epoch 011 train: loss=0.3795 AUROC=0.9743 AUPRC=0.7967 BalAcc=0.9128 F1=0.6735 MCC=0.6593
Epoch 011 val  : loss=0.2358 AUROC=0.9573 AUPRC=0.4568 BalAcc=0.8950 F1=0.1749 MCC=0.2751
  learning_rate_used=2.927e-04; learning_rate_next=2.912e-04; elapsed=5.7s
  saved new best checkpoint: /data/projects/SFB_A03/jan/AT_TFBS/human301/runs/CREB3L3/68001_ablation_dropout_seed3/best_model.pt (objective=classification-auprc, score=0.456817)
  negatives seen=100.0%; hard negatives=0
Epoch 012 train: loss=0.3667 AUROC=0.9768 AUPRC=0.8354 BalAcc=0.9187 F1=0.6925 MCC=0.6784
Epoch 012 val  : loss=0.1923 AUROC=0.9615 AUPRC=0.4817 BalAcc=0.8819 F1=0.2134 MCC=0.3036
  learning_rate_used=2.912e-04; learning_rate_next=2.895e-04; elapsed=5.6s
  saved new best checkpoint: /data/projects/SFB_A03/jan/AT_TFBS/human301/runs/CREB3L3/68001_ablation_dropout_seed3/best_model.pt (objective=classification-auprc, score=0.481746)
  negatives seen=100.0%; hard negatives=0
Epoch 013 train: loss=0.3785 AUROC=0.9776 AUPRC=0.8267 BalAcc=0.9202 F1=0.7328 MCC=0.7156
Epoch 013 val  : loss=0.1844 AUROC=0.9585 AUPRC=0.4565 BalAcc=0.8717 F1=0.2188 MCC=0.3044
  learning_rate_used=2.895e-04; learning_rate_next=2.877e-04; elapsed=5.6s
  negatives seen=100.0%; hard negatives=0
Epoch 014 train: loss=0.3015 AUROC=0.9845 AUPRC=0.8581 BalAcc=0.9402 F1=0.7712 MCC=0.7577
Epoch 014 val  : loss=0.1485 AUROC=0.9634 AUPRC=0.5023 BalAcc=0.7747 F1=0.4929 MCC=0.4905
  learning_rate_used=2.877e-04; learning_rate_next=2.858e-04; elapsed=5.7s
  saved new best checkpoint: /data/projects/SFB_A03/jan/AT_TFBS/human301/runs/CREB3L3/68001_ablation_dropout_seed3/best_model.pt (objective=classification-auprc, score=0.502312)
  negatives seen=100.0%; hard negatives=0
Epoch 015 train: loss=0.2895 AUROC=0.9830 AUPRC=0.8409 BalAcc=0.9424 F1=0.7492 MCC=0.7381
Epoch 015 val  : loss=0.1685 AUROC=0.9584 AUPRC=0.5046 BalAcc=0.7872 F1=0.5275 MCC=0.5246
  learning_rate_used=2.858e-04; learning_rate_next=2.837e-04; elapsed=5.7s
  saved new best checkpoint: /data/projects/SFB_A03/jan/AT_TFBS/human301/runs/CREB3L3/68001_ablation_dropout_seed3/best_model.pt (objective=classification-auprc, score=0.504605)
  negatives seen=100.0%; hard negatives=0
Epoch 016 train: loss=0.3026 AUROC=0.9854 AUPRC=0.8939 BalAcc=0.9402 F1=0.7787 MCC=0.7648
Epoch 016 val  : loss=0.1512 AUROC=0.9540 AUPRC=0.4383 BalAcc=0.8113 F1=0.3313 MCC=0.3695
  learning_rate_used=2.837e-04; learning_rate_next=2.815e-04; elapsed=5.7s
  negatives seen=100.0%; hard negatives=0
Epoch 017 train: loss=0.2691 AUROC=0.9868 AUPRC=0.8920 BalAcc=0.9565 F1=0.8014 MCC=0.7910
Epoch 017 val  : loss=0.1257 AUROC=0.9687 AUPRC=0.4992 BalAcc=0.8122 F1=0.4377 MCC=0.4537
  learning_rate_used=2.815e-04; learning_rate_next=2.792e-04; elapsed=5.7s
  negatives seen=100.0%; hard negatives=0
Epoch 018 train: loss=0.2929 AUROC=0.9857 AUPRC=0.8497 BalAcc=0.9384 F1=0.7671 MCC=0.7533
Epoch 018 val  : loss=0.1571 AUROC=0.9607 AUPRC=0.5179 BalAcc=0.7519 F1=0.5272 MCC=0.5230
  learning_rate_used=2.792e-04; learning_rate_next=2.767e-04; elapsed=5.6s
  saved new best checkpoint: /data/projects/SFB_A03/jan/AT_TFBS/human301/runs/CREB3L3/68001_ablation_dropout_seed3/best_model.pt (objective=classification-auprc, score=0.517933)
  negatives seen=100.0%; hard negatives=0
Epoch 019 train: loss=0.2486 AUROC=0.9900 AUPRC=0.9015 BalAcc=0.9503 F1=0.8238 MCC=0.8109
Epoch 019 val  : loss=0.2211 AUROC=0.9652 AUPRC=0.5128 BalAcc=0.9145 F1=0.1936 MCC=0.2983
  learning_rate_used=2.767e-04; learning_rate_next=2.741e-04; elapsed=5.6s
  negatives seen=100.0%; hard negatives=0
Epoch 020 train: loss=0.1855 AUROC=0.9924 AUPRC=0.9168 BalAcc=0.9674 F1=0.8361 MCC=0.8270
Epoch 020 val  : loss=0.3065 AUROC=0.9690 AUPRC=0.5120 BalAcc=0.9035 F1=0.1398 MCC=0.2456
  learning_rate_used=2.741e-04; learning_rate_next=2.714e-04; elapsed=5.7s
  negatives seen=100.0%; hard negatives=0
Epoch 021 train: loss=0.2362 AUROC=0.9906 AUPRC=0.9103 BalAcc=0.9545 F1=0.8206 MCC=0.8087
Epoch 021 val  : loss=0.1933 AUROC=0.9618 AUPRC=0.5148 BalAcc=0.7204 F1=0.5189 MCC=0.5226
  learning_rate_used=2.714e-04; learning_rate_next=2.686e-04; elapsed=5.7s
  negatives seen=100.0%; hard negatives=0
Epoch 022 train: loss=0.2391 AUROC=0.9908 AUPRC=0.9111 BalAcc=0.9508 F1=0.8193 MCC=0.8066
Epoch 022 val  : loss=0.1756 AUROC=0.9599 AUPRC=0.4887 BalAcc=0.7780 F1=0.4667 MCC=0.4676
  learning_rate_used=2.686e-04; learning_rate_next=2.657e-04; elapsed=5.6s
  negatives seen=100.0%; hard negatives=0
Epoch 023 train: loss=0.2516 AUROC=0.9898 AUPRC=0.9128 BalAcc=0.9581 F1=0.8380 MCC=0.8266
Epoch 023 val  : loss=0.5909 AUROC=0.9653 AUPRC=0.5007 BalAcc=0.8550 F1=0.0713 MCC=0.1609
  learning_rate_used=2.657e-04; learning_rate_next=2.626e-04; elapsed=5.7s
  negatives seen=100.0%; hard negatives=0
Epoch 024 train: loss=0.1756 AUROC=0.9946 AUPRC=0.9483 BalAcc=0.9708 F1=0.8805 MCC=0.8715
Epoch 024 val  : loss=0.1547 AUROC=0.9683 AUPRC=0.5633 BalAcc=0.8871 F1=0.2782 MCC=0.3583
  learning_rate_used=2.626e-04; learning_rate_next=2.595e-04; elapsed=5.7s
  saved new best checkpoint: /data/projects/SFB_A03/jan/AT_TFBS/human301/runs/CREB3L3/68001_ablation_dropout_seed3/best_model.pt (objective=classification-auprc, score=0.563314)
  negatives seen=100.0%; hard negatives=0
Epoch 025 train: loss=0.1772 AUROC=0.9943 AUPRC=0.9369 BalAcc=0.9663 F1=0.8730 MCC=0.8630
Epoch 025 val  : loss=0.2885 AUROC=0.9620 AUPRC=0.4818 BalAcc=0.6886 F1=0.4845 MCC=0.5009
  learning_rate_used=2.595e-04; learning_rate_next=2.562e-04; elapsed=5.6s
  negatives seen=100.0%; hard negatives=0
Epoch 026 train: loss=0.2124 AUROC=0.9952 AUPRC=0.9561 BalAcc=0.9642 F1=0.8956 MCC=0.8860
Epoch 026 val  : loss=0.1723 AUROC=0.9680 AUPRC=0.5243 BalAcc=0.9006 F1=0.2648 MCC=0.3528
  learning_rate_used=2.562e-04; learning_rate_next=2.528e-04; elapsed=5.7s
  negatives seen=100.0%; hard negatives=0
Epoch 027 train: loss=0.1995 AUROC=0.9952 AUPRC=0.9583 BalAcc=0.9577 F1=0.8817 MCC=0.8708
Epoch 027 val  : loss=0.1715 AUROC=0.9660 AUPRC=0.5219 BalAcc=0.8843 F1=0.2541 MCC=0.3379
  learning_rate_used=2.528e-04; learning_rate_next=2.494e-04; elapsed=5.6s
  negatives seen=100.0%; hard negatives=0
Epoch 028 train: loss=0.1609 AUROC=0.9948 AUPRC=0.9454 BalAcc=0.9672 F1=0.8617 MCC=0.8520
Epoch 028 val  : loss=0.2085 AUROC=0.9663 AUPRC=0.5289 BalAcc=0.7439 F1=0.5169 MCC=0.5130
  learning_rate_used=2.494e-04; learning_rate_next=2.458e-04; elapsed=5.7s
  negatives seen=100.0%; hard negatives=0
Epoch 029 train: loss=0.1698 AUROC=0.9960 AUPRC=0.9660 BalAcc=0.9702 F1=0.8958 MCC=0.8869
Epoch 029 val  : loss=0.1289 AUROC=0.9693 AUPRC=0.5650 BalAcc=0.8718 F1=0.3808 MCC=0.4320
  learning_rate_used=2.458e-04; learning_rate_next=2.421e-04; elapsed=5.6s
  saved new best checkpoint: /data/projects/SFB_A03/jan/AT_TFBS/human301/runs/CREB3L3/68001_ablation_dropout_seed3/best_model.pt (objective=classification-auprc, score=0.564974)
  negatives seen=100.0%; hard negatives=0
Epoch 030 train: loss=0.1511 AUROC=0.9965 AUPRC=0.9615 BalAcc=0.9678 F1=0.8852 MCC=0.8757
Epoch 030 val  : loss=0.1821 AUROC=0.9642 AUPRC=0.5181 BalAcc=0.8981 F1=0.2453 MCC=0.3360
  learning_rate_used=2.421e-04; learning_rate_next=2.384e-04; elapsed=5.6s
  negatives seen=100.0%; hard negatives=0
Epoch 031 train: loss=0.1504 AUROC=0.9955 AUPRC=0.9490 BalAcc=0.9682 F1=0.8788 MCC=0.8693
Epoch 031 val  : loss=0.2180 AUROC=0.9665 AUPRC=0.5311 BalAcc=0.6966 F1=0.4975 MCC=0.5114
  learning_rate_used=2.384e-04; learning_rate_next=2.345e-04; elapsed=5.6s
  negatives seen=100.0%; hard negatives=0
Epoch 032 train: loss=0.1245 AUROC=0.9966 AUPRC=0.9611 BalAcc=0.9774 F1=0.9051 MCC=0.8976
Epoch 032 val  : loss=0.1623 AUROC=0.9690 AUPRC=0.5276 BalAcc=0.8838 F1=0.2829 MCC=0.3607
  learning_rate_used=2.345e-04; learning_rate_next=2.306e-04; elapsed=5.7s
  negatives seen=100.0%; hard negatives=0
Epoch 033 train: loss=0.1207 AUROC=0.9962 AUPRC=0.9526 BalAcc=0.9751 F1=0.8957 MCC=0.8875
Epoch 033 val  : loss=0.2087 AUROC=0.9587 AUPRC=0.4996 BalAcc=0.7626 F1=0.4765 MCC=0.4734
  learning_rate_used=2.306e-04; learning_rate_next=2.266e-04; elapsed=5.6s
  negatives seen=100.0%; hard negatives=0
Epoch 034 train: loss=0.1348 AUROC=0.9964 AUPRC=0.9593 BalAcc=0.9762 F1=0.9049 MCC=0.8971
Epoch 034 val  : loss=0.1749 AUROC=0.9674 AUPRC=0.5571 BalAcc=0.7992 F1=0.5357 MCC=0.5341
  learning_rate_used=2.266e-04; learning_rate_next=2.225e-04; elapsed=5.6s
  negatives seen=100.0%; hard negatives=0
Epoch 035 train: loss=0.1128 AUROC=0.9977 AUPRC=0.9752 BalAcc=0.9799 F1=0.9159 MCC=0.9090
Epoch 035 val  : loss=0.2547 AUROC=0.9664 AUPRC=0.5388 BalAcc=0.7125 F1=0.5121 MCC=0.5186
  learning_rate_used=2.225e-04; learning_rate_next=2.184e-04; elapsed=5.6s
  negatives seen=100.0%; hard negatives=0
Epoch 036 train: loss=0.1349 AUROC=0.9971 AUPRC=0.9639 BalAcc=0.9745 F1=0.9115 MCC=0.9037
Epoch 036 val  : loss=0.2076 AUROC=0.9663 AUPRC=0.5404 BalAcc=0.7637 F1=0.5280 MCC=0.5233
  learning_rate_used=2.184e-04; learning_rate_next=2.142e-04; elapsed=5.7s
  negatives seen=100.0%; hard negatives=0
Epoch 037 train: loss=0.1247 AUROC=0.9977 AUPRC=0.9780 BalAcc=0.9766 F1=0.9084 MCC=0.9008
Epoch 037 val  : loss=0.2720 AUROC=0.9628 AUPRC=0.5508 BalAcc=0.7129 F1=0.5381 MCC=0.5538
  learning_rate_used=2.142e-04; learning_rate_next=2.099e-04; elapsed=5.7s
  negatives seen=100.0%; hard negatives=0
Epoch 038 train: loss=0.1091 AUROC=0.9983 AUPRC=0.9853 BalAcc=0.9837 F1=0.9392 MCC=0.9337
Epoch 038 val  : loss=0.2098 AUROC=0.9613 AUPRC=0.5405 BalAcc=0.7675 F1=0.5194 MCC=0.5148
  learning_rate_used=2.099e-04; learning_rate_next=2.055e-04; elapsed=5.7s
  negatives seen=100.0%; hard negatives=0
Epoch 039 train: loss=0.1089 AUROC=0.9978 AUPRC=0.9750 BalAcc=0.9815 F1=0.9304 MCC=0.9242
Epoch 039 val  : loss=0.2817 AUROC=0.9739 AUPRC=0.5694 BalAcc=0.9254 F1=0.1681 MCC=0.2792
  learning_rate_used=2.055e-04; learning_rate_next=2.011e-04; elapsed=5.7s
  saved new best checkpoint: /data/projects/SFB_A03/jan/AT_TFBS/human301/runs/CREB3L3/68001_ablation_dropout_seed3/best_model.pt (objective=classification-auprc, score=0.569436)
  negatives seen=100.0%; hard negatives=0
Epoch 040 train: loss=0.1008 AUROC=0.9977 AUPRC=0.9647 BalAcc=0.9822 F1=0.9257 MCC=0.9194
Epoch 040 val  : loss=0.3068 AUROC=0.9640 AUPRC=0.5469 BalAcc=0.7210 F1=0.5556 MCC=0.5710
  learning_rate_used=2.011e-04; learning_rate_next=1.967e-04; elapsed=5.6s
  negatives seen=100.0%; hard negatives=0
Epoch 041 train: loss=0.1132 AUROC=0.9979 AUPRC=0.9781 BalAcc=0.9810 F1=0.9255 MCC=0.9191
Epoch 041 val  : loss=0.3912 AUROC=0.9636 AUPRC=0.5239 BalAcc=0.6768 F1=0.4809 MCC=0.5113
  learning_rate_used=1.967e-04; learning_rate_next=1.922e-04; elapsed=5.7s
  negatives seen=100.0%; hard negatives=0
Epoch 042 train: loss=0.1027 AUROC=0.9981 AUPRC=0.9734 BalAcc=0.9795 F1=0.9229 MCC=0.9162
Epoch 042 val  : loss=0.3677 AUROC=0.9578 AUPRC=0.5016 BalAcc=0.6808 F1=0.4891 MCC=0.5186
  learning_rate_used=1.922e-04; learning_rate_next=1.877e-04; elapsed=5.7s
  negatives seen=100.0%; hard negatives=0
Epoch 043 train: loss=0.0875 AUROC=0.9979 AUPRC=0.9731 BalAcc=0.9844 F1=0.9344 MCC=0.9287
Epoch 043 val  : loss=0.4488 AUROC=0.9677 AUPRC=0.5558 BalAcc=0.6169 F1=0.3742 MCC=0.4657
  learning_rate_used=1.877e-04; learning_rate_next=1.831e-04; elapsed=5.7s
  negatives seen=100.0%; hard negatives=0
Epoch 044 train: loss=0.0860 AUROC=0.9990 AUPRC=0.9900 BalAcc=0.9803 F1=0.9412 MCC=0.9356
Epoch 044 val  : loss=0.1538 AUROC=0.9716 AUPRC=0.5718 BalAcc=0.8448 F1=0.4820 MCC=0.5010
  learning_rate_used=1.831e-04; learning_rate_next=1.785e-04; elapsed=5.7s
  saved new best checkpoint: /data/projects/SFB_A03/jan/AT_TFBS/human301/runs/CREB3L3/68001_ablation_dropout_seed3/best_model.pt (objective=classification-auprc, score=0.571779)
  negatives seen=100.0%; hard negatives=0
Epoch 045 train: loss=0.0989 AUROC=0.9984 AUPRC=0.9827 BalAcc=0.9854 F1=0.9430 MCC=0.9380
Epoch 045 val  : loss=0.2587 AUROC=0.9703 AUPRC=0.5482 BalAcc=0.7288 F1=0.5507 MCC=0.5584
  learning_rate_used=1.785e-04; learning_rate_next=1.739e-04; elapsed=5.7s
  negatives seen=100.0%; hard negatives=0
Epoch 046 train: loss=0.0846 AUROC=0.9986 AUPRC=0.9828 BalAcc=0.9824 F1=0.9377 MCC=0.9321
Epoch 046 val  : loss=0.2038 AUROC=0.9672 AUPRC=0.5404 BalAcc=0.7838 F1=0.5547 MCC=0.5504
  learning_rate_used=1.739e-04; learning_rate_next=1.692e-04; elapsed=5.7s
  negatives seen=100.0%; hard negatives=0
Epoch 047 train: loss=0.0943 AUROC=0.9986 AUPRC=0.9821 BalAcc=0.9809 F1=0.9351 MCC=0.9292
Epoch 047 val  : loss=0.1926 AUROC=0.9693 AUPRC=0.5487 BalAcc=0.8920 F1=0.2296 MCC=0.3208
  learning_rate_used=1.692e-04; learning_rate_next=1.646e-04; elapsed=5.7s
  negatives seen=100.0%; hard negatives=0
Epoch 048 train: loss=0.1027 AUROC=0.9976 AUPRC=0.9677 BalAcc=0.9800 F1=0.9387 MCC=0.9329
Epoch 048 val  : loss=0.1581 AUROC=0.9707 AUPRC=0.5673 BalAcc=0.8289 F1=0.4743 MCC=0.4893
  learning_rate_used=1.646e-04; learning_rate_next=1.599e-04; elapsed=5.6s
  negatives seen=100.0%; hard negatives=0
Epoch 049 train: loss=0.0582 AUROC=0.9992 AUPRC=0.9908 BalAcc=0.9872 F1=0.9482 MCC=0.9436
Epoch 049 val  : loss=0.2592 AUROC=0.9682 AUPRC=0.5812 BalAcc=0.7408 F1=0.5634 MCC=0.5676
  learning_rate_used=1.599e-04; learning_rate_next=1.552e-04; elapsed=5.7s
  saved new best checkpoint: /data/projects/SFB_A03/jan/AT_TFBS/human301/runs/CREB3L3/68001_ablation_dropout_seed3/best_model.pt (objective=classification-auprc, score=0.581234)
  negatives seen=100.0%; hard negatives=0
Epoch 050 train: loss=0.0908 AUROC=0.9990 AUPRC=0.9899 BalAcc=0.9825 F1=0.9390 MCC=0.9334
Epoch 050 val  : loss=0.2553 AUROC=0.9684 AUPRC=0.5802 BalAcc=0.7329 F1=0.5604 MCC=0.5683
  learning_rate_used=1.552e-04; learning_rate_next=1.505e-04; elapsed=5.7s
  negatives seen=100.0%; hard negatives=0
Epoch 051 train: loss=0.0921 AUROC=0.9990 AUPRC=0.9893 BalAcc=0.9853 F1=0.9530 MCC=0.9486
Epoch 051 val  : loss=0.2050 AUROC=0.9615 AUPRC=0.5655 BalAcc=0.8059 F1=0.4904 MCC=0.4956
  learning_rate_used=1.505e-04; learning_rate_next=1.458e-04; elapsed=5.7s
  negatives seen=100.0%; hard negatives=0
Epoch 052 train: loss=0.0623 AUROC=0.9994 AUPRC=0.9935 BalAcc=0.9901 F1=0.9637 MCC=0.9602
Epoch 052 val  : loss=0.4379 AUROC=0.9649 AUPRC=0.5514 BalAcc=0.6691 F1=0.4884 MCC=0.5420
  learning_rate_used=1.458e-04; learning_rate_next=1.411e-04; elapsed=5.6s
  negatives seen=100.0%; hard negatives=0
Epoch 053 train: loss=0.0715 AUROC=0.9989 AUPRC=0.9866 BalAcc=0.9869 F1=0.9570 MCC=0.9529
Epoch 053 val  : loss=0.2723 AUROC=0.9643 AUPRC=0.5551 BalAcc=0.7605 F1=0.5677 MCC=0.5657
  learning_rate_used=1.411e-04; learning_rate_next=1.364e-04; elapsed=5.7s
  negatives seen=100.0%; hard negatives=0
Epoch 054 train: loss=0.0410 AUROC=0.9993 AUPRC=0.9913 BalAcc=0.9948 F1=0.9730 MCC=0.9706
Epoch 054 val  : loss=0.1514 AUROC=0.9701 AUPRC=0.5845 BalAcc=0.8471 F1=0.4356 MCC=0.4649
  learning_rate_used=1.364e-04; learning_rate_next=1.318e-04; elapsed=5.6s
  saved new best checkpoint: /data/projects/SFB_A03/jan/AT_TFBS/human301/runs/CREB3L3/68001_ablation_dropout_seed3/best_model.pt (objective=classification-auprc, score=0.584544)
  negatives seen=100.0%; hard negatives=0
Epoch 055 train: loss=0.0498 AUROC=0.9993 AUPRC=0.9912 BalAcc=0.9917 F1=0.9677 MCC=0.9646
Epoch 055 val  : loss=0.2966 AUROC=0.9682 AUPRC=0.5668 BalAcc=0.7487 F1=0.5688 MCC=0.5706
  learning_rate_used=1.318e-04; learning_rate_next=1.271e-04; elapsed=5.7s
  negatives seen=100.0%; hard negatives=0
Epoch 056 train: loss=0.0540 AUROC=0.9997 AUPRC=0.9968 BalAcc=0.9909 F1=0.9715 MCC=0.9687
Epoch 056 val  : loss=0.1582 AUROC=0.9690 AUPRC=0.5621 BalAcc=0.8574 F1=0.4027 MCC=0.4431
  learning_rate_used=1.271e-04; learning_rate_next=1.225e-04; elapsed=5.7s
  negatives seen=100.0%; hard negatives=0
Epoch 057 train: loss=0.0727 AUROC=0.9991 AUPRC=0.9896 BalAcc=0.9861 F1=0.9608 MCC=0.9569
Epoch 057 val  : loss=0.1457 AUROC=0.9704 AUPRC=0.5682 BalAcc=0.8500 F1=0.4111 MCC=0.4468
  learning_rate_used=1.225e-04; learning_rate_next=1.179e-04; elapsed=5.7s
  negatives seen=100.0%; hard negatives=0
Epoch 058 train: loss=0.0768 AUROC=0.9987 AUPRC=0.9822 BalAcc=0.9850 F1=0.9505 MCC=0.9458
Epoch 058 val  : loss=0.2882 AUROC=0.9699 AUPRC=0.5608 BalAcc=0.7448 F1=0.5674 MCC=0.5707
  learning_rate_used=1.179e-04; learning_rate_next=1.133e-04; elapsed=5.6s
  negatives seen=100.0%; hard negatives=0
Epoch 059 train: loss=0.0416 AUROC=0.9992 AUPRC=0.9893 BalAcc=0.9942 F1=0.9678 MCC=0.9649
Epoch 059 val  : loss=0.2296 AUROC=0.9718 AUPRC=0.5813 BalAcc=0.7762 F1=0.5702 MCC=0.5662
  learning_rate_used=1.133e-04; learning_rate_next=1.088e-04; elapsed=5.7s
  negatives seen=100.0%; hard negatives=0
Epoch 060 train: loss=0.0264 AUROC=0.9998 AUPRC=0.9983 BalAcc=0.9942 F1=0.9796 MCC=0.9776
Epoch 060 val  : loss=0.3566 AUROC=0.9652 AUPRC=0.5472 BalAcc=0.7362 F1=0.5244 MCC=0.5230
  learning_rate_used=1.088e-04; learning_rate_next=1.043e-04; elapsed=5.7s
  negatives seen=100.0%; hard negatives=0
Epoch 061 train: loss=0.0166 AUROC=0.9999 AUPRC=0.9992 BalAcc=0.9966 F1=0.9784 MCC=0.9764
Epoch 061 val  : loss=0.2705 AUROC=0.9699 AUPRC=0.5890 BalAcc=0.7563 F1=0.5517 MCC=0.5489
  learning_rate_used=1.043e-04; learning_rate_next=9.986e-05; elapsed=5.6s
  saved new best checkpoint: /data/projects/SFB_A03/jan/AT_TFBS/human301/runs/CREB3L3/68001_ablation_dropout_seed3/best_model.pt (objective=classification-auprc, score=0.589006)
  negatives seen=100.0%; hard negatives=0
Epoch 062 train: loss=0.0542 AUROC=0.9997 AUPRC=0.9967 BalAcc=0.9923 F1=0.9729 MCC=0.9703
Epoch 062 val  : loss=0.3533 AUROC=0.9678 AUPRC=0.5672 BalAcc=0.7288 F1=0.5507 MCC=0.5584
  learning_rate_used=9.986e-05; learning_rate_next=9.547e-05; elapsed=5.7s
  negatives seen=100.0%; hard negatives=0
Epoch 063 train: loss=0.0433 AUROC=0.9995 AUPRC=0.9930 BalAcc=0.9942 F1=0.9796 MCC=0.9776
Epoch 063 val  : loss=0.2207 AUROC=0.9716 AUPRC=0.5787 BalAcc=0.7832 F1=0.5240 MCC=0.5207
  learning_rate_used=9.547e-05; learning_rate_next=9.113e-05; elapsed=5.7s
  negatives seen=100.0%; hard negatives=0
Epoch 064 train: loss=0.0265 AUROC=0.9995 AUPRC=0.9942 BalAcc=0.9977 F1=0.9771 MCC=0.9751
Epoch 064 val  : loss=0.2992 AUROC=0.9716 AUPRC=0.5791 BalAcc=0.7404 F1=0.5381 MCC=0.5375
  learning_rate_used=9.113e-05; learning_rate_next=8.685e-05; elapsed=5.7s
  negatives seen=100.0%; hard negatives=0
Epoch 065 train: loss=0.0222 AUROC=0.9997 AUPRC=0.9967 BalAcc=0.9975 F1=0.9758 MCC=0.9737
Epoch 065 val  : loss=0.5780 AUROC=0.9663 AUPRC=0.5518 BalAcc=0.6208 F1=0.3797 MCC=0.4597
  learning_rate_used=8.685e-05; learning_rate_next=8.263e-05; elapsed=5.7s
  negatives seen=100.0%; hard negatives=0
Epoch 066 train: loss=0.0433 AUROC=0.9997 AUPRC=0.9971 BalAcc=0.9935 F1=0.9730 MCC=0.9704
Epoch 066 val  : loss=0.3815 AUROC=0.9679 AUPRC=0.5668 BalAcc=0.7010 F1=0.5319 MCC=0.5583
  learning_rate_used=8.263e-05; learning_rate_next=7.848e-05; elapsed=5.7s
  negatives seen=100.0%; hard negatives=0
Epoch 067 train: loss=0.0221 AUROC=0.9998 AUPRC=0.9981 BalAcc=0.9948 F1=0.9850 MCC=0.9835
Epoch 067 val  : loss=0.2903 AUROC=0.9690 AUPRC=0.5720 BalAcc=0.7643 F1=0.5593 MCC=0.5559
  learning_rate_used=7.848e-05; learning_rate_next=7.440e-05; elapsed=5.7s
  negatives seen=100.0%; hard negatives=0
Epoch 068 train: loss=0.0457 AUROC=0.9995 AUPRC=0.9882 BalAcc=0.9946 F1=0.9836 MCC=0.9820
Epoch 068 val  : loss=0.2494 AUROC=0.9697 AUPRC=0.5690 BalAcc=0.7839 F1=0.5591 MCC=0.5547
  learning_rate_used=7.440e-05; learning_rate_next=7.039e-05; elapsed=5.6s
  negatives seen=100.0%; hard negatives=0
Epoch 069 train: loss=0.0602 AUROC=0.9992 AUPRC=0.9894 BalAcc=0.9948 F1=0.9730 MCC=0.9706
Epoch 069 val  : loss=0.2582 AUROC=0.9716 AUPRC=0.5851 BalAcc=0.7684 F1=0.5702 MCC=0.5670
  learning_rate_used=7.039e-05; learning_rate_next=6.647e-05; elapsed=5.6s
  negatives seen=100.0%; hard negatives=0
Epoch 070 train: loss=0.0330 AUROC=0.9997 AUPRC=0.9965 BalAcc=0.9941 F1=0.9783 MCC=0.9762
Epoch 070 val  : loss=0.2572 AUROC=0.9709 AUPRC=0.5908 BalAcc=0.7921 F1=0.5794 MCC=0.5752
  learning_rate_used=6.647e-05; learning_rate_next=6.263e-05; elapsed=5.7s
  saved new best checkpoint: /data/projects/SFB_A03/jan/AT_TFBS/human301/runs/CREB3L3/68001_ablation_dropout_seed3/best_model.pt (objective=classification-auprc, score=0.590808)
  negatives seen=100.0%; hard negatives=0
Epoch 071 train: loss=0.0114 AUROC=1.0000 AUPRC=0.9997 BalAcc=0.9971 F1=0.9837 MCC=0.9822
Epoch 071 val  : loss=0.3954 AUROC=0.9686 AUPRC=0.5769 BalAcc=0.7171 F1=0.5538 MCC=0.5725
  learning_rate_used=6.263e-05; learning_rate_next=5.887e-05; elapsed=5.7s
  negatives seen=100.0%; hard negatives=0
Epoch 072 train: loss=0.0267 AUROC=0.9998 AUPRC=0.9977 BalAcc=0.9961 F1=0.9863 MCC=0.9850
Epoch 072 val  : loss=0.2667 AUROC=0.9707 AUPRC=0.5815 BalAcc=0.7963 F1=0.5896 MCC=0.5855
  learning_rate_used=5.887e-05; learning_rate_next=5.521e-05; elapsed=5.6s
  negatives seen=100.0%; hard negatives=0
Epoch 073 train: loss=0.0178 AUROC=0.9999 AUPRC=0.9990 BalAcc=0.9977 F1=0.9891 MCC=0.9880
Epoch 073 val  : loss=0.3537 AUROC=0.9684 AUPRC=0.5675 BalAcc=0.7490 F1=0.5849 MCC=0.5902
  learning_rate_used=5.521e-05; learning_rate_next=5.163e-05; elapsed=5.7s
  negatives seen=100.0%; hard negatives=0
Epoch 074 train: loss=0.0123 AUROC=0.9999 AUPRC=0.9991 BalAcc=0.9977 F1=0.9891 MCC=0.9880
Epoch 074 val  : loss=0.2534 AUROC=0.9705 AUPRC=0.5646 BalAcc=0.8035 F1=0.5547 MCC=0.5524
  learning_rate_used=5.163e-05; learning_rate_next=4.816e-05; elapsed=5.7s
  negatives seen=100.0%; hard negatives=0
Epoch 075 train: loss=0.0132 AUROC=0.9999 AUPRC=0.9984 BalAcc=0.9986 F1=0.9864 MCC=0.9851
Epoch 075 val  : loss=0.3457 AUROC=0.9684 AUPRC=0.5607 BalAcc=0.7606 F1=0.5752 MCC=0.5742
  learning_rate_used=4.816e-05; learning_rate_next=4.479e-05; elapsed=5.7s
  negatives seen=100.0%; hard negatives=0
Epoch 076 train: loss=0.0161 AUROC=0.9998 AUPRC=0.9971 BalAcc=0.9971 F1=0.9837 MCC=0.9822
Epoch 076 val  : loss=0.3496 AUROC=0.9687 AUPRC=0.5669 BalAcc=0.7448 F1=0.5728 MCC=0.5772
  learning_rate_used=4.479e-05; learning_rate_next=4.152e-05; elapsed=5.7s
  negatives seen=100.0%; hard negatives=0
Epoch 077 train: loss=0.0233 AUROC=0.9997 AUPRC=0.9966 BalAcc=0.9945 F1=0.9823 MCC=0.9805
Epoch 077 val  : loss=0.2424 AUROC=0.9717 AUPRC=0.5707 BalAcc=0.7996 F1=0.5556 MCC=0.5526
  learning_rate_used=4.152e-05; learning_rate_next=3.836e-05; elapsed=5.7s
  negatives seen=100.0%; hard negatives=0
Epoch 078 train: loss=0.0145 AUROC=0.9996 AUPRC=0.9930 BalAcc=0.9975 F1=0.9877 MCC=0.9865
Epoch 078 val  : loss=0.3255 AUROC=0.9701 AUPRC=0.5723 BalAcc=0.7606 F1=0.5727 MCC=0.5713
  learning_rate_used=3.836e-05; learning_rate_next=3.531e-05; elapsed=5.7s
  negatives seen=100.0%; hard negatives=0
Epoch 079 train: loss=0.0102 AUROC=0.9999 AUPRC=0.9985 BalAcc=0.9986 F1=0.9864 MCC=0.9851
Epoch 079 val  : loss=0.4643 AUROC=0.9687 AUPRC=0.5680 BalAcc=0.6852 F1=0.5169 MCC=0.5596
  learning_rate_used=3.531e-05; learning_rate_next=3.237e-05; elapsed=5.6s
  negatives seen=100.0%; hard negatives=0
Epoch 080 train: loss=0.0218 AUROC=0.9997 AUPRC=0.9960 BalAcc=0.9974 F1=0.9864 MCC=0.9851
Epoch 080 val  : loss=0.3653 AUROC=0.9701 AUPRC=0.5594 BalAcc=0.7487 F1=0.5662 MCC=0.5675
  learning_rate_used=3.237e-05; learning_rate_next=2.955e-05; elapsed=5.6s
  negatives seen=100.0%; hard negatives=0
Epoch 081 train: loss=0.0200 AUROC=1.0000 AUPRC=0.9998 BalAcc=0.9964 F1=0.9890 MCC=0.9880
Epoch 081 val  : loss=0.2890 AUROC=0.9718 AUPRC=0.5603 BalAcc=0.7802 F1=0.5691 MCC=0.5649
  learning_rate_used=2.955e-05; learning_rate_next=2.685e-05; elapsed=5.7s
  negatives seen=100.0%; hard negatives=0
Epoch 082 train: loss=0.0035 AUROC=1.0000 AUPRC=1.0000 BalAcc=0.9996 F1=0.9959 MCC=0.9955
Epoch 082 val  : loss=0.4365 AUROC=0.9700 AUPRC=0.5644 BalAcc=0.7051 F1=0.5426 MCC=0.5697
  learning_rate_used=2.685e-05; learning_rate_next=2.427e-05; elapsed=5.7s
  negatives seen=100.0%; hard negatives=0
Epoch 083 train: loss=0.0110 AUROC=1.0000 AUPRC=0.9999 BalAcc=0.9966 F1=0.9904 MCC=0.9894
Epoch 083 val  : loss=0.4838 AUROC=0.9688 AUPRC=0.5502 BalAcc=0.6730 F1=0.4859 MCC=0.5277
  learning_rate_used=2.427e-05; learning_rate_next=2.182e-05; elapsed=5.7s
  negatives seen=100.0%; hard negatives=0
Epoch 084 train: loss=0.0183 AUROC=0.9998 AUPRC=0.9979 BalAcc=0.9963 F1=0.9877 MCC=0.9865
Epoch 084 val  : loss=0.4799 AUROC=0.9694 AUPRC=0.5563 BalAcc=0.6811 F1=0.5056 MCC=0.5473
  learning_rate_used=2.182e-05; learning_rate_next=1.949e-05; elapsed=5.7s
  negatives seen=100.0%; hard negatives=0
Epoch 085 train: loss=0.0241 AUROC=0.9998 AUPRC=0.9971 BalAcc=0.9946 F1=0.9836 MCC=0.9820
Epoch 085 val  : loss=0.3789 AUROC=0.9698 AUPRC=0.5492 BalAcc=0.7328 F1=0.5550 MCC=0.5614
  learning_rate_used=1.949e-05; learning_rate_next=1.729e-05; elapsed=5.6s
  negatives seen=100.0%; hard negatives=0
Epoch 086 train: loss=0.0075 AUROC=1.0000 AUPRC=0.9996 BalAcc=0.9992 F1=0.9918 MCC=0.9910
Epoch 086 val  : loss=0.4123 AUROC=0.9695 AUPRC=0.5557 BalAcc=0.7090 F1=0.5417 MCC=0.5633
  learning_rate_used=1.729e-05; learning_rate_next=1.523e-05; elapsed=5.7s
  negatives seen=100.0%; hard negatives=0
Epoch 087 train: loss=0.0058 AUROC=1.0000 AUPRC=0.9997 BalAcc=0.9996 F1=0.9959 MCC=0.9955
Epoch 087 val  : loss=0.4122 AUROC=0.9702 AUPRC=0.5537 BalAcc=0.7170 F1=0.5482 MCC=0.5644
  learning_rate_used=1.523e-05; learning_rate_next=1.330e-05; elapsed=5.6s
  negatives seen=100.0%; hard negatives=0
Epoch 088 train: loss=0.0113 AUROC=0.9999 AUPRC=0.9994 BalAcc=0.9981 F1=0.9931 MCC=0.9925
Epoch 088 val  : loss=0.4523 AUROC=0.9698 AUPRC=0.5566 BalAcc=0.7011 F1=0.5376 MCC=0.5675
  learning_rate_used=1.330e-05; learning_rate_next=1.150e-05; elapsed=5.7s
  negatives seen=100.0%; hard negatives=0
Epoch 089 train: loss=0.0149 AUROC=0.9997 AUPRC=0.9952 BalAcc=0.9989 F1=0.9891 MCC=0.9881
Epoch 089 val  : loss=0.4564 AUROC=0.9689 AUPRC=0.5504 BalAcc=0.6972 F1=0.5355 MCC=0.5702
  learning_rate_used=1.150e-05; learning_rate_next=9.838e-06; elapsed=5.7s
  negatives seen=100.0%; hard negatives=0
Epoch 090 train: loss=0.0102 AUROC=0.9998 AUPRC=0.9975 BalAcc=0.9977 F1=0.9891 MCC=0.9880
Epoch 090 val  : loss=0.4333 AUROC=0.9695 AUPRC=0.5510 BalAcc=0.7011 F1=0.5376 MCC=0.5675
  learning_rate_used=9.838e-06; learning_rate_next=8.317e-06; elapsed=5.7s
Early stopping after 90 epochs.
Binary threshold: 0.749832 (strategy=val-mcc, validation_score=0.592076)
TEST chr10,chr12,chr14,chr16,chr18,chr2,chr20,chr22,chr4,chr6,chr8: loss=0.2027 AUROC=0.9769 AUPRC=0.5670 BalAcc=0.7326 F1=0.5552 MCC=0.5618
Outputs written to /data/projects/SFB_A03/jan/AT_TFBS/human301/runs/CREB3L3/68001_ablation_dropout_seed3
Binary predictions: binary_classification_results.tsv
Binary metrics: binary_classification_metrics.json
ROC plot: roc_curve.png
Precision-recall plot: precision_recall_curve.png
Confusion matrix: binary_confusion_matrix.tsv
