Window geometry: 256 bp from 301 bp; crop starts 0..45; shifts -22..+23; fresh uniform draw per access
Evaluation: crops (0, 22, 23, 45), reverse complement=True; all samples
train: n=36,663, positive=363, negative=36,300
  val: n=12,524, positive=124, negative=12,400
 test: n=40,198, positive=398, negative=39,800
Device: cuda
Hidden activation: RELU
Parameters: 1,251,573 total; 1,251,573 trainable
Architecture: motif kernels 9/12; encoder 128/64/64; original five-block bottleneck at 64; decoder 64/128/256
  negatives seen=10.0%; hard negatives=0
Epoch 001 train: loss=1.5248 AUROC=0.5093 AUPRC=0.0924 BalAcc=0.5202 F1=0.1647 MCC=0.0233
Epoch 001 val  : loss=1.0622 AUROC=0.6705 AUPRC=0.0187 BalAcc=0.5137 F1=0.0201 MCC=0.0167
  learning_rate_used=3.000e-04; learning_rate_next=2.999e-04; elapsed=6.8s
  saved new best checkpoint: /data/projects/SFB_A03/jan/AT_TFBS/human301/runs/CREB3L3/68001_ablation_channels96_seed2/best_model.pt (objective=classification-auprc, score=0.018680)
  negatives seen=20.0%; hard negatives=0
Epoch 002 train: loss=1.3491 AUROC=0.5962 AUPRC=0.1262 BalAcc=0.5773 F1=0.1993 MCC=0.0899
Epoch 002 val  : loss=0.5214 AUROC=0.7878 AUPRC=0.0665 BalAcc=0.6753 F1=0.0826 MCC=0.1176
  learning_rate_used=2.999e-04; learning_rate_next=2.997e-04; elapsed=5.5s
  saved new best checkpoint: /data/projects/SFB_A03/jan/AT_TFBS/human301/runs/CREB3L3/68001_ablation_channels96_seed2/best_model.pt (objective=classification-auprc, score=0.066547)
  negatives seen=30.0%; hard negatives=0
Epoch 003 train: loss=1.0967 AUROC=0.7560 AUPRC=0.3301 BalAcc=0.6850 F1=0.2899 MCC=0.2276
Epoch 003 val  : loss=0.2195 AUROC=0.9062 AUPRC=0.1755 BalAcc=0.6090 F1=0.2240 MCC=0.2162
  learning_rate_used=2.997e-04; learning_rate_next=2.993e-04; elapsed=5.6s
  saved new best checkpoint: /data/projects/SFB_A03/jan/AT_TFBS/human301/runs/CREB3L3/68001_ablation_channels96_seed2/best_model.pt (objective=classification-auprc, score=0.175515)
  negatives seen=40.0%; hard negatives=0
Epoch 004 train: loss=0.8540 AUROC=0.8634 AUPRC=0.4716 BalAcc=0.7846 F1=0.4049 MCC=0.3746
Epoch 004 val  : loss=0.2030 AUROC=0.9095 AUPRC=0.2155 BalAcc=0.6963 F1=0.2512 MCC=0.2621
  learning_rate_used=2.993e-04; learning_rate_next=2.988e-04; elapsed=5.5s
  saved new best checkpoint: /data/projects/SFB_A03/jan/AT_TFBS/human301/runs/CREB3L3/68001_ablation_channels96_seed2/best_model.pt (objective=classification-auprc, score=0.215503)
  negatives seen=50.0%; hard negatives=0
Epoch 005 train: loss=0.8299 AUROC=0.8842 AUPRC=0.5424 BalAcc=0.8058 F1=0.4604 MCC=0.4297
Epoch 005 val  : loss=0.2335 AUROC=0.8764 AUPRC=0.1763 BalAcc=0.7402 F1=0.2032 MCC=0.2416
  learning_rate_used=2.988e-04; learning_rate_next=2.982e-04; elapsed=5.5s
  negatives seen=60.0%; hard negatives=0
Epoch 006 train: loss=0.6546 AUROC=0.9240 AUPRC=0.6136 BalAcc=0.8511 F1=0.5283 MCC=0.5082
Epoch 006 val  : loss=0.1937 AUROC=0.9319 AUPRC=0.3183 BalAcc=0.6507 F1=0.3378 MCC=0.3336
  learning_rate_used=2.982e-04; learning_rate_next=2.974e-04; elapsed=5.5s
  saved new best checkpoint: /data/projects/SFB_A03/jan/AT_TFBS/human301/runs/CREB3L3/68001_ablation_channels96_seed2/best_model.pt (objective=classification-auprc, score=0.318329)
  negatives seen=70.0%; hard negatives=0
Epoch 007 train: loss=0.6028 AUROC=0.9395 AUPRC=0.6679 BalAcc=0.8669 F1=0.5787 MCC=0.5577
Epoch 007 val  : loss=4.2076 AUROC=0.9455 AUPRC=0.2911 BalAcc=0.5027 F1=0.0197 MCC=0.0074
  learning_rate_used=2.974e-04; learning_rate_next=2.964e-04; elapsed=5.5s
  negatives seen=80.0%; hard negatives=0
Epoch 008 train: loss=0.5892 AUROC=0.9402 AUPRC=0.6610 BalAcc=0.8700 F1=0.5481 MCC=0.5340
Epoch 008 val  : loss=0.2208 AUROC=0.9330 AUPRC=0.3232 BalAcc=0.8563 F1=0.1953 MCC=0.2792
  learning_rate_used=2.964e-04; learning_rate_next=2.953e-04; elapsed=5.5s
  saved new best checkpoint: /data/projects/SFB_A03/jan/AT_TFBS/human301/runs/CREB3L3/68001_ablation_channels96_seed2/best_model.pt (objective=classification-auprc, score=0.323152)
  negatives seen=90.0%; hard negatives=0
Epoch 009 train: loss=0.4836 AUROC=0.9609 AUPRC=0.7557 BalAcc=0.9041 F1=0.6578 MCC=0.6420
Epoch 009 val  : loss=0.1511 AUROC=0.9479 AUPRC=0.4473 BalAcc=0.8271 F1=0.3394 MCC=0.3821
  learning_rate_used=2.953e-04; learning_rate_next=2.941e-04; elapsed=5.5s
  saved new best checkpoint: /data/projects/SFB_A03/jan/AT_TFBS/human301/runs/CREB3L3/68001_ablation_channels96_seed2/best_model.pt (objective=classification-auprc, score=0.447334)
  negatives seen=100.0%; hard negatives=0
Epoch 010 train: loss=0.5021 AUROC=0.9603 AUPRC=0.7744 BalAcc=0.9054 F1=0.6751 MCC=0.6577
Epoch 010 val  : loss=0.6898 AUROC=0.9484 AUPRC=0.4246 BalAcc=0.8122 F1=0.0549 MCC=0.1311
  learning_rate_used=2.941e-04; learning_rate_next=2.927e-04; elapsed=5.5s
  negatives seen=100.0%; hard negatives=0
Epoch 011 train: loss=0.3830 AUROC=0.9753 AUPRC=0.8079 BalAcc=0.9204 F1=0.7075 MCC=0.6925
Epoch 011 val  : loss=0.1909 AUROC=0.9528 AUPRC=0.4528 BalAcc=0.8843 F1=0.2279 MCC=0.3166
  learning_rate_used=2.927e-04; learning_rate_next=2.912e-04; elapsed=5.5s
  saved new best checkpoint: /data/projects/SFB_A03/jan/AT_TFBS/human301/runs/CREB3L3/68001_ablation_channels96_seed2/best_model.pt (objective=classification-auprc, score=0.452818)
  negatives seen=100.0%; hard negatives=0
Epoch 012 train: loss=0.3812 AUROC=0.9765 AUPRC=0.8575 BalAcc=0.9269 F1=0.7452 MCC=0.7292
Epoch 012 val  : loss=0.2647 AUROC=0.9492 AUPRC=0.4745 BalAcc=0.8846 F1=0.1640 MCC=0.2618
  learning_rate_used=2.912e-04; learning_rate_next=2.895e-04; elapsed=5.5s
  saved new best checkpoint: /data/projects/SFB_A03/jan/AT_TFBS/human301/runs/CREB3L3/68001_ablation_channels96_seed2/best_model.pt (objective=classification-auprc, score=0.474474)
  negatives seen=100.0%; hard negatives=0
Epoch 013 train: loss=0.3647 AUROC=0.9790 AUPRC=0.8432 BalAcc=0.9282 F1=0.7537 MCC=0.7377
Epoch 013 val  : loss=0.1541 AUROC=0.9562 AUPRC=0.5021 BalAcc=0.8852 F1=0.2981 MCC=0.3732
  learning_rate_used=2.895e-04; learning_rate_next=2.877e-04; elapsed=5.5s
  saved new best checkpoint: /data/projects/SFB_A03/jan/AT_TFBS/human301/runs/CREB3L3/68001_ablation_channels96_seed2/best_model.pt (objective=classification-auprc, score=0.502073)
  negatives seen=100.0%; hard negatives=0
Epoch 014 train: loss=0.2946 AUROC=0.9858 AUPRC=0.8790 BalAcc=0.9377 F1=0.7854 MCC=0.7705
Epoch 014 val  : loss=0.1565 AUROC=0.9507 AUPRC=0.4494 BalAcc=0.8121 F1=0.3456 MCC=0.3809
  learning_rate_used=2.877e-04; learning_rate_next=2.858e-04; elapsed=5.5s
  negatives seen=100.0%; hard negatives=0
Epoch 015 train: loss=0.3388 AUROC=0.9819 AUPRC=0.8670 BalAcc=0.9293 F1=0.7607 MCC=0.7446
Epoch 015 val  : loss=0.3144 AUROC=0.9432 AUPRC=0.4336 BalAcc=0.6247 F1=0.3827 MCC=0.4490
  learning_rate_used=2.858e-04; learning_rate_next=2.837e-04; elapsed=5.5s
  negatives seen=100.0%; hard negatives=0
Epoch 016 train: loss=0.2261 AUROC=0.9900 AUPRC=0.8962 BalAcc=0.9562 F1=0.8156 MCC=0.8044
Epoch 016 val  : loss=0.1526 AUROC=0.9552 AUPRC=0.5224 BalAcc=0.8204 F1=0.3573 MCC=0.3933
  learning_rate_used=2.837e-04; learning_rate_next=2.815e-04; elapsed=5.5s
  saved new best checkpoint: /data/projects/SFB_A03/jan/AT_TFBS/human301/runs/CREB3L3/68001_ablation_channels96_seed2/best_model.pt (objective=classification-auprc, score=0.522393)
  negatives seen=100.0%; hard negatives=0
Epoch 017 train: loss=0.2550 AUROC=0.9901 AUPRC=0.9205 BalAcc=0.9528 F1=0.8247 MCC=0.8123
Epoch 017 val  : loss=0.3853 AUROC=0.9635 AUPRC=0.5722 BalAcc=0.8919 F1=0.1139 MCC=0.2165
  learning_rate_used=2.815e-04; learning_rate_next=2.792e-04; elapsed=5.5s
  saved new best checkpoint: /data/projects/SFB_A03/jan/AT_TFBS/human301/runs/CREB3L3/68001_ablation_channels96_seed2/best_model.pt (objective=classification-auprc, score=0.572175)
  negatives seen=100.0%; hard negatives=0
Epoch 018 train: loss=0.2321 AUROC=0.9899 AUPRC=0.9123 BalAcc=0.9534 F1=0.8047 MCC=0.7932
Epoch 018 val  : loss=0.1948 AUROC=0.9595 AUPRC=0.5562 BalAcc=0.8970 F1=0.2378 MCC=0.3295
  learning_rate_used=2.792e-04; learning_rate_next=2.767e-04; elapsed=5.5s
  negatives seen=100.0%; hard negatives=0
Epoch 019 train: loss=0.1790 AUROC=0.9928 AUPRC=0.9339 BalAcc=0.9656 F1=0.8582 MCC=0.8481
Epoch 019 val  : loss=0.1825 AUROC=0.9446 AUPRC=0.4306 BalAcc=0.8427 F1=0.3431 MCC=0.3912
  learning_rate_used=2.767e-04; learning_rate_next=2.741e-04; elapsed=5.5s
  negatives seen=100.0%; hard negatives=0
Epoch 020 train: loss=0.2632 AUROC=0.9886 AUPRC=0.9080 BalAcc=0.9530 F1=0.8182 MCC=0.8060
Epoch 020 val  : loss=0.1461 AUROC=0.9556 AUPRC=0.5371 BalAcc=0.8053 F1=0.4681 MCC=0.4765
  learning_rate_used=2.741e-04; learning_rate_next=2.714e-04; elapsed=5.5s
  negatives seen=100.0%; hard negatives=0
Epoch 021 train: loss=0.2034 AUROC=0.9932 AUPRC=0.9328 BalAcc=0.9537 F1=0.8496 MCC=0.8373
Epoch 021 val  : loss=0.1696 AUROC=0.9602 AUPRC=0.5669 BalAcc=0.8133 F1=0.4759 MCC=0.4855
  learning_rate_used=2.714e-04; learning_rate_next=2.686e-04; elapsed=5.5s
  negatives seen=100.0%; hard negatives=0
Epoch 022 train: loss=0.2456 AUROC=0.9911 AUPRC=0.9008 BalAcc=0.9556 F1=0.8285 MCC=0.8167
Epoch 022 val  : loss=0.2425 AUROC=0.9499 AUPRC=0.4752 BalAcc=0.7194 F1=0.4603 MCC=0.4554
  learning_rate_used=2.686e-04; learning_rate_next=2.657e-04; elapsed=5.5s
  negatives seen=100.0%; hard negatives=0
Epoch 023 train: loss=0.1942 AUROC=0.9930 AUPRC=0.9281 BalAcc=0.9680 F1=0.8499 MCC=0.8405
Epoch 023 val  : loss=0.3808 AUROC=0.9579 AUPRC=0.5312 BalAcc=0.6167 F1=0.3648 MCC=0.4377
  learning_rate_used=2.657e-04; learning_rate_next=2.626e-04; elapsed=5.6s
  negatives seen=100.0%; hard negatives=0
Epoch 024 train: loss=0.1365 AUROC=0.9957 AUPRC=0.9485 BalAcc=0.9758 F1=0.8914 MCC=0.8833
Epoch 024 val  : loss=0.1845 AUROC=0.9562 AUPRC=0.5997 BalAcc=0.8819 F1=0.2653 MCC=0.3460
  learning_rate_used=2.626e-04; learning_rate_next=2.595e-04; elapsed=5.5s
  saved new best checkpoint: /data/projects/SFB_A03/jan/AT_TFBS/human301/runs/CREB3L3/68001_ablation_channels96_seed2/best_model.pt (objective=classification-auprc, score=0.599652)
  negatives seen=100.0%; hard negatives=0
Epoch 025 train: loss=0.1908 AUROC=0.9944 AUPRC=0.9364 BalAcc=0.9624 F1=0.8614 MCC=0.8507
Epoch 025 val  : loss=0.2446 AUROC=0.9592 AUPRC=0.5516 BalAcc=0.7046 F1=0.5050 MCC=0.5149
  learning_rate_used=2.595e-04; learning_rate_next=2.562e-04; elapsed=5.5s
  negatives seen=100.0%; hard negatives=0
Epoch 026 train: loss=0.1422 AUROC=0.9956 AUPRC=0.9549 BalAcc=0.9800 F1=0.8967 MCC=0.8894
Epoch 026 val  : loss=0.3006 AUROC=0.9458 AUPRC=0.4966 BalAcc=0.6884 F1=0.4724 MCC=0.4835
  learning_rate_used=2.562e-04; learning_rate_next=2.528e-04; elapsed=5.5s
  negatives seen=100.0%; hard negatives=0
Epoch 027 train: loss=0.1853 AUROC=0.9948 AUPRC=0.9491 BalAcc=0.9660 F1=0.8708 MCC=0.8608
Epoch 027 val  : loss=0.2272 AUROC=0.9591 AUPRC=0.5267 BalAcc=0.7361 F1=0.5198 MCC=0.5177
  learning_rate_used=2.528e-04; learning_rate_next=2.494e-04; elapsed=5.5s
  negatives seen=100.0%; hard negatives=0
Epoch 028 train: loss=0.1273 AUROC=0.9963 AUPRC=0.9513 BalAcc=0.9778 F1=0.8985 MCC=0.8908
Epoch 028 val  : loss=0.2098 AUROC=0.9593 AUPRC=0.5241 BalAcc=0.7785 F1=0.4878 MCC=0.4866
  learning_rate_used=2.494e-04; learning_rate_next=2.458e-04; elapsed=5.5s
  negatives seen=100.0%; hard negatives=0
Epoch 029 train: loss=0.1568 AUROC=0.9957 AUPRC=0.9603 BalAcc=0.9740 F1=0.8866 MCC=0.8782
Epoch 029 val  : loss=0.6146 AUROC=0.9647 AUPRC=0.5703 BalAcc=0.8796 F1=0.0872 MCC=0.1852
  learning_rate_used=2.458e-04; learning_rate_next=2.421e-04; elapsed=5.5s
  negatives seen=100.0%; hard negatives=0
Epoch 030 train: loss=0.1372 AUROC=0.9964 AUPRC=0.9591 BalAcc=0.9715 F1=0.8960 MCC=0.8874
Epoch 030 val  : loss=0.3531 AUROC=0.9577 AUPRC=0.4940 BalAcc=0.6804 F1=0.4615 MCC=0.4758
  learning_rate_used=2.421e-04; learning_rate_next=2.384e-04; elapsed=5.5s
  negatives seen=100.0%; hard negatives=0
Epoch 031 train: loss=0.1297 AUROC=0.9969 AUPRC=0.9604 BalAcc=0.9749 F1=0.9046 MCC=0.8967
Epoch 031 val  : loss=0.2998 AUROC=0.9543 AUPRC=0.5097 BalAcc=0.7206 F1=0.5263 MCC=0.5320
  learning_rate_used=2.384e-04; learning_rate_next=2.345e-04; elapsed=5.5s
  negatives seen=100.0%; hard negatives=0
Epoch 032 train: loss=0.1442 AUROC=0.9969 AUPRC=0.9577 BalAcc=0.9725 F1=0.9041 MCC=0.8959
Epoch 032 val  : loss=0.1458 AUROC=0.9638 AUPRC=0.5606 BalAcc=0.8678 F1=0.3790 MCC=0.4290
  learning_rate_used=2.345e-04; learning_rate_next=2.306e-04; elapsed=5.5s
  negatives seen=100.0%; hard negatives=0
Epoch 033 train: loss=0.1092 AUROC=0.9984 AUPRC=0.9846 BalAcc=0.9824 F1=0.9377 MCC=0.9321
Epoch 033 val  : loss=0.1764 AUROC=0.9556 AUPRC=0.5395 BalAcc=0.8237 F1=0.4339 MCC=0.4547
  learning_rate_used=2.306e-04; learning_rate_next=2.266e-04; elapsed=5.6s
  negatives seen=100.0%; hard negatives=0
Epoch 034 train: loss=0.1041 AUROC=0.9975 AUPRC=0.9696 BalAcc=0.9815 F1=0.9093 MCC=0.9025
Epoch 034 val  : loss=0.1735 AUROC=0.9618 AUPRC=0.5006 BalAcc=0.8208 F1=0.4655 MCC=0.4794
  learning_rate_used=2.266e-04; learning_rate_next=2.225e-04; elapsed=5.5s
  negatives seen=100.0%; hard negatives=0
Epoch 035 train: loss=0.0910 AUROC=0.9973 AUPRC=0.9650 BalAcc=0.9822 F1=0.9152 MCC=0.9085
Epoch 035 val  : loss=0.1747 AUROC=0.9589 AUPRC=0.5537 BalAcc=0.8402 F1=0.4599 MCC=0.4816
  learning_rate_used=2.225e-04; learning_rate_next=2.184e-04; elapsed=5.5s
  negatives seen=100.0%; hard negatives=0
Epoch 036 train: loss=0.1183 AUROC=0.9979 AUPRC=0.9798 BalAcc=0.9792 F1=0.9100 MCC=0.9028
Epoch 036 val  : loss=0.1760 AUROC=0.9591 AUPRC=0.5438 BalAcc=0.8429 F1=0.3471 MCC=0.3944
  learning_rate_used=2.184e-04; learning_rate_next=2.142e-04; elapsed=5.5s
  negatives seen=100.0%; hard negatives=0
Epoch 037 train: loss=0.0826 AUROC=0.9982 AUPRC=0.9765 BalAcc=0.9862 F1=0.9395 MCC=0.9343
Epoch 037 val  : loss=0.3711 AUROC=0.9564 AUPRC=0.5563 BalAcc=0.7050 F1=0.5312 MCC=0.5523
  learning_rate_used=2.142e-04; learning_rate_next=2.099e-04; elapsed=5.5s
  negatives seen=100.0%; hard negatives=0
Epoch 038 train: loss=0.1004 AUROC=0.9983 AUPRC=0.9816 BalAcc=0.9804 F1=0.9314 MCC=0.9252
Epoch 038 val  : loss=0.2957 AUROC=0.9511 AUPRC=0.5166 BalAcc=0.7359 F1=0.5064 MCC=0.5029
  learning_rate_used=2.099e-04; learning_rate_next=2.055e-04; elapsed=5.5s
  negatives seen=100.0%; hard negatives=0
Epoch 039 train: loss=0.0852 AUROC=0.9984 AUPRC=0.9817 BalAcc=0.9848 F1=0.9381 MCC=0.9327
Epoch 039 val  : loss=0.1702 AUROC=0.9640 AUPRC=0.5547 BalAcc=0.8385 F1=0.4135 MCC=0.4441
  learning_rate_used=2.055e-04; learning_rate_next=2.011e-04; elapsed=5.5s
  negatives seen=100.0%; hard negatives=0
Epoch 040 train: loss=0.1011 AUROC=0.9976 AUPRC=0.9725 BalAcc=0.9813 F1=0.9173 MCC=0.9106
Epoch 040 val  : loss=0.6710 AUROC=0.9384 AUPRC=0.4583 BalAcc=0.5685 F1=0.2394 MCC=0.3581
  learning_rate_used=2.011e-04; learning_rate_next=1.967e-04; elapsed=5.5s
  negatives seen=100.0%; hard negatives=0
Epoch 041 train: loss=0.0834 AUROC=0.9983 AUPRC=0.9779 BalAcc=0.9868 F1=0.9444 MCC=0.9395
Epoch 041 val  : loss=0.1639 AUROC=0.9695 AUPRC=0.5707 BalAcc=0.8560 F1=0.4688 MCC=0.4945
  learning_rate_used=1.967e-04; learning_rate_next=1.922e-04; elapsed=5.5s
  negatives seen=100.0%; hard negatives=0
Epoch 042 train: loss=0.0722 AUROC=0.9990 AUPRC=0.9869 BalAcc=0.9862 F1=0.9506 MCC=0.9460
Epoch 042 val  : loss=0.1936 AUROC=0.9668 AUPRC=0.5574 BalAcc=0.8145 F1=0.5197 MCC=0.5232
  learning_rate_used=1.922e-04; learning_rate_next=1.877e-04; elapsed=5.5s
  negatives seen=100.0%; hard negatives=0
Epoch 043 train: loss=0.1152 AUROC=0.9978 AUPRC=0.9751 BalAcc=0.9809 F1=0.9243 MCC=0.9178
Epoch 043 val  : loss=0.1916 AUROC=0.9628 AUPRC=0.5397 BalAcc=0.8122 F1=0.4377 MCC=0.4537
  learning_rate_used=1.877e-04; learning_rate_next=1.831e-04; elapsed=5.5s
  negatives seen=100.0%; hard negatives=0
Epoch 044 train: loss=0.0912 AUROC=0.9989 AUPRC=0.9877 BalAcc=0.9854 F1=0.9430 MCC=0.9380
Epoch 044 val  : loss=0.1662 AUROC=0.9662 AUPRC=0.5555 BalAcc=0.8444 F1=0.3737 MCC=0.4155
  learning_rate_used=1.831e-04; learning_rate_next=1.785e-04; elapsed=5.5s
Early stopping after 44 epochs.
Binary threshold: 0.995919 (strategy=val-mcc, validation_score=0.606915)
TEST chr10,chr12,chr14,chr16,chr18,chr2,chr20,chr22,chr4,chr6,chr8: loss=0.1682 AUROC=0.9743 AUPRC=0.5347 BalAcc=0.7382 F1=0.5233 MCC=0.5211
Outputs written to /data/projects/SFB_A03/jan/AT_TFBS/human301/runs/CREB3L3/68001_ablation_channels96_seed2
Binary predictions: binary_classification_results.tsv
Binary metrics: binary_classification_metrics.json
ROC plot: roc_curve.png
Precision-recall plot: precision_recall_curve.png
Confusion matrix: binary_confusion_matrix.tsv
