TF=MAX variant=local seed=2
/home/jbossenz/miniforge3/envs/at_env/bin/python -u /data/projects/SFB_A03/jan/AT_TFBS/human301/hum301_motif64_local.py train --cache /data/projects/SFB_A03/jan/AT_TFBS/raw_data/human/MAX/hum301_multitf_chr5_chr7/dataset.npz --output-dir /data/projects/SFB_A03/jan/AT_TFBS/human301/runs/MAX/multitf_20261006_033507_932031_local_seed2 --input-length 256 --embed-channels 64 --encoder-channels 80 96 128 --heads 4 --ffn-channels 256 --classification-readout local-logsumexp --task-mode classification --checkpoint-objective classification-auprc --threshold-strategy val-mcc --negatives-per-positive 10 --batch-size 88 --hard-negative-fraction 0 --epochs 100 --patience 20 --learning-rate 0.0003 --min-learning-rate 0.000001 --weight-decay 0.0001 --dropout 0.1 --activation relu --reverse-complement-probability 0.5 --eval-crops multi --eval-rc --no-balanced-evaluation --eval-batch-size 128 --num-workers 2 --seed 2 --device cuda
Window geometry: 256 bp from 301 bp; crop starts 0..45; shifts -22..+23; fresh uniform draw per access
Evaluation: crops (0, 22, 23, 45), reverse complement=True; all samples
train: n=998,082, positive=9,882, negative=988,200
  val: n=211,494, positive=2,094, negative=209,400
 test: n=938,189, positive=9,289, negative=928,900
Device: cuda
Hidden activation: RELU
Parameters: 1,032,981 total; 1,032,981 trainable
Architecture: motif kernels 9/12; encoder 128/64/64; original five-block bottleneck at 64; decoder 64/128/256
  negatives seen=10.0%; hard negatives=0
Epoch 001 train: loss=0.7238 AUROC=0.8981 AUPRC=0.6513 BalAcc=0.8243 F1=0.5158 MCC=0.4847
Epoch 001 val  : loss=0.2256 AUROC=0.9291 AUPRC=0.3180 BalAcc=0.8371 F1=0.2430 MCC=0.3109
  learning_rate_used=3.000e-04; learning_rate_next=2.999e-04; elapsed=104.6s
  saved new best checkpoint: /data/projects/SFB_A03/jan/AT_TFBS/human301/runs/MAX/multitf_20261006_033507_932031_local_seed2/best_model.pt (objective=classification-auprc, score=0.318016)
  negatives seen=20.0%; hard negatives=0
Epoch 002 train: loss=0.6273 AUROC=0.9252 AUPRC=0.7146 BalAcc=0.8537 F1=0.5690 MCC=0.5435
Epoch 002 val  : loss=0.3398 AUROC=0.9339 AUPRC=0.3498 BalAcc=0.8646 F1=0.1338 MCC=0.2274
  learning_rate_used=2.999e-04; learning_rate_next=2.997e-04; elapsed=105.2s
  saved new best checkpoint: /data/projects/SFB_A03/jan/AT_TFBS/human301/runs/MAX/multitf_20261006_033507_932031_local_seed2/best_model.pt (objective=classification-auprc, score=0.349818)
  negatives seen=30.0%; hard negatives=0
Epoch 003 train: loss=0.5955 AUROC=0.9325 AUPRC=0.7350 BalAcc=0.8633 F1=0.5911 MCC=0.5667
Epoch 003 val  : loss=0.4596 AUROC=0.9371 AUPRC=0.3672 BalAcc=0.8602 F1=0.0950 MCC=0.1876
  learning_rate_used=2.997e-04; learning_rate_next=2.993e-04; elapsed=104.1s
  saved new best checkpoint: /data/projects/SFB_A03/jan/AT_TFBS/human301/runs/MAX/multitf_20261006_033507_932031_local_seed2/best_model.pt (objective=classification-auprc, score=0.367189)
  negatives seen=40.0%; hard negatives=0
Epoch 004 train: loss=0.5806 AUROC=0.9363 AUPRC=0.7431 BalAcc=0.8660 F1=0.5936 MCC=0.5700
Epoch 004 val  : loss=0.4351 AUROC=0.9386 AUPRC=0.3746 BalAcc=0.8591 F1=0.0963 MCC=0.1886
  learning_rate_used=2.993e-04; learning_rate_next=2.988e-04; elapsed=103.6s
  saved new best checkpoint: /data/projects/SFB_A03/jan/AT_TFBS/human301/runs/MAX/multitf_20261006_033507_932031_local_seed2/best_model.pt (objective=classification-auprc, score=0.374649)
  negatives seen=50.0%; hard negatives=0
Epoch 005 train: loss=0.5650 AUROC=0.9405 AUPRC=0.7507 BalAcc=0.8705 F1=0.5999 MCC=0.5774
Epoch 005 val  : loss=0.4035 AUROC=0.9251 AUPRC=0.3490 BalAcc=0.8481 F1=0.1041 MCC=0.1932
  learning_rate_used=2.988e-04; learning_rate_next=2.982e-04; elapsed=103.9s
  negatives seen=60.0%; hard negatives=0
Epoch 006 train: loss=0.5502 AUROC=0.9434 AUPRC=0.7610 BalAcc=0.8752 F1=0.6109 MCC=0.5889
Epoch 006 val  : loss=0.3172 AUROC=0.9395 AUPRC=0.3678 BalAcc=0.8719 F1=0.1359 MCC=0.2317
  learning_rate_used=2.982e-04; learning_rate_next=2.974e-04; elapsed=103.8s
  negatives seen=70.0%; hard negatives=0
Epoch 007 train: loss=0.5400 AUROC=0.9458 AUPRC=0.7669 BalAcc=0.8782 F1=0.6132 MCC=0.5923
Epoch 007 val  : loss=0.2055 AUROC=0.9464 AUPRC=0.3760 BalAcc=0.8614 F1=0.2717 MCC=0.3431
  learning_rate_used=2.974e-04; learning_rate_next=2.964e-04; elapsed=105.7s
  saved new best checkpoint: /data/projects/SFB_A03/jan/AT_TFBS/human301/runs/MAX/multitf_20261006_033507_932031_local_seed2/best_model.pt (objective=classification-auprc, score=0.375960)
  negatives seen=80.0%; hard negatives=0
Epoch 008 train: loss=0.5348 AUROC=0.9470 AUPRC=0.7663 BalAcc=0.8793 F1=0.6151 MCC=0.5943
Epoch 008 val  : loss=0.4757 AUROC=0.9433 AUPRC=0.3819 BalAcc=0.8577 F1=0.0899 MCC=0.1815
  learning_rate_used=2.964e-04; learning_rate_next=2.953e-04; elapsed=103.8s
  saved new best checkpoint: /data/projects/SFB_A03/jan/AT_TFBS/human301/runs/MAX/multitf_20261006_033507_932031_local_seed2/best_model.pt (objective=classification-auprc, score=0.381856)
  negatives seen=90.0%; hard negatives=0
Epoch 009 train: loss=0.5306 AUROC=0.9479 AUPRC=0.7724 BalAcc=0.8803 F1=0.6175 MCC=0.5969
Epoch 009 val  : loss=0.2548 AUROC=0.9481 AUPRC=0.3876 BalAcc=0.8727 F1=0.2057 MCC=0.2938
  learning_rate_used=2.953e-04; learning_rate_next=2.941e-04; elapsed=104.4s
  saved new best checkpoint: /data/projects/SFB_A03/jan/AT_TFBS/human301/runs/MAX/multitf_20261006_033507_932031_local_seed2/best_model.pt (objective=classification-auprc, score=0.387619)
  negatives seen=100.0%; hard negatives=0
Epoch 010 train: loss=0.5200 AUROC=0.9502 AUPRC=0.7805 BalAcc=0.8852 F1=0.6217 MCC=0.6026
Epoch 010 val  : loss=0.2682 AUROC=0.9488 AUPRC=0.4062 BalAcc=0.8786 F1=0.1660 MCC=0.2616
  learning_rate_used=2.941e-04; learning_rate_next=2.927e-04; elapsed=104.2s
  saved new best checkpoint: /data/projects/SFB_A03/jan/AT_TFBS/human301/runs/MAX/multitf_20261006_033507_932031_local_seed2/best_model.pt (objective=classification-auprc, score=0.406177)
  negatives seen=100.0%; hard negatives=0
Epoch 011 train: loss=0.5072 AUROC=0.9526 AUPRC=0.7836 BalAcc=0.8864 F1=0.6312 MCC=0.6114
Epoch 011 val  : loss=0.2022 AUROC=0.9481 AUPRC=0.3997 BalAcc=0.8689 F1=0.2331 MCC=0.3151
  learning_rate_used=2.927e-04; learning_rate_next=2.912e-04; elapsed=104.0s
  negatives seen=100.0%; hard negatives=0
Epoch 012 train: loss=0.5083 AUROC=0.9530 AUPRC=0.7842 BalAcc=0.8874 F1=0.6323 MCC=0.6128
Epoch 012 val  : loss=0.2492 AUROC=0.9488 AUPRC=0.4030 BalAcc=0.8806 F1=0.1871 MCC=0.2808
  learning_rate_used=2.912e-04; learning_rate_next=2.895e-04; elapsed=103.5s
  negatives seen=100.0%; hard negatives=0
Epoch 013 train: loss=0.4995 AUROC=0.9548 AUPRC=0.7918 BalAcc=0.8879 F1=0.6356 MCC=0.6159
Epoch 013 val  : loss=0.4806 AUROC=0.9483 AUPRC=0.3949 BalAcc=0.8576 F1=0.0825 MCC=0.1737
  learning_rate_used=2.895e-04; learning_rate_next=2.877e-04; elapsed=104.0s
  negatives seen=100.0%; hard negatives=0
Epoch 014 train: loss=0.4863 AUROC=0.9572 AUPRC=0.7925 BalAcc=0.8917 F1=0.6392 MCC=0.6206
Epoch 014 val  : loss=0.2897 AUROC=0.9475 AUPRC=0.3942 BalAcc=0.8803 F1=0.1461 MCC=0.2440
  learning_rate_used=2.877e-04; learning_rate_next=2.858e-04; elapsed=104.0s
  negatives seen=100.0%; hard negatives=0
Epoch 015 train: loss=0.4832 AUROC=0.9577 AUPRC=0.7928 BalAcc=0.8927 F1=0.6415 MCC=0.6230
Epoch 015 val  : loss=0.2445 AUROC=0.9469 AUPRC=0.4084 BalAcc=0.8798 F1=0.1947 MCC=0.2870
  learning_rate_used=2.858e-04; learning_rate_next=2.837e-04; elapsed=103.7s
  saved new best checkpoint: /data/projects/SFB_A03/jan/AT_TFBS/human301/runs/MAX/multitf_20261006_033507_932031_local_seed2/best_model.pt (objective=classification-auprc, score=0.408387)
  negatives seen=100.0%; hard negatives=0
Epoch 016 train: loss=0.4691 AUROC=0.9604 AUPRC=0.8056 BalAcc=0.8963 F1=0.6518 MCC=0.6335
Epoch 016 val  : loss=0.2913 AUROC=0.9497 AUPRC=0.4004 BalAcc=0.8828 F1=0.1381 MCC=0.2373
  learning_rate_used=2.837e-04; learning_rate_next=2.815e-04; elapsed=103.3s
  negatives seen=100.0%; hard negatives=0
Epoch 017 train: loss=0.4665 AUROC=0.9610 AUPRC=0.7980 BalAcc=0.8978 F1=0.6527 MCC=0.6349
Epoch 017 val  : loss=0.2072 AUROC=0.9498 AUPRC=0.4081 BalAcc=0.8804 F1=0.2286 MCC=0.3157
  learning_rate_used=2.815e-04; learning_rate_next=2.792e-04; elapsed=104.2s
  negatives seen=100.0%; hard negatives=0
Epoch 018 train: loss=0.4599 AUROC=0.9619 AUPRC=0.8021 BalAcc=0.8999 F1=0.6572 MCC=0.6397
Epoch 018 val  : loss=0.2152 AUROC=0.9459 AUPRC=0.4054 BalAcc=0.8714 F1=0.2093 MCC=0.2964
  learning_rate_used=2.792e-04; learning_rate_next=2.767e-04; elapsed=102.7s
  negatives seen=100.0%; hard negatives=0
Epoch 019 train: loss=0.4496 AUROC=0.9637 AUPRC=0.8050 BalAcc=0.9014 F1=0.6618 MCC=0.6444
Epoch 019 val  : loss=0.2175 AUROC=0.9479 AUPRC=0.3963 BalAcc=0.8750 F1=0.2159 MCC=0.3032
  learning_rate_used=2.767e-04; learning_rate_next=2.741e-04; elapsed=103.5s
  negatives seen=100.0%; hard negatives=0
Epoch 020 train: loss=0.4469 AUROC=0.9646 AUPRC=0.8100 BalAcc=0.9036 F1=0.6677 MCC=0.6505
Epoch 020 val  : loss=0.1810 AUROC=0.9465 AUPRC=0.4029 BalAcc=0.8662 F1=0.2863 MCC=0.3565
  learning_rate_used=2.741e-04; learning_rate_next=2.714e-04; elapsed=103.5s
  negatives seen=100.0%; hard negatives=0
Epoch 021 train: loss=0.4354 AUROC=0.9662 AUPRC=0.8161 BalAcc=0.9062 F1=0.6763 MCC=0.6592
Epoch 021 val  : loss=0.2418 AUROC=0.9481 AUPRC=0.4086 BalAcc=0.8792 F1=0.1918 MCC=0.2844
  learning_rate_used=2.714e-04; learning_rate_next=2.686e-04; elapsed=103.3s
  saved new best checkpoint: /data/projects/SFB_A03/jan/AT_TFBS/human301/runs/MAX/multitf_20261006_033507_932031_local_seed2/best_model.pt (objective=classification-auprc, score=0.408565)
  negatives seen=100.0%; hard negatives=0
Epoch 022 train: loss=0.4254 AUROC=0.9679 AUPRC=0.8172 BalAcc=0.9096 F1=0.6843 MCC=0.6676
Epoch 022 val  : loss=0.1830 AUROC=0.9498 AUPRC=0.4079 BalAcc=0.8716 F1=0.2572 MCC=0.3356
  learning_rate_used=2.686e-04; learning_rate_next=2.657e-04; elapsed=103.8s
  negatives seen=100.0%; hard negatives=0
Epoch 023 train: loss=0.4183 AUROC=0.9691 AUPRC=0.8206 BalAcc=0.9111 F1=0.6833 MCC=0.6673
Epoch 023 val  : loss=0.2555 AUROC=0.9504 AUPRC=0.4164 BalAcc=0.8864 F1=0.1736 MCC=0.2710
  learning_rate_used=2.657e-04; learning_rate_next=2.626e-04; elapsed=103.2s
  saved new best checkpoint: /data/projects/SFB_A03/jan/AT_TFBS/human301/runs/MAX/multitf_20261006_033507_932031_local_seed2/best_model.pt (objective=classification-auprc, score=0.416421)
  negatives seen=100.0%; hard negatives=0
Epoch 024 train: loss=0.4217 AUROC=0.9685 AUPRC=0.8242 BalAcc=0.9088 F1=0.6832 MCC=0.6663
Epoch 024 val  : loss=0.3019 AUROC=0.9500 AUPRC=0.4128 BalAcc=0.8831 F1=0.1409 MCC=0.2401
  learning_rate_used=2.626e-04; learning_rate_next=2.595e-04; elapsed=103.3s
  negatives seen=100.0%; hard negatives=0
Epoch 025 train: loss=0.4051 AUROC=0.9710 AUPRC=0.8269 BalAcc=0.9135 F1=0.6927 MCC=0.6766
Epoch 025 val  : loss=0.2462 AUROC=0.9457 AUPRC=0.3930 BalAcc=0.8800 F1=0.1816 MCC=0.2758
  learning_rate_used=2.595e-04; learning_rate_next=2.562e-04; elapsed=103.3s
  negatives seen=100.0%; hard negatives=0
Epoch 026 train: loss=0.4045 AUROC=0.9710 AUPRC=0.8267 BalAcc=0.9148 F1=0.6965 MCC=0.6805
Epoch 026 val  : loss=0.2164 AUROC=0.9470 AUPRC=0.4153 BalAcc=0.8763 F1=0.2214 MCC=0.3082
  learning_rate_used=2.562e-04; learning_rate_next=2.528e-04; elapsed=104.6s
  negatives seen=100.0%; hard negatives=0
Epoch 027 train: loss=0.3949 AUROC=0.9727 AUPRC=0.8296 BalAcc=0.9160 F1=0.7006 MCC=0.6846
Epoch 027 val  : loss=0.2540 AUROC=0.9461 AUPRC=0.4195 BalAcc=0.8803 F1=0.1780 MCC=0.2728
  learning_rate_used=2.528e-04; learning_rate_next=2.494e-04; elapsed=104.4s
  saved new best checkpoint: /data/projects/SFB_A03/jan/AT_TFBS/human301/runs/MAX/multitf_20261006_033507_932031_local_seed2/best_model.pt (objective=classification-auprc, score=0.419520)
  negatives seen=100.0%; hard negatives=0
Epoch 028 train: loss=0.3948 AUROC=0.9724 AUPRC=0.8211 BalAcc=0.9165 F1=0.6996 MCC=0.6839
Epoch 028 val  : loss=0.2746 AUROC=0.9466 AUPRC=0.4193 BalAcc=0.8780 F1=0.1614 MCC=0.2572
  learning_rate_used=2.494e-04; learning_rate_next=2.458e-04; elapsed=107.9s
  negatives seen=100.0%; hard negatives=0
Epoch 029 train: loss=0.3789 AUROC=0.9745 AUPRC=0.8300 BalAcc=0.9210 F1=0.7122 MCC=0.6969
Epoch 029 val  : loss=0.1659 AUROC=0.9456 AUPRC=0.4205 BalAcc=0.8561 F1=0.3171 MCC=0.3765
  learning_rate_used=2.458e-04; learning_rate_next=2.421e-04; elapsed=103.8s
  saved new best checkpoint: /data/projects/SFB_A03/jan/AT_TFBS/human301/runs/MAX/multitf_20261006_033507_932031_local_seed2/best_model.pt (objective=classification-auprc, score=0.420458)
  negatives seen=100.0%; hard negatives=0
Epoch 030 train: loss=0.3817 AUROC=0.9746 AUPRC=0.8331 BalAcc=0.9200 F1=0.7140 MCC=0.6982
Epoch 030 val  : loss=0.2387 AUROC=0.9450 AUPRC=0.4171 BalAcc=0.8780 F1=0.1809 MCC=0.2745
  learning_rate_used=2.421e-04; learning_rate_next=2.384e-04; elapsed=105.5s
  negatives seen=100.0%; hard negatives=0
Epoch 031 train: loss=0.3725 AUROC=0.9759 AUPRC=0.8425 BalAcc=0.9223 F1=0.7197 MCC=0.7041
Epoch 031 val  : loss=0.1972 AUROC=0.9470 AUPRC=0.4096 BalAcc=0.8791 F1=0.2336 MCC=0.3193
  learning_rate_used=2.384e-04; learning_rate_next=2.345e-04; elapsed=106.0s
  negatives seen=100.0%; hard negatives=0
Epoch 032 train: loss=0.3637 AUROC=0.9763 AUPRC=0.8386 BalAcc=0.9243 F1=0.7210 MCC=0.7061
Epoch 032 val  : loss=0.1669 AUROC=0.9480 AUPRC=0.4208 BalAcc=0.8600 F1=0.3206 MCC=0.3807
  learning_rate_used=2.345e-04; learning_rate_next=2.306e-04; elapsed=105.0s
  saved new best checkpoint: /data/projects/SFB_A03/jan/AT_TFBS/human301/runs/MAX/multitf_20261006_033507_932031_local_seed2/best_model.pt (objective=classification-auprc, score=0.420772)
  negatives seen=100.0%; hard negatives=0
Epoch 033 train: loss=0.3649 AUROC=0.9768 AUPRC=0.8443 BalAcc=0.9239 F1=0.7236 MCC=0.7083
Epoch 033 val  : loss=0.1982 AUROC=0.9459 AUPRC=0.4187 BalAcc=0.8702 F1=0.2437 MCC=0.3242
  learning_rate_used=2.306e-04; learning_rate_next=2.266e-04; elapsed=103.3s
  negatives seen=100.0%; hard negatives=0
Epoch 034 train: loss=0.3532 AUROC=0.9782 AUPRC=0.8513 BalAcc=0.9274 F1=0.7358 MCC=0.7207
Epoch 034 val  : loss=0.1944 AUROC=0.9426 AUPRC=0.4146 BalAcc=0.8647 F1=0.2573 MCC=0.3330
  learning_rate_used=2.266e-04; learning_rate_next=2.225e-04; elapsed=105.0s
  negatives seen=100.0%; hard negatives=0
Epoch 035 train: loss=0.3499 AUROC=0.9785 AUPRC=0.8467 BalAcc=0.9270 F1=0.7294 MCC=0.7147
Epoch 035 val  : loss=0.1783 AUROC=0.9457 AUPRC=0.4241 BalAcc=0.8616 F1=0.2900 MCC=0.3576
  learning_rate_used=2.225e-04; learning_rate_next=2.184e-04; elapsed=104.0s
  saved new best checkpoint: /data/projects/SFB_A03/jan/AT_TFBS/human301/runs/MAX/multitf_20261006_033507_932031_local_seed2/best_model.pt (objective=classification-auprc, score=0.424094)
  negatives seen=100.0%; hard negatives=0
Epoch 036 train: loss=0.3405 AUROC=0.9796 AUPRC=0.8506 BalAcc=0.9310 F1=0.7408 MCC=0.7265
Epoch 036 val  : loss=0.2360 AUROC=0.9449 AUPRC=0.4244 BalAcc=0.8794 F1=0.2044 MCC=0.2951
  learning_rate_used=2.184e-04; learning_rate_next=2.142e-04; elapsed=103.4s
  saved new best checkpoint: /data/projects/SFB_A03/jan/AT_TFBS/human301/runs/MAX/multitf_20261006_033507_932031_local_seed2/best_model.pt (objective=classification-auprc, score=0.424357)
  negatives seen=100.0%; hard negatives=0
Epoch 037 train: loss=0.3355 AUROC=0.9801 AUPRC=0.8507 BalAcc=0.9325 F1=0.7441 MCC=0.7300
Epoch 037 val  : loss=0.2137 AUROC=0.9424 AUPRC=0.4181 BalAcc=0.8672 F1=0.2504 MCC=0.3285
  learning_rate_used=2.142e-04; learning_rate_next=2.099e-04; elapsed=105.0s
  negatives seen=100.0%; hard negatives=0
Epoch 038 train: loss=0.3380 AUROC=0.9802 AUPRC=0.8521 BalAcc=0.9315 F1=0.7477 MCC=0.7331
Epoch 038 val  : loss=0.1718 AUROC=0.9463 AUPRC=0.4337 BalAcc=0.8623 F1=0.2954 MCC=0.3621
  learning_rate_used=2.099e-04; learning_rate_next=2.055e-04; elapsed=110.4s
  saved new best checkpoint: /data/projects/SFB_A03/jan/AT_TFBS/human301/runs/MAX/multitf_20261006_033507_932031_local_seed2/best_model.pt (objective=classification-auprc, score=0.433713)
  negatives seen=100.0%; hard negatives=0
Epoch 039 train: loss=0.3206 AUROC=0.9819 AUPRC=0.8612 BalAcc=0.9353 F1=0.7566 MCC=0.7425
Epoch 039 val  : loss=0.2047 AUROC=0.9430 AUPRC=0.4239 BalAcc=0.8713 F1=0.2327 MCC=0.3156
  learning_rate_used=2.055e-04; learning_rate_next=2.011e-04; elapsed=107.8s
  negatives seen=100.0%; hard negatives=0
Epoch 040 train: loss=0.3215 AUROC=0.9818 AUPRC=0.8589 BalAcc=0.9347 F1=0.7544 MCC=0.7403
Epoch 040 val  : loss=0.1893 AUROC=0.9443 AUPRC=0.4284 BalAcc=0.8722 F1=0.2622 MCC=0.3398
  learning_rate_used=2.011e-04; learning_rate_next=1.967e-04; elapsed=103.9s
  negatives seen=100.0%; hard negatives=0
Epoch 041 train: loss=0.3137 AUROC=0.9826 AUPRC=0.8583 BalAcc=0.9366 F1=0.7605 MCC=0.7466
Epoch 041 val  : loss=0.2022 AUROC=0.9443 AUPRC=0.4252 BalAcc=0.8727 F1=0.2430 MCC=0.3246
  learning_rate_used=1.967e-04; learning_rate_next=1.922e-04; elapsed=104.5s
  negatives seen=100.0%; hard negatives=0
Epoch 042 train: loss=0.3091 AUROC=0.9830 AUPRC=0.8633 BalAcc=0.9376 F1=0.7652 MCC=0.7513
Epoch 042 val  : loss=0.2024 AUROC=0.9433 AUPRC=0.4267 BalAcc=0.8742 F1=0.2493 MCC=0.3303
  learning_rate_used=1.922e-04; learning_rate_next=1.877e-04; elapsed=106.0s
  negatives seen=100.0%; hard negatives=0
Epoch 043 train: loss=0.3091 AUROC=0.9831 AUPRC=0.8634 BalAcc=0.9387 F1=0.7658 MCC=0.7522
Epoch 043 val  : loss=0.1745 AUROC=0.9427 AUPRC=0.4251 BalAcc=0.8611 F1=0.3145 MCC=0.3765
  learning_rate_used=1.877e-04; learning_rate_next=1.831e-04; elapsed=105.2s
  negatives seen=100.0%; hard negatives=0
Epoch 044 train: loss=0.2995 AUROC=0.9840 AUPRC=0.8711 BalAcc=0.9379 F1=0.7673 MCC=0.7533
Epoch 044 val  : loss=0.1872 AUROC=0.9438 AUPRC=0.4325 BalAcc=0.8675 F1=0.2764 MCC=0.3492
  learning_rate_used=1.831e-04; learning_rate_next=1.785e-04; elapsed=104.3s
  negatives seen=100.0%; hard negatives=0
Epoch 045 train: loss=0.2867 AUROC=0.9855 AUPRC=0.8793 BalAcc=0.9424 F1=0.7818 MCC=0.7683
Epoch 045 val  : loss=0.1861 AUROC=0.9429 AUPRC=0.4347 BalAcc=0.8624 F1=0.2945 MCC=0.3614
  learning_rate_used=1.785e-04; learning_rate_next=1.739e-04; elapsed=105.7s
  saved new best checkpoint: /data/projects/SFB_A03/jan/AT_TFBS/human301/runs/MAX/multitf_20261006_033507_932031_local_seed2/best_model.pt (objective=classification-auprc, score=0.434735)
  negatives seen=100.0%; hard negatives=0
Epoch 046 train: loss=0.2872 AUROC=0.9851 AUPRC=0.8724 BalAcc=0.9431 F1=0.7769 MCC=0.7639
Epoch 046 val  : loss=0.1839 AUROC=0.9428 AUPRC=0.4310 BalAcc=0.8626 F1=0.3040 MCC=0.3689
  learning_rate_used=1.739e-04; learning_rate_next=1.692e-04; elapsed=104.9s
  negatives seen=100.0%; hard negatives=0
Epoch 047 train: loss=0.2859 AUROC=0.9855 AUPRC=0.8748 BalAcc=0.9434 F1=0.7850 MCC=0.7716
Epoch 047 val  : loss=0.1732 AUROC=0.9434 AUPRC=0.4340 BalAcc=0.8554 F1=0.3386 MCC=0.3928
  learning_rate_used=1.692e-04; learning_rate_next=1.646e-04; elapsed=104.7s
  negatives seen=100.0%; hard negatives=0
Epoch 048 train: loss=0.2766 AUROC=0.9860 AUPRC=0.8762 BalAcc=0.9457 F1=0.7895 MCC=0.7766
Epoch 048 val  : loss=0.1904 AUROC=0.9426 AUPRC=0.4299 BalAcc=0.8708 F1=0.2744 MCC=0.3489
  learning_rate_used=1.646e-04; learning_rate_next=1.599e-04; elapsed=105.2s
  negatives seen=100.0%; hard negatives=0
Epoch 049 train: loss=0.2666 AUROC=0.9872 AUPRC=0.8841 BalAcc=0.9479 F1=0.7966 MCC=0.7839
Epoch 049 val  : loss=0.2103 AUROC=0.9381 AUPRC=0.4281 BalAcc=0.8636 F1=0.2653 MCC=0.3389
  learning_rate_used=1.599e-04; learning_rate_next=1.552e-04; elapsed=104.8s
  negatives seen=100.0%; hard negatives=0
Epoch 050 train: loss=0.2705 AUROC=0.9869 AUPRC=0.8828 BalAcc=0.9479 F1=0.7964 MCC=0.7838
Epoch 050 val  : loss=0.2048 AUROC=0.9398 AUPRC=0.4347 BalAcc=0.8688 F1=0.2597 MCC=0.3365
  learning_rate_used=1.552e-04; learning_rate_next=1.505e-04; elapsed=105.8s
  negatives seen=100.0%; hard negatives=0
Epoch 051 train: loss=0.2623 AUROC=0.9875 AUPRC=0.8844 BalAcc=0.9495 F1=0.8009 MCC=0.7885
Epoch 051 val  : loss=0.1871 AUROC=0.9401 AUPRC=0.4247 BalAcc=0.8607 F1=0.3000 MCC=0.3650
  learning_rate_used=1.505e-04; learning_rate_next=1.458e-04; elapsed=104.2s
  negatives seen=100.0%; hard negatives=0
Epoch 052 train: loss=0.2522 AUROC=0.9882 AUPRC=0.8887 BalAcc=0.9517 F1=0.8064 MCC=0.7943
Epoch 052 val  : loss=0.1934 AUROC=0.9430 AUPRC=0.4260 BalAcc=0.8677 F1=0.2716 MCC=0.3455
  learning_rate_used=1.458e-04; learning_rate_next=1.411e-04; elapsed=105.4s
  negatives seen=100.0%; hard negatives=0
Epoch 053 train: loss=0.2527 AUROC=0.9882 AUPRC=0.8874 BalAcc=0.9502 F1=0.8081 MCC=0.7956
Epoch 053 val  : loss=0.1798 AUROC=0.9408 AUPRC=0.4384 BalAcc=0.8584 F1=0.3197 MCC=0.3794
  learning_rate_used=1.411e-04; learning_rate_next=1.364e-04; elapsed=104.4s
  saved new best checkpoint: /data/projects/SFB_A03/jan/AT_TFBS/human301/runs/MAX/multitf_20261006_033507_932031_local_seed2/best_model.pt (objective=classification-auprc, score=0.438378)
  negatives seen=100.0%; hard negatives=0
Epoch 054 train: loss=0.2399 AUROC=0.9891 AUPRC=0.8916 BalAcc=0.9532 F1=0.8158 MCC=0.8038
Epoch 054 val  : loss=0.1937 AUROC=0.9396 AUPRC=0.4380 BalAcc=0.8682 F1=0.2812 MCC=0.3533
  learning_rate_used=1.364e-04; learning_rate_next=1.318e-04; elapsed=105.6s
  negatives seen=100.0%; hard negatives=0
Epoch 055 train: loss=0.2470 AUROC=0.9888 AUPRC=0.8902 BalAcc=0.9516 F1=0.8114 MCC=0.7991
Epoch 055 val  : loss=0.1950 AUROC=0.9417 AUPRC=0.4344 BalAcc=0.8727 F1=0.2665 MCC=0.3434
  learning_rate_used=1.318e-04; learning_rate_next=1.271e-04; elapsed=103.3s
  negatives seen=100.0%; hard negatives=0
Epoch 056 train: loss=0.2390 AUROC=0.9894 AUPRC=0.8965 BalAcc=0.9535 F1=0.8196 MCC=0.8075
Epoch 056 val  : loss=0.1711 AUROC=0.9367 AUPRC=0.4322 BalAcc=0.8516 F1=0.3400 MCC=0.3924
  learning_rate_used=1.271e-04; learning_rate_next=1.225e-04; elapsed=104.0s
  negatives seen=100.0%; hard negatives=0
Epoch 057 train: loss=0.2292 AUROC=0.9901 AUPRC=0.9017 BalAcc=0.9568 F1=0.8262 MCC=0.8147
Epoch 057 val  : loss=0.1821 AUROC=0.9405 AUPRC=0.4389 BalAcc=0.8560 F1=0.3381 MCC=0.3927
  learning_rate_used=1.225e-04; learning_rate_next=1.179e-04; elapsed=105.8s
  saved new best checkpoint: /data/projects/SFB_A03/jan/AT_TFBS/human301/runs/MAX/multitf_20261006_033507_932031_local_seed2/best_model.pt (objective=classification-auprc, score=0.438924)
  negatives seen=100.0%; hard negatives=0
Epoch 058 train: loss=0.2333 AUROC=0.9899 AUPRC=0.8953 BalAcc=0.9546 F1=0.8242 MCC=0.8123
Epoch 058 val  : loss=0.1801 AUROC=0.9381 AUPRC=0.4372 BalAcc=0.8502 F1=0.3357 MCC=0.3885
  learning_rate_used=1.179e-04; learning_rate_next=1.133e-04; elapsed=104.8s
  negatives seen=100.0%; hard negatives=0
Epoch 059 train: loss=0.2285 AUROC=0.9901 AUPRC=0.9001 BalAcc=0.9566 F1=0.8255 MCC=0.8140
Epoch 059 val  : loss=0.1853 AUROC=0.9403 AUPRC=0.4307 BalAcc=0.8388 F1=0.3766 MCC=0.4156
  learning_rate_used=1.133e-04; learning_rate_next=1.088e-04; elapsed=106.5s
  negatives seen=100.0%; hard negatives=0
Epoch 060 train: loss=0.2204 AUROC=0.9907 AUPRC=0.9055 BalAcc=0.9577 F1=0.8317 MCC=0.8203
Epoch 060 val  : loss=0.1930 AUROC=0.9396 AUPRC=0.4332 BalAcc=0.8605 F1=0.3149 MCC=0.3765
  learning_rate_used=1.088e-04; learning_rate_next=1.043e-04; elapsed=105.1s
  negatives seen=100.0%; hard negatives=0
Epoch 061 train: loss=0.2190 AUROC=0.9909 AUPRC=0.9021 BalAcc=0.9587 F1=0.8377 MCC=0.8264
Epoch 061 val  : loss=0.2029 AUROC=0.9397 AUPRC=0.4284 BalAcc=0.8669 F1=0.2628 MCC=0.3382
  learning_rate_used=1.043e-04; learning_rate_next=9.986e-05; elapsed=106.6s
  negatives seen=100.0%; hard negatives=0
Epoch 062 train: loss=0.2140 AUROC=0.9912 AUPRC=0.9064 BalAcc=0.9597 F1=0.8377 MCC=0.8267
Epoch 062 val  : loss=0.1863 AUROC=0.9374 AUPRC=0.4337 BalAcc=0.8408 F1=0.3697 MCC=0.4110
  learning_rate_used=9.986e-05; learning_rate_next=9.547e-05; elapsed=107.2s
  negatives seen=100.0%; hard negatives=0
Epoch 063 train: loss=0.2009 AUROC=0.9918 AUPRC=0.9109 BalAcc=0.9620 F1=0.8419 MCC=0.8313
Epoch 063 val  : loss=0.1991 AUROC=0.9375 AUPRC=0.4353 BalAcc=0.8559 F1=0.3328 MCC=0.3885
  learning_rate_used=9.547e-05; learning_rate_next=9.113e-05; elapsed=105.6s
  negatives seen=100.0%; hard negatives=0
Epoch 064 train: loss=0.2040 AUROC=0.9917 AUPRC=0.9076 BalAcc=0.9612 F1=0.8444 MCC=0.8336
Epoch 064 val  : loss=0.1946 AUROC=0.9376 AUPRC=0.4362 BalAcc=0.8504 F1=0.3399 MCC=0.3919
  learning_rate_used=9.113e-05; learning_rate_next=8.685e-05; elapsed=106.1s
  negatives seen=100.0%; hard negatives=0
Epoch 065 train: loss=0.1993 AUROC=0.9921 AUPRC=0.9150 BalAcc=0.9630 F1=0.8503 MCC=0.8397
Epoch 065 val  : loss=0.1823 AUROC=0.9352 AUPRC=0.4360 BalAcc=0.8489 F1=0.3513 MCC=0.4000
  learning_rate_used=8.685e-05; learning_rate_next=8.263e-05; elapsed=105.6s
  negatives seen=100.0%; hard negatives=0
Epoch 066 train: loss=0.1976 AUROC=0.9923 AUPRC=0.9171 BalAcc=0.9631 F1=0.8530 MCC=0.8425
Epoch 066 val  : loss=0.1881 AUROC=0.9351 AUPRC=0.4372 BalAcc=0.8372 F1=0.3804 MCC=0.4178
  learning_rate_used=8.263e-05; learning_rate_next=7.848e-05; elapsed=105.7s
  negatives seen=100.0%; hard negatives=0
Epoch 067 train: loss=0.1930 AUROC=0.9925 AUPRC=0.9191 BalAcc=0.9652 F1=0.8579 MCC=0.8478
Epoch 067 val  : loss=0.1971 AUROC=0.9369 AUPRC=0.4338 BalAcc=0.8386 F1=0.3820 MCC=0.4197
  learning_rate_used=7.848e-05; learning_rate_next=7.440e-05; elapsed=103.8s
  negatives seen=100.0%; hard negatives=0
Epoch 068 train: loss=0.2009 AUROC=0.9921 AUPRC=0.9131 BalAcc=0.9632 F1=0.8503 MCC=0.8398
Epoch 068 val  : loss=0.1819 AUROC=0.9357 AUPRC=0.4388 BalAcc=0.8291 F1=0.3894 MCC=0.4217
  learning_rate_used=7.440e-05; learning_rate_next=7.039e-05; elapsed=105.2s
  negatives seen=100.0%; hard negatives=0
Epoch 069 train: loss=0.1870 AUROC=0.9928 AUPRC=0.9183 BalAcc=0.9649 F1=0.8602 MCC=0.8500
Epoch 069 val  : loss=0.1919 AUROC=0.9365 AUPRC=0.4398 BalAcc=0.8449 F1=0.3618 MCC=0.4065
  learning_rate_used=7.039e-05; learning_rate_next=6.647e-05; elapsed=103.5s
  saved new best checkpoint: /data/projects/SFB_A03/jan/AT_TFBS/human301/runs/MAX/multitf_20261006_033507_932031_local_seed2/best_model.pt (objective=classification-auprc, score=0.439797)
  negatives seen=100.0%; hard negatives=0
Epoch 070 train: loss=0.1872 AUROC=0.9928 AUPRC=0.9198 BalAcc=0.9661 F1=0.8624 MCC=0.8524
Epoch 070 val  : loss=0.1951 AUROC=0.9371 AUPRC=0.4383 BalAcc=0.8348 F1=0.3885 MCC=0.4232
  learning_rate_used=6.647e-05; learning_rate_next=6.263e-05; elapsed=103.2s
  negatives seen=100.0%; hard negatives=0
Epoch 071 train: loss=0.1811 AUROC=0.9933 AUPRC=0.9244 BalAcc=0.9667 F1=0.8650 MCC=0.8551
Epoch 071 val  : loss=0.2079 AUROC=0.9340 AUPRC=0.4361 BalAcc=0.8360 F1=0.3802 MCC=0.4172
  learning_rate_used=6.263e-05; learning_rate_next=5.887e-05; elapsed=105.6s
  negatives seen=100.0%; hard negatives=0
Epoch 072 train: loss=0.1758 AUROC=0.9933 AUPRC=0.9204 BalAcc=0.9683 F1=0.8678 MCC=0.8582
Epoch 072 val  : loss=0.2021 AUROC=0.9351 AUPRC=0.4400 BalAcc=0.8473 F1=0.3366 MCC=0.3881
  learning_rate_used=5.887e-05; learning_rate_next=5.521e-05; elapsed=104.1s
  saved new best checkpoint: /data/projects/SFB_A03/jan/AT_TFBS/human301/runs/MAX/multitf_20261006_033507_932031_local_seed2/best_model.pt (objective=classification-auprc, score=0.439997)
  negatives seen=100.0%; hard negatives=0
Epoch 073 train: loss=0.1773 AUROC=0.9935 AUPRC=0.9246 BalAcc=0.9683 F1=0.8689 MCC=0.8593
Epoch 073 val  : loss=0.1967 AUROC=0.9352 AUPRC=0.4352 BalAcc=0.8426 F1=0.3651 MCC=0.4082
  learning_rate_used=5.521e-05; learning_rate_next=5.163e-05; elapsed=104.7s
  negatives seen=100.0%; hard negatives=0
Epoch 074 train: loss=0.1763 AUROC=0.9933 AUPRC=0.9208 BalAcc=0.9689 F1=0.8686 MCC=0.8592
Epoch 074 val  : loss=0.2006 AUROC=0.9353 AUPRC=0.4320 BalAcc=0.8438 F1=0.3590 MCC=0.4040
  learning_rate_used=5.163e-05; learning_rate_next=4.816e-05; elapsed=107.3s
  negatives seen=100.0%; hard negatives=0
Epoch 075 train: loss=0.1723 AUROC=0.9938 AUPRC=0.9298 BalAcc=0.9700 F1=0.8758 MCC=0.8665
Epoch 075 val  : loss=0.2007 AUROC=0.9323 AUPRC=0.4368 BalAcc=0.8311 F1=0.3922 MCC=0.4247
  learning_rate_used=4.816e-05; learning_rate_next=4.479e-05; elapsed=106.5s
  negatives seen=100.0%; hard negatives=0
Epoch 076 train: loss=0.1703 AUROC=0.9936 AUPRC=0.9254 BalAcc=0.9697 F1=0.8724 MCC=0.8631
Epoch 076 val  : loss=0.2021 AUROC=0.9344 AUPRC=0.4404 BalAcc=0.8389 F1=0.3731 MCC=0.4129
  learning_rate_used=4.479e-05; learning_rate_next=4.152e-05; elapsed=110.0s
  saved new best checkpoint: /data/projects/SFB_A03/jan/AT_TFBS/human301/runs/MAX/multitf_20261006_033507_932031_local_seed2/best_model.pt (objective=classification-auprc, score=0.440416)
  negatives seen=100.0%; hard negatives=0
Epoch 077 train: loss=0.1626 AUROC=0.9943 AUPRC=0.9320 BalAcc=0.9708 F1=0.8795 MCC=0.8704
Epoch 077 val  : loss=0.1966 AUROC=0.9323 AUPRC=0.4382 BalAcc=0.8384 F1=0.3718 MCC=0.4117
  learning_rate_used=4.152e-05; learning_rate_next=3.836e-05; elapsed=108.9s
  negatives seen=100.0%; hard negatives=0
Epoch 078 train: loss=0.1582 AUROC=0.9942 AUPRC=0.9297 BalAcc=0.9724 F1=0.8839 MCC=0.8751
Epoch 078 val  : loss=0.2004 AUROC=0.9336 AUPRC=0.4375 BalAcc=0.8348 F1=0.3796 MCC=0.4163
  learning_rate_used=3.836e-05; learning_rate_next=3.531e-05; elapsed=109.7s
  negatives seen=100.0%; hard negatives=0
Epoch 079 train: loss=0.1608 AUROC=0.9942 AUPRC=0.9319 BalAcc=0.9717 F1=0.8831 MCC=0.8742
Epoch 079 val  : loss=0.2039 AUROC=0.9342 AUPRC=0.4374 BalAcc=0.8392 F1=0.3657 MCC=0.4073
  learning_rate_used=3.531e-05; learning_rate_next=3.237e-05; elapsed=107.8s
  negatives seen=100.0%; hard negatives=0
Epoch 080 train: loss=0.1601 AUROC=0.9943 AUPRC=0.9314 BalAcc=0.9718 F1=0.8833 MCC=0.8745
Epoch 080 val  : loss=0.1954 AUROC=0.9334 AUPRC=0.4341 BalAcc=0.8332 F1=0.3737 MCC=0.4111
  learning_rate_used=3.237e-05; learning_rate_next=2.955e-05; elapsed=106.6s
  negatives seen=100.0%; hard negatives=0
Epoch 081 train: loss=0.1522 AUROC=0.9946 AUPRC=0.9340 BalAcc=0.9736 F1=0.8871 MCC=0.8786
Epoch 081 val  : loss=0.2104 AUROC=0.9342 AUPRC=0.4403 BalAcc=0.8303 F1=0.3952 MCC=0.4267
  learning_rate_used=2.955e-05; learning_rate_next=2.685e-05; elapsed=104.1s
  negatives seen=100.0%; hard negatives=0
Epoch 082 train: loss=0.1522 AUROC=0.9950 AUPRC=0.9408 BalAcc=0.9742 F1=0.8920 MCC=0.8837
Epoch 082 val  : loss=0.2039 AUROC=0.9323 AUPRC=0.4374 BalAcc=0.8287 F1=0.3965 MCC=0.4271
  learning_rate_used=2.685e-05; learning_rate_next=2.427e-05; elapsed=105.5s
  negatives seen=100.0%; hard negatives=0
Epoch 083 train: loss=0.1505 AUROC=0.9948 AUPRC=0.9360 BalAcc=0.9741 F1=0.8900 MCC=0.8817
Epoch 083 val  : loss=0.2064 AUROC=0.9330 AUPRC=0.4396 BalAcc=0.8266 F1=0.3999 MCC=0.4290
  learning_rate_used=2.427e-05; learning_rate_next=2.182e-05; elapsed=106.4s
  negatives seen=100.0%; hard negatives=0
Epoch 084 train: loss=0.1478 AUROC=0.9947 AUPRC=0.9349 BalAcc=0.9749 F1=0.8885 MCC=0.8802
Epoch 084 val  : loss=0.2106 AUROC=0.9312 AUPRC=0.4383 BalAcc=0.8258 F1=0.4082 MCC=0.4351
  learning_rate_used=2.182e-05; learning_rate_next=1.949e-05; elapsed=104.8s
  negatives seen=100.0%; hard negatives=0
Epoch 085 train: loss=0.1541 AUROC=0.9947 AUPRC=0.9357 BalAcc=0.9744 F1=0.8897 MCC=0.8814
Epoch 085 val  : loss=0.2098 AUROC=0.9316 AUPRC=0.4368 BalAcc=0.8330 F1=0.3842 MCC=0.4191
  learning_rate_used=1.949e-05; learning_rate_next=1.729e-05; elapsed=105.9s
  negatives seen=100.0%; hard negatives=0
Epoch 086 train: loss=0.1479 AUROC=0.9948 AUPRC=0.9347 BalAcc=0.9753 F1=0.8939 MCC=0.8858
Epoch 086 val  : loss=0.2127 AUROC=0.9326 AUPRC=0.4376 BalAcc=0.8283 F1=0.4029 MCC=0.4320
  learning_rate_used=1.729e-05; learning_rate_next=1.523e-05; elapsed=106.6s
  negatives seen=100.0%; hard negatives=0
Epoch 087 train: loss=0.1464 AUROC=0.9951 AUPRC=0.9398 BalAcc=0.9747 F1=0.8923 MCC=0.8840
Epoch 087 val  : loss=0.2084 AUROC=0.9307 AUPRC=0.4375 BalAcc=0.8276 F1=0.3968 MCC=0.4269
  learning_rate_used=1.523e-05; learning_rate_next=1.330e-05; elapsed=107.7s
  negatives seen=100.0%; hard negatives=0
Epoch 088 train: loss=0.1456 AUROC=0.9949 AUPRC=0.9371 BalAcc=0.9742 F1=0.8898 MCC=0.8814
Epoch 088 val  : loss=0.2121 AUROC=0.9311 AUPRC=0.4388 BalAcc=0.8283 F1=0.3968 MCC=0.4272
  learning_rate_used=1.330e-05; learning_rate_next=1.150e-05; elapsed=106.5s
  negatives seen=100.0%; hard negatives=0
Epoch 089 train: loss=0.1462 AUROC=0.9951 AUPRC=0.9398 BalAcc=0.9742 F1=0.8916 MCC=0.8832
Epoch 089 val  : loss=0.2126 AUROC=0.9317 AUPRC=0.4401 BalAcc=0.8307 F1=0.3935 MCC=0.4255
  learning_rate_used=1.150e-05; learning_rate_next=9.838e-06; elapsed=106.7s
  negatives seen=100.0%; hard negatives=0
Epoch 090 train: loss=0.1386 AUROC=0.9952 AUPRC=0.9400 BalAcc=0.9759 F1=0.8957 MCC=0.8877
Epoch 090 val  : loss=0.2182 AUROC=0.9313 AUPRC=0.4397 BalAcc=0.8283 F1=0.4028 MCC=0.4319
  learning_rate_used=9.838e-06; learning_rate_next=8.317e-06; elapsed=105.0s
  negatives seen=100.0%; hard negatives=0
Epoch 091 train: loss=0.1451 AUROC=0.9952 AUPRC=0.9399 BalAcc=0.9753 F1=0.8962 MCC=0.8882
Epoch 091 val  : loss=0.2177 AUROC=0.9317 AUPRC=0.4391 BalAcc=0.8296 F1=0.3955 MCC=0.4266
  learning_rate_used=8.317e-06; learning_rate_next=6.936e-06; elapsed=105.6s
  negatives seen=100.0%; hard negatives=0
Epoch 092 train: loss=0.1391 AUROC=0.9954 AUPRC=0.9443 BalAcc=0.9767 F1=0.8977 MCC=0.8899
Epoch 092 val  : loss=0.2200 AUROC=0.9308 AUPRC=0.4389 BalAcc=0.8276 F1=0.4021 MCC=0.4311
  learning_rate_used=6.936e-06; learning_rate_next=5.697e-06; elapsed=106.4s
  negatives seen=100.0%; hard negatives=0
Epoch 093 train: loss=0.1425 AUROC=0.9954 AUPRC=0.9428 BalAcc=0.9761 F1=0.8990 MCC=0.8911
Epoch 093 val  : loss=0.2186 AUROC=0.9314 AUPRC=0.4397 BalAcc=0.8292 F1=0.3972 MCC=0.4279
  learning_rate_used=5.697e-06; learning_rate_next=4.600e-06; elapsed=105.9s
  negatives seen=100.0%; hard negatives=0
Epoch 094 train: loss=0.1469 AUROC=0.9951 AUPRC=0.9401 BalAcc=0.9757 F1=0.8953 MCC=0.8872
Epoch 094 val  : loss=0.2186 AUROC=0.9315 AUPRC=0.4397 BalAcc=0.8236 F1=0.4116 MCC=0.4370
  learning_rate_used=4.600e-06; learning_rate_next=3.648e-06; elapsed=104.8s
  negatives seen=100.0%; hard negatives=0
Epoch 095 train: loss=0.1464 AUROC=0.9950 AUPRC=0.9381 BalAcc=0.9760 F1=0.8962 MCC=0.8883
Epoch 095 val  : loss=0.2198 AUROC=0.9309 AUPRC=0.4400 BalAcc=0.8210 F1=0.4199 MCC=0.4426
  learning_rate_used=3.648e-06; learning_rate_next=2.841e-06; elapsed=106.1s
  negatives seen=100.0%; hard negatives=0
Epoch 096 train: loss=0.1352 AUROC=0.9955 AUPRC=0.9432 BalAcc=0.9780 F1=0.9021 MCC=0.8945
Epoch 096 val  : loss=0.2182 AUROC=0.9304 AUPRC=0.4393 BalAcc=0.8279 F1=0.4037 MCC=0.4324
  learning_rate_used=2.841e-06; learning_rate_next=2.179e-06; elapsed=105.5s
Early stopping after 96 epochs.
Binary threshold: 0.977233 (strategy=val-mcc, validation_score=0.487348)
TEST chr10,chr12,chr14,chr16,chr18,chr2,chr20,chr22,chr4,chr6,chr8: loss=0.2126 AUROC=0.9283 AUPRC=0.4190 BalAcc=0.7237 F1=0.4783 MCC=0.4743
Outputs written to /data/projects/SFB_A03/jan/AT_TFBS/human301/runs/MAX/multitf_20261006_033507_932031_local_seed2
Binary predictions: binary_classification_results.tsv
Binary metrics: binary_classification_metrics.json
ROC plot: roc_curve.png
Precision-recall plot: precision_recall_curve.png
Confusion matrix: binary_confusion_matrix.tsv
