TF=ZBTB8A train=GHTS seed=1 model=hum301_motif64_local.py
/home/jbossenz/miniforge3/envs/at_env/bin/python -u /data/projects/SFB_A03/jan/AT_TFBS/human301/hum301_motif64_local.py train --cache /data/projects/SFB_A03/jan/AT_TFBS/raw_data/human/ArchThalia-ML/ZBTB8A/GHTS/dataset.npz --output-dir /data/projects/SFB_A03/jan/AT_TFBS/human301/runs/ZBTB8A/crossassay_archthalia_20261009_144503_1046783/GHTS_seed1 --input-length 256 --embed-channels 64 --encoder-channels 80 96 128 --heads 4 --ffn-channels 256 --classification-readout local-logsumexp --task-mode classification --checkpoint-objective classification-auprc --threshold-strategy val-mcc --negatives-per-positive 10 --batch-size 88 --hard-negative-fraction 0 --epochs 100 --patience 20 --learning-rate 0.0003 --min-learning-rate 0.000001 --weight-decay 0.0001 --dropout 0.1 --activation relu --reverse-complement-probability 0.5 --eval-crops multi --eval-rc --no-balanced-evaluation --eval-batch-size 128 --num-workers 2 --seed 1 --device cuda --skip-test
Window geometry: 256 bp from 301 bp; crop starts 0..45; shifts -22..+23; fresh uniform draw per access
Evaluation: crops (0, 22, 23, 45), reverse complement=True; all samples
train: n=118,473, positive=1,173, negative=117,300
  val: n=28,886, positive=286, negative=28,600
 test: n=128,472, positive=1,272, negative=127,200
Device: cuda
Hidden activation: RELU
Parameters: 1,032,981 total; 1,032,981 trainable
Architecture: motif kernels 9/12; encoder 128/64/64; original five-block bottleneck at 64; decoder 64/128/256
  negatives seen=10.0%; hard negatives=0
Epoch 001 train: loss=0.8433 AUROC=0.8642 AUPRC=0.4587 BalAcc=0.7777 F1=0.3939 MCC=0.3622
Epoch 001 val  : loss=0.1522 AUROC=0.9593 AUPRC=0.2953 BalAcc=0.8100 F1=0.2989 MCC=0.3439
  learning_rate_used=3.000e-04; learning_rate_next=2.999e-04; elapsed=15.5s
  saved new best checkpoint: /data/projects/SFB_A03/jan/AT_TFBS/human301/runs/ZBTB8A/crossassay_archthalia_20261009_144503_1046783/GHTS_seed1/best_model.pt (objective=classification-auprc, score=0.295305)
  negatives seen=20.0%; hard negatives=0
Epoch 002 train: loss=0.5610 AUROC=0.9449 AUPRC=0.7079 BalAcc=0.8752 F1=0.5843 MCC=0.5662
Epoch 002 val  : loss=0.2526 AUROC=0.9756 AUPRC=0.3633 BalAcc=0.9309 F1=0.1802 MCC=0.2921
  learning_rate_used=2.999e-04; learning_rate_next=2.997e-04; elapsed=14.3s
  saved new best checkpoint: /data/projects/SFB_A03/jan/AT_TFBS/human301/runs/ZBTB8A/crossassay_archthalia_20261009_144503_1046783/GHTS_seed1/best_model.pt (objective=classification-auprc, score=0.363339)
  negatives seen=30.0%; hard negatives=0
Epoch 003 train: loss=0.4169 AUROC=0.9685 AUPRC=0.7995 BalAcc=0.9101 F1=0.6841 MCC=0.6676
Epoch 003 val  : loss=0.5438 AUROC=0.9843 AUPRC=0.6111 BalAcc=0.8903 F1=0.0865 MCC=0.1876
  learning_rate_used=2.997e-04; learning_rate_next=2.993e-04; elapsed=14.3s
  saved new best checkpoint: /data/projects/SFB_A03/jan/AT_TFBS/human301/runs/ZBTB8A/crossassay_archthalia_20261009_144503_1046783/GHTS_seed1/best_model.pt (objective=classification-auprc, score=0.611133)
  negatives seen=40.0%; hard negatives=0
Epoch 004 train: loss=0.3746 AUROC=0.9745 AUPRC=0.8414 BalAcc=0.9249 F1=0.7236 MCC=0.7087
Epoch 004 val  : loss=0.1174 AUROC=0.9805 AUPRC=0.4421 BalAcc=0.8593 F1=0.4970 MCC=0.5183
  learning_rate_used=2.993e-04; learning_rate_next=2.988e-04; elapsed=14.2s
  negatives seen=50.0%; hard negatives=0
Epoch 005 train: loss=0.3357 AUROC=0.9795 AUPRC=0.8516 BalAcc=0.9330 F1=0.7529 MCC=0.7384
Epoch 005 val  : loss=0.2379 AUROC=0.9881 AUPRC=0.6975 BalAcc=0.9445 F1=0.1834 MCC=0.2996
  learning_rate_used=2.988e-04; learning_rate_next=2.982e-04; elapsed=14.2s
  saved new best checkpoint: /data/projects/SFB_A03/jan/AT_TFBS/human301/runs/ZBTB8A/crossassay_archthalia_20261009_144503_1046783/GHTS_seed1/best_model.pt (objective=classification-auprc, score=0.697530)
  negatives seen=60.0%; hard negatives=0
Epoch 006 train: loss=0.2941 AUROC=0.9835 AUPRC=0.9012 BalAcc=0.9482 F1=0.8001 MCC=0.7874
Epoch 006 val  : loss=0.1034 AUROC=0.9886 AUPRC=0.7106 BalAcc=0.9527 F1=0.3666 MCC=0.4536
  learning_rate_used=2.982e-04; learning_rate_next=2.974e-04; elapsed=14.3s
  saved new best checkpoint: /data/projects/SFB_A03/jan/AT_TFBS/human301/runs/ZBTB8A/crossassay_archthalia_20261009_144503_1046783/GHTS_seed1/best_model.pt (objective=classification-auprc, score=0.710606)
  negatives seen=70.0%; hard negatives=0
Epoch 007 train: loss=0.2733 AUROC=0.9863 AUPRC=0.9014 BalAcc=0.9490 F1=0.7934 MCC=0.7812
Epoch 007 val  : loss=0.1053 AUROC=0.9902 AUPRC=0.7074 BalAcc=0.9617 F1=0.3773 MCC=0.4655
  learning_rate_used=2.974e-04; learning_rate_next=2.964e-04; elapsed=14.2s
  negatives seen=80.0%; hard negatives=0
Epoch 008 train: loss=0.2668 AUROC=0.9868 AUPRC=0.9148 BalAcc=0.9533 F1=0.8233 MCC=0.8111
Epoch 008 val  : loss=0.1285 AUROC=0.9920 AUPRC=0.7325 BalAcc=0.9619 F1=0.3172 MCC=0.4184
  learning_rate_used=2.964e-04; learning_rate_next=2.953e-04; elapsed=14.3s
  saved new best checkpoint: /data/projects/SFB_A03/jan/AT_TFBS/human301/runs/ZBTB8A/crossassay_archthalia_20261009_144503_1046783/GHTS_seed1/best_model.pt (objective=classification-auprc, score=0.732498)
  negatives seen=90.0%; hard negatives=0
Epoch 009 train: loss=0.2409 AUROC=0.9897 AUPRC=0.9162 BalAcc=0.9527 F1=0.8292 MCC=0.8168
Epoch 009 val  : loss=0.1140 AUROC=0.9894 AUPRC=0.6959 BalAcc=0.9590 F1=0.3402 MCC=0.4354
  learning_rate_used=2.953e-04; learning_rate_next=2.941e-04; elapsed=14.1s
  negatives seen=100.0%; hard negatives=0
Epoch 010 train: loss=0.2314 AUROC=0.9899 AUPRC=0.9219 BalAcc=0.9543 F1=0.8328 MCC=0.8206
Epoch 010 val  : loss=0.1282 AUROC=0.9923 AUPRC=0.7563 BalAcc=0.9661 F1=0.3091 MCC=0.4135
  learning_rate_used=2.941e-04; learning_rate_next=2.927e-04; elapsed=14.2s
  saved new best checkpoint: /data/projects/SFB_A03/jan/AT_TFBS/human301/runs/ZBTB8A/crossassay_archthalia_20261009_144503_1046783/GHTS_seed1/best_model.pt (objective=classification-auprc, score=0.756336)
  negatives seen=100.0%; hard negatives=0
Epoch 011 train: loss=0.2223 AUROC=0.9901 AUPRC=0.9191 BalAcc=0.9580 F1=0.8358 MCC=0.8244
Epoch 011 val  : loss=0.0829 AUROC=0.9919 AUPRC=0.7696 BalAcc=0.9580 F1=0.4273 MCC=0.5027
  learning_rate_used=2.927e-04; learning_rate_next=2.912e-04; elapsed=14.2s
  saved new best checkpoint: /data/projects/SFB_A03/jan/AT_TFBS/human301/runs/ZBTB8A/crossassay_archthalia_20261009_144503_1046783/GHTS_seed1/best_model.pt (objective=classification-auprc, score=0.769615)
  negatives seen=100.0%; hard negatives=0
Epoch 012 train: loss=0.2282 AUROC=0.9919 AUPRC=0.9372 BalAcc=0.9578 F1=0.8508 MCC=0.8392
Epoch 012 val  : loss=0.1248 AUROC=0.9919 AUPRC=0.7349 BalAcc=0.9611 F1=0.3260 MCC=0.4250
  learning_rate_used=2.912e-04; learning_rate_next=2.895e-04; elapsed=14.2s
  negatives seen=100.0%; hard negatives=0
Epoch 013 train: loss=0.2147 AUROC=0.9918 AUPRC=0.9290 BalAcc=0.9572 F1=0.8469 MCC=0.8352
Epoch 013 val  : loss=0.0723 AUROC=0.9895 AUPRC=0.7590 BalAcc=0.9396 F1=0.5141 MCC=0.5622
  learning_rate_used=2.895e-04; learning_rate_next=2.877e-04; elapsed=14.2s
  negatives seen=100.0%; hard negatives=0
Epoch 014 train: loss=0.2051 AUROC=0.9935 AUPRC=0.9377 BalAcc=0.9620 F1=0.8693 MCC=0.8586
Epoch 014 val  : loss=0.1052 AUROC=0.9921 AUPRC=0.7425 BalAcc=0.9567 F1=0.3533 MCC=0.4448
  learning_rate_used=2.877e-04; learning_rate_next=2.858e-04; elapsed=14.3s
  negatives seen=100.0%; hard negatives=0
Epoch 015 train: loss=0.1975 AUROC=0.9925 AUPRC=0.9388 BalAcc=0.9656 F1=0.8683 MCC=0.8582
Epoch 015 val  : loss=0.0889 AUROC=0.9919 AUPRC=0.7626 BalAcc=0.9646 F1=0.3962 MCC=0.4814
  learning_rate_used=2.858e-04; learning_rate_next=2.837e-04; elapsed=14.3s
  negatives seen=100.0%; hard negatives=0
Epoch 016 train: loss=0.1946 AUROC=0.9934 AUPRC=0.9387 BalAcc=0.9626 F1=0.8623 MCC=0.8517
Epoch 016 val  : loss=0.1444 AUROC=0.9926 AUPRC=0.7445 BalAcc=0.9612 F1=0.2676 MCC=0.3779
  learning_rate_used=2.837e-04; learning_rate_next=2.815e-04; elapsed=14.3s
  negatives seen=100.0%; hard negatives=0
Epoch 017 train: loss=0.1750 AUROC=0.9941 AUPRC=0.9513 BalAcc=0.9688 F1=0.8824 MCC=0.8730
Epoch 017 val  : loss=0.0720 AUROC=0.9887 AUPRC=0.7056 BalAcc=0.9279 F1=0.5767 MCC=0.6071
  learning_rate_used=2.815e-04; learning_rate_next=2.792e-04; elapsed=14.3s
  negatives seen=100.0%; hard negatives=0
Epoch 018 train: loss=0.1693 AUROC=0.9947 AUPRC=0.9467 BalAcc=0.9685 F1=0.8830 MCC=0.8735
Epoch 018 val  : loss=0.0872 AUROC=0.9924 AUPRC=0.7388 BalAcc=0.9624 F1=0.4150 MCC=0.4949
  learning_rate_used=2.792e-04; learning_rate_next=2.767e-04; elapsed=14.3s
  negatives seen=100.0%; hard negatives=0
Epoch 019 train: loss=0.1516 AUROC=0.9954 AUPRC=0.9560 BalAcc=0.9735 F1=0.8936 MCC=0.8852
Epoch 019 val  : loss=0.0657 AUROC=0.9931 AUPRC=0.7483 BalAcc=0.9388 F1=0.5420 MCC=0.5837
  learning_rate_used=2.767e-04; learning_rate_next=2.741e-04; elapsed=14.3s
  negatives seen=100.0%; hard negatives=0
Epoch 020 train: loss=0.1703 AUROC=0.9947 AUPRC=0.9498 BalAcc=0.9722 F1=0.8885 MCC=0.8798
Epoch 020 val  : loss=0.0701 AUROC=0.9939 AUPRC=0.7739 BalAcc=0.9642 F1=0.4918 MCC=0.5549
  learning_rate_used=2.741e-04; learning_rate_next=2.714e-04; elapsed=14.2s
  saved new best checkpoint: /data/projects/SFB_A03/jan/AT_TFBS/human301/runs/ZBTB8A/crossassay_archthalia_20261009_144503_1046783/GHTS_seed1/best_model.pt (objective=classification-auprc, score=0.773927)
  negatives seen=100.0%; hard negatives=0
Epoch 021 train: loss=0.1533 AUROC=0.9959 AUPRC=0.9614 BalAcc=0.9707 F1=0.9014 MCC=0.8928
Epoch 021 val  : loss=0.1604 AUROC=0.9912 AUPRC=0.7579 BalAcc=0.9596 F1=0.2678 MCC=0.3775
  learning_rate_used=2.714e-04; learning_rate_next=2.686e-04; elapsed=14.1s
  negatives seen=100.0%; hard negatives=0
Epoch 022 train: loss=0.1617 AUROC=0.9959 AUPRC=0.9640 BalAcc=0.9716 F1=0.9022 MCC=0.8938
Epoch 022 val  : loss=0.0771 AUROC=0.9920 AUPRC=0.7318 BalAcc=0.9561 F1=0.4584 MCC=0.5258
  learning_rate_used=2.686e-04; learning_rate_next=2.657e-04; elapsed=14.2s
  negatives seen=100.0%; hard negatives=0
Epoch 023 train: loss=0.1491 AUROC=0.9961 AUPRC=0.9598 BalAcc=0.9698 F1=0.8904 MCC=0.8813
Epoch 023 val  : loss=0.0747 AUROC=0.9927 AUPRC=0.7435 BalAcc=0.9603 F1=0.4770 MCC=0.5418
  learning_rate_used=2.657e-04; learning_rate_next=2.626e-04; elapsed=14.4s
  negatives seen=100.0%; hard negatives=0
Epoch 024 train: loss=0.1473 AUROC=0.9964 AUPRC=0.9653 BalAcc=0.9735 F1=0.9058 MCC=0.8977
Epoch 024 val  : loss=0.0658 AUROC=0.9929 AUPRC=0.7631 BalAcc=0.9378 F1=0.5676 MCC=0.6035
  learning_rate_used=2.626e-04; learning_rate_next=2.595e-04; elapsed=14.1s
  negatives seen=100.0%; hard negatives=0
Epoch 025 train: loss=0.1372 AUROC=0.9963 AUPRC=0.9551 BalAcc=0.9751 F1=0.9037 MCC=0.8957
Epoch 025 val  : loss=0.0811 AUROC=0.9927 AUPRC=0.7599 BalAcc=0.9588 F1=0.4435 MCC=0.5155
  learning_rate_used=2.595e-04; learning_rate_next=2.562e-04; elapsed=14.2s
  negatives seen=100.0%; hard negatives=0
Epoch 026 train: loss=0.1288 AUROC=0.9969 AUPRC=0.9652 BalAcc=0.9773 F1=0.9158 MCC=0.9086
Epoch 026 val  : loss=0.0716 AUROC=0.9934 AUPRC=0.7557 BalAcc=0.9545 F1=0.5043 MCC=0.5606
  learning_rate_used=2.562e-04; learning_rate_next=2.528e-04; elapsed=14.2s
  negatives seen=100.0%; hard negatives=0
Epoch 027 train: loss=0.1258 AUROC=0.9968 AUPRC=0.9703 BalAcc=0.9784 F1=0.9160 MCC=0.9089
Epoch 027 val  : loss=0.0797 AUROC=0.9916 AUPRC=0.7208 BalAcc=0.8936 F1=0.6476 MCC=0.6549
  learning_rate_used=2.528e-04; learning_rate_next=2.494e-04; elapsed=14.3s
  negatives seen=100.0%; hard negatives=0
Epoch 028 train: loss=0.1368 AUROC=0.9968 AUPRC=0.9615 BalAcc=0.9773 F1=0.9130 MCC=0.9056
Epoch 028 val  : loss=0.0710 AUROC=0.9937 AUPRC=0.7555 BalAcc=0.9040 F1=0.6563 MCC=0.6652
  learning_rate_used=2.494e-04; learning_rate_next=2.458e-04; elapsed=14.2s
  negatives seen=100.0%; hard negatives=0
Epoch 029 train: loss=0.1029 AUROC=0.9974 AUPRC=0.9690 BalAcc=0.9811 F1=0.9226 MCC=0.9161
Epoch 029 val  : loss=0.0855 AUROC=0.9883 AUPRC=0.7353 BalAcc=0.9024 F1=0.6629 MCC=0.6704
  learning_rate_used=2.458e-04; learning_rate_next=2.421e-04; elapsed=14.3s
  negatives seen=100.0%; hard negatives=0
Epoch 030 train: loss=0.1160 AUROC=0.9977 AUPRC=0.9719 BalAcc=0.9802 F1=0.9280 MCC=0.9216
Epoch 030 val  : loss=0.0990 AUROC=0.9932 AUPRC=0.7447 BalAcc=0.9613 F1=0.3704 MCC=0.4600
  learning_rate_used=2.421e-04; learning_rate_next=2.384e-04; elapsed=14.7s
  negatives seen=100.0%; hard negatives=0
Epoch 031 train: loss=0.1208 AUROC=0.9973 AUPRC=0.9697 BalAcc=0.9795 F1=0.9220 MCC=0.9153
Epoch 031 val  : loss=0.0695 AUROC=0.9915 AUPRC=0.7340 BalAcc=0.9227 F1=0.6498 MCC=0.6651
  learning_rate_used=2.384e-04; learning_rate_next=2.345e-04; elapsed=14.2s
  negatives seen=100.0%; hard negatives=0
Epoch 032 train: loss=0.1050 AUROC=0.9981 AUPRC=0.9777 BalAcc=0.9805 F1=0.9310 MCC=0.9249
Epoch 032 val  : loss=0.0719 AUROC=0.9937 AUPRC=0.7129 BalAcc=0.9503 F1=0.5293 MCC=0.5783
  learning_rate_used=2.345e-04; learning_rate_next=2.306e-04; elapsed=14.3s
  negatives seen=100.0%; hard negatives=0
Epoch 033 train: loss=0.1084 AUROC=0.9977 AUPRC=0.9733 BalAcc=0.9817 F1=0.9279 MCC=0.9216
Epoch 033 val  : loss=0.0775 AUROC=0.9941 AUPRC=0.7496 BalAcc=0.9600 F1=0.4711 MCC=0.5372
  learning_rate_used=2.306e-04; learning_rate_next=2.266e-04; elapsed=14.2s
  negatives seen=100.0%; hard negatives=0
Epoch 034 train: loss=0.0871 AUROC=0.9981 AUPRC=0.9779 BalAcc=0.9853 F1=0.9332 MCC=0.9276
Epoch 034 val  : loss=0.0697 AUROC=0.9936 AUPRC=0.7419 BalAcc=0.9055 F1=0.6446 MCC=0.6556
  learning_rate_used=2.266e-04; learning_rate_next=2.225e-04; elapsed=14.2s
  negatives seen=100.0%; hard negatives=0
Epoch 035 train: loss=0.0884 AUROC=0.9978 AUPRC=0.9721 BalAcc=0.9846 F1=0.9302 MCC=0.9243
Epoch 035 val  : loss=0.0862 AUROC=0.9908 AUPRC=0.7732 BalAcc=0.9027 F1=0.6794 MCC=0.6849
  learning_rate_used=2.225e-04; learning_rate_next=2.184e-04; elapsed=14.1s
  negatives seen=100.0%; hard negatives=0
Epoch 036 train: loss=0.1027 AUROC=0.9982 AUPRC=0.9792 BalAcc=0.9823 F1=0.9336 MCC=0.9277
Epoch 036 val  : loss=0.0756 AUROC=0.9922 AUPRC=0.7614 BalAcc=0.9194 F1=0.6541 MCC=0.6677
  learning_rate_used=2.184e-04; learning_rate_next=2.142e-04; elapsed=14.2s
  negatives seen=100.0%; hard negatives=0
Epoch 037 train: loss=0.0811 AUROC=0.9985 AUPRC=0.9802 BalAcc=0.9860 F1=0.9393 MCC=0.9341
Epoch 037 val  : loss=0.0691 AUROC=0.9933 AUPRC=0.7666 BalAcc=0.9335 F1=0.5962 MCC=0.6247
  learning_rate_used=2.142e-04; learning_rate_next=2.099e-04; elapsed=14.3s
  negatives seen=100.0%; hard negatives=0
Epoch 038 train: loss=0.0817 AUROC=0.9987 AUPRC=0.9851 BalAcc=0.9862 F1=0.9450 MCC=0.9401
Epoch 038 val  : loss=0.0707 AUROC=0.9942 AUPRC=0.7660 BalAcc=0.9580 F1=0.5047 MCC=0.5623
  learning_rate_used=2.099e-04; learning_rate_next=2.055e-04; elapsed=14.1s
  negatives seen=100.0%; hard negatives=0
Epoch 039 train: loss=0.1079 AUROC=0.9977 AUPRC=0.9763 BalAcc=0.9815 F1=0.9293 MCC=0.9231
Epoch 039 val  : loss=0.0771 AUROC=0.9910 AUPRC=0.7568 BalAcc=0.9139 F1=0.6390 MCC=0.6534
  learning_rate_used=2.055e-04; learning_rate_next=2.011e-04; elapsed=14.3s
  negatives seen=100.0%; hard negatives=0
Epoch 040 train: loss=0.0911 AUROC=0.9981 AUPRC=0.9802 BalAcc=0.9864 F1=0.9394 MCC=0.9342
Epoch 040 val  : loss=0.0695 AUROC=0.9936 AUPRC=0.7770 BalAcc=0.9622 F1=0.5300 MCC=0.5836
  learning_rate_used=2.011e-04; learning_rate_next=1.967e-04; elapsed=14.5s
  saved new best checkpoint: /data/projects/SFB_A03/jan/AT_TFBS/human301/runs/ZBTB8A/crossassay_archthalia_20261009_144503_1046783/GHTS_seed1/best_model.pt (objective=classification-auprc, score=0.776964)
  negatives seen=100.0%; hard negatives=0
Epoch 041 train: loss=0.0973 AUROC=0.9982 AUPRC=0.9812 BalAcc=0.9842 F1=0.9436 MCC=0.9385
Epoch 041 val  : loss=0.0702 AUROC=0.9927 AUPRC=0.7814 BalAcc=0.9436 F1=0.5915 MCC=0.6247
  learning_rate_used=1.967e-04; learning_rate_next=1.922e-04; elapsed=14.3s
  saved new best checkpoint: /data/projects/SFB_A03/jan/AT_TFBS/human301/runs/ZBTB8A/crossassay_archthalia_20261009_144503_1046783/GHTS_seed1/best_model.pt (objective=classification-auprc, score=0.781438)
  negatives seen=100.0%; hard negatives=0
Epoch 042 train: loss=0.0972 AUROC=0.9980 AUPRC=0.9751 BalAcc=0.9839 F1=0.9308 MCC=0.9249
Epoch 042 val  : loss=0.0727 AUROC=0.9914 AUPRC=0.7753 BalAcc=0.9425 F1=0.6154 MCC=0.6434
  learning_rate_used=1.922e-04; learning_rate_next=1.877e-04; elapsed=14.2s
  negatives seen=100.0%; hard negatives=0
Epoch 043 train: loss=0.0745 AUROC=0.9987 AUPRC=0.9847 BalAcc=0.9852 F1=0.9426 MCC=0.9375
Epoch 043 val  : loss=0.0912 AUROC=0.9903 AUPRC=0.7746 BalAcc=0.8805 F1=0.6812 MCC=0.6819
  learning_rate_used=1.877e-04; learning_rate_next=1.831e-04; elapsed=14.4s
  negatives seen=100.0%; hard negatives=0
Epoch 044 train: loss=0.0856 AUROC=0.9987 AUPRC=0.9859 BalAcc=0.9854 F1=0.9446 MCC=0.9396
Epoch 044 val  : loss=0.0713 AUROC=0.9937 AUPRC=0.7854 BalAcc=0.9266 F1=0.6712 MCC=0.6843
  learning_rate_used=1.831e-04; learning_rate_next=1.785e-04; elapsed=14.3s
  saved new best checkpoint: /data/projects/SFB_A03/jan/AT_TFBS/human301/runs/ZBTB8A/crossassay_archthalia_20261009_144503_1046783/GHTS_seed1/best_model.pt (objective=classification-auprc, score=0.785386)
  negatives seen=100.0%; hard negatives=0
Epoch 045 train: loss=0.0730 AUROC=0.9989 AUPRC=0.9867 BalAcc=0.9878 F1=0.9561 MCC=0.9520
Epoch 045 val  : loss=0.0740 AUROC=0.9931 AUPRC=0.7771 BalAcc=0.9361 F1=0.6340 MCC=0.6563
  learning_rate_used=1.785e-04; learning_rate_next=1.739e-04; elapsed=14.3s
  negatives seen=100.0%; hard negatives=0
Epoch 046 train: loss=0.0720 AUROC=0.9985 AUPRC=0.9819 BalAcc=0.9885 F1=0.9522 MCC=0.9479
Epoch 046 val  : loss=0.0787 AUROC=0.9922 AUPRC=0.7461 BalAcc=0.9228 F1=0.6568 MCC=0.6710
  learning_rate_used=1.739e-04; learning_rate_next=1.692e-04; elapsed=14.1s
  negatives seen=100.0%; hard negatives=0
Epoch 047 train: loss=0.0719 AUROC=0.9988 AUPRC=0.9856 BalAcc=0.9880 F1=0.9510 MCC=0.9466
Epoch 047 val  : loss=0.0879 AUROC=0.9897 AUPRC=0.7769 BalAcc=0.9127 F1=0.6657 MCC=0.6757
  learning_rate_used=1.692e-04; learning_rate_next=1.646e-04; elapsed=14.1s
  negatives seen=100.0%; hard negatives=0
Epoch 048 train: loss=0.0817 AUROC=0.9986 AUPRC=0.9837 BalAcc=0.9861 F1=0.9469 MCC=0.9421
Epoch 048 val  : loss=0.0805 AUROC=0.9913 AUPRC=0.7651 BalAcc=0.9175 F1=0.6470 MCC=0.6611
  learning_rate_used=1.646e-04; learning_rate_next=1.599e-04; elapsed=14.3s
  negatives seen=100.0%; hard negatives=0
Epoch 049 train: loss=0.0596 AUROC=0.9987 AUPRC=0.9835 BalAcc=0.9904 F1=0.9555 MCC=0.9516
Epoch 049 val  : loss=0.0837 AUROC=0.9904 AUPRC=0.7501 BalAcc=0.9207 F1=0.6353 MCC=0.6524
  learning_rate_used=1.599e-04; learning_rate_next=1.552e-04; elapsed=14.2s
  negatives seen=100.0%; hard negatives=0
Epoch 050 train: loss=0.0675 AUROC=0.9993 AUPRC=0.9936 BalAcc=0.9907 F1=0.9654 MCC=0.9621
Epoch 050 val  : loss=0.0731 AUROC=0.9934 AUPRC=0.7881 BalAcc=0.9506 F1=0.5396 MCC=0.5865
  learning_rate_used=1.552e-04; learning_rate_next=1.505e-04; elapsed=14.3s
  saved new best checkpoint: /data/projects/SFB_A03/jan/AT_TFBS/human301/runs/ZBTB8A/crossassay_archthalia_20261009_144503_1046783/GHTS_seed1/best_model.pt (objective=classification-auprc, score=0.788122)
  negatives seen=100.0%; hard negatives=0
Epoch 051 train: loss=0.0580 AUROC=0.9992 AUPRC=0.9916 BalAcc=0.9911 F1=0.9619 MCC=0.9584
Epoch 051 val  : loss=0.1006 AUROC=0.9915 AUPRC=0.7755 BalAcc=0.8976 F1=0.6826 MCC=0.6866
  learning_rate_used=1.505e-04; learning_rate_next=1.458e-04; elapsed=14.2s
  negatives seen=100.0%; hard negatives=0
Epoch 052 train: loss=0.0823 AUROC=0.9990 AUPRC=0.9886 BalAcc=0.9877 F1=0.9620 MCC=0.9583
Epoch 052 val  : loss=0.0732 AUROC=0.9938 AUPRC=0.7844 BalAcc=0.9539 F1=0.5360 MCC=0.5850
  learning_rate_used=1.458e-04; learning_rate_next=1.411e-04; elapsed=14.3s
  negatives seen=100.0%; hard negatives=0
Epoch 053 train: loss=0.0656 AUROC=0.9990 AUPRC=0.9871 BalAcc=0.9890 F1=0.9597 MCC=0.9559
Epoch 053 val  : loss=0.0831 AUROC=0.9914 AUPRC=0.7811 BalAcc=0.9242 F1=0.6397 MCC=0.6571
  learning_rate_used=1.411e-04; learning_rate_next=1.364e-04; elapsed=14.3s
  negatives seen=100.0%; hard negatives=0
Epoch 054 train: loss=0.0534 AUROC=0.9993 AUPRC=0.9914 BalAcc=0.9913 F1=0.9639 MCC=0.9605
Epoch 054 val  : loss=0.0773 AUROC=0.9930 AUPRC=0.7774 BalAcc=0.9321 F1=0.6098 MCC=0.6352
  learning_rate_used=1.364e-04; learning_rate_next=1.318e-04; elapsed=14.2s
  negatives seen=100.0%; hard negatives=0
Epoch 055 train: loss=0.0424 AUROC=0.9994 AUPRC=0.9917 BalAcc=0.9938 F1=0.9692 MCC=0.9664
Epoch 055 val  : loss=0.1131 AUROC=0.9912 AUPRC=0.7534 BalAcc=0.8786 F1=0.6728 MCC=0.6739
  learning_rate_used=1.318e-04; learning_rate_next=1.271e-04; elapsed=14.3s
  negatives seen=100.0%; hard negatives=0
Epoch 056 train: loss=0.0599 AUROC=0.9993 AUPRC=0.9902 BalAcc=0.9894 F1=0.9641 MCC=0.9607
Epoch 056 val  : loss=0.0754 AUROC=0.9913 AUPRC=0.7773 BalAcc=0.9228 F1=0.6524 MCC=0.6673
  learning_rate_used=1.271e-04; learning_rate_next=1.225e-04; elapsed=14.2s
  negatives seen=100.0%; hard negatives=0
Epoch 057 train: loss=0.0613 AUROC=0.9992 AUPRC=0.9906 BalAcc=0.9896 F1=0.9621 MCC=0.9586
Epoch 057 val  : loss=0.0988 AUROC=0.9907 AUPRC=0.7591 BalAcc=0.8906 F1=0.6726 MCC=0.6762
  learning_rate_used=1.225e-04; learning_rate_next=1.179e-04; elapsed=14.3s
  negatives seen=100.0%; hard negatives=0
Epoch 058 train: loss=0.0507 AUROC=0.9994 AUPRC=0.9924 BalAcc=0.9917 F1=0.9675 MCC=0.9644
Epoch 058 val  : loss=0.1137 AUROC=0.9914 AUPRC=0.7499 BalAcc=0.8669 F1=0.6895 MCC=0.6877
  learning_rate_used=1.179e-04; learning_rate_next=1.133e-04; elapsed=14.3s
  negatives seen=100.0%; hard negatives=0
Epoch 059 train: loss=0.0599 AUROC=0.9993 AUPRC=0.9921 BalAcc=0.9914 F1=0.9687 MCC=0.9657
Epoch 059 val  : loss=0.0968 AUROC=0.9919 AUPRC=0.7541 BalAcc=0.9024 F1=0.6648 MCC=0.6721
  learning_rate_used=1.133e-04; learning_rate_next=1.088e-04; elapsed=14.3s
  negatives seen=100.0%; hard negatives=0
Epoch 060 train: loss=0.0431 AUROC=0.9992 AUPRC=0.9889 BalAcc=0.9937 F1=0.9648 MCC=0.9617
Epoch 060 val  : loss=0.0945 AUROC=0.9917 AUPRC=0.7256 BalAcc=0.9160 F1=0.6566 MCC=0.6689
  learning_rate_used=1.088e-04; learning_rate_next=1.043e-04; elapsed=14.2s
  negatives seen=100.0%; hard negatives=0
Epoch 061 train: loss=0.0443 AUROC=0.9994 AUPRC=0.9924 BalAcc=0.9923 F1=0.9659 MCC=0.9628
Epoch 061 val  : loss=0.0991 AUROC=0.9913 AUPRC=0.7576 BalAcc=0.9008 F1=0.6705 MCC=0.6767
  learning_rate_used=1.043e-04; learning_rate_next=9.986e-05; elapsed=14.4s
  negatives seen=100.0%; hard negatives=0
Epoch 062 train: loss=0.0416 AUROC=0.9994 AUPRC=0.9936 BalAcc=0.9947 F1=0.9741 MCC=0.9717
Epoch 062 val  : loss=0.0957 AUROC=0.9925 AUPRC=0.7577 BalAcc=0.9039 F1=0.6499 MCC=0.6597
  learning_rate_used=9.986e-05; learning_rate_next=9.547e-05; elapsed=14.2s
  negatives seen=100.0%; hard negatives=0
Epoch 063 train: loss=0.0433 AUROC=0.9994 AUPRC=0.9936 BalAcc=0.9907 F1=0.9686 MCC=0.9656
Epoch 063 val  : loss=0.1263 AUROC=0.9848 AUPRC=0.7589 BalAcc=0.8633 F1=0.6819 MCC=0.6801
  learning_rate_used=9.547e-05; learning_rate_next=9.113e-05; elapsed=14.3s
  negatives seen=100.0%; hard negatives=0
Epoch 064 train: loss=0.0387 AUROC=0.9995 AUPRC=0.9943 BalAcc=0.9936 F1=0.9716 MCC=0.9690
Epoch 064 val  : loss=0.1394 AUROC=0.9840 AUPRC=0.7434 BalAcc=0.8529 F1=0.6733 MCC=0.6708
  learning_rate_used=9.113e-05; learning_rate_next=8.685e-05; elapsed=14.3s
  negatives seen=100.0%; hard negatives=0
Epoch 065 train: loss=0.0253 AUROC=0.9996 AUPRC=0.9951 BalAcc=0.9964 F1=0.9795 MCC=0.9776
Epoch 065 val  : loss=0.1251 AUROC=0.9887 AUPRC=0.7442 BalAcc=0.8772 F1=0.6922 MCC=0.6916
  learning_rate_used=8.685e-05; learning_rate_next=8.263e-05; elapsed=14.3s
  negatives seen=100.0%; hard negatives=0
Epoch 066 train: loss=0.0507 AUROC=0.9993 AUPRC=0.9910 BalAcc=0.9927 F1=0.9736 MCC=0.9711
Epoch 066 val  : loss=0.1330 AUROC=0.9876 AUPRC=0.7290 BalAcc=0.8597 F1=0.6667 MCC=0.6652
  learning_rate_used=8.263e-05; learning_rate_next=7.848e-05; elapsed=14.5s
  negatives seen=100.0%; hard negatives=0
Epoch 067 train: loss=0.0358 AUROC=0.9995 AUPRC=0.9944 BalAcc=0.9948 F1=0.9749 MCC=0.9726
Epoch 067 val  : loss=0.1098 AUROC=0.9910 AUPRC=0.7514 BalAcc=0.8941 F1=0.6776 MCC=0.6814
  learning_rate_used=7.848e-05; learning_rate_next=7.440e-05; elapsed=14.0s
  negatives seen=100.0%; hard negatives=0
Epoch 068 train: loss=0.0291 AUROC=0.9996 AUPRC=0.9955 BalAcc=0.9962 F1=0.9819 MCC=0.9802
Epoch 068 val  : loss=0.1191 AUROC=0.9886 AUPRC=0.7671 BalAcc=0.8872 F1=0.6747 MCC=0.6773
  learning_rate_used=7.440e-05; learning_rate_next=7.039e-05; elapsed=14.2s
  negatives seen=100.0%; hard negatives=0
Epoch 069 train: loss=0.0190 AUROC=0.9998 AUPRC=0.9971 BalAcc=0.9969 F1=0.9844 MCC=0.9829
Epoch 069 val  : loss=0.0938 AUROC=0.9919 AUPRC=0.7683 BalAcc=0.9263 F1=0.6569 MCC=0.6721
  learning_rate_used=7.039e-05; learning_rate_next=6.647e-05; elapsed=14.3s
  negatives seen=100.0%; hard negatives=0
Epoch 070 train: loss=0.0260 AUROC=0.9996 AUPRC=0.9932 BalAcc=0.9963 F1=0.9787 MCC=0.9767
Epoch 070 val  : loss=0.0998 AUROC=0.9905 AUPRC=0.7636 BalAcc=0.9077 F1=0.6705 MCC=0.6784
  learning_rate_used=6.647e-05; learning_rate_next=6.263e-05; elapsed=14.3s
Early stopping after 70 epochs.
Binary threshold: 0.953563 (strategy=val-mcc, validation_score=0.740272)
Validation-only run completed; frozen model: /data/projects/SFB_A03/jan/AT_TFBS/human301/runs/ZBTB8A/crossassay_archthalia_20261009_144503_1046783/GHTS_seed1/model_for_prediction.pt
ZBTB8A: GHTS -> GHTS
TEST ZBTB8A GHTS -> GHTS: loss=0.0778 AUROC=0.9906 AUPRC=0.8057 BalAcc=0.8809 F1=0.7366 MCC=0.7343
ZBTB8A: GHTS -> CHIP
TEST ZBTB8A GHTS -> CHIP: loss=0.8276 AUROC=0.7167 AUPRC=0.0801 BalAcc=0.5247 F1=0.0870 MCC=0.1229
Completed ZBTB8A/GHTS: one model, both fixed test sets.
