ELF3/CHIP: reusing /data/projects/SFB_A03/jan/AT_TFBS/raw_data/human/ELF3/hum301_multitf_chr5_chr7/dataset.npz
{
  "train": {
    "positive": 31860,
    "negative": 3186000,
    "total": 3217860,
    "chromosomes": [
      "chr1",
      "chr11",
      "chr13",
      "chr15",
      "chr17",
      "chr19",
      "chr21",
      "chr3",
      "chr9"
    ],
    "sequences_with_N": 0,
    "max_N_fraction": 0.0,
    "mean_GC_fraction_ACGT_only": {
      "positive": 0.4783118835937125,
      "negative": 0.4468054674416519
    }
  },
  "validation": {
    "positive": 9263,
    "negative": 926300,
    "total": 935563,
    "chromosomes": [
      "chr5",
      "chr7"
    ],
    "sequences_with_N": 1,
    "max_N_fraction": 0.39867109634551495,
    "mean_GC_fraction_ACGT_only": {
      "positive": 0.452851239982456,
      "negative": 0.43368110114078695
    }
  },
  "test": {
    "positive": 37515,
    "negative": 3751500,
    "total": 3789015,
    "chromosomes": [
      "chr10",
      "chr12",
      "chr14",
      "chr16",
      "chr18",
      "chr2",
      "chr20",
      "chr22",
      "chr4",
      "chr6",
      "chr8"
    ],
    "sequences_with_N": 1,
    "max_N_fraction": 0.0033222591362126247,
    "mean_GC_fraction_ACGT_only": {
      "positive": 0.46277104307778544,
      "negative": 0.4393956012279473
    }
  }
}
ELF3/GHTS: packing existing FASTAs into /data/projects/SFB_A03/jan/AT_TFBS/raw_data/human/ELF3/GHTS/dataset.npz; no genome extraction
Loaded train_positive: 20,113
Loaded train_negative: 2,011,300
Loaded test_positive: 18,174
Loaded test_negative: 1,817,400
{
  "train": {
    "positive": 15765,
    "negative": 1576500,
    "total": 1592265,
    "chromosomes": [
      "chr1",
      "chr11",
      "chr13",
      "chr15",
      "chr17",
      "chr19",
      "chr21",
      "chr3",
      "chr9"
    ],
    "sequences_with_N": 1,
    "max_N_fraction": 0.03322259136212625,
    "mean_GC_fraction_ACGT_only": {
      "positive": 0.4732093369848373,
      "negative": 0.4730417121067
    }
  },
  "validation": {
    "positive": 4348,
    "negative": 434800,
    "total": 439148,
    "chromosomes": [
      "chr5",
      "chr7"
    ],
    "sequences_with_N": 1,
    "max_N_fraction": 0.3754152823920266,
    "mean_GC_fraction_ACGT_only": {
      "positive": 0.4587490316390737,
      "negative": 0.4587153294599113
    }
  },
  "test": {
    "positive": 18174,
    "negative": 1817400,
    "total": 1835574,
    "chromosomes": [
      "chr10",
      "chr12",
      "chr14",
      "chr16",
      "chr18",
      "chr2",
      "chr20",
      "chr22",
      "chr4",
      "chr6",
      "chr8"
    ],
    "sequences_with_N": 0,
    "max_N_fraction": 0.0,
    "mean_GC_fraction_ACGT_only": {
      "positive": 0.46467974584553084,
      "negative": 0.4646341749211297
    }
  }
}
Sequence audit: {
  "train": {
    "duplicates_or_RC_duplicates_within_split": 61,
    "identical_or_RC_identical_sequences_with_both_labels": 0
  },
  "validation": {
    "duplicates_or_RC_duplicates_within_split": 8,
    "identical_or_RC_identical_sequences_with_both_labels": 0
  },
  "test": {
    "duplicates_or_RC_duplicates_within_split": 25,
    "identical_or_RC_identical_sequences_with_both_labels": 0
  },
  "train_validation_shared_sequences_or_RC": 15,
  "train_test_shared_sequences_or_RC": 20,
  "validation_test_shared_sequences_or_RC": 11
}
Saved: /data/projects/SFB_A03/jan/AT_TFBS/raw_data/human/ELF3/GHTS/dataset.npz
ELF3: caches ready for CHIP and GHTS; cross-test chromosomes are held out.
