TF=ZNF696 train=CHIP seed=1 model=hum301_motif64_local.py
/home/jbossenz/miniforge3/envs/at_env/bin/python -u /data/projects/SFB_A03/jan/AT_TFBS/human301/hum301_motif64_local.py train --cache /data/projects/SFB_A03/jan/AT_TFBS/raw_data/human/ArchThalia-ML/ZNF696/CHIP/dataset.npz --output-dir /data/projects/SFB_A03/jan/AT_TFBS/human301/runs/ZNF696/crossassay_archthalia_20261009_144503_1046783/CHIP_seed1 --input-length 256 --embed-channels 64 --encoder-channels 80 96 128 --heads 4 --ffn-channels 256 --classification-readout local-logsumexp --task-mode classification --checkpoint-objective classification-auprc --threshold-strategy val-mcc --negatives-per-positive 10 --batch-size 88 --hard-negative-fraction 0 --epochs 100 --patience 20 --learning-rate 0.0003 --min-learning-rate 0.000001 --weight-decay 0.0001 --dropout 0.1 --activation relu --reverse-complement-probability 0.5 --eval-crops multi --eval-rc --no-balanced-evaluation --eval-batch-size 128 --num-workers 2 --seed 1 --device cuda --skip-test
Window geometry: 256 bp from 301 bp; crop starts 0..45; shifts -22..+23; fresh uniform draw per access
Evaluation: crops (0, 22, 23, 45), reverse complement=True; all samples
train: n=21,210, positive=210, negative=21,000
  val: n=4,949, positive=49, negative=4,900
 test: n=18,281, positive=181, negative=18,100
Device: cuda
Hidden activation: RELU
Parameters: 1,032,981 total; 1,032,981 trainable
Architecture: motif kernels 9/12; encoder 128/64/64; original five-block bottleneck at 64; decoder 64/128/256
  negatives seen=10.0%; hard negatives=0
Epoch 001 train: loss=1.3057 AUROC=0.6110 AUPRC=0.1684 BalAcc=0.5860 F1=0.2058 MCC=0.1006
Epoch 001 val  : loss=0.4501 AUROC=0.8759 AUPRC=0.4168 BalAcc=0.7219 F1=0.2335 MCC=0.2580
  learning_rate_used=3.000e-04; learning_rate_next=2.999e-04; elapsed=4.0s
  saved new best checkpoint: /data/projects/SFB_A03/jan/AT_TFBS/human301/runs/ZNF696/crossassay_archthalia_20261009_144503_1046783/CHIP_seed1/best_model.pt (objective=classification-auprc, score=0.416796)
  negatives seen=20.0%; hard negatives=0
Epoch 002 train: loss=0.9172 AUROC=0.8218 AUPRC=0.5541 BalAcc=0.7460 F1=0.3729 MCC=0.3274
Epoch 002 val  : loss=0.2881 AUROC=0.8871 AUPRC=0.2852 BalAcc=0.7232 F1=0.1292 MCC=0.1752
  learning_rate_used=2.999e-04; learning_rate_next=2.997e-04; elapsed=2.7s
  negatives seen=30.0%; hard negatives=0
Epoch 003 train: loss=0.7860 AUROC=0.8869 AUPRC=0.5676 BalAcc=0.8140 F1=0.4674 MCC=0.4397
Epoch 003 val  : loss=0.2319 AUROC=0.9035 AUPRC=0.4132 BalAcc=0.7374 F1=0.3288 MCC=0.3392
  learning_rate_used=2.997e-04; learning_rate_next=2.993e-04; elapsed=2.7s
  negatives seen=40.0%; hard negatives=0
Epoch 004 train: loss=0.6903 AUROC=0.9098 AUPRC=0.6731 BalAcc=0.8179 F1=0.4932 MCC=0.4626
Epoch 004 val  : loss=0.1879 AUROC=0.9180 AUPRC=0.4304 BalAcc=0.7569 F1=0.3312 MCC=0.3482
  learning_rate_used=2.993e-04; learning_rate_next=2.988e-04; elapsed=2.7s
  saved new best checkpoint: /data/projects/SFB_A03/jan/AT_TFBS/human301/runs/ZNF696/crossassay_archthalia_20261009_144503_1046783/CHIP_seed1/best_model.pt (objective=classification-auprc, score=0.430378)
  negatives seen=50.0%; hard negatives=0
Epoch 005 train: loss=0.6619 AUROC=0.9238 AUPRC=0.6877 BalAcc=0.8307 F1=0.5131 MCC=0.4855
Epoch 005 val  : loss=0.9126 AUROC=0.8791 AUPRC=0.2431 BalAcc=0.7484 F1=0.0398 MCC=0.0986
  learning_rate_used=2.988e-04; learning_rate_next=2.982e-04; elapsed=2.7s
  negatives seen=60.0%; hard negatives=0
Epoch 006 train: loss=0.6153 AUROC=0.9335 AUPRC=0.7280 BalAcc=0.8600 F1=0.5757 MCC=0.5520
Epoch 006 val  : loss=0.3544 AUROC=0.9023 AUPRC=0.2369 BalAcc=0.8259 F1=0.1097 MCC=0.1918
  learning_rate_used=2.982e-04; learning_rate_next=2.974e-04; elapsed=2.7s
  negatives seen=70.0%; hard negatives=0
Epoch 007 train: loss=0.5761 AUROC=0.9407 AUPRC=0.7587 BalAcc=0.8610 F1=0.5654 MCC=0.5437
Epoch 007 val  : loss=0.3705 AUROC=0.9027 AUPRC=0.2440 BalAcc=0.8467 F1=0.1035 MCC=0.1922
  learning_rate_used=2.974e-04; learning_rate_next=2.964e-04; elapsed=2.7s
  negatives seen=80.0%; hard negatives=0
Epoch 008 train: loss=0.4722 AUROC=0.9597 AUPRC=0.7934 BalAcc=0.8724 F1=0.6048 MCC=0.5825
Epoch 008 val  : loss=0.2241 AUROC=0.9233 AUPRC=0.3461 BalAcc=0.7974 F1=0.1413 MCC=0.2118
  learning_rate_used=2.964e-04; learning_rate_next=2.953e-04; elapsed=2.6s
  negatives seen=90.0%; hard negatives=0
Epoch 009 train: loss=0.4998 AUROC=0.9611 AUPRC=0.8274 BalAcc=0.8910 F1=0.6569 MCC=0.6360
Epoch 009 val  : loss=0.6325 AUROC=0.9219 AUPRC=0.4016 BalAcc=0.8114 F1=0.0611 MCC=0.1372
  learning_rate_used=2.953e-04; learning_rate_next=2.941e-04; elapsed=2.7s
  negatives seen=100.0%; hard negatives=0
Epoch 010 train: loss=0.5141 AUROC=0.9559 AUPRC=0.8080 BalAcc=0.8838 F1=0.6403 MCC=0.6184
Epoch 010 val  : loss=0.2881 AUROC=0.9219 AUPRC=0.4488 BalAcc=0.8428 F1=0.1439 MCC=0.2296
  learning_rate_used=2.941e-04; learning_rate_next=2.927e-04; elapsed=2.7s
  saved new best checkpoint: /data/projects/SFB_A03/jan/AT_TFBS/human301/runs/ZNF696/crossassay_archthalia_20261009_144503_1046783/CHIP_seed1/best_model.pt (objective=classification-auprc, score=0.448779)
  negatives seen=100.0%; hard negatives=0
Epoch 011 train: loss=0.3703 AUROC=0.9754 AUPRC=0.8740 BalAcc=0.9071 F1=0.6715 MCC=0.6552
Epoch 011 val  : loss=0.2528 AUROC=0.9170 AUPRC=0.2932 BalAcc=0.8083 F1=0.1243 MCC=0.2001
  learning_rate_used=2.927e-04; learning_rate_next=2.912e-04; elapsed=2.6s
  negatives seen=100.0%; hard negatives=0
Epoch 012 train: loss=0.4790 AUROC=0.9634 AUPRC=0.8511 BalAcc=0.9121 F1=0.6978 MCC=0.6806
Epoch 012 val  : loss=0.1695 AUROC=0.9320 AUPRC=0.4994 BalAcc=0.7944 F1=0.3093 MCC=0.3457
  learning_rate_used=2.912e-04; learning_rate_next=2.895e-04; elapsed=2.7s
  saved new best checkpoint: /data/projects/SFB_A03/jan/AT_TFBS/human301/runs/ZNF696/crossassay_archthalia_20261009_144503_1046783/CHIP_seed1/best_model.pt (objective=classification-auprc, score=0.499432)
  negatives seen=100.0%; hard negatives=0
Epoch 013 train: loss=0.3529 AUROC=0.9786 AUPRC=0.8767 BalAcc=0.9171 F1=0.6934 MCC=0.6786
Epoch 013 val  : loss=0.3121 AUROC=0.9411 AUPRC=0.5551 BalAcc=0.8355 F1=0.1114 MCC=0.1966
  learning_rate_used=2.895e-04; learning_rate_next=2.877e-04; elapsed=2.7s
  saved new best checkpoint: /data/projects/SFB_A03/jan/AT_TFBS/human301/runs/ZNF696/crossassay_archthalia_20261009_144503_1046783/CHIP_seed1/best_model.pt (objective=classification-auprc, score=0.555078)
  negatives seen=100.0%; hard negatives=0
Epoch 014 train: loss=0.3251 AUROC=0.9814 AUPRC=0.9000 BalAcc=0.9331 F1=0.7510 MCC=0.7366
Epoch 014 val  : loss=0.1553 AUROC=0.9489 AUPRC=0.5653 BalAcc=0.8147 F1=0.3249 MCC=0.3659
  learning_rate_used=2.877e-04; learning_rate_next=2.858e-04; elapsed=2.7s
  saved new best checkpoint: /data/projects/SFB_A03/jan/AT_TFBS/human301/runs/ZNF696/crossassay_archthalia_20261009_144503_1046783/CHIP_seed1/best_model.pt (objective=classification-auprc, score=0.565316)
  negatives seen=100.0%; hard negatives=0
Epoch 015 train: loss=0.3260 AUROC=0.9826 AUPRC=0.9211 BalAcc=0.9464 F1=0.8125 MCC=0.7989
Epoch 015 val  : loss=0.4470 AUROC=0.9368 AUPRC=0.5855 BalAcc=0.8402 F1=0.0813 MCC=0.1672
  learning_rate_used=2.858e-04; learning_rate_next=2.837e-04; elapsed=2.7s
  saved new best checkpoint: /data/projects/SFB_A03/jan/AT_TFBS/human301/runs/ZNF696/crossassay_archthalia_20261009_144503_1046783/CHIP_seed1/best_model.pt (objective=classification-auprc, score=0.585450)
  negatives seen=100.0%; hard negatives=0
Epoch 016 train: loss=0.2680 AUROC=0.9876 AUPRC=0.9242 BalAcc=0.9383 F1=0.7714 MCC=0.7573
Epoch 016 val  : loss=0.1763 AUROC=0.9488 AUPRC=0.5784 BalAcc=0.8331 F1=0.2188 MCC=0.2899
  learning_rate_used=2.837e-04; learning_rate_next=2.815e-04; elapsed=2.7s
  negatives seen=100.0%; hard negatives=0
Epoch 017 train: loss=0.2908 AUROC=0.9864 AUPRC=0.9190 BalAcc=0.9336 F1=0.7665 MCC=0.7513
Epoch 017 val  : loss=0.4808 AUROC=0.8465 AUPRC=0.6190 BalAcc=0.7927 F1=0.0746 MCC=0.1460
  learning_rate_used=2.815e-04; learning_rate_next=2.792e-04; elapsed=2.7s
  saved new best checkpoint: /data/projects/SFB_A03/jan/AT_TFBS/human301/runs/ZNF696/crossassay_archthalia_20261009_144503_1046783/CHIP_seed1/best_model.pt (objective=classification-auprc, score=0.619012)
  negatives seen=100.0%; hard negatives=0
Epoch 018 train: loss=0.3281 AUROC=0.9819 AUPRC=0.9009 BalAcc=0.9274 F1=0.7403 MCC=0.7249
Epoch 018 val  : loss=0.1347 AUROC=0.9570 AUPRC=0.6446 BalAcc=0.8230 F1=0.5517 MCC=0.5534
  learning_rate_used=2.792e-04; learning_rate_next=2.767e-04; elapsed=2.7s
  saved new best checkpoint: /data/projects/SFB_A03/jan/AT_TFBS/human301/runs/ZNF696/crossassay_archthalia_20261009_144503_1046783/CHIP_seed1/best_model.pt (objective=classification-auprc, score=0.644592)
  negatives seen=100.0%; hard negatives=0
Epoch 019 train: loss=0.2771 AUROC=0.9877 AUPRC=0.9324 BalAcc=0.9493 F1=0.8041 MCC=0.7915
Epoch 019 val  : loss=0.1482 AUROC=0.9407 AUPRC=0.6739 BalAcc=0.8495 F1=0.4403 MCC=0.4694
  learning_rate_used=2.767e-04; learning_rate_next=2.741e-04; elapsed=2.6s
  saved new best checkpoint: /data/projects/SFB_A03/jan/AT_TFBS/human301/runs/ZNF696/crossassay_archthalia_20261009_144503_1046783/CHIP_seed1/best_model.pt (objective=classification-auprc, score=0.673908)
  negatives seen=100.0%; hard negatives=0
Epoch 020 train: loss=0.2317 AUROC=0.9924 AUPRC=0.9408 BalAcc=0.9476 F1=0.8211 MCC=0.8076
Epoch 020 val  : loss=0.1618 AUROC=0.9420 AUPRC=0.5981 BalAcc=0.8194 F1=0.4238 MCC=0.4452
  learning_rate_used=2.741e-04; learning_rate_next=2.714e-04; elapsed=2.7s
  negatives seen=100.0%; hard negatives=0
Epoch 021 train: loss=0.2479 AUROC=0.9913 AUPRC=0.9436 BalAcc=0.9440 F1=0.8248 MCC=0.8106
Epoch 021 val  : loss=0.1695 AUROC=0.9431 AUPRC=0.6623 BalAcc=0.8531 F1=0.3200 MCC=0.3775
  learning_rate_used=2.714e-04; learning_rate_next=2.686e-04; elapsed=2.7s
  negatives seen=100.0%; hard negatives=0
Epoch 022 train: loss=0.1343 AUROC=0.9966 AUPRC=0.9710 BalAcc=0.9698 F1=0.8638 MCC=0.8546
Epoch 022 val  : loss=0.1710 AUROC=0.9512 AUPRC=0.6432 BalAcc=0.7943 F1=0.6170 MCC=0.6139
  learning_rate_used=2.686e-04; learning_rate_next=2.657e-04; elapsed=2.7s
  negatives seen=100.0%; hard negatives=0
Epoch 023 train: loss=0.3462 AUROC=0.9872 AUPRC=0.9287 BalAcc=0.9376 F1=0.8225 MCC=0.8071
Epoch 023 val  : loss=0.2650 AUROC=0.8885 AUPRC=0.6697 BalAcc=0.7959 F1=0.7436 MCC=0.7677
  learning_rate_used=2.657e-04; learning_rate_next=2.626e-04; elapsed=2.7s
  negatives seen=100.0%; hard negatives=0
Epoch 024 train: loss=0.2104 AUROC=0.9930 AUPRC=0.9446 BalAcc=0.9533 F1=0.8330 MCC=0.8206
Epoch 024 val  : loss=0.1524 AUROC=0.9314 AUPRC=0.6746 BalAcc=0.8311 F1=0.4818 MCC=0.4961
  learning_rate_used=2.626e-04; learning_rate_next=2.595e-04; elapsed=2.8s
  saved new best checkpoint: /data/projects/SFB_A03/jan/AT_TFBS/human301/runs/ZNF696/crossassay_archthalia_20261009_144503_1046783/CHIP_seed1/best_model.pt (objective=classification-auprc, score=0.674591)
  negatives seen=100.0%; hard negatives=0
Epoch 025 train: loss=0.2447 AUROC=0.9913 AUPRC=0.9491 BalAcc=0.9483 F1=0.8263 MCC=0.8129
Epoch 025 val  : loss=0.1337 AUROC=0.9534 AUPRC=0.6971 BalAcc=0.8141 F1=0.6078 MCC=0.6042
  learning_rate_used=2.595e-04; learning_rate_next=2.562e-04; elapsed=2.6s
  saved new best checkpoint: /data/projects/SFB_A03/jan/AT_TFBS/human301/runs/ZNF696/crossassay_archthalia_20261009_144503_1046783/CHIP_seed1/best_model.pt (objective=classification-auprc, score=0.697080)
  negatives seen=100.0%; hard negatives=0
Epoch 026 train: loss=0.1646 AUROC=0.9967 AUPRC=0.9760 BalAcc=0.9681 F1=0.9009 MCC=0.8920
Epoch 026 val  : loss=0.1445 AUROC=0.9490 AUPRC=0.6536 BalAcc=0.8433 F1=0.5714 MCC=0.5756
  learning_rate_used=2.562e-04; learning_rate_next=2.528e-04; elapsed=2.7s
  negatives seen=100.0%; hard negatives=0
Epoch 027 train: loss=0.1647 AUROC=0.9961 AUPRC=0.9785 BalAcc=0.9679 F1=0.9171 MCC=0.9090
Epoch 027 val  : loss=0.1469 AUROC=0.9650 AUPRC=0.6932 BalAcc=0.8498 F1=0.2802 MCC=0.3452
  learning_rate_used=2.528e-04; learning_rate_next=2.494e-04; elapsed=2.7s
  negatives seen=100.0%; hard negatives=0
Epoch 028 train: loss=0.2191 AUROC=0.9954 AUPRC=0.9663 BalAcc=0.9581 F1=0.8869 MCC=0.8763
Epoch 028 val  : loss=0.1687 AUROC=0.9385 AUPRC=0.6406 BalAcc=0.8335 F1=0.5789 MCC=0.5800
  learning_rate_used=2.494e-04; learning_rate_next=2.458e-04; elapsed=2.7s
  negatives seen=100.0%; hard negatives=0
Epoch 029 train: loss=0.1453 AUROC=0.9964 AUPRC=0.9660 BalAcc=0.9733 F1=0.8923 MCC=0.8838
Epoch 029 val  : loss=0.2123 AUROC=0.9444 AUPRC=0.6285 BalAcc=0.7838 F1=0.5833 MCC=0.5794
  learning_rate_used=2.458e-04; learning_rate_next=2.421e-04; elapsed=2.6s
  negatives seen=100.0%; hard negatives=0
Epoch 030 train: loss=0.1674 AUROC=0.9965 AUPRC=0.9719 BalAcc=0.9681 F1=0.9009 MCC=0.8920
Epoch 030 val  : loss=0.1561 AUROC=0.9431 AUPRC=0.6881 BalAcc=0.8427 F1=0.5440 MCC=0.5518
  learning_rate_used=2.421e-04; learning_rate_next=2.384e-04; elapsed=2.7s
  negatives seen=100.0%; hard negatives=0
Epoch 031 train: loss=0.1849 AUROC=0.9958 AUPRC=0.9627 BalAcc=0.9571 F1=0.8789 MCC=0.8678
Epoch 031 val  : loss=0.1479 AUROC=0.9575 AUPRC=0.7043 BalAcc=0.8436 F1=0.5862 MCC=0.5887
  learning_rate_used=2.384e-04; learning_rate_next=2.345e-04; elapsed=2.7s
  saved new best checkpoint: /data/projects/SFB_A03/jan/AT_TFBS/human301/runs/ZNF696/crossassay_archthalia_20261009_144503_1046783/CHIP_seed1/best_model.pt (objective=classification-auprc, score=0.704257)
  negatives seen=100.0%; hard negatives=0
Epoch 032 train: loss=0.1297 AUROC=0.9983 AUPRC=0.9843 BalAcc=0.9740 F1=0.9349 MCC=0.9285
Epoch 032 val  : loss=0.1716 AUROC=0.9545 AUPRC=0.6790 BalAcc=0.8431 F1=0.5620 MCC=0.5674
  learning_rate_used=2.345e-04; learning_rate_next=2.306e-04; elapsed=2.7s
  negatives seen=100.0%; hard negatives=0
Epoch 033 train: loss=0.1726 AUROC=0.9968 AUPRC=0.9787 BalAcc=0.9733 F1=0.9099 MCC=0.9020
Epoch 033 val  : loss=0.1628 AUROC=0.9589 AUPRC=0.6863 BalAcc=0.8256 F1=0.7111 MCC=0.7113
  learning_rate_used=2.306e-04; learning_rate_next=2.266e-04; elapsed=2.7s
  negatives seen=100.0%; hard negatives=0
Epoch 034 train: loss=0.1325 AUROC=0.9979 AUPRC=0.9856 BalAcc=0.9733 F1=0.9284 MCC=0.9215
Epoch 034 val  : loss=0.2510 AUROC=0.9526 AUPRC=0.6645 BalAcc=0.7650 F1=0.6667 MCC=0.6875
  learning_rate_used=2.266e-04; learning_rate_next=2.225e-04; elapsed=2.7s
  negatives seen=100.0%; hard negatives=0
Epoch 035 train: loss=0.1091 AUROC=0.9985 AUPRC=0.9855 BalAcc=0.9750 F1=0.9245 MCC=0.9175
Epoch 035 val  : loss=0.1649 AUROC=0.9336 AUPRC=0.7067 BalAcc=0.8534 F1=0.5785 MCC=0.5844
  learning_rate_used=2.225e-04; learning_rate_next=2.184e-04; elapsed=2.7s
  saved new best checkpoint: /data/projects/SFB_A03/jan/AT_TFBS/human301/runs/ZNF696/crossassay_archthalia_20261009_144503_1046783/CHIP_seed1/best_model.pt (objective=classification-auprc, score=0.706674)
  negatives seen=100.0%; hard negatives=0
Epoch 036 train: loss=0.1093 AUROC=0.9982 AUPRC=0.9837 BalAcc=0.9788 F1=0.9210 MCC=0.9141
Epoch 036 val  : loss=0.2272 AUROC=0.9212 AUPRC=0.6835 BalAcc=0.8154 F1=0.6966 MCC=0.6975
  learning_rate_used=2.184e-04; learning_rate_next=2.142e-04; elapsed=2.7s
  negatives seen=100.0%; hard negatives=0
Epoch 037 train: loss=0.0952 AUROC=0.9986 AUPRC=0.9873 BalAcc=0.9817 F1=0.9276 MCC=0.9214
Epoch 037 val  : loss=0.2933 AUROC=0.9162 AUPRC=0.7158 BalAcc=0.8058 F1=0.7317 MCC=0.7441
  learning_rate_used=2.142e-04; learning_rate_next=2.099e-04; elapsed=2.7s
  saved new best checkpoint: /data/projects/SFB_A03/jan/AT_TFBS/human301/runs/ZNF696/crossassay_archthalia_20261009_144503_1046783/CHIP_seed1/best_model.pt (objective=classification-auprc, score=0.715837)
  negatives seen=100.0%; hard negatives=0
Epoch 038 train: loss=0.1667 AUROC=0.9977 AUPRC=0.9830 BalAcc=0.9710 F1=0.9259 MCC=0.9187
Epoch 038 val  : loss=0.1612 AUROC=0.9332 AUPRC=0.6966 BalAcc=0.8438 F1=0.5965 MCC=0.5979
  learning_rate_used=2.099e-04; learning_rate_next=2.055e-04; elapsed=2.6s
  negatives seen=100.0%; hard negatives=0
Epoch 039 train: loss=0.0464 AUROC=0.9996 AUPRC=0.9962 BalAcc=0.9890 F1=0.9561 MCC=0.9521
Epoch 039 val  : loss=0.3462 AUROC=0.9519 AUPRC=0.6199 BalAcc=0.7649 F1=0.6582 MCC=0.6758
  learning_rate_used=2.055e-04; learning_rate_next=2.011e-04; elapsed=2.6s
  negatives seen=100.0%; hard negatives=0
Epoch 040 train: loss=0.0898 AUROC=0.9993 AUPRC=0.9947 BalAcc=0.9888 F1=0.9740 MCC=0.9714
Epoch 040 val  : loss=0.2829 AUROC=0.9200 AUPRC=0.6730 BalAcc=0.7950 F1=0.6667 MCC=0.6692
  learning_rate_used=2.011e-04; learning_rate_next=1.967e-04; elapsed=2.6s
  negatives seen=100.0%; hard negatives=0
Epoch 041 train: loss=0.1043 AUROC=0.9994 AUPRC=0.9951 BalAcc=0.9812 F1=0.9621 MCC=0.9583
Epoch 041 val  : loss=0.2015 AUROC=0.9644 AUPRC=0.6723 BalAcc=0.7839 F1=0.5895 MCC=0.5858
  learning_rate_used=1.967e-04; learning_rate_next=1.922e-04; elapsed=2.7s
  negatives seen=100.0%; hard negatives=0
Epoch 042 train: loss=0.1128 AUROC=0.9991 AUPRC=0.9904 BalAcc=0.9802 F1=0.9531 MCC=0.9484
Epoch 042 val  : loss=0.2434 AUROC=0.9545 AUPRC=0.7315 BalAcc=0.7958 F1=0.7342 MCC=0.7547
  learning_rate_used=1.922e-04; learning_rate_next=1.877e-04; elapsed=2.7s
  saved new best checkpoint: /data/projects/SFB_A03/jan/AT_TFBS/human301/runs/ZNF696/crossassay_archthalia_20261009_144503_1046783/CHIP_seed1/best_model.pt (objective=classification-auprc, score=0.731454)
  negatives seen=100.0%; hard negatives=0
Epoch 043 train: loss=0.0970 AUROC=0.9993 AUPRC=0.9938 BalAcc=0.9850 F1=0.9579 MCC=0.9539
Epoch 043 val  : loss=0.3396 AUROC=0.9624 AUPRC=0.6685 BalAcc=0.7650 F1=0.6667 MCC=0.6875
  learning_rate_used=1.877e-04; learning_rate_next=1.831e-04; elapsed=2.6s
  negatives seen=100.0%; hard negatives=0
Epoch 044 train: loss=0.1040 AUROC=0.9994 AUPRC=0.9939 BalAcc=0.9781 F1=0.9528 MCC=0.9481
Epoch 044 val  : loss=0.1722 AUROC=0.9387 AUPRC=0.6791 BalAcc=0.8479 F1=0.4000 MCC=0.4373
  learning_rate_used=1.831e-04; learning_rate_next=1.785e-04; elapsed=2.6s
  negatives seen=100.0%; hard negatives=0
Epoch 045 train: loss=0.0292 AUROC=0.9998 AUPRC=0.9981 BalAcc=0.9914 F1=0.9585 MCC=0.9548
Epoch 045 val  : loss=0.2144 AUROC=0.9393 AUPRC=0.6839 BalAcc=0.8153 F1=0.6889 MCC=0.6888
  learning_rate_used=1.785e-04; learning_rate_next=1.739e-04; elapsed=2.7s
  negatives seen=100.0%; hard negatives=0
Epoch 046 train: loss=0.0352 AUROC=0.9998 AUPRC=0.9977 BalAcc=0.9926 F1=0.9697 MCC=0.9669
Epoch 046 val  : loss=0.3218 AUROC=0.9466 AUPRC=0.6662 BalAcc=0.7649 F1=0.6582 MCC=0.6758
  learning_rate_used=1.739e-04; learning_rate_next=1.692e-04; elapsed=2.6s
  negatives seen=100.0%; hard negatives=0
Epoch 047 train: loss=0.0275 AUROC=0.9998 AUPRC=0.9980 BalAcc=0.9929 F1=0.9720 MCC=0.9693
Epoch 047 val  : loss=0.4085 AUROC=0.9366 AUPRC=0.6786 BalAcc=0.7649 F1=0.6582 MCC=0.6758
  learning_rate_used=1.692e-04; learning_rate_next=1.646e-04; elapsed=2.6s
  negatives seen=100.0%; hard negatives=0
Epoch 048 train: loss=0.1379 AUROC=0.9988 AUPRC=0.9936 BalAcc=0.9783 F1=0.9551 MCC=0.9506
Epoch 048 val  : loss=0.3824 AUROC=0.9280 AUPRC=0.7010 BalAcc=0.7653 F1=0.6933 MCC=0.7267
  learning_rate_used=1.646e-04; learning_rate_next=1.599e-04; elapsed=2.6s
  negatives seen=100.0%; hard negatives=0
Epoch 049 train: loss=0.0691 AUROC=0.9994 AUPRC=0.9959 BalAcc=0.9936 F1=0.9788 MCC=0.9768
Epoch 049 val  : loss=0.3200 AUROC=0.9142 AUPRC=0.6845 BalAcc=0.8154 F1=0.6966 MCC=0.6975
  learning_rate_used=1.599e-04; learning_rate_next=1.552e-04; elapsed=2.7s
  negatives seen=100.0%; hard negatives=0
Epoch 050 train: loss=0.0122 AUROC=1.0000 AUPRC=0.9997 BalAcc=0.9988 F1=0.9882 MCC=0.9871
Epoch 050 val  : loss=0.3242 AUROC=0.9375 AUPRC=0.7020 BalAcc=0.7855 F1=0.7089 MCC=0.7284
  learning_rate_used=1.552e-04; learning_rate_next=1.505e-04; elapsed=2.7s
  negatives seen=100.0%; hard negatives=0
Epoch 051 train: loss=0.0578 AUROC=0.9997 AUPRC=0.9969 BalAcc=0.9869 F1=0.9762 MCC=0.9738
Epoch 051 val  : loss=0.1854 AUROC=0.9481 AUPRC=0.6952 BalAcc=0.8341 F1=0.6111 MCC=0.6095
  learning_rate_used=1.505e-04; learning_rate_next=1.458e-04; elapsed=2.7s
  negatives seen=100.0%; hard negatives=0
Epoch 052 train: loss=0.0385 AUROC=0.9998 AUPRC=0.9985 BalAcc=0.9957 F1=0.9789 MCC=0.9769
Epoch 052 val  : loss=0.2064 AUROC=0.9444 AUPRC=0.6871 BalAcc=0.8337 F1=0.5893 MCC=0.5894
  learning_rate_used=1.458e-04; learning_rate_next=1.411e-04; elapsed=2.7s
  negatives seen=100.0%; hard negatives=0
Epoch 053 train: loss=0.0066 AUROC=1.0000 AUPRC=1.0000 BalAcc=0.9993 F1=0.9929 MCC=0.9922
Epoch 053 val  : loss=0.2319 AUROC=0.9386 AUPRC=0.7133 BalAcc=0.8353 F1=0.6875 MCC=0.6846
  learning_rate_used=1.411e-04; learning_rate_next=1.364e-04; elapsed=2.6s
  negatives seen=100.0%; hard negatives=0
Epoch 054 train: loss=0.0252 AUROC=0.9998 AUPRC=0.9977 BalAcc=0.9936 F1=0.9788 MCC=0.9768
Epoch 054 val  : loss=0.2255 AUROC=0.9530 AUPRC=0.7267 BalAcc=0.8254 F1=0.6957 MCC=0.6943
  learning_rate_used=1.364e-04; learning_rate_next=1.318e-04; elapsed=2.7s
  negatives seen=100.0%; hard negatives=0
Epoch 055 train: loss=0.0356 AUROC=0.9997 AUPRC=0.9973 BalAcc=0.9917 F1=0.9810 MCC=0.9792
Epoch 055 val  : loss=0.2309 AUROC=0.9444 AUPRC=0.7141 BalAcc=0.8255 F1=0.7033 MCC=0.7027
  learning_rate_used=1.318e-04; learning_rate_next=1.271e-04; elapsed=2.6s
  negatives seen=100.0%; hard negatives=0
Epoch 056 train: loss=0.0825 AUROC=0.9998 AUPRC=0.9981 BalAcc=0.9912 F1=0.9764 MCC=0.9741
Epoch 056 val  : loss=0.2446 AUROC=0.9427 AUPRC=0.7162 BalAcc=0.8153 F1=0.6889 MCC=0.6888
  learning_rate_used=1.271e-04; learning_rate_next=1.225e-04; elapsed=2.6s
  negatives seen=100.0%; hard negatives=0
Epoch 057 train: loss=0.1534 AUROC=0.9984 AUPRC=0.9896 BalAcc=0.9867 F1=0.9739 MCC=0.9713
Epoch 057 val  : loss=0.2299 AUROC=0.9497 AUPRC=0.6817 BalAcc=0.8050 F1=0.6667 MCC=0.6663
  learning_rate_used=1.225e-04; learning_rate_next=1.179e-04; elapsed=2.6s
  negatives seen=100.0%; hard negatives=0
Epoch 058 train: loss=0.0263 AUROC=0.9999 AUPRC=0.9986 BalAcc=0.9957 F1=0.9789 MCC=0.9769
Epoch 058 val  : loss=0.3105 AUROC=0.9479 AUPRC=0.7155 BalAcc=0.8160 F1=0.7470 MCC=0.7576
  learning_rate_used=1.179e-04; learning_rate_next=1.133e-04; elapsed=2.6s
  negatives seen=100.0%; hard negatives=0
Epoch 059 train: loss=0.0500 AUROC=0.9997 AUPRC=0.9971 BalAcc=0.9919 F1=0.9834 MCC=0.9817
Epoch 059 val  : loss=0.2285 AUROC=0.9450 AUPRC=0.7269 BalAcc=0.8354 F1=0.6947 MCC=0.6921
  learning_rate_used=1.133e-04; learning_rate_next=1.088e-04; elapsed=2.7s
  negatives seen=100.0%; hard negatives=0
Epoch 060 train: loss=0.0443 AUROC=0.9999 AUPRC=0.9988 BalAcc=0.9967 F1=0.9882 MCC=0.9870
Epoch 060 val  : loss=0.3790 AUROC=0.9442 AUPRC=0.7376 BalAcc=0.7754 F1=0.7013 MCC=0.7271
  learning_rate_used=1.088e-04; learning_rate_next=1.043e-04; elapsed=2.7s
  saved new best checkpoint: /data/projects/SFB_A03/jan/AT_TFBS/human301/runs/ZNF696/crossassay_archthalia_20261009_144503_1046783/CHIP_seed1/best_model.pt (objective=classification-auprc, score=0.737577)
  negatives seen=100.0%; hard negatives=0
Epoch 061 train: loss=0.0172 AUROC=1.0000 AUPRC=0.9996 BalAcc=0.9945 F1=0.9881 MCC=0.9869
Epoch 061 val  : loss=0.4049 AUROC=0.9124 AUPRC=0.7096 BalAcc=0.7852 F1=0.6829 MCC=0.6939
  learning_rate_used=1.043e-04; learning_rate_next=9.986e-05; elapsed=2.7s
  negatives seen=100.0%; hard negatives=0
Epoch 062 train: loss=0.0563 AUROC=0.9999 AUPRC=0.9990 BalAcc=0.9921 F1=0.9857 MCC=0.9843
Epoch 062 val  : loss=0.2772 AUROC=0.9502 AUPRC=0.6816 BalAcc=0.8053 F1=0.6897 MCC=0.6926
  learning_rate_used=9.986e-05; learning_rate_next=9.547e-05; elapsed=2.7s
  negatives seen=100.0%; hard negatives=0
Epoch 063 train: loss=0.0130 AUROC=0.9999 AUPRC=0.9994 BalAcc=0.9969 F1=0.9905 MCC=0.9896
Epoch 063 val  : loss=0.2962 AUROC=0.9417 AUPRC=0.7010 BalAcc=0.8156 F1=0.7126 MCC=0.7160
  learning_rate_used=9.547e-05; learning_rate_next=9.113e-05; elapsed=2.7s
  negatives seen=100.0%; hard negatives=0
Epoch 064 train: loss=0.0089 AUROC=0.9999 AUPRC=0.9994 BalAcc=0.9993 F1=0.9929 MCC=0.9922
Epoch 064 val  : loss=0.3415 AUROC=0.9256 AUPRC=0.7165 BalAcc=0.8261 F1=0.7529 MCC=0.7599
  learning_rate_used=9.113e-05; learning_rate_next=8.685e-05; elapsed=2.6s
  negatives seen=100.0%; hard negatives=0
Epoch 065 train: loss=0.0400 AUROC=0.9999 AUPRC=0.9994 BalAcc=0.9924 F1=0.9881 MCC=0.9869
Epoch 065 val  : loss=0.2804 AUROC=0.9288 AUPRC=0.7180 BalAcc=0.8360 F1=0.7416 MCC=0.7431
  learning_rate_used=8.685e-05; learning_rate_next=8.263e-05; elapsed=2.7s
  negatives seen=100.0%; hard negatives=0
Epoch 066 train: loss=0.0015 AUROC=1.0000 AUPRC=1.0000 BalAcc=0.9995 F1=0.9953 MCC=0.9948
Epoch 066 val  : loss=0.3559 AUROC=0.9292 AUPRC=0.7227 BalAcc=0.8160 F1=0.7470 MCC=0.7576
  learning_rate_used=8.263e-05; learning_rate_next=7.848e-05; elapsed=2.7s
  negatives seen=100.0%; hard negatives=0
Epoch 067 train: loss=0.0077 AUROC=1.0000 AUPRC=0.9999 BalAcc=0.9974 F1=0.9952 MCC=0.9948
Epoch 067 val  : loss=0.3372 AUROC=0.9396 AUPRC=0.7275 BalAcc=0.8058 F1=0.7317 MCC=0.7441
  learning_rate_used=7.848e-05; learning_rate_next=7.440e-05; elapsed=2.7s
  negatives seen=100.0%; hard negatives=0
Epoch 068 train: loss=0.0050 AUROC=1.0000 AUPRC=0.9998 BalAcc=0.9995 F1=0.9953 MCC=0.9948
Epoch 068 val  : loss=0.3468 AUROC=0.9343 AUPRC=0.7226 BalAcc=0.8059 F1=0.7407 MCC=0.7558
  learning_rate_used=7.440e-05; learning_rate_next=7.039e-05; elapsed=2.7s
  negatives seen=100.0%; hard negatives=0
Epoch 069 train: loss=0.0056 AUROC=1.0000 AUPRC=0.9999 BalAcc=0.9990 F1=0.9906 MCC=0.9897
Epoch 069 val  : loss=0.3784 AUROC=0.9459 AUPRC=0.7153 BalAcc=0.7855 F1=0.7089 MCC=0.7284
  learning_rate_used=7.039e-05; learning_rate_next=6.647e-05; elapsed=2.7s
  negatives seen=100.0%; hard negatives=0
Epoch 070 train: loss=0.0030 AUROC=1.0000 AUPRC=1.0000 BalAcc=0.9995 F1=0.9953 MCC=0.9948
Epoch 070 val  : loss=0.3977 AUROC=0.9411 AUPRC=0.7217 BalAcc=0.7855 F1=0.7089 MCC=0.7284
  learning_rate_used=6.647e-05; learning_rate_next=6.263e-05; elapsed=2.8s
  negatives seen=100.0%; hard negatives=0
Epoch 071 train: loss=0.0281 AUROC=0.9999 AUPRC=0.9993 BalAcc=0.9964 F1=0.9858 MCC=0.9845
Epoch 071 val  : loss=0.3668 AUROC=0.9326 AUPRC=0.7184 BalAcc=0.8058 F1=0.7317 MCC=0.7441
  learning_rate_used=6.263e-05; learning_rate_next=5.887e-05; elapsed=2.7s
  negatives seen=100.0%; hard negatives=0
Epoch 072 train: loss=0.0088 AUROC=1.0000 AUPRC=0.9999 BalAcc=0.9974 F1=0.9952 MCC=0.9948
Epoch 072 val  : loss=0.3468 AUROC=0.9333 AUPRC=0.7258 BalAcc=0.8058 F1=0.7317 MCC=0.7441
  learning_rate_used=5.887e-05; learning_rate_next=5.521e-05; elapsed=2.7s
  negatives seen=100.0%; hard negatives=0
Epoch 073 train: loss=0.0044 AUROC=1.0000 AUPRC=1.0000 BalAcc=0.9993 F1=0.9929 MCC=0.9922
Epoch 073 val  : loss=0.4151 AUROC=0.9266 AUPRC=0.7198 BalAcc=0.7855 F1=0.7089 MCC=0.7284
  learning_rate_used=5.521e-05; learning_rate_next=5.163e-05; elapsed=2.7s
  negatives seen=100.0%; hard negatives=0
Epoch 074 train: loss=0.0048 AUROC=1.0000 AUPRC=1.0000 BalAcc=0.9998 F1=0.9976 MCC=0.9974
Epoch 074 val  : loss=0.2980 AUROC=0.9390 AUPRC=0.7206 BalAcc=0.8363 F1=0.7674 MCC=0.7731
  learning_rate_used=5.163e-05; learning_rate_next=4.816e-05; elapsed=2.7s
  negatives seen=100.0%; hard negatives=0
Epoch 075 train: loss=0.0060 AUROC=1.0000 AUPRC=0.9996 BalAcc=0.9998 F1=0.9976 MCC=0.9974
Epoch 075 val  : loss=0.3896 AUROC=0.9374 AUPRC=0.7193 BalAcc=0.7854 F1=0.7000 MCC=0.7163
  learning_rate_used=4.816e-05; learning_rate_next=4.479e-05; elapsed=2.7s
  negatives seen=100.0%; hard negatives=0
Epoch 076 train: loss=0.0051 AUROC=1.0000 AUPRC=1.0000 BalAcc=0.9998 F1=0.9976 MCC=0.9974
Epoch 076 val  : loss=0.3757 AUROC=0.9418 AUPRC=0.7278 BalAcc=0.7957 F1=0.7250 MCC=0.7422
  learning_rate_used=4.479e-05; learning_rate_next=4.152e-05; elapsed=2.7s
  negatives seen=100.0%; hard negatives=0
Epoch 077 train: loss=0.0029 AUROC=1.0000 AUPRC=1.0000 BalAcc=0.9995 F1=0.9953 MCC=0.9948
Epoch 077 val  : loss=0.3975 AUROC=0.9267 AUPRC=0.7271 BalAcc=0.7957 F1=0.7250 MCC=0.7422
  learning_rate_used=4.152e-05; learning_rate_next=3.836e-05; elapsed=2.7s
  negatives seen=100.0%; hard negatives=0
Epoch 078 train: loss=0.0006 AUROC=1.0000 AUPRC=1.0000 BalAcc=1.0000 F1=1.0000 MCC=1.0000
Epoch 078 val  : loss=0.3853 AUROC=0.9331 AUPRC=0.7294 BalAcc=0.7957 F1=0.7250 MCC=0.7422
  learning_rate_used=3.836e-05; learning_rate_next=3.531e-05; elapsed=2.7s
  negatives seen=100.0%; hard negatives=0
Epoch 079 train: loss=0.0017 AUROC=1.0000 AUPRC=1.0000 BalAcc=0.9998 F1=0.9976 MCC=0.9974
Epoch 079 val  : loss=0.3808 AUROC=0.9289 AUPRC=0.7292 BalAcc=0.8059 F1=0.7407 MCC=0.7558
  learning_rate_used=3.531e-05; learning_rate_next=3.237e-05; elapsed=2.7s
  negatives seen=100.0%; hard negatives=0
Epoch 080 train: loss=0.0058 AUROC=1.0000 AUPRC=1.0000 BalAcc=0.9976 F1=0.9976 MCC=0.9974
Epoch 080 val  : loss=0.3725 AUROC=0.9312 AUPRC=0.7275 BalAcc=0.8059 F1=0.7407 MCC=0.7558
  learning_rate_used=3.237e-05; learning_rate_next=2.955e-05; elapsed=2.7s
Early stopping after 80 epochs.
Binary threshold: 0.446064 (strategy=val-mcc, validation_score=0.754656)
Validation-only run completed; frozen model: /data/projects/SFB_A03/jan/AT_TFBS/human301/runs/ZNF696/crossassay_archthalia_20261009_144503_1046783/CHIP_seed1/model_for_prediction.pt
ZNF696: CHIP -> CHIP
TEST ZNF696 CHIP -> CHIP: loss=0.3671 AUROC=0.9627 AUPRC=0.7160 BalAcc=0.7899 F1=0.7241 MCC=0.7458
ZNF696: CHIP -> GHTS
TEST ZNF696 CHIP -> GHTS: loss=0.7314 AUROC=0.9058 AUPRC=0.4812 BalAcc=0.6326 F1=0.4098 MCC=0.4860
Completed ZNF696/CHIP: one model, both fixed test sets.
