TF=CTCF train=CHIP seed=5 model=hum301_motif64_local.py
/home/jbossenz/miniforge3/envs/at_env/bin/python -u /data/projects/SFB_A03/jan/AT_TFBS/human301/hum301_motif64_local.py train --cache /data/projects/SFB_A03/jan/AT_TFBS/raw_data/human/ArchThalia-ML/CTCF/CHIP/dataset.npz --output-dir /data/projects/SFB_A03/jan/AT_TFBS/human301/runs/CTCF/crossassay_archthalia_20261009_144503_1046783/CHIP_seed5 --input-length 256 --embed-channels 64 --encoder-channels 80 96 128 --heads 4 --ffn-channels 256 --classification-readout local-logsumexp --task-mode classification --checkpoint-objective classification-auprc --threshold-strategy val-mcc --negatives-per-positive 10 --batch-size 88 --hard-negative-fraction 0 --epochs 100 --patience 20 --learning-rate 0.0003 --min-learning-rate 0.000001 --weight-decay 0.0001 --dropout 0.1 --activation relu --reverse-complement-probability 0.5 --eval-crops multi --eval-rc --no-balanced-evaluation --eval-batch-size 128 --num-workers 2 --seed 5 --device cuda --skip-test
Window geometry: 256 bp from 301 bp; crop starts 0..45; shifts -22..+23; fresh uniform draw per access
Evaluation: crops (0, 22, 23, 45), reverse complement=True; all samples
train: n=4,464,503, positive=44,203, negative=4,420,300
  val: n=1,304,112, positive=12,912, negative=1,291,200
 test: n=5,206,247, positive=51,547, negative=5,154,700
Device: cuda
Hidden activation: RELU
Parameters: 1,032,981 total; 1,032,981 trainable
Architecture: motif kernels 9/12; encoder 128/64/64; original five-block bottleneck at 64; decoder 64/128/256
  negatives seen=10.0%; hard negatives=0
Epoch 001 train: loss=0.6053 AUROC=0.9301 AUPRC=0.7420 BalAcc=0.8610 F1=0.5747 MCC=0.5516
Epoch 001 val  : loss=0.1453 AUROC=0.9544 AUPRC=0.5604 BalAcc=0.8650 F1=0.3500 MCC=0.4055
  learning_rate_used=3.000e-04; learning_rate_next=2.999e-04; elapsed=599.2s
  saved new best checkpoint: /data/projects/SFB_A03/jan/AT_TFBS/human301/runs/CTCF/crossassay_archthalia_20261009_144503_1046783/CHIP_seed5/best_model.pt (objective=classification-auprc, score=0.560432)
  negatives seen=20.0%; hard negatives=0
Epoch 002 train: loss=0.4979 AUROC=0.9524 AUPRC=0.8124 BalAcc=0.8920 F1=0.6486 MCC=0.6290
Epoch 002 val  : loss=0.2219 AUROC=0.9627 AUPRC=0.6187 BalAcc=0.9067 F1=0.2417 MCC=0.3363
  learning_rate_used=2.999e-04; learning_rate_next=2.997e-04; elapsed=591.6s
  saved new best checkpoint: /data/projects/SFB_A03/jan/AT_TFBS/human301/runs/CTCF/crossassay_archthalia_20261009_144503_1046783/CHIP_seed5/best_model.pt (objective=classification-auprc, score=0.618687)
  negatives seen=30.0%; hard negatives=0
Epoch 003 train: loss=0.4626 AUROC=0.9588 AUPRC=0.8335 BalAcc=0.9016 F1=0.6723 MCC=0.6538
Epoch 003 val  : loss=0.1444 AUROC=0.9615 AUPRC=0.6228 BalAcc=0.8916 F1=0.3717 MCC=0.4330
  learning_rate_used=2.997e-04; learning_rate_next=2.993e-04; elapsed=596.7s
  saved new best checkpoint: /data/projects/SFB_A03/jan/AT_TFBS/human301/runs/CTCF/crossassay_archthalia_20261009_144503_1046783/CHIP_seed5/best_model.pt (objective=classification-auprc, score=0.622763)
  negatives seen=40.0%; hard negatives=0
Epoch 004 train: loss=0.4433 AUROC=0.9621 AUPRC=0.8455 BalAcc=0.9062 F1=0.6880 MCC=0.6696
Epoch 004 val  : loss=0.1862 AUROC=0.9632 AUPRC=0.6141 BalAcc=0.9044 F1=0.2716 MCC=0.3597
  learning_rate_used=2.993e-04; learning_rate_next=2.988e-04; elapsed=598.1s
  negatives seen=50.0%; hard negatives=0
Epoch 005 train: loss=0.4307 AUROC=0.9641 AUPRC=0.8543 BalAcc=0.9101 F1=0.6995 MCC=0.6815
Epoch 005 val  : loss=0.2453 AUROC=0.9665 AUPRC=0.6487 BalAcc=0.9157 F1=0.1893 MCC=0.2950
  learning_rate_used=2.988e-04; learning_rate_next=2.982e-04; elapsed=602.0s
  saved new best checkpoint: /data/projects/SFB_A03/jan/AT_TFBS/human301/runs/CTCF/crossassay_archthalia_20261009_144503_1046783/CHIP_seed5/best_model.pt (objective=classification-auprc, score=0.648724)
  negatives seen=60.0%; hard negatives=0
Epoch 006 train: loss=0.4215 AUROC=0.9657 AUPRC=0.8567 BalAcc=0.9124 F1=0.7045 MCC=0.6869
Epoch 006 val  : loss=0.2167 AUROC=0.9668 AUPRC=0.6549 BalAcc=0.9161 F1=0.2132 MCC=0.3158
  learning_rate_used=2.982e-04; learning_rate_next=2.974e-04; elapsed=602.3s
  saved new best checkpoint: /data/projects/SFB_A03/jan/AT_TFBS/human301/runs/CTCF/crossassay_archthalia_20261009_144503_1046783/CHIP_seed5/best_model.pt (objective=classification-auprc, score=0.654864)
  negatives seen=70.0%; hard negatives=0
Epoch 007 train: loss=0.4144 AUROC=0.9669 AUPRC=0.8621 BalAcc=0.9144 F1=0.7103 MCC=0.6928
Epoch 007 val  : loss=0.1648 AUROC=0.9670 AUPRC=0.6615 BalAcc=0.9110 F1=0.3009 MCC=0.3856
  learning_rate_used=2.974e-04; learning_rate_next=2.964e-04; elapsed=647.9s
  saved new best checkpoint: /data/projects/SFB_A03/jan/AT_TFBS/human301/runs/CTCF/crossassay_archthalia_20261009_144503_1046783/CHIP_seed5/best_model.pt (objective=classification-auprc, score=0.661498)
  negatives seen=80.0%; hard negatives=0
Epoch 008 train: loss=0.4098 AUROC=0.9674 AUPRC=0.8636 BalAcc=0.9149 F1=0.7117 MCC=0.6943
Epoch 008 val  : loss=0.1545 AUROC=0.9669 AUPRC=0.6463 BalAcc=0.9060 F1=0.3429 MCC=0.4165
  learning_rate_used=2.964e-04; learning_rate_next=2.953e-04; elapsed=648.2s
  negatives seen=90.0%; hard negatives=0
Epoch 009 train: loss=0.4033 AUROC=0.9686 AUPRC=0.8676 BalAcc=0.9167 F1=0.7170 MCC=0.6998
Epoch 009 val  : loss=0.1522 AUROC=0.9671 AUPRC=0.6443 BalAcc=0.9096 F1=0.3276 MCC=0.4060
  learning_rate_used=2.953e-04; learning_rate_next=2.941e-04; elapsed=649.2s
  negatives seen=100.0%; hard negatives=0
Epoch 010 train: loss=0.3993 AUROC=0.9691 AUPRC=0.8699 BalAcc=0.9178 F1=0.7204 MCC=0.7033
Epoch 010 val  : loss=0.1625 AUROC=0.9688 AUPRC=0.6626 BalAcc=0.9119 F1=0.3197 MCC=0.4007
  learning_rate_used=2.941e-04; learning_rate_next=2.927e-04; elapsed=651.4s
  saved new best checkpoint: /data/projects/SFB_A03/jan/AT_TFBS/human301/runs/CTCF/crossassay_archthalia_20261009_144503_1046783/CHIP_seed5/best_model.pt (objective=classification-auprc, score=0.662641)
  negatives seen=100.0%; hard negatives=0
Epoch 011 train: loss=0.3943 AUROC=0.9697 AUPRC=0.8724 BalAcc=0.9198 F1=0.7283 MCC=0.7112
Epoch 011 val  : loss=0.1499 AUROC=0.9688 AUPRC=0.6689 BalAcc=0.9143 F1=0.3161 MCC=0.3989
  learning_rate_used=2.927e-04; learning_rate_next=2.912e-04; elapsed=647.0s
  saved new best checkpoint: /data/projects/SFB_A03/jan/AT_TFBS/human301/runs/CTCF/crossassay_archthalia_20261009_144503_1046783/CHIP_seed5/best_model.pt (objective=classification-auprc, score=0.668904)
  negatives seen=100.0%; hard negatives=0
Epoch 012 train: loss=0.3898 AUROC=0.9707 AUPRC=0.8735 BalAcc=0.9198 F1=0.7276 MCC=0.7106
Epoch 012 val  : loss=0.1292 AUROC=0.9690 AUPRC=0.6672 BalAcc=0.9093 F1=0.3545 MCC=0.4268
  learning_rate_used=2.912e-04; learning_rate_next=2.895e-04; elapsed=645.4s
  negatives seen=100.0%; hard negatives=0
Epoch 013 train: loss=0.3865 AUROC=0.9710 AUPRC=0.8757 BalAcc=0.9211 F1=0.7293 MCC=0.7126
Epoch 013 val  : loss=0.1749 AUROC=0.9695 AUPRC=0.6714 BalAcc=0.9211 F1=0.2586 MCC=0.3555
  learning_rate_used=2.895e-04; learning_rate_next=2.877e-04; elapsed=596.9s
  saved new best checkpoint: /data/projects/SFB_A03/jan/AT_TFBS/human301/runs/CTCF/crossassay_archthalia_20261009_144503_1046783/CHIP_seed5/best_model.pt (objective=classification-auprc, score=0.671362)
  negatives seen=100.0%; hard negatives=0
Epoch 014 train: loss=0.3835 AUROC=0.9715 AUPRC=0.8771 BalAcc=0.9217 F1=0.7331 MCC=0.7163
Epoch 014 val  : loss=0.1824 AUROC=0.9689 AUPRC=0.6732 BalAcc=0.9196 F1=0.2638 MCC=0.3592
  learning_rate_used=2.877e-04; learning_rate_next=2.858e-04; elapsed=608.5s
  saved new best checkpoint: /data/projects/SFB_A03/jan/AT_TFBS/human301/runs/CTCF/crossassay_archthalia_20261009_144503_1046783/CHIP_seed5/best_model.pt (objective=classification-auprc, score=0.673199)
  negatives seen=100.0%; hard negatives=0
Epoch 015 train: loss=0.3792 AUROC=0.9719 AUPRC=0.8795 BalAcc=0.9230 F1=0.7364 MCC=0.7198
Epoch 015 val  : loss=0.1446 AUROC=0.9696 AUPRC=0.6688 BalAcc=0.9152 F1=0.3071 MCC=0.3921
  learning_rate_used=2.858e-04; learning_rate_next=2.837e-04; elapsed=597.0s
  negatives seen=100.0%; hard negatives=0
Epoch 016 train: loss=0.3762 AUROC=0.9725 AUPRC=0.8802 BalAcc=0.9237 F1=0.7376 MCC=0.7212
Epoch 016 val  : loss=0.1517 AUROC=0.9687 AUPRC=0.6729 BalAcc=0.9139 F1=0.3315 MCC=0.4107
  learning_rate_used=2.837e-04; learning_rate_next=2.815e-04; elapsed=600.4s
  negatives seen=100.0%; hard negatives=0
Epoch 017 train: loss=0.3726 AUROC=0.9732 AUPRC=0.8824 BalAcc=0.9244 F1=0.7401 MCC=0.7237
Epoch 017 val  : loss=0.1635 AUROC=0.9689 AUPRC=0.6725 BalAcc=0.9151 F1=0.3068 MCC=0.3919
  learning_rate_used=2.815e-04; learning_rate_next=2.792e-04; elapsed=595.6s
  negatives seen=100.0%; hard negatives=0
Epoch 018 train: loss=0.3737 AUROC=0.9727 AUPRC=0.8818 BalAcc=0.9243 F1=0.7421 MCC=0.7256
Epoch 018 val  : loss=0.1179 AUROC=0.9696 AUPRC=0.6749 BalAcc=0.9038 F1=0.4158 MCC=0.4718
  learning_rate_used=2.792e-04; learning_rate_next=2.767e-04; elapsed=603.7s
  saved new best checkpoint: /data/projects/SFB_A03/jan/AT_TFBS/human301/runs/CTCF/crossassay_archthalia_20261009_144503_1046783/CHIP_seed5/best_model.pt (objective=classification-auprc, score=0.674919)
  negatives seen=100.0%; hard negatives=0
Epoch 019 train: loss=0.3666 AUROC=0.9741 AUPRC=0.8845 BalAcc=0.9262 F1=0.7434 MCC=0.7273
Epoch 019 val  : loss=0.1312 AUROC=0.9670 AUPRC=0.6622 BalAcc=0.9049 F1=0.3817 MCC=0.4460
  learning_rate_used=2.767e-04; learning_rate_next=2.741e-04; elapsed=597.2s
  negatives seen=100.0%; hard negatives=0
Epoch 020 train: loss=0.3648 AUROC=0.9743 AUPRC=0.8857 BalAcc=0.9261 F1=0.7446 MCC=0.7285
Epoch 020 val  : loss=0.1375 AUROC=0.9681 AUPRC=0.6721 BalAcc=0.9066 F1=0.3729 MCC=0.4399
  learning_rate_used=2.741e-04; learning_rate_next=2.714e-04; elapsed=593.8s
  negatives seen=100.0%; hard negatives=0
Epoch 021 train: loss=0.3647 AUROC=0.9743 AUPRC=0.8865 BalAcc=0.9261 F1=0.7451 MCC=0.7289
Epoch 021 val  : loss=0.1572 AUROC=0.9694 AUPRC=0.6753 BalAcc=0.9177 F1=0.3056 MCC=0.3919
  learning_rate_used=2.714e-04; learning_rate_next=2.686e-04; elapsed=591.7s
  saved new best checkpoint: /data/projects/SFB_A03/jan/AT_TFBS/human301/runs/CTCF/crossassay_archthalia_20261009_144503_1046783/CHIP_seed5/best_model.pt (objective=classification-auprc, score=0.675296)
  negatives seen=100.0%; hard negatives=0
Epoch 022 train: loss=0.3618 AUROC=0.9747 AUPRC=0.8872 BalAcc=0.9271 F1=0.7473 MCC=0.7313
Epoch 022 val  : loss=0.1518 AUROC=0.9707 AUPRC=0.6813 BalAcc=0.9191 F1=0.2937 MCC=0.3830
  learning_rate_used=2.686e-04; learning_rate_next=2.657e-04; elapsed=598.1s
  saved new best checkpoint: /data/projects/SFB_A03/jan/AT_TFBS/human301/runs/CTCF/crossassay_archthalia_20261009_144503_1046783/CHIP_seed5/best_model.pt (objective=classification-auprc, score=0.681299)
  negatives seen=100.0%; hard negatives=0
Epoch 023 train: loss=0.3584 AUROC=0.9750 AUPRC=0.8888 BalAcc=0.9282 F1=0.7525 MCC=0.7365
Epoch 023 val  : loss=0.1347 AUROC=0.9697 AUPRC=0.6768 BalAcc=0.9116 F1=0.3566 MCC=0.4293
  learning_rate_used=2.657e-04; learning_rate_next=2.626e-04; elapsed=591.9s
  negatives seen=100.0%; hard negatives=0
Epoch 024 train: loss=0.3570 AUROC=0.9754 AUPRC=0.8891 BalAcc=0.9280 F1=0.7503 MCC=0.7344
Epoch 024 val  : loss=0.1440 AUROC=0.9700 AUPRC=0.6841 BalAcc=0.9171 F1=0.3290 MCC=0.4101
  learning_rate_used=2.626e-04; learning_rate_next=2.595e-04; elapsed=600.2s
  saved new best checkpoint: /data/projects/SFB_A03/jan/AT_TFBS/human301/runs/CTCF/crossassay_archthalia_20261009_144503_1046783/CHIP_seed5/best_model.pt (objective=classification-auprc, score=0.684149)
  negatives seen=100.0%; hard negatives=0
Epoch 025 train: loss=0.3566 AUROC=0.9755 AUPRC=0.8888 BalAcc=0.9284 F1=0.7518 MCC=0.7359
Epoch 025 val  : loss=0.1230 AUROC=0.9703 AUPRC=0.6822 BalAcc=0.9112 F1=0.3723 MCC=0.4414
  learning_rate_used=2.595e-04; learning_rate_next=2.562e-04; elapsed=592.3s
  negatives seen=100.0%; hard negatives=0
Epoch 026 train: loss=0.3518 AUROC=0.9763 AUPRC=0.8907 BalAcc=0.9291 F1=0.7533 MCC=0.7376
Epoch 026 val  : loss=0.1249 AUROC=0.9703 AUPRC=0.6785 BalAcc=0.9098 F1=0.3785 MCC=0.4456
  learning_rate_used=2.562e-04; learning_rate_next=2.528e-04; elapsed=600.3s
  negatives seen=100.0%; hard negatives=0
Epoch 027 train: loss=0.3504 AUROC=0.9764 AUPRC=0.8927 BalAcc=0.9296 F1=0.7554 MCC=0.7397
Epoch 027 val  : loss=0.1182 AUROC=0.9674 AUPRC=0.6801 BalAcc=0.9015 F1=0.4259 MCC=0.4787
  learning_rate_used=2.528e-04; learning_rate_next=2.494e-04; elapsed=597.3s
  negatives seen=100.0%; hard negatives=0
Epoch 028 train: loss=0.3470 AUROC=0.9771 AUPRC=0.8927 BalAcc=0.9300 F1=0.7582 MCC=0.7424
Epoch 028 val  : loss=0.1290 AUROC=0.9693 AUPRC=0.6792 BalAcc=0.9059 F1=0.4008 MCC=0.4612
  learning_rate_used=2.494e-04; learning_rate_next=2.458e-04; elapsed=595.1s
  negatives seen=100.0%; hard negatives=0
Epoch 029 train: loss=0.3436 AUROC=0.9773 AUPRC=0.8940 BalAcc=0.9314 F1=0.7603 MCC=0.7448
Epoch 029 val  : loss=0.1596 AUROC=0.9699 AUPRC=0.6796 BalAcc=0.9183 F1=0.3040 MCC=0.3909
  learning_rate_used=2.458e-04; learning_rate_next=2.421e-04; elapsed=593.6s
  negatives seen=100.0%; hard negatives=0
Epoch 030 train: loss=0.3433 AUROC=0.9775 AUPRC=0.8944 BalAcc=0.9313 F1=0.7596 MCC=0.7441
Epoch 030 val  : loss=0.1763 AUROC=0.9669 AUPRC=0.6793 BalAcc=0.9153 F1=0.3074 MCC=0.3925
  learning_rate_used=2.421e-04; learning_rate_next=2.384e-04; elapsed=599.2s
  negatives seen=100.0%; hard negatives=0
Epoch 031 train: loss=0.3382 AUROC=0.9782 AUPRC=0.8961 BalAcc=0.9322 F1=0.7618 MCC=0.7464
Epoch 031 val  : loss=0.1353 AUROC=0.9684 AUPRC=0.6787 BalAcc=0.9100 F1=0.3673 MCC=0.4370
  learning_rate_used=2.384e-04; learning_rate_next=2.345e-04; elapsed=592.1s
  negatives seen=100.0%; hard negatives=0
Epoch 032 train: loss=0.3405 AUROC=0.9779 AUPRC=0.8944 BalAcc=0.9323 F1=0.7635 MCC=0.7481
Epoch 032 val  : loss=0.1262 AUROC=0.9697 AUPRC=0.6796 BalAcc=0.9118 F1=0.3663 MCC=0.4369
  learning_rate_used=2.345e-04; learning_rate_next=2.306e-04; elapsed=603.1s
  negatives seen=100.0%; hard negatives=0
Epoch 033 train: loss=0.3370 AUROC=0.9783 AUPRC=0.8972 BalAcc=0.9334 F1=0.7663 MCC=0.7510
Epoch 033 val  : loss=0.1250 AUROC=0.9689 AUPRC=0.6818 BalAcc=0.9086 F1=0.3891 MCC=0.4533
  learning_rate_used=2.306e-04; learning_rate_next=2.266e-04; elapsed=594.1s
  negatives seen=100.0%; hard negatives=0
Epoch 034 train: loss=0.3364 AUROC=0.9785 AUPRC=0.8976 BalAcc=0.9330 F1=0.7660 MCC=0.7506
Epoch 034 val  : loss=0.1376 AUROC=0.9694 AUPRC=0.6817 BalAcc=0.9145 F1=0.3461 MCC=0.4224
  learning_rate_used=2.266e-04; learning_rate_next=2.225e-04; elapsed=596.0s
  negatives seen=100.0%; hard negatives=0
Epoch 035 train: loss=0.3314 AUROC=0.9792 AUPRC=0.9004 BalAcc=0.9337 F1=0.7675 MCC=0.7523
Epoch 035 val  : loss=0.1090 AUROC=0.9690 AUPRC=0.6782 BalAcc=0.8938 F1=0.4689 MCC=0.5090
  learning_rate_used=2.225e-04; learning_rate_next=2.184e-04; elapsed=598.7s
  negatives seen=100.0%; hard negatives=0
Epoch 036 train: loss=0.3308 AUROC=0.9793 AUPRC=0.8994 BalAcc=0.9339 F1=0.7672 MCC=0.7520
Epoch 036 val  : loss=0.1164 AUROC=0.9679 AUPRC=0.6784 BalAcc=0.8982 F1=0.4404 MCC=0.4887
  learning_rate_used=2.184e-04; learning_rate_next=2.142e-04; elapsed=595.9s
  negatives seen=100.0%; hard negatives=0
Epoch 037 train: loss=0.3274 AUROC=0.9797 AUPRC=0.9007 BalAcc=0.9350 F1=0.7719 MCC=0.7568
Epoch 037 val  : loss=0.1290 AUROC=0.9684 AUPRC=0.6739 BalAcc=0.9033 F1=0.3969 MCC=0.4571
  learning_rate_used=2.142e-04; learning_rate_next=2.099e-04; elapsed=602.7s
  negatives seen=100.0%; hard negatives=0
Epoch 038 train: loss=0.3245 AUROC=0.9802 AUPRC=0.9014 BalAcc=0.9356 F1=0.7734 MCC=0.7584
Epoch 038 val  : loss=0.1267 AUROC=0.9681 AUPRC=0.6854 BalAcc=0.9108 F1=0.3818 MCC=0.4485
  learning_rate_used=2.099e-04; learning_rate_next=2.055e-04; elapsed=600.4s
  saved new best checkpoint: /data/projects/SFB_A03/jan/AT_TFBS/human301/runs/CTCF/crossassay_archthalia_20261009_144503_1046783/CHIP_seed5/best_model.pt (objective=classification-auprc, score=0.685411)
  negatives seen=100.0%; hard negatives=0
Epoch 039 train: loss=0.3242 AUROC=0.9803 AUPRC=0.9011 BalAcc=0.9355 F1=0.7731 MCC=0.7581
Epoch 039 val  : loss=0.1216 AUROC=0.9678 AUPRC=0.6831 BalAcc=0.9054 F1=0.4075 MCC=0.4661
  learning_rate_used=2.055e-04; learning_rate_next=2.011e-04; elapsed=597.3s
  negatives seen=100.0%; hard negatives=0
Epoch 040 train: loss=0.3197 AUROC=0.9808 AUPRC=0.9038 BalAcc=0.9369 F1=0.7779 MCC=0.7630
Epoch 040 val  : loss=0.1335 AUROC=0.9674 AUPRC=0.6801 BalAcc=0.9097 F1=0.3735 MCC=0.4417
  learning_rate_used=2.011e-04; learning_rate_next=1.967e-04; elapsed=614.8s
  negatives seen=100.0%; hard negatives=0
Epoch 041 train: loss=0.3185 AUROC=0.9812 AUPRC=0.9045 BalAcc=0.9366 F1=0.7769 MCC=0.7621
Epoch 041 val  : loss=0.1348 AUROC=0.9675 AUPRC=0.6768 BalAcc=0.9086 F1=0.3811 MCC=0.4471
  learning_rate_used=1.967e-04; learning_rate_next=1.922e-04; elapsed=644.5s
  negatives seen=100.0%; hard negatives=0
Epoch 042 train: loss=0.3174 AUROC=0.9811 AUPRC=0.9043 BalAcc=0.9372 F1=0.7796 MCC=0.7648
Epoch 042 val  : loss=0.1378 AUROC=0.9675 AUPRC=0.6772 BalAcc=0.9097 F1=0.3583 MCC=0.4299
  learning_rate_used=1.922e-04; learning_rate_next=1.877e-04; elapsed=649.3s
  negatives seen=100.0%; hard negatives=0
Epoch 043 train: loss=0.3148 AUROC=0.9815 AUPRC=0.9046 BalAcc=0.9378 F1=0.7797 MCC=0.7650
Epoch 043 val  : loss=0.1234 AUROC=0.9672 AUPRC=0.6802 BalAcc=0.9067 F1=0.3990 MCC=0.4601
  learning_rate_used=1.877e-04; learning_rate_next=1.831e-04; elapsed=640.0s
  negatives seen=100.0%; hard negatives=0
Epoch 044 train: loss=0.3125 AUROC=0.9818 AUPRC=0.9065 BalAcc=0.9382 F1=0.7834 MCC=0.7687
Epoch 044 val  : loss=0.1113 AUROC=0.9669 AUPRC=0.6785 BalAcc=0.8926 F1=0.4551 MCC=0.4978
  learning_rate_used=1.831e-04; learning_rate_next=1.785e-04; elapsed=653.5s
  negatives seen=100.0%; hard negatives=0
Epoch 045 train: loss=0.3131 AUROC=0.9819 AUPRC=0.9054 BalAcc=0.9378 F1=0.7840 MCC=0.7692
Epoch 045 val  : loss=0.1291 AUROC=0.9662 AUPRC=0.6800 BalAcc=0.9067 F1=0.3887 MCC=0.4522
  learning_rate_used=1.785e-04; learning_rate_next=1.739e-04; elapsed=653.4s
  negatives seen=100.0%; hard negatives=0
Epoch 046 train: loss=0.3086 AUROC=0.9824 AUPRC=0.9075 BalAcc=0.9387 F1=0.7841 MCC=0.7695
Epoch 046 val  : loss=0.1167 AUROC=0.9685 AUPRC=0.6850 BalAcc=0.9055 F1=0.4182 MCC=0.4744
  learning_rate_used=1.739e-04; learning_rate_next=1.692e-04; elapsed=645.8s
  negatives seen=100.0%; hard negatives=0
Epoch 047 train: loss=0.3048 AUROC=0.9830 AUPRC=0.9096 BalAcc=0.9397 F1=0.7860 MCC=0.7716
Epoch 047 val  : loss=0.1199 AUROC=0.9685 AUPRC=0.6829 BalAcc=0.9063 F1=0.4083 MCC=0.4671
  learning_rate_used=1.692e-04; learning_rate_next=1.646e-04; elapsed=644.6s
  negatives seen=100.0%; hard negatives=0
Epoch 048 train: loss=0.3044 AUROC=0.9831 AUPRC=0.9085 BalAcc=0.9399 F1=0.7873 MCC=0.7729
Epoch 048 val  : loss=0.1196 AUROC=0.9675 AUPRC=0.6824 BalAcc=0.9025 F1=0.4204 MCC=0.4749
  learning_rate_used=1.646e-04; learning_rate_next=1.599e-04; elapsed=640.8s
  negatives seen=100.0%; hard negatives=0
Epoch 049 train: loss=0.3032 AUROC=0.9833 AUPRC=0.9091 BalAcc=0.9399 F1=0.7863 MCC=0.7719
Epoch 049 val  : loss=0.1197 AUROC=0.9674 AUPRC=0.6813 BalAcc=0.9033 F1=0.4162 MCC=0.4720
  learning_rate_used=1.599e-04; learning_rate_next=1.552e-04; elapsed=650.2s
  negatives seen=100.0%; hard negatives=0
Epoch 050 train: loss=0.3030 AUROC=0.9833 AUPRC=0.9092 BalAcc=0.9403 F1=0.7880 MCC=0.7737
Epoch 050 val  : loss=0.1187 AUROC=0.9678 AUPRC=0.6829 BalAcc=0.9037 F1=0.4212 MCC=0.4760
  learning_rate_used=1.552e-04; learning_rate_next=1.505e-04; elapsed=640.4s
  negatives seen=100.0%; hard negatives=0
Epoch 051 train: loss=0.2998 AUROC=0.9837 AUPRC=0.9109 BalAcc=0.9408 F1=0.7908 MCC=0.7765
Epoch 051 val  : loss=0.1090 AUROC=0.9672 AUPRC=0.6819 BalAcc=0.8912 F1=0.4793 MCC=0.5162
  learning_rate_used=1.505e-04; learning_rate_next=1.458e-04; elapsed=644.2s
  negatives seen=100.0%; hard negatives=0
Epoch 052 train: loss=0.2939 AUROC=0.9843 AUPRC=0.9119 BalAcc=0.9423 F1=0.7948 MCC=0.7808
Epoch 052 val  : loss=0.1260 AUROC=0.9667 AUPRC=0.6801 BalAcc=0.9081 F1=0.3835 MCC=0.4487
  learning_rate_used=1.458e-04; learning_rate_next=1.411e-04; elapsed=642.9s
  negatives seen=100.0%; hard negatives=0
Epoch 053 train: loss=0.2953 AUROC=0.9843 AUPRC=0.9121 BalAcc=0.9418 F1=0.7926 MCC=0.7785
Epoch 053 val  : loss=0.1235 AUROC=0.9672 AUPRC=0.6851 BalAcc=0.9092 F1=0.3871 MCC=0.4520
  learning_rate_used=1.411e-04; learning_rate_next=1.364e-04; elapsed=597.2s
  negatives seen=100.0%; hard negatives=0
Epoch 054 train: loss=0.2888 AUROC=0.9851 AUPRC=0.9154 BalAcc=0.9429 F1=0.7977 MCC=0.7837
Epoch 054 val  : loss=0.1102 AUROC=0.9665 AUPRC=0.6810 BalAcc=0.8911 F1=0.4714 MCC=0.5099
  learning_rate_used=1.364e-04; learning_rate_next=1.318e-04; elapsed=593.6s
  negatives seen=100.0%; hard negatives=0
Epoch 055 train: loss=0.2904 AUROC=0.9849 AUPRC=0.9138 BalAcc=0.9428 F1=0.7955 MCC=0.7815
Epoch 055 val  : loss=0.1204 AUROC=0.9658 AUPRC=0.6798 BalAcc=0.9001 F1=0.4275 MCC=0.4794
  learning_rate_used=1.318e-04; learning_rate_next=1.271e-04; elapsed=592.6s
  negatives seen=100.0%; hard negatives=0
Epoch 056 train: loss=0.2865 AUROC=0.9853 AUPRC=0.9153 BalAcc=0.9432 F1=0.7993 MCC=0.7853
Epoch 056 val  : loss=0.1202 AUROC=0.9658 AUPRC=0.6778 BalAcc=0.9019 F1=0.4217 MCC=0.4757
  learning_rate_used=1.271e-04; learning_rate_next=1.225e-04; elapsed=602.0s
  negatives seen=100.0%; hard negatives=0
Epoch 057 train: loss=0.2848 AUROC=0.9855 AUPRC=0.9163 BalAcc=0.9438 F1=0.8012 MCC=0.7873
Epoch 057 val  : loss=0.1186 AUROC=0.9664 AUPRC=0.6810 BalAcc=0.9019 F1=0.4202 MCC=0.4745
  learning_rate_used=1.225e-04; learning_rate_next=1.179e-04; elapsed=597.7s
  negatives seen=100.0%; hard negatives=0
Epoch 058 train: loss=0.2814 AUROC=0.9860 AUPRC=0.9178 BalAcc=0.9449 F1=0.8028 MCC=0.7891
Epoch 058 val  : loss=0.1201 AUROC=0.9658 AUPRC=0.6816 BalAcc=0.9033 F1=0.4158 MCC=0.4717
  learning_rate_used=1.179e-04; learning_rate_next=1.133e-04; elapsed=596.0s
Early stopping after 58 epochs.
Binary threshold: 0.971705 (strategy=val-mcc, validation_score=0.641863)
Validation-only run completed; frozen model: /data/projects/SFB_A03/jan/AT_TFBS/human301/runs/CTCF/crossassay_archthalia_20261009_144503_1046783/CHIP_seed5/model_for_prediction.pt
CTCF: CHIP -> CHIP
TEST CTCF CHIP -> CHIP: loss=0.1474 AUROC=0.9683 AUPRC=0.6661 BalAcc=0.7862 F1=0.6250 MCC=0.6240
CTCF: CHIP -> GHTS
TEST CTCF CHIP -> GHTS: loss=0.2585 AUROC=0.9948 AUPRC=0.9313 BalAcc=0.9715 F1=0.5802 MCC=0.6263
Completed CTCF/CHIP: one model, both fixed test sets.
