TF=CTCF train=CHIP seed=1 model=hum301_motif64_local.py
/home/jbossenz/miniforge3/envs/at_env/bin/python -u /data/projects/SFB_A03/jan/AT_TFBS/human301/hum301_motif64_local.py train --cache /data/projects/SFB_A03/jan/AT_TFBS/raw_data/human/ArchThalia-ML/CTCF/CHIP/dataset.npz --output-dir /data/projects/SFB_A03/jan/AT_TFBS/human301/runs/CTCF/crossassay_archthalia_20261009_144503_1046783/CHIP_seed1 --input-length 256 --embed-channels 64 --encoder-channels 80 96 128 --heads 4 --ffn-channels 256 --classification-readout local-logsumexp --task-mode classification --checkpoint-objective classification-auprc --threshold-strategy val-mcc --negatives-per-positive 10 --batch-size 88 --hard-negative-fraction 0 --epochs 100 --patience 20 --learning-rate 0.0003 --min-learning-rate 0.000001 --weight-decay 0.0001 --dropout 0.1 --activation relu --reverse-complement-probability 0.5 --eval-crops multi --eval-rc --no-balanced-evaluation --eval-batch-size 128 --num-workers 2 --seed 1 --device cuda --skip-test
Window geometry: 256 bp from 301 bp; crop starts 0..45; shifts -22..+23; fresh uniform draw per access
Evaluation: crops (0, 22, 23, 45), reverse complement=True; all samples
train: n=4,464,503, positive=44,203, negative=4,420,300
  val: n=1,304,112, positive=12,912, negative=1,291,200
 test: n=5,206,247, positive=51,547, negative=5,154,700
Device: cuda
Hidden activation: RELU
Parameters: 1,032,981 total; 1,032,981 trainable
Architecture: motif kernels 9/12; encoder 128/64/64; original five-block bottleneck at 64; decoder 64/128/256
  negatives seen=10.0%; hard negatives=0
Epoch 001 train: loss=0.6138 AUROC=0.9281 AUPRC=0.7387 BalAcc=0.8592 F1=0.5707 MCC=0.5474
Epoch 001 val  : loss=0.1531 AUROC=0.9562 AUPRC=0.5787 BalAcc=0.8776 F1=0.3295 MCC=0.3947
  learning_rate_used=3.000e-04; learning_rate_next=2.999e-04; elapsed=591.5s
  saved new best checkpoint: /data/projects/SFB_A03/jan/AT_TFBS/human301/runs/CTCF/crossassay_archthalia_20261009_144503_1046783/CHIP_seed1/best_model.pt (objective=classification-auprc, score=0.578658)
  negatives seen=20.0%; hard negatives=0
Epoch 002 train: loss=0.5022 AUROC=0.9516 AUPRC=0.8107 BalAcc=0.8910 F1=0.6460 MCC=0.6263
Epoch 002 val  : loss=0.1700 AUROC=0.9612 AUPRC=0.6133 BalAcc=0.8870 F1=0.3421 MCC=0.4082
  learning_rate_used=2.999e-04; learning_rate_next=2.997e-04; elapsed=592.6s
  saved new best checkpoint: /data/projects/SFB_A03/jan/AT_TFBS/human301/runs/CTCF/crossassay_archthalia_20261009_144503_1046783/CHIP_seed1/best_model.pt (objective=classification-auprc, score=0.613306)
  negatives seen=30.0%; hard negatives=0
Epoch 003 train: loss=0.4656 AUROC=0.9583 AUPRC=0.8338 BalAcc=0.9007 F1=0.6708 MCC=0.6521
Epoch 003 val  : loss=0.1369 AUROC=0.9640 AUPRC=0.6177 BalAcc=0.8857 F1=0.3897 MCC=0.4445
  learning_rate_used=2.997e-04; learning_rate_next=2.993e-04; elapsed=595.3s
  saved new best checkpoint: /data/projects/SFB_A03/jan/AT_TFBS/human301/runs/CTCF/crossassay_archthalia_20261009_144503_1046783/CHIP_seed1/best_model.pt (objective=classification-auprc, score=0.617694)
  negatives seen=40.0%; hard negatives=0
Epoch 004 train: loss=0.4465 AUROC=0.9616 AUPRC=0.8447 BalAcc=0.9056 F1=0.6845 MCC=0.6663
Epoch 004 val  : loss=0.1799 AUROC=0.9659 AUPRC=0.6466 BalAcc=0.9125 F1=0.2647 MCC=0.3572
  learning_rate_used=2.993e-04; learning_rate_next=2.988e-04; elapsed=596.2s
  saved new best checkpoint: /data/projects/SFB_A03/jan/AT_TFBS/human301/runs/CTCF/crossassay_archthalia_20261009_144503_1046783/CHIP_seed1/best_model.pt (objective=classification-auprc, score=0.646623)
  negatives seen=50.0%; hard negatives=0
Epoch 005 train: loss=0.4349 AUROC=0.9636 AUPRC=0.8511 BalAcc=0.9086 F1=0.6935 MCC=0.6755
Epoch 005 val  : loss=0.1330 AUROC=0.9674 AUPRC=0.6552 BalAcc=0.9035 F1=0.3476 MCC=0.4191
  learning_rate_used=2.988e-04; learning_rate_next=2.982e-04; elapsed=603.9s
  saved new best checkpoint: /data/projects/SFB_A03/jan/AT_TFBS/human301/runs/CTCF/crossassay_archthalia_20261009_144503_1046783/CHIP_seed1/best_model.pt (objective=classification-auprc, score=0.655166)
  negatives seen=60.0%; hard negatives=0
Epoch 006 train: loss=0.4234 AUROC=0.9654 AUPRC=0.8570 BalAcc=0.9123 F1=0.7029 MCC=0.6854
Epoch 006 val  : loss=0.1214 AUROC=0.9676 AUPRC=0.6523 BalAcc=0.8927 F1=0.4206 MCC=0.4712
  learning_rate_used=2.982e-04; learning_rate_next=2.974e-04; elapsed=643.8s
  negatives seen=70.0%; hard negatives=0
Epoch 007 train: loss=0.4172 AUROC=0.9663 AUPRC=0.8592 BalAcc=0.9138 F1=0.7071 MCC=0.6898
Epoch 007 val  : loss=0.1370 AUROC=0.9681 AUPRC=0.6550 BalAcc=0.9079 F1=0.3328 MCC=0.4094
  learning_rate_used=2.974e-04; learning_rate_next=2.964e-04; elapsed=641.0s
  negatives seen=80.0%; hard negatives=0
Epoch 008 train: loss=0.4098 AUROC=0.9673 AUPRC=0.8651 BalAcc=0.9154 F1=0.7128 MCC=0.6955
Epoch 008 val  : loss=0.1672 AUROC=0.9690 AUPRC=0.6594 BalAcc=0.9153 F1=0.2895 MCC=0.3782
  learning_rate_used=2.964e-04; learning_rate_next=2.953e-04; elapsed=643.9s
  saved new best checkpoint: /data/projects/SFB_A03/jan/AT_TFBS/human301/runs/CTCF/crossassay_archthalia_20261009_144503_1046783/CHIP_seed1/best_model.pt (objective=classification-auprc, score=0.659395)
  negatives seen=90.0%; hard negatives=0
Epoch 009 train: loss=0.4064 AUROC=0.9681 AUPRC=0.8655 BalAcc=0.9168 F1=0.7163 MCC=0.6992
Epoch 009 val  : loss=0.1232 AUROC=0.9690 AUPRC=0.6593 BalAcc=0.8981 F1=0.4060 MCC=0.4621
  learning_rate_used=2.953e-04; learning_rate_next=2.941e-04; elapsed=649.1s
  negatives seen=100.0%; hard negatives=0
Epoch 010 train: loss=0.3986 AUROC=0.9692 AUPRC=0.8703 BalAcc=0.9185 F1=0.7231 MCC=0.7061
Epoch 010 val  : loss=0.1699 AUROC=0.9650 AUPRC=0.6631 BalAcc=0.9128 F1=0.3023 MCC=0.3874
  learning_rate_used=2.941e-04; learning_rate_next=2.927e-04; elapsed=645.4s
  saved new best checkpoint: /data/projects/SFB_A03/jan/AT_TFBS/human301/runs/CTCF/crossassay_archthalia_20261009_144503_1046783/CHIP_seed1/best_model.pt (objective=classification-auprc, score=0.663060)
  negatives seen=100.0%; hard negatives=0
Epoch 011 train: loss=0.3937 AUROC=0.9701 AUPRC=0.8722 BalAcc=0.9196 F1=0.7251 MCC=0.7082
Epoch 011 val  : loss=0.1894 AUROC=0.9678 AUPRC=0.6620 BalAcc=0.9154 F1=0.2753 MCC=0.3669
  learning_rate_used=2.927e-04; learning_rate_next=2.912e-04; elapsed=646.9s
  negatives seen=100.0%; hard negatives=0
Epoch 012 train: loss=0.3904 AUROC=0.9706 AUPRC=0.8729 BalAcc=0.9199 F1=0.7263 MCC=0.7094
Epoch 012 val  : loss=0.1459 AUROC=0.9687 AUPRC=0.6530 BalAcc=0.9112 F1=0.3123 MCC=0.3946
  learning_rate_used=2.912e-04; learning_rate_next=2.895e-04; elapsed=630.2s
  negatives seen=100.0%; hard negatives=0
Epoch 013 train: loss=0.3879 AUROC=0.9708 AUPRC=0.8746 BalAcc=0.9213 F1=0.7280 MCC=0.7115
Epoch 013 val  : loss=0.1362 AUROC=0.9695 AUPRC=0.6700 BalAcc=0.9081 F1=0.3680 MCC=0.4367
  learning_rate_used=2.895e-04; learning_rate_next=2.877e-04; elapsed=592.9s
  saved new best checkpoint: /data/projects/SFB_A03/jan/AT_TFBS/human301/runs/CTCF/crossassay_archthalia_20261009_144503_1046783/CHIP_seed1/best_model.pt (objective=classification-auprc, score=0.670042)
  negatives seen=100.0%; hard negatives=0
Epoch 014 train: loss=0.3859 AUROC=0.9712 AUPRC=0.8763 BalAcc=0.9212 F1=0.7310 MCC=0.7142
Epoch 014 val  : loss=0.1222 AUROC=0.9691 AUPRC=0.6579 BalAcc=0.9036 F1=0.3803 MCC=0.4445
  learning_rate_used=2.877e-04; learning_rate_next=2.858e-04; elapsed=595.1s
  negatives seen=100.0%; hard negatives=0
Epoch 015 train: loss=0.3818 AUROC=0.9717 AUPRC=0.8780 BalAcc=0.9222 F1=0.7309 MCC=0.7144
Epoch 015 val  : loss=0.1410 AUROC=0.9697 AUPRC=0.6709 BalAcc=0.9118 F1=0.3377 MCC=0.4148
  learning_rate_used=2.858e-04; learning_rate_next=2.837e-04; elapsed=596.3s
  saved new best checkpoint: /data/projects/SFB_A03/jan/AT_TFBS/human301/runs/CTCF/crossassay_archthalia_20261009_144503_1046783/CHIP_seed1/best_model.pt (objective=classification-auprc, score=0.670865)
  negatives seen=100.0%; hard negatives=0
Epoch 016 train: loss=0.3790 AUROC=0.9721 AUPRC=0.8798 BalAcc=0.9230 F1=0.7352 MCC=0.7187
Epoch 016 val  : loss=0.1275 AUROC=0.9700 AUPRC=0.6720 BalAcc=0.9042 F1=0.3976 MCC=0.4580
  learning_rate_used=2.837e-04; learning_rate_next=2.815e-04; elapsed=591.1s
  saved new best checkpoint: /data/projects/SFB_A03/jan/AT_TFBS/human301/runs/CTCF/crossassay_archthalia_20261009_144503_1046783/CHIP_seed1/best_model.pt (objective=classification-auprc, score=0.671982)
  negatives seen=100.0%; hard negatives=0
Epoch 017 train: loss=0.3740 AUROC=0.9728 AUPRC=0.8816 BalAcc=0.9238 F1=0.7381 MCC=0.7217
Epoch 017 val  : loss=0.1393 AUROC=0.9699 AUPRC=0.6738 BalAcc=0.9105 F1=0.3569 MCC=0.4292
  learning_rate_used=2.815e-04; learning_rate_next=2.792e-04; elapsed=590.0s
  saved new best checkpoint: /data/projects/SFB_A03/jan/AT_TFBS/human301/runs/CTCF/crossassay_archthalia_20261009_144503_1046783/CHIP_seed1/best_model.pt (objective=classification-auprc, score=0.673752)
  negatives seen=100.0%; hard negatives=0
Epoch 018 train: loss=0.3726 AUROC=0.9729 AUPRC=0.8824 BalAcc=0.9242 F1=0.7388 MCC=0.7224
Epoch 018 val  : loss=0.1448 AUROC=0.9698 AUPRC=0.6750 BalAcc=0.9146 F1=0.3302 MCC=0.4100
  learning_rate_used=2.792e-04; learning_rate_next=2.767e-04; elapsed=594.9s
  saved new best checkpoint: /data/projects/SFB_A03/jan/AT_TFBS/human301/runs/CTCF/crossassay_archthalia_20261009_144503_1046783/CHIP_seed1/best_model.pt (objective=classification-auprc, score=0.674967)
  negatives seen=100.0%; hard negatives=0
Epoch 019 train: loss=0.3689 AUROC=0.9736 AUPRC=0.8841 BalAcc=0.9251 F1=0.7426 MCC=0.7263
Epoch 019 val  : loss=0.1343 AUROC=0.9690 AUPRC=0.6661 BalAcc=0.9071 F1=0.3665 MCC=0.4352
  learning_rate_used=2.767e-04; learning_rate_next=2.741e-04; elapsed=624.9s
  negatives seen=100.0%; hard negatives=0
Epoch 020 train: loss=0.3672 AUROC=0.9738 AUPRC=0.8840 BalAcc=0.9260 F1=0.7440 MCC=0.7279
Epoch 020 val  : loss=0.1349 AUROC=0.9699 AUPRC=0.6785 BalAcc=0.9138 F1=0.3535 MCC=0.4279
  learning_rate_used=2.741e-04; learning_rate_next=2.714e-04; elapsed=595.9s
  saved new best checkpoint: /data/projects/SFB_A03/jan/AT_TFBS/human301/runs/CTCF/crossassay_archthalia_20261009_144503_1046783/CHIP_seed1/best_model.pt (objective=classification-auprc, score=0.678477)
  negatives seen=100.0%; hard negatives=0
Epoch 021 train: loss=0.3643 AUROC=0.9743 AUPRC=0.8859 BalAcc=0.9260 F1=0.7439 MCC=0.7278
Epoch 021 val  : loss=0.1576 AUROC=0.9695 AUPRC=0.6775 BalAcc=0.9180 F1=0.3130 MCC=0.3979
  learning_rate_used=2.714e-04; learning_rate_next=2.686e-04; elapsed=588.2s
  negatives seen=100.0%; hard negatives=0
Epoch 022 train: loss=0.3610 AUROC=0.9747 AUPRC=0.8866 BalAcc=0.9270 F1=0.7461 MCC=0.7302
Epoch 022 val  : loss=0.1139 AUROC=0.9683 AUPRC=0.6781 BalAcc=0.8978 F1=0.4440 MCC=0.4912
  learning_rate_used=2.686e-04; learning_rate_next=2.657e-04; elapsed=592.0s
  negatives seen=100.0%; hard negatives=0
Epoch 023 train: loss=0.3571 AUROC=0.9753 AUPRC=0.8902 BalAcc=0.9284 F1=0.7525 MCC=0.7365
Epoch 023 val  : loss=0.1392 AUROC=0.9708 AUPRC=0.6827 BalAcc=0.9174 F1=0.3218 MCC=0.4045
  learning_rate_used=2.657e-04; learning_rate_next=2.626e-04; elapsed=592.1s
  saved new best checkpoint: /data/projects/SFB_A03/jan/AT_TFBS/human301/runs/CTCF/crossassay_archthalia_20261009_144503_1046783/CHIP_seed1/best_model.pt (objective=classification-auprc, score=0.682661)
  negatives seen=100.0%; hard negatives=0
Epoch 024 train: loss=0.3591 AUROC=0.9749 AUPRC=0.8884 BalAcc=0.9273 F1=0.7489 MCC=0.7328
Epoch 024 val  : loss=0.1271 AUROC=0.9696 AUPRC=0.6738 BalAcc=0.9000 F1=0.4227 MCC=0.4757
  learning_rate_used=2.626e-04; learning_rate_next=2.595e-04; elapsed=591.3s
  negatives seen=100.0%; hard negatives=0
Epoch 025 train: loss=0.3533 AUROC=0.9756 AUPRC=0.8899 BalAcc=0.9294 F1=0.7527 MCC=0.7370
Epoch 025 val  : loss=0.1302 AUROC=0.9703 AUPRC=0.6789 BalAcc=0.9139 F1=0.3529 MCC=0.4274
  learning_rate_used=2.595e-04; learning_rate_next=2.562e-04; elapsed=599.5s
  negatives seen=100.0%; hard negatives=0
Epoch 026 train: loss=0.3546 AUROC=0.9758 AUPRC=0.8895 BalAcc=0.9283 F1=0.7536 MCC=0.7376
Epoch 026 val  : loss=0.1666 AUROC=0.9697 AUPRC=0.6767 BalAcc=0.9199 F1=0.2891 MCC=0.3796
  learning_rate_used=2.562e-04; learning_rate_next=2.528e-04; elapsed=595.1s
  negatives seen=100.0%; hard negatives=0
Epoch 027 train: loss=0.3512 AUROC=0.9760 AUPRC=0.8915 BalAcc=0.9299 F1=0.7559 MCC=0.7402
Epoch 027 val  : loss=0.1282 AUROC=0.9696 AUPRC=0.6769 BalAcc=0.9075 F1=0.3844 MCC=0.4492
  learning_rate_used=2.528e-04; learning_rate_next=2.494e-04; elapsed=589.8s
  negatives seen=100.0%; hard negatives=0
Epoch 028 train: loss=0.3476 AUROC=0.9768 AUPRC=0.8922 BalAcc=0.9299 F1=0.7567 MCC=0.7410
Epoch 028 val  : loss=0.1160 AUROC=0.9703 AUPRC=0.6816 BalAcc=0.9046 F1=0.4087 MCC=0.4667
  learning_rate_used=2.494e-04; learning_rate_next=2.458e-04; elapsed=593.1s
  negatives seen=100.0%; hard negatives=0
Epoch 029 train: loss=0.3477 AUROC=0.9767 AUPRC=0.8933 BalAcc=0.9301 F1=0.7575 MCC=0.7418
Epoch 029 val  : loss=0.1276 AUROC=0.9694 AUPRC=0.6790 BalAcc=0.9071 F1=0.3901 MCC=0.4534
  learning_rate_used=2.458e-04; learning_rate_next=2.421e-04; elapsed=592.7s
  negatives seen=100.0%; hard negatives=0
Epoch 030 train: loss=0.3454 AUROC=0.9770 AUPRC=0.8937 BalAcc=0.9310 F1=0.7585 MCC=0.7430
Epoch 030 val  : loss=0.1371 AUROC=0.9694 AUPRC=0.6787 BalAcc=0.9109 F1=0.3672 MCC=0.4373
  learning_rate_used=2.421e-04; learning_rate_next=2.384e-04; elapsed=591.6s
  negatives seen=100.0%; hard negatives=0
Epoch 031 train: loss=0.3432 AUROC=0.9772 AUPRC=0.8947 BalAcc=0.9316 F1=0.7626 MCC=0.7470
Epoch 031 val  : loss=0.1242 AUROC=0.9711 AUPRC=0.6818 BalAcc=0.9113 F1=0.3744 MCC=0.4430
  learning_rate_used=2.384e-04; learning_rate_next=2.345e-04; elapsed=612.3s
  negatives seen=100.0%; hard negatives=0
Epoch 032 train: loss=0.3397 AUROC=0.9779 AUPRC=0.8964 BalAcc=0.9318 F1=0.7628 MCC=0.7473
Epoch 032 val  : loss=0.1226 AUROC=0.9704 AUPRC=0.6815 BalAcc=0.9086 F1=0.3913 MCC=0.4549
  learning_rate_used=2.345e-04; learning_rate_next=2.306e-04; elapsed=647.2s
  negatives seen=100.0%; hard negatives=0
Epoch 033 train: loss=0.3378 AUROC=0.9783 AUPRC=0.8965 BalAcc=0.9326 F1=0.7635 MCC=0.7482
Epoch 033 val  : loss=0.1221 AUROC=0.9687 AUPRC=0.6783 BalAcc=0.9036 F1=0.4118 MCC=0.4687
  learning_rate_used=2.306e-04; learning_rate_next=2.266e-04; elapsed=590.4s
  negatives seen=100.0%; hard negatives=0
Epoch 034 train: loss=0.3361 AUROC=0.9785 AUPRC=0.8970 BalAcc=0.9326 F1=0.7647 MCC=0.7493
Epoch 034 val  : loss=0.1249 AUROC=0.9696 AUPRC=0.6837 BalAcc=0.9110 F1=0.3743 MCC=0.4428
  learning_rate_used=2.266e-04; learning_rate_next=2.225e-04; elapsed=593.2s
  saved new best checkpoint: /data/projects/SFB_A03/jan/AT_TFBS/human301/runs/CTCF/crossassay_archthalia_20261009_144503_1046783/CHIP_seed1/best_model.pt (objective=classification-auprc, score=0.683695)
  negatives seen=100.0%; hard negatives=0
Epoch 035 train: loss=0.3344 AUROC=0.9787 AUPRC=0.8981 BalAcc=0.9331 F1=0.7668 MCC=0.7515
Epoch 035 val  : loss=0.1508 AUROC=0.9703 AUPRC=0.6798 BalAcc=0.9177 F1=0.3085 MCC=0.3942
  learning_rate_used=2.225e-04; learning_rate_next=2.184e-04; elapsed=597.0s
  negatives seen=100.0%; hard negatives=0
Epoch 036 train: loss=0.3329 AUROC=0.9790 AUPRC=0.8996 BalAcc=0.9327 F1=0.7671 MCC=0.7516
Epoch 036 val  : loss=0.1320 AUROC=0.9684 AUPRC=0.6840 BalAcc=0.9088 F1=0.3920 MCC=0.4556
  learning_rate_used=2.184e-04; learning_rate_next=2.142e-04; elapsed=589.9s
  saved new best checkpoint: /data/projects/SFB_A03/jan/AT_TFBS/human301/runs/CTCF/crossassay_archthalia_20261009_144503_1046783/CHIP_seed1/best_model.pt (objective=classification-auprc, score=0.683953)
  negatives seen=100.0%; hard negatives=0
Epoch 037 train: loss=0.3295 AUROC=0.9795 AUPRC=0.8992 BalAcc=0.9345 F1=0.7714 MCC=0.7562
Epoch 037 val  : loss=0.1157 AUROC=0.9704 AUPRC=0.6848 BalAcc=0.9056 F1=0.4115 MCC=0.4693
  learning_rate_used=2.142e-04; learning_rate_next=2.099e-04; elapsed=591.9s
  saved new best checkpoint: /data/projects/SFB_A03/jan/AT_TFBS/human301/runs/CTCF/crossassay_archthalia_20261009_144503_1046783/CHIP_seed1/best_model.pt (objective=classification-auprc, score=0.684793)
  negatives seen=100.0%; hard negatives=0
Epoch 038 train: loss=0.3257 AUROC=0.9798 AUPRC=0.9019 BalAcc=0.9350 F1=0.7716 MCC=0.7566
Epoch 038 val  : loss=0.1134 AUROC=0.9695 AUPRC=0.6848 BalAcc=0.9022 F1=0.4256 MCC=0.4788
  learning_rate_used=2.099e-04; learning_rate_next=2.055e-04; elapsed=599.2s
  negatives seen=100.0%; hard negatives=0
Epoch 039 train: loss=0.3262 AUROC=0.9800 AUPRC=0.9007 BalAcc=0.9350 F1=0.7722 MCC=0.7571
Epoch 039 val  : loss=0.1167 AUROC=0.9681 AUPRC=0.6807 BalAcc=0.9006 F1=0.4256 MCC=0.4782
  learning_rate_used=2.055e-04; learning_rate_next=2.011e-04; elapsed=586.6s
  negatives seen=100.0%; hard negatives=0
Epoch 040 train: loss=0.3232 AUROC=0.9803 AUPRC=0.9022 BalAcc=0.9351 F1=0.7738 MCC=0.7587
Epoch 040 val  : loss=0.1155 AUROC=0.9702 AUPRC=0.6790 BalAcc=0.9039 F1=0.4032 MCC=0.4622
  learning_rate_used=2.011e-04; learning_rate_next=1.967e-04; elapsed=600.2s
  negatives seen=100.0%; hard negatives=0
Epoch 041 train: loss=0.3226 AUROC=0.9804 AUPRC=0.9028 BalAcc=0.9362 F1=0.7757 MCC=0.7608
Epoch 041 val  : loss=0.1232 AUROC=0.9693 AUPRC=0.6808 BalAcc=0.9084 F1=0.3844 MCC=0.4495
  learning_rate_used=1.967e-04; learning_rate_next=1.922e-04; elapsed=587.8s
  negatives seen=100.0%; hard negatives=0
Epoch 042 train: loss=0.3198 AUROC=0.9807 AUPRC=0.9035 BalAcc=0.9366 F1=0.7762 MCC=0.7614
Epoch 042 val  : loss=0.1334 AUROC=0.9690 AUPRC=0.6794 BalAcc=0.9106 F1=0.3606 MCC=0.4320
  learning_rate_used=1.922e-04; learning_rate_next=1.877e-04; elapsed=589.9s
  negatives seen=100.0%; hard negatives=0
Epoch 043 train: loss=0.3168 AUROC=0.9813 AUPRC=0.9040 BalAcc=0.9370 F1=0.7771 MCC=0.7623
Epoch 043 val  : loss=0.1326 AUROC=0.9684 AUPRC=0.6802 BalAcc=0.9092 F1=0.3685 MCC=0.4376
  learning_rate_used=1.877e-04; learning_rate_next=1.831e-04; elapsed=600.4s
  negatives seen=100.0%; hard negatives=0
Epoch 044 train: loss=0.3148 AUROC=0.9815 AUPRC=0.9052 BalAcc=0.9374 F1=0.7802 MCC=0.7654
Epoch 044 val  : loss=0.1258 AUROC=0.9687 AUPRC=0.6830 BalAcc=0.9081 F1=0.3849 MCC=0.4498
  learning_rate_used=1.831e-04; learning_rate_next=1.785e-04; elapsed=601.5s
  negatives seen=100.0%; hard negatives=0
Epoch 045 train: loss=0.3118 AUROC=0.9820 AUPRC=0.9060 BalAcc=0.9382 F1=0.7807 MCC=0.7661
Epoch 045 val  : loss=0.1284 AUROC=0.9697 AUPRC=0.6830 BalAcc=0.9130 F1=0.3668 MCC=0.4378
  learning_rate_used=1.785e-04; learning_rate_next=1.739e-04; elapsed=600.8s
  negatives seen=100.0%; hard negatives=0
Epoch 046 train: loss=0.3118 AUROC=0.9820 AUPRC=0.9075 BalAcc=0.9376 F1=0.7808 MCC=0.7661
Epoch 046 val  : loss=0.1296 AUROC=0.9698 AUPRC=0.6842 BalAcc=0.9110 F1=0.3771 MCC=0.4450
  learning_rate_used=1.739e-04; learning_rate_next=1.692e-04; elapsed=592.4s
  negatives seen=100.0%; hard negatives=0
Epoch 047 train: loss=0.3095 AUROC=0.9823 AUPRC=0.9081 BalAcc=0.9386 F1=0.7831 MCC=0.7685
Epoch 047 val  : loss=0.1323 AUROC=0.9675 AUPRC=0.6827 BalAcc=0.9089 F1=0.3826 MCC=0.4483
  learning_rate_used=1.692e-04; learning_rate_next=1.646e-04; elapsed=590.6s
  negatives seen=100.0%; hard negatives=0
Epoch 048 train: loss=0.3039 AUROC=0.9830 AUPRC=0.9095 BalAcc=0.9398 F1=0.7875 MCC=0.7730
Epoch 048 val  : loss=0.1141 AUROC=0.9693 AUPRC=0.6822 BalAcc=0.9025 F1=0.4276 MCC=0.4804
  learning_rate_used=1.646e-04; learning_rate_next=1.599e-04; elapsed=598.8s
  negatives seen=100.0%; hard negatives=0
Epoch 049 train: loss=0.3059 AUROC=0.9828 AUPRC=0.9091 BalAcc=0.9392 F1=0.7855 MCC=0.7709
Epoch 049 val  : loss=0.1331 AUROC=0.9698 AUPRC=0.6834 BalAcc=0.9152 F1=0.3475 MCC=0.4238
  learning_rate_used=1.599e-04; learning_rate_next=1.552e-04; elapsed=598.7s
  negatives seen=100.0%; hard negatives=0
Epoch 050 train: loss=0.3039 AUROC=0.9831 AUPRC=0.9100 BalAcc=0.9398 F1=0.7885 MCC=0.7740
Epoch 050 val  : loss=0.1132 AUROC=0.9681 AUPRC=0.6811 BalAcc=0.8964 F1=0.4510 MCC=0.4961
  learning_rate_used=1.552e-04; learning_rate_next=1.505e-04; elapsed=597.1s
  negatives seen=100.0%; hard negatives=0
Epoch 051 train: loss=0.3004 AUROC=0.9835 AUPRC=0.9102 BalAcc=0.9400 F1=0.7877 MCC=0.7733
Epoch 051 val  : loss=0.1200 AUROC=0.9686 AUPRC=0.6829 BalAcc=0.9066 F1=0.4001 MCC=0.4609
  learning_rate_used=1.505e-04; learning_rate_next=1.458e-04; elapsed=598.4s
  negatives seen=100.0%; hard negatives=0
Epoch 052 train: loss=0.2979 AUROC=0.9838 AUPRC=0.9114 BalAcc=0.9413 F1=0.7916 MCC=0.7774
Epoch 052 val  : loss=0.1269 AUROC=0.9682 AUPRC=0.6807 BalAcc=0.9070 F1=0.3883 MCC=0.4520
  learning_rate_used=1.458e-04; learning_rate_next=1.411e-04; elapsed=598.8s
  negatives seen=100.0%; hard negatives=0
Epoch 053 train: loss=0.2963 AUROC=0.9840 AUPRC=0.9125 BalAcc=0.9420 F1=0.7922 MCC=0.7781
Epoch 053 val  : loss=0.1233 AUROC=0.9698 AUPRC=0.6850 BalAcc=0.9085 F1=0.3930 MCC=0.4562
  learning_rate_used=1.411e-04; learning_rate_next=1.364e-04; elapsed=600.5s
  saved new best checkpoint: /data/projects/SFB_A03/jan/AT_TFBS/human301/runs/CTCF/crossassay_archthalia_20261009_144503_1046783/CHIP_seed1/best_model.pt (objective=classification-auprc, score=0.685027)
  negatives seen=100.0%; hard negatives=0
Epoch 054 train: loss=0.2955 AUROC=0.9843 AUPRC=0.9120 BalAcc=0.9412 F1=0.7910 MCC=0.7768
Epoch 054 val  : loss=0.1135 AUROC=0.9660 AUPRC=0.6788 BalAcc=0.8917 F1=0.4616 MCC=0.5025
  learning_rate_used=1.364e-04; learning_rate_next=1.318e-04; elapsed=598.3s
  negatives seen=100.0%; hard negatives=0
Epoch 055 train: loss=0.2944 AUROC=0.9844 AUPRC=0.9120 BalAcc=0.9419 F1=0.7928 MCC=0.7788
Epoch 055 val  : loss=0.1114 AUROC=0.9693 AUPRC=0.6858 BalAcc=0.9006 F1=0.4394 MCC=0.4888
  learning_rate_used=1.318e-04; learning_rate_next=1.271e-04; elapsed=595.4s
  saved new best checkpoint: /data/projects/SFB_A03/jan/AT_TFBS/human301/runs/CTCF/crossassay_archthalia_20261009_144503_1046783/CHIP_seed1/best_model.pt (objective=classification-auprc, score=0.685831)
  negatives seen=100.0%; hard negatives=0
Epoch 056 train: loss=0.2889 AUROC=0.9848 AUPRC=0.9142 BalAcc=0.9427 F1=0.7932 MCC=0.7793
Epoch 056 val  : loss=0.1121 AUROC=0.9681 AUPRC=0.6853 BalAcc=0.8994 F1=0.4400 MCC=0.4888
  learning_rate_used=1.271e-04; learning_rate_next=1.225e-04; elapsed=597.4s
  negatives seen=100.0%; hard negatives=0
Epoch 057 train: loss=0.2896 AUROC=0.9850 AUPRC=0.9147 BalAcc=0.9432 F1=0.7981 MCC=0.7842
Epoch 057 val  : loss=0.1149 AUROC=0.9677 AUPRC=0.6821 BalAcc=0.8989 F1=0.4411 MCC=0.4895
  learning_rate_used=1.225e-04; learning_rate_next=1.179e-04; elapsed=593.9s
  negatives seen=100.0%; hard negatives=0
Epoch 058 train: loss=0.2868 AUROC=0.9852 AUPRC=0.9153 BalAcc=0.9435 F1=0.7972 MCC=0.7834
Epoch 058 val  : loss=0.1161 AUROC=0.9644 AUPRC=0.6781 BalAcc=0.8936 F1=0.4498 MCC=0.4941
  learning_rate_used=1.179e-04; learning_rate_next=1.133e-04; elapsed=591.2s
  negatives seen=100.0%; hard negatives=0
Epoch 059 train: loss=0.2846 AUROC=0.9855 AUPRC=0.9159 BalAcc=0.9440 F1=0.8004 MCC=0.7865
Epoch 059 val  : loss=0.1157 AUROC=0.9679 AUPRC=0.6823 BalAcc=0.8993 F1=0.4356 MCC=0.4854
  learning_rate_used=1.133e-04; learning_rate_next=1.088e-04; elapsed=592.0s
  negatives seen=100.0%; hard negatives=0
Epoch 060 train: loss=0.2836 AUROC=0.9855 AUPRC=0.9161 BalAcc=0.9446 F1=0.8020 MCC=0.7883
Epoch 060 val  : loss=0.1101 AUROC=0.9674 AUPRC=0.6826 BalAcc=0.8918 F1=0.4739 MCC=0.5122
  learning_rate_used=1.088e-04; learning_rate_next=1.043e-04; elapsed=590.3s
  negatives seen=100.0%; hard negatives=0
Epoch 061 train: loss=0.2791 AUROC=0.9862 AUPRC=0.9183 BalAcc=0.9449 F1=0.8043 MCC=0.7906
Epoch 061 val  : loss=0.1144 AUROC=0.9672 AUPRC=0.6822 BalAcc=0.8989 F1=0.4347 MCC=0.4845
  learning_rate_used=1.043e-04; learning_rate_next=9.986e-05; elapsed=596.7s
  negatives seen=100.0%; hard negatives=0
Epoch 062 train: loss=0.2763 AUROC=0.9865 AUPRC=0.9185 BalAcc=0.9454 F1=0.8043 MCC=0.7907
Epoch 062 val  : loss=0.1088 AUROC=0.9664 AUPRC=0.6817 BalAcc=0.8840 F1=0.5020 MCC=0.5313
  learning_rate_used=9.986e-05; learning_rate_next=9.547e-05; elapsed=592.3s
  negatives seen=100.0%; hard negatives=0
Epoch 063 train: loss=0.2747 AUROC=0.9866 AUPRC=0.9196 BalAcc=0.9458 F1=0.8029 MCC=0.7894
Epoch 063 val  : loss=0.1103 AUROC=0.9682 AUPRC=0.6833 BalAcc=0.8924 F1=0.4719 MCC=0.5108
  learning_rate_used=9.547e-05; learning_rate_next=9.113e-05; elapsed=586.2s
  negatives seen=100.0%; hard negatives=0
Epoch 064 train: loss=0.2750 AUROC=0.9866 AUPRC=0.9192 BalAcc=0.9462 F1=0.8063 MCC=0.7928
Epoch 064 val  : loss=0.1112 AUROC=0.9685 AUPRC=0.6857 BalAcc=0.8999 F1=0.4410 MCC=0.4898
  learning_rate_used=9.113e-05; learning_rate_next=8.685e-05; elapsed=591.3s
  negatives seen=100.0%; hard negatives=0
Epoch 065 train: loss=0.2694 AUROC=0.9873 AUPRC=0.9209 BalAcc=0.9467 F1=0.8074 MCC=0.7940
Epoch 065 val  : loss=0.1255 AUROC=0.9676 AUPRC=0.6823 BalAcc=0.9079 F1=0.3899 MCC=0.4536
  learning_rate_used=8.685e-05; learning_rate_next=8.263e-05; elapsed=592.1s
  negatives seen=100.0%; hard negatives=0
Epoch 066 train: loss=0.2697 AUROC=0.9872 AUPRC=0.9213 BalAcc=0.9474 F1=0.8092 MCC=0.7959
Epoch 066 val  : loss=0.1152 AUROC=0.9676 AUPRC=0.6826 BalAcc=0.8998 F1=0.4330 MCC=0.4836
  learning_rate_used=8.263e-05; learning_rate_next=7.848e-05; elapsed=595.6s
  negatives seen=100.0%; hard negatives=0
Epoch 067 train: loss=0.2665 AUROC=0.9876 AUPRC=0.9221 BalAcc=0.9472 F1=0.8098 MCC=0.7965
Epoch 067 val  : loss=0.1189 AUROC=0.9660 AUPRC=0.6804 BalAcc=0.9002 F1=0.4252 MCC=0.4777
  learning_rate_used=7.848e-05; learning_rate_next=7.440e-05; elapsed=589.5s
  negatives seen=100.0%; hard negatives=0
Epoch 068 train: loss=0.2694 AUROC=0.9872 AUPRC=0.9222 BalAcc=0.9473 F1=0.8107 MCC=0.7974
Epoch 068 val  : loss=0.1165 AUROC=0.9655 AUPRC=0.6793 BalAcc=0.8950 F1=0.4482 MCC=0.4934
  learning_rate_used=7.440e-05; learning_rate_next=7.039e-05; elapsed=586.1s
  negatives seen=100.0%; hard negatives=0
Epoch 069 train: loss=0.2643 AUROC=0.9878 AUPRC=0.9231 BalAcc=0.9482 F1=0.8133 MCC=0.8002
Epoch 069 val  : loss=0.1167 AUROC=0.9669 AUPRC=0.6796 BalAcc=0.8978 F1=0.4390 MCC=0.4874
  learning_rate_used=7.039e-05; learning_rate_next=6.647e-05; elapsed=593.1s
  negatives seen=100.0%; hard negatives=0
Epoch 070 train: loss=0.2644 AUROC=0.9877 AUPRC=0.9230 BalAcc=0.9486 F1=0.8138 MCC=0.8007
Epoch 070 val  : loss=0.1160 AUROC=0.9671 AUPRC=0.6813 BalAcc=0.8989 F1=0.4350 MCC=0.4847
  learning_rate_used=6.647e-05; learning_rate_next=6.263e-05; elapsed=650.2s
  negatives seen=100.0%; hard negatives=0
Epoch 071 train: loss=0.2622 AUROC=0.9880 AUPRC=0.9236 BalAcc=0.9491 F1=0.8155 MCC=0.8024
Epoch 071 val  : loss=0.1153 AUROC=0.9664 AUPRC=0.6814 BalAcc=0.8978 F1=0.4389 MCC=0.4873
  learning_rate_used=6.263e-05; learning_rate_next=5.887e-05; elapsed=646.7s
  negatives seen=100.0%; hard negatives=0
Epoch 072 train: loss=0.2566 AUROC=0.9885 AUPRC=0.9265 BalAcc=0.9499 F1=0.8177 MCC=0.8048
Epoch 072 val  : loss=0.1196 AUROC=0.9665 AUPRC=0.6833 BalAcc=0.9023 F1=0.4211 MCC=0.4754
  learning_rate_used=5.887e-05; learning_rate_next=5.521e-05; elapsed=644.0s
  negatives seen=100.0%; hard negatives=0
Epoch 073 train: loss=0.2582 AUROC=0.9884 AUPRC=0.9254 BalAcc=0.9495 F1=0.8175 MCC=0.8045
Epoch 073 val  : loss=0.1168 AUROC=0.9660 AUPRC=0.6825 BalAcc=0.9003 F1=0.4349 MCC=0.4853
  learning_rate_used=5.521e-05; learning_rate_next=5.163e-05; elapsed=650.7s
  negatives seen=100.0%; hard negatives=0
Epoch 074 train: loss=0.2551 AUROC=0.9887 AUPRC=0.9256 BalAcc=0.9500 F1=0.8175 MCC=0.8046
Epoch 074 val  : loss=0.1124 AUROC=0.9669 AUPRC=0.6819 BalAcc=0.8921 F1=0.4665 MCC=0.5065
  learning_rate_used=5.163e-05; learning_rate_next=4.816e-05; elapsed=649.5s
  negatives seen=100.0%; hard negatives=0
Epoch 075 train: loss=0.2541 AUROC=0.9888 AUPRC=0.9266 BalAcc=0.9506 F1=0.8210 MCC=0.8082
Epoch 075 val  : loss=0.1144 AUROC=0.9660 AUPRC=0.6784 BalAcc=0.8925 F1=0.4576 MCC=0.4997
  learning_rate_used=4.816e-05; learning_rate_next=4.479e-05; elapsed=647.2s
Early stopping after 75 epochs.
Binary threshold: 0.976325 (strategy=val-mcc, validation_score=0.642335)
Validation-only run completed; frozen model: /data/projects/SFB_A03/jan/AT_TFBS/human301/runs/CTCF/crossassay_archthalia_20261009_144503_1046783/CHIP_seed1/model_for_prediction.pt
CTCF: CHIP -> CHIP
TEST CTCF CHIP -> CHIP: loss=0.1291 AUROC=0.9672 AUPRC=0.6665 BalAcc=0.7769 F1=0.6256 MCC=0.6273
CTCF: CHIP -> GHTS
TEST CTCF CHIP -> GHTS: loss=0.2122 AUROC=0.9939 AUPRC=0.9243 BalAcc=0.9664 F1=0.6330 MCC=0.6662
Completed CTCF/CHIP: one model, both fixed test sets.
