TF=LEF1 train=CHIP seed=1 model=hum301_motif64_local.py
/home/jbossenz/miniforge3/envs/at_env/bin/python -u /data/projects/SFB_A03/jan/AT_TFBS/human301/hum301_motif64_local.py train --cache /data/projects/SFB_A03/jan/AT_TFBS/raw_data/human/ArchThalia-ML/LEF1/CHIP/dataset.npz --output-dir /data/projects/SFB_A03/jan/AT_TFBS/human301/runs/LEF1/crossassay_archthalia_20261009_144503_1046783/CHIP_seed1 --input-length 256 --embed-channels 64 --encoder-channels 80 96 128 --heads 4 --ffn-channels 256 --classification-readout local-logsumexp --task-mode classification --checkpoint-objective classification-auprc --threshold-strategy val-mcc --negatives-per-positive 10 --batch-size 88 --hard-negative-fraction 0 --epochs 100 --patience 20 --learning-rate 0.0003 --min-learning-rate 0.000001 --weight-decay 0.0001 --dropout 0.1 --activation relu --reverse-complement-probability 0.5 --eval-crops multi --eval-rc --no-balanced-evaluation --eval-batch-size 128 --num-workers 2 --seed 1 --device cuda --skip-test
Window geometry: 256 bp from 301 bp; crop starts 0..45; shifts -22..+23; fresh uniform draw per access
Evaluation: crops (0, 22, 23, 45), reverse complement=True; all samples
train: n=1,079,892, positive=10,692, negative=1,069,200
  val: n=330,270, positive=3,270, negative=327,000
 test: n=1,242,704, positive=12,304, negative=1,230,400
Device: cuda
Hidden activation: RELU
Parameters: 1,032,981 total; 1,032,981 trainable
Architecture: motif kernels 9/12; encoder 128/64/64; original five-block bottleneck at 64; decoder 64/128/256
  negatives seen=10.0%; hard negatives=0
Epoch 001 train: loss=0.9484 AUROC=0.8206 AUPRC=0.3632 BalAcc=0.7393 F1=0.3412 MCC=0.2998
Epoch 001 val  : loss=0.5369 AUROC=0.8948 AUPRC=0.1619 BalAcc=0.8084 F1=0.0639 MCC=0.1392
  learning_rate_used=3.000e-04; learning_rate_next=2.999e-04; elapsed=149.1s
  saved new best checkpoint: /data/projects/SFB_A03/jan/AT_TFBS/human301/runs/LEF1/crossassay_archthalia_20261009_144503_1046783/CHIP_seed1/best_model.pt (objective=classification-auprc, score=0.161868)
  negatives seen=20.0%; hard negatives=0
Epoch 002 train: loss=0.7389 AUROC=0.8981 AUPRC=0.5504 BalAcc=0.8203 F1=0.4629 MCC=0.4396
Epoch 002 val  : loss=0.3735 AUROC=0.9210 AUPRC=0.2289 BalAcc=0.8426 F1=0.0973 MCC=0.1847
  learning_rate_used=2.999e-04; learning_rate_next=2.997e-04; elapsed=149.4s
  saved new best checkpoint: /data/projects/SFB_A03/jan/AT_TFBS/human301/runs/LEF1/crossassay_archthalia_20261009_144503_1046783/CHIP_seed1/best_model.pt (objective=classification-auprc, score=0.228921)
  negatives seen=30.0%; hard negatives=0
Epoch 003 train: loss=0.6698 AUROC=0.9174 AUPRC=0.6021 BalAcc=0.8430 F1=0.5023 MCC=0.4831
Epoch 003 val  : loss=0.6509 AUROC=0.9253 AUPRC=0.2401 BalAcc=0.8114 F1=0.0555 MCC=0.1315
  learning_rate_used=2.997e-04; learning_rate_next=2.993e-04; elapsed=149.3s
  saved new best checkpoint: /data/projects/SFB_A03/jan/AT_TFBS/human301/runs/LEF1/crossassay_archthalia_20261009_144503_1046783/CHIP_seed1/best_model.pt (objective=classification-auprc, score=0.240073)
  negatives seen=40.0%; hard negatives=0
Epoch 004 train: loss=0.6274 AUROC=0.9277 AUPRC=0.6417 BalAcc=0.8542 F1=0.5254 MCC=0.5075
Epoch 004 val  : loss=0.2283 AUROC=0.9358 AUPRC=0.2554 BalAcc=0.8364 F1=0.1863 MCC=0.2643
  learning_rate_used=2.993e-04; learning_rate_next=2.988e-04; elapsed=150.8s
  saved new best checkpoint: /data/projects/SFB_A03/jan/AT_TFBS/human301/runs/LEF1/crossassay_archthalia_20261009_144503_1046783/CHIP_seed1/best_model.pt (objective=classification-auprc, score=0.255444)
  negatives seen=50.0%; hard negatives=0
Epoch 005 train: loss=0.5955 AUROC=0.9351 AUPRC=0.6706 BalAcc=0.8642 F1=0.5482 MCC=0.5310
Epoch 005 val  : loss=0.4976 AUROC=0.9374 AUPRC=0.2926 BalAcc=0.8537 F1=0.0779 MCC=0.1677
  learning_rate_used=2.988e-04; learning_rate_next=2.982e-04; elapsed=148.6s
  saved new best checkpoint: /data/projects/SFB_A03/jan/AT_TFBS/human301/runs/LEF1/crossassay_archthalia_20261009_144503_1046783/CHIP_seed1/best_model.pt (objective=classification-auprc, score=0.292630)
  negatives seen=60.0%; hard negatives=0
Epoch 006 train: loss=0.5718 AUROC=0.9405 AUPRC=0.6874 BalAcc=0.8695 F1=0.5599 MCC=0.5433
Epoch 006 val  : loss=0.4938 AUROC=0.9423 AUPRC=0.2923 BalAcc=0.8556 F1=0.0769 MCC=0.1671
  learning_rate_used=2.982e-04; learning_rate_next=2.974e-04; elapsed=148.4s
  negatives seen=70.0%; hard negatives=0
Epoch 007 train: loss=0.5590 AUROC=0.9431 AUPRC=0.6979 BalAcc=0.8739 F1=0.5691 MCC=0.5530
Epoch 007 val  : loss=0.3031 AUROC=0.9480 AUPRC=0.3119 BalAcc=0.8805 F1=0.1378 MCC=0.2363
  learning_rate_used=2.974e-04; learning_rate_next=2.964e-04; elapsed=151.0s
  saved new best checkpoint: /data/projects/SFB_A03/jan/AT_TFBS/human301/runs/LEF1/crossassay_archthalia_20261009_144503_1046783/CHIP_seed1/best_model.pt (objective=classification-auprc, score=0.311937)
  negatives seen=80.0%; hard negatives=0
Epoch 008 train: loss=0.5390 AUROC=0.9470 AUPRC=0.7076 BalAcc=0.8797 F1=0.5822 MCC=0.5666
Epoch 008 val  : loss=0.3983 AUROC=0.9444 AUPRC=0.2991 BalAcc=0.8751 F1=0.1022 MCC=0.1995
  learning_rate_used=2.964e-04; learning_rate_next=2.953e-04; elapsed=149.5s
  negatives seen=90.0%; hard negatives=0
Epoch 009 train: loss=0.5300 AUROC=0.9491 AUPRC=0.7188 BalAcc=0.8829 F1=0.5904 MCC=0.5750
Epoch 009 val  : loss=0.1966 AUROC=0.9481 AUPRC=0.2989 BalAcc=0.8513 F1=0.2193 MCC=0.2972
  learning_rate_used=2.953e-04; learning_rate_next=2.941e-04; elapsed=149.6s
  negatives seen=100.0%; hard negatives=0
Epoch 010 train: loss=0.5113 AUROC=0.9526 AUPRC=0.7240 BalAcc=0.8864 F1=0.5964 MCC=0.5817
Epoch 010 val  : loss=0.2305 AUROC=0.9499 AUPRC=0.3292 BalAcc=0.8763 F1=0.1760 MCC=0.2696
  learning_rate_used=2.941e-04; learning_rate_next=2.927e-04; elapsed=150.3s
  saved new best checkpoint: /data/projects/SFB_A03/jan/AT_TFBS/human301/runs/LEF1/crossassay_archthalia_20261009_144503_1046783/CHIP_seed1/best_model.pt (objective=classification-auprc, score=0.329221)
  negatives seen=100.0%; hard negatives=0
Epoch 011 train: loss=0.4974 AUROC=0.9548 AUPRC=0.7379 BalAcc=0.8929 F1=0.6118 MCC=0.5976
Epoch 011 val  : loss=0.2899 AUROC=0.9522 AUPRC=0.3429 BalAcc=0.8892 F1=0.1410 MCC=0.2421
  learning_rate_used=2.927e-04; learning_rate_next=2.912e-04; elapsed=150.4s
  saved new best checkpoint: /data/projects/SFB_A03/jan/AT_TFBS/human301/runs/LEF1/crossassay_archthalia_20261009_144503_1046783/CHIP_seed1/best_model.pt (objective=classification-auprc, score=0.342949)
  negatives seen=100.0%; hard negatives=0
Epoch 012 train: loss=0.4895 AUROC=0.9566 AUPRC=0.7441 BalAcc=0.8939 F1=0.6176 MCC=0.6030
Epoch 012 val  : loss=0.2225 AUROC=0.9545 AUPRC=0.3542 BalAcc=0.8828 F1=0.1795 MCC=0.2750
  learning_rate_used=2.912e-04; learning_rate_next=2.895e-04; elapsed=150.5s
  saved new best checkpoint: /data/projects/SFB_A03/jan/AT_TFBS/human301/runs/LEF1/crossassay_archthalia_20261009_144503_1046783/CHIP_seed1/best_model.pt (objective=classification-auprc, score=0.354165)
  negatives seen=100.0%; hard negatives=0
Epoch 013 train: loss=0.4788 AUROC=0.9585 AUPRC=0.7560 BalAcc=0.8964 F1=0.6240 MCC=0.6095
Epoch 013 val  : loss=0.2623 AUROC=0.9530 AUPRC=0.3369 BalAcc=0.8899 F1=0.1587 MCC=0.2588
  learning_rate_used=2.895e-04; learning_rate_next=2.877e-04; elapsed=150.6s
  negatives seen=100.0%; hard negatives=0
Epoch 014 train: loss=0.4661 AUROC=0.9603 AUPRC=0.7529 BalAcc=0.9000 F1=0.6282 MCC=0.6147
Epoch 014 val  : loss=0.2940 AUROC=0.9538 AUPRC=0.3570 BalAcc=0.8900 F1=0.1388 MCC=0.2403
  learning_rate_used=2.877e-04; learning_rate_next=2.858e-04; elapsed=148.9s
  saved new best checkpoint: /data/projects/SFB_A03/jan/AT_TFBS/human301/runs/LEF1/crossassay_archthalia_20261009_144503_1046783/CHIP_seed1/best_model.pt (objective=classification-auprc, score=0.357032)
  negatives seen=100.0%; hard negatives=0
Epoch 015 train: loss=0.4618 AUROC=0.9612 AUPRC=0.7618 BalAcc=0.8993 F1=0.6331 MCC=0.6186
Epoch 015 val  : loss=0.3098 AUROC=0.9547 AUPRC=0.3581 BalAcc=0.8918 F1=0.1319 MCC=0.2343
  learning_rate_used=2.858e-04; learning_rate_next=2.837e-04; elapsed=150.9s
  saved new best checkpoint: /data/projects/SFB_A03/jan/AT_TFBS/human301/runs/LEF1/crossassay_archthalia_20261009_144503_1046783/CHIP_seed1/best_model.pt (objective=classification-auprc, score=0.358135)
  negatives seen=100.0%; hard negatives=0
Epoch 016 train: loss=0.4520 AUROC=0.9627 AUPRC=0.7626 BalAcc=0.9035 F1=0.6392 MCC=0.6257
Epoch 016 val  : loss=0.3164 AUROC=0.9528 AUPRC=0.3423 BalAcc=0.8905 F1=0.1290 MCC=0.2310
  learning_rate_used=2.837e-04; learning_rate_next=2.815e-04; elapsed=148.5s
  negatives seen=100.0%; hard negatives=0
Epoch 017 train: loss=0.4454 AUROC=0.9640 AUPRC=0.7695 BalAcc=0.9045 F1=0.6430 MCC=0.6293
Epoch 017 val  : loss=0.2038 AUROC=0.9535 AUPRC=0.3566 BalAcc=0.8736 F1=0.2008 MCC=0.2900
  learning_rate_used=2.815e-04; learning_rate_next=2.792e-04; elapsed=149.4s
  negatives seen=100.0%; hard negatives=0
Epoch 018 train: loss=0.4345 AUROC=0.9658 AUPRC=0.7769 BalAcc=0.9082 F1=0.6546 MCC=0.6409
Epoch 018 val  : loss=0.2236 AUROC=0.9518 AUPRC=0.3133 BalAcc=0.8784 F1=0.1937 MCC=0.2857
  learning_rate_used=2.792e-04; learning_rate_next=2.767e-04; elapsed=150.4s
  negatives seen=100.0%; hard negatives=0
Epoch 019 train: loss=0.4302 AUROC=0.9662 AUPRC=0.7801 BalAcc=0.9090 F1=0.6532 MCC=0.6401
Epoch 019 val  : loss=0.2157 AUROC=0.9540 AUPRC=0.3609 BalAcc=0.8813 F1=0.1884 MCC=0.2822
  learning_rate_used=2.767e-04; learning_rate_next=2.741e-04; elapsed=149.0s
  saved new best checkpoint: /data/projects/SFB_A03/jan/AT_TFBS/human301/runs/LEF1/crossassay_archthalia_20261009_144503_1046783/CHIP_seed1/best_model.pt (objective=classification-auprc, score=0.360860)
  negatives seen=100.0%; hard negatives=0
Epoch 020 train: loss=0.4243 AUROC=0.9674 AUPRC=0.7799 BalAcc=0.9109 F1=0.6651 MCC=0.6511
Epoch 020 val  : loss=0.2148 AUROC=0.9555 AUPRC=0.3635 BalAcc=0.8831 F1=0.1871 MCC=0.2817
  learning_rate_used=2.741e-04; learning_rate_next=2.714e-04; elapsed=150.3s
  saved new best checkpoint: /data/projects/SFB_A03/jan/AT_TFBS/human301/runs/LEF1/crossassay_archthalia_20261009_144503_1046783/CHIP_seed1/best_model.pt (objective=classification-auprc, score=0.363469)
  negatives seen=100.0%; hard negatives=0
Epoch 021 train: loss=0.4122 AUROC=0.9688 AUPRC=0.7867 BalAcc=0.9136 F1=0.6707 MCC=0.6572
Epoch 021 val  : loss=0.3122 AUROC=0.9567 AUPRC=0.3701 BalAcc=0.8951 F1=0.1350 MCC=0.2383
  learning_rate_used=2.714e-04; learning_rate_next=2.686e-04; elapsed=149.2s
  saved new best checkpoint: /data/projects/SFB_A03/jan/AT_TFBS/human301/runs/LEF1/crossassay_archthalia_20261009_144503_1046783/CHIP_seed1/best_model.pt (objective=classification-auprc, score=0.370098)
  negatives seen=100.0%; hard negatives=0
Epoch 022 train: loss=0.4006 AUROC=0.9707 AUPRC=0.7963 BalAcc=0.9156 F1=0.6758 MCC=0.6625
Epoch 022 val  : loss=0.2357 AUROC=0.9573 AUPRC=0.3774 BalAcc=0.8941 F1=0.1720 MCC=0.2722
  learning_rate_used=2.686e-04; learning_rate_next=2.657e-04; elapsed=150.0s
  saved new best checkpoint: /data/projects/SFB_A03/jan/AT_TFBS/human301/runs/LEF1/crossassay_archthalia_20261009_144503_1046783/CHIP_seed1/best_model.pt (objective=classification-auprc, score=0.377370)
  negatives seen=100.0%; hard negatives=0
Epoch 023 train: loss=0.4012 AUROC=0.9707 AUPRC=0.8002 BalAcc=0.9154 F1=0.6762 MCC=0.6627
Epoch 023 val  : loss=0.1891 AUROC=0.9569 AUPRC=0.3634 BalAcc=0.8749 F1=0.2209 MCC=0.3073
  learning_rate_used=2.657e-04; learning_rate_next=2.626e-04; elapsed=149.3s
  negatives seen=100.0%; hard negatives=0
Epoch 024 train: loss=0.3966 AUROC=0.9713 AUPRC=0.7994 BalAcc=0.9179 F1=0.6852 MCC=0.6716
Epoch 024 val  : loss=0.2561 AUROC=0.9576 AUPRC=0.3800 BalAcc=0.8944 F1=0.1610 MCC=0.2624
  learning_rate_used=2.626e-04; learning_rate_next=2.595e-04; elapsed=150.3s
  saved new best checkpoint: /data/projects/SFB_A03/jan/AT_TFBS/human301/runs/LEF1/crossassay_archthalia_20261009_144503_1046783/CHIP_seed1/best_model.pt (objective=classification-auprc, score=0.379976)
  negatives seen=100.0%; hard negatives=0
Epoch 025 train: loss=0.3893 AUROC=0.9722 AUPRC=0.8019 BalAcc=0.9190 F1=0.6849 MCC=0.6718
Epoch 025 val  : loss=0.1655 AUROC=0.9550 AUPRC=0.3470 BalAcc=0.8424 F1=0.2677 MCC=0.3325
  learning_rate_used=2.595e-04; learning_rate_next=2.562e-04; elapsed=150.7s
  negatives seen=100.0%; hard negatives=0
Epoch 026 train: loss=0.3759 AUROC=0.9739 AUPRC=0.8080 BalAcc=0.9217 F1=0.6907 MCC=0.6779
Epoch 026 val  : loss=0.2690 AUROC=0.9581 AUPRC=0.3775 BalAcc=0.8978 F1=0.1501 MCC=0.2535
  learning_rate_used=2.562e-04; learning_rate_next=2.528e-04; elapsed=148.5s
  negatives seen=100.0%; hard negatives=0
Epoch 027 train: loss=0.3721 AUROC=0.9745 AUPRC=0.8091 BalAcc=0.9233 F1=0.6967 MCC=0.6839
Epoch 027 val  : loss=0.1663 AUROC=0.9583 AUPRC=0.3748 BalAcc=0.8637 F1=0.2581 MCC=0.3332
  learning_rate_used=2.528e-04; learning_rate_next=2.494e-04; elapsed=150.5s
  negatives seen=100.0%; hard negatives=0
Epoch 028 train: loss=0.3678 AUROC=0.9751 AUPRC=0.8144 BalAcc=0.9241 F1=0.7002 MCC=0.6874
Epoch 028 val  : loss=0.2084 AUROC=0.9575 AUPRC=0.3833 BalAcc=0.8872 F1=0.2024 MCC=0.2963
  learning_rate_used=2.494e-04; learning_rate_next=2.458e-04; elapsed=149.1s
  saved new best checkpoint: /data/projects/SFB_A03/jan/AT_TFBS/human301/runs/LEF1/crossassay_archthalia_20261009_144503_1046783/CHIP_seed1/best_model.pt (objective=classification-auprc, score=0.383335)
  negatives seen=100.0%; hard negatives=0
Epoch 029 train: loss=0.3629 AUROC=0.9760 AUPRC=0.8212 BalAcc=0.9250 F1=0.7043 MCC=0.6913
Epoch 029 val  : loss=0.1890 AUROC=0.9552 AUPRC=0.3825 BalAcc=0.8764 F1=0.2351 MCC=0.3196
  learning_rate_used=2.458e-04; learning_rate_next=2.421e-04; elapsed=149.6s
  negatives seen=100.0%; hard negatives=0
Epoch 030 train: loss=0.3570 AUROC=0.9763 AUPRC=0.8119 BalAcc=0.9270 F1=0.7077 MCC=0.6951
Epoch 030 val  : loss=0.2021 AUROC=0.9529 AUPRC=0.3419 BalAcc=0.8701 F1=0.2118 MCC=0.2980
  learning_rate_used=2.421e-04; learning_rate_next=2.384e-04; elapsed=150.0s
  negatives seen=100.0%; hard negatives=0
Epoch 031 train: loss=0.3532 AUROC=0.9772 AUPRC=0.8247 BalAcc=0.9273 F1=0.7124 MCC=0.6995
Epoch 031 val  : loss=0.2240 AUROC=0.9572 AUPRC=0.3802 BalAcc=0.8916 F1=0.1851 MCC=0.2829
  learning_rate_used=2.384e-04; learning_rate_next=2.345e-04; elapsed=148.5s
  negatives seen=100.0%; hard negatives=0
Epoch 032 train: loss=0.3497 AUROC=0.9775 AUPRC=0.8239 BalAcc=0.9291 F1=0.7175 MCC=0.7047
Epoch 032 val  : loss=0.2224 AUROC=0.9571 AUPRC=0.3881 BalAcc=0.8922 F1=0.1895 MCC=0.2870
  learning_rate_used=2.345e-04; learning_rate_next=2.306e-04; elapsed=147.4s
  saved new best checkpoint: /data/projects/SFB_A03/jan/AT_TFBS/human301/runs/LEF1/crossassay_archthalia_20261009_144503_1046783/CHIP_seed1/best_model.pt (objective=classification-auprc, score=0.388129)
  negatives seen=100.0%; hard negatives=0
Epoch 033 train: loss=0.3376 AUROC=0.9789 AUPRC=0.8310 BalAcc=0.9311 F1=0.7201 MCC=0.7077
Epoch 033 val  : loss=0.1584 AUROC=0.9571 AUPRC=0.3655 BalAcc=0.8516 F1=0.2814 MCC=0.3469
  learning_rate_used=2.306e-04; learning_rate_next=2.266e-04; elapsed=147.6s
  negatives seen=100.0%; hard negatives=0
Epoch 034 train: loss=0.3352 AUROC=0.9790 AUPRC=0.8286 BalAcc=0.9316 F1=0.7221 MCC=0.7098
Epoch 034 val  : loss=0.2109 AUROC=0.9574 AUPRC=0.3826 BalAcc=0.8908 F1=0.1987 MCC=0.2944
  learning_rate_used=2.266e-04; learning_rate_next=2.225e-04; elapsed=149.3s
  negatives seen=100.0%; hard negatives=0
Epoch 035 train: loss=0.3312 AUROC=0.9798 AUPRC=0.8327 BalAcc=0.9311 F1=0.7234 MCC=0.7107
Epoch 035 val  : loss=0.1736 AUROC=0.9582 AUPRC=0.3685 BalAcc=0.8673 F1=0.2422 MCC=0.3219
  learning_rate_used=2.225e-04; learning_rate_next=2.184e-04; elapsed=148.3s
  negatives seen=100.0%; hard negatives=0
Epoch 036 train: loss=0.3183 AUROC=0.9810 AUPRC=0.8439 BalAcc=0.9355 F1=0.7372 MCC=0.7248
Epoch 036 val  : loss=0.1906 AUROC=0.9580 AUPRC=0.3668 BalAcc=0.8786 F1=0.2256 MCC=0.3126
  learning_rate_used=2.184e-04; learning_rate_next=2.142e-04; elapsed=150.0s
  negatives seen=100.0%; hard negatives=0
Epoch 037 train: loss=0.3252 AUROC=0.9802 AUPRC=0.8332 BalAcc=0.9346 F1=0.7322 MCC=0.7199
Epoch 037 val  : loss=0.1662 AUROC=0.9542 AUPRC=0.3372 BalAcc=0.7929 F1=0.3395 MCC=0.3686
  learning_rate_used=2.142e-04; learning_rate_next=2.099e-04; elapsed=149.9s
  negatives seen=100.0%; hard negatives=0
Epoch 038 train: loss=0.3128 AUROC=0.9818 AUPRC=0.8471 BalAcc=0.9367 F1=0.7427 MCC=0.7302
Epoch 038 val  : loss=0.1885 AUROC=0.9552 AUPRC=0.3863 BalAcc=0.8798 F1=0.2277 MCC=0.3148
  learning_rate_used=2.099e-04; learning_rate_next=2.055e-04; elapsed=148.6s
  negatives seen=100.0%; hard negatives=0
Epoch 039 train: loss=0.3128 AUROC=0.9818 AUPRC=0.8421 BalAcc=0.9368 F1=0.7416 MCC=0.7292
Epoch 039 val  : loss=0.1656 AUROC=0.9576 AUPRC=0.3787 BalAcc=0.8630 F1=0.2629 MCC=0.3368
  learning_rate_used=2.055e-04; learning_rate_next=2.011e-04; elapsed=148.1s
  negatives seen=100.0%; hard negatives=0
Epoch 040 train: loss=0.3076 AUROC=0.9822 AUPRC=0.8432 BalAcc=0.9375 F1=0.7437 MCC=0.7314
Epoch 040 val  : loss=0.1639 AUROC=0.9560 AUPRC=0.3700 BalAcc=0.8485 F1=0.2804 MCC=0.3449
  learning_rate_used=2.011e-04; learning_rate_next=1.967e-04; elapsed=149.9s
  negatives seen=100.0%; hard negatives=0
Epoch 041 train: loss=0.2989 AUROC=0.9832 AUPRC=0.8505 BalAcc=0.9397 F1=0.7501 MCC=0.7380
Epoch 041 val  : loss=0.1793 AUROC=0.9579 AUPRC=0.3749 BalAcc=0.8728 F1=0.2368 MCC=0.3196
  learning_rate_used=1.967e-04; learning_rate_next=1.922e-04; elapsed=149.9s
  negatives seen=100.0%; hard negatives=0
Epoch 042 train: loss=0.2921 AUROC=0.9838 AUPRC=0.8529 BalAcc=0.9400 F1=0.7510 MCC=0.7389
Epoch 042 val  : loss=0.1820 AUROC=0.9566 AUPRC=0.3794 BalAcc=0.8765 F1=0.2389 MCC=0.3227
  learning_rate_used=1.922e-04; learning_rate_next=1.877e-04; elapsed=147.1s
  negatives seen=100.0%; hard negatives=0
Epoch 043 train: loss=0.2804 AUROC=0.9848 AUPRC=0.8601 BalAcc=0.9448 F1=0.7635 MCC=0.7520
Epoch 043 val  : loss=0.1686 AUROC=0.9573 AUPRC=0.3790 BalAcc=0.8641 F1=0.2708 MCC=0.3435
  learning_rate_used=1.877e-04; learning_rate_next=1.831e-04; elapsed=147.5s
  negatives seen=100.0%; hard negatives=0
Epoch 044 train: loss=0.2766 AUROC=0.9853 AUPRC=0.8640 BalAcc=0.9447 F1=0.7667 MCC=0.7549
Epoch 044 val  : loss=0.1880 AUROC=0.9589 AUPRC=0.3955 BalAcc=0.8837 F1=0.2258 MCC=0.3146
  learning_rate_used=1.831e-04; learning_rate_next=1.785e-04; elapsed=147.3s
  saved new best checkpoint: /data/projects/SFB_A03/jan/AT_TFBS/human301/runs/LEF1/crossassay_archthalia_20261009_144503_1046783/CHIP_seed1/best_model.pt (objective=classification-auprc, score=0.395505)
  negatives seen=100.0%; hard negatives=0
Epoch 045 train: loss=0.2771 AUROC=0.9854 AUPRC=0.8660 BalAcc=0.9452 F1=0.7696 MCC=0.7578
Epoch 045 val  : loss=0.1692 AUROC=0.9567 AUPRC=0.3805 BalAcc=0.8629 F1=0.2649 MCC=0.3384
  learning_rate_used=1.785e-04; learning_rate_next=1.739e-04; elapsed=149.0s
  negatives seen=100.0%; hard negatives=0
Epoch 046 train: loss=0.2785 AUROC=0.9854 AUPRC=0.8607 BalAcc=0.9446 F1=0.7684 MCC=0.7565
Epoch 046 val  : loss=0.1660 AUROC=0.9575 AUPRC=0.3807 BalAcc=0.8660 F1=0.2706 MCC=0.3441
  learning_rate_used=1.739e-04; learning_rate_next=1.692e-04; elapsed=149.7s
  negatives seen=100.0%; hard negatives=0
Epoch 047 train: loss=0.2712 AUROC=0.9858 AUPRC=0.8653 BalAcc=0.9467 F1=0.7719 MCC=0.7605
Epoch 047 val  : loss=0.1604 AUROC=0.9579 AUPRC=0.3877 BalAcc=0.8568 F1=0.2883 MCC=0.3543
  learning_rate_used=1.692e-04; learning_rate_next=1.646e-04; elapsed=149.5s
  negatives seen=100.0%; hard negatives=0
Epoch 048 train: loss=0.2685 AUROC=0.9859 AUPRC=0.8622 BalAcc=0.9468 F1=0.7736 MCC=0.7620
Epoch 048 val  : loss=0.1733 AUROC=0.9557 AUPRC=0.3794 BalAcc=0.8631 F1=0.2614 MCC=0.3356
  learning_rate_used=1.646e-04; learning_rate_next=1.599e-04; elapsed=149.3s
  negatives seen=100.0%; hard negatives=0
Epoch 049 train: loss=0.2597 AUROC=0.9869 AUPRC=0.8732 BalAcc=0.9492 F1=0.7834 MCC=0.7719
Epoch 049 val  : loss=0.1600 AUROC=0.9571 AUPRC=0.3862 BalAcc=0.8446 F1=0.3085 MCC=0.3652
  learning_rate_used=1.599e-04; learning_rate_next=1.552e-04; elapsed=147.5s
  negatives seen=100.0%; hard negatives=0
Epoch 050 train: loss=0.2553 AUROC=0.9872 AUPRC=0.8734 BalAcc=0.9495 F1=0.7854 MCC=0.7739
Epoch 050 val  : loss=0.1671 AUROC=0.9583 AUPRC=0.3922 BalAcc=0.8623 F1=0.2813 MCC=0.3511
  learning_rate_used=1.552e-04; learning_rate_next=1.505e-04; elapsed=149.6s
  negatives seen=100.0%; hard negatives=0
Epoch 051 train: loss=0.2457 AUROC=0.9880 AUPRC=0.8793 BalAcc=0.9511 F1=0.7926 MCC=0.7811
Epoch 051 val  : loss=0.2021 AUROC=0.9595 AUPRC=0.3921 BalAcc=0.8870 F1=0.2159 MCC=0.3076
  learning_rate_used=1.505e-04; learning_rate_next=1.458e-04; elapsed=148.6s
  negatives seen=100.0%; hard negatives=0
Epoch 052 train: loss=0.2446 AUROC=0.9883 AUPRC=0.8814 BalAcc=0.9523 F1=0.7959 MCC=0.7846
Epoch 052 val  : loss=0.1633 AUROC=0.9524 AUPRC=0.3736 BalAcc=0.8303 F1=0.3183 MCC=0.3670
  learning_rate_used=1.458e-04; learning_rate_next=1.411e-04; elapsed=147.9s
  negatives seen=100.0%; hard negatives=0
Epoch 053 train: loss=0.2407 AUROC=0.9884 AUPRC=0.8821 BalAcc=0.9527 F1=0.7982 MCC=0.7868
Epoch 053 val  : loss=0.1630 AUROC=0.9562 AUPRC=0.3857 BalAcc=0.8463 F1=0.3044 MCC=0.3627
  learning_rate_used=1.411e-04; learning_rate_next=1.364e-04; elapsed=147.6s
  negatives seen=100.0%; hard negatives=0
Epoch 054 train: loss=0.2389 AUROC=0.9887 AUPRC=0.8862 BalAcc=0.9526 F1=0.7990 MCC=0.7876
Epoch 054 val  : loss=0.1616 AUROC=0.9577 AUPRC=0.3880 BalAcc=0.8532 F1=0.2969 MCC=0.3597
  learning_rate_used=1.364e-04; learning_rate_next=1.318e-04; elapsed=150.1s
  negatives seen=100.0%; hard negatives=0
Epoch 055 train: loss=0.2371 AUROC=0.9887 AUPRC=0.8835 BalAcc=0.9548 F1=0.8042 MCC=0.7931
Epoch 055 val  : loss=0.1626 AUROC=0.9545 AUPRC=0.3794 BalAcc=0.8311 F1=0.3240 MCC=0.3718
  learning_rate_used=1.318e-04; learning_rate_next=1.271e-04; elapsed=149.8s
  negatives seen=100.0%; hard negatives=0
Epoch 056 train: loss=0.2201 AUROC=0.9899 AUPRC=0.8935 BalAcc=0.9571 F1=0.8134 MCC=0.8025
Epoch 056 val  : loss=0.1924 AUROC=0.9584 AUPRC=0.3948 BalAcc=0.8815 F1=0.2388 MCC=0.3245
  learning_rate_used=1.271e-04; learning_rate_next=1.225e-04; elapsed=149.0s
  negatives seen=100.0%; hard negatives=0
Epoch 057 train: loss=0.2236 AUROC=0.9896 AUPRC=0.8907 BalAcc=0.9569 F1=0.8120 MCC=0.8011
Epoch 057 val  : loss=0.1709 AUROC=0.9591 AUPRC=0.3979 BalAcc=0.8679 F1=0.2741 MCC=0.3475
  learning_rate_used=1.225e-04; learning_rate_next=1.179e-04; elapsed=149.2s
  saved new best checkpoint: /data/projects/SFB_A03/jan/AT_TFBS/human301/runs/LEF1/crossassay_archthalia_20261009_144503_1046783/CHIP_seed1/best_model.pt (objective=classification-auprc, score=0.397909)
  negatives seen=100.0%; hard negatives=0
Epoch 058 train: loss=0.2229 AUROC=0.9896 AUPRC=0.8883 BalAcc=0.9576 F1=0.8137 MCC=0.8030
Epoch 058 val  : loss=0.1642 AUROC=0.9531 AUPRC=0.3909 BalAcc=0.8363 F1=0.3354 MCC=0.3827
  learning_rate_used=1.179e-04; learning_rate_next=1.133e-04; elapsed=148.7s
  negatives seen=100.0%; hard negatives=0
Epoch 059 train: loss=0.2230 AUROC=0.9897 AUPRC=0.8907 BalAcc=0.9564 F1=0.8122 MCC=0.8012
Epoch 059 val  : loss=0.1653 AUROC=0.9556 AUPRC=0.3935 BalAcc=0.8537 F1=0.3031 MCC=0.3647
  learning_rate_used=1.133e-04; learning_rate_next=1.088e-04; elapsed=148.4s
  negatives seen=100.0%; hard negatives=0
Epoch 060 train: loss=0.2111 AUROC=0.9904 AUPRC=0.8952 BalAcc=0.9592 F1=0.8203 MCC=0.8097
Epoch 060 val  : loss=0.1739 AUROC=0.9564 AUPRC=0.3744 BalAcc=0.8246 F1=0.3332 MCC=0.3762
  learning_rate_used=1.088e-04; learning_rate_next=1.043e-04; elapsed=149.5s
  negatives seen=100.0%; hard negatives=0
Epoch 061 train: loss=0.2030 AUROC=0.9912 AUPRC=0.9046 BalAcc=0.9610 F1=0.8275 MCC=0.8171
Epoch 061 val  : loss=0.1623 AUROC=0.9577 AUPRC=0.3919 BalAcc=0.8416 F1=0.3225 MCC=0.3748
  learning_rate_used=1.043e-04; learning_rate_next=9.986e-05; elapsed=150.0s
  negatives seen=100.0%; hard negatives=0
Epoch 062 train: loss=0.2089 AUROC=0.9910 AUPRC=0.9004 BalAcc=0.9607 F1=0.8285 MCC=0.8179
Epoch 062 val  : loss=0.1678 AUROC=0.9542 AUPRC=0.3722 BalAcc=0.8238 F1=0.3401 MCC=0.3813
  learning_rate_used=9.986e-05; learning_rate_next=9.547e-05; elapsed=148.7s
  negatives seen=100.0%; hard negatives=0
Epoch 063 train: loss=0.2047 AUROC=0.9911 AUPRC=0.9014 BalAcc=0.9603 F1=0.8266 MCC=0.8161
Epoch 063 val  : loss=0.1634 AUROC=0.9577 AUPRC=0.3937 BalAcc=0.8375 F1=0.3283 MCC=0.3777
  learning_rate_used=9.547e-05; learning_rate_next=9.113e-05; elapsed=150.3s
  negatives seen=100.0%; hard negatives=0
Epoch 064 train: loss=0.2024 AUROC=0.9912 AUPRC=0.9033 BalAcc=0.9599 F1=0.8267 MCC=0.8161
Epoch 064 val  : loss=0.1693 AUROC=0.9559 AUPRC=0.3854 BalAcc=0.8257 F1=0.3432 MCC=0.3845
  learning_rate_used=9.113e-05; learning_rate_next=8.685e-05; elapsed=148.4s
  negatives seen=100.0%; hard negatives=0
Epoch 065 train: loss=0.1978 AUROC=0.9916 AUPRC=0.9079 BalAcc=0.9622 F1=0.8335 MCC=0.8232
Epoch 065 val  : loss=0.1761 AUROC=0.9575 AUPRC=0.3967 BalAcc=0.8719 F1=0.2622 MCC=0.3397
  learning_rate_used=8.685e-05; learning_rate_next=8.263e-05; elapsed=150.7s
  negatives seen=100.0%; hard negatives=0
Epoch 066 train: loss=0.1955 AUROC=0.9917 AUPRC=0.9056 BalAcc=0.9630 F1=0.8365 MCC=0.8263
Epoch 066 val  : loss=0.1676 AUROC=0.9567 AUPRC=0.3977 BalAcc=0.8380 F1=0.3364 MCC=0.3841
  learning_rate_used=8.263e-05; learning_rate_next=7.848e-05; elapsed=148.2s
  negatives seen=100.0%; hard negatives=0
Epoch 067 train: loss=0.1902 AUROC=0.9922 AUPRC=0.9124 BalAcc=0.9653 F1=0.8426 MCC=0.8328
Epoch 067 val  : loss=0.1635 AUROC=0.9559 AUPRC=0.3943 BalAcc=0.8310 F1=0.3415 MCC=0.3853
  learning_rate_used=7.848e-05; learning_rate_next=7.440e-05; elapsed=148.3s
  negatives seen=100.0%; hard negatives=0
Epoch 068 train: loss=0.1902 AUROC=0.9920 AUPRC=0.9087 BalAcc=0.9653 F1=0.8445 MCC=0.8346
Epoch 068 val  : loss=0.1704 AUROC=0.9581 AUPRC=0.3892 BalAcc=0.8319 F1=0.3384 MCC=0.3832
  learning_rate_used=7.440e-05; learning_rate_next=7.039e-05; elapsed=150.2s
  negatives seen=100.0%; hard negatives=0
Epoch 069 train: loss=0.1823 AUROC=0.9924 AUPRC=0.9131 BalAcc=0.9661 F1=0.8458 MCC=0.8361
Epoch 069 val  : loss=0.1768 AUROC=0.9548 AUPRC=0.3747 BalAcc=0.8232 F1=0.3324 MCC=0.3751
  learning_rate_used=7.039e-05; learning_rate_next=6.647e-05; elapsed=148.9s
  negatives seen=100.0%; hard negatives=0
Epoch 070 train: loss=0.1840 AUROC=0.9927 AUPRC=0.9173 BalAcc=0.9663 F1=0.8510 MCC=0.8412
Epoch 070 val  : loss=0.1639 AUROC=0.9578 AUPRC=0.3960 BalAcc=0.8408 F1=0.3323 MCC=0.3821
  learning_rate_used=6.647e-05; learning_rate_next=6.263e-05; elapsed=149.1s
  negatives seen=100.0%; hard negatives=0
Epoch 071 train: loss=0.1762 AUROC=0.9931 AUPRC=0.9200 BalAcc=0.9670 F1=0.8545 MCC=0.8448
Epoch 071 val  : loss=0.1750 AUROC=0.9561 AUPRC=0.3847 BalAcc=0.8142 F1=0.3542 MCC=0.3884
  learning_rate_used=6.263e-05; learning_rate_next=5.887e-05; elapsed=151.4s
  negatives seen=100.0%; hard negatives=0
Epoch 072 train: loss=0.1734 AUROC=0.9932 AUPRC=0.9200 BalAcc=0.9683 F1=0.8570 MCC=0.8475
Epoch 072 val  : loss=0.1766 AUROC=0.9560 AUPRC=0.3865 BalAcc=0.8135 F1=0.3577 MCC=0.3909
  learning_rate_used=5.887e-05; learning_rate_next=5.521e-05; elapsed=150.6s
  negatives seen=100.0%; hard negatives=0
Epoch 073 train: loss=0.1735 AUROC=0.9934 AUPRC=0.9224 BalAcc=0.9675 F1=0.8580 MCC=0.8483
Epoch 073 val  : loss=0.1695 AUROC=0.9577 AUPRC=0.3941 BalAcc=0.8256 F1=0.3586 MCC=0.3963
  learning_rate_used=5.521e-05; learning_rate_next=5.163e-05; elapsed=149.4s
  negatives seen=100.0%; hard negatives=0
Epoch 074 train: loss=0.1673 AUROC=0.9935 AUPRC=0.9242 BalAcc=0.9691 F1=0.8620 MCC=0.8527
Epoch 074 val  : loss=0.1722 AUROC=0.9565 AUPRC=0.3937 BalAcc=0.8266 F1=0.3476 MCC=0.3882
  learning_rate_used=5.163e-05; learning_rate_next=4.816e-05; elapsed=149.7s
  negatives seen=100.0%; hard negatives=0
Epoch 075 train: loss=0.1685 AUROC=0.9937 AUPRC=0.9245 BalAcc=0.9689 F1=0.8661 MCC=0.8567
Epoch 075 val  : loss=0.1803 AUROC=0.9547 AUPRC=0.3767 BalAcc=0.8058 F1=0.3595 MCC=0.3892
  learning_rate_used=4.816e-05; learning_rate_next=4.479e-05; elapsed=150.3s
  negatives seen=100.0%; hard negatives=0
Epoch 076 train: loss=0.1663 AUROC=0.9938 AUPRC=0.9254 BalAcc=0.9695 F1=0.8677 MCC=0.8584
Epoch 076 val  : loss=0.1747 AUROC=0.9577 AUPRC=0.3945 BalAcc=0.8245 F1=0.3517 MCC=0.3905
  learning_rate_used=4.479e-05; learning_rate_next=4.152e-05; elapsed=149.4s
  negatives seen=100.0%; hard negatives=0
Epoch 077 train: loss=0.1666 AUROC=0.9937 AUPRC=0.9225 BalAcc=0.9697 F1=0.8681 MCC=0.8588
Epoch 077 val  : loss=0.1764 AUROC=0.9557 AUPRC=0.3897 BalAcc=0.8150 F1=0.3573 MCC=0.3911
  learning_rate_used=4.152e-05; learning_rate_next=3.836e-05; elapsed=151.1s
Early stopping after 77 epochs.
Binary threshold: 0.977025 (strategy=val-mcc, validation_score=0.423891)
Validation-only run completed; frozen model: /data/projects/SFB_A03/jan/AT_TFBS/human301/runs/LEF1/crossassay_archthalia_20261009_144503_1046783/CHIP_seed1/model_for_prediction.pt
LEF1: CHIP -> CHIP
TEST LEF1 CHIP -> CHIP: loss=0.1709 AUROC=0.9598 AUPRC=0.3983 BalAcc=0.6847 F1=0.4195 MCC=0.4177
LEF1: CHIP -> GHTS
TEST LEF1 CHIP -> GHTS: loss=0.1206 AUROC=0.9842 AUPRC=0.5337 BalAcc=0.7593 F1=0.5372 MCC=0.5329
Completed LEF1/CHIP: one model, both fixed test sets.
