FOSL2/CHIP: packing existing FASTAs into /data/projects/SFB_A03/jan/AT_TFBS/raw_data/human/ArchThalia-ML/FOSL2/CHIP/dataset.npz; no genome extraction
Loaded train_positive: 34,376
Loaded train_negative: 3,437,600
Loaded test_positive: 30,492
Loaded test_negative: 3,049,200
{
  "train": {
    "positive": 26965,
    "negative": 2696500,
    "total": 2723465,
    "chromosomes": [
      "chr1",
      "chr11",
      "chr13",
      "chr15",
      "chr17",
      "chr19",
      "chr21",
      "chr3",
      "chr9"
    ],
    "sequences_with_N": 0,
    "max_N_fraction": 0.0,
    "mean_GC_fraction_ACGT_only": {
      "positive": 0.4745495729976043,
      "negative": 0.4586660769189543
    }
  },
  "validation": {
    "positive": 7411,
    "negative": 741100,
    "total": 748511,
    "chromosomes": [
      "chr5",
      "chr7"
    ],
    "sequences_with_N": 0,
    "max_N_fraction": 0.0,
    "mean_GC_fraction_ACGT_only": {
      "positive": 0.4551158800938355,
      "negative": 0.4470871125842837
    }
  },
  "test": {
    "positive": 30492,
    "negative": 3049200,
    "total": 3079692,
    "chromosomes": [
      "chr10",
      "chr12",
      "chr14",
      "chr16",
      "chr18",
      "chr2",
      "chr20",
      "chr22",
      "chr4",
      "chr6",
      "chr8"
    ],
    "sequences_with_N": 0,
    "max_N_fraction": 0.0,
    "mean_GC_fraction_ACGT_only": {
      "positive": 0.46217470907896757,
      "negative": 0.45274706333298903
    }
  }
}
Sequence audit: {
  "train": {
    "duplicates_or_RC_duplicates_within_split": 129,
    "identical_or_RC_identical_sequences_with_both_labels": 0
  },
  "validation": {
    "duplicates_or_RC_duplicates_within_split": 14,
    "identical_or_RC_identical_sequences_with_both_labels": 0
  },
  "test": {
    "duplicates_or_RC_duplicates_within_split": 99,
    "identical_or_RC_identical_sequences_with_both_labels": 0
  },
  "train_validation_shared_sequences_or_RC": 24,
  "train_test_shared_sequences_or_RC": 89,
  "validation_test_shared_sequences_or_RC": 34
}
Saved: /data/projects/SFB_A03/jan/AT_TFBS/raw_data/human/ArchThalia-ML/FOSL2/CHIP/dataset.npz
FOSL2/GHTS: packing existing FASTAs into /data/projects/SFB_A03/jan/AT_TFBS/raw_data/human/ArchThalia-ML/FOSL2/GHTS/dataset.npz; no genome extraction
Loaded train_positive: 4,946
Loaded train_negative: 494,600
Loaded test_positive: 4,532
Loaded test_negative: 453,200
{
  "train": {
    "positive": 3844,
    "negative": 384400,
    "total": 388244,
    "chromosomes": [
      "chr1",
      "chr11",
      "chr13",
      "chr15",
      "chr17",
      "chr19",
      "chr21",
      "chr3",
      "chr9"
    ],
    "sequences_with_N": 1,
    "max_N_fraction": 0.03322259136212625,
    "mean_GC_fraction_ACGT_only": {
      "positive": 0.486607889442074,
      "negative": 0.4866035258814704
    }
  },
  "validation": {
    "positive": 1102,
    "negative": 110200,
    "total": 111302,
    "chromosomes": [
      "chr5",
      "chr7"
    ],
    "sequences_with_N": 0,
    "max_N_fraction": 0.0,
    "mean_GC_fraction_ACGT_only": {
      "positive": 0.47420576300414236,
      "negative": 0.47420754170912444
    }
  },
  "test": {
    "positive": 4532,
    "negative": 453200,
    "total": 457732,
    "chromosomes": [
      "chr10",
      "chr12",
      "chr14",
      "chr16",
      "chr18",
      "chr2",
      "chr20",
      "chr22",
      "chr4",
      "chr6",
      "chr8"
    ],
    "sequences_with_N": 1,
    "max_N_fraction": 0.006644518272425249,
    "mean_GC_fraction_ACGT_only": {
      "positive": 0.4745162364116491,
      "negative": 0.474513778725226
    }
  }
}
Sequence audit: {
  "train": {
    "duplicates_or_RC_duplicates_within_split": 2,
    "identical_or_RC_identical_sequences_with_both_labels": 0
  },
  "validation": {
    "duplicates_or_RC_duplicates_within_split": 0,
    "identical_or_RC_identical_sequences_with_both_labels": 0
  },
  "test": {
    "duplicates_or_RC_duplicates_within_split": 0,
    "identical_or_RC_identical_sequences_with_both_labels": 0
  },
  "train_validation_shared_sequences_or_RC": 0,
  "train_test_shared_sequences_or_RC": 2,
  "validation_test_shared_sequences_or_RC": 2
}
Saved: /data/projects/SFB_A03/jan/AT_TFBS/raw_data/human/ArchThalia-ML/FOSL2/GHTS/dataset.npz
FOSL2: caches ready for CHIP and GHTS; cross-test chromosomes are held out.
