USF3/CHIP: packing existing FASTAs into /data/projects/SFB_A03/jan/AT_TFBS/raw_data/human/ArchThalia-ML/USF3/CHIP/dataset.npz; no genome extraction
Loaded train_positive: 3,632
Loaded train_negative: 363,200
Loaded test_positive: 2,814
Loaded test_negative: 281,400
{
  "train": {
    "positive": 3021,
    "negative": 302100,
    "total": 305121,
    "chromosomes": [
      "chr1",
      "chr11",
      "chr13",
      "chr15",
      "chr17",
      "chr19",
      "chr21",
      "chr3",
      "chr9"
    ],
    "sequences_with_N": 0,
    "max_N_fraction": 0.0,
    "mean_GC_fraction_ACGT_only": {
      "positive": 0.6407198338100627,
      "negative": 0.5923274179305218
    }
  },
  "validation": {
    "positive": 611,
    "negative": 61100,
    "total": 61711,
    "chromosomes": [
      "chr5",
      "chr7"
    ],
    "sequences_with_N": 0,
    "max_N_fraction": 0.0,
    "mean_GC_fraction_ACGT_only": {
      "positive": 0.6348124908243662,
      "negative": 0.5901233205191642
    }
  },
  "test": {
    "positive": 2814,
    "negative": 281400,
    "total": 284214,
    "chromosomes": [
      "chr10",
      "chr12",
      "chr14",
      "chr16",
      "chr18",
      "chr2",
      "chr20",
      "chr22",
      "chr4",
      "chr6",
      "chr8"
    ],
    "sequences_with_N": 1,
    "max_N_fraction": 0.0033222591362126247,
    "mean_GC_fraction_ACGT_only": {
      "positive": 0.6340494332639918,
      "negative": 0.588929380151922
    }
  }
}
Sequence audit: {
  "train": {
    "duplicates_or_RC_duplicates_within_split": 11,
    "identical_or_RC_identical_sequences_with_both_labels": 0
  },
  "validation": {
    "duplicates_or_RC_duplicates_within_split": 1,
    "identical_or_RC_identical_sequences_with_both_labels": 0
  },
  "test": {
    "duplicates_or_RC_duplicates_within_split": 9,
    "identical_or_RC_identical_sequences_with_both_labels": 0
  },
  "train_validation_shared_sequences_or_RC": 3,
  "train_test_shared_sequences_or_RC": 4,
  "validation_test_shared_sequences_or_RC": 4
}
Saved: /data/projects/SFB_A03/jan/AT_TFBS/raw_data/human/ArchThalia-ML/USF3/CHIP/dataset.npz
USF3/GHTS: packing existing FASTAs into /data/projects/SFB_A03/jan/AT_TFBS/raw_data/human/ArchThalia-ML/USF3/GHTS/dataset.npz; no genome extraction
Loaded train_positive: 9,728
Loaded train_negative: 972,800
Loaded test_positive: 8,754
Loaded test_negative: 875,400
{
  "train": {
    "positive": 7665,
    "negative": 766500,
    "total": 774165,
    "chromosomes": [
      "chr1",
      "chr11",
      "chr13",
      "chr15",
      "chr17",
      "chr19",
      "chr21",
      "chr3",
      "chr9"
    ],
    "sequences_with_N": 0,
    "max_N_fraction": 0.0,
    "mean_GC_fraction_ACGT_only": {
      "positive": 0.5414194476771276,
      "negative": 0.5329214165436802
    }
  },
  "validation": {
    "positive": 2063,
    "negative": 206300,
    "total": 208363,
    "chromosomes": [
      "chr5",
      "chr7"
    ],
    "sequences_with_N": 0,
    "max_N_fraction": 0.0,
    "mean_GC_fraction_ACGT_only": {
      "positive": 0.525435492935972,
      "negative": 0.5174123095901044
    }
  },
  "test": {
    "positive": 8754,
    "negative": 875400,
    "total": 884154,
    "chromosomes": [
      "chr10",
      "chr12",
      "chr14",
      "chr16",
      "chr18",
      "chr2",
      "chr20",
      "chr22",
      "chr4",
      "chr6",
      "chr8"
    ],
    "sequences_with_N": 1,
    "max_N_fraction": 0.0033222591362126247,
    "mean_GC_fraction_ACGT_only": {
      "positive": 0.5325127383627949,
      "negative": 0.5252801680788356
    }
  }
}
Sequence audit: {
  "train": {
    "duplicates_or_RC_duplicates_within_split": 24,
    "identical_or_RC_identical_sequences_with_both_labels": 0
  },
  "validation": {
    "duplicates_or_RC_duplicates_within_split": 5,
    "identical_or_RC_identical_sequences_with_both_labels": 0
  },
  "test": {
    "duplicates_or_RC_duplicates_within_split": 16,
    "identical_or_RC_identical_sequences_with_both_labels": 0
  },
  "train_validation_shared_sequences_or_RC": 1,
  "train_test_shared_sequences_or_RC": 5,
  "validation_test_shared_sequences_or_RC": 5
}
Saved: /data/projects/SFB_A03/jan/AT_TFBS/raw_data/human/ArchThalia-ML/USF3/GHTS/dataset.npz
USF3: caches ready for CHIP and GHTS; cross-test chromosomes are held out.
