RFX5/CHIP: packing existing FASTAs into /data/projects/SFB_A03/jan/AT_TFBS/raw_data/human/ArchThalia-ML/RFX5/CHIP/dataset.npz; no genome extraction
Loaded train_positive: 21,859
Loaded train_negative: 2,185,900
Loaded test_positive: 18,486
Loaded test_negative: 1,848,600
{
  "train": {
    "positive": 17453,
    "negative": 1745300,
    "total": 1762753,
    "chromosomes": [
      "chr1",
      "chr11",
      "chr13",
      "chr15",
      "chr17",
      "chr19",
      "chr21",
      "chr3",
      "chr9"
    ],
    "sequences_with_N": 0,
    "max_N_fraction": 0.0,
    "mean_GC_fraction_ACGT_only": {
      "positive": 0.5593815987617813,
      "negative": 0.4964742974629727
    }
  },
  "validation": {
    "positive": 4406,
    "negative": 440600,
    "total": 445006,
    "chromosomes": [
      "chr5",
      "chr7"
    ],
    "sequences_with_N": 1,
    "max_N_fraction": 0.3687707641196013,
    "mean_GC_fraction_ACGT_only": {
      "positive": 0.5292641049572595,
      "negative": 0.4801611288140756
    }
  },
  "test": {
    "positive": 18486,
    "negative": 1848600,
    "total": 1867086,
    "chromosomes": [
      "chr10",
      "chr12",
      "chr14",
      "chr16",
      "chr18",
      "chr2",
      "chr20",
      "chr22",
      "chr4",
      "chr6",
      "chr8"
    ],
    "sequences_with_N": 1,
    "max_N_fraction": 0.0033222591362126247,
    "mean_GC_fraction_ACGT_only": {
      "positive": 0.5395628064409342,
      "negative": 0.4866531429189657
    }
  }
}
Sequence audit: {
  "train": {
    "duplicates_or_RC_duplicates_within_split": 47,
    "identical_or_RC_identical_sequences_with_both_labels": 0
  },
  "validation": {
    "duplicates_or_RC_duplicates_within_split": 16,
    "identical_or_RC_identical_sequences_with_both_labels": 0
  },
  "test": {
    "duplicates_or_RC_duplicates_within_split": 32,
    "identical_or_RC_identical_sequences_with_both_labels": 0
  },
  "train_validation_shared_sequences_or_RC": 4,
  "train_test_shared_sequences_or_RC": 20,
  "validation_test_shared_sequences_or_RC": 6
}
Saved: /data/projects/SFB_A03/jan/AT_TFBS/raw_data/human/ArchThalia-ML/RFX5/CHIP/dataset.npz
RFX5/GHTS: packing existing FASTAs into /data/projects/SFB_A03/jan/AT_TFBS/raw_data/human/ArchThalia-ML/RFX5/GHTS/dataset.npz; no genome extraction
Loaded train_positive: 943
Loaded train_negative: 94,300
Loaded test_positive: 774
Loaded test_negative: 77,400
{
  "train": {
    "positive": 746,
    "negative": 74600,
    "total": 75346,
    "chromosomes": [
      "chr1",
      "chr11",
      "chr13",
      "chr15",
      "chr17",
      "chr19",
      "chr21",
      "chr3",
      "chr9"
    ],
    "sequences_with_N": 1,
    "max_N_fraction": 0.03322259136212625,
    "mean_GC_fraction_ACGT_only": {
      "positive": 0.5805704541424754,
      "negative": 0.5804567883640768
    }
  },
  "validation": {
    "positive": 197,
    "negative": 19700,
    "total": 19897,
    "chromosomes": [
      "chr5",
      "chr7"
    ],
    "sequences_with_N": 0,
    "max_N_fraction": 0.0,
    "mean_GC_fraction_ACGT_only": {
      "positive": 0.5735028753562574,
      "negative": 0.5735062482081724
    }
  },
  "test": {
    "positive": 774,
    "negative": 77400,
    "total": 78174,
    "chromosomes": [
      "chr10",
      "chr12",
      "chr14",
      "chr16",
      "chr18",
      "chr2",
      "chr20",
      "chr22",
      "chr4",
      "chr6",
      "chr8"
    ],
    "sequences_with_N": 1,
    "max_N_fraction": 0.0033222591362126247,
    "mean_GC_fraction_ACGT_only": {
      "positive": 0.5757797436623829,
      "negative": 0.575405925124692
    }
  }
}
Sequence audit: {
  "train": {
    "duplicates_or_RC_duplicates_within_split": 1,
    "identical_or_RC_identical_sequences_with_both_labels": 0
  },
  "validation": {
    "duplicates_or_RC_duplicates_within_split": 0,
    "identical_or_RC_identical_sequences_with_both_labels": 0
  },
  "test": {
    "duplicates_or_RC_duplicates_within_split": 1,
    "identical_or_RC_identical_sequences_with_both_labels": 0
  },
  "train_validation_shared_sequences_or_RC": 0,
  "train_test_shared_sequences_or_RC": 1,
  "validation_test_shared_sequences_or_RC": 0
}
Saved: /data/projects/SFB_A03/jan/AT_TFBS/raw_data/human/ArchThalia-ML/RFX5/GHTS/dataset.npz
RFX5: caches ready for CHIP and GHTS; cross-test chromosomes are held out.
