TF=CTCF train=GHTS seed=4 model=hum301_motif64_local.py
/home/jbossenz/miniforge3/envs/at_env/bin/python -u /data/projects/SFB_A03/jan/AT_TFBS/human301/hum301_motif64_local.py train --cache /data/projects/SFB_A03/jan/AT_TFBS/raw_data/human/ArchThalia-ML/CTCF/GHTS/dataset.npz --output-dir /data/projects/SFB_A03/jan/AT_TFBS/human301/runs/CTCF/crossassay_archthalia_20261009_144503_1046783/GHTS_seed4 --input-length 256 --embed-channels 64 --encoder-channels 80 96 128 --heads 4 --ffn-channels 256 --classification-readout local-logsumexp --task-mode classification --checkpoint-objective classification-auprc --threshold-strategy val-mcc --negatives-per-positive 10 --batch-size 88 --hard-negative-fraction 0 --epochs 100 --patience 20 --learning-rate 0.0003 --min-learning-rate 0.000001 --weight-decay 0.0001 --dropout 0.1 --activation relu --reverse-complement-probability 0.5 --eval-crops multi --eval-rc --no-balanced-evaluation --eval-batch-size 128 --num-workers 2 --seed 4 --device cuda --skip-test
Window geometry: 256 bp from 301 bp; crop starts 0..45; shifts -22..+23; fresh uniform draw per access
Evaluation: crops (0, 22, 23, 45), reverse complement=True; all samples
train: n=1,092,921, positive=10,821, negative=1,082,100
  val: n=258,762, positive=2,562, negative=256,200
 test: n=1,122,514, positive=11,114, negative=1,111,400
Device: cuda
Hidden activation: RELU
Parameters: 1,032,981 total; 1,032,981 trainable
Architecture: motif kernels 9/12; encoder 128/64/64; original five-block bottleneck at 64; decoder 64/128/256
  negatives seen=10.0%; hard negatives=0
Epoch 001 train: loss=0.3340 AUROC=0.9808 AUPRC=0.9043 BalAcc=0.9313 F1=0.7653 MCC=0.7495
Epoch 001 val  : loss=0.0445 AUROC=0.9939 AUPRC=0.9038 BalAcc=0.9524 F1=0.7527 MCC=0.7615
  learning_rate_used=3.000e-04; learning_rate_next=2.999e-04; elapsed=127.1s
  saved new best checkpoint: /data/projects/SFB_A03/jan/AT_TFBS/human301/runs/CTCF/crossassay_archthalia_20261009_144503_1046783/GHTS_seed4/best_model.pt (objective=classification-auprc, score=0.903825)
  negatives seen=20.0%; hard negatives=0
Epoch 002 train: loss=0.2052 AUROC=0.9925 AUPRC=0.9627 BalAcc=0.9626 F1=0.8847 MCC=0.8745
Epoch 002 val  : loss=0.0487 AUROC=0.9953 AUPRC=0.9270 BalAcc=0.9740 F1=0.6428 MCC=0.6768
  learning_rate_used=2.999e-04; learning_rate_next=2.997e-04; elapsed=131.5s
  saved new best checkpoint: /data/projects/SFB_A03/jan/AT_TFBS/human301/runs/CTCF/crossassay_archthalia_20261009_144503_1046783/GHTS_seed4/best_model.pt (objective=classification-auprc, score=0.926976)
  negatives seen=30.0%; hard negatives=0
Epoch 003 train: loss=0.1637 AUROC=0.9951 AUPRC=0.9748 BalAcc=0.9706 F1=0.9120 MCC=0.9039
Epoch 003 val  : loss=0.0369 AUROC=0.9955 AUPRC=0.9292 BalAcc=0.9637 F1=0.8035 MCC=0.8091
  learning_rate_used=2.997e-04; learning_rate_next=2.993e-04; elapsed=132.9s
  saved new best checkpoint: /data/projects/SFB_A03/jan/AT_TFBS/human301/runs/CTCF/crossassay_archthalia_20261009_144503_1046783/GHTS_seed4/best_model.pt (objective=classification-auprc, score=0.929216)
  negatives seen=40.0%; hard negatives=0
Epoch 004 train: loss=0.1465 AUROC=0.9958 AUPRC=0.9787 BalAcc=0.9733 F1=0.9191 MCC=0.9116
Epoch 004 val  : loss=0.0330 AUROC=0.9964 AUPRC=0.9447 BalAcc=0.9775 F1=0.7278 MCC=0.7474
  learning_rate_used=2.993e-04; learning_rate_next=2.988e-04; elapsed=132.1s
  saved new best checkpoint: /data/projects/SFB_A03/jan/AT_TFBS/human301/runs/CTCF/crossassay_archthalia_20261009_144503_1046783/GHTS_seed4/best_model.pt (objective=classification-auprc, score=0.944728)
  negatives seen=50.0%; hard negatives=0
Epoch 005 train: loss=0.1375 AUROC=0.9963 AUPRC=0.9808 BalAcc=0.9769 F1=0.9269 MCC=0.9201
Epoch 005 val  : loss=0.0617 AUROC=0.9968 AUPRC=0.9416 BalAcc=0.9837 F1=0.5139 MCC=0.5797
  learning_rate_used=2.988e-04; learning_rate_next=2.982e-04; elapsed=134.5s
  negatives seen=60.0%; hard negatives=0
Epoch 006 train: loss=0.1295 AUROC=0.9966 AUPRC=0.9827 BalAcc=0.9777 F1=0.9316 MCC=0.9252
Epoch 006 val  : loss=0.0340 AUROC=0.9966 AUPRC=0.9497 BalAcc=0.9806 F1=0.7119 MCC=0.7352
  learning_rate_used=2.982e-04; learning_rate_next=2.974e-04; elapsed=133.6s
  saved new best checkpoint: /data/projects/SFB_A03/jan/AT_TFBS/human301/runs/CTCF/crossassay_archthalia_20261009_144503_1046783/GHTS_seed4/best_model.pt (objective=classification-auprc, score=0.949745)
  negatives seen=70.0%; hard negatives=0
Epoch 007 train: loss=0.1278 AUROC=0.9966 AUPRC=0.9826 BalAcc=0.9786 F1=0.9328 MCC=0.9266
Epoch 007 val  : loss=0.0282 AUROC=0.9974 AUPRC=0.9511 BalAcc=0.9770 F1=0.7915 MCC=0.8016
  learning_rate_used=2.974e-04; learning_rate_next=2.964e-04; elapsed=132.5s
  saved new best checkpoint: /data/projects/SFB_A03/jan/AT_TFBS/human301/runs/CTCF/crossassay_archthalia_20261009_144503_1046783/GHTS_seed4/best_model.pt (objective=classification-auprc, score=0.951058)
  negatives seen=80.0%; hard negatives=0
Epoch 008 train: loss=0.1209 AUROC=0.9969 AUPRC=0.9844 BalAcc=0.9795 F1=0.9351 MCC=0.9291
Epoch 008 val  : loss=0.0272 AUROC=0.9973 AUPRC=0.9511 BalAcc=0.9714 F1=0.8301 MCC=0.8347
  learning_rate_used=2.964e-04; learning_rate_next=2.953e-04; elapsed=132.9s
  negatives seen=90.0%; hard negatives=0
Epoch 009 train: loss=0.1127 AUROC=0.9973 AUPRC=0.9862 BalAcc=0.9808 F1=0.9404 MCC=0.9348
Epoch 009 val  : loss=0.0288 AUROC=0.9969 AUPRC=0.9533 BalAcc=0.9791 F1=0.7800 MCC=0.7922
  learning_rate_used=2.953e-04; learning_rate_next=2.941e-04; elapsed=133.5s
  saved new best checkpoint: /data/projects/SFB_A03/jan/AT_TFBS/human301/runs/CTCF/crossassay_archthalia_20261009_144503_1046783/GHTS_seed4/best_model.pt (objective=classification-auprc, score=0.953251)
  negatives seen=100.0%; hard negatives=0
Epoch 010 train: loss=0.1083 AUROC=0.9975 AUPRC=0.9871 BalAcc=0.9821 F1=0.9446 MCC=0.9393
Epoch 010 val  : loss=0.0311 AUROC=0.9973 AUPRC=0.9518 BalAcc=0.9824 F1=0.7442 MCC=0.7627
  learning_rate_used=2.941e-04; learning_rate_next=2.927e-04; elapsed=123.1s
  negatives seen=100.0%; hard negatives=0
Epoch 011 train: loss=0.1042 AUROC=0.9975 AUPRC=0.9883 BalAcc=0.9828 F1=0.9476 MCC=0.9426
Epoch 011 val  : loss=0.0271 AUROC=0.9978 AUPRC=0.9570 BalAcc=0.9776 F1=0.7958 MCC=0.8055
  learning_rate_used=2.927e-04; learning_rate_next=2.912e-04; elapsed=121.8s
  saved new best checkpoint: /data/projects/SFB_A03/jan/AT_TFBS/human301/runs/CTCF/crossassay_archthalia_20261009_144503_1046783/GHTS_seed4/best_model.pt (objective=classification-auprc, score=0.957034)
  negatives seen=100.0%; hard negatives=0
Epoch 012 train: loss=0.1022 AUROC=0.9975 AUPRC=0.9872 BalAcc=0.9834 F1=0.9468 MCC=0.9417
Epoch 012 val  : loss=0.0282 AUROC=0.9974 AUPRC=0.9560 BalAcc=0.9789 F1=0.7653 MCC=0.7795
  learning_rate_used=2.912e-04; learning_rate_next=2.895e-04; elapsed=122.7s
  negatives seen=100.0%; hard negatives=0
Epoch 013 train: loss=0.1007 AUROC=0.9978 AUPRC=0.9882 BalAcc=0.9834 F1=0.9478 MCC=0.9429
Epoch 013 val  : loss=0.0273 AUROC=0.9980 AUPRC=0.9563 BalAcc=0.9807 F1=0.7568 MCC=0.7728
  learning_rate_used=2.895e-04; learning_rate_next=2.877e-04; elapsed=122.8s
  negatives seen=100.0%; hard negatives=0
Epoch 014 train: loss=0.0980 AUROC=0.9980 AUPRC=0.9887 BalAcc=0.9830 F1=0.9468 MCC=0.9418
Epoch 014 val  : loss=0.0251 AUROC=0.9979 AUPRC=0.9556 BalAcc=0.9754 F1=0.8026 MCC=0.8109
  learning_rate_used=2.877e-04; learning_rate_next=2.858e-04; elapsed=121.8s
  negatives seen=100.0%; hard negatives=0
Epoch 015 train: loss=0.0927 AUROC=0.9981 AUPRC=0.9895 BalAcc=0.9844 F1=0.9510 MCC=0.9464
Epoch 015 val  : loss=0.0274 AUROC=0.9981 AUPRC=0.9567 BalAcc=0.9816 F1=0.7651 MCC=0.7801
  learning_rate_used=2.858e-04; learning_rate_next=2.837e-04; elapsed=121.4s
  negatives seen=100.0%; hard negatives=0
Epoch 016 train: loss=0.0884 AUROC=0.9984 AUPRC=0.9899 BalAcc=0.9853 F1=0.9518 MCC=0.9473
Epoch 016 val  : loss=0.0249 AUROC=0.9981 AUPRC=0.9572 BalAcc=0.9781 F1=0.8023 MCC=0.8113
  learning_rate_used=2.837e-04; learning_rate_next=2.815e-04; elapsed=122.5s
  saved new best checkpoint: /data/projects/SFB_A03/jan/AT_TFBS/human301/runs/CTCF/crossassay_archthalia_20261009_144503_1046783/GHTS_seed4/best_model.pt (objective=classification-auprc, score=0.957212)
  negatives seen=100.0%; hard negatives=0
Epoch 017 train: loss=0.0858 AUROC=0.9986 AUPRC=0.9911 BalAcc=0.9856 F1=0.9554 MCC=0.9511
Epoch 017 val  : loss=0.0247 AUROC=0.9978 AUPRC=0.9570 BalAcc=0.9771 F1=0.8232 MCC=0.8296
  learning_rate_used=2.815e-04; learning_rate_next=2.792e-04; elapsed=121.4s
  negatives seen=100.0%; hard negatives=0
Epoch 018 train: loss=0.0832 AUROC=0.9986 AUPRC=0.9915 BalAcc=0.9853 F1=0.9546 MCC=0.9503
Epoch 018 val  : loss=0.0262 AUROC=0.9980 AUPRC=0.9533 BalAcc=0.9772 F1=0.7935 MCC=0.8034
  learning_rate_used=2.792e-04; learning_rate_next=2.767e-04; elapsed=120.0s
  negatives seen=100.0%; hard negatives=0
Epoch 019 train: loss=0.0797 AUROC=0.9987 AUPRC=0.9918 BalAcc=0.9865 F1=0.9569 MCC=0.9528
Epoch 019 val  : loss=0.0295 AUROC=0.9981 AUPRC=0.9561 BalAcc=0.9812 F1=0.7348 MCC=0.7545
  learning_rate_used=2.767e-04; learning_rate_next=2.741e-04; elapsed=122.0s
  negatives seen=100.0%; hard negatives=0
Epoch 020 train: loss=0.0791 AUROC=0.9988 AUPRC=0.9919 BalAcc=0.9864 F1=0.9580 MCC=0.9540
Epoch 020 val  : loss=0.0244 AUROC=0.9980 AUPRC=0.9577 BalAcc=0.9740 F1=0.8519 MCC=0.8550
  learning_rate_used=2.741e-04; learning_rate_next=2.714e-04; elapsed=123.1s
  saved new best checkpoint: /data/projects/SFB_A03/jan/AT_TFBS/human301/runs/CTCF/crossassay_archthalia_20261009_144503_1046783/GHTS_seed4/best_model.pt (objective=classification-auprc, score=0.957724)
  negatives seen=100.0%; hard negatives=0
Epoch 021 train: loss=0.0751 AUROC=0.9989 AUPRC=0.9929 BalAcc=0.9876 F1=0.9612 MCC=0.9574
Epoch 021 val  : loss=0.0270 AUROC=0.9980 AUPRC=0.9520 BalAcc=0.9787 F1=0.7906 MCC=0.8012
  learning_rate_used=2.714e-04; learning_rate_next=2.686e-04; elapsed=122.7s
  negatives seen=100.0%; hard negatives=0
Epoch 022 train: loss=0.0793 AUROC=0.9989 AUPRC=0.9923 BalAcc=0.9867 F1=0.9590 MCC=0.9550
Epoch 022 val  : loss=0.0249 AUROC=0.9983 AUPRC=0.9584 BalAcc=0.9795 F1=0.7891 MCC=0.8001
  learning_rate_used=2.686e-04; learning_rate_next=2.657e-04; elapsed=123.2s
  saved new best checkpoint: /data/projects/SFB_A03/jan/AT_TFBS/human301/runs/CTCF/crossassay_archthalia_20261009_144503_1046783/GHTS_seed4/best_model.pt (objective=classification-auprc, score=0.958387)
  negatives seen=100.0%; hard negatives=0
Epoch 023 train: loss=0.0677 AUROC=0.9991 AUPRC=0.9938 BalAcc=0.9886 F1=0.9637 MCC=0.9602
Epoch 023 val  : loss=0.0249 AUROC=0.9982 AUPRC=0.9565 BalAcc=0.9787 F1=0.8005 MCC=0.8099
  learning_rate_used=2.657e-04; learning_rate_next=2.626e-04; elapsed=122.1s
  negatives seen=100.0%; hard negatives=0
Epoch 024 train: loss=0.0665 AUROC=0.9992 AUPRC=0.9940 BalAcc=0.9883 F1=0.9630 MCC=0.9595
Epoch 024 val  : loss=0.0241 AUROC=0.9983 AUPRC=0.9599 BalAcc=0.9780 F1=0.8235 MCC=0.8301
  learning_rate_used=2.626e-04; learning_rate_next=2.595e-04; elapsed=121.2s
  saved new best checkpoint: /data/projects/SFB_A03/jan/AT_TFBS/human301/runs/CTCF/crossassay_archthalia_20261009_144503_1046783/GHTS_seed4/best_model.pt (objective=classification-auprc, score=0.959919)
  negatives seen=100.0%; hard negatives=0
Epoch 025 train: loss=0.0629 AUROC=0.9993 AUPRC=0.9948 BalAcc=0.9892 F1=0.9650 MCC=0.9617
Epoch 025 val  : loss=0.0241 AUROC=0.9982 AUPRC=0.9571 BalAcc=0.9782 F1=0.8203 MCC=0.8272
  learning_rate_used=2.595e-04; learning_rate_next=2.562e-04; elapsed=121.2s
  negatives seen=100.0%; hard negatives=0
Epoch 026 train: loss=0.0620 AUROC=0.9992 AUPRC=0.9933 BalAcc=0.9897 F1=0.9632 MCC=0.9598
Epoch 026 val  : loss=0.0251 AUROC=0.9984 AUPRC=0.9593 BalAcc=0.9716 F1=0.8734 MCC=0.8746
  learning_rate_used=2.562e-04; learning_rate_next=2.528e-04; elapsed=122.2s
  negatives seen=100.0%; hard negatives=0
Epoch 027 train: loss=0.0651 AUROC=0.9992 AUPRC=0.9943 BalAcc=0.9892 F1=0.9661 MCC=0.9629
Epoch 027 val  : loss=0.0246 AUROC=0.9983 AUPRC=0.9581 BalAcc=0.9794 F1=0.7991 MCC=0.8089
  learning_rate_used=2.528e-04; learning_rate_next=2.494e-04; elapsed=120.8s
  negatives seen=100.0%; hard negatives=0
Epoch 028 train: loss=0.0581 AUROC=0.9994 AUPRC=0.9948 BalAcc=0.9898 F1=0.9670 MCC=0.9638
Epoch 028 val  : loss=0.0233 AUROC=0.9986 AUPRC=0.9604 BalAcc=0.9782 F1=0.8195 MCC=0.8265
  learning_rate_used=2.494e-04; learning_rate_next=2.458e-04; elapsed=121.7s
  saved new best checkpoint: /data/projects/SFB_A03/jan/AT_TFBS/human301/runs/CTCF/crossassay_archthalia_20261009_144503_1046783/GHTS_seed4/best_model.pt (objective=classification-auprc, score=0.960447)
  negatives seen=100.0%; hard negatives=0
Epoch 029 train: loss=0.0585 AUROC=0.9994 AUPRC=0.9940 BalAcc=0.9901 F1=0.9676 MCC=0.9645
Epoch 029 val  : loss=0.0267 AUROC=0.9984 AUPRC=0.9533 BalAcc=0.9706 F1=0.8389 MCC=0.8425
  learning_rate_used=2.458e-04; learning_rate_next=2.421e-04; elapsed=119.7s
  negatives seen=100.0%; hard negatives=0
Epoch 030 train: loss=0.0539 AUROC=0.9995 AUPRC=0.9951 BalAcc=0.9904 F1=0.9682 MCC=0.9652
Epoch 030 val  : loss=0.0246 AUROC=0.9986 AUPRC=0.9579 BalAcc=0.9779 F1=0.8124 MCC=0.8201
  learning_rate_used=2.421e-04; learning_rate_next=2.384e-04; elapsed=120.1s
  negatives seen=100.0%; hard negatives=0
Epoch 031 train: loss=0.0534 AUROC=0.9994 AUPRC=0.9953 BalAcc=0.9905 F1=0.9696 MCC=0.9666
Epoch 031 val  : loss=0.0284 AUROC=0.9984 AUPRC=0.9560 BalAcc=0.9598 F1=0.8892 MCC=0.8886
  learning_rate_used=2.384e-04; learning_rate_next=2.345e-04; elapsed=123.2s
  negatives seen=100.0%; hard negatives=0
Epoch 032 train: loss=0.0527 AUROC=0.9995 AUPRC=0.9953 BalAcc=0.9903 F1=0.9676 MCC=0.9645
Epoch 032 val  : loss=0.0244 AUROC=0.9986 AUPRC=0.9604 BalAcc=0.9788 F1=0.8235 MCC=0.8302
  learning_rate_used=2.345e-04; learning_rate_next=2.306e-04; elapsed=122.4s
  negatives seen=100.0%; hard negatives=0
Epoch 033 train: loss=0.0544 AUROC=0.9994 AUPRC=0.9955 BalAcc=0.9908 F1=0.9702 MCC=0.9673
Epoch 033 val  : loss=0.0241 AUROC=0.9984 AUPRC=0.9602 BalAcc=0.9721 F1=0.8725 MCC=0.8738
  learning_rate_used=2.306e-04; learning_rate_next=2.266e-04; elapsed=122.2s
  negatives seen=100.0%; hard negatives=0
Epoch 034 train: loss=0.0560 AUROC=0.9994 AUPRC=0.9950 BalAcc=0.9903 F1=0.9690 MCC=0.9660
Epoch 034 val  : loss=0.0230 AUROC=0.9985 AUPRC=0.9625 BalAcc=0.9789 F1=0.8275 MCC=0.8338
  learning_rate_used=2.266e-04; learning_rate_next=2.225e-04; elapsed=121.5s
  saved new best checkpoint: /data/projects/SFB_A03/jan/AT_TFBS/human301/runs/CTCF/crossassay_archthalia_20261009_144503_1046783/GHTS_seed4/best_model.pt (objective=classification-auprc, score=0.962459)
  negatives seen=100.0%; hard negatives=0
Epoch 035 train: loss=0.0489 AUROC=0.9995 AUPRC=0.9961 BalAcc=0.9912 F1=0.9703 MCC=0.9674
Epoch 035 val  : loss=0.0220 AUROC=0.9988 AUPRC=0.9620 BalAcc=0.9792 F1=0.8259 MCC=0.8325
  learning_rate_used=2.225e-04; learning_rate_next=2.184e-04; elapsed=123.1s
  negatives seen=100.0%; hard negatives=0
Epoch 036 train: loss=0.0507 AUROC=0.9995 AUPRC=0.9961 BalAcc=0.9909 F1=0.9703 MCC=0.9675
Epoch 036 val  : loss=0.0242 AUROC=0.9984 AUPRC=0.9591 BalAcc=0.9757 F1=0.8352 MCC=0.8401
  learning_rate_used=2.184e-04; learning_rate_next=2.142e-04; elapsed=122.7s
  negatives seen=100.0%; hard negatives=0
Epoch 037 train: loss=0.0465 AUROC=0.9996 AUPRC=0.9956 BalAcc=0.9924 F1=0.9737 MCC=0.9712
Epoch 037 val  : loss=0.0249 AUROC=0.9985 AUPRC=0.9603 BalAcc=0.9706 F1=0.8732 MCC=0.8743
  learning_rate_used=2.142e-04; learning_rate_next=2.099e-04; elapsed=122.6s
  negatives seen=100.0%; hard negatives=0
Epoch 038 train: loss=0.0455 AUROC=0.9996 AUPRC=0.9962 BalAcc=0.9921 F1=0.9730 MCC=0.9704
Epoch 038 val  : loss=0.0238 AUROC=0.9986 AUPRC=0.9596 BalAcc=0.9761 F1=0.8501 MCC=0.8537
  learning_rate_used=2.099e-04; learning_rate_next=2.055e-04; elapsed=123.2s
  negatives seen=100.0%; hard negatives=0
Epoch 039 train: loss=0.0428 AUROC=0.9996 AUPRC=0.9966 BalAcc=0.9927 F1=0.9745 MCC=0.9721
Epoch 039 val  : loss=0.0249 AUROC=0.9986 AUPRC=0.9584 BalAcc=0.9723 F1=0.8553 MCC=0.8579
  learning_rate_used=2.055e-04; learning_rate_next=2.011e-04; elapsed=122.1s
  negatives seen=100.0%; hard negatives=0
Epoch 040 train: loss=0.0416 AUROC=0.9997 AUPRC=0.9967 BalAcc=0.9929 F1=0.9755 MCC=0.9731
Epoch 040 val  : loss=0.0238 AUROC=0.9985 AUPRC=0.9610 BalAcc=0.9771 F1=0.8542 MCC=0.8577
  learning_rate_used=2.011e-04; learning_rate_next=1.967e-04; elapsed=122.8s
  negatives seen=100.0%; hard negatives=0
Epoch 041 train: loss=0.0424 AUROC=0.9996 AUPRC=0.9970 BalAcc=0.9926 F1=0.9749 MCC=0.9724
Epoch 041 val  : loss=0.0231 AUROC=0.9985 AUPRC=0.9611 BalAcc=0.9775 F1=0.8536 MCC=0.8571
  learning_rate_used=1.967e-04; learning_rate_next=1.922e-04; elapsed=123.5s
  negatives seen=100.0%; hard negatives=0
Epoch 042 train: loss=0.0334 AUROC=0.9998 AUPRC=0.9976 BalAcc=0.9940 F1=0.9782 MCC=0.9761
Epoch 042 val  : loss=0.0275 AUROC=0.9979 AUPRC=0.9580 BalAcc=0.9718 F1=0.8597 MCC=0.8619
  learning_rate_used=1.922e-04; learning_rate_next=1.877e-04; elapsed=121.7s
  negatives seen=100.0%; hard negatives=0
Epoch 043 train: loss=0.0365 AUROC=0.9997 AUPRC=0.9971 BalAcc=0.9936 F1=0.9783 MCC=0.9762
Epoch 043 val  : loss=0.0255 AUROC=0.9984 AUPRC=0.9601 BalAcc=0.9762 F1=0.8418 MCC=0.8462
  learning_rate_used=1.877e-04; learning_rate_next=1.831e-04; elapsed=121.4s
  negatives seen=100.0%; hard negatives=0
Epoch 044 train: loss=0.0352 AUROC=0.9998 AUPRC=0.9975 BalAcc=0.9936 F1=0.9793 MCC=0.9773
Epoch 044 val  : loss=0.0258 AUROC=0.9986 AUPRC=0.9596 BalAcc=0.9723 F1=0.8543 MCC=0.8569
  learning_rate_used=1.831e-04; learning_rate_next=1.785e-04; elapsed=122.3s
  negatives seen=100.0%; hard negatives=0
Epoch 045 train: loss=0.0384 AUROC=0.9997 AUPRC=0.9971 BalAcc=0.9935 F1=0.9765 MCC=0.9742
Epoch 045 val  : loss=0.0253 AUROC=0.9982 AUPRC=0.9593 BalAcc=0.9720 F1=0.8595 MCC=0.8617
  learning_rate_used=1.785e-04; learning_rate_next=1.739e-04; elapsed=122.0s
  negatives seen=100.0%; hard negatives=0
Epoch 046 train: loss=0.0362 AUROC=0.9997 AUPRC=0.9971 BalAcc=0.9939 F1=0.9786 MCC=0.9765
Epoch 046 val  : loss=0.0247 AUROC=0.9981 AUPRC=0.9611 BalAcc=0.9808 F1=0.7921 MCC=0.8031
  learning_rate_used=1.739e-04; learning_rate_next=1.692e-04; elapsed=124.6s
  negatives seen=100.0%; hard negatives=0
Epoch 047 train: loss=0.0317 AUROC=0.9998 AUPRC=0.9975 BalAcc=0.9945 F1=0.9799 MCC=0.9780
Epoch 047 val  : loss=0.0249 AUROC=0.9984 AUPRC=0.9621 BalAcc=0.9810 F1=0.8124 MCC=0.8209
  learning_rate_used=1.692e-04; learning_rate_next=1.646e-04; elapsed=123.4s
  negatives seen=100.0%; hard negatives=0
Epoch 048 train: loss=0.0369 AUROC=0.9998 AUPRC=0.9974 BalAcc=0.9938 F1=0.9786 MCC=0.9766
Epoch 048 val  : loss=0.0291 AUROC=0.9983 AUPRC=0.9579 BalAcc=0.9657 F1=0.8839 MCC=0.8840
  learning_rate_used=1.646e-04; learning_rate_next=1.599e-04; elapsed=122.3s
  negatives seen=100.0%; hard negatives=0
Epoch 049 train: loss=0.0321 AUROC=0.9998 AUPRC=0.9976 BalAcc=0.9947 F1=0.9809 MCC=0.9790
Epoch 049 val  : loss=0.0324 AUROC=0.9983 AUPRC=0.9583 BalAcc=0.9617 F1=0.8977 MCC=0.8970
  learning_rate_used=1.599e-04; learning_rate_next=1.552e-04; elapsed=122.2s
  negatives seen=100.0%; hard negatives=0
Epoch 050 train: loss=0.0335 AUROC=0.9998 AUPRC=0.9977 BalAcc=0.9940 F1=0.9805 MCC=0.9786
Epoch 050 val  : loss=0.0261 AUROC=0.9984 AUPRC=0.9580 BalAcc=0.9693 F1=0.8623 MCC=0.8639
  learning_rate_used=1.552e-04; learning_rate_next=1.505e-04; elapsed=124.2s
  negatives seen=100.0%; hard negatives=0
Epoch 051 train: loss=0.0294 AUROC=0.9998 AUPRC=0.9976 BalAcc=0.9945 F1=0.9821 MCC=0.9803
Epoch 051 val  : loss=0.0264 AUROC=0.9984 AUPRC=0.9579 BalAcc=0.9785 F1=0.8272 MCC=0.8335
  learning_rate_used=1.505e-04; learning_rate_next=1.458e-04; elapsed=124.1s
  negatives seen=100.0%; hard negatives=0
Epoch 052 train: loss=0.0307 AUROC=0.9998 AUPRC=0.9979 BalAcc=0.9948 F1=0.9827 MCC=0.9810
Epoch 052 val  : loss=0.0358 AUROC=0.9984 AUPRC=0.9569 BalAcc=0.9541 F1=0.8949 MCC=0.8940
  learning_rate_used=1.458e-04; learning_rate_next=1.411e-04; elapsed=123.4s
  negatives seen=100.0%; hard negatives=0
Epoch 053 train: loss=0.0300 AUROC=0.9998 AUPRC=0.9977 BalAcc=0.9951 F1=0.9828 MCC=0.9811
Epoch 053 val  : loss=0.0296 AUROC=0.9985 AUPRC=0.9585 BalAcc=0.9657 F1=0.8844 MCC=0.8844
  learning_rate_used=1.411e-04; learning_rate_next=1.364e-04; elapsed=121.0s
  negatives seen=100.0%; hard negatives=0
Epoch 054 train: loss=0.0257 AUROC=0.9999 AUPRC=0.9985 BalAcc=0.9959 F1=0.9852 MCC=0.9838
Epoch 054 val  : loss=0.0312 AUROC=0.9986 AUPRC=0.9589 BalAcc=0.9662 F1=0.8899 MCC=0.8898
  learning_rate_used=1.364e-04; learning_rate_next=1.318e-04; elapsed=122.5s
Early stopping after 54 epochs.
Binary threshold: 0.880639 (strategy=val-mcc, validation_score=0.914620)
Validation-only run completed; frozen model: /data/projects/SFB_A03/jan/AT_TFBS/human301/runs/CTCF/crossassay_archthalia_20261009_144503_1046783/GHTS_seed4/model_for_prediction.pt
CTCF: GHTS -> GHTS
TEST CTCF GHTS -> GHTS: loss=0.0243 AUROC=0.9981 AUPRC=0.9625 BalAcc=0.9552 F1=0.9101 MCC=0.9092
CTCF: GHTS -> CHIP
TEST CTCF GHTS -> CHIP: loss=0.3104 AUROC=0.9028 AUPRC=0.5068 BalAcc=0.6417 F1=0.4299 MCC=0.4992
Completed CTCF/GHTS: one model, both fixed test sets.
