TF=VDR train=CHIP seed=1 model=hum301_motif64_local.py
/home/jbossenz/miniforge3/envs/at_env/bin/python -u /data/projects/SFB_A03/jan/AT_TFBS/human301/hum301_motif64_local.py train --cache /data/projects/SFB_A03/jan/AT_TFBS/raw_data/human/ArchThalia-ML/VDR/CHIP/dataset.npz --output-dir /data/projects/SFB_A03/jan/AT_TFBS/human301/runs/VDR/crossassay_archthalia_20261009_144503_1046783/CHIP_seed1 --input-length 256 --embed-channels 64 --encoder-channels 80 96 128 --heads 4 --ffn-channels 256 --classification-readout local-logsumexp --task-mode classification --checkpoint-objective classification-auprc --threshold-strategy val-mcc --negatives-per-positive 10 --batch-size 88 --hard-negative-fraction 0 --epochs 100 --patience 20 --learning-rate 0.0003 --min-learning-rate 0.000001 --weight-decay 0.0001 --dropout 0.1 --activation relu --reverse-complement-probability 0.5 --eval-crops multi --eval-rc --no-balanced-evaluation --eval-batch-size 128 --num-workers 2 --seed 1 --device cuda --skip-test
Window geometry: 256 bp from 301 bp; crop starts 0..45; shifts -22..+23; fresh uniform draw per access
Evaluation: crops (0, 22, 23, 45), reverse complement=True; all samples
train: n=340,875, positive=3,375, negative=337,500
  val: n=84,739, positive=839, negative=83,900
 test: n=314,413, positive=3,113, negative=311,300
Device: cuda
Hidden activation: RELU
Parameters: 1,032,981 total; 1,032,981 trainable
Architecture: motif kernels 9/12; encoder 128/64/64; original five-block bottleneck at 64; decoder 64/128/256
  negatives seen=10.0%; hard negatives=0
Epoch 001 train: loss=0.8754 AUROC=0.8555 AUPRC=0.4154 BalAcc=0.7825 F1=0.4093 MCC=0.3767
Epoch 001 val  : loss=0.5061 AUROC=0.8903 AUPRC=0.1018 BalAcc=0.8088 F1=0.0652 MCC=0.1408
  learning_rate_used=3.000e-04; learning_rate_next=2.999e-04; elapsed=41.9s
  saved new best checkpoint: /data/projects/SFB_A03/jan/AT_TFBS/human301/runs/VDR/crossassay_archthalia_20261009_144503_1046783/CHIP_seed1/best_model.pt (objective=classification-auprc, score=0.101755)
  negatives seen=20.0%; hard negatives=0
Epoch 002 train: loss=0.7603 AUROC=0.8924 AUPRC=0.4719 BalAcc=0.8221 F1=0.4636 MCC=0.4412
Epoch 002 val  : loss=0.4038 AUROC=0.9072 AUPRC=0.1051 BalAcc=0.8333 F1=0.1124 MCC=0.1968
  learning_rate_used=2.999e-04; learning_rate_next=2.997e-04; elapsed=40.1s
  saved new best checkpoint: /data/projects/SFB_A03/jan/AT_TFBS/human301/runs/VDR/crossassay_archthalia_20261009_144503_1046783/CHIP_seed1/best_model.pt (objective=classification-auprc, score=0.105061)
  negatives seen=30.0%; hard negatives=0
Epoch 003 train: loss=0.7290 AUROC=0.9005 AUPRC=0.4794 BalAcc=0.8311 F1=0.4785 MCC=0.4579
Epoch 003 val  : loss=0.7503 AUROC=0.9104 AUPRC=0.1044 BalAcc=0.8088 F1=0.0546 MCC=0.1298
  learning_rate_used=2.997e-04; learning_rate_next=2.993e-04; elapsed=40.9s
  negatives seen=40.0%; hard negatives=0
Epoch 004 train: loss=0.6751 AUROC=0.9151 AUPRC=0.5322 BalAcc=0.8492 F1=0.5089 MCC=0.4916
Epoch 004 val  : loss=0.5933 AUROC=0.9203 AUPRC=0.1293 BalAcc=0.8324 F1=0.0652 MCC=0.1478
  learning_rate_used=2.993e-04; learning_rate_next=2.988e-04; elapsed=40.2s
  saved new best checkpoint: /data/projects/SFB_A03/jan/AT_TFBS/human301/runs/VDR/crossassay_archthalia_20261009_144503_1046783/CHIP_seed1/best_model.pt (objective=classification-auprc, score=0.129260)
  negatives seen=50.0%; hard negatives=0
Epoch 005 train: loss=0.6528 AUROC=0.9208 AUPRC=0.5596 BalAcc=0.8501 F1=0.5128 MCC=0.4952
Epoch 005 val  : loss=0.4131 AUROC=0.9226 AUPRC=0.1374 BalAcc=0.8550 F1=0.1161 MCC=0.2072
  learning_rate_used=2.988e-04; learning_rate_next=2.982e-04; elapsed=40.1s
  saved new best checkpoint: /data/projects/SFB_A03/jan/AT_TFBS/human301/runs/VDR/crossassay_archthalia_20261009_144503_1046783/CHIP_seed1/best_model.pt (objective=classification-auprc, score=0.137425)
  negatives seen=60.0%; hard negatives=0
Epoch 006 train: loss=0.6270 AUROC=0.9276 AUPRC=0.5815 BalAcc=0.8586 F1=0.5294 MCC=0.5129
Epoch 006 val  : loss=0.2190 AUROC=0.9282 AUPRC=0.1566 BalAcc=0.8119 F1=0.1907 MCC=0.2590
  learning_rate_used=2.982e-04; learning_rate_next=2.974e-04; elapsed=40.3s
  saved new best checkpoint: /data/projects/SFB_A03/jan/AT_TFBS/human301/runs/VDR/crossassay_archthalia_20261009_144503_1046783/CHIP_seed1/best_model.pt (objective=classification-auprc, score=0.156648)
  negatives seen=70.0%; hard negatives=0
Epoch 007 train: loss=0.6161 AUROC=0.9299 AUPRC=0.5874 BalAcc=0.8629 F1=0.5412 MCC=0.5247
Epoch 007 val  : loss=0.3786 AUROC=0.9329 AUPRC=0.1638 BalAcc=0.8723 F1=0.1082 MCC=0.2048
  learning_rate_used=2.974e-04; learning_rate_next=2.964e-04; elapsed=40.1s
  saved new best checkpoint: /data/projects/SFB_A03/jan/AT_TFBS/human301/runs/VDR/crossassay_archthalia_20261009_144503_1046783/CHIP_seed1/best_model.pt (objective=classification-auprc, score=0.163775)
  negatives seen=80.0%; hard negatives=0
Epoch 008 train: loss=0.5845 AUROC=0.9367 AUPRC=0.6132 BalAcc=0.8706 F1=0.5580 MCC=0.5423
Epoch 008 val  : loss=0.3352 AUROC=0.9347 AUPRC=0.1784 BalAcc=0.8719 F1=0.1183 MCC=0.2147
  learning_rate_used=2.964e-04; learning_rate_next=2.953e-04; elapsed=40.3s
  saved new best checkpoint: /data/projects/SFB_A03/jan/AT_TFBS/human301/runs/VDR/crossassay_archthalia_20261009_144503_1046783/CHIP_seed1/best_model.pt (objective=classification-auprc, score=0.178431)
  negatives seen=90.0%; hard negatives=0
Epoch 009 train: loss=0.5611 AUROC=0.9410 AUPRC=0.6229 BalAcc=0.8764 F1=0.5651 MCC=0.5510
Epoch 009 val  : loss=0.3050 AUROC=0.9374 AUPRC=0.1867 BalAcc=0.8706 F1=0.1381 MCC=0.2334
  learning_rate_used=2.953e-04; learning_rate_next=2.941e-04; elapsed=40.2s
  saved new best checkpoint: /data/projects/SFB_A03/jan/AT_TFBS/human301/runs/VDR/crossassay_archthalia_20261009_144503_1046783/CHIP_seed1/best_model.pt (objective=classification-auprc, score=0.186700)
  negatives seen=100.0%; hard negatives=0
Epoch 010 train: loss=0.5582 AUROC=0.9427 AUPRC=0.6215 BalAcc=0.8767 F1=0.5710 MCC=0.5559
Epoch 010 val  : loss=0.8391 AUROC=0.9335 AUPRC=0.1908 BalAcc=0.7944 F1=0.0481 MCC=0.1195
  learning_rate_used=2.941e-04; learning_rate_next=2.927e-04; elapsed=40.2s
  saved new best checkpoint: /data/projects/SFB_A03/jan/AT_TFBS/human301/runs/VDR/crossassay_archthalia_20261009_144503_1046783/CHIP_seed1/best_model.pt (objective=classification-auprc, score=0.190798)
  negatives seen=100.0%; hard negatives=0
Epoch 011 train: loss=0.5342 AUROC=0.9467 AUPRC=0.6455 BalAcc=0.8824 F1=0.5753 MCC=0.5624
Epoch 011 val  : loss=0.3228 AUROC=0.9346 AUPRC=0.1892 BalAcc=0.8687 F1=0.1269 MCC=0.2221
  learning_rate_used=2.927e-04; learning_rate_next=2.912e-04; elapsed=40.1s
  negatives seen=100.0%; hard negatives=0
Epoch 012 train: loss=0.5285 AUROC=0.9483 AUPRC=0.6596 BalAcc=0.8845 F1=0.5801 MCC=0.5673
Epoch 012 val  : loss=0.3440 AUROC=0.9350 AUPRC=0.1602 BalAcc=0.8718 F1=0.1308 MCC=0.2268
  learning_rate_used=2.912e-04; learning_rate_next=2.895e-04; elapsed=40.2s
  negatives seen=100.0%; hard negatives=0
Epoch 013 train: loss=0.5105 AUROC=0.9510 AUPRC=0.6621 BalAcc=0.8904 F1=0.5946 MCC=0.5821
Epoch 013 val  : loss=0.2405 AUROC=0.9303 AUPRC=0.2064 BalAcc=0.8337 F1=0.1745 MCC=0.2533
  learning_rate_used=2.895e-04; learning_rate_next=2.877e-04; elapsed=40.2s
  saved new best checkpoint: /data/projects/SFB_A03/jan/AT_TFBS/human301/runs/VDR/crossassay_archthalia_20261009_144503_1046783/CHIP_seed1/best_model.pt (objective=classification-auprc, score=0.206437)
  negatives seen=100.0%; hard negatives=0
Epoch 014 train: loss=0.4992 AUROC=0.9533 AUPRC=0.6650 BalAcc=0.8938 F1=0.6032 MCC=0.5909
Epoch 014 val  : loss=0.2164 AUROC=0.9383 AUPRC=0.2094 BalAcc=0.8285 F1=0.1900 MCC=0.2646
  learning_rate_used=2.877e-04; learning_rate_next=2.858e-04; elapsed=40.3s
  saved new best checkpoint: /data/projects/SFB_A03/jan/AT_TFBS/human301/runs/VDR/crossassay_archthalia_20261009_144503_1046783/CHIP_seed1/best_model.pt (objective=classification-auprc, score=0.209353)
  negatives seen=100.0%; hard negatives=0
Epoch 015 train: loss=0.4807 AUROC=0.9558 AUPRC=0.6718 BalAcc=0.8976 F1=0.6061 MCC=0.5952
Epoch 015 val  : loss=0.2677 AUROC=0.9355 AUPRC=0.2109 BalAcc=0.8531 F1=0.1474 MCC=0.2361
  learning_rate_used=2.858e-04; learning_rate_next=2.837e-04; elapsed=40.3s
  saved new best checkpoint: /data/projects/SFB_A03/jan/AT_TFBS/human301/runs/VDR/crossassay_archthalia_20261009_144503_1046783/CHIP_seed1/best_model.pt (objective=classification-auprc, score=0.210936)
  negatives seen=100.0%; hard negatives=0
Epoch 016 train: loss=0.4791 AUROC=0.9565 AUPRC=0.6766 BalAcc=0.9007 F1=0.6200 MCC=0.6082
Epoch 016 val  : loss=0.4428 AUROC=0.9399 AUPRC=0.2101 BalAcc=0.8740 F1=0.0939 MCC=0.1905
  learning_rate_used=2.837e-04; learning_rate_next=2.815e-04; elapsed=40.2s
  negatives seen=100.0%; hard negatives=0
Epoch 017 train: loss=0.4561 AUROC=0.9603 AUPRC=0.6934 BalAcc=0.9043 F1=0.6271 MCC=0.6158
Epoch 017 val  : loss=0.2576 AUROC=0.9313 AUPRC=0.2070 BalAcc=0.8429 F1=0.1453 MCC=0.2308
  learning_rate_used=2.815e-04; learning_rate_next=2.792e-04; elapsed=40.2s
  negatives seen=100.0%; hard negatives=0
Epoch 018 train: loss=0.4637 AUROC=0.9595 AUPRC=0.6913 BalAcc=0.9015 F1=0.6196 MCC=0.6083
Epoch 018 val  : loss=0.2832 AUROC=0.9384 AUPRC=0.2211 BalAcc=0.8601 F1=0.1455 MCC=0.2368
  learning_rate_used=2.792e-04; learning_rate_next=2.767e-04; elapsed=40.2s
  saved new best checkpoint: /data/projects/SFB_A03/jan/AT_TFBS/human301/runs/VDR/crossassay_archthalia_20261009_144503_1046783/CHIP_seed1/best_model.pt (objective=classification-auprc, score=0.221098)
  negatives seen=100.0%; hard negatives=0
Epoch 019 train: loss=0.4493 AUROC=0.9621 AUPRC=0.7123 BalAcc=0.9046 F1=0.6297 MCC=0.6181
Epoch 019 val  : loss=0.2291 AUROC=0.9403 AUPRC=0.2161 BalAcc=0.8519 F1=0.1791 MCC=0.2638
  learning_rate_used=2.767e-04; learning_rate_next=2.741e-04; elapsed=40.4s
  negatives seen=100.0%; hard negatives=0
Epoch 020 train: loss=0.4405 AUROC=0.9632 AUPRC=0.7038 BalAcc=0.9080 F1=0.6354 MCC=0.6245
Epoch 020 val  : loss=0.3081 AUROC=0.9351 AUPRC=0.1903 BalAcc=0.8680 F1=0.1294 MCC=0.2243
  learning_rate_used=2.741e-04; learning_rate_next=2.714e-04; elapsed=40.0s
  negatives seen=100.0%; hard negatives=0
Epoch 021 train: loss=0.4231 AUROC=0.9652 AUPRC=0.7154 BalAcc=0.9136 F1=0.6475 MCC=0.6373
Epoch 021 val  : loss=0.2370 AUROC=0.9412 AUPRC=0.2157 BalAcc=0.8564 F1=0.1696 MCC=0.2571
  learning_rate_used=2.714e-04; learning_rate_next=2.686e-04; elapsed=40.0s
  negatives seen=100.0%; hard negatives=0
Epoch 022 train: loss=0.4164 AUROC=0.9658 AUPRC=0.7131 BalAcc=0.9158 F1=0.6535 MCC=0.6434
Epoch 022 val  : loss=0.2727 AUROC=0.9398 AUPRC=0.2091 BalAcc=0.8666 F1=0.1488 MCC=0.2420
  learning_rate_used=2.686e-04; learning_rate_next=2.657e-04; elapsed=40.0s
  negatives seen=100.0%; hard negatives=0
Epoch 023 train: loss=0.4133 AUROC=0.9671 AUPRC=0.7328 BalAcc=0.9143 F1=0.6532 MCC=0.6424
Epoch 023 val  : loss=0.3198 AUROC=0.9370 AUPRC=0.2194 BalAcc=0.8720 F1=0.1390 MCC=0.2347
  learning_rate_used=2.657e-04; learning_rate_next=2.626e-04; elapsed=39.9s
  negatives seen=100.0%; hard negatives=0
Epoch 024 train: loss=0.4006 AUROC=0.9685 AUPRC=0.7296 BalAcc=0.9161 F1=0.6594 MCC=0.6485
Epoch 024 val  : loss=0.2619 AUROC=0.9362 AUPRC=0.2382 BalAcc=0.8598 F1=0.1501 MCC=0.2409
  learning_rate_used=2.626e-04; learning_rate_next=2.595e-04; elapsed=40.3s
  saved new best checkpoint: /data/projects/SFB_A03/jan/AT_TFBS/human301/runs/VDR/crossassay_archthalia_20261009_144503_1046783/CHIP_seed1/best_model.pt (objective=classification-auprc, score=0.238228)
  negatives seen=100.0%; hard negatives=0
Epoch 025 train: loss=0.3972 AUROC=0.9691 AUPRC=0.7383 BalAcc=0.9225 F1=0.6743 MCC=0.6641
Epoch 025 val  : loss=0.2692 AUROC=0.9389 AUPRC=0.2362 BalAcc=0.8667 F1=0.1533 MCC=0.2461
  learning_rate_used=2.595e-04; learning_rate_next=2.562e-04; elapsed=40.4s
  negatives seen=100.0%; hard negatives=0
Epoch 026 train: loss=0.3827 AUROC=0.9705 AUPRC=0.7353 BalAcc=0.9254 F1=0.6790 MCC=0.6694
Epoch 026 val  : loss=0.3564 AUROC=0.9385 AUPRC=0.2268 BalAcc=0.8692 F1=0.1215 MCC=0.2170
  learning_rate_used=2.562e-04; learning_rate_next=2.528e-04; elapsed=40.2s
  negatives seen=100.0%; hard negatives=0
Epoch 027 train: loss=0.3782 AUROC=0.9715 AUPRC=0.7477 BalAcc=0.9234 F1=0.6799 MCC=0.6693
Epoch 027 val  : loss=0.3462 AUROC=0.9388 AUPRC=0.2049 BalAcc=0.8729 F1=0.1200 MCC=0.2167
  learning_rate_used=2.528e-04; learning_rate_next=2.494e-04; elapsed=40.4s
  negatives seen=100.0%; hard negatives=0
Epoch 028 train: loss=0.3720 AUROC=0.9722 AUPRC=0.7552 BalAcc=0.9269 F1=0.6845 MCC=0.6747
Epoch 028 val  : loss=0.2943 AUROC=0.9365 AUPRC=0.2334 BalAcc=0.8691 F1=0.1433 MCC=0.2377
  learning_rate_used=2.494e-04; learning_rate_next=2.458e-04; elapsed=40.0s
  negatives seen=100.0%; hard negatives=0
Epoch 029 train: loss=0.3557 AUROC=0.9739 AUPRC=0.7692 BalAcc=0.9291 F1=0.6923 MCC=0.6824
Epoch 029 val  : loss=0.2342 AUROC=0.9364 AUPRC=0.2185 BalAcc=0.8367 F1=0.1856 MCC=0.2638
  learning_rate_used=2.458e-04; learning_rate_next=2.421e-04; elapsed=40.2s
  negatives seen=100.0%; hard negatives=0
Epoch 030 train: loss=0.3588 AUROC=0.9740 AUPRC=0.7592 BalAcc=0.9282 F1=0.6888 MCC=0.6790
Epoch 030 val  : loss=0.2591 AUROC=0.9385 AUPRC=0.2138 BalAcc=0.8641 F1=0.1551 MCC=0.2469
  learning_rate_used=2.421e-04; learning_rate_next=2.384e-04; elapsed=40.3s
  negatives seen=100.0%; hard negatives=0
Epoch 031 train: loss=0.3532 AUROC=0.9753 AUPRC=0.7728 BalAcc=0.9304 F1=0.7020 MCC=0.6915
Epoch 031 val  : loss=0.2037 AUROC=0.9348 AUPRC=0.2254 BalAcc=0.8035 F1=0.2198 MCC=0.2794
  learning_rate_used=2.384e-04; learning_rate_next=2.345e-04; elapsed=40.1s
  negatives seen=100.0%; hard negatives=0
Epoch 032 train: loss=0.3350 AUROC=0.9761 AUPRC=0.7692 BalAcc=0.9335 F1=0.7031 MCC=0.6937
Epoch 032 val  : loss=0.2141 AUROC=0.9369 AUPRC=0.2286 BalAcc=0.8309 F1=0.1966 MCC=0.2710
  learning_rate_used=2.345e-04; learning_rate_next=2.306e-04; elapsed=40.2s
  negatives seen=100.0%; hard negatives=0
Epoch 033 train: loss=0.3254 AUROC=0.9776 AUPRC=0.7858 BalAcc=0.9375 F1=0.7178 MCC=0.7082
Epoch 033 val  : loss=0.2424 AUROC=0.9397 AUPRC=0.2258 BalAcc=0.8442 F1=0.1879 MCC=0.2685
  learning_rate_used=2.306e-04; learning_rate_next=2.266e-04; elapsed=40.3s
  negatives seen=100.0%; hard negatives=0
Epoch 034 train: loss=0.3122 AUROC=0.9792 AUPRC=0.7936 BalAcc=0.9373 F1=0.7186 MCC=0.7089
Epoch 034 val  : loss=0.2229 AUROC=0.9396 AUPRC=0.2319 BalAcc=0.8426 F1=0.1878 MCC=0.2679
  learning_rate_used=2.266e-04; learning_rate_next=2.225e-04; elapsed=40.3s
  negatives seen=100.0%; hard negatives=0
Epoch 035 train: loss=0.3273 AUROC=0.9787 AUPRC=0.7974 BalAcc=0.9346 F1=0.7175 MCC=0.7068
Epoch 035 val  : loss=0.1973 AUROC=0.9390 AUPRC=0.2254 BalAcc=0.8078 F1=0.2157 MCC=0.2778
  learning_rate_used=2.225e-04; learning_rate_next=2.184e-04; elapsed=40.0s
  negatives seen=100.0%; hard negatives=0
Epoch 036 train: loss=0.3085 AUROC=0.9801 AUPRC=0.8096 BalAcc=0.9376 F1=0.7254 MCC=0.7150
Epoch 036 val  : loss=0.2016 AUROC=0.9400 AUPRC=0.2307 BalAcc=0.8066 F1=0.2189 MCC=0.2799
  learning_rate_used=2.184e-04; learning_rate_next=2.142e-04; elapsed=40.2s
  negatives seen=100.0%; hard negatives=0
Epoch 037 train: loss=0.2995 AUROC=0.9804 AUPRC=0.8041 BalAcc=0.9430 F1=0.7330 MCC=0.7238
Epoch 037 val  : loss=0.2056 AUROC=0.9370 AUPRC=0.2337 BalAcc=0.8053 F1=0.2097 MCC=0.2720
  learning_rate_used=2.142e-04; learning_rate_next=2.099e-04; elapsed=40.1s
  negatives seen=100.0%; hard negatives=0
Epoch 038 train: loss=0.3025 AUROC=0.9808 AUPRC=0.8130 BalAcc=0.9421 F1=0.7408 MCC=0.7304
Epoch 038 val  : loss=0.1959 AUROC=0.9362 AUPRC=0.2349 BalAcc=0.7954 F1=0.2206 MCC=0.2770
  learning_rate_used=2.099e-04; learning_rate_next=2.055e-04; elapsed=40.1s
  negatives seen=100.0%; hard negatives=0
Epoch 039 train: loss=0.2930 AUROC=0.9810 AUPRC=0.8075 BalAcc=0.9435 F1=0.7368 MCC=0.7274
Epoch 039 val  : loss=0.2204 AUROC=0.9369 AUPRC=0.2231 BalAcc=0.7990 F1=0.2109 MCC=0.2706
  learning_rate_used=2.055e-04; learning_rate_next=2.011e-04; elapsed=40.3s
  negatives seen=100.0%; hard negatives=0
Epoch 040 train: loss=0.2892 AUROC=0.9812 AUPRC=0.8067 BalAcc=0.9464 F1=0.7464 MCC=0.7371
Epoch 040 val  : loss=0.2084 AUROC=0.9382 AUPRC=0.2164 BalAcc=0.7801 F1=0.2303 MCC=0.2786
  learning_rate_used=2.011e-04; learning_rate_next=1.967e-04; elapsed=40.1s
  negatives seen=100.0%; hard negatives=0
Epoch 041 train: loss=0.2779 AUROC=0.9837 AUPRC=0.8320 BalAcc=0.9471 F1=0.7621 MCC=0.7515
Epoch 041 val  : loss=0.2333 AUROC=0.9380 AUPRC=0.2234 BalAcc=0.8294 F1=0.1977 MCC=0.2713
  learning_rate_used=1.967e-04; learning_rate_next=1.922e-04; elapsed=40.3s
  negatives seen=100.0%; hard negatives=0
Epoch 042 train: loss=0.2711 AUROC=0.9838 AUPRC=0.8278 BalAcc=0.9475 F1=0.7587 MCC=0.7485
Epoch 042 val  : loss=0.2231 AUROC=0.9367 AUPRC=0.2388 BalAcc=0.8290 F1=0.2045 MCC=0.2767
  learning_rate_used=1.922e-04; learning_rate_next=1.877e-04; elapsed=40.2s
  saved new best checkpoint: /data/projects/SFB_A03/jan/AT_TFBS/human301/runs/VDR/crossassay_archthalia_20261009_144503_1046783/CHIP_seed1/best_model.pt (objective=classification-auprc, score=0.238752)
  negatives seen=100.0%; hard negatives=0
Epoch 043 train: loss=0.2544 AUROC=0.9855 AUPRC=0.8419 BalAcc=0.9505 F1=0.7688 MCC=0.7588
Epoch 043 val  : loss=0.2197 AUROC=0.9378 AUPRC=0.2397 BalAcc=0.8397 F1=0.1949 MCC=0.2728
  learning_rate_used=1.877e-04; learning_rate_next=1.831e-04; elapsed=40.3s
  saved new best checkpoint: /data/projects/SFB_A03/jan/AT_TFBS/human301/runs/VDR/crossassay_archthalia_20261009_144503_1046783/CHIP_seed1/best_model.pt (objective=classification-auprc, score=0.239689)
  negatives seen=100.0%; hard negatives=0
Epoch 044 train: loss=0.2663 AUROC=0.9846 AUPRC=0.8363 BalAcc=0.9486 F1=0.7624 MCC=0.7523
Epoch 044 val  : loss=0.2862 AUROC=0.9377 AUPRC=0.2084 BalAcc=0.8631 F1=0.1598 MCC=0.2507
  learning_rate_used=1.831e-04; learning_rate_next=1.785e-04; elapsed=40.2s
  negatives seen=100.0%; hard negatives=0
Epoch 045 train: loss=0.2652 AUROC=0.9846 AUPRC=0.8353 BalAcc=0.9500 F1=0.7678 MCC=0.7577
Epoch 045 val  : loss=0.2131 AUROC=0.9370 AUPRC=0.2403 BalAcc=0.7942 F1=0.2242 MCC=0.2793
  learning_rate_used=1.785e-04; learning_rate_next=1.739e-04; elapsed=40.3s
  saved new best checkpoint: /data/projects/SFB_A03/jan/AT_TFBS/human301/runs/VDR/crossassay_archthalia_20261009_144503_1046783/CHIP_seed1/best_model.pt (objective=classification-auprc, score=0.240305)
  negatives seen=100.0%; hard negatives=0
Epoch 046 train: loss=0.2530 AUROC=0.9856 AUPRC=0.8425 BalAcc=0.9515 F1=0.7702 MCC=0.7605
Epoch 046 val  : loss=0.2106 AUROC=0.9364 AUPRC=0.2083 BalAcc=0.7696 F1=0.2412 MCC=0.2830
  learning_rate_used=1.739e-04; learning_rate_next=1.692e-04; elapsed=40.4s
  negatives seen=100.0%; hard negatives=0
Epoch 047 train: loss=0.2394 AUROC=0.9861 AUPRC=0.8424 BalAcc=0.9541 F1=0.7780 MCC=0.7685
Epoch 047 val  : loss=0.2202 AUROC=0.9361 AUPRC=0.2400 BalAcc=0.7764 F1=0.2375 MCC=0.2828
  learning_rate_used=1.692e-04; learning_rate_next=1.646e-04; elapsed=40.3s
  negatives seen=100.0%; hard negatives=0
Epoch 048 train: loss=0.2523 AUROC=0.9857 AUPRC=0.8420 BalAcc=0.9518 F1=0.7807 MCC=0.7702
Epoch 048 val  : loss=0.2191 AUROC=0.9382 AUPRC=0.2331 BalAcc=0.8215 F1=0.2119 MCC=0.2800
  learning_rate_used=1.646e-04; learning_rate_next=1.599e-04; elapsed=40.2s
  negatives seen=100.0%; hard negatives=0
Epoch 049 train: loss=0.2389 AUROC=0.9874 AUPRC=0.8582 BalAcc=0.9555 F1=0.7929 MCC=0.7827
Epoch 049 val  : loss=0.2359 AUROC=0.9366 AUPRC=0.2308 BalAcc=0.8315 F1=0.1941 MCC=0.2691
  learning_rate_used=1.599e-04; learning_rate_next=1.552e-04; elapsed=40.0s
  negatives seen=100.0%; hard negatives=0
Epoch 050 train: loss=0.2350 AUROC=0.9869 AUPRC=0.8541 BalAcc=0.9553 F1=0.7871 MCC=0.7772
Epoch 050 val  : loss=0.2316 AUROC=0.9370 AUPRC=0.2269 BalAcc=0.7626 F1=0.2421 MCC=0.2809
  learning_rate_used=1.552e-04; learning_rate_next=1.505e-04; elapsed=40.0s
  negatives seen=100.0%; hard negatives=0
Epoch 051 train: loss=0.2316 AUROC=0.9883 AUPRC=0.8696 BalAcc=0.9567 F1=0.8032 MCC=0.7927
Epoch 051 val  : loss=0.2093 AUROC=0.9356 AUPRC=0.2254 BalAcc=0.7832 F1=0.2385 MCC=0.2862
  learning_rate_used=1.505e-04; learning_rate_next=1.458e-04; elapsed=40.1s
  negatives seen=100.0%; hard negatives=0
Epoch 052 train: loss=0.2160 AUROC=0.9887 AUPRC=0.8695 BalAcc=0.9594 F1=0.8070 MCC=0.7971
Epoch 052 val  : loss=0.2200 AUROC=0.9344 AUPRC=0.2340 BalAcc=0.7970 F1=0.2288 MCC=0.2841
  learning_rate_used=1.458e-04; learning_rate_next=1.411e-04; elapsed=40.1s
  negatives seen=100.0%; hard negatives=0
Epoch 053 train: loss=0.2251 AUROC=0.9888 AUPRC=0.8737 BalAcc=0.9586 F1=0.8064 MCC=0.7963
Epoch 053 val  : loss=0.2169 AUROC=0.9354 AUPRC=0.2372 BalAcc=0.7952 F1=0.2279 MCC=0.2826
  learning_rate_used=1.411e-04; learning_rate_next=1.364e-04; elapsed=40.1s
  negatives seen=100.0%; hard negatives=0
Epoch 054 train: loss=0.2130 AUROC=0.9889 AUPRC=0.8675 BalAcc=0.9598 F1=0.8107 MCC=0.8007
Epoch 054 val  : loss=0.2285 AUROC=0.9357 AUPRC=0.2112 BalAcc=0.8007 F1=0.2152 MCC=0.2747
  learning_rate_used=1.364e-04; learning_rate_next=1.318e-04; elapsed=40.1s
  negatives seen=100.0%; hard negatives=0
Epoch 055 train: loss=0.2140 AUROC=0.9894 AUPRC=0.8802 BalAcc=0.9608 F1=0.8122 MCC=0.8024
Epoch 055 val  : loss=0.2244 AUROC=0.9374 AUPRC=0.2294 BalAcc=0.7925 F1=0.2285 MCC=0.2820
  learning_rate_used=1.318e-04; learning_rate_next=1.271e-04; elapsed=40.2s
  negatives seen=100.0%; hard negatives=0
Epoch 056 train: loss=0.2195 AUROC=0.9891 AUPRC=0.8782 BalAcc=0.9576 F1=0.8076 MCC=0.7972
Epoch 056 val  : loss=0.2180 AUROC=0.9359 AUPRC=0.2226 BalAcc=0.7779 F1=0.2464 MCC=0.2903
  learning_rate_used=1.271e-04; learning_rate_next=1.225e-04; elapsed=40.5s
  negatives seen=100.0%; hard negatives=0
Epoch 057 train: loss=0.2031 AUROC=0.9910 AUPRC=0.9012 BalAcc=0.9621 F1=0.8280 MCC=0.8178
Epoch 057 val  : loss=0.2263 AUROC=0.9337 AUPRC=0.2273 BalAcc=0.7282 F1=0.2714 MCC=0.2901
  learning_rate_used=1.225e-04; learning_rate_next=1.179e-04; elapsed=40.1s
  negatives seen=100.0%; hard negatives=0
Epoch 058 train: loss=0.1915 AUROC=0.9905 AUPRC=0.8817 BalAcc=0.9661 F1=0.8320 MCC=0.8228
Epoch 058 val  : loss=0.2301 AUROC=0.9346 AUPRC=0.2328 BalAcc=0.7772 F1=0.2397 MCC=0.2848
  learning_rate_used=1.179e-04; learning_rate_next=1.133e-04; elapsed=40.1s
  negatives seen=100.0%; hard negatives=0
Epoch 059 train: loss=0.1891 AUROC=0.9909 AUPRC=0.8928 BalAcc=0.9639 F1=0.8300 MCC=0.8202
Epoch 059 val  : loss=0.2280 AUROC=0.9359 AUPRC=0.2341 BalAcc=0.7762 F1=0.2400 MCC=0.2847
  learning_rate_used=1.133e-04; learning_rate_next=1.088e-04; elapsed=39.9s
  negatives seen=100.0%; hard negatives=0
Epoch 060 train: loss=0.1977 AUROC=0.9908 AUPRC=0.8913 BalAcc=0.9632 F1=0.8292 MCC=0.8193
Epoch 060 val  : loss=0.2285 AUROC=0.9346 AUPRC=0.2287 BalAcc=0.7995 F1=0.2231 MCC=0.2805
  learning_rate_used=1.088e-04; learning_rate_next=1.043e-04; elapsed=40.3s
  negatives seen=100.0%; hard negatives=0
Epoch 061 train: loss=0.1914 AUROC=0.9911 AUPRC=0.8919 BalAcc=0.9635 F1=0.8344 MCC=0.8243
Epoch 061 val  : loss=0.2492 AUROC=0.9357 AUPRC=0.2309 BalAcc=0.7384 F1=0.2741 MCC=0.2962
  learning_rate_used=1.043e-04; learning_rate_next=9.986e-05; elapsed=40.3s
  negatives seen=100.0%; hard negatives=0
Epoch 062 train: loss=0.1906 AUROC=0.9917 AUPRC=0.9043 BalAcc=0.9655 F1=0.8374 MCC=0.8278
Epoch 062 val  : loss=0.2595 AUROC=0.9346 AUPRC=0.2353 BalAcc=0.7291 F1=0.2866 MCC=0.3024
  learning_rate_used=9.986e-05; learning_rate_next=9.547e-05; elapsed=40.2s
  negatives seen=100.0%; hard negatives=0
Epoch 063 train: loss=0.1695 AUROC=0.9926 AUPRC=0.9108 BalAcc=0.9697 F1=0.8530 MCC=0.8440
Epoch 063 val  : loss=0.2397 AUROC=0.9335 AUPRC=0.2308 BalAcc=0.7664 F1=0.2478 MCC=0.2868
  learning_rate_used=9.547e-05; learning_rate_next=9.113e-05; elapsed=40.2s
  negatives seen=100.0%; hard negatives=0
Epoch 064 train: loss=0.1724 AUROC=0.9922 AUPRC=0.9076 BalAcc=0.9719 F1=0.8538 MCC=0.8453
Epoch 064 val  : loss=0.2420 AUROC=0.9343 AUPRC=0.2373 BalAcc=0.7523 F1=0.2652 MCC=0.2947
  learning_rate_used=9.113e-05; learning_rate_next=8.685e-05; elapsed=40.2s
  negatives seen=100.0%; hard negatives=0
Epoch 065 train: loss=0.1706 AUROC=0.9931 AUPRC=0.9177 BalAcc=0.9692 F1=0.8549 MCC=0.8457
Epoch 065 val  : loss=0.2487 AUROC=0.9365 AUPRC=0.2344 BalAcc=0.7557 F1=0.2524 MCC=0.2862
  learning_rate_used=8.685e-05; learning_rate_next=8.263e-05; elapsed=40.2s
Early stopping after 65 epochs.
Binary threshold: 0.860958 (strategy=val-mcc, validation_score=0.295673)
Validation-only run completed; frozen model: /data/projects/SFB_A03/jan/AT_TFBS/human301/runs/VDR/crossassay_archthalia_20261009_144503_1046783/CHIP_seed1/model_for_prediction.pt
VDR: CHIP -> CHIP
TEST VDR CHIP -> CHIP: loss=0.2214 AUROC=0.9365 AUPRC=0.2115 BalAcc=0.6905 F1=0.2457 MCC=0.2555
VDR: CHIP -> GHTS
TEST VDR CHIP -> GHTS: loss=0.3255 AUROC=0.8325 AUPRC=0.2298 BalAcc=0.6175 F1=0.2603 MCC=0.2543
Completed VDR/CHIP: one model, both fixed test sets.
