TF=NFKB1 variant=local seed=2
/home/jbossenz/miniforge3/envs/at_env/bin/python -u /data/projects/SFB_A03/jan/AT_TFBS/human301/hum301_motif64_local.py train --cache /data/projects/SFB_A03/jan/AT_TFBS/raw_data/human/NFKB1/hum301_multitf_chr5_chr7/dataset.npz --output-dir /data/projects/SFB_A03/jan/AT_TFBS/human301/runs/NFKB1/multitf_20261006_033507_932031_local_seed2 --input-length 256 --embed-channels 64 --encoder-channels 80 96 128 --heads 4 --ffn-channels 256 --classification-readout local-logsumexp --task-mode classification --checkpoint-objective classification-auprc --threshold-strategy val-mcc --negatives-per-positive 10 --batch-size 88 --hard-negative-fraction 0 --epochs 100 --patience 20 --learning-rate 0.0003 --min-learning-rate 0.000001 --weight-decay 0.0001 --dropout 0.1 --activation relu --reverse-complement-probability 0.5 --eval-crops multi --eval-rc --no-balanced-evaluation --eval-batch-size 128 --num-workers 2 --seed 2 --device cuda
Window geometry: 256 bp from 301 bp; crop starts 0..45; shifts -22..+23; fresh uniform draw per access
Evaluation: crops (0, 22, 23, 45), reverse complement=True; all samples
train: n=1,547,926, positive=15,326, negative=1,532,600
  val: n=410,767, positive=4,067, negative=406,700
 test: n=1,702,456, positive=16,856, negative=1,685,600
Device: cuda
Hidden activation: RELU
Parameters: 1,032,981 total; 1,032,981 trainable
Architecture: motif kernels 9/12; encoder 128/64/64; original five-block bottleneck at 64; decoder 64/128/256
  negatives seen=10.0%; hard negatives=0
Epoch 001 train: loss=0.4785 AUROC=0.9592 AUPRC=0.8028 BalAcc=0.9001 F1=0.6604 MCC=0.6426
Epoch 001 val  : loss=0.1510 AUROC=0.9783 AUPRC=0.6500 BalAcc=0.9286 F1=0.2828 MCC=0.3780
  learning_rate_used=3.000e-04; learning_rate_next=2.999e-04; elapsed=186.9s
  saved new best checkpoint: /data/projects/SFB_A03/jan/AT_TFBS/human301/runs/NFKB1/multitf_20261006_033507_932031_local_seed2/best_model.pt (objective=classification-auprc, score=0.649974)
  negatives seen=20.0%; hard negatives=0
Epoch 002 train: loss=0.3798 AUROC=0.9741 AUPRC=0.8631 BalAcc=0.9228 F1=0.7308 MCC=0.7146
Epoch 002 val  : loss=0.6820 AUROC=0.9794 AUPRC=0.6317 BalAcc=0.8395 F1=0.0600 MCC=0.1446
  learning_rate_used=2.999e-04; learning_rate_next=2.997e-04; elapsed=185.6s
  negatives seen=30.0%; hard negatives=0
Epoch 003 train: loss=0.3501 AUROC=0.9782 AUPRC=0.8802 BalAcc=0.9284 F1=0.7499 MCC=0.7341
Epoch 003 val  : loss=0.1320 AUROC=0.9792 AUPRC=0.6565 BalAcc=0.9279 F1=0.3225 MCC=0.4093
  learning_rate_used=2.997e-04; learning_rate_next=2.993e-04; elapsed=185.8s
  saved new best checkpoint: /data/projects/SFB_A03/jan/AT_TFBS/human301/runs/NFKB1/multitf_20261006_033507_932031_local_seed2/best_model.pt (objective=classification-auprc, score=0.656544)
  negatives seen=40.0%; hard negatives=0
Epoch 004 train: loss=0.3360 AUROC=0.9805 AUPRC=0.8895 BalAcc=0.9334 F1=0.7625 MCC=0.7474
Epoch 004 val  : loss=0.1170 AUROC=0.9842 AUPRC=0.6929 BalAcc=0.9332 F1=0.3703 MCC=0.4487
  learning_rate_used=2.993e-04; learning_rate_next=2.988e-04; elapsed=186.1s
  saved new best checkpoint: /data/projects/SFB_A03/jan/AT_TFBS/human301/runs/NFKB1/multitf_20261006_033507_932031_local_seed2/best_model.pt (objective=classification-auprc, score=0.692931)
  negatives seen=50.0%; hard negatives=0
Epoch 005 train: loss=0.3179 AUROC=0.9824 AUPRC=0.8948 BalAcc=0.9359 F1=0.7688 MCC=0.7542
Epoch 005 val  : loss=0.1104 AUROC=0.9836 AUPRC=0.7001 BalAcc=0.9324 F1=0.3693 MCC=0.4476
  learning_rate_used=2.988e-04; learning_rate_next=2.982e-04; elapsed=186.2s
  saved new best checkpoint: /data/projects/SFB_A03/jan/AT_TFBS/human301/runs/NFKB1/multitf_20261006_033507_932031_local_seed2/best_model.pt (objective=classification-auprc, score=0.700083)
  negatives seen=60.0%; hard negatives=0
Epoch 006 train: loss=0.3077 AUROC=0.9837 AUPRC=0.9031 BalAcc=0.9383 F1=0.7800 MCC=0.7655
Epoch 006 val  : loss=0.1221 AUROC=0.9864 AUPRC=0.7143 BalAcc=0.9396 F1=0.3502 MCC=0.4356
  learning_rate_used=2.982e-04; learning_rate_next=2.974e-04; elapsed=185.1s
  saved new best checkpoint: /data/projects/SFB_A03/jan/AT_TFBS/human301/runs/NFKB1/multitf_20261006_033507_932031_local_seed2/best_model.pt (objective=classification-auprc, score=0.714299)
  negatives seen=70.0%; hard negatives=0
Epoch 007 train: loss=0.2990 AUROC=0.9847 AUPRC=0.9069 BalAcc=0.9395 F1=0.7841 MCC=0.7697
Epoch 007 val  : loss=0.1220 AUROC=0.9855 AUPRC=0.7252 BalAcc=0.9392 F1=0.3471 MCC=0.4330
  learning_rate_used=2.974e-04; learning_rate_next=2.964e-04; elapsed=185.2s
  saved new best checkpoint: /data/projects/SFB_A03/jan/AT_TFBS/human301/runs/NFKB1/multitf_20261006_033507_932031_local_seed2/best_model.pt (objective=classification-auprc, score=0.725205)
  negatives seen=80.0%; hard negatives=0
Epoch 008 train: loss=0.2930 AUROC=0.9853 AUPRC=0.9077 BalAcc=0.9415 F1=0.7880 MCC=0.7740
Epoch 008 val  : loss=0.1095 AUROC=0.9864 AUPRC=0.7262 BalAcc=0.9398 F1=0.3598 MCC=0.4431
  learning_rate_used=2.964e-04; learning_rate_next=2.953e-04; elapsed=185.5s
  saved new best checkpoint: /data/projects/SFB_A03/jan/AT_TFBS/human301/runs/NFKB1/multitf_20261006_033507_932031_local_seed2/best_model.pt (objective=classification-auprc, score=0.726208)
  negatives seen=90.0%; hard negatives=0
Epoch 009 train: loss=0.2851 AUROC=0.9862 AUPRC=0.9118 BalAcc=0.9438 F1=0.7960 MCC=0.7822
Epoch 009 val  : loss=0.1066 AUROC=0.9864 AUPRC=0.7237 BalAcc=0.9381 F1=0.3859 MCC=0.4627
  learning_rate_used=2.953e-04; learning_rate_next=2.941e-04; elapsed=185.4s
  negatives seen=100.0%; hard negatives=0
Epoch 010 train: loss=0.2777 AUROC=0.9868 AUPRC=0.9164 BalAcc=0.9450 F1=0.7985 MCC=0.7849
Epoch 010 val  : loss=0.2045 AUROC=0.9871 AUPRC=0.7298 BalAcc=0.9430 F1=0.2120 MCC=0.3243
  learning_rate_used=2.941e-04; learning_rate_next=2.927e-04; elapsed=185.9s
  saved new best checkpoint: /data/projects/SFB_A03/jan/AT_TFBS/human301/runs/NFKB1/multitf_20261006_033507_932031_local_seed2/best_model.pt (objective=classification-auprc, score=0.729799)
  negatives seen=100.0%; hard negatives=0
Epoch 011 train: loss=0.2723 AUROC=0.9873 AUPRC=0.9178 BalAcc=0.9453 F1=0.8033 MCC=0.7897
Epoch 011 val  : loss=0.1358 AUROC=0.9867 AUPRC=0.7290 BalAcc=0.9442 F1=0.3154 MCC=0.4100
  learning_rate_used=2.927e-04; learning_rate_next=2.912e-04; elapsed=186.4s
  negatives seen=100.0%; hard negatives=0
Epoch 012 train: loss=0.2657 AUROC=0.9878 AUPRC=0.9218 BalAcc=0.9474 F1=0.8086 MCC=0.7954
Epoch 012 val  : loss=0.1486 AUROC=0.9860 AUPRC=0.7177 BalAcc=0.9435 F1=0.2862 MCC=0.3864
  learning_rate_used=2.912e-04; learning_rate_next=2.895e-04; elapsed=185.3s
  negatives seen=100.0%; hard negatives=0
Epoch 013 train: loss=0.2625 AUROC=0.9882 AUPRC=0.9210 BalAcc=0.9478 F1=0.8084 MCC=0.7953
Epoch 013 val  : loss=0.0980 AUROC=0.9873 AUPRC=0.7329 BalAcc=0.9358 F1=0.4229 MCC=0.4903
  learning_rate_used=2.895e-04; learning_rate_next=2.877e-04; elapsed=186.0s
  saved new best checkpoint: /data/projects/SFB_A03/jan/AT_TFBS/human301/runs/NFKB1/multitf_20261006_033507_932031_local_seed2/best_model.pt (objective=classification-auprc, score=0.732913)
  negatives seen=100.0%; hard negatives=0
Epoch 014 train: loss=0.2599 AUROC=0.9885 AUPRC=0.9237 BalAcc=0.9496 F1=0.8143 MCC=0.8014
Epoch 014 val  : loss=0.2040 AUROC=0.9878 AUPRC=0.7331 BalAcc=0.9451 F1=0.2184 MCC=0.3306
  learning_rate_used=2.877e-04; learning_rate_next=2.858e-04; elapsed=188.6s
  saved new best checkpoint: /data/projects/SFB_A03/jan/AT_TFBS/human301/runs/NFKB1/multitf_20261006_033507_932031_local_seed2/best_model.pt (objective=classification-auprc, score=0.733059)
  negatives seen=100.0%; hard negatives=0
Epoch 015 train: loss=0.2585 AUROC=0.9886 AUPRC=0.9230 BalAcc=0.9493 F1=0.8154 MCC=0.8024
Epoch 015 val  : loss=0.1572 AUROC=0.9876 AUPRC=0.7408 BalAcc=0.9478 F1=0.2768 MCC=0.3805
  learning_rate_used=2.858e-04; learning_rate_next=2.837e-04; elapsed=187.7s
  saved new best checkpoint: /data/projects/SFB_A03/jan/AT_TFBS/human301/runs/NFKB1/multitf_20261006_033507_932031_local_seed2/best_model.pt (objective=classification-auprc, score=0.740826)
  negatives seen=100.0%; hard negatives=0
Epoch 016 train: loss=0.2510 AUROC=0.9893 AUPRC=0.9253 BalAcc=0.9502 F1=0.8144 MCC=0.8017
Epoch 016 val  : loss=0.1211 AUROC=0.9876 AUPRC=0.7335 BalAcc=0.9455 F1=0.3304 MCC=0.4224
  learning_rate_used=2.837e-04; learning_rate_next=2.815e-04; elapsed=187.1s
  negatives seen=100.0%; hard negatives=0
Epoch 017 train: loss=0.2479 AUROC=0.9896 AUPRC=0.9276 BalAcc=0.9513 F1=0.8187 MCC=0.8061
Epoch 017 val  : loss=0.1022 AUROC=0.9873 AUPRC=0.7179 BalAcc=0.9358 F1=0.3964 MCC=0.4698
  learning_rate_used=2.815e-04; learning_rate_next=2.792e-04; elapsed=187.1s
  negatives seen=100.0%; hard negatives=0
Epoch 018 train: loss=0.2405 AUROC=0.9903 AUPRC=0.9301 BalAcc=0.9522 F1=0.8226 MCC=0.8101
Epoch 018 val  : loss=0.0855 AUROC=0.9873 AUPRC=0.7370 BalAcc=0.9183 F1=0.5159 MCC=0.5553
  learning_rate_used=2.792e-04; learning_rate_next=2.767e-04; elapsed=188.3s
  negatives seen=100.0%; hard negatives=0
Epoch 019 train: loss=0.2429 AUROC=0.9900 AUPRC=0.9291 BalAcc=0.9519 F1=0.8235 MCC=0.8110
Epoch 019 val  : loss=0.1174 AUROC=0.9878 AUPRC=0.7409 BalAcc=0.9452 F1=0.3491 MCC=0.4369
  learning_rate_used=2.767e-04; learning_rate_next=2.741e-04; elapsed=188.3s
  negatives seen=100.0%; hard negatives=0
Epoch 020 train: loss=0.2392 AUROC=0.9903 AUPRC=0.9302 BalAcc=0.9530 F1=0.8252 MCC=0.8129
Epoch 020 val  : loss=0.1033 AUROC=0.9878 AUPRC=0.7380 BalAcc=0.9396 F1=0.3981 MCC=0.4727
  learning_rate_used=2.741e-04; learning_rate_next=2.714e-04; elapsed=186.7s
  negatives seen=100.0%; hard negatives=0
Epoch 021 train: loss=0.2317 AUROC=0.9908 AUPRC=0.9339 BalAcc=0.9549 F1=0.8307 MCC=0.8187
Epoch 021 val  : loss=0.0952 AUROC=0.9875 AUPRC=0.7329 BalAcc=0.9329 F1=0.4420 MCC=0.5038
  learning_rate_used=2.714e-04; learning_rate_next=2.686e-04; elapsed=187.1s
  negatives seen=100.0%; hard negatives=0
Epoch 022 train: loss=0.2261 AUROC=0.9913 AUPRC=0.9358 BalAcc=0.9556 F1=0.8335 MCC=0.8216
Epoch 022 val  : loss=0.0852 AUROC=0.9876 AUPRC=0.7407 BalAcc=0.9267 F1=0.4860 MCC=0.5353
  learning_rate_used=2.686e-04; learning_rate_next=2.657e-04; elapsed=187.8s
  negatives seen=100.0%; hard negatives=0
Epoch 023 train: loss=0.2211 AUROC=0.9917 AUPRC=0.9367 BalAcc=0.9580 F1=0.8409 MCC=0.8295
Epoch 023 val  : loss=0.0988 AUROC=0.9880 AUPRC=0.7463 BalAcc=0.9370 F1=0.4214 MCC=0.4896
  learning_rate_used=2.657e-04; learning_rate_next=2.626e-04; elapsed=187.6s
  saved new best checkpoint: /data/projects/SFB_A03/jan/AT_TFBS/human301/runs/NFKB1/multitf_20261006_033507_932031_local_seed2/best_model.pt (objective=classification-auprc, score=0.746341)
  negatives seen=100.0%; hard negatives=0
Epoch 024 train: loss=0.2196 AUROC=0.9919 AUPRC=0.9375 BalAcc=0.9556 F1=0.8367 MCC=0.8248
Epoch 024 val  : loss=0.1063 AUROC=0.9879 AUPRC=0.7466 BalAcc=0.9417 F1=0.3822 MCC=0.4612
  learning_rate_used=2.626e-04; learning_rate_next=2.595e-04; elapsed=187.4s
  saved new best checkpoint: /data/projects/SFB_A03/jan/AT_TFBS/human301/runs/NFKB1/multitf_20261006_033507_932031_local_seed2/best_model.pt (objective=classification-auprc, score=0.746636)
  negatives seen=100.0%; hard negatives=0
Epoch 025 train: loss=0.2211 AUROC=0.9919 AUPRC=0.9387 BalAcc=0.9554 F1=0.8371 MCC=0.8251
Epoch 025 val  : loss=0.1086 AUROC=0.9876 AUPRC=0.7436 BalAcc=0.9425 F1=0.3733 MCC=0.4547
  learning_rate_used=2.595e-04; learning_rate_next=2.562e-04; elapsed=187.4s
  negatives seen=100.0%; hard negatives=0
Epoch 026 train: loss=0.2172 AUROC=0.9920 AUPRC=0.9392 BalAcc=0.9574 F1=0.8429 MCC=0.8313
Epoch 026 val  : loss=0.0949 AUROC=0.9875 AUPRC=0.7478 BalAcc=0.9359 F1=0.4261 MCC=0.4928
  learning_rate_used=2.562e-04; learning_rate_next=2.528e-04; elapsed=186.9s
  saved new best checkpoint: /data/projects/SFB_A03/jan/AT_TFBS/human301/runs/NFKB1/multitf_20261006_033507_932031_local_seed2/best_model.pt (objective=classification-auprc, score=0.747765)
  negatives seen=100.0%; hard negatives=0
Epoch 027 train: loss=0.2124 AUROC=0.9923 AUPRC=0.9404 BalAcc=0.9586 F1=0.8448 MCC=0.8334
Epoch 027 val  : loss=0.0904 AUROC=0.9878 AUPRC=0.7449 BalAcc=0.9347 F1=0.4487 MCC=0.5097
  learning_rate_used=2.528e-04; learning_rate_next=2.494e-04; elapsed=187.0s
  negatives seen=100.0%; hard negatives=0
Epoch 028 train: loss=0.2071 AUROC=0.9927 AUPRC=0.9417 BalAcc=0.9591 F1=0.8453 MCC=0.8340
Epoch 028 val  : loss=0.1162 AUROC=0.9878 AUPRC=0.7442 BalAcc=0.9438 F1=0.3608 MCC=0.4455
  learning_rate_used=2.494e-04; learning_rate_next=2.458e-04; elapsed=187.5s
  negatives seen=100.0%; hard negatives=0
Epoch 029 train: loss=0.2023 AUROC=0.9929 AUPRC=0.9422 BalAcc=0.9607 F1=0.8511 MCC=0.8401
Epoch 029 val  : loss=0.0903 AUROC=0.9880 AUPRC=0.7476 BalAcc=0.9306 F1=0.4781 MCC=0.5308
  learning_rate_used=2.458e-04; learning_rate_next=2.421e-04; elapsed=187.5s
  negatives seen=100.0%; hard negatives=0
Epoch 030 train: loss=0.2034 AUROC=0.9930 AUPRC=0.9437 BalAcc=0.9602 F1=0.8512 MCC=0.8401
Epoch 030 val  : loss=0.0966 AUROC=0.9877 AUPRC=0.7478 BalAcc=0.9386 F1=0.4237 MCC=0.4921
  learning_rate_used=2.421e-04; learning_rate_next=2.384e-04; elapsed=187.9s
  negatives seen=100.0%; hard negatives=0
Epoch 031 train: loss=0.2026 AUROC=0.9930 AUPRC=0.9435 BalAcc=0.9612 F1=0.8566 MCC=0.8457
Epoch 031 val  : loss=0.1229 AUROC=0.9879 AUPRC=0.7476 BalAcc=0.9451 F1=0.3439 MCC=0.4328
  learning_rate_used=2.384e-04; learning_rate_next=2.345e-04; elapsed=187.7s
  negatives seen=100.0%; hard negatives=0
Epoch 032 train: loss=0.1949 AUROC=0.9934 AUPRC=0.9458 BalAcc=0.9627 F1=0.8590 MCC=0.8484
Epoch 032 val  : loss=0.1132 AUROC=0.9876 AUPRC=0.7514 BalAcc=0.9443 F1=0.3636 MCC=0.4479
  learning_rate_used=2.345e-04; learning_rate_next=2.306e-04; elapsed=187.5s
  saved new best checkpoint: /data/projects/SFB_A03/jan/AT_TFBS/human301/runs/NFKB1/multitf_20261006_033507_932031_local_seed2/best_model.pt (objective=classification-auprc, score=0.751397)
  negatives seen=100.0%; hard negatives=0
Epoch 033 train: loss=0.1875 AUROC=0.9940 AUPRC=0.9491 BalAcc=0.9640 F1=0.8657 MCC=0.8554
Epoch 033 val  : loss=0.0886 AUROC=0.9873 AUPRC=0.7459 BalAcc=0.9292 F1=0.4654 MCC=0.5204
  learning_rate_used=2.306e-04; learning_rate_next=2.266e-04; elapsed=187.1s
  negatives seen=100.0%; hard negatives=0
Epoch 034 train: loss=0.1905 AUROC=0.9936 AUPRC=0.9454 BalAcc=0.9631 F1=0.8595 MCC=0.8490
Epoch 034 val  : loss=0.0890 AUROC=0.9872 AUPRC=0.7462 BalAcc=0.9237 F1=0.4976 MCC=0.5432
  learning_rate_used=2.266e-04; learning_rate_next=2.225e-04; elapsed=190.1s
  negatives seen=100.0%; hard negatives=0
Epoch 035 train: loss=0.1910 AUROC=0.9937 AUPRC=0.9482 BalAcc=0.9632 F1=0.8616 MCC=0.8511
Epoch 035 val  : loss=0.0918 AUROC=0.9881 AUPRC=0.7540 BalAcc=0.9369 F1=0.4560 MCC=0.5162
  learning_rate_used=2.225e-04; learning_rate_next=2.184e-04; elapsed=186.8s
  saved new best checkpoint: /data/projects/SFB_A03/jan/AT_TFBS/human301/runs/NFKB1/multitf_20261006_033507_932031_local_seed2/best_model.pt (objective=classification-auprc, score=0.754008)
  negatives seen=100.0%; hard negatives=0
Epoch 036 train: loss=0.1879 AUROC=0.9939 AUPRC=0.9487 BalAcc=0.9640 F1=0.8646 MCC=0.8542
Epoch 036 val  : loss=0.0863 AUROC=0.9881 AUPRC=0.7476 BalAcc=0.9301 F1=0.4864 MCC=0.5370
  learning_rate_used=2.184e-04; learning_rate_next=2.142e-04; elapsed=187.0s
  negatives seen=100.0%; hard negatives=0
Epoch 037 train: loss=0.1827 AUROC=0.9942 AUPRC=0.9510 BalAcc=0.9644 F1=0.8638 MCC=0.8535
Epoch 037 val  : loss=0.1142 AUROC=0.9883 AUPRC=0.7512 BalAcc=0.9459 F1=0.3731 MCC=0.4559
  learning_rate_used=2.142e-04; learning_rate_next=2.099e-04; elapsed=187.2s
  negatives seen=100.0%; hard negatives=0
Epoch 038 train: loss=0.1767 AUROC=0.9945 AUPRC=0.9521 BalAcc=0.9660 F1=0.8692 MCC=0.8592
Epoch 038 val  : loss=0.0903 AUROC=0.9883 AUPRC=0.7554 BalAcc=0.9363 F1=0.4499 MCC=0.5112
  learning_rate_used=2.099e-04; learning_rate_next=2.055e-04; elapsed=187.3s
  saved new best checkpoint: /data/projects/SFB_A03/jan/AT_TFBS/human301/runs/NFKB1/multitf_20261006_033507_932031_local_seed2/best_model.pt (objective=classification-auprc, score=0.755373)
  negatives seen=100.0%; hard negatives=0
Epoch 039 train: loss=0.1765 AUROC=0.9945 AUPRC=0.9507 BalAcc=0.9661 F1=0.8690 MCC=0.8590
Epoch 039 val  : loss=0.0904 AUROC=0.9878 AUPRC=0.7508 BalAcc=0.9264 F1=0.5103 MCC=0.5541
  learning_rate_used=2.055e-04; learning_rate_next=2.011e-04; elapsed=189.8s
  negatives seen=100.0%; hard negatives=0
Epoch 040 train: loss=0.1705 AUROC=0.9950 AUPRC=0.9549 BalAcc=0.9670 F1=0.8748 MCC=0.8651
Epoch 040 val  : loss=0.0878 AUROC=0.9876 AUPRC=0.7495 BalAcc=0.9288 F1=0.4982 MCC=0.5456
  learning_rate_used=2.011e-04; learning_rate_next=1.967e-04; elapsed=187.5s
  negatives seen=100.0%; hard negatives=0
Epoch 041 train: loss=0.1732 AUROC=0.9948 AUPRC=0.9521 BalAcc=0.9674 F1=0.8743 MCC=0.8646
Epoch 041 val  : loss=0.0854 AUROC=0.9878 AUPRC=0.7473 BalAcc=0.9211 F1=0.5149 MCC=0.5556
  learning_rate_used=1.967e-04; learning_rate_next=1.922e-04; elapsed=188.8s
  negatives seen=100.0%; hard negatives=0
Epoch 042 train: loss=0.1675 AUROC=0.9950 AUPRC=0.9551 BalAcc=0.9686 F1=0.8776 MCC=0.8682
Epoch 042 val  : loss=0.1000 AUROC=0.9866 AUPRC=0.7416 BalAcc=0.9318 F1=0.4275 MCC=0.4922
  learning_rate_used=1.922e-04; learning_rate_next=1.877e-04; elapsed=187.2s
  negatives seen=100.0%; hard negatives=0
Epoch 043 train: loss=0.1644 AUROC=0.9952 AUPRC=0.9560 BalAcc=0.9695 F1=0.8796 MCC=0.8703
Epoch 043 val  : loss=0.0914 AUROC=0.9877 AUPRC=0.7512 BalAcc=0.9326 F1=0.4652 MCC=0.5216
  learning_rate_used=1.877e-04; learning_rate_next=1.831e-04; elapsed=187.3s
  negatives seen=100.0%; hard negatives=0
Epoch 044 train: loss=0.1682 AUROC=0.9951 AUPRC=0.9559 BalAcc=0.9683 F1=0.8814 MCC=0.8719
Epoch 044 val  : loss=0.0869 AUROC=0.9871 AUPRC=0.7495 BalAcc=0.9280 F1=0.4906 MCC=0.5394
  learning_rate_used=1.831e-04; learning_rate_next=1.785e-04; elapsed=187.6s
  negatives seen=100.0%; hard negatives=0
Epoch 045 train: loss=0.1602 AUROC=0.9954 AUPRC=0.9572 BalAcc=0.9698 F1=0.8841 MCC=0.8749
Epoch 045 val  : loss=0.0949 AUROC=0.9875 AUPRC=0.7502 BalAcc=0.9310 F1=0.4679 MCC=0.5230
  learning_rate_used=1.785e-04; learning_rate_next=1.739e-04; elapsed=187.4s
  negatives seen=100.0%; hard negatives=0
Epoch 046 train: loss=0.1554 AUROC=0.9956 AUPRC=0.9595 BalAcc=0.9703 F1=0.8886 MCC=0.8796
Epoch 046 val  : loss=0.0944 AUROC=0.9876 AUPRC=0.7518 BalAcc=0.9369 F1=0.4378 MCC=0.5022
  learning_rate_used=1.739e-04; learning_rate_next=1.692e-04; elapsed=187.2s
  negatives seen=100.0%; hard negatives=0
Epoch 047 train: loss=0.1580 AUROC=0.9955 AUPRC=0.9580 BalAcc=0.9692 F1=0.8842 MCC=0.8750
Epoch 047 val  : loss=0.0881 AUROC=0.9873 AUPRC=0.7554 BalAcc=0.9305 F1=0.5026 MCC=0.5497
  learning_rate_used=1.692e-04; learning_rate_next=1.646e-04; elapsed=186.8s
  negatives seen=100.0%; hard negatives=0
Epoch 048 train: loss=0.1548 AUROC=0.9958 AUPRC=0.9591 BalAcc=0.9705 F1=0.8887 MCC=0.8797
Epoch 048 val  : loss=0.0908 AUROC=0.9876 AUPRC=0.7493 BalAcc=0.9309 F1=0.4758 MCC=0.5291
  learning_rate_used=1.646e-04; learning_rate_next=1.599e-04; elapsed=187.3s
  negatives seen=100.0%; hard negatives=0
Epoch 049 train: loss=0.1459 AUROC=0.9962 AUPRC=0.9630 BalAcc=0.9728 F1=0.8961 MCC=0.8876
Epoch 049 val  : loss=0.0909 AUROC=0.9864 AUPRC=0.7415 BalAcc=0.9271 F1=0.4906 MCC=0.5391
  learning_rate_used=1.599e-04; learning_rate_next=1.552e-04; elapsed=188.5s
  negatives seen=100.0%; hard negatives=0
Epoch 050 train: loss=0.1483 AUROC=0.9961 AUPRC=0.9619 BalAcc=0.9716 F1=0.8935 MCC=0.8848
Epoch 050 val  : loss=0.0871 AUROC=0.9874 AUPRC=0.7533 BalAcc=0.9328 F1=0.4925 MCC=0.5428
  learning_rate_used=1.552e-04; learning_rate_next=1.505e-04; elapsed=187.2s
  negatives seen=100.0%; hard negatives=0
Epoch 051 train: loss=0.1440 AUROC=0.9962 AUPRC=0.9621 BalAcc=0.9730 F1=0.8945 MCC=0.8861
Epoch 051 val  : loss=0.0851 AUROC=0.9873 AUPRC=0.7498 BalAcc=0.9205 F1=0.5376 MCC=0.5733
  learning_rate_used=1.505e-04; learning_rate_next=1.458e-04; elapsed=187.5s
  negatives seen=100.0%; hard negatives=0
Epoch 052 train: loss=0.1452 AUROC=0.9962 AUPRC=0.9619 BalAcc=0.9724 F1=0.8965 MCC=0.8880
Epoch 052 val  : loss=0.0891 AUROC=0.9873 AUPRC=0.7530 BalAcc=0.9262 F1=0.5130 MCC=0.5561
  learning_rate_used=1.458e-04; learning_rate_next=1.411e-04; elapsed=188.2s
  negatives seen=100.0%; hard negatives=0
Epoch 053 train: loss=0.1443 AUROC=0.9964 AUPRC=0.9645 BalAcc=0.9728 F1=0.8991 MCC=0.8907
Epoch 053 val  : loss=0.0972 AUROC=0.9876 AUPRC=0.7542 BalAcc=0.9380 F1=0.4499 MCC=0.5120
  learning_rate_used=1.411e-04; learning_rate_next=1.364e-04; elapsed=187.2s
  negatives seen=100.0%; hard negatives=0
Epoch 054 train: loss=0.1402 AUROC=0.9964 AUPRC=0.9647 BalAcc=0.9741 F1=0.9025 MCC=0.8944
Epoch 054 val  : loss=0.0972 AUROC=0.9871 AUPRC=0.7552 BalAcc=0.9380 F1=0.4402 MCC=0.5045
  learning_rate_used=1.364e-04; learning_rate_next=1.318e-04; elapsed=187.3s
  negatives seen=100.0%; hard negatives=0
Epoch 055 train: loss=0.1373 AUROC=0.9966 AUPRC=0.9651 BalAcc=0.9740 F1=0.9024 MCC=0.8943
Epoch 055 val  : loss=0.0983 AUROC=0.9867 AUPRC=0.7540 BalAcc=0.9315 F1=0.4877 MCC=0.5386
  learning_rate_used=1.318e-04; learning_rate_next=1.271e-04; elapsed=187.5s
  negatives seen=100.0%; hard negatives=0
Epoch 056 train: loss=0.1410 AUROC=0.9964 AUPRC=0.9635 BalAcc=0.9738 F1=0.9009 MCC=0.8927
Epoch 056 val  : loss=0.0883 AUROC=0.9870 AUPRC=0.7517 BalAcc=0.9224 F1=0.5265 MCC=0.5652
  learning_rate_used=1.271e-04; learning_rate_next=1.225e-04; elapsed=186.5s
  negatives seen=100.0%; hard negatives=0
Epoch 057 train: loss=0.1341 AUROC=0.9968 AUPRC=0.9671 BalAcc=0.9747 F1=0.9041 MCC=0.8961
Epoch 057 val  : loss=0.0897 AUROC=0.9867 AUPRC=0.7533 BalAcc=0.9206 F1=0.5346 MCC=0.5709
  learning_rate_used=1.225e-04; learning_rate_next=1.179e-04; elapsed=189.1s
  negatives seen=100.0%; hard negatives=0
Epoch 058 train: loss=0.1320 AUROC=0.9968 AUPRC=0.9674 BalAcc=0.9763 F1=0.9089 MCC=0.9013
Epoch 058 val  : loss=0.0946 AUROC=0.9865 AUPRC=0.7536 BalAcc=0.9135 F1=0.5653 MCC=0.5927
  learning_rate_used=1.179e-04; learning_rate_next=1.133e-04; elapsed=187.3s
Early stopping after 58 epochs.
Binary threshold: 0.985431 (strategy=val-mcc, validation_score=0.693349)
TEST chr10,chr12,chr14,chr16,chr18,chr2,chr20,chr22,chr4,chr6,chr8: loss=0.0901 AUROC=0.9887 AUPRC=0.7480 BalAcc=0.8217 F1=0.6896 MCC=0.6884
Outputs written to /data/projects/SFB_A03/jan/AT_TFBS/human301/runs/NFKB1/multitf_20261006_033507_932031_local_seed2
Binary predictions: binary_classification_results.tsv
Binary metrics: binary_classification_metrics.json
ROC plot: roc_curve.png
Precision-recall plot: precision_recall_curve.png
Confusion matrix: binary_confusion_matrix.tsv
