CTCF: preparing /data/projects/SFB_A03/jan/AT_TFBS/raw_data/human/CTCF/hum301_multitf_chr5_chr7/dataset.npz
Loaded train_positive: 57,115
Loaded train_negative: 5,711,500
Loaded test_positive: 51,547
Loaded test_negative: 5,154,700
{
  "train": {
    "positive": 44203,
    "negative": 4420300,
    "total": 4464503,
    "chromosomes": [
      "chr1",
      "chr11",
      "chr13",
      "chr15",
      "chr17",
      "chr19",
      "chr21",
      "chr3",
      "chr9"
    ],
    "sequences_with_N": 2,
    "max_N_fraction": 0.0033222591362126247,
    "mean_GC_fraction_ACGT_only": {
      "positive": 0.50709394808894,
      "negative": 0.4475993902489894
    }
  },
  "validation": {
    "positive": 12912,
    "negative": 1291200,
    "total": 1304112,
    "chromosomes": [
      "chr5",
      "chr7"
    ],
    "sequences_with_N": 0,
    "max_N_fraction": 0.0,
    "mean_GC_fraction_ACGT_only": {
      "positive": 0.47435309604087167,
      "negative": 0.4031380013750118
    }
  },
  "test": {
    "positive": 51547,
    "negative": 5154700,
    "total": 5206247,
    "chromosomes": [
      "chr10",
      "chr12",
      "chr14",
      "chr16",
      "chr18",
      "chr2",
      "chr20",
      "chr22",
      "chr4",
      "chr6",
      "chr8"
    ],
    "sequences_with_N": 0,
    "max_N_fraction": 0.0,
    "mean_GC_fraction_ACGT_only": {
      "positive": 0.48748589085585664,
      "negative": 0.44758607488298746
    }
  }
}
Sequence audit: {
  "train": {
    "duplicates_or_RC_duplicates_within_split": 361,
    "identical_or_RC_identical_sequences_with_both_labels": 0
  },
  "validation": {
    "duplicates_or_RC_duplicates_within_split": 30,
    "identical_or_RC_identical_sequences_with_both_labels": 0
  },
  "test": {
    "duplicates_or_RC_duplicates_within_split": 297,
    "identical_or_RC_identical_sequences_with_both_labels": 0
  },
  "train_validation_shared_sequences_or_RC": 64,
  "train_test_shared_sequences_or_RC": 221,
  "validation_test_shared_sequences_or_RC": 82
}
Saved: /data/projects/SFB_A03/jan/AT_TFBS/raw_data/human/CTCF/hum301_multitf_chr5_chr7/dataset.npz
