TF=TERF1 train=CHIP seed=2 model=hum301_motif64_local.py
/home/jbossenz/miniforge3/envs/at_env/bin/python -u /data/projects/SFB_A03/jan/AT_TFBS/human301/hum301_motif64_local.py train --cache /data/projects/SFB_A03/jan/AT_TFBS/raw_data/human/ArchThalia-ML/TERF1/CHIP/dataset.npz --output-dir /data/projects/SFB_A03/jan/AT_TFBS/human301/runs/TERF1/crossassay_archthalia_20261009_144503_1046783/CHIP_seed2 --input-length 256 --embed-channels 64 --encoder-channels 80 96 128 --heads 4 --ffn-channels 256 --classification-readout local-logsumexp --task-mode classification --checkpoint-objective classification-auprc --threshold-strategy val-mcc --negatives-per-positive 10 --batch-size 88 --hard-negative-fraction 0 --epochs 100 --patience 20 --learning-rate 0.0003 --min-learning-rate 0.000001 --weight-decay 0.0001 --dropout 0.1 --activation relu --reverse-complement-probability 0.5 --eval-crops multi --eval-rc --no-balanced-evaluation --eval-batch-size 128 --num-workers 2 --seed 2 --device cuda --skip-test
Window geometry: 256 bp from 301 bp; crop starts 0..45; shifts -22..+23; fresh uniform draw per access
Evaluation: crops (0, 22, 23, 45), reverse complement=True; all samples
train: n=71,609, positive=709, negative=70,900
  val: n=18,786, positive=186, negative=18,600
 test: n=67,064, positive=664, negative=66,400
Device: cuda
Hidden activation: RELU
Parameters: 1,032,981 total; 1,032,981 trainable
Architecture: motif kernels 9/12; encoder 128/64/64; original five-block bottleneck at 64; decoder 64/128/256
  negatives seen=10.0%; hard negatives=0
Epoch 001 train: loss=1.2115 AUROC=0.6525 AUPRC=0.1956 BalAcc=0.6045 F1=0.2193 MCC=0.1232
Epoch 001 val  : loss=0.8778 AUROC=0.7636 AUPRC=0.0936 BalAcc=0.6872 F1=0.0356 MCC=0.0747
  learning_rate_used=3.000e-04; learning_rate_next=2.999e-04; elapsed=10.5s
  saved new best checkpoint: /data/projects/SFB_A03/jan/AT_TFBS/human301/runs/TERF1/crossassay_archthalia_20261009_144503_1046783/CHIP_seed2/best_model.pt (objective=classification-auprc, score=0.093643)
  negatives seen=20.0%; hard negatives=0
Epoch 002 train: loss=1.0377 AUROC=0.7741 AUPRC=0.2760 BalAcc=0.7140 F1=0.3055 MCC=0.2584
Epoch 002 val  : loss=0.6966 AUROC=0.7889 AUPRC=0.1280 BalAcc=0.7189 F1=0.0445 MCC=0.0922
  learning_rate_used=2.999e-04; learning_rate_next=2.997e-04; elapsed=9.1s
  saved new best checkpoint: /data/projects/SFB_A03/jan/AT_TFBS/human301/runs/TERF1/crossassay_archthalia_20261009_144503_1046783/CHIP_seed2/best_model.pt (objective=classification-auprc, score=0.127969)
  negatives seen=30.0%; hard negatives=0
Epoch 003 train: loss=1.0029 AUROC=0.7948 AUPRC=0.3136 BalAcc=0.7257 F1=0.3171 MCC=0.2743
Epoch 003 val  : loss=0.4537 AUROC=0.8001 AUPRC=0.1497 BalAcc=0.6848 F1=0.0575 MCC=0.0959
  learning_rate_used=2.997e-04; learning_rate_next=2.993e-04; elapsed=9.2s
  saved new best checkpoint: /data/projects/SFB_A03/jan/AT_TFBS/human301/runs/TERF1/crossassay_archthalia_20261009_144503_1046783/CHIP_seed2/best_model.pt (objective=classification-auprc, score=0.149671)
  negatives seen=40.0%; hard negatives=0
Epoch 004 train: loss=0.9380 AUROC=0.8163 AUPRC=0.3283 BalAcc=0.7475 F1=0.3339 MCC=0.3008
Epoch 004 val  : loss=0.6682 AUROC=0.8104 AUPRC=0.1477 BalAcc=0.7253 F1=0.0394 MCC=0.0901
  learning_rate_used=2.993e-04; learning_rate_next=2.988e-04; elapsed=9.1s
  negatives seen=50.0%; hard negatives=0
Epoch 005 train: loss=0.9236 AUROC=0.8287 AUPRC=0.3562 BalAcc=0.7573 F1=0.3428 MCC=0.3134
Epoch 005 val  : loss=0.6114 AUROC=0.8104 AUPRC=0.1515 BalAcc=0.7434 F1=0.0492 MCC=0.1044
  learning_rate_used=2.988e-04; learning_rate_next=2.982e-04; elapsed=9.1s
  saved new best checkpoint: /data/projects/SFB_A03/jan/AT_TFBS/human301/runs/TERF1/crossassay_archthalia_20261009_144503_1046783/CHIP_seed2/best_model.pt (objective=classification-auprc, score=0.151528)
  negatives seen=60.0%; hard negatives=0
Epoch 006 train: loss=0.8885 AUROC=0.8422 AUPRC=0.4070 BalAcc=0.7594 F1=0.3498 MCC=0.3194
Epoch 006 val  : loss=0.5510 AUROC=0.8024 AUPRC=0.1550 BalAcc=0.7241 F1=0.0472 MCC=0.0965
  learning_rate_used=2.982e-04; learning_rate_next=2.974e-04; elapsed=9.2s
  saved new best checkpoint: /data/projects/SFB_A03/jan/AT_TFBS/human301/runs/TERF1/crossassay_archthalia_20261009_144503_1046783/CHIP_seed2/best_model.pt (objective=classification-auprc, score=0.155044)
  negatives seen=70.0%; hard negatives=0
Epoch 007 train: loss=0.8679 AUROC=0.8481 AUPRC=0.3945 BalAcc=0.7629 F1=0.3536 MCC=0.3243
Epoch 007 val  : loss=0.3108 AUROC=0.7994 AUPRC=0.1469 BalAcc=0.6291 F1=0.0878 MCC=0.1063
  learning_rate_used=2.974e-04; learning_rate_next=2.964e-04; elapsed=9.1s
  negatives seen=80.0%; hard negatives=0
Epoch 008 train: loss=0.8129 AUROC=0.8649 AUPRC=0.4211 BalAcc=0.7889 F1=0.3789 MCC=0.3592
Epoch 008 val  : loss=0.4658 AUROC=0.8153 AUPRC=0.1553 BalAcc=0.7407 F1=0.0562 MCC=0.1110
  learning_rate_used=2.964e-04; learning_rate_next=2.953e-04; elapsed=9.2s
  saved new best checkpoint: /data/projects/SFB_A03/jan/AT_TFBS/human301/runs/TERF1/crossassay_archthalia_20261009_144503_1046783/CHIP_seed2/best_model.pt (objective=classification-auprc, score=0.155255)
  negatives seen=90.0%; hard negatives=0
Epoch 009 train: loss=0.8080 AUROC=0.8697 AUPRC=0.4538 BalAcc=0.7812 F1=0.3775 MCC=0.3530
Epoch 009 val  : loss=0.5851 AUROC=0.8124 AUPRC=0.1620 BalAcc=0.7385 F1=0.0460 MCC=0.0997
  learning_rate_used=2.953e-04; learning_rate_next=2.941e-04; elapsed=9.2s
  saved new best checkpoint: /data/projects/SFB_A03/jan/AT_TFBS/human301/runs/TERF1/crossassay_archthalia_20261009_144503_1046783/CHIP_seed2/best_model.pt (objective=classification-auprc, score=0.162050)
  negatives seen=100.0%; hard negatives=0
Epoch 010 train: loss=0.7662 AUROC=0.8853 AUPRC=0.4838 BalAcc=0.8093 F1=0.4114 MCC=0.3950
Epoch 010 val  : loss=0.2806 AUROC=0.8150 AUPRC=0.1556 BalAcc=0.5927 F1=0.1150 MCC=0.1149
  learning_rate_used=2.941e-04; learning_rate_next=2.927e-04; elapsed=9.1s
  negatives seen=100.0%; hard negatives=0
Epoch 011 train: loss=0.7681 AUROC=0.8855 AUPRC=0.4832 BalAcc=0.8068 F1=0.4117 MCC=0.3936
Epoch 011 val  : loss=0.3330 AUROC=0.8162 AUPRC=0.1648 BalAcc=0.6785 F1=0.0770 MCC=0.1134
  learning_rate_used=2.927e-04; learning_rate_next=2.912e-04; elapsed=9.2s
  saved new best checkpoint: /data/projects/SFB_A03/jan/AT_TFBS/human301/runs/TERF1/crossassay_archthalia_20261009_144503_1046783/CHIP_seed2/best_model.pt (objective=classification-auprc, score=0.164807)
  negatives seen=100.0%; hard negatives=0
Epoch 012 train: loss=0.7357 AUROC=0.8962 AUPRC=0.5014 BalAcc=0.8124 F1=0.4252 MCC=0.4067
Epoch 012 val  : loss=0.5233 AUROC=0.8050 AUPRC=0.1576 BalAcc=0.7237 F1=0.0508 MCC=0.1002
  learning_rate_used=2.912e-04; learning_rate_next=2.895e-04; elapsed=9.2s
  negatives seen=100.0%; hard negatives=0
Epoch 013 train: loss=0.6990 AUROC=0.9052 AUPRC=0.5430 BalAcc=0.8239 F1=0.4357 MCC=0.4216
Epoch 013 val  : loss=0.4404 AUROC=0.7999 AUPRC=0.1587 BalAcc=0.7199 F1=0.0547 MCC=0.1033
  learning_rate_used=2.895e-04; learning_rate_next=2.877e-04; elapsed=9.2s
  negatives seen=100.0%; hard negatives=0
Epoch 014 train: loss=0.6690 AUROC=0.9132 AUPRC=0.5726 BalAcc=0.8317 F1=0.4526 MCC=0.4388
Epoch 014 val  : loss=0.3369 AUROC=0.8209 AUPRC=0.1709 BalAcc=0.6897 F1=0.0784 MCC=0.1183
  learning_rate_used=2.877e-04; learning_rate_next=2.858e-04; elapsed=9.3s
  saved new best checkpoint: /data/projects/SFB_A03/jan/AT_TFBS/human301/runs/TERF1/crossassay_archthalia_20261009_144503_1046783/CHIP_seed2/best_model.pt (objective=classification-auprc, score=0.170875)
  negatives seen=100.0%; hard negatives=0
Epoch 015 train: loss=0.6562 AUROC=0.9153 AUPRC=0.5617 BalAcc=0.8367 F1=0.4589 MCC=0.4464
Epoch 015 val  : loss=0.2890 AUROC=0.8151 AUPRC=0.1645 BalAcc=0.5953 F1=0.1178 MCC=0.1181
  learning_rate_used=2.858e-04; learning_rate_next=2.837e-04; elapsed=9.2s
  negatives seen=100.0%; hard negatives=0
Epoch 016 train: loss=0.6485 AUROC=0.9178 AUPRC=0.5726 BalAcc=0.8372 F1=0.4603 MCC=0.4478
Epoch 016 val  : loss=0.3151 AUROC=0.8136 AUPRC=0.1617 BalAcc=0.6611 F1=0.0848 MCC=0.1149
  learning_rate_used=2.837e-04; learning_rate_next=2.815e-04; elapsed=9.2s
  negatives seen=100.0%; hard negatives=0
Epoch 017 train: loss=0.6240 AUROC=0.9235 AUPRC=0.5798 BalAcc=0.8506 F1=0.4861 MCC=0.4749
Epoch 017 val  : loss=1.2284 AUROC=0.8055 AUPRC=0.1518 BalAcc=0.6873 F1=0.0324 MCC=0.0747
  learning_rate_used=2.815e-04; learning_rate_next=2.792e-04; elapsed=9.1s
  negatives seen=100.0%; hard negatives=0
Epoch 018 train: loss=0.6054 AUROC=0.9289 AUPRC=0.6026 BalAcc=0.8642 F1=0.5022 MCC=0.4951
Epoch 018 val  : loss=0.2976 AUROC=0.8158 AUPRC=0.1628 BalAcc=0.6049 F1=0.1369 MCC=0.1370
  learning_rate_used=2.792e-04; learning_rate_next=2.767e-04; elapsed=9.2s
  negatives seen=100.0%; hard negatives=0
Epoch 019 train: loss=0.5705 AUROC=0.9381 AUPRC=0.6502 BalAcc=0.8568 F1=0.5093 MCC=0.4962
Epoch 019 val  : loss=0.4844 AUROC=0.8186 AUPRC=0.1711 BalAcc=0.7314 F1=0.0560 MCC=0.1080
  learning_rate_used=2.767e-04; learning_rate_next=2.741e-04; elapsed=9.1s
  saved new best checkpoint: /data/projects/SFB_A03/jan/AT_TFBS/human301/runs/TERF1/crossassay_archthalia_20261009_144503_1046783/CHIP_seed2/best_model.pt (objective=classification-auprc, score=0.171148)
  negatives seen=100.0%; hard negatives=0
Epoch 020 train: loss=0.5654 AUROC=0.9382 AUPRC=0.6272 BalAcc=0.8666 F1=0.5223 MCC=0.5118
Epoch 020 val  : loss=0.7279 AUROC=0.7901 AUPRC=0.1471 BalAcc=0.7316 F1=0.0429 MCC=0.0947
  learning_rate_used=2.741e-04; learning_rate_next=2.714e-04; elapsed=9.2s
  negatives seen=100.0%; hard negatives=0
Epoch 021 train: loss=0.5660 AUROC=0.9399 AUPRC=0.6619 BalAcc=0.8629 F1=0.5235 MCC=0.5107
Epoch 021 val  : loss=0.8370 AUROC=0.7789 AUPRC=0.1497 BalAcc=0.6902 F1=0.0345 MCC=0.0754
  learning_rate_used=2.714e-04; learning_rate_next=2.686e-04; elapsed=9.2s
  negatives seen=100.0%; hard negatives=0
Epoch 022 train: loss=0.5438 AUROC=0.9429 AUPRC=0.6769 BalAcc=0.8706 F1=0.5301 MCC=0.5201
Epoch 022 val  : loss=0.5547 AUROC=0.8091 AUPRC=0.1548 BalAcc=0.7425 F1=0.0499 MCC=0.1049
  learning_rate_used=2.686e-04; learning_rate_next=2.657e-04; elapsed=9.3s
  negatives seen=100.0%; hard negatives=0
Epoch 023 train: loss=0.4954 AUROC=0.9533 AUPRC=0.7078 BalAcc=0.8785 F1=0.5677 MCC=0.5541
Epoch 023 val  : loss=0.4063 AUROC=0.8201 AUPRC=0.1631 BalAcc=0.7043 F1=0.0673 MCC=0.1119
  learning_rate_used=2.657e-04; learning_rate_next=2.626e-04; elapsed=9.2s
  negatives seen=100.0%; hard negatives=0
Epoch 024 train: loss=0.5092 AUROC=0.9518 AUPRC=0.6972 BalAcc=0.8812 F1=0.5681 MCC=0.5559
Epoch 024 val  : loss=0.3306 AUROC=0.8148 AUPRC=0.1560 BalAcc=0.5830 F1=0.1281 MCC=0.1225
  learning_rate_used=2.626e-04; learning_rate_next=2.595e-04; elapsed=9.2s
  negatives seen=100.0%; hard negatives=0
Epoch 025 train: loss=0.4504 AUROC=0.9624 AUPRC=0.7547 BalAcc=0.8934 F1=0.6002 MCC=0.5882
Epoch 025 val  : loss=0.4209 AUROC=0.8103 AUPRC=0.1609 BalAcc=0.7075 F1=0.0627 MCC=0.1081
  learning_rate_used=2.595e-04; learning_rate_next=2.562e-04; elapsed=9.1s
  negatives seen=100.0%; hard negatives=0
Epoch 026 train: loss=0.4674 AUROC=0.9591 AUPRC=0.7432 BalAcc=0.8917 F1=0.5814 MCC=0.5721
Epoch 026 val  : loss=0.4766 AUROC=0.7992 AUPRC=0.1541 BalAcc=0.7031 F1=0.0550 MCC=0.0987
  learning_rate_used=2.562e-04; learning_rate_next=2.528e-04; elapsed=9.2s
  negatives seen=100.0%; hard negatives=0
Epoch 027 train: loss=0.4408 AUROC=0.9631 AUPRC=0.7580 BalAcc=0.8909 F1=0.5925 MCC=0.5807
Epoch 027 val  : loss=0.3545 AUROC=0.8166 AUPRC=0.1513 BalAcc=0.5879 F1=0.1304 MCC=0.1259
  learning_rate_used=2.528e-04; learning_rate_next=2.494e-04; elapsed=9.2s
  negatives seen=100.0%; hard negatives=0
Epoch 028 train: loss=0.4523 AUROC=0.9624 AUPRC=0.7452 BalAcc=0.9014 F1=0.6176 MCC=0.6065
Epoch 028 val  : loss=0.3880 AUROC=0.8212 AUPRC=0.1665 BalAcc=0.7048 F1=0.0677 MCC=0.1125
  learning_rate_used=2.494e-04; learning_rate_next=2.458e-04; elapsed=9.1s
  negatives seen=100.0%; hard negatives=0
Epoch 029 train: loss=0.4190 AUROC=0.9664 AUPRC=0.7620 BalAcc=0.9047 F1=0.6200 MCC=0.6101
Epoch 029 val  : loss=0.3342 AUROC=0.8158 AUPRC=0.1603 BalAcc=0.6558 F1=0.0866 MCC=0.1147
  learning_rate_used=2.458e-04; learning_rate_next=2.421e-04; elapsed=9.2s
  negatives seen=100.0%; hard negatives=0
Epoch 030 train: loss=0.4028 AUROC=0.9701 AUPRC=0.7954 BalAcc=0.9057 F1=0.6413 MCC=0.6284
Epoch 030 val  : loss=0.4326 AUROC=0.8089 AUPRC=0.1636 BalAcc=0.7108 F1=0.0664 MCC=0.1129
  learning_rate_used=2.421e-04; learning_rate_next=2.384e-04; elapsed=9.1s
  negatives seen=100.0%; hard negatives=0
Epoch 031 train: loss=0.3460 AUROC=0.9752 AUPRC=0.8100 BalAcc=0.9226 F1=0.6600 MCC=0.6520
Epoch 031 val  : loss=0.4682 AUROC=0.8089 AUPRC=0.1535 BalAcc=0.7317 F1=0.0627 MCC=0.1153
  learning_rate_used=2.384e-04; learning_rate_next=2.345e-04; elapsed=9.3s
  negatives seen=100.0%; hard negatives=0
Epoch 032 train: loss=0.3750 AUROC=0.9745 AUPRC=0.8080 BalAcc=0.9179 F1=0.6753 MCC=0.6630
Epoch 032 val  : loss=0.3410 AUROC=0.8047 AUPRC=0.1633 BalAcc=0.6438 F1=0.1127 MCC=0.1323
  learning_rate_used=2.345e-04; learning_rate_next=2.306e-04; elapsed=9.5s
  negatives seen=100.0%; hard negatives=0
Epoch 033 train: loss=0.3758 AUROC=0.9741 AUPRC=0.8183 BalAcc=0.9167 F1=0.6639 MCC=0.6527
Epoch 033 val  : loss=0.4425 AUROC=0.8015 AUPRC=0.1616 BalAcc=0.7027 F1=0.0620 MCC=0.1059
  learning_rate_used=2.306e-04; learning_rate_next=2.266e-04; elapsed=9.5s
  negatives seen=100.0%; hard negatives=0
Epoch 034 train: loss=0.3158 AUROC=0.9811 AUPRC=0.8560 BalAcc=0.9303 F1=0.7097 MCC=0.6982
Epoch 034 val  : loss=0.3196 AUROC=0.8135 AUPRC=0.1599 BalAcc=0.6444 F1=0.1071 MCC=0.1279
  learning_rate_used=2.266e-04; learning_rate_next=2.225e-04; elapsed=9.5s
  negatives seen=100.0%; hard negatives=0
Epoch 035 train: loss=0.3705 AUROC=0.9766 AUPRC=0.8300 BalAcc=0.9199 F1=0.7004 MCC=0.6859
Epoch 035 val  : loss=0.3362 AUROC=0.8215 AUPRC=0.1598 BalAcc=0.6738 F1=0.0929 MCC=0.1264
  learning_rate_used=2.225e-04; learning_rate_next=2.184e-04; elapsed=9.5s
  negatives seen=100.0%; hard negatives=0
Epoch 036 train: loss=0.3001 AUROC=0.9830 AUPRC=0.8698 BalAcc=0.9340 F1=0.7240 MCC=0.7123
Epoch 036 val  : loss=0.3095 AUROC=0.8128 AUPRC=0.1558 BalAcc=0.6436 F1=0.1213 MCC=0.1392
  learning_rate_used=2.184e-04; learning_rate_next=2.142e-04; elapsed=9.5s
  negatives seen=100.0%; hard negatives=0
Epoch 037 train: loss=0.3091 AUROC=0.9821 AUPRC=0.8519 BalAcc=0.9311 F1=0.7208 MCC=0.7084
Epoch 037 val  : loss=0.3934 AUROC=0.8130 AUPRC=0.1509 BalAcc=0.6882 F1=0.0683 MCC=0.1080
  learning_rate_used=2.142e-04; learning_rate_next=2.099e-04; elapsed=9.5s
  negatives seen=100.0%; hard negatives=0
Epoch 038 train: loss=0.3100 AUROC=0.9825 AUPRC=0.8662 BalAcc=0.9322 F1=0.7268 MCC=0.7141
Epoch 038 val  : loss=0.4191 AUROC=0.8112 AUPRC=0.1466 BalAcc=0.5584 F1=0.1365 MCC=0.1295
  learning_rate_used=2.099e-04; learning_rate_next=2.055e-04; elapsed=9.5s
  negatives seen=100.0%; hard negatives=0
Epoch 039 train: loss=0.2821 AUROC=0.9847 AUPRC=0.8674 BalAcc=0.9375 F1=0.7479 MCC=0.7352
Epoch 039 val  : loss=0.3387 AUROC=0.8189 AUPRC=0.1712 BalAcc=0.6331 F1=0.1256 MCC=0.1385
  learning_rate_used=2.055e-04; learning_rate_next=2.011e-04; elapsed=9.5s
Early stopping after 39 epochs.
Binary threshold: 0.973130 (strategy=val-mcc, validation_score=0.319367)
Validation-only run completed; frozen model: /data/projects/SFB_A03/jan/AT_TFBS/human301/runs/TERF1/crossassay_archthalia_20261009_144503_1046783/CHIP_seed2/model_for_prediction.pt
TERF1: CHIP -> CHIP
TEST TERF1 CHIP -> CHIP: loss=0.4850 AUROC=0.8255 AUPRC=0.1784 BalAcc=0.5609 F1=0.2126 MCC=0.3155
TERF1: CHIP -> GHTS
TEST TERF1 CHIP -> GHTS: loss=0.3414 AUROC=0.8986 AUPRC=0.5486 BalAcc=0.7027 F1=0.5629 MCC=0.6083
Completed TERF1/CHIP: one model, both fixed test sets.
