NFKB1/CHIP: reusing /data/projects/SFB_A03/jan/AT_TFBS/raw_data/human/NFKB1/hum301_multitf_chr5_chr7/dataset.npz
{
  "train": {
    "positive": 15326,
    "negative": 1532600,
    "total": 1547926,
    "chromosomes": [
      "chr1",
      "chr11",
      "chr13",
      "chr15",
      "chr17",
      "chr19",
      "chr21",
      "chr3",
      "chr9"
    ],
    "sequences_with_N": 0,
    "max_N_fraction": 0.0,
    "mean_GC_fraction_ACGT_only": {
      "positive": 0.5459926739482078,
      "negative": 0.4965053761809238
    }
  },
  "validation": {
    "positive": 4067,
    "negative": 406700,
    "total": 410767,
    "chromosomes": [
      "chr5",
      "chr7"
    ],
    "sequences_with_N": 0,
    "max_N_fraction": 0.0,
    "mean_GC_fraction_ACGT_only": {
      "positive": 0.5207982244252621,
      "negative": 0.4841426537392365
    }
  },
  "test": {
    "positive": 16856,
    "negative": 1685600,
    "total": 1702456,
    "chromosomes": [
      "chr10",
      "chr12",
      "chr14",
      "chr16",
      "chr18",
      "chr2",
      "chr20",
      "chr22",
      "chr4",
      "chr6",
      "chr8"
    ],
    "sequences_with_N": 1,
    "max_N_fraction": 0.0033222591362126247,
    "mean_GC_fraction_ACGT_only": {
      "positive": 0.5309141534230937,
      "negative": 0.490509600966246
    }
  }
}
NFKB1/GHTS: packing existing FASTAs into /data/projects/SFB_A03/jan/AT_TFBS/raw_data/human/NFKB1/GHTS/dataset.npz; no genome extraction
Loaded train_positive: 9,807
Loaded train_negative: 980,700
Loaded test_positive: 8,969
Loaded test_negative: 896,900
{
  "train": {
    "positive": 7607,
    "negative": 760700,
    "total": 768307,
    "chromosomes": [
      "chr1",
      "chr11",
      "chr13",
      "chr15",
      "chr17",
      "chr19",
      "chr21",
      "chr3",
      "chr9"
    ],
    "sequences_with_N": 0,
    "max_N_fraction": 0.0,
    "mean_GC_fraction_ACGT_only": {
      "positive": 0.5197721804580236,
      "negative": 0.5197310310882572
    }
  },
  "validation": {
    "positive": 2200,
    "negative": 220000,
    "total": 222200,
    "chromosomes": [
      "chr5",
      "chr7"
    ],
    "sequences_with_N": 0,
    "max_N_fraction": 0.0,
    "mean_GC_fraction_ACGT_only": {
      "positive": 0.5068287526427061,
      "negative": 0.5067236484445786
    }
  },
  "test": {
    "positive": 8969,
    "negative": 896900,
    "total": 905869,
    "chromosomes": [
      "chr10",
      "chr12",
      "chr14",
      "chr16",
      "chr18",
      "chr2",
      "chr20",
      "chr22",
      "chr4",
      "chr6",
      "chr8"
    ],
    "sequences_with_N": 0,
    "max_N_fraction": 0.0,
    "mean_GC_fraction_ACGT_only": {
      "positive": 0.5064598660057956,
      "negative": 0.5064417267450194
    }
  }
}
Sequence audit: {
  "train": {
    "duplicates_or_RC_duplicates_within_split": 23,
    "identical_or_RC_identical_sequences_with_both_labels": 0
  },
  "validation": {
    "duplicates_or_RC_duplicates_within_split": 1,
    "identical_or_RC_identical_sequences_with_both_labels": 0
  },
  "test": {
    "duplicates_or_RC_duplicates_within_split": 7,
    "identical_or_RC_identical_sequences_with_both_labels": 0
  },
  "train_validation_shared_sequences_or_RC": 2,
  "train_test_shared_sequences_or_RC": 7,
  "validation_test_shared_sequences_or_RC": 0
}
Saved: /data/projects/SFB_A03/jan/AT_TFBS/raw_data/human/NFKB1/GHTS/dataset.npz
NFKB1: caches ready for CHIP and GHTS; cross-test chromosomes are held out.
