TF=ZBED9 variant=local seed=1
/home/jbossenz/miniforge3/envs/at_env/bin/python -u /data/projects/SFB_A03/jan/AT_TFBS/human301/hum301_motif64_local.py train --cache /data/projects/SFB_A03/jan/AT_TFBS/raw_data/human/ZBED9/hum301_multitf_chr5_chr7/dataset.npz --output-dir /data/projects/SFB_A03/jan/AT_TFBS/human301/runs/ZBED9/multitf_20261006_033507_932031_local_seed1 --input-length 256 --embed-channels 64 --encoder-channels 80 96 128 --heads 4 --ffn-channels 256 --classification-readout local-logsumexp --task-mode classification --checkpoint-objective classification-auprc --threshold-strategy val-mcc --negatives-per-positive 10 --batch-size 88 --hard-negative-fraction 0 --epochs 100 --patience 20 --learning-rate 0.0003 --min-learning-rate 0.000001 --weight-decay 0.0001 --dropout 0.1 --activation relu --reverse-complement-probability 0.5 --eval-crops multi --eval-rc --no-balanced-evaluation --eval-batch-size 128 --num-workers 2 --seed 1 --device cuda
Window geometry: 256 bp from 301 bp; crop starts 0..45; shifts -22..+23; fresh uniform draw per access
Evaluation: crops (0, 22, 23, 45), reverse complement=True; all samples
train: n=2,454,098, positive=24,298, negative=2,429,800
  val: n=578,023, positive=5,723, negative=572,300
 test: n=2,468,642, positive=24,442, negative=2,444,200
Device: cuda
Hidden activation: RELU
Parameters: 1,032,981 total; 1,032,981 trainable
Architecture: motif kernels 9/12; encoder 128/64/64; original five-block bottleneck at 64; decoder 64/128/256
  negatives seen=10.0%; hard negatives=0
Epoch 001 train: loss=0.5296 AUROC=0.9474 AUPRC=0.7812 BalAcc=0.8862 F1=0.6423 MCC=0.6211
Epoch 001 val  : loss=0.2293 AUROC=0.9715 AUPRC=0.5949 BalAcc=0.9234 F1=0.2281 MCC=0.3311
  learning_rate_used=3.000e-04; learning_rate_next=2.999e-04; elapsed=285.1s
  saved new best checkpoint: /data/projects/SFB_A03/jan/AT_TFBS/human301/runs/ZBED9/multitf_20261006_033507_932031_local_seed1/best_model.pt (objective=classification-auprc, score=0.594900)
  negatives seen=20.0%; hard negatives=0
Epoch 002 train: loss=0.4367 AUROC=0.9633 AUPRC=0.8368 BalAcc=0.9117 F1=0.7095 MCC=0.6912
Epoch 002 val  : loss=0.1443 AUROC=0.9740 AUPRC=0.6042 BalAcc=0.9152 F1=0.3078 MCC=0.3927
  learning_rate_used=2.999e-04; learning_rate_next=2.997e-04; elapsed=283.4s
  saved new best checkpoint: /data/projects/SFB_A03/jan/AT_TFBS/human301/runs/ZBED9/multitf_20261006_033507_932031_local_seed1/best_model.pt (objective=classification-auprc, score=0.604247)
  negatives seen=30.0%; hard negatives=0
Epoch 003 train: loss=0.4143 AUROC=0.9676 AUPRC=0.8493 BalAcc=0.9163 F1=0.7162 MCC=0.6989
Epoch 003 val  : loss=0.1271 AUROC=0.9753 AUPRC=0.6222 BalAcc=0.9171 F1=0.3419 MCC=0.4202
  learning_rate_used=2.997e-04; learning_rate_next=2.993e-04; elapsed=280.4s
  saved new best checkpoint: /data/projects/SFB_A03/jan/AT_TFBS/human301/runs/ZBED9/multitf_20261006_033507_932031_local_seed1/best_model.pt (objective=classification-auprc, score=0.622212)
  negatives seen=40.0%; hard negatives=0
Epoch 004 train: loss=0.4030 AUROC=0.9696 AUPRC=0.8547 BalAcc=0.9196 F1=0.7249 MCC=0.7081
Epoch 004 val  : loss=0.1910 AUROC=0.9761 AUPRC=0.6220 BalAcc=0.9300 F1=0.2388 MCC=0.3425
  learning_rate_used=2.993e-04; learning_rate_next=2.988e-04; elapsed=278.2s
  negatives seen=50.0%; hard negatives=0
Epoch 005 train: loss=0.3901 AUROC=0.9717 AUPRC=0.8594 BalAcc=0.9225 F1=0.7324 MCC=0.7159
Epoch 005 val  : loss=0.1401 AUROC=0.9763 AUPRC=0.6288 BalAcc=0.9273 F1=0.3118 MCC=0.4005
  learning_rate_used=2.988e-04; learning_rate_next=2.982e-04; elapsed=279.5s
  saved new best checkpoint: /data/projects/SFB_A03/jan/AT_TFBS/human301/runs/ZBED9/multitf_20261006_033507_932031_local_seed1/best_model.pt (objective=classification-auprc, score=0.628808)
  negatives seen=60.0%; hard negatives=0
Epoch 006 train: loss=0.3796 AUROC=0.9733 AUPRC=0.8662 BalAcc=0.9242 F1=0.7376 MCC=0.7213
Epoch 006 val  : loss=0.1793 AUROC=0.9770 AUPRC=0.6342 BalAcc=0.9315 F1=0.2406 MCC=0.3445
  learning_rate_used=2.982e-04; learning_rate_next=2.974e-04; elapsed=280.3s
  saved new best checkpoint: /data/projects/SFB_A03/jan/AT_TFBS/human301/runs/ZBED9/multitf_20261006_033507_932031_local_seed1/best_model.pt (objective=classification-auprc, score=0.634183)
  negatives seen=70.0%; hard negatives=0
Epoch 007 train: loss=0.3725 AUROC=0.9743 AUPRC=0.8690 BalAcc=0.9271 F1=0.7438 MCC=0.7280
Epoch 007 val  : loss=0.1714 AUROC=0.9787 AUPRC=0.6416 BalAcc=0.9343 F1=0.2635 MCC=0.3645
  learning_rate_used=2.974e-04; learning_rate_next=2.964e-04; elapsed=279.0s
  saved new best checkpoint: /data/projects/SFB_A03/jan/AT_TFBS/human301/runs/ZBED9/multitf_20261006_033507_932031_local_seed1/best_model.pt (objective=classification-auprc, score=0.641641)
  negatives seen=80.0%; hard negatives=0
Epoch 008 train: loss=0.3671 AUROC=0.9753 AUPRC=0.8723 BalAcc=0.9271 F1=0.7436 MCC=0.7278
Epoch 008 val  : loss=0.1459 AUROC=0.9790 AUPRC=0.6343 BalAcc=0.9309 F1=0.3012 MCC=0.3936
  learning_rate_used=2.964e-04; learning_rate_next=2.953e-04; elapsed=278.3s
  negatives seen=90.0%; hard negatives=0
Epoch 009 train: loss=0.3621 AUROC=0.9761 AUPRC=0.8738 BalAcc=0.9292 F1=0.7504 MCC=0.7348
Epoch 009 val  : loss=0.1376 AUROC=0.9774 AUPRC=0.6212 BalAcc=0.9239 F1=0.3204 MCC=0.4060
  learning_rate_used=2.953e-04; learning_rate_next=2.941e-04; elapsed=280.2s
  negatives seen=100.0%; hard negatives=0
Epoch 010 train: loss=0.3517 AUROC=0.9774 AUPRC=0.8796 BalAcc=0.9307 F1=0.7523 MCC=0.7371
Epoch 010 val  : loss=0.1250 AUROC=0.9794 AUPRC=0.6434 BalAcc=0.9309 F1=0.3393 MCC=0.4236
  learning_rate_used=2.941e-04; learning_rate_next=2.927e-04; elapsed=278.6s
  saved new best checkpoint: /data/projects/SFB_A03/jan/AT_TFBS/human301/runs/ZBED9/multitf_20261006_033507_932031_local_seed1/best_model.pt (objective=classification-auprc, score=0.643446)
  negatives seen=100.0%; hard negatives=0
Epoch 011 train: loss=0.3468 AUROC=0.9782 AUPRC=0.8810 BalAcc=0.9318 F1=0.7561 MCC=0.7409
Epoch 011 val  : loss=0.1618 AUROC=0.9783 AUPRC=0.6370 BalAcc=0.9325 F1=0.2799 MCC=0.3771
  learning_rate_used=2.927e-04; learning_rate_next=2.912e-04; elapsed=278.5s
  negatives seen=100.0%; hard negatives=0
Epoch 012 train: loss=0.3431 AUROC=0.9786 AUPRC=0.8837 BalAcc=0.9334 F1=0.7609 MCC=0.7460
Epoch 012 val  : loss=0.1391 AUROC=0.9799 AUPRC=0.6480 BalAcc=0.9344 F1=0.3089 MCC=0.4010
  learning_rate_used=2.912e-04; learning_rate_next=2.895e-04; elapsed=280.8s
  saved new best checkpoint: /data/projects/SFB_A03/jan/AT_TFBS/human301/runs/ZBED9/multitf_20261006_033507_932031_local_seed1/best_model.pt (objective=classification-auprc, score=0.648023)
  negatives seen=100.0%; hard negatives=0
Epoch 013 train: loss=0.3398 AUROC=0.9791 AUPRC=0.8836 BalAcc=0.9330 F1=0.7618 MCC=0.7467
Epoch 013 val  : loss=0.1490 AUROC=0.9802 AUPRC=0.6445 BalAcc=0.9339 F1=0.2931 MCC=0.3883
  learning_rate_used=2.895e-04; learning_rate_next=2.877e-04; elapsed=283.8s
  negatives seen=100.0%; hard negatives=0
Epoch 014 train: loss=0.3358 AUROC=0.9797 AUPRC=0.8844 BalAcc=0.9349 F1=0.7652 MCC=0.7504
Epoch 014 val  : loss=0.2066 AUROC=0.9796 AUPRC=0.6405 BalAcc=0.9357 F1=0.2230 MCC=0.3312
  learning_rate_used=2.877e-04; learning_rate_next=2.858e-04; elapsed=280.0s
  negatives seen=100.0%; hard negatives=0
Epoch 015 train: loss=0.3292 AUROC=0.9805 AUPRC=0.8865 BalAcc=0.9352 F1=0.7656 MCC=0.7509
Epoch 015 val  : loss=0.1243 AUROC=0.9785 AUPRC=0.6379 BalAcc=0.9250 F1=0.3602 MCC=0.4375
  learning_rate_used=2.858e-04; learning_rate_next=2.837e-04; elapsed=278.6s
  negatives seen=100.0%; hard negatives=0
Epoch 016 train: loss=0.3253 AUROC=0.9809 AUPRC=0.8895 BalAcc=0.9365 F1=0.7707 MCC=0.7561
Epoch 016 val  : loss=0.1319 AUROC=0.9793 AUPRC=0.6485 BalAcc=0.9307 F1=0.3393 MCC=0.4235
  learning_rate_used=2.837e-04; learning_rate_next=2.815e-04; elapsed=282.9s
  saved new best checkpoint: /data/projects/SFB_A03/jan/AT_TFBS/human301/runs/ZBED9/multitf_20261006_033507_932031_local_seed1/best_model.pt (objective=classification-auprc, score=0.648470)
  negatives seen=100.0%; hard negatives=0
Epoch 017 train: loss=0.3198 AUROC=0.9818 AUPRC=0.8910 BalAcc=0.9375 F1=0.7736 MCC=0.7592
Epoch 017 val  : loss=0.1884 AUROC=0.9795 AUPRC=0.6540 BalAcc=0.9355 F1=0.2295 MCC=0.3367
  learning_rate_used=2.815e-04; learning_rate_next=2.792e-04; elapsed=283.0s
  saved new best checkpoint: /data/projects/SFB_A03/jan/AT_TFBS/human301/runs/ZBED9/multitf_20261006_033507_932031_local_seed1/best_model.pt (objective=classification-auprc, score=0.653963)
  negatives seen=100.0%; hard negatives=0
Epoch 018 train: loss=0.3182 AUROC=0.9819 AUPRC=0.8930 BalAcc=0.9380 F1=0.7730 MCC=0.7588
Epoch 018 val  : loss=0.1277 AUROC=0.9790 AUPRC=0.6398 BalAcc=0.9250 F1=0.3459 MCC=0.4264
  learning_rate_used=2.792e-04; learning_rate_next=2.767e-04; elapsed=279.3s
  negatives seen=100.0%; hard negatives=0
Epoch 019 train: loss=0.3160 AUROC=0.9822 AUPRC=0.8930 BalAcc=0.9384 F1=0.7773 MCC=0.7629
Epoch 019 val  : loss=0.1139 AUROC=0.9791 AUPRC=0.6493 BalAcc=0.9205 F1=0.3939 MCC=0.4618
  learning_rate_used=2.767e-04; learning_rate_next=2.741e-04; elapsed=279.6s
  negatives seen=100.0%; hard negatives=0
Epoch 020 train: loss=0.3127 AUROC=0.9828 AUPRC=0.8953 BalAcc=0.9381 F1=0.7737 MCC=0.7594
Epoch 020 val  : loss=0.1668 AUROC=0.9792 AUPRC=0.6503 BalAcc=0.9346 F1=0.2603 MCC=0.3619
  learning_rate_used=2.741e-04; learning_rate_next=2.714e-04; elapsed=279.8s
  negatives seen=100.0%; hard negatives=0
Epoch 021 train: loss=0.3071 AUROC=0.9831 AUPRC=0.8960 BalAcc=0.9406 F1=0.7812 MCC=0.7673
Epoch 021 val  : loss=0.1841 AUROC=0.9798 AUPRC=0.6527 BalAcc=0.9364 F1=0.2441 MCC=0.3493
  learning_rate_used=2.714e-04; learning_rate_next=2.686e-04; elapsed=280.2s
  negatives seen=100.0%; hard negatives=0
Epoch 022 train: loss=0.3066 AUROC=0.9833 AUPRC=0.8966 BalAcc=0.9410 F1=0.7827 MCC=0.7687
Epoch 022 val  : loss=0.1269 AUROC=0.9787 AUPRC=0.6541 BalAcc=0.9310 F1=0.3430 MCC=0.4265
  learning_rate_used=2.686e-04; learning_rate_next=2.657e-04; elapsed=284.4s
  negatives seen=100.0%; hard negatives=0
Epoch 023 train: loss=0.3038 AUROC=0.9835 AUPRC=0.8978 BalAcc=0.9404 F1=0.7833 MCC=0.7692
Epoch 023 val  : loss=0.1242 AUROC=0.9796 AUPRC=0.6453 BalAcc=0.9255 F1=0.3542 MCC=0.4331
  learning_rate_used=2.657e-04; learning_rate_next=2.626e-04; elapsed=282.6s
  negatives seen=100.0%; hard negatives=0
Epoch 024 train: loss=0.2981 AUROC=0.9844 AUPRC=0.9006 BalAcc=0.9417 F1=0.7867 MCC=0.7728
Epoch 024 val  : loss=0.1494 AUROC=0.9796 AUPRC=0.6534 BalAcc=0.9343 F1=0.3023 MCC=0.3957
  learning_rate_used=2.626e-04; learning_rate_next=2.595e-04; elapsed=277.4s
  negatives seen=100.0%; hard negatives=0
Epoch 025 train: loss=0.2954 AUROC=0.9847 AUPRC=0.8998 BalAcc=0.9422 F1=0.7862 MCC=0.7724
Epoch 025 val  : loss=0.1142 AUROC=0.9790 AUPRC=0.6547 BalAcc=0.9252 F1=0.3749 MCC=0.4490
  learning_rate_used=2.595e-04; learning_rate_next=2.562e-04; elapsed=282.2s
  saved new best checkpoint: /data/projects/SFB_A03/jan/AT_TFBS/human301/runs/ZBED9/multitf_20261006_033507_932031_local_seed1/best_model.pt (objective=classification-auprc, score=0.654744)
  negatives seen=100.0%; hard negatives=0
Epoch 026 train: loss=0.2931 AUROC=0.9848 AUPRC=0.9011 BalAcc=0.9432 F1=0.7908 MCC=0.7771
Epoch 026 val  : loss=0.1527 AUROC=0.9801 AUPRC=0.6535 BalAcc=0.9349 F1=0.2880 MCC=0.3846
  learning_rate_used=2.562e-04; learning_rate_next=2.528e-04; elapsed=283.1s
  negatives seen=100.0%; hard negatives=0
Epoch 027 train: loss=0.2912 AUROC=0.9851 AUPRC=0.9021 BalAcc=0.9434 F1=0.7883 MCC=0.7748
Epoch 027 val  : loss=0.1294 AUROC=0.9800 AUPRC=0.6572 BalAcc=0.9333 F1=0.3337 MCC=0.4202
  learning_rate_used=2.528e-04; learning_rate_next=2.494e-04; elapsed=278.5s
  saved new best checkpoint: /data/projects/SFB_A03/jan/AT_TFBS/human301/runs/ZBED9/multitf_20261006_033507_932031_local_seed1/best_model.pt (objective=classification-auprc, score=0.657192)
  negatives seen=100.0%; hard negatives=0
Epoch 028 train: loss=0.2878 AUROC=0.9855 AUPRC=0.9026 BalAcc=0.9439 F1=0.7904 MCC=0.7769
Epoch 028 val  : loss=0.1235 AUROC=0.9795 AUPRC=0.6505 BalAcc=0.9296 F1=0.3619 MCC=0.4406
  learning_rate_used=2.494e-04; learning_rate_next=2.458e-04; elapsed=281.0s
  negatives seen=100.0%; hard negatives=0
Epoch 029 train: loss=0.2819 AUROC=0.9861 AUPRC=0.9042 BalAcc=0.9450 F1=0.7931 MCC=0.7798
Epoch 029 val  : loss=0.1377 AUROC=0.9784 AUPRC=0.6491 BalAcc=0.9330 F1=0.3142 MCC=0.4047
  learning_rate_used=2.458e-04; learning_rate_next=2.421e-04; elapsed=278.0s
  negatives seen=100.0%; hard negatives=0
Epoch 030 train: loss=0.2801 AUROC=0.9862 AUPRC=0.9078 BalAcc=0.9456 F1=0.7973 MCC=0.7840
Epoch 030 val  : loss=0.1205 AUROC=0.9789 AUPRC=0.6531 BalAcc=0.9240 F1=0.3744 MCC=0.4481
  learning_rate_used=2.421e-04; learning_rate_next=2.384e-04; elapsed=279.9s
  negatives seen=100.0%; hard negatives=0
Epoch 031 train: loss=0.2750 AUROC=0.9868 AUPRC=0.9094 BalAcc=0.9467 F1=0.8018 MCC=0.7886
Epoch 031 val  : loss=0.1131 AUROC=0.9795 AUPRC=0.6576 BalAcc=0.9230 F1=0.3924 MCC=0.4616
  learning_rate_used=2.384e-04; learning_rate_next=2.345e-04; elapsed=283.9s
  saved new best checkpoint: /data/projects/SFB_A03/jan/AT_TFBS/human301/runs/ZBED9/multitf_20261006_033507_932031_local_seed1/best_model.pt (objective=classification-auprc, score=0.657586)
  negatives seen=100.0%; hard negatives=0
Epoch 032 train: loss=0.2768 AUROC=0.9867 AUPRC=0.9075 BalAcc=0.9462 F1=0.7989 MCC=0.7857
Epoch 032 val  : loss=0.1266 AUROC=0.9791 AUPRC=0.6565 BalAcc=0.9285 F1=0.3537 MCC=0.4339
  learning_rate_used=2.345e-04; learning_rate_next=2.306e-04; elapsed=283.1s
  negatives seen=100.0%; hard negatives=0
Epoch 033 train: loss=0.2700 AUROC=0.9873 AUPRC=0.9107 BalAcc=0.9474 F1=0.8030 MCC=0.7900
Epoch 033 val  : loss=0.1356 AUROC=0.9786 AUPRC=0.6582 BalAcc=0.9312 F1=0.3329 MCC=0.4187
  learning_rate_used=2.306e-04; learning_rate_next=2.266e-04; elapsed=283.3s
  saved new best checkpoint: /data/projects/SFB_A03/jan/AT_TFBS/human301/runs/ZBED9/multitf_20261006_033507_932031_local_seed1/best_model.pt (objective=classification-auprc, score=0.658208)
  negatives seen=100.0%; hard negatives=0
Epoch 034 train: loss=0.2693 AUROC=0.9873 AUPRC=0.9096 BalAcc=0.9478 F1=0.8020 MCC=0.7891
Epoch 034 val  : loss=0.1398 AUROC=0.9800 AUPRC=0.6571 BalAcc=0.9347 F1=0.3195 MCC=0.4095
  learning_rate_used=2.266e-04; learning_rate_next=2.225e-04; elapsed=282.2s
  negatives seen=100.0%; hard negatives=0
Epoch 035 train: loss=0.2658 AUROC=0.9878 AUPRC=0.9127 BalAcc=0.9481 F1=0.8046 MCC=0.7916
Epoch 035 val  : loss=0.1078 AUROC=0.9783 AUPRC=0.6558 BalAcc=0.9160 F1=0.4231 MCC=0.4824
  learning_rate_used=2.225e-04; learning_rate_next=2.184e-04; elapsed=278.6s
  negatives seen=100.0%; hard negatives=0
Epoch 036 train: loss=0.2625 AUROC=0.9881 AUPRC=0.9129 BalAcc=0.9489 F1=0.8048 MCC=0.7921
Epoch 036 val  : loss=0.1255 AUROC=0.9796 AUPRC=0.6627 BalAcc=0.9311 F1=0.3533 MCC=0.4346
  learning_rate_used=2.184e-04; learning_rate_next=2.142e-04; elapsed=280.0s
  saved new best checkpoint: /data/projects/SFB_A03/jan/AT_TFBS/human301/runs/ZBED9/multitf_20261006_033507_932031_local_seed1/best_model.pt (objective=classification-auprc, score=0.662726)
  negatives seen=100.0%; hard negatives=0
Epoch 037 train: loss=0.2613 AUROC=0.9882 AUPRC=0.9114 BalAcc=0.9497 F1=0.8075 MCC=0.7949
Epoch 037 val  : loss=0.1217 AUROC=0.9777 AUPRC=0.6493 BalAcc=0.9208 F1=0.3719 MCC=0.4449
  learning_rate_used=2.142e-04; learning_rate_next=2.099e-04; elapsed=278.4s
  negatives seen=100.0%; hard negatives=0
Epoch 038 train: loss=0.2573 AUROC=0.9886 AUPRC=0.9144 BalAcc=0.9500 F1=0.8135 MCC=0.8008
Epoch 038 val  : loss=0.1288 AUROC=0.9788 AUPRC=0.6569 BalAcc=0.9281 F1=0.3566 MCC=0.4360
  learning_rate_used=2.099e-04; learning_rate_next=2.055e-04; elapsed=284.2s
  negatives seen=100.0%; hard negatives=0
Epoch 039 train: loss=0.2533 AUROC=0.9889 AUPRC=0.9151 BalAcc=0.9515 F1=0.8140 MCC=0.8017
Epoch 039 val  : loss=0.1352 AUROC=0.9799 AUPRC=0.6614 BalAcc=0.9353 F1=0.3212 MCC=0.4111
  learning_rate_used=2.055e-04; learning_rate_next=2.011e-04; elapsed=279.0s
  negatives seen=100.0%; hard negatives=0
Epoch 040 train: loss=0.2513 AUROC=0.9891 AUPRC=0.9171 BalAcc=0.9509 F1=0.8157 MCC=0.8031
Epoch 040 val  : loss=0.1090 AUROC=0.9789 AUPRC=0.6589 BalAcc=0.9161 F1=0.4230 MCC=0.4824
  learning_rate_used=2.011e-04; learning_rate_next=1.967e-04; elapsed=282.7s
  negatives seen=100.0%; hard negatives=0
Epoch 041 train: loss=0.2466 AUROC=0.9894 AUPRC=0.9188 BalAcc=0.9529 F1=0.8178 MCC=0.8056
Epoch 041 val  : loss=0.1124 AUROC=0.9774 AUPRC=0.6579 BalAcc=0.9188 F1=0.4165 MCC=0.4785
  learning_rate_used=1.967e-04; learning_rate_next=1.922e-04; elapsed=284.5s
  negatives seen=100.0%; hard negatives=0
Epoch 042 train: loss=0.2463 AUROC=0.9896 AUPRC=0.9184 BalAcc=0.9526 F1=0.8192 MCC=0.8069
Epoch 042 val  : loss=0.1070 AUROC=0.9795 AUPRC=0.6626 BalAcc=0.9203 F1=0.4225 MCC=0.4837
  learning_rate_used=1.922e-04; learning_rate_next=1.877e-04; elapsed=280.4s
  negatives seen=100.0%; hard negatives=0
Epoch 043 train: loss=0.2428 AUROC=0.9898 AUPRC=0.9187 BalAcc=0.9532 F1=0.8197 MCC=0.8076
Epoch 043 val  : loss=0.1313 AUROC=0.9781 AUPRC=0.6593 BalAcc=0.9302 F1=0.3494 MCC=0.4312
  learning_rate_used=1.877e-04; learning_rate_next=1.831e-04; elapsed=282.0s
  negatives seen=100.0%; hard negatives=0
Epoch 044 train: loss=0.2412 AUROC=0.9898 AUPRC=0.9170 BalAcc=0.9534 F1=0.8205 MCC=0.8084
Epoch 044 val  : loss=0.1203 AUROC=0.9779 AUPRC=0.6579 BalAcc=0.9239 F1=0.3882 MCC=0.4587
  learning_rate_used=1.831e-04; learning_rate_next=1.785e-04; elapsed=280.2s
  negatives seen=100.0%; hard negatives=0
Epoch 045 train: loss=0.2368 AUROC=0.9902 AUPRC=0.9215 BalAcc=0.9542 F1=0.8226 MCC=0.8107
Epoch 045 val  : loss=0.1217 AUROC=0.9793 AUPRC=0.6622 BalAcc=0.9296 F1=0.3641 MCC=0.4424
  learning_rate_used=1.785e-04; learning_rate_next=1.739e-04; elapsed=282.3s
  negatives seen=100.0%; hard negatives=0
Epoch 046 train: loss=0.2366 AUROC=0.9903 AUPRC=0.9209 BalAcc=0.9540 F1=0.8245 MCC=0.8124
Epoch 046 val  : loss=0.1194 AUROC=0.9781 AUPRC=0.6601 BalAcc=0.9248 F1=0.3798 MCC=0.4526
  learning_rate_used=1.739e-04; learning_rate_next=1.692e-04; elapsed=282.5s
  negatives seen=100.0%; hard negatives=0
Epoch 047 train: loss=0.2317 AUROC=0.9908 AUPRC=0.9238 BalAcc=0.9555 F1=0.8287 MCC=0.8169
Epoch 047 val  : loss=0.1202 AUROC=0.9781 AUPRC=0.6604 BalAcc=0.9255 F1=0.3852 MCC=0.4571
  learning_rate_used=1.692e-04; learning_rate_next=1.646e-04; elapsed=281.8s
  negatives seen=100.0%; hard negatives=0
Epoch 048 train: loss=0.2272 AUROC=0.9910 AUPRC=0.9256 BalAcc=0.9564 F1=0.8315 MCC=0.8198
Epoch 048 val  : loss=0.1076 AUROC=0.9775 AUPRC=0.6600 BalAcc=0.9167 F1=0.4235 MCC=0.4830
  learning_rate_used=1.646e-04; learning_rate_next=1.599e-04; elapsed=278.3s
  negatives seen=100.0%; hard negatives=0
Epoch 049 train: loss=0.2294 AUROC=0.9909 AUPRC=0.9240 BalAcc=0.9560 F1=0.8301 MCC=0.8184
Epoch 049 val  : loss=0.1136 AUROC=0.9768 AUPRC=0.6514 BalAcc=0.9175 F1=0.4140 MCC=0.4761
  learning_rate_used=1.599e-04; learning_rate_next=1.552e-04; elapsed=279.7s
  negatives seen=100.0%; hard negatives=0
Epoch 050 train: loss=0.2239 AUROC=0.9913 AUPRC=0.9239 BalAcc=0.9566 F1=0.8319 MCC=0.8203
Epoch 050 val  : loss=0.1347 AUROC=0.9776 AUPRC=0.6540 BalAcc=0.9288 F1=0.3426 MCC=0.4253
  learning_rate_used=1.552e-04; learning_rate_next=1.505e-04; elapsed=282.9s
  negatives seen=100.0%; hard negatives=0
Epoch 051 train: loss=0.2214 AUROC=0.9914 AUPRC=0.9257 BalAcc=0.9575 F1=0.8342 MCC=0.8227
Epoch 051 val  : loss=0.1234 AUROC=0.9789 AUPRC=0.6598 BalAcc=0.9268 F1=0.3725 MCC=0.4478
  learning_rate_used=1.505e-04; learning_rate_next=1.458e-04; elapsed=283.9s
  negatives seen=100.0%; hard negatives=0
Epoch 052 train: loss=0.2200 AUROC=0.9916 AUPRC=0.9269 BalAcc=0.9580 F1=0.8356 MCC=0.8242
Epoch 052 val  : loss=0.1220 AUROC=0.9774 AUPRC=0.6555 BalAcc=0.9218 F1=0.3922 MCC=0.4610
  learning_rate_used=1.458e-04; learning_rate_next=1.411e-04; elapsed=283.1s
  negatives seen=100.0%; hard negatives=0
Epoch 053 train: loss=0.2159 AUROC=0.9919 AUPRC=0.9286 BalAcc=0.9585 F1=0.8375 MCC=0.8262
Epoch 053 val  : loss=0.1252 AUROC=0.9784 AUPRC=0.6601 BalAcc=0.9285 F1=0.3749 MCC=0.4503
  learning_rate_used=1.411e-04; learning_rate_next=1.364e-04; elapsed=281.0s
  negatives seen=100.0%; hard negatives=0
Epoch 054 train: loss=0.2175 AUROC=0.9917 AUPRC=0.9274 BalAcc=0.9587 F1=0.8368 MCC=0.8256
Epoch 054 val  : loss=0.1124 AUROC=0.9775 AUPRC=0.6594 BalAcc=0.9211 F1=0.4057 MCC=0.4711
  learning_rate_used=1.364e-04; learning_rate_next=1.318e-04; elapsed=278.1s
  negatives seen=100.0%; hard negatives=0
Epoch 055 train: loss=0.2122 AUROC=0.9920 AUPRC=0.9287 BalAcc=0.9602 F1=0.8448 MCC=0.8338
Epoch 055 val  : loss=0.1207 AUROC=0.9773 AUPRC=0.6546 BalAcc=0.9172 F1=0.4017 MCC=0.4665
  learning_rate_used=1.318e-04; learning_rate_next=1.271e-04; elapsed=282.9s
  negatives seen=100.0%; hard negatives=0
Epoch 056 train: loss=0.2097 AUROC=0.9923 AUPRC=0.9302 BalAcc=0.9602 F1=0.8459 MCC=0.8348
Epoch 056 val  : loss=0.1154 AUROC=0.9768 AUPRC=0.6583 BalAcc=0.9196 F1=0.4087 MCC=0.4728
  learning_rate_used=1.271e-04; learning_rate_next=1.225e-04; elapsed=282.3s
Early stopping after 56 epochs.
Binary threshold: 0.984251 (strategy=val-mcc, validation_score=0.626608)
TEST chr10,chr12,chr14,chr16,chr18,chr2,chr20,chr22,chr4,chr6,chr8: loss=0.1264 AUROC=0.9795 AUPRC=0.6502 BalAcc=0.7934 F1=0.6159 MCC=0.6128
Outputs written to /data/projects/SFB_A03/jan/AT_TFBS/human301/runs/ZBED9/multitf_20261006_033507_932031_local_seed1
Binary predictions: binary_classification_results.tsv
Binary metrics: binary_classification_metrics.json
ROC plot: roc_curve.png
Precision-recall plot: precision_recall_curve.png
Confusion matrix: binary_confusion_matrix.tsv
