TF=BATF2 train=GHTS seed=1 model=hum301_motif64_local.py
/home/jbossenz/miniforge3/envs/at_env/bin/python -u /data/projects/SFB_A03/jan/AT_TFBS/human301/hum301_motif64_local.py train --cache /data/projects/SFB_A03/jan/AT_TFBS/raw_data/human/BATF2/GHTS/dataset.npz --output-dir /data/projects/SFB_A03/jan/AT_TFBS/human301/runs/BATF2/crossassay_20261008_004647_1001695/GHTS_seed1 --input-length 256 --embed-channels 64 --encoder-channels 80 96 128 --heads 4 --ffn-channels 256 --classification-readout local-logsumexp --task-mode classification --checkpoint-objective classification-auprc --threshold-strategy val-mcc --negatives-per-positive 10 --batch-size 88 --hard-negative-fraction 0 --epochs 100 --patience 20 --learning-rate 0.0003 --min-learning-rate 0.000001 --weight-decay 0.0001 --dropout 0.1 --activation relu --reverse-complement-probability 0.5 --eval-crops multi --eval-rc --no-balanced-evaluation --eval-batch-size 128 --num-workers 2 --seed 1 --device cuda --skip-test
Window geometry: 256 bp from 301 bp; crop starts 0..45; shifts -22..+23; fresh uniform draw per access
Evaluation: crops (0, 22, 23, 45), reverse complement=True; all samples
train: n=54,843, positive=543, negative=54,300
  val: n=17,271, positive=171, negative=17,100
 test: n=78,275, positive=775, negative=77,500
Device: cuda
Hidden activation: RELU
Parameters: 1,032,981 total; 1,032,981 trainable
Architecture: motif kernels 9/12; encoder 128/64/64; original five-block bottleneck at 64; decoder 64/128/256
  negatives seen=10.0%; hard negatives=0
Epoch 001 train: loss=0.5840 AUROC=0.9393 AUPRC=0.7685 BalAcc=0.8545 F1=0.5429 MCC=0.5219
Epoch 001 val  : loss=0.3629 AUROC=0.9980 AUPRC=0.9076 BalAcc=0.9250 F1=0.1176 MCC=0.2305
  learning_rate_used=3.000e-04; learning_rate_next=2.999e-04; elapsed=9.1s
  saved new best checkpoint: /data/projects/SFB_A03/jan/AT_TFBS/human301/runs/BATF2/crossassay_20261008_004647_1001695/GHTS_seed1/best_model.pt (objective=classification-auprc, score=0.907633)
  negatives seen=20.0%; hard negatives=0
Epoch 002 train: loss=0.3119 AUROC=0.9840 AUPRC=0.9236 BalAcc=0.9474 F1=0.8152 MCC=0.8018
Epoch 002 val  : loss=0.1696 AUROC=0.9984 AUPRC=0.9300 BalAcc=0.9742 F1=0.2790 MCC=0.3921
  learning_rate_used=2.999e-04; learning_rate_next=2.997e-04; elapsed=7.9s
  saved new best checkpoint: /data/projects/SFB_A03/jan/AT_TFBS/human301/runs/BATF2/crossassay_20261008_004647_1001695/GHTS_seed1/best_model.pt (objective=classification-auprc, score=0.930030)
  negatives seen=30.0%; hard negatives=0
Epoch 003 train: loss=0.2196 AUROC=0.9917 AUPRC=0.9582 BalAcc=0.9605 F1=0.8788 MCC=0.8681
Epoch 003 val  : loss=0.0614 AUROC=0.9990 AUPRC=0.9503 BalAcc=0.9854 F1=0.5281 MCC=0.5913
  learning_rate_used=2.997e-04; learning_rate_next=2.993e-04; elapsed=8.0s
  saved new best checkpoint: /data/projects/SFB_A03/jan/AT_TFBS/human301/runs/BATF2/crossassay_20261008_004647_1001695/GHTS_seed1/best_model.pt (objective=classification-auprc, score=0.950318)
  negatives seen=40.0%; hard negatives=0
Epoch 004 train: loss=0.2042 AUROC=0.9921 AUPRC=0.9676 BalAcc=0.9673 F1=0.9091 MCC=0.9005
Epoch 004 val  : loss=0.0462 AUROC=0.9994 AUPRC=0.9603 BalAcc=0.9906 F1=0.6061 MCC=0.6540
  learning_rate_used=2.993e-04; learning_rate_next=2.988e-04; elapsed=7.9s
  saved new best checkpoint: /data/projects/SFB_A03/jan/AT_TFBS/human301/runs/BATF2/crossassay_20261008_004647_1001695/GHTS_seed1/best_model.pt (objective=classification-auprc, score=0.960337)
  negatives seen=50.0%; hard negatives=0
Epoch 005 train: loss=0.2322 AUROC=0.9908 AUPRC=0.9587 BalAcc=0.9640 F1=0.8945 MCC=0.8849
Epoch 005 val  : loss=0.0583 AUROC=0.9995 AUPRC=0.9669 BalAcc=0.9910 F1=0.5270 MCC=0.5927
  learning_rate_used=2.988e-04; learning_rate_next=2.982e-04; elapsed=7.8s
  saved new best checkpoint: /data/projects/SFB_A03/jan/AT_TFBS/human301/runs/BATF2/crossassay_20261008_004647_1001695/GHTS_seed1/best_model.pt (objective=classification-auprc, score=0.966882)
  negatives seen=60.0%; hard negatives=0
Epoch 006 train: loss=0.1720 AUROC=0.9956 AUPRC=0.9751 BalAcc=0.9720 F1=0.9147 MCC=0.9068
Epoch 006 val  : loss=0.0328 AUROC=0.9995 AUPRC=0.9704 BalAcc=0.9917 F1=0.6464 MCC=0.6862
  learning_rate_used=2.982e-04; learning_rate_next=2.974e-04; elapsed=7.9s
  saved new best checkpoint: /data/projects/SFB_A03/jan/AT_TFBS/human301/runs/BATF2/crossassay_20261008_004647_1001695/GHTS_seed1/best_model.pt (objective=classification-auprc, score=0.970444)
  negatives seen=70.0%; hard negatives=0
Epoch 007 train: loss=0.1504 AUROC=0.9961 AUPRC=0.9805 BalAcc=0.9738 F1=0.9302 MCC=0.9235
Epoch 007 val  : loss=0.0380 AUROC=0.9990 AUPRC=0.9218 BalAcc=0.9890 F1=0.6563 MCC=0.6931
  learning_rate_used=2.974e-04; learning_rate_next=2.964e-04; elapsed=7.9s
  negatives seen=80.0%; hard negatives=0
Epoch 008 train: loss=0.1558 AUROC=0.9963 AUPRC=0.9728 BalAcc=0.9736 F1=0.9213 MCC=0.9140
Epoch 008 val  : loss=0.0280 AUROC=0.9997 AUPRC=0.9766 BalAcc=0.9932 F1=0.7203 MCC=0.7464
  learning_rate_used=2.964e-04; learning_rate_next=2.953e-04; elapsed=7.9s
  saved new best checkpoint: /data/projects/SFB_A03/jan/AT_TFBS/human301/runs/BATF2/crossassay_20261008_004647_1001695/GHTS_seed1/best_model.pt (objective=classification-auprc, score=0.976625)
  negatives seen=90.0%; hard negatives=0
Epoch 009 train: loss=0.1308 AUROC=0.9971 AUPRC=0.9802 BalAcc=0.9790 F1=0.9409 MCC=0.9352
Epoch 009 val  : loss=0.0536 AUROC=0.9991 AUPRC=0.9584 BalAcc=0.9884 F1=0.5329 MCC=0.5963
  learning_rate_used=2.953e-04; learning_rate_next=2.941e-04; elapsed=7.8s
  negatives seen=100.0%; hard negatives=0
Epoch 010 train: loss=0.1146 AUROC=0.9974 AUPRC=0.9826 BalAcc=0.9767 F1=0.9274 MCC=0.9207
Epoch 010 val  : loss=0.0253 AUROC=0.9995 AUPRC=0.9709 BalAcc=0.9936 F1=0.7391 MCC=0.7620
  learning_rate_used=2.941e-04; learning_rate_next=2.927e-04; elapsed=7.8s
  negatives seen=100.0%; hard negatives=0
Epoch 011 train: loss=0.1460 AUROC=0.9970 AUPRC=0.9844 BalAcc=0.9770 F1=0.9448 MCC=0.9393
Epoch 011 val  : loss=0.0290 AUROC=0.9997 AUPRC=0.9738 BalAcc=0.9929 F1=0.7025 MCC=0.7317
  learning_rate_used=2.927e-04; learning_rate_next=2.912e-04; elapsed=8.0s
  negatives seen=100.0%; hard negatives=0
Epoch 012 train: loss=0.1284 AUROC=0.9973 AUPRC=0.9879 BalAcc=0.9866 F1=0.9586 MCC=0.9546
Epoch 012 val  : loss=0.1062 AUROC=0.9982 AUPRC=0.9549 BalAcc=0.9797 F1=0.3632 MCC=0.4617
  learning_rate_used=2.912e-04; learning_rate_next=2.895e-04; elapsed=7.8s
  negatives seen=100.0%; hard negatives=0
Epoch 013 train: loss=0.1079 AUROC=0.9979 AUPRC=0.9853 BalAcc=0.9852 F1=0.9525 MCC=0.9480
Epoch 013 val  : loss=0.0159 AUROC=0.9997 AUPRC=0.9765 BalAcc=0.9700 F1=0.8969 MCC=0.8969
  learning_rate_used=2.895e-04; learning_rate_next=2.877e-04; elapsed=7.8s
  negatives seen=100.0%; hard negatives=0
Epoch 014 train: loss=0.0711 AUROC=0.9991 AUPRC=0.9923 BalAcc=0.9904 F1=0.9632 MCC=0.9597
Epoch 014 val  : loss=0.0209 AUROC=0.9996 AUPRC=0.9683 BalAcc=0.9915 F1=0.7860 MCC=0.8008
  learning_rate_used=2.877e-04; learning_rate_next=2.858e-04; elapsed=7.8s
  negatives seen=100.0%; hard negatives=0
Epoch 015 train: loss=0.0837 AUROC=0.9990 AUPRC=0.9889 BalAcc=0.9847 F1=0.9558 MCC=0.9515
Epoch 015 val  : loss=0.0542 AUROC=0.9994 AUPRC=0.9728 BalAcc=0.9886 F1=0.5380 MCC=0.6002
  learning_rate_used=2.858e-04; learning_rate_next=2.837e-04; elapsed=7.8s
  negatives seen=100.0%; hard negatives=0
Epoch 016 train: loss=0.0855 AUROC=0.9991 AUPRC=0.9908 BalAcc=0.9867 F1=0.9594 MCC=0.9555
Epoch 016 val  : loss=0.0288 AUROC=0.9992 AUPRC=0.9667 BalAcc=0.9931 F1=0.7128 MCC=0.7402
  learning_rate_used=2.837e-04; learning_rate_next=2.815e-04; elapsed=7.8s
  negatives seen=100.0%; hard negatives=0
Epoch 017 train: loss=0.0919 AUROC=0.9983 AUPRC=0.9863 BalAcc=0.9882 F1=0.9578 MCC=0.9539
Epoch 017 val  : loss=0.0194 AUROC=0.9994 AUPRC=0.9736 BalAcc=0.9923 F1=0.8346 MCC=0.8432
  learning_rate_used=2.815e-04; learning_rate_next=2.792e-04; elapsed=7.8s
  negatives seen=100.0%; hard negatives=0
Epoch 018 train: loss=0.0710 AUROC=0.9987 AUPRC=0.9938 BalAcc=0.9861 F1=0.9689 MCC=0.9658
Epoch 018 val  : loss=0.0191 AUROC=0.9995 AUPRC=0.9730 BalAcc=0.9948 F1=0.8134 MCC=0.8253
  learning_rate_used=2.792e-04; learning_rate_next=2.767e-04; elapsed=8.0s
  negatives seen=100.0%; hard negatives=0
Epoch 019 train: loss=0.0655 AUROC=0.9993 AUPRC=0.9918 BalAcc=0.9883 F1=0.9665 MCC=0.9632
Epoch 019 val  : loss=0.0240 AUROC=0.9992 AUPRC=0.9630 BalAcc=0.9584 F1=0.8946 MCC=0.8938
  learning_rate_used=2.767e-04; learning_rate_next=2.741e-04; elapsed=7.9s
  negatives seen=100.0%; hard negatives=0
Epoch 020 train: loss=0.0634 AUROC=0.9992 AUPRC=0.9919 BalAcc=0.9899 F1=0.9657 MCC=0.9624
Epoch 020 val  : loss=0.0188 AUROC=0.9992 AUPRC=0.9715 BalAcc=0.9953 F1=0.8437 MCC=0.8519
  learning_rate_used=2.741e-04; learning_rate_next=2.714e-04; elapsed=8.0s
  negatives seen=100.0%; hard negatives=0
Epoch 021 train: loss=0.0556 AUROC=0.9993 AUPRC=0.9969 BalAcc=0.9891 F1=0.9744 MCC=0.9719
Epoch 021 val  : loss=0.0229 AUROC=0.9988 AUPRC=0.9643 BalAcc=0.9922 F1=0.8305 MCC=0.8395
  learning_rate_used=2.714e-04; learning_rate_next=2.686e-04; elapsed=7.9s
  negatives seen=100.0%; hard negatives=0
Epoch 022 train: loss=0.0557 AUROC=0.9994 AUPRC=0.9935 BalAcc=0.9879 F1=0.9630 MCC=0.9594
Epoch 022 val  : loss=0.0191 AUROC=0.9993 AUPRC=0.9697 BalAcc=0.9895 F1=0.8421 MCC=0.8492
  learning_rate_used=2.686e-04; learning_rate_next=2.657e-04; elapsed=7.8s
  negatives seen=100.0%; hard negatives=0
Epoch 023 train: loss=0.0612 AUROC=0.9995 AUPRC=0.9947 BalAcc=0.9883 F1=0.9665 MCC=0.9632
Epoch 023 val  : loss=0.0260 AUROC=0.9985 AUPRC=0.9687 BalAcc=0.9911 F1=0.7596 MCC=0.7782
  learning_rate_used=2.657e-04; learning_rate_next=2.626e-04; elapsed=7.8s
  negatives seen=100.0%; hard negatives=0
Epoch 024 train: loss=0.0655 AUROC=0.9995 AUPRC=0.9961 BalAcc=0.9867 F1=0.9672 MCC=0.9640
Epoch 024 val  : loss=0.0187 AUROC=0.9990 AUPRC=0.9714 BalAcc=0.9842 F1=0.8783 MCC=0.8811
  learning_rate_used=2.626e-04; learning_rate_next=2.595e-04; elapsed=7.9s
  negatives seen=100.0%; hard negatives=0
Epoch 025 train: loss=0.0693 AUROC=0.9995 AUPRC=0.9941 BalAcc=0.9890 F1=0.9726 MCC=0.9699
Epoch 025 val  : loss=0.0173 AUROC=0.9995 AUPRC=0.9750 BalAcc=0.9900 F1=0.8796 MCC=0.8832
  learning_rate_used=2.595e-04; learning_rate_next=2.562e-04; elapsed=7.8s
  negatives seen=100.0%; hard negatives=0
Epoch 026 train: loss=0.0653 AUROC=0.9995 AUPRC=0.9947 BalAcc=0.9881 F1=0.9647 MCC=0.9613
Epoch 026 val  : loss=0.0163 AUROC=0.9995 AUPRC=0.9767 BalAcc=0.9902 F1=0.8960 MCC=0.8984
  learning_rate_used=2.562e-04; learning_rate_next=2.528e-04; elapsed=7.8s
  negatives seen=100.0%; hard negatives=0
Epoch 027 train: loss=0.0344 AUROC=0.9997 AUPRC=0.9972 BalAcc=0.9938 F1=0.9800 MCC=0.9780
Epoch 027 val  : loss=0.0211 AUROC=0.9972 AUPRC=0.9730 BalAcc=0.9755 F1=0.8763 MCC=0.8779
  learning_rate_used=2.528e-04; learning_rate_next=2.494e-04; elapsed=7.8s
  negatives seen=100.0%; hard negatives=0
Epoch 028 train: loss=0.0772 AUROC=0.9993 AUPRC=0.9951 BalAcc=0.9887 F1=0.9700 MCC=0.9670
Epoch 028 val  : loss=0.0191 AUROC=0.9980 AUPRC=0.9750 BalAcc=0.9789 F1=0.9188 MCC=0.9187
  learning_rate_used=2.494e-04; learning_rate_next=2.458e-04; elapsed=7.8s
Early stopping after 28 epochs.
Binary threshold: 0.967328 (strategy=val-mcc, validation_score=0.931518)
Validation-only run completed; frozen model: /data/projects/SFB_A03/jan/AT_TFBS/human301/runs/BATF2/crossassay_20261008_004647_1001695/GHTS_seed1/model_for_prediction.pt
BATF2: GHTS -> GHTS
TEST BATF2 GHTS -> GHTS: loss=0.0358 AUROC=0.9967 AUPRC=0.9526 BalAcc=0.9331 F1=0.8871 MCC=0.8863
BATF2: GHTS -> CHIP
TEST BATF2 GHTS -> CHIP: loss=0.4640 AUROC=0.7604 AUPRC=0.0603 BalAcc=0.5124 F1=0.0460 MCC=0.0714
Completed BATF2/GHTS: one model, both fixed test sets.
