TF=TERF1 train=CHIP seed=1 model=hum301_motif64_local.py
/home/jbossenz/miniforge3/envs/at_env/bin/python -u /data/projects/SFB_A03/jan/AT_TFBS/human301/hum301_motif64_local.py train --cache /data/projects/SFB_A03/jan/AT_TFBS/raw_data/human/TERF1/hum301_20261005_185818_tdUK1h/dataset.npz --output-dir /data/projects/SFB_A03/jan/AT_TFBS/human301/runs/TERF1/crossassay_20261008_004647_1001695/CHIP_seed1 --input-length 256 --embed-channels 64 --encoder-channels 80 96 128 --heads 4 --ffn-channels 256 --classification-readout local-logsumexp --task-mode classification --checkpoint-objective classification-auprc --threshold-strategy val-mcc --negatives-per-positive 10 --batch-size 88 --hard-negative-fraction 0 --epochs 100 --patience 20 --learning-rate 0.0003 --min-learning-rate 0.000001 --weight-decay 0.0001 --dropout 0.1 --activation relu --reverse-complement-probability 0.5 --eval-crops multi --eval-rc --no-balanced-evaluation --eval-batch-size 128 --num-workers 2 --seed 1 --device cuda --skip-test
Window geometry: 256 bp from 301 bp; crop starts 0..45; shifts -22..+23; fresh uniform draw per access
Evaluation: crops (0, 22, 23, 45), reverse complement=True; all samples
train: n=71,609, positive=709, negative=70,900
  val: n=18,786, positive=186, negative=18,600
 test: n=67,064, positive=664, negative=66,400
Device: cuda
Hidden activation: RELU
Parameters: 1,032,981 total; 1,032,981 trainable
Architecture: motif kernels 9/12; encoder 128/64/64; original five-block bottleneck at 64; decoder 64/128/256
  negatives seen=10.0%; hard negatives=0
Epoch 001 train: loss=1.2043 AUROC=0.6632 AUPRC=0.1810 BalAcc=0.6152 F1=0.2272 MCC=0.1362
Epoch 001 val  : loss=0.9562 AUROC=0.7815 AUPRC=0.1268 BalAcc=0.6351 F1=0.0273 MCC=0.0568
  learning_rate_used=3.000e-04; learning_rate_next=2.999e-04; elapsed=10.4s
  saved new best checkpoint: /data/projects/SFB_A03/jan/AT_TFBS/human301/runs/TERF1/crossassay_20261008_004647_1001695/CHIP_seed1/best_model.pt (objective=classification-auprc, score=0.126845)
  negatives seen=20.0%; hard negatives=0
Epoch 002 train: loss=1.0644 AUROC=0.7636 AUPRC=0.2744 BalAcc=0.7127 F1=0.3047 MCC=0.2570
Epoch 002 val  : loss=0.5535 AUROC=0.7919 AUPRC=0.1382 BalAcc=0.7169 F1=0.0474 MCC=0.0945
  learning_rate_used=2.999e-04; learning_rate_next=2.997e-04; elapsed=8.8s
  saved new best checkpoint: /data/projects/SFB_A03/jan/AT_TFBS/human301/runs/TERF1/crossassay_20261008_004647_1001695/CHIP_seed1/best_model.pt (objective=classification-auprc, score=0.138197)
  negatives seen=30.0%; hard negatives=0
Epoch 003 train: loss=1.0078 AUROC=0.7957 AUPRC=0.3294 BalAcc=0.7255 F1=0.3173 MCC=0.2742
Epoch 003 val  : loss=0.8262 AUROC=0.7433 AUPRC=0.1292 BalAcc=0.6602 F1=0.0294 MCC=0.0655
  learning_rate_used=2.997e-04; learning_rate_next=2.993e-04; elapsed=8.9s
  negatives seen=40.0%; hard negatives=0
Epoch 004 train: loss=0.9599 AUROC=0.8129 AUPRC=0.3500 BalAcc=0.7344 F1=0.3229 MCC=0.2843
Epoch 004 val  : loss=0.4342 AUROC=0.8056 AUPRC=0.1473 BalAcc=0.7214 F1=0.0621 MCC=0.1116
  learning_rate_used=2.993e-04; learning_rate_next=2.988e-04; elapsed=8.9s
  saved new best checkpoint: /data/projects/SFB_A03/jan/AT_TFBS/human301/runs/TERF1/crossassay_20261008_004647_1001695/CHIP_seed1/best_model.pt (objective=classification-auprc, score=0.147267)
  negatives seen=50.0%; hard negatives=0
Epoch 005 train: loss=0.9197 AUROC=0.8246 AUPRC=0.3462 BalAcc=0.7518 F1=0.3359 MCC=0.3052
Epoch 005 val  : loss=0.4837 AUROC=0.7934 AUPRC=0.1455 BalAcc=0.7245 F1=0.0561 MCC=0.1061
  learning_rate_used=2.988e-04; learning_rate_next=2.982e-04; elapsed=9.0s
  negatives seen=60.0%; hard negatives=0
Epoch 006 train: loss=0.9223 AUROC=0.8273 AUPRC=0.3810 BalAcc=0.7494 F1=0.3381 MCC=0.3047
Epoch 006 val  : loss=0.3766 AUROC=0.8044 AUPRC=0.1544 BalAcc=0.6964 F1=0.0641 MCC=0.1063
  learning_rate_used=2.982e-04; learning_rate_next=2.974e-04; elapsed=8.9s
  saved new best checkpoint: /data/projects/SFB_A03/jan/AT_TFBS/human301/runs/TERF1/crossassay_20261008_004647_1001695/CHIP_seed1/best_model.pt (objective=classification-auprc, score=0.154409)
  negatives seen=70.0%; hard negatives=0
Epoch 007 train: loss=0.9006 AUROC=0.8383 AUPRC=0.3856 BalAcc=0.7633 F1=0.3501 MCC=0.3224
Epoch 007 val  : loss=1.0153 AUROC=0.8058 AUPRC=0.1529 BalAcc=0.6676 F1=0.0297 MCC=0.0690
  learning_rate_used=2.974e-04; learning_rate_next=2.964e-04; elapsed=8.9s
  negatives seen=80.0%; hard negatives=0
Epoch 008 train: loss=0.8558 AUROC=0.8517 AUPRC=0.4138 BalAcc=0.7734 F1=0.3587 MCC=0.3352
Epoch 008 val  : loss=0.8297 AUROC=0.7741 AUPRC=0.1453 BalAcc=0.6802 F1=0.0316 MCC=0.0721
  learning_rate_used=2.964e-04; learning_rate_next=2.953e-04; elapsed=8.9s
  negatives seen=90.0%; hard negatives=0
Epoch 009 train: loss=0.8246 AUROC=0.8619 AUPRC=0.4350 BalAcc=0.7806 F1=0.3730 MCC=0.3495
Epoch 009 val  : loss=0.4330 AUROC=0.7910 AUPRC=0.1354 BalAcc=0.7072 F1=0.0562 MCC=0.1011
  learning_rate_used=2.953e-04; learning_rate_next=2.941e-04; elapsed=8.9s
  negatives seen=100.0%; hard negatives=0
Epoch 010 train: loss=0.7914 AUROC=0.8778 AUPRC=0.4561 BalAcc=0.7968 F1=0.3908 MCC=0.3726
Epoch 010 val  : loss=0.5509 AUROC=0.8031 AUPRC=0.1548 BalAcc=0.7127 F1=0.0476 MCC=0.0935
  learning_rate_used=2.941e-04; learning_rate_next=2.927e-04; elapsed=8.9s
  saved new best checkpoint: /data/projects/SFB_A03/jan/AT_TFBS/human301/runs/TERF1/crossassay_20261008_004647_1001695/CHIP_seed1/best_model.pt (objective=classification-auprc, score=0.154774)
  negatives seen=100.0%; hard negatives=0
Epoch 011 train: loss=0.7663 AUROC=0.8812 AUPRC=0.4874 BalAcc=0.7975 F1=0.3935 MCC=0.3748
Epoch 011 val  : loss=1.2805 AUROC=0.7680 AUPRC=0.1434 BalAcc=0.6266 F1=0.0263 MCC=0.0560
  learning_rate_used=2.927e-04; learning_rate_next=2.912e-04; elapsed=9.0s
  negatives seen=100.0%; hard negatives=0
Epoch 012 train: loss=0.7526 AUROC=0.8882 AUPRC=0.4758 BalAcc=0.8083 F1=0.4059 MCC=0.3906
Epoch 012 val  : loss=0.3690 AUROC=0.8076 AUPRC=0.1566 BalAcc=0.6950 F1=0.0676 MCC=0.1093
  learning_rate_used=2.912e-04; learning_rate_next=2.895e-04; elapsed=9.1s
  saved new best checkpoint: /data/projects/SFB_A03/jan/AT_TFBS/human301/runs/TERF1/crossassay_20261008_004647_1001695/CHIP_seed1/best_model.pt (objective=classification-auprc, score=0.156573)
  negatives seen=100.0%; hard negatives=0
Epoch 013 train: loss=0.7356 AUROC=0.8941 AUPRC=0.5098 BalAcc=0.8136 F1=0.4148 MCC=0.4002
Epoch 013 val  : loss=0.2879 AUROC=0.8110 AUPRC=0.1623 BalAcc=0.6095 F1=0.1096 MCC=0.1168
  learning_rate_used=2.895e-04; learning_rate_next=2.877e-04; elapsed=8.9s
  saved new best checkpoint: /data/projects/SFB_A03/jan/AT_TFBS/human301/runs/TERF1/crossassay_20261008_004647_1001695/CHIP_seed1/best_model.pt (objective=classification-auprc, score=0.162257)
  negatives seen=100.0%; hard negatives=0
Epoch 014 train: loss=0.7158 AUROC=0.9008 AUPRC=0.5168 BalAcc=0.8169 F1=0.4290 MCC=0.4123
Epoch 014 val  : loss=0.5189 AUROC=0.7812 AUPRC=0.1338 BalAcc=0.7115 F1=0.0500 MCC=0.0957
  learning_rate_used=2.877e-04; learning_rate_next=2.858e-04; elapsed=8.9s
  negatives seen=100.0%; hard negatives=0
Epoch 015 train: loss=0.6919 AUROC=0.9080 AUPRC=0.5440 BalAcc=0.8302 F1=0.4416 MCC=0.4298
Epoch 015 val  : loss=0.4336 AUROC=0.8009 AUPRC=0.1560 BalAcc=0.7121 F1=0.0609 MCC=0.1076
  learning_rate_used=2.858e-04; learning_rate_next=2.837e-04; elapsed=9.0s
  negatives seen=100.0%; hard negatives=0
Epoch 016 train: loss=0.6422 AUROC=0.9195 AUPRC=0.5870 BalAcc=0.8368 F1=0.4570 MCC=0.4451
Epoch 016 val  : loss=0.3380 AUROC=0.7992 AUPRC=0.1465 BalAcc=0.5769 F1=0.1151 MCC=0.1096
  learning_rate_used=2.837e-04; learning_rate_next=2.815e-04; elapsed=9.0s
  negatives seen=100.0%; hard negatives=0
Epoch 017 train: loss=0.6601 AUROC=0.9205 AUPRC=0.5967 BalAcc=0.8365 F1=0.4768 MCC=0.4597
Epoch 017 val  : loss=0.6200 AUROC=0.8054 AUPRC=0.1562 BalAcc=0.7345 F1=0.0489 MCC=0.1014
  learning_rate_used=2.815e-04; learning_rate_next=2.792e-04; elapsed=8.9s
  negatives seen=100.0%; hard negatives=0
Epoch 018 train: loss=0.6308 AUROC=0.9245 AUPRC=0.6107 BalAcc=0.8449 F1=0.4798 MCC=0.4668
Epoch 018 val  : loss=0.3963 AUROC=0.7997 AUPRC=0.1576 BalAcc=0.6855 F1=0.0629 MCC=0.1017
  learning_rate_used=2.792e-04; learning_rate_next=2.767e-04; elapsed=9.1s
  negatives seen=100.0%; hard negatives=0
Epoch 019 train: loss=0.6099 AUROC=0.9305 AUPRC=0.6198 BalAcc=0.8610 F1=0.5086 MCC=0.4980
Epoch 019 val  : loss=0.7259 AUROC=0.7987 AUPRC=0.1455 BalAcc=0.7213 F1=0.0436 MCC=0.0921
  learning_rate_used=2.767e-04; learning_rate_next=2.741e-04; elapsed=9.0s
  negatives seen=100.0%; hard negatives=0
Epoch 020 train: loss=0.5511 AUROC=0.9400 AUPRC=0.6501 BalAcc=0.8601 F1=0.5073 MCC=0.4966
Epoch 020 val  : loss=0.5445 AUROC=0.8041 AUPRC=0.1579 BalAcc=0.7268 F1=0.0513 MCC=0.1017
  learning_rate_used=2.741e-04; learning_rate_next=2.714e-04; elapsed=9.0s
  negatives seen=100.0%; hard negatives=0
Epoch 021 train: loss=0.5318 AUROC=0.9463 AUPRC=0.6737 BalAcc=0.8735 F1=0.5378 MCC=0.5277
Epoch 021 val  : loss=0.3365 AUROC=0.7959 AUPRC=0.1557 BalAcc=0.6410 F1=0.0910 MCC=0.1133
  learning_rate_used=2.714e-04; learning_rate_next=2.686e-04; elapsed=9.0s
  negatives seen=100.0%; hard negatives=0
Epoch 022 train: loss=0.5480 AUROC=0.9458 AUPRC=0.6910 BalAcc=0.8718 F1=0.5512 MCC=0.5374
Epoch 022 val  : loss=0.4599 AUROC=0.8025 AUPRC=0.1658 BalAcc=0.7046 F1=0.0549 MCC=0.0989
  learning_rate_used=2.686e-04; learning_rate_next=2.657e-04; elapsed=8.9s
  saved new best checkpoint: /data/projects/SFB_A03/jan/AT_TFBS/human301/runs/TERF1/crossassay_20261008_004647_1001695/CHIP_seed1/best_model.pt (objective=classification-auprc, score=0.165802)
  negatives seen=100.0%; hard negatives=0
Epoch 023 train: loss=0.5119 AUROC=0.9528 AUPRC=0.7295 BalAcc=0.8893 F1=0.5862 MCC=0.5747
Epoch 023 val  : loss=0.3224 AUROC=0.8090 AUPRC=0.1592 BalAcc=0.6516 F1=0.0960 MCC=0.1213
  learning_rate_used=2.657e-04; learning_rate_next=2.626e-04; elapsed=9.0s
  negatives seen=100.0%; hard negatives=0
Epoch 024 train: loss=0.5039 AUROC=0.9531 AUPRC=0.7173 BalAcc=0.8819 F1=0.5685 MCC=0.5565
Epoch 024 val  : loss=0.3210 AUROC=0.8058 AUPRC=0.1548 BalAcc=0.6012 F1=0.1127 MCC=0.1162
  learning_rate_used=2.626e-04; learning_rate_next=2.595e-04; elapsed=8.9s
  negatives seen=100.0%; hard negatives=0
Epoch 025 train: loss=0.4633 AUROC=0.9595 AUPRC=0.7340 BalAcc=0.8932 F1=0.5972 MCC=0.5856
Epoch 025 val  : loss=0.3545 AUROC=0.8019 AUPRC=0.1514 BalAcc=0.6541 F1=0.0800 MCC=0.1081
  learning_rate_used=2.595e-04; learning_rate_next=2.562e-04; elapsed=9.8s
  negatives seen=100.0%; hard negatives=0
Epoch 026 train: loss=0.4354 AUROC=0.9633 AUPRC=0.7444 BalAcc=0.9040 F1=0.6126 MCC=0.6036
Epoch 026 val  : loss=0.3292 AUROC=0.8026 AUPRC=0.1596 BalAcc=0.6409 F1=0.0820 MCC=0.1055
  learning_rate_used=2.562e-04; learning_rate_next=2.528e-04; elapsed=9.7s
  negatives seen=100.0%; hard negatives=0
Epoch 027 train: loss=0.4307 AUROC=0.9660 AUPRC=0.7744 BalAcc=0.8977 F1=0.6089 MCC=0.5974
Epoch 027 val  : loss=0.4362 AUROC=0.7997 AUPRC=0.1519 BalAcc=0.7044 F1=0.0631 MCC=0.1076
  learning_rate_used=2.528e-04; learning_rate_next=2.494e-04; elapsed=9.6s
  negatives seen=100.0%; hard negatives=0
Epoch 028 train: loss=0.4123 AUROC=0.9688 AUPRC=0.7955 BalAcc=0.9060 F1=0.6375 MCC=0.6254
Epoch 028 val  : loss=0.3425 AUROC=0.7965 AUPRC=0.1533 BalAcc=0.6110 F1=0.1061 MCC=0.1146
  learning_rate_used=2.494e-04; learning_rate_next=2.458e-04; elapsed=9.7s
  negatives seen=100.0%; hard negatives=0
Epoch 029 train: loss=0.4399 AUROC=0.9655 AUPRC=0.7758 BalAcc=0.8999 F1=0.6230 MCC=0.6103
Epoch 029 val  : loss=0.3424 AUROC=0.7863 AUPRC=0.1568 BalAcc=0.5950 F1=0.1320 MCC=0.1295
  learning_rate_used=2.458e-04; learning_rate_next=2.421e-04; elapsed=9.6s
  negatives seen=100.0%; hard negatives=0
Epoch 030 train: loss=0.3664 AUROC=0.9744 AUPRC=0.8139 BalAcc=0.9142 F1=0.6572 MCC=0.6458
Epoch 030 val  : loss=0.3566 AUROC=0.8045 AUPRC=0.1524 BalAcc=0.6536 F1=0.1016 MCC=0.1267
  learning_rate_used=2.421e-04; learning_rate_next=2.384e-04; elapsed=9.7s
  negatives seen=100.0%; hard negatives=0
Epoch 031 train: loss=0.3733 AUROC=0.9734 AUPRC=0.8001 BalAcc=0.9214 F1=0.6760 MCC=0.6650
Epoch 031 val  : loss=0.4871 AUROC=0.7903 AUPRC=0.1501 BalAcc=0.7080 F1=0.0596 MCC=0.1049
  learning_rate_used=2.384e-04; learning_rate_next=2.345e-04; elapsed=9.7s
  negatives seen=100.0%; hard negatives=0
Epoch 032 train: loss=0.3444 AUROC=0.9782 AUPRC=0.8305 BalAcc=0.9159 F1=0.6973 MCC=0.6816
Epoch 032 val  : loss=0.3749 AUROC=0.7990 AUPRC=0.1475 BalAcc=0.6019 F1=0.1164 MCC=0.1194
  learning_rate_used=2.345e-04; learning_rate_next=2.306e-04; elapsed=9.8s
  negatives seen=100.0%; hard negatives=0
Epoch 033 train: loss=0.3410 AUROC=0.9779 AUPRC=0.8288 BalAcc=0.9274 F1=0.6978 MCC=0.6865
Epoch 033 val  : loss=0.3661 AUROC=0.7846 AUPRC=0.1616 BalAcc=0.5779 F1=0.1483 MCC=0.1397
  learning_rate_used=2.306e-04; learning_rate_next=2.266e-04; elapsed=9.8s
  negatives seen=100.0%; hard negatives=0
Epoch 034 train: loss=0.3693 AUROC=0.9764 AUPRC=0.8317 BalAcc=0.9142 F1=0.6853 MCC=0.6702
Epoch 034 val  : loss=0.3307 AUROC=0.7953 AUPRC=0.1553 BalAcc=0.5970 F1=0.1140 MCC=0.1157
  learning_rate_used=2.266e-04; learning_rate_next=2.225e-04; elapsed=9.7s
  negatives seen=100.0%; hard negatives=0
Epoch 035 train: loss=0.3112 AUROC=0.9820 AUPRC=0.8536 BalAcc=0.9348 F1=0.7255 MCC=0.7140
Epoch 035 val  : loss=0.3481 AUROC=0.7989 AUPRC=0.1585 BalAcc=0.6305 F1=0.0818 MCC=0.1017
  learning_rate_used=2.225e-04; learning_rate_next=2.184e-04; elapsed=9.8s
  negatives seen=100.0%; hard negatives=0
Epoch 036 train: loss=0.3152 AUROC=0.9815 AUPRC=0.8604 BalAcc=0.9255 F1=0.7056 MCC=0.6927
Epoch 036 val  : loss=0.3702 AUROC=0.7914 AUPRC=0.1574 BalAcc=0.5999 F1=0.1183 MCC=0.1202
  learning_rate_used=2.184e-04; learning_rate_next=2.142e-04; elapsed=9.7s
  negatives seen=100.0%; hard negatives=0
Epoch 037 train: loss=0.3492 AUROC=0.9785 AUPRC=0.8341 BalAcc=0.9154 F1=0.6950 MCC=0.6794
Epoch 037 val  : loss=0.4116 AUROC=0.7889 AUPRC=0.1633 BalAcc=0.6837 F1=0.0645 MCC=0.1028
  learning_rate_used=2.142e-04; learning_rate_next=2.099e-04; elapsed=9.7s
  negatives seen=100.0%; hard negatives=0
Epoch 038 train: loss=0.2834 AUROC=0.9856 AUPRC=0.8784 BalAcc=0.9436 F1=0.7633 MCC=0.7515
Epoch 038 val  : loss=0.3874 AUROC=0.7992 AUPRC=0.1584 BalAcc=0.5832 F1=0.1557 MCC=0.1473
  learning_rate_used=2.099e-04; learning_rate_next=2.055e-04; elapsed=9.6s
  negatives seen=100.0%; hard negatives=0
Epoch 039 train: loss=0.2946 AUROC=0.9852 AUPRC=0.8829 BalAcc=0.9352 F1=0.7516 MCC=0.7378
Epoch 039 val  : loss=0.3402 AUROC=0.7962 AUPRC=0.1553 BalAcc=0.6473 F1=0.0908 MCC=0.1153
  learning_rate_used=2.055e-04; learning_rate_next=2.011e-04; elapsed=9.7s
  negatives seen=100.0%; hard negatives=0
Epoch 040 train: loss=0.2948 AUROC=0.9847 AUPRC=0.8748 BalAcc=0.9394 F1=0.7591 MCC=0.7461
Epoch 040 val  : loss=0.3573 AUROC=0.7689 AUPRC=0.1572 BalAcc=0.6466 F1=0.0811 MCC=0.1066
  learning_rate_used=2.011e-04; learning_rate_next=1.967e-04; elapsed=9.7s
  negatives seen=100.0%; hard negatives=0
Epoch 041 train: loss=0.2493 AUROC=0.9888 AUPRC=0.9092 BalAcc=0.9465 F1=0.7895 MCC=0.7768
Epoch 041 val  : loss=0.4165 AUROC=0.7783 AUPRC=0.1600 BalAcc=0.5772 F1=0.1734 MCC=0.1663
  learning_rate_used=1.967e-04; learning_rate_next=1.922e-04; elapsed=9.7s
  negatives seen=100.0%; hard negatives=0
Epoch 042 train: loss=0.2542 AUROC=0.9879 AUPRC=0.8967 BalAcc=0.9455 F1=0.7753 MCC=0.7632
Epoch 042 val  : loss=0.3389 AUROC=0.7864 AUPRC=0.1555 BalAcc=0.6353 F1=0.1061 MCC=0.1238
  learning_rate_used=1.922e-04; learning_rate_next=1.877e-04; elapsed=9.7s
Early stopping after 42 epochs.
Binary threshold: 0.995898 (strategy=val-mcc, validation_score=0.309690)
Validation-only run completed; frozen model: /data/projects/SFB_A03/jan/AT_TFBS/human301/runs/TERF1/crossassay_20261008_004647_1001695/CHIP_seed1/model_for_prediction.pt
TERF1: CHIP -> CHIP
TEST TERF1 CHIP -> CHIP: loss=0.4502 AUROC=0.8234 AUPRC=0.1734 BalAcc=0.5542 F1=0.1954 MCC=0.3255
TERF1: CHIP -> GHTS
TEST TERF1 CHIP -> GHTS: loss=0.3852 AUROC=0.8682 AUPRC=0.4794 BalAcc=0.6309 F1=0.4141 MCC=0.5070
Completed TERF1/CHIP: one model, both fixed test sets.
