TF=ZFP3 train=CHIP seed=1 model=hum301_motif64_local.py
/home/jbossenz/miniforge3/envs/at_env/bin/python -u /data/projects/SFB_A03/jan/AT_TFBS/human301/hum301_motif64_local.py train --cache /data/projects/SFB_A03/jan/AT_TFBS/raw_data/human/ArchThalia-ML/ZFP3/CHIP/dataset.npz --output-dir /data/projects/SFB_A03/jan/AT_TFBS/human301/runs/ZFP3/crossassay_archthalia_20261009_144503_1046783/CHIP_seed1 --input-length 256 --embed-channels 64 --encoder-channels 80 96 128 --heads 4 --ffn-channels 256 --classification-readout local-logsumexp --task-mode classification --checkpoint-objective classification-auprc --threshold-strategy val-mcc --negatives-per-positive 10 --batch-size 88 --hard-negative-fraction 0 --epochs 100 --patience 20 --learning-rate 0.0003 --min-learning-rate 0.000001 --weight-decay 0.0001 --dropout 0.1 --activation relu --reverse-complement-probability 0.5 --eval-crops multi --eval-rc --no-balanced-evaluation --eval-batch-size 128 --num-workers 2 --seed 1 --device cuda --skip-test
Window geometry: 256 bp from 301 bp; crop starts 0..45; shifts -22..+23; fresh uniform draw per access
Evaluation: crops (0, 22, 23, 45), reverse complement=True; all samples
train: n=72,316, positive=716, negative=71,600
  val: n=12,423, positive=123, negative=12,300
 test: n=61,610, positive=610, negative=61,000
Device: cuda
Hidden activation: RELU
Parameters: 1,032,981 total; 1,032,981 trainable
Architecture: motif kernels 9/12; encoder 128/64/64; original five-block bottleneck at 64; decoder 64/128/256
  negatives seen=10.0%; hard negatives=0
Epoch 001 train: loss=0.8472 AUROC=0.8499 AUPRC=0.6437 BalAcc=0.7803 F1=0.4328 MCC=0.3940
Epoch 001 val  : loss=0.5396 AUROC=0.8790 AUPRC=0.5073 BalAcc=0.7896 F1=0.0618 MCC=0.1314
  learning_rate_used=3.000e-04; learning_rate_next=2.999e-04; elapsed=8.7s
  saved new best checkpoint: /data/projects/SFB_A03/jan/AT_TFBS/human301/runs/ZFP3/crossassay_archthalia_20261009_144503_1046783/CHIP_seed1/best_model.pt (objective=classification-auprc, score=0.507259)
  negatives seen=20.0%; hard negatives=0
Epoch 002 train: loss=0.6089 AUROC=0.9238 AUPRC=0.8060 BalAcc=0.8619 F1=0.6212 MCC=0.5931
Epoch 002 val  : loss=0.2319 AUROC=0.9159 AUPRC=0.6892 BalAcc=0.8446 F1=0.5196 MCC=0.5319
  learning_rate_used=2.999e-04; learning_rate_next=2.997e-04; elapsed=6.9s
  saved new best checkpoint: /data/projects/SFB_A03/jan/AT_TFBS/human301/runs/ZFP3/crossassay_archthalia_20261009_144503_1046783/CHIP_seed1/best_model.pt (objective=classification-auprc, score=0.689161)
  negatives seen=30.0%; hard negatives=0
Epoch 003 train: loss=0.4818 AUROC=0.9514 AUPRC=0.8693 BalAcc=0.8964 F1=0.7392 MCC=0.7156
Epoch 003 val  : loss=0.4617 AUROC=0.9431 AUPRC=0.7329 BalAcc=0.8604 F1=0.0900 MCC=0.1824
  learning_rate_used=2.997e-04; learning_rate_next=2.993e-04; elapsed=6.9s
  saved new best checkpoint: /data/projects/SFB_A03/jan/AT_TFBS/human301/runs/ZFP3/crossassay_archthalia_20261009_144503_1046783/CHIP_seed1/best_model.pt (objective=classification-auprc, score=0.732917)
  negatives seen=40.0%; hard negatives=0
Epoch 004 train: loss=0.3818 AUROC=0.9720 AUPRC=0.9166 BalAcc=0.9294 F1=0.7965 MCC=0.7794
Epoch 004 val  : loss=0.1142 AUROC=0.9480 AUPRC=0.7549 BalAcc=0.8562 F1=0.7068 MCC=0.7039
  learning_rate_used=2.993e-04; learning_rate_next=2.988e-04; elapsed=6.9s
  saved new best checkpoint: /data/projects/SFB_A03/jan/AT_TFBS/human301/runs/ZFP3/crossassay_archthalia_20261009_144503_1046783/CHIP_seed1/best_model.pt (objective=classification-auprc, score=0.754942)
  negatives seen=50.0%; hard negatives=0
Epoch 005 train: loss=0.3416 AUROC=0.9764 AUPRC=0.9315 BalAcc=0.9375 F1=0.8438 MCC=0.8290
Epoch 005 val  : loss=0.1379 AUROC=0.9495 AUPRC=0.7614 BalAcc=0.8945 F1=0.4748 MCC=0.5139
  learning_rate_used=2.988e-04; learning_rate_next=2.982e-04; elapsed=6.9s
  saved new best checkpoint: /data/projects/SFB_A03/jan/AT_TFBS/human301/runs/ZFP3/crossassay_archthalia_20261009_144503_1046783/CHIP_seed1/best_model.pt (objective=classification-auprc, score=0.761366)
  negatives seen=60.0%; hard negatives=0
Epoch 006 train: loss=0.2898 AUROC=0.9850 AUPRC=0.9510 BalAcc=0.9476 F1=0.8823 MCC=0.8706
Epoch 006 val  : loss=0.1254 AUROC=0.9603 AUPRC=0.7618 BalAcc=0.8528 F1=0.7532 MCC=0.7526
  learning_rate_used=2.982e-04; learning_rate_next=2.974e-04; elapsed=6.9s
  saved new best checkpoint: /data/projects/SFB_A03/jan/AT_TFBS/human301/runs/ZFP3/crossassay_archthalia_20261009_144503_1046783/CHIP_seed1/best_model.pt (objective=classification-auprc, score=0.761844)
  negatives seen=70.0%; hard negatives=0
Epoch 007 train: loss=0.3136 AUROC=0.9806 AUPRC=0.9410 BalAcc=0.9425 F1=0.8600 MCC=0.8465
Epoch 007 val  : loss=0.1056 AUROC=0.9555 AUPRC=0.7778 BalAcc=0.8723 F1=0.7188 MCC=0.7164
  learning_rate_used=2.974e-04; learning_rate_next=2.964e-04; elapsed=6.8s
  saved new best checkpoint: /data/projects/SFB_A03/jan/AT_TFBS/human301/runs/ZFP3/crossassay_archthalia_20261009_144503_1046783/CHIP_seed1/best_model.pt (objective=classification-auprc, score=0.777807)
  negatives seen=80.0%; hard negatives=0
Epoch 008 train: loss=0.2463 AUROC=0.9874 AUPRC=0.9604 BalAcc=0.9554 F1=0.8970 MCC=0.8869
Epoch 008 val  : loss=0.1129 AUROC=0.9544 AUPRC=0.7703 BalAcc=0.8789 F1=0.6330 MCC=0.6384
  learning_rate_used=2.964e-04; learning_rate_next=2.953e-04; elapsed=6.9s
  negatives seen=90.0%; hard negatives=0
Epoch 009 train: loss=0.2427 AUROC=0.9908 AUPRC=0.9655 BalAcc=0.9588 F1=0.9049 MCC=0.8955
Epoch 009 val  : loss=0.1059 AUROC=0.9587 AUPRC=0.7839 BalAcc=0.8841 F1=0.7037 MCC=0.7033
  learning_rate_used=2.953e-04; learning_rate_next=2.941e-04; elapsed=6.8s
  saved new best checkpoint: /data/projects/SFB_A03/jan/AT_TFBS/human301/runs/ZFP3/crossassay_archthalia_20261009_144503_1046783/CHIP_seed1/best_model.pt (objective=classification-auprc, score=0.783924)
  negatives seen=100.0%; hard negatives=0
Epoch 010 train: loss=0.2213 AUROC=0.9927 AUPRC=0.9602 BalAcc=0.9545 F1=0.8834 MCC=0.8723
Epoch 010 val  : loss=0.1431 AUROC=0.9574 AUPRC=0.7736 BalAcc=0.8959 F1=0.4141 MCC=0.4674
  learning_rate_used=2.941e-04; learning_rate_next=2.927e-04; elapsed=6.8s
  negatives seen=100.0%; hard negatives=0
Epoch 011 train: loss=0.2177 AUROC=0.9940 AUPRC=0.9728 BalAcc=0.9636 F1=0.9204 MCC=0.9125
Epoch 011 val  : loss=0.1027 AUROC=0.9590 AUPRC=0.7947 BalAcc=0.8729 F1=0.7603 MCC=0.7581
  learning_rate_used=2.927e-04; learning_rate_next=2.912e-04; elapsed=6.9s
  saved new best checkpoint: /data/projects/SFB_A03/jan/AT_TFBS/human301/runs/ZFP3/crossassay_archthalia_20261009_144503_1046783/CHIP_seed1/best_model.pt (objective=classification-auprc, score=0.794677)
  negatives seen=100.0%; hard negatives=0
Epoch 012 train: loss=0.2031 AUROC=0.9935 AUPRC=0.9701 BalAcc=0.9652 F1=0.9176 MCC=0.9095
Epoch 012 val  : loss=0.1106 AUROC=0.9585 AUPRC=0.7636 BalAcc=0.8789 F1=0.6373 MCC=0.6422
  learning_rate_used=2.912e-04; learning_rate_next=2.895e-04; elapsed=6.8s
  negatives seen=100.0%; hard negatives=0
Epoch 013 train: loss=0.1780 AUROC=0.9930 AUPRC=0.9770 BalAcc=0.9698 F1=0.9264 MCC=0.9192
Epoch 013 val  : loss=0.1295 AUROC=0.9612 AUPRC=0.7853 BalAcc=0.8691 F1=0.7778 MCC=0.7767
  learning_rate_used=2.895e-04; learning_rate_next=2.877e-04; elapsed=6.9s
  negatives seen=100.0%; hard negatives=0
Epoch 014 train: loss=0.1736 AUROC=0.9963 AUPRC=0.9802 BalAcc=0.9684 F1=0.9306 MCC=0.9237
Epoch 014 val  : loss=0.1305 AUROC=0.9550 AUPRC=0.7713 BalAcc=0.8880 F1=0.6982 MCC=0.6988
  learning_rate_used=2.877e-04; learning_rate_next=2.858e-04; elapsed=6.9s
  negatives seen=100.0%; hard negatives=0
Epoch 015 train: loss=0.1941 AUROC=0.9961 AUPRC=0.9784 BalAcc=0.9648 F1=0.9256 MCC=0.9182
Epoch 015 val  : loss=0.2226 AUROC=0.9562 AUPRC=0.7695 BalAcc=0.8912 F1=0.2074 MCC=0.3020
  learning_rate_used=2.858e-04; learning_rate_next=2.837e-04; elapsed=7.0s
  negatives seen=100.0%; hard negatives=0
Epoch 016 train: loss=0.1668 AUROC=0.9966 AUPRC=0.9790 BalAcc=0.9659 F1=0.9129 MCC=0.9045
Epoch 016 val  : loss=0.1253 AUROC=0.9549 AUPRC=0.7788 BalAcc=0.8647 F1=0.7469 MCC=0.7446
  learning_rate_used=2.837e-04; learning_rate_next=2.815e-04; elapsed=6.9s
  negatives seen=100.0%; hard negatives=0
Epoch 017 train: loss=0.1588 AUROC=0.9972 AUPRC=0.9825 BalAcc=0.9737 F1=0.9396 MCC=0.9336
Epoch 017 val  : loss=0.1203 AUROC=0.9560 AUPRC=0.7920 BalAcc=0.8733 F1=0.7965 MCC=0.7963
  learning_rate_used=2.815e-04; learning_rate_next=2.792e-04; elapsed=6.9s
  negatives seen=100.0%; hard negatives=0
Epoch 018 train: loss=0.1284 AUROC=0.9973 AUPRC=0.9872 BalAcc=0.9784 F1=0.9485 MCC=0.9434
Epoch 018 val  : loss=0.1353 AUROC=0.9497 AUPRC=0.7714 BalAcc=0.8650 F1=0.7692 MCC=0.7681
  learning_rate_used=2.792e-04; learning_rate_next=2.767e-04; elapsed=6.9s
  negatives seen=100.0%; hard negatives=0
Epoch 019 train: loss=0.1242 AUROC=0.9983 AUPRC=0.9894 BalAcc=0.9798 F1=0.9557 MCC=0.9513
Epoch 019 val  : loss=0.1184 AUROC=0.9525 AUPRC=0.7840 BalAcc=0.8886 F1=0.7413 MCC=0.7395
  learning_rate_used=2.767e-04; learning_rate_next=2.741e-04; elapsed=6.9s
  negatives seen=100.0%; hard negatives=0
Epoch 020 train: loss=0.1273 AUROC=0.9981 AUPRC=0.9897 BalAcc=0.9774 F1=0.9503 MCC=0.9453
Epoch 020 val  : loss=0.1496 AUROC=0.9538 AUPRC=0.7929 BalAcc=0.8530 F1=0.7733 MCC=0.7747
  learning_rate_used=2.741e-04; learning_rate_next=2.714e-04; elapsed=6.9s
  negatives seen=100.0%; hard negatives=0
Epoch 021 train: loss=0.1290 AUROC=0.9976 AUPRC=0.9882 BalAcc=0.9807 F1=0.9526 MCC=0.9479
Epoch 021 val  : loss=0.1782 AUROC=0.9506 AUPRC=0.7741 BalAcc=0.8452 F1=0.7907 MCC=0.7974
  learning_rate_used=2.714e-04; learning_rate_next=2.686e-04; elapsed=6.9s
  negatives seen=100.0%; hard negatives=0
Epoch 022 train: loss=0.0891 AUROC=0.9992 AUPRC=0.9929 BalAcc=0.9837 F1=0.9627 MCC=0.9589
Epoch 022 val  : loss=0.1380 AUROC=0.9548 AUPRC=0.7824 BalAcc=0.8687 F1=0.7490 MCC=0.7466
  learning_rate_used=2.686e-04; learning_rate_next=2.657e-04; elapsed=7.0s
  negatives seen=100.0%; hard negatives=0
Epoch 023 train: loss=0.1031 AUROC=0.9986 AUPRC=0.9920 BalAcc=0.9828 F1=0.9606 MCC=0.9567
Epoch 023 val  : loss=0.1378 AUROC=0.9646 AUPRC=0.7740 BalAcc=0.8647 F1=0.7469 MCC=0.7446
  learning_rate_used=2.657e-04; learning_rate_next=2.626e-04; elapsed=7.0s
  negatives seen=100.0%; hard negatives=0
Epoch 024 train: loss=0.0771 AUROC=0.9992 AUPRC=0.9935 BalAcc=0.9878 F1=0.9604 MCC=0.9566
Epoch 024 val  : loss=0.1438 AUROC=0.9603 AUPRC=0.7858 BalAcc=0.8648 F1=0.7563 MCC=0.7544
  learning_rate_used=2.626e-04; learning_rate_next=2.595e-04; elapsed=6.9s
  negatives seen=100.0%; hard negatives=0
Epoch 025 train: loss=0.0745 AUROC=0.9992 AUPRC=0.9943 BalAcc=0.9887 F1=0.9690 MCC=0.9659
Epoch 025 val  : loss=0.1053 AUROC=0.9709 AUPRC=0.8107 BalAcc=0.8883 F1=0.7218 MCC=0.7209
  learning_rate_used=2.595e-04; learning_rate_next=2.562e-04; elapsed=6.8s
  saved new best checkpoint: /data/projects/SFB_A03/jan/AT_TFBS/human301/runs/ZFP3/crossassay_archthalia_20261009_144503_1046783/CHIP_seed1/best_model.pt (objective=classification-auprc, score=0.810721)
  negatives seen=100.0%; hard negatives=0
Epoch 026 train: loss=0.0879 AUROC=0.9989 AUPRC=0.9930 BalAcc=0.9878 F1=0.9663 MCC=0.9630
Epoch 026 val  : loss=0.1791 AUROC=0.9668 AUPRC=0.8027 BalAcc=0.8493 F1=0.7963 MCC=0.8025
  learning_rate_used=2.562e-04; learning_rate_next=2.528e-04; elapsed=6.9s
  negatives seen=100.0%; hard negatives=0
Epoch 027 train: loss=0.0896 AUROC=0.9994 AUPRC=0.9952 BalAcc=0.9864 F1=0.9708 MCC=0.9679
Epoch 027 val  : loss=0.1752 AUROC=0.9627 AUPRC=0.7945 BalAcc=0.8572 F1=0.7822 MCC=0.7837
  learning_rate_used=2.528e-04; learning_rate_next=2.494e-04; elapsed=6.9s
  negatives seen=100.0%; hard negatives=0
Epoch 028 train: loss=0.0999 AUROC=0.9993 AUPRC=0.9946 BalAcc=0.9813 F1=0.9698 MCC=0.9668
Epoch 028 val  : loss=0.1112 AUROC=0.9580 AUPRC=0.8044 BalAcc=0.9022 F1=0.6098 MCC=0.6252
  learning_rate_used=2.494e-04; learning_rate_next=2.458e-04; elapsed=7.0s
  negatives seen=100.0%; hard negatives=0
Epoch 029 train: loss=0.0579 AUROC=0.9995 AUPRC=0.9941 BalAcc=0.9916 F1=0.9725 MCC=0.9698
Epoch 029 val  : loss=0.1577 AUROC=0.9604 AUPRC=0.7900 BalAcc=0.8610 F1=0.7706 MCC=0.7701
  learning_rate_used=2.458e-04; learning_rate_next=2.421e-04; elapsed=7.0s
  negatives seen=100.0%; hard negatives=0
Epoch 030 train: loss=0.0597 AUROC=0.9996 AUPRC=0.9970 BalAcc=0.9908 F1=0.9771 MCC=0.9749
Epoch 030 val  : loss=0.1337 AUROC=0.9573 AUPRC=0.7806 BalAcc=0.8802 F1=0.7094 MCC=0.7082
  learning_rate_used=2.421e-04; learning_rate_next=2.384e-04; elapsed=6.9s
  negatives seen=100.0%; hard negatives=0
Epoch 031 train: loss=0.0645 AUROC=0.9995 AUPRC=0.9955 BalAcc=0.9880 F1=0.9683 MCC=0.9652
Epoch 031 val  : loss=0.1339 AUROC=0.9616 AUPRC=0.7914 BalAcc=0.8925 F1=0.7348 MCC=0.7338
  learning_rate_used=2.384e-04; learning_rate_next=2.345e-04; elapsed=6.8s
  negatives seen=100.0%; hard negatives=0
Epoch 032 train: loss=0.0782 AUROC=0.9993 AUPRC=0.9933 BalAcc=0.9885 F1=0.9730 MCC=0.9703
Epoch 032 val  : loss=0.1644 AUROC=0.9657 AUPRC=0.8000 BalAcc=0.8654 F1=0.8000 MCC=0.8018
  learning_rate_used=2.345e-04; learning_rate_next=2.306e-04; elapsed=6.9s
  negatives seen=100.0%; hard negatives=0
Epoch 033 train: loss=0.0317 AUROC=0.9998 AUPRC=0.9982 BalAcc=0.9945 F1=0.9827 MCC=0.9810
Epoch 033 val  : loss=0.2015 AUROC=0.9644 AUPRC=0.7961 BalAcc=0.8693 F1=0.7948 MCC=0.7951
  learning_rate_used=2.306e-04; learning_rate_next=2.266e-04; elapsed=6.9s
  negatives seen=100.0%; hard negatives=0
Epoch 034 train: loss=0.0535 AUROC=0.9998 AUPRC=0.9983 BalAcc=0.9916 F1=0.9792 MCC=0.9771
Epoch 034 val  : loss=0.1729 AUROC=0.9533 AUPRC=0.7755 BalAcc=0.8648 F1=0.7531 MCC=0.7511
  learning_rate_used=2.266e-04; learning_rate_next=2.225e-04; elapsed=6.9s
  negatives seen=100.0%; hard negatives=0
Epoch 035 train: loss=0.0563 AUROC=0.9996 AUPRC=0.9971 BalAcc=0.9922 F1=0.9785 MCC=0.9764
Epoch 035 val  : loss=0.2384 AUROC=0.9552 AUPRC=0.7875 BalAcc=0.8493 F1=0.8000 MCC=0.8069
  learning_rate_used=2.225e-04; learning_rate_next=2.184e-04; elapsed=6.9s
  negatives seen=100.0%; hard negatives=0
Epoch 036 train: loss=0.0524 AUROC=0.9997 AUPRC=0.9956 BalAcc=0.9906 F1=0.9698 MCC=0.9669
Epoch 036 val  : loss=0.1808 AUROC=0.9545 AUPRC=0.7879 BalAcc=0.8531 F1=0.7803 MCC=0.7825
  learning_rate_used=2.184e-04; learning_rate_next=2.142e-04; elapsed=6.9s
  negatives seen=100.0%; hard negatives=0
Epoch 037 train: loss=0.0682 AUROC=0.9996 AUPRC=0.9965 BalAcc=0.9890 F1=0.9717 MCC=0.9689
Epoch 037 val  : loss=0.1821 AUROC=0.9679 AUPRC=0.7927 BalAcc=0.8533 F1=0.7909 MCC=0.7947
  learning_rate_used=2.142e-04; learning_rate_next=2.099e-04; elapsed=6.9s
  negatives seen=100.0%; hard negatives=0
Epoch 038 train: loss=0.0440 AUROC=0.9998 AUPRC=0.9979 BalAcc=0.9916 F1=0.9792 MCC=0.9771
Epoch 038 val  : loss=0.1898 AUROC=0.9658 AUPRC=0.7883 BalAcc=0.8654 F1=0.8000 MCC=0.8018
  learning_rate_used=2.099e-04; learning_rate_next=2.055e-04; elapsed=6.9s
  negatives seen=100.0%; hard negatives=0
Epoch 039 train: loss=0.0561 AUROC=0.9997 AUPRC=0.9971 BalAcc=0.9888 F1=0.9757 MCC=0.9732
Epoch 039 val  : loss=0.1809 AUROC=0.9604 AUPRC=0.7790 BalAcc=0.8612 F1=0.7841 MCC=0.7850
  learning_rate_used=2.055e-04; learning_rate_next=2.011e-04; elapsed=6.9s
  negatives seen=100.0%; hard negatives=0
Epoch 040 train: loss=0.0576 AUROC=0.9995 AUPRC=0.9967 BalAcc=0.9916 F1=0.9792 MCC=0.9771
Epoch 040 val  : loss=0.1748 AUROC=0.9619 AUPRC=0.7790 BalAcc=0.8610 F1=0.7706 MCC=0.7701
  learning_rate_used=2.011e-04; learning_rate_next=1.967e-04; elapsed=6.8s
  negatives seen=100.0%; hard negatives=0
Epoch 041 train: loss=0.0236 AUROC=0.9999 AUPRC=0.9990 BalAcc=0.9946 F1=0.9841 MCC=0.9825
Epoch 041 val  : loss=0.1679 AUROC=0.9570 AUPRC=0.7896 BalAcc=0.8732 F1=0.7863 MCC=0.7854
  learning_rate_used=1.967e-04; learning_rate_next=1.922e-04; elapsed=6.8s
  negatives seen=100.0%; hard negatives=0
Epoch 042 train: loss=0.0382 AUROC=0.9999 AUPRC=0.9989 BalAcc=0.9935 F1=0.9854 MCC=0.9839
Epoch 042 val  : loss=0.2068 AUROC=0.9645 AUPRC=0.7990 BalAcc=0.8573 F1=0.7964 MCC=0.7998
  learning_rate_used=1.922e-04; learning_rate_next=1.877e-04; elapsed=6.9s
  negatives seen=100.0%; hard negatives=0
Epoch 043 train: loss=0.0364 AUROC=0.9999 AUPRC=0.9989 BalAcc=0.9952 F1=0.9895 MCC=0.9885
Epoch 043 val  : loss=0.1710 AUROC=0.9625 AUPRC=0.8000 BalAcc=0.8808 F1=0.7550 MCC=0.7526
  learning_rate_used=1.877e-04; learning_rate_next=1.831e-04; elapsed=6.9s
  negatives seen=100.0%; hard negatives=0
Epoch 044 train: loss=0.0493 AUROC=0.9997 AUPRC=0.9961 BalAcc=0.9929 F1=0.9793 MCC=0.9772
Epoch 044 val  : loss=0.2723 AUROC=0.9546 AUPRC=0.7796 BalAcc=0.8412 F1=0.7887 MCC=0.7967
  learning_rate_used=1.831e-04; learning_rate_next=1.785e-04; elapsed=6.9s
  negatives seen=100.0%; hard negatives=0
Epoch 045 train: loss=0.0199 AUROC=0.9999 AUPRC=0.9992 BalAcc=0.9969 F1=0.9882 MCC=0.9871
Epoch 045 val  : loss=0.1939 AUROC=0.9526 AUPRC=0.7871 BalAcc=0.8652 F1=0.7860 MCC=0.7863
  learning_rate_used=1.785e-04; learning_rate_next=1.739e-04; elapsed=6.8s
Early stopping after 45 epochs.
Binary threshold: 0.973213 (strategy=val-mcc, validation_score=0.811889)
Validation-only run completed; frozen model: /data/projects/SFB_A03/jan/AT_TFBS/human301/runs/ZFP3/crossassay_archthalia_20261009_144503_1046783/CHIP_seed1/model_for_prediction.pt
ZFP3: CHIP -> CHIP
TEST ZFP3 CHIP -> CHIP: loss=0.0869 AUROC=0.9747 AUPRC=0.8385 BalAcc=0.8628 F1=0.8128 MCC=0.8171
ZFP3: CHIP -> GHTS
TEST ZFP3 CHIP -> GHTS: loss=0.5099 AUROC=0.7101 AUPRC=0.3791 BalAcc=0.6520 F1=0.4575 MCC=0.5272
Completed ZFP3/CHIP: one model, both fixed test sets.
