TF=TERF1 train=GHTS seed=3 model=hum301_motif64_local.py
/home/jbossenz/miniforge3/envs/at_env/bin/python -u /data/projects/SFB_A03/jan/AT_TFBS/human301/hum301_motif64_local.py train --cache /data/projects/SFB_A03/jan/AT_TFBS/raw_data/human/ArchThalia-ML/TERF1/GHTS/dataset.npz --output-dir /data/projects/SFB_A03/jan/AT_TFBS/human301/runs/TERF1/crossassay_archthalia_20261009_144503_1046783/GHTS_seed3 --input-length 256 --embed-channels 64 --encoder-channels 80 96 128 --heads 4 --ffn-channels 256 --classification-readout local-logsumexp --task-mode classification --checkpoint-objective classification-auprc --threshold-strategy val-mcc --negatives-per-positive 10 --batch-size 88 --hard-negative-fraction 0 --epochs 100 --patience 20 --learning-rate 0.0003 --min-learning-rate 0.000001 --weight-decay 0.0001 --dropout 0.1 --activation relu --reverse-complement-probability 0.5 --eval-crops multi --eval-rc --no-balanced-evaluation --eval-batch-size 128 --num-workers 2 --seed 3 --device cuda --skip-test
Window geometry: 256 bp from 301 bp; crop starts 0..45; shifts -22..+23; fresh uniform draw per access
Evaluation: crops (0, 22, 23, 45), reverse complement=True; all samples
train: n=58,883, positive=583, negative=58,300
  val: n=15,655, positive=155, negative=15,500
 test: n=70,195, positive=695, negative=69,500
Device: cuda
Hidden activation: RELU
Parameters: 1,032,981 total; 1,032,981 trainable
Architecture: motif kernels 9/12; encoder 128/64/64; original five-block bottleneck at 64; decoder 64/128/256
  negatives seen=10.0%; hard negatives=0
Epoch 001 train: loss=0.5686 AUROC=0.9469 AUPRC=0.7847 BalAcc=0.8555 F1=0.5738 MCC=0.5484
Epoch 001 val  : loss=0.1214 AUROC=0.9834 AUPRC=0.8458 BalAcc=0.9537 F1=0.4543 MCC=0.5217
  learning_rate_used=3.000e-04; learning_rate_next=2.999e-04; elapsed=9.0s
  saved new best checkpoint: /data/projects/SFB_A03/jan/AT_TFBS/human301/runs/TERF1/crossassay_archthalia_20261009_144503_1046783/GHTS_seed3/best_model.pt (objective=classification-auprc, score=0.845767)
  negatives seen=20.0%; hard negatives=0
Epoch 002 train: loss=0.2698 AUROC=0.9869 AUPRC=0.9367 BalAcc=0.9514 F1=0.8399 MCC=0.8271
Epoch 002 val  : loss=0.0930 AUROC=0.9921 AUPRC=0.8935 BalAcc=0.9689 F1=0.4454 MCC=0.5210
  learning_rate_used=2.999e-04; learning_rate_next=2.997e-04; elapsed=7.8s
  saved new best checkpoint: /data/projects/SFB_A03/jan/AT_TFBS/human301/runs/TERF1/crossassay_archthalia_20261009_144503_1046783/GHTS_seed3/best_model.pt (objective=classification-auprc, score=0.893548)
  negatives seen=30.0%; hard negatives=0
Epoch 003 train: loss=0.2563 AUROC=0.9875 AUPRC=0.9493 BalAcc=0.9547 F1=0.8601 MCC=0.8481
Epoch 003 val  : loss=0.0741 AUROC=0.9957 AUPRC=0.9151 BalAcc=0.9774 F1=0.4983 MCC=0.5652
  learning_rate_used=2.997e-04; learning_rate_next=2.993e-04; elapsed=7.8s
  saved new best checkpoint: /data/projects/SFB_A03/jan/AT_TFBS/human301/runs/TERF1/crossassay_archthalia_20261009_144503_1046783/GHTS_seed3/best_model.pt (objective=classification-auprc, score=0.915087)
  negatives seen=40.0%; hard negatives=0
Epoch 004 train: loss=0.2223 AUROC=0.9901 AUPRC=0.9656 BalAcc=0.9648 F1=0.9068 MCC=0.8980
Epoch 004 val  : loss=0.0420 AUROC=0.9982 AUPRC=0.9213 BalAcc=0.9347 F1=0.8571 MCC=0.8558
  learning_rate_used=2.993e-04; learning_rate_next=2.988e-04; elapsed=7.8s
  saved new best checkpoint: /data/projects/SFB_A03/jan/AT_TFBS/human301/runs/TERF1/crossassay_archthalia_20261009_144503_1046783/GHTS_seed3/best_model.pt (objective=classification-auprc, score=0.921256)
  negatives seen=50.0%; hard negatives=0
Epoch 005 train: loss=0.1865 AUROC=0.9928 AUPRC=0.9689 BalAcc=0.9733 F1=0.9150 MCC=0.9073
Epoch 005 val  : loss=0.0591 AUROC=0.9978 AUPRC=0.9433 BalAcc=0.9799 F1=0.7026 MCC=0.7273
  learning_rate_used=2.988e-04; learning_rate_next=2.982e-04; elapsed=7.8s
  saved new best checkpoint: /data/projects/SFB_A03/jan/AT_TFBS/human301/runs/TERF1/crossassay_archthalia_20261009_144503_1046783/GHTS_seed3/best_model.pt (objective=classification-auprc, score=0.943302)
  negatives seen=60.0%; hard negatives=0
Epoch 006 train: loss=0.1453 AUROC=0.9962 AUPRC=0.9798 BalAcc=0.9767 F1=0.9381 MCC=0.9321
Epoch 006 val  : loss=0.1268 AUROC=0.9950 AUPRC=0.9416 BalAcc=0.9652 F1=0.3063 MCC=0.4108
  learning_rate_used=2.982e-04; learning_rate_next=2.974e-04; elapsed=7.8s
  negatives seen=70.0%; hard negatives=0
Epoch 007 train: loss=0.1639 AUROC=0.9971 AUPRC=0.9791 BalAcc=0.9719 F1=0.9290 MCC=0.9221
Epoch 007 val  : loss=0.0339 AUROC=0.9965 AUPRC=0.9504 BalAcc=0.9840 F1=0.7512 MCC=0.7691
  learning_rate_used=2.974e-04; learning_rate_next=2.964e-04; elapsed=7.8s
  saved new best checkpoint: /data/projects/SFB_A03/jan/AT_TFBS/human301/runs/TERF1/crossassay_archthalia_20261009_144503_1046783/GHTS_seed3/best_model.pt (objective=classification-auprc, score=0.950404)
  negatives seen=80.0%; hard negatives=0
Epoch 008 train: loss=0.0973 AUROC=0.9986 AUPRC=0.9887 BalAcc=0.9837 F1=0.9538 MCC=0.9493
Epoch 008 val  : loss=0.0409 AUROC=0.9981 AUPRC=0.9396 BalAcc=0.9806 F1=0.7407 MCC=0.7593
  learning_rate_used=2.964e-04; learning_rate_next=2.953e-04; elapsed=8.0s
  negatives seen=90.0%; hard negatives=0
Epoch 009 train: loss=0.0899 AUROC=0.9979 AUPRC=0.9865 BalAcc=0.9883 F1=0.9535 MCC=0.9493
Epoch 009 val  : loss=0.0383 AUROC=0.9973 AUPRC=0.9445 BalAcc=0.9859 F1=0.6847 MCC=0.7148
  learning_rate_used=2.953e-04; learning_rate_next=2.941e-04; elapsed=7.7s
  negatives seen=100.0%; hard negatives=0
Epoch 010 train: loss=0.1224 AUROC=0.9968 AUPRC=0.9865 BalAcc=0.9806 F1=0.9464 MCC=0.9412
Epoch 010 val  : loss=0.0322 AUROC=0.9989 AUPRC=0.9563 BalAcc=0.9871 F1=0.7469 MCC=0.7664
  learning_rate_used=2.941e-04; learning_rate_next=2.927e-04; elapsed=7.7s
  saved new best checkpoint: /data/projects/SFB_A03/jan/AT_TFBS/human301/runs/TERF1/crossassay_archthalia_20261009_144503_1046783/GHTS_seed3/best_model.pt (objective=classification-auprc, score=0.956316)
  negatives seen=100.0%; hard negatives=0
Epoch 011 train: loss=0.0819 AUROC=0.9988 AUPRC=0.9917 BalAcc=0.9878 F1=0.9638 MCC=0.9603
Epoch 011 val  : loss=0.0497 AUROC=0.9979 AUPRC=0.9540 BalAcc=0.9837 F1=0.5926 MCC=0.6407
  learning_rate_used=2.927e-04; learning_rate_next=2.912e-04; elapsed=7.8s
  negatives seen=100.0%; hard negatives=0
Epoch 012 train: loss=0.0946 AUROC=0.9982 AUPRC=0.9882 BalAcc=0.9860 F1=0.9541 MCC=0.9497
Epoch 012 val  : loss=0.0255 AUROC=0.9977 AUPRC=0.9507 BalAcc=0.9818 F1=0.8130 MCC=0.8217
  learning_rate_used=2.912e-04; learning_rate_next=2.895e-04; elapsed=7.7s
  negatives seen=100.0%; hard negatives=0
Epoch 013 train: loss=0.0664 AUROC=0.9985 AUPRC=0.9920 BalAcc=0.9904 F1=0.9664 MCC=0.9632
Epoch 013 val  : loss=0.0512 AUROC=0.9980 AUPRC=0.9560 BalAcc=0.9320 F1=0.9054 MCC=0.9055
  learning_rate_used=2.895e-04; learning_rate_next=2.877e-04; elapsed=7.7s
  negatives seen=100.0%; hard negatives=0
Epoch 014 train: loss=0.0806 AUROC=0.9994 AUPRC=0.9949 BalAcc=0.9865 F1=0.9661 MCC=0.9627
Epoch 014 val  : loss=0.0249 AUROC=0.9965 AUPRC=0.9608 BalAcc=0.9697 F1=0.8563 MCC=0.8584
  learning_rate_used=2.877e-04; learning_rate_next=2.858e-04; elapsed=7.8s
  saved new best checkpoint: /data/projects/SFB_A03/jan/AT_TFBS/human301/runs/TERF1/crossassay_archthalia_20261009_144503_1046783/GHTS_seed3/best_model.pt (objective=classification-auprc, score=0.960806)
  negatives seen=100.0%; hard negatives=0
Epoch 015 train: loss=0.0624 AUROC=0.9995 AUPRC=0.9940 BalAcc=0.9871 F1=0.9645 MCC=0.9611
Epoch 015 val  : loss=0.0356 AUROC=0.9968 AUPRC=0.9587 BalAcc=0.9831 F1=0.7040 MCC=0.7296
  learning_rate_used=2.858e-04; learning_rate_next=2.837e-04; elapsed=7.7s
  negatives seen=100.0%; hard negatives=0
Epoch 016 train: loss=0.0711 AUROC=0.9993 AUPRC=0.9934 BalAcc=0.9870 F1=0.9629 MCC=0.9593
Epoch 016 val  : loss=0.0433 AUROC=0.9884 AUPRC=0.9383 BalAcc=0.9694 F1=0.8343 MCC=0.8381
  learning_rate_used=2.837e-04; learning_rate_next=2.815e-04; elapsed=7.9s
  negatives seen=100.0%; hard negatives=0
Epoch 017 train: loss=0.0639 AUROC=0.9994 AUPRC=0.9945 BalAcc=0.9907 F1=0.9688 MCC=0.9658
Epoch 017 val  : loss=0.0308 AUROC=0.9986 AUPRC=0.9640 BalAcc=0.9932 F1=0.7333 MCC=0.7571
  learning_rate_used=2.815e-04; learning_rate_next=2.792e-04; elapsed=7.7s
  saved new best checkpoint: /data/projects/SFB_A03/jan/AT_TFBS/human301/runs/TERF1/crossassay_archthalia_20261009_144503_1046783/GHTS_seed3/best_model.pt (objective=classification-auprc, score=0.963962)
  negatives seen=100.0%; hard negatives=0
Epoch 018 train: loss=0.0446 AUROC=0.9995 AUPRC=0.9945 BalAcc=0.9943 F1=0.9739 MCC=0.9715
Epoch 018 val  : loss=0.0315 AUROC=0.9973 AUPRC=0.9504 BalAcc=0.9779 F1=0.7641 MCC=0.7782
  learning_rate_used=2.792e-04; learning_rate_next=2.767e-04; elapsed=7.7s
  negatives seen=100.0%; hard negatives=0
Epoch 019 train: loss=0.0560 AUROC=0.9994 AUPRC=0.9926 BalAcc=0.9916 F1=0.9705 MCC=0.9677
Epoch 019 val  : loss=0.0294 AUROC=0.9978 AUPRC=0.9571 BalAcc=0.9754 F1=0.8087 MCC=0.8164
  learning_rate_used=2.767e-04; learning_rate_next=2.741e-04; elapsed=7.7s
  negatives seen=100.0%; hard negatives=0
Epoch 020 train: loss=0.0455 AUROC=0.9995 AUPRC=0.9952 BalAcc=0.9902 F1=0.9648 MCC=0.9614
Epoch 020 val  : loss=0.0280 AUROC=0.9979 AUPRC=0.9649 BalAcc=0.9816 F1=0.7979 MCC=0.8083
  learning_rate_used=2.741e-04; learning_rate_next=2.714e-04; elapsed=7.7s
  saved new best checkpoint: /data/projects/SFB_A03/jan/AT_TFBS/human301/runs/TERF1/crossassay_archthalia_20261009_144503_1046783/GHTS_seed3/best_model.pt (objective=classification-auprc, score=0.964862)
  negatives seen=100.0%; hard negatives=0
Epoch 021 train: loss=0.0366 AUROC=0.9997 AUPRC=0.9965 BalAcc=0.9938 F1=0.9772 MCC=0.9750
Epoch 021 val  : loss=0.0446 AUROC=0.9949 AUPRC=0.9495 BalAcc=0.9573 F1=0.8820 MCC=0.8814
  learning_rate_used=2.714e-04; learning_rate_next=2.686e-04; elapsed=7.7s
  negatives seen=100.0%; hard negatives=0
Epoch 022 train: loss=0.0439 AUROC=0.9997 AUPRC=0.9964 BalAcc=0.9932 F1=0.9788 MCC=0.9767
Epoch 022 val  : loss=0.0228 AUROC=0.9985 AUPRC=0.9614 BalAcc=0.9729 F1=0.8571 MCC=0.8597
  learning_rate_used=2.686e-04; learning_rate_next=2.657e-04; elapsed=7.7s
  negatives seen=100.0%; hard negatives=0
Epoch 023 train: loss=0.0680 AUROC=0.9993 AUPRC=0.9929 BalAcc=0.9905 F1=0.9672 MCC=0.9641
Epoch 023 val  : loss=0.0422 AUROC=0.9979 AUPRC=0.9489 BalAcc=0.9574 F1=0.8931 MCC=0.8923
  learning_rate_used=2.657e-04; learning_rate_next=2.626e-04; elapsed=7.7s
  negatives seen=100.0%; hard negatives=0
Epoch 024 train: loss=0.0261 AUROC=0.9998 AUPRC=0.9975 BalAcc=0.9939 F1=0.9780 MCC=0.9759
Epoch 024 val  : loss=0.0394 AUROC=0.9957 AUPRC=0.9541 BalAcc=0.9699 F1=0.8716 MCC=0.8727
  learning_rate_used=2.626e-04; learning_rate_next=2.595e-04; elapsed=7.7s
  negatives seen=100.0%; hard negatives=0
Epoch 025 train: loss=0.0246 AUROC=0.9998 AUPRC=0.9977 BalAcc=0.9946 F1=0.9772 MCC=0.9750
Epoch 025 val  : loss=0.0292 AUROC=0.9972 AUPRC=0.9556 BalAcc=0.9666 F1=0.8683 MCC=0.8691
  learning_rate_used=2.595e-04; learning_rate_next=2.562e-04; elapsed=7.8s
  negatives seen=100.0%; hard negatives=0
Epoch 026 train: loss=0.0400 AUROC=0.9998 AUPRC=0.9976 BalAcc=0.9935 F1=0.9813 MCC=0.9794
Epoch 026 val  : loss=0.0292 AUROC=0.9982 AUPRC=0.9625 BalAcc=0.9701 F1=0.8902 MCC=0.8905
  learning_rate_used=2.562e-04; learning_rate_next=2.528e-04; elapsed=7.8s
  negatives seen=100.0%; hard negatives=0
Epoch 027 train: loss=0.0498 AUROC=0.9994 AUPRC=0.9955 BalAcc=0.9938 F1=0.9772 MCC=0.9750
Epoch 027 val  : loss=0.0371 AUROC=0.9979 AUPRC=0.9579 BalAcc=0.9806 F1=0.7371 MCC=0.7562
  learning_rate_used=2.528e-04; learning_rate_next=2.494e-04; elapsed=8.0s
  negatives seen=100.0%; hard negatives=0
Epoch 028 train: loss=0.0407 AUROC=0.9998 AUPRC=0.9975 BalAcc=0.9937 F1=0.9764 MCC=0.9741
Epoch 028 val  : loss=0.0342 AUROC=0.9981 AUPRC=0.9546 BalAcc=0.9815 F1=0.7916 MCC=0.8028
  learning_rate_used=2.494e-04; learning_rate_next=2.458e-04; elapsed=7.8s
  negatives seen=100.0%; hard negatives=0
Epoch 029 train: loss=0.0308 AUROC=0.9997 AUPRC=0.9967 BalAcc=0.9938 F1=0.9772 MCC=0.9750
Epoch 029 val  : loss=0.0429 AUROC=0.9980 AUPRC=0.9605 BalAcc=0.9642 F1=0.9320 MCC=0.9314
  learning_rate_used=2.458e-04; learning_rate_next=2.421e-04; elapsed=7.7s
  negatives seen=100.0%; hard negatives=0
Epoch 030 train: loss=0.0184 AUROC=0.9997 AUPRC=0.9966 BalAcc=0.9976 F1=0.9839 MCC=0.9824
Epoch 030 val  : loss=0.0299 AUROC=0.9958 AUPRC=0.9587 BalAcc=0.9724 F1=0.8235 MCC=0.8289
  learning_rate_used=2.421e-04; learning_rate_next=2.384e-04; elapsed=7.7s
  negatives seen=100.0%; hard negatives=0
Epoch 031 train: loss=0.0233 AUROC=0.9999 AUPRC=0.9990 BalAcc=0.9942 F1=0.9805 MCC=0.9786
Epoch 031 val  : loss=0.0342 AUROC=0.9968 AUPRC=0.9672 BalAcc=0.9673 F1=0.9236 MCC=0.9229
  learning_rate_used=2.384e-04; learning_rate_next=2.345e-04; elapsed=8.1s
  saved new best checkpoint: /data/projects/SFB_A03/jan/AT_TFBS/human301/runs/TERF1/crossassay_archthalia_20261009_144503_1046783/GHTS_seed3/best_model.pt (objective=classification-auprc, score=0.967199)
  negatives seen=100.0%; hard negatives=0
Epoch 032 train: loss=0.0303 AUROC=0.9998 AUPRC=0.9977 BalAcc=0.9918 F1=0.9796 MCC=0.9775
Epoch 032 val  : loss=0.0263 AUROC=0.9973 AUPRC=0.9677 BalAcc=0.9762 F1=0.8680 MCC=0.8703
  learning_rate_used=2.345e-04; learning_rate_next=2.306e-04; elapsed=8.0s
  saved new best checkpoint: /data/projects/SFB_A03/jan/AT_TFBS/human301/runs/TERF1/crossassay_archthalia_20261009_144503_1046783/GHTS_seed3/best_model.pt (objective=classification-auprc, score=0.967670)
  negatives seen=100.0%; hard negatives=0
Epoch 033 train: loss=0.0240 AUROC=0.9998 AUPRC=0.9979 BalAcc=0.9958 F1=0.9814 MCC=0.9796
Epoch 033 val  : loss=0.0252 AUROC=0.9954 AUPRC=0.9713 BalAcc=0.9794 F1=0.8713 MCC=0.8739
  learning_rate_used=2.306e-04; learning_rate_next=2.266e-04; elapsed=8.0s
  saved new best checkpoint: /data/projects/SFB_A03/jan/AT_TFBS/human301/runs/TERF1/crossassay_archthalia_20261009_144503_1046783/GHTS_seed3/best_model.pt (objective=classification-auprc, score=0.971337)
  negatives seen=100.0%; hard negatives=0
Epoch 034 train: loss=0.0252 AUROC=0.9997 AUPRC=0.9961 BalAcc=0.9949 F1=0.9797 MCC=0.9777
Epoch 034 val  : loss=0.0326 AUROC=0.9966 AUPRC=0.9602 BalAcc=0.9727 F1=0.8424 MCC=0.8461
  learning_rate_used=2.266e-04; learning_rate_next=2.225e-04; elapsed=8.1s
  negatives seen=100.0%; hard negatives=0
Epoch 035 train: loss=0.0199 AUROC=0.9999 AUPRC=0.9995 BalAcc=0.9967 F1=0.9906 MCC=0.9897
Epoch 035 val  : loss=0.0322 AUROC=0.9956 AUPRC=0.9682 BalAcc=0.9733 F1=0.8909 MCC=0.8914
  learning_rate_used=2.225e-04; learning_rate_next=2.184e-04; elapsed=8.0s
  negatives seen=100.0%; hard negatives=0
Epoch 036 train: loss=0.0402 AUROC=0.9997 AUPRC=0.9957 BalAcc=0.9909 F1=0.9787 MCC=0.9766
Epoch 036 val  : loss=0.0333 AUROC=0.9957 AUPRC=0.9604 BalAcc=0.9784 F1=0.7968 MCC=0.8066
  learning_rate_used=2.184e-04; learning_rate_next=2.142e-04; elapsed=8.0s
  negatives seen=100.0%; hard negatives=0
Epoch 037 train: loss=0.0194 AUROC=0.9999 AUPRC=0.9985 BalAcc=0.9968 F1=0.9839 MCC=0.9824
Epoch 037 val  : loss=0.0445 AUROC=0.9957 AUPRC=0.9634 BalAcc=0.9641 F1=0.9260 MCC=0.9253
  learning_rate_used=2.142e-04; learning_rate_next=2.099e-04; elapsed=8.1s
  negatives seen=100.0%; hard negatives=0
Epoch 038 train: loss=0.0199 AUROC=0.9997 AUPRC=0.9962 BalAcc=0.9982 F1=0.9898 MCC=0.9888
Epoch 038 val  : loss=0.0263 AUROC=0.9977 AUPRC=0.9678 BalAcc=0.9763 F1=0.8783 MCC=0.8799
  learning_rate_used=2.099e-04; learning_rate_next=2.055e-04; elapsed=8.1s
  negatives seen=100.0%; hard negatives=0
Epoch 039 train: loss=0.0285 AUROC=0.9998 AUPRC=0.9972 BalAcc=0.9965 F1=0.9881 MCC=0.9869
Epoch 039 val  : loss=0.0377 AUROC=0.9936 AUPRC=0.9623 BalAcc=0.9672 F1=0.9177 MCC=0.9171
  learning_rate_used=2.055e-04; learning_rate_next=2.011e-04; elapsed=8.0s
  negatives seen=100.0%; hard negatives=0
Epoch 040 train: loss=0.0186 AUROC=0.9999 AUPRC=0.9992 BalAcc=0.9984 F1=0.9915 MCC=0.9907
Epoch 040 val  : loss=0.0481 AUROC=0.9931 AUPRC=0.9583 BalAcc=0.9545 F1=0.9186 MCC=0.9178
  learning_rate_used=2.011e-04; learning_rate_next=1.967e-04; elapsed=8.0s
  negatives seen=100.0%; hard negatives=0
Epoch 041 train: loss=0.0179 AUROC=0.9998 AUPRC=0.9977 BalAcc=0.9967 F1=0.9906 MCC=0.9897
Epoch 041 val  : loss=0.0501 AUROC=0.9934 AUPRC=0.9541 BalAcc=0.9573 F1=0.8875 MCC=0.8868
  learning_rate_used=1.967e-04; learning_rate_next=1.922e-04; elapsed=8.0s
  negatives seen=100.0%; hard negatives=0
Epoch 042 train: loss=0.0205 AUROC=0.9999 AUPRC=0.9988 BalAcc=0.9956 F1=0.9872 MCC=0.9859
Epoch 042 val  : loss=0.0360 AUROC=0.9949 AUPRC=0.9649 BalAcc=0.9698 F1=0.8665 MCC=0.8679
  learning_rate_used=1.922e-04; learning_rate_next=1.877e-04; elapsed=8.1s
  negatives seen=100.0%; hard negatives=0
Epoch 043 train: loss=0.0105 AUROC=1.0000 AUPRC=0.9998 BalAcc=0.9979 F1=0.9940 MCC=0.9934
Epoch 043 val  : loss=0.0445 AUROC=0.9937 AUPRC=0.9580 BalAcc=0.9732 F1=0.8829 MCC=0.8838
  learning_rate_used=1.877e-04; learning_rate_next=1.831e-04; elapsed=8.0s
  negatives seen=100.0%; hard negatives=0
Epoch 044 train: loss=0.0155 AUROC=0.9999 AUPRC=0.9987 BalAcc=0.9973 F1=0.9889 MCC=0.9879
Epoch 044 val  : loss=0.0320 AUROC=0.9935 AUPRC=0.9622 BalAcc=0.9699 F1=0.8743 MCC=0.8752
  learning_rate_used=1.831e-04; learning_rate_next=1.785e-04; elapsed=8.0s
  negatives seen=100.0%; hard negatives=0
Epoch 045 train: loss=0.0110 AUROC=0.9999 AUPRC=0.9994 BalAcc=0.9984 F1=0.9915 MCC=0.9907
Epoch 045 val  : loss=0.0469 AUROC=0.9941 AUPRC=0.9620 BalAcc=0.9638 F1=0.8972 MCC=0.8967
  learning_rate_used=1.785e-04; learning_rate_next=1.739e-04; elapsed=8.1s
  negatives seen=100.0%; hard negatives=0
Epoch 046 train: loss=0.0121 AUROC=1.0000 AUPRC=0.9998 BalAcc=0.9975 F1=0.9906 MCC=0.9897
Epoch 046 val  : loss=0.0435 AUROC=0.9928 AUPRC=0.9600 BalAcc=0.9703 F1=0.9040 MCC=0.9038
  learning_rate_used=1.739e-04; learning_rate_next=1.692e-04; elapsed=7.8s
  negatives seen=100.0%; hard negatives=0
Epoch 047 train: loss=0.0273 AUROC=0.9998 AUPRC=0.9976 BalAcc=0.9962 F1=0.9856 MCC=0.9841
Epoch 047 val  : loss=0.0340 AUROC=0.9937 AUPRC=0.9648 BalAcc=0.9640 F1=0.9143 MCC=0.9135
  learning_rate_used=1.692e-04; learning_rate_next=1.646e-04; elapsed=7.8s
  negatives seen=100.0%; hard negatives=0
Epoch 048 train: loss=0.0193 AUROC=0.9999 AUPRC=0.9987 BalAcc=0.9978 F1=0.9932 MCC=0.9925
Epoch 048 val  : loss=0.0637 AUROC=0.9944 AUPRC=0.9638 BalAcc=0.9513 F1=0.9180 MCC=0.9174
  learning_rate_used=1.646e-04; learning_rate_next=1.599e-04; elapsed=7.8s
  negatives seen=100.0%; hard negatives=0
Epoch 049 train: loss=0.0094 AUROC=0.9998 AUPRC=0.9977 BalAcc=0.9991 F1=0.9915 MCC=0.9907
Epoch 049 val  : loss=0.0645 AUROC=0.9945 AUPRC=0.9583 BalAcc=0.9578 F1=0.9281 MCC=0.9275
  learning_rate_used=1.599e-04; learning_rate_next=1.552e-04; elapsed=7.7s
  negatives seen=100.0%; hard negatives=0
Epoch 050 train: loss=0.0077 AUROC=1.0000 AUPRC=0.9998 BalAcc=0.9986 F1=0.9940 MCC=0.9934
Epoch 050 val  : loss=0.0291 AUROC=0.9963 AUPRC=0.9683 BalAcc=0.9850 F1=0.8118 MCC=0.8214
  learning_rate_used=1.552e-04; learning_rate_next=1.505e-04; elapsed=7.9s
  negatives seen=100.0%; hard negatives=0
Epoch 051 train: loss=0.0108 AUROC=0.9998 AUPRC=0.9979 BalAcc=0.9982 F1=0.9898 MCC=0.9888
Epoch 051 val  : loss=0.0400 AUROC=0.9950 AUPRC=0.9598 BalAcc=0.9667 F1=0.8761 MCC=0.8766
  learning_rate_used=1.505e-04; learning_rate_next=1.458e-04; elapsed=7.8s
  negatives seen=100.0%; hard negatives=0
Epoch 052 train: loss=0.0098 AUROC=1.0000 AUPRC=0.9997 BalAcc=0.9985 F1=0.9932 MCC=0.9925
Epoch 052 val  : loss=0.0416 AUROC=0.9945 AUPRC=0.9563 BalAcc=0.9607 F1=0.9022 MCC=0.9014
  learning_rate_used=1.458e-04; learning_rate_next=1.411e-04; elapsed=7.8s
  negatives seen=100.0%; hard negatives=0
Epoch 053 train: loss=0.0094 AUROC=0.9998 AUPRC=0.9964 BalAcc=0.9992 F1=0.9923 MCC=0.9916
Epoch 053 val  : loss=0.0464 AUROC=0.9950 AUPRC=0.9625 BalAcc=0.9576 F1=0.9161 MCC=0.9153
  learning_rate_used=1.411e-04; learning_rate_next=1.364e-04; elapsed=7.8s
Early stopping after 53 epochs.
Binary threshold: 0.933296 (strategy=val-mcc, validation_score=0.943247)
Validation-only run completed; frozen model: /data/projects/SFB_A03/jan/AT_TFBS/human301/runs/TERF1/crossassay_archthalia_20261009_144503_1046783/GHTS_seed3/model_for_prediction.pt
TERF1: GHTS -> GHTS
TEST TERF1 GHTS -> GHTS: loss=0.0327 AUROC=0.9940 AUPRC=0.9611 BalAcc=0.9436 F1=0.9087 MCC=0.9081
TERF1: GHTS -> CHIP
TEST TERF1 GHTS -> CHIP: loss=1.0187 AUROC=0.6472 AUPRC=0.1388 BalAcc=0.5542 F1=0.1751 MCC=0.2136
Completed TERF1/GHTS: one model, both fixed test sets.
