TF=CTCF train=GHTS seed=1 model=hum301_motif64_local.py
/home/jbossenz/miniforge3/envs/at_env/bin/python -u /data/projects/SFB_A03/jan/AT_TFBS/human301/hum301_motif64_local.py train --cache /data/projects/SFB_A03/jan/AT_TFBS/raw_data/human/ArchThalia-ML/CTCF/GHTS/dataset.npz --output-dir /data/projects/SFB_A03/jan/AT_TFBS/human301/runs/CTCF/crossassay_archthalia_20261009_144503_1046783/GHTS_seed1 --input-length 256 --embed-channels 64 --encoder-channels 80 96 128 --heads 4 --ffn-channels 256 --classification-readout local-logsumexp --task-mode classification --checkpoint-objective classification-auprc --threshold-strategy val-mcc --negatives-per-positive 10 --batch-size 88 --hard-negative-fraction 0 --epochs 100 --patience 20 --learning-rate 0.0003 --min-learning-rate 0.000001 --weight-decay 0.0001 --dropout 0.1 --activation relu --reverse-complement-probability 0.5 --eval-crops multi --eval-rc --no-balanced-evaluation --eval-batch-size 128 --num-workers 2 --seed 1 --device cuda --skip-test
Window geometry: 256 bp from 301 bp; crop starts 0..45; shifts -22..+23; fresh uniform draw per access
Evaluation: crops (0, 22, 23, 45), reverse complement=True; all samples
train: n=1,092,921, positive=10,821, negative=1,082,100
  val: n=258,762, positive=2,562, negative=256,200
 test: n=1,122,514, positive=11,114, negative=1,111,400
Device: cuda
Hidden activation: RELU
Parameters: 1,032,981 total; 1,032,981 trainable
Architecture: motif kernels 9/12; encoder 128/64/64; original five-block bottleneck at 64; decoder 64/128/256
  negatives seen=10.0%; hard negatives=0
Epoch 001 train: loss=0.3358 AUROC=0.9810 AUPRC=0.9078 BalAcc=0.9318 F1=0.7707 MCC=0.7548
Epoch 001 val  : loss=0.0494 AUROC=0.9946 AUPRC=0.9072 BalAcc=0.9658 F1=0.6355 MCC=0.6680
  learning_rate_used=3.000e-04; learning_rate_next=2.999e-04; elapsed=122.8s
  saved new best checkpoint: /data/projects/SFB_A03/jan/AT_TFBS/human301/runs/CTCF/crossassay_archthalia_20261009_144503_1046783/GHTS_seed1/best_model.pt (objective=classification-auprc, score=0.907231)
  negatives seen=20.0%; hard negatives=0
Epoch 002 train: loss=0.1961 AUROC=0.9936 AUPRC=0.9647 BalAcc=0.9643 F1=0.8905 MCC=0.8807
Epoch 002 val  : loss=0.0364 AUROC=0.9956 AUPRC=0.9257 BalAcc=0.9651 F1=0.7585 MCC=0.7699
  learning_rate_used=2.999e-04; learning_rate_next=2.997e-04; elapsed=122.2s
  saved new best checkpoint: /data/projects/SFB_A03/jan/AT_TFBS/human301/runs/CTCF/crossassay_archthalia_20261009_144503_1046783/GHTS_seed1/best_model.pt (objective=classification-auprc, score=0.925677)
  negatives seen=30.0%; hard negatives=0
Epoch 003 train: loss=0.1613 AUROC=0.9952 AUPRC=0.9745 BalAcc=0.9715 F1=0.9108 MCC=0.9028
Epoch 003 val  : loss=0.0317 AUROC=0.9960 AUPRC=0.9404 BalAcc=0.9715 F1=0.7946 MCC=0.8029
  learning_rate_used=2.997e-04; learning_rate_next=2.993e-04; elapsed=121.3s
  saved new best checkpoint: /data/projects/SFB_A03/jan/AT_TFBS/human301/runs/CTCF/crossassay_archthalia_20261009_144503_1046783/GHTS_seed1/best_model.pt (objective=classification-auprc, score=0.940408)
  negatives seen=40.0%; hard negatives=0
Epoch 004 train: loss=0.1480 AUROC=0.9959 AUPRC=0.9783 BalAcc=0.9743 F1=0.9197 MCC=0.9124
Epoch 004 val  : loss=0.0304 AUROC=0.9965 AUPRC=0.9441 BalAcc=0.9738 F1=0.7951 MCC=0.8040
  learning_rate_used=2.993e-04; learning_rate_next=2.988e-04; elapsed=122.2s
  saved new best checkpoint: /data/projects/SFB_A03/jan/AT_TFBS/human301/runs/CTCF/crossassay_archthalia_20261009_144503_1046783/GHTS_seed1/best_model.pt (objective=classification-auprc, score=0.944085)
  negatives seen=50.0%; hard negatives=0
Epoch 005 train: loss=0.1395 AUROC=0.9960 AUPRC=0.9806 BalAcc=0.9755 F1=0.9255 MCC=0.9186
Epoch 005 val  : loss=0.0399 AUROC=0.9965 AUPRC=0.9476 BalAcc=0.9815 F1=0.6370 MCC=0.6750
  learning_rate_used=2.988e-04; learning_rate_next=2.982e-04; elapsed=123.2s
  saved new best checkpoint: /data/projects/SFB_A03/jan/AT_TFBS/human301/runs/CTCF/crossassay_archthalia_20261009_144503_1046783/GHTS_seed1/best_model.pt (objective=classification-auprc, score=0.947627)
  negatives seen=60.0%; hard negatives=0
Epoch 006 train: loss=0.1310 AUROC=0.9965 AUPRC=0.9824 BalAcc=0.9772 F1=0.9295 MCC=0.9229
Epoch 006 val  : loss=0.0304 AUROC=0.9965 AUPRC=0.9442 BalAcc=0.9653 F1=0.8336 MCC=0.8367
  learning_rate_used=2.982e-04; learning_rate_next=2.974e-04; elapsed=122.0s
  negatives seen=70.0%; hard negatives=0
Epoch 007 train: loss=0.1221 AUROC=0.9969 AUPRC=0.9838 BalAcc=0.9804 F1=0.9364 MCC=0.9305
Epoch 007 val  : loss=0.0285 AUROC=0.9968 AUPRC=0.9515 BalAcc=0.9750 F1=0.8010 MCC=0.8094
  learning_rate_used=2.974e-04; learning_rate_next=2.964e-04; elapsed=121.8s
  saved new best checkpoint: /data/projects/SFB_A03/jan/AT_TFBS/human301/runs/CTCF/crossassay_archthalia_20261009_144503_1046783/GHTS_seed1/best_model.pt (objective=classification-auprc, score=0.951550)
  negatives seen=80.0%; hard negatives=0
Epoch 008 train: loss=0.1168 AUROC=0.9971 AUPRC=0.9852 BalAcc=0.9809 F1=0.9398 MCC=0.9342
Epoch 008 val  : loss=0.0292 AUROC=0.9970 AUPRC=0.9544 BalAcc=0.9782 F1=0.7607 MCC=0.7754
  learning_rate_used=2.964e-04; learning_rate_next=2.953e-04; elapsed=123.0s
  saved new best checkpoint: /data/projects/SFB_A03/jan/AT_TFBS/human301/runs/CTCF/crossassay_archthalia_20261009_144503_1046783/GHTS_seed1/best_model.pt (objective=classification-auprc, score=0.954351)
  negatives seen=90.0%; hard negatives=0
Epoch 009 train: loss=0.1097 AUROC=0.9975 AUPRC=0.9865 BalAcc=0.9816 F1=0.9428 MCC=0.9374
Epoch 009 val  : loss=0.0292 AUROC=0.9972 AUPRC=0.9475 BalAcc=0.9685 F1=0.8303 MCC=0.8342
  learning_rate_used=2.953e-04; learning_rate_next=2.941e-04; elapsed=123.0s
  negatives seen=100.0%; hard negatives=0
Epoch 010 train: loss=0.1089 AUROC=0.9975 AUPRC=0.9872 BalAcc=0.9815 F1=0.9435 MCC=0.9381
Epoch 010 val  : loss=0.0267 AUROC=0.9975 AUPRC=0.9546 BalAcc=0.9773 F1=0.7975 MCC=0.8069
  learning_rate_used=2.941e-04; learning_rate_next=2.927e-04; elapsed=123.7s
  saved new best checkpoint: /data/projects/SFB_A03/jan/AT_TFBS/human301/runs/CTCF/crossassay_archthalia_20261009_144503_1046783/GHTS_seed1/best_model.pt (objective=classification-auprc, score=0.954634)
  negatives seen=100.0%; hard negatives=0
Epoch 011 train: loss=0.1019 AUROC=0.9977 AUPRC=0.9877 BalAcc=0.9829 F1=0.9446 MCC=0.9394
Epoch 011 val  : loss=0.0286 AUROC=0.9974 AUPRC=0.9546 BalAcc=0.9788 F1=0.7826 MCC=0.7944
  learning_rate_used=2.927e-04; learning_rate_next=2.912e-04; elapsed=122.7s
  negatives seen=100.0%; hard negatives=0
Epoch 012 train: loss=0.1003 AUROC=0.9979 AUPRC=0.9883 BalAcc=0.9837 F1=0.9478 MCC=0.9429
Epoch 012 val  : loss=0.0290 AUROC=0.9975 AUPRC=0.9583 BalAcc=0.9832 F1=0.7267 MCC=0.7483
  learning_rate_used=2.912e-04; learning_rate_next=2.895e-04; elapsed=123.4s
  saved new best checkpoint: /data/projects/SFB_A03/jan/AT_TFBS/human301/runs/CTCF/crossassay_archthalia_20261009_144503_1046783/GHTS_seed1/best_model.pt (objective=classification-auprc, score=0.958325)
  negatives seen=100.0%; hard negatives=0
Epoch 013 train: loss=0.0989 AUROC=0.9978 AUPRC=0.9887 BalAcc=0.9844 F1=0.9510 MCC=0.9463
Epoch 013 val  : loss=0.0280 AUROC=0.9979 AUPRC=0.9587 BalAcc=0.9827 F1=0.7432 MCC=0.7619
  learning_rate_used=2.895e-04; learning_rate_next=2.877e-04; elapsed=122.5s
  saved new best checkpoint: /data/projects/SFB_A03/jan/AT_TFBS/human301/runs/CTCF/crossassay_archthalia_20261009_144503_1046783/GHTS_seed1/best_model.pt (objective=classification-auprc, score=0.958717)
  negatives seen=100.0%; hard negatives=0
Epoch 014 train: loss=0.0910 AUROC=0.9982 AUPRC=0.9899 BalAcc=0.9850 F1=0.9532 MCC=0.9487
Epoch 014 val  : loss=0.0260 AUROC=0.9981 AUPRC=0.9578 BalAcc=0.9819 F1=0.7739 MCC=0.7877
  learning_rate_used=2.877e-04; learning_rate_next=2.858e-04; elapsed=123.7s
  negatives seen=100.0%; hard negatives=0
Epoch 015 train: loss=0.0916 AUROC=0.9984 AUPRC=0.9898 BalAcc=0.9851 F1=0.9531 MCC=0.9487
Epoch 015 val  : loss=0.0321 AUROC=0.9979 AUPRC=0.9608 BalAcc=0.9843 F1=0.6870 MCC=0.7161
  learning_rate_used=2.858e-04; learning_rate_next=2.837e-04; elapsed=123.7s
  saved new best checkpoint: /data/projects/SFB_A03/jan/AT_TFBS/human301/runs/CTCF/crossassay_archthalia_20261009_144503_1046783/GHTS_seed1/best_model.pt (objective=classification-auprc, score=0.960798)
  negatives seen=100.0%; hard negatives=0
Epoch 016 train: loss=0.0893 AUROC=0.9982 AUPRC=0.9900 BalAcc=0.9862 F1=0.9561 MCC=0.9519
Epoch 016 val  : loss=0.0254 AUROC=0.9979 AUPRC=0.9550 BalAcc=0.9706 F1=0.8541 MCC=0.8565
  learning_rate_used=2.837e-04; learning_rate_next=2.815e-04; elapsed=122.6s
  negatives seen=100.0%; hard negatives=0
Epoch 017 train: loss=0.0872 AUROC=0.9986 AUPRC=0.9905 BalAcc=0.9856 F1=0.9541 MCC=0.9497
Epoch 017 val  : loss=0.0264 AUROC=0.9983 AUPRC=0.9573 BalAcc=0.9795 F1=0.7780 MCC=0.7905
  learning_rate_used=2.815e-04; learning_rate_next=2.792e-04; elapsed=121.7s
  negatives seen=100.0%; hard negatives=0
Epoch 018 train: loss=0.0805 AUROC=0.9988 AUPRC=0.9919 BalAcc=0.9860 F1=0.9566 MCC=0.9525
Epoch 018 val  : loss=0.0281 AUROC=0.9984 AUPRC=0.9591 BalAcc=0.9831 F1=0.7426 MCC=0.7615
  learning_rate_used=2.792e-04; learning_rate_next=2.767e-04; elapsed=122.1s
  negatives seen=100.0%; hard negatives=0
Epoch 019 train: loss=0.0734 AUROC=0.9990 AUPRC=0.9927 BalAcc=0.9868 F1=0.9578 MCC=0.9538
Epoch 019 val  : loss=0.0256 AUROC=0.9982 AUPRC=0.9586 BalAcc=0.9820 F1=0.7684 MCC=0.7831
  learning_rate_used=2.767e-04; learning_rate_next=2.741e-04; elapsed=124.2s
  negatives seen=100.0%; hard negatives=0
Epoch 020 train: loss=0.0775 AUROC=0.9989 AUPRC=0.9918 BalAcc=0.9872 F1=0.9590 MCC=0.9551
Epoch 020 val  : loss=0.0285 AUROC=0.9985 AUPRC=0.9603 BalAcc=0.9823 F1=0.7404 MCC=0.7594
  learning_rate_used=2.741e-04; learning_rate_next=2.714e-04; elapsed=122.7s
  negatives seen=100.0%; hard negatives=0
Epoch 021 train: loss=0.0757 AUROC=0.9989 AUPRC=0.9925 BalAcc=0.9877 F1=0.9599 MCC=0.9561
Epoch 021 val  : loss=0.0247 AUROC=0.9986 AUPRC=0.9566 BalAcc=0.9762 F1=0.8160 MCC=0.8230
  learning_rate_used=2.714e-04; learning_rate_next=2.686e-04; elapsed=123.3s
  negatives seen=100.0%; hard negatives=0
Epoch 022 train: loss=0.0696 AUROC=0.9991 AUPRC=0.9934 BalAcc=0.9878 F1=0.9623 MCC=0.9587
Epoch 022 val  : loss=0.0241 AUROC=0.9983 AUPRC=0.9600 BalAcc=0.9806 F1=0.7907 MCC=0.8019
  learning_rate_used=2.686e-04; learning_rate_next=2.657e-04; elapsed=120.9s
  negatives seen=100.0%; hard negatives=0
Epoch 023 train: loss=0.0705 AUROC=0.9989 AUPRC=0.9930 BalAcc=0.9884 F1=0.9634 MCC=0.9599
Epoch 023 val  : loss=0.0237 AUROC=0.9986 AUPRC=0.9622 BalAcc=0.9824 F1=0.7719 MCC=0.7862
  learning_rate_used=2.657e-04; learning_rate_next=2.626e-04; elapsed=121.5s
  saved new best checkpoint: /data/projects/SFB_A03/jan/AT_TFBS/human301/runs/CTCF/crossassay_archthalia_20261009_144503_1046783/GHTS_seed1/best_model.pt (objective=classification-auprc, score=0.962229)
  negatives seen=100.0%; hard negatives=0
Epoch 024 train: loss=0.0648 AUROC=0.9992 AUPRC=0.9939 BalAcc=0.9896 F1=0.9638 MCC=0.9604
Epoch 024 val  : loss=0.0247 AUROC=0.9982 AUPRC=0.9583 BalAcc=0.9689 F1=0.8729 MCC=0.8738
  learning_rate_used=2.626e-04; learning_rate_next=2.595e-04; elapsed=121.8s
  negatives seen=100.0%; hard negatives=0
Epoch 025 train: loss=0.0647 AUROC=0.9992 AUPRC=0.9939 BalAcc=0.9888 F1=0.9636 MCC=0.9601
Epoch 025 val  : loss=0.0241 AUROC=0.9984 AUPRC=0.9610 BalAcc=0.9816 F1=0.7790 MCC=0.7920
  learning_rate_used=2.595e-04; learning_rate_next=2.562e-04; elapsed=121.6s
  negatives seen=100.0%; hard negatives=0
Epoch 026 train: loss=0.0618 AUROC=0.9992 AUPRC=0.9941 BalAcc=0.9900 F1=0.9653 MCC=0.9620
Epoch 026 val  : loss=0.0236 AUROC=0.9983 AUPRC=0.9584 BalAcc=0.9765 F1=0.8268 MCC=0.8327
  learning_rate_used=2.562e-04; learning_rate_next=2.528e-04; elapsed=122.5s
  negatives seen=100.0%; hard negatives=0
Epoch 027 train: loss=0.0629 AUROC=0.9992 AUPRC=0.9940 BalAcc=0.9895 F1=0.9656 MCC=0.9623
Epoch 027 val  : loss=0.0232 AUROC=0.9984 AUPRC=0.9609 BalAcc=0.9752 F1=0.8274 MCC=0.8329
  learning_rate_used=2.528e-04; learning_rate_next=2.494e-04; elapsed=121.3s
  negatives seen=100.0%; hard negatives=0
Epoch 028 train: loss=0.0582 AUROC=0.9994 AUPRC=0.9943 BalAcc=0.9901 F1=0.9663 MCC=0.9630
Epoch 028 val  : loss=0.0248 AUROC=0.9983 AUPRC=0.9590 BalAcc=0.9692 F1=0.8683 MCC=0.8695
  learning_rate_used=2.494e-04; learning_rate_next=2.458e-04; elapsed=120.4s
  negatives seen=100.0%; hard negatives=0
Epoch 029 train: loss=0.0553 AUROC=0.9995 AUPRC=0.9951 BalAcc=0.9905 F1=0.9684 MCC=0.9654
Epoch 029 val  : loss=0.0239 AUROC=0.9985 AUPRC=0.9618 BalAcc=0.9825 F1=0.7842 MCC=0.7967
  learning_rate_used=2.458e-04; learning_rate_next=2.421e-04; elapsed=122.7s
  negatives seen=100.0%; hard negatives=0
Epoch 030 train: loss=0.0556 AUROC=0.9993 AUPRC=0.9951 BalAcc=0.9908 F1=0.9697 MCC=0.9668
Epoch 030 val  : loss=0.0224 AUROC=0.9985 AUPRC=0.9605 BalAcc=0.9760 F1=0.8448 MCC=0.8489
  learning_rate_used=2.421e-04; learning_rate_next=2.384e-04; elapsed=122.6s
  negatives seen=100.0%; hard negatives=0
Epoch 031 train: loss=0.0553 AUROC=0.9995 AUPRC=0.9953 BalAcc=0.9912 F1=0.9697 MCC=0.9668
Epoch 031 val  : loss=0.0242 AUROC=0.9985 AUPRC=0.9600 BalAcc=0.9699 F1=0.8741 MCC=0.8751
  learning_rate_used=2.384e-04; learning_rate_next=2.345e-04; elapsed=122.9s
  negatives seen=100.0%; hard negatives=0
Epoch 032 train: loss=0.0518 AUROC=0.9995 AUPRC=0.9955 BalAcc=0.9911 F1=0.9695 MCC=0.9665
Epoch 032 val  : loss=0.0234 AUROC=0.9985 AUPRC=0.9588 BalAcc=0.9743 F1=0.8282 MCC=0.8335
  learning_rate_used=2.345e-04; learning_rate_next=2.306e-04; elapsed=121.7s
  negatives seen=100.0%; hard negatives=0
Epoch 033 train: loss=0.0511 AUROC=0.9995 AUPRC=0.9953 BalAcc=0.9913 F1=0.9720 MCC=0.9693
Epoch 033 val  : loss=0.0229 AUROC=0.9983 AUPRC=0.9616 BalAcc=0.9773 F1=0.8234 MCC=0.8298
  learning_rate_used=2.306e-04; learning_rate_next=2.266e-04; elapsed=121.1s
  negatives seen=100.0%; hard negatives=0
Epoch 034 train: loss=0.0496 AUROC=0.9995 AUPRC=0.9958 BalAcc=0.9919 F1=0.9714 MCC=0.9687
Epoch 034 val  : loss=0.0252 AUROC=0.9982 AUPRC=0.9578 BalAcc=0.9749 F1=0.8296 MCC=0.8349
  learning_rate_used=2.266e-04; learning_rate_next=2.225e-04; elapsed=122.8s
  negatives seen=100.0%; hard negatives=0
Epoch 035 train: loss=0.0485 AUROC=0.9996 AUPRC=0.9961 BalAcc=0.9918 F1=0.9725 MCC=0.9698
Epoch 035 val  : loss=0.0239 AUROC=0.9986 AUPRC=0.9597 BalAcc=0.9719 F1=0.8519 MCC=0.8547
  learning_rate_used=2.225e-04; learning_rate_next=2.184e-04; elapsed=121.8s
  negatives seen=100.0%; hard negatives=0
Epoch 036 train: loss=0.0441 AUROC=0.9997 AUPRC=0.9968 BalAcc=0.9924 F1=0.9741 MCC=0.9716
Epoch 036 val  : loss=0.0239 AUROC=0.9985 AUPRC=0.9589 BalAcc=0.9765 F1=0.8203 MCC=0.8269
  learning_rate_used=2.184e-04; learning_rate_next=2.142e-04; elapsed=121.0s
  negatives seen=100.0%; hard negatives=0
Epoch 037 train: loss=0.0464 AUROC=0.9996 AUPRC=0.9964 BalAcc=0.9912 F1=0.9723 MCC=0.9696
Epoch 037 val  : loss=0.0249 AUROC=0.9981 AUPRC=0.9567 BalAcc=0.9738 F1=0.8391 MCC=0.8433
  learning_rate_used=2.142e-04; learning_rate_next=2.099e-04; elapsed=122.5s
  negatives seen=100.0%; hard negatives=0
Epoch 038 train: loss=0.0425 AUROC=0.9996 AUPRC=0.9964 BalAcc=0.9924 F1=0.9740 MCC=0.9715
Epoch 038 val  : loss=0.0250 AUROC=0.9984 AUPRC=0.9593 BalAcc=0.9717 F1=0.8674 MCC=0.8690
  learning_rate_used=2.099e-04; learning_rate_next=2.055e-04; elapsed=122.0s
  negatives seen=100.0%; hard negatives=0
Epoch 039 train: loss=0.0439 AUROC=0.9997 AUPRC=0.9967 BalAcc=0.9920 F1=0.9731 MCC=0.9705
Epoch 039 val  : loss=0.0243 AUROC=0.9986 AUPRC=0.9566 BalAcc=0.9717 F1=0.8561 MCC=0.8585
  learning_rate_used=2.055e-04; learning_rate_next=2.011e-04; elapsed=120.7s
  negatives seen=100.0%; hard negatives=0
Epoch 040 train: loss=0.0404 AUROC=0.9997 AUPRC=0.9970 BalAcc=0.9930 F1=0.9757 MCC=0.9733
Epoch 040 val  : loss=0.0246 AUROC=0.9983 AUPRC=0.9591 BalAcc=0.9742 F1=0.8525 MCC=0.8556
  learning_rate_used=2.011e-04; learning_rate_next=1.967e-04; elapsed=122.0s
  negatives seen=100.0%; hard negatives=0
Epoch 041 train: loss=0.0375 AUROC=0.9997 AUPRC=0.9975 BalAcc=0.9928 F1=0.9765 MCC=0.9742
Epoch 041 val  : loss=0.0286 AUROC=0.9985 AUPRC=0.9563 BalAcc=0.9645 F1=0.8752 MCC=0.8755
  learning_rate_used=1.967e-04; learning_rate_next=1.922e-04; elapsed=121.6s
  negatives seen=100.0%; hard negatives=0
Epoch 042 train: loss=0.0384 AUROC=0.9997 AUPRC=0.9967 BalAcc=0.9933 F1=0.9770 MCC=0.9748
Epoch 042 val  : loss=0.0235 AUROC=0.9985 AUPRC=0.9604 BalAcc=0.9790 F1=0.8255 MCC=0.8321
  learning_rate_used=1.922e-04; learning_rate_next=1.877e-04; elapsed=122.7s
  negatives seen=100.0%; hard negatives=0
Epoch 043 train: loss=0.0375 AUROC=0.9997 AUPRC=0.9973 BalAcc=0.9936 F1=0.9766 MCC=0.9744
Epoch 043 val  : loss=0.0241 AUROC=0.9983 AUPRC=0.9600 BalAcc=0.9773 F1=0.8272 MCC=0.8332
  learning_rate_used=1.877e-04; learning_rate_next=1.831e-04; elapsed=121.5s
Early stopping after 43 epochs.
Binary threshold: 0.948831 (strategy=val-mcc, validation_score=0.908128)
Validation-only run completed; frozen model: /data/projects/SFB_A03/jan/AT_TFBS/human301/runs/CTCF/crossassay_archthalia_20261009_144503_1046783/GHTS_seed1/model_for_prediction.pt
CTCF: GHTS -> GHTS
TEST CTCF GHTS -> GHTS: loss=0.0256 AUROC=0.9981 AUPRC=0.9628 BalAcc=0.9502 F1=0.9110 MCC=0.9102
CTCF: GHTS -> CHIP
TEST CTCF GHTS -> CHIP: loss=0.2855 AUROC=0.9160 AUPRC=0.5251 BalAcc=0.6200 F1=0.3807 MCC=0.4671
Completed CTCF/GHTS: one model, both fixed test sets.
