ZNF696/CHIP: packing existing FASTAs into /data/projects/SFB_A03/jan/AT_TFBS/raw_data/human/ArchThalia-ML/ZNF696/CHIP/dataset.npz; no genome extraction
Loaded train_positive: 259
Loaded train_negative: 25,900
Loaded test_positive: 181
Loaded test_negative: 18,100
{
  "train": {
    "positive": 210,
    "negative": 21000,
    "total": 21210,
    "chromosomes": [
      "chr1",
      "chr11",
      "chr13",
      "chr15",
      "chr17",
      "chr19",
      "chr21",
      "chr3",
      "chr9"
    ],
    "sequences_with_N": 0,
    "max_N_fraction": 0.0,
    "mean_GC_fraction_ACGT_only": {
      "positive": 0.5435057744027844,
      "negative": 0.5435337763012181
    }
  },
  "validation": {
    "positive": 49,
    "negative": 4900,
    "total": 4949,
    "chromosomes": [
      "chr5",
      "chr7"
    ],
    "sequences_with_N": 0,
    "max_N_fraction": 0.0,
    "mean_GC_fraction_ACGT_only": {
      "positive": 0.49766085836327884,
      "negative": 0.49751508576852665
    }
  },
  "test": {
    "positive": 181,
    "negative": 18100,
    "total": 18281,
    "chromosomes": [
      "chr10",
      "chr12",
      "chr14",
      "chr16",
      "chr18",
      "chr2",
      "chr20",
      "chr22",
      "chr4",
      "chr6",
      "chr8"
    ],
    "sequences_with_N": 0,
    "max_N_fraction": 0.0,
    "mean_GC_fraction_ACGT_only": {
      "positive": 0.515757787118445,
      "negative": 0.5157287861823387
    }
  }
}
Sequence audit: {
  "train": {
    "duplicates_or_RC_duplicates_within_split": 0,
    "identical_or_RC_identical_sequences_with_both_labels": 0
  },
  "validation": {
    "duplicates_or_RC_duplicates_within_split": 0,
    "identical_or_RC_identical_sequences_with_both_labels": 0
  },
  "test": {
    "duplicates_or_RC_duplicates_within_split": 0,
    "identical_or_RC_identical_sequences_with_both_labels": 0
  },
  "train_validation_shared_sequences_or_RC": 0,
  "train_test_shared_sequences_or_RC": 0,
  "validation_test_shared_sequences_or_RC": 0
}
Saved: /data/projects/SFB_A03/jan/AT_TFBS/raw_data/human/ArchThalia-ML/ZNF696/CHIP/dataset.npz
ZNF696/GHTS: packing existing FASTAs into /data/projects/SFB_A03/jan/AT_TFBS/raw_data/human/ArchThalia-ML/ZNF696/GHTS/dataset.npz; no genome extraction
Loaded train_positive: 670
Loaded train_negative: 67,000
Loaded test_positive: 629
Loaded test_negative: 62,900
{
  "train": {
    "positive": 506,
    "negative": 50600,
    "total": 51106,
    "chromosomes": [
      "chr1",
      "chr11",
      "chr13",
      "chr15",
      "chr17",
      "chr19",
      "chr21",
      "chr3",
      "chr9"
    ],
    "sequences_with_N": 0,
    "max_N_fraction": 0.0,
    "mean_GC_fraction_ACGT_only": {
      "positive": 0.4623652384016388,
      "negative": 0.4623652384016389
    }
  },
  "validation": {
    "positive": 164,
    "negative": 16400,
    "total": 16564,
    "chromosomes": [
      "chr5",
      "chr7"
    ],
    "sequences_with_N": 0,
    "max_N_fraction": 0.0,
    "mean_GC_fraction_ACGT_only": {
      "positive": 0.4455878778056883,
      "negative": 0.44558787780568837
    }
  },
  "test": {
    "positive": 629,
    "negative": 62900,
    "total": 63529,
    "chromosomes": [
      "chr10",
      "chr12",
      "chr14",
      "chr16",
      "chr18",
      "chr2",
      "chr20",
      "chr22",
      "chr4",
      "chr6",
      "chr8"
    ],
    "sequences_with_N": 0,
    "max_N_fraction": 0.0,
    "mean_GC_fraction_ACGT_only": {
      "positive": 0.45415652118798494,
      "negative": 0.45415652118798494
    }
  }
}
Sequence audit: {
  "train": {
    "duplicates_or_RC_duplicates_within_split": 0,
    "identical_or_RC_identical_sequences_with_both_labels": 0
  },
  "validation": {
    "duplicates_or_RC_duplicates_within_split": 0,
    "identical_or_RC_identical_sequences_with_both_labels": 0
  },
  "test": {
    "duplicates_or_RC_duplicates_within_split": 0,
    "identical_or_RC_identical_sequences_with_both_labels": 0
  },
  "train_validation_shared_sequences_or_RC": 0,
  "train_test_shared_sequences_or_RC": 0,
  "validation_test_shared_sequences_or_RC": 0
}
Saved: /data/projects/SFB_A03/jan/AT_TFBS/raw_data/human/ArchThalia-ML/ZNF696/GHTS/dataset.npz
ZNF696: caches ready for CHIP and GHTS; cross-test chromosomes are held out.
