TF=TERF1 train=CHIP seed=4 model=hum301_motif64_local.py
/home/jbossenz/miniforge3/envs/at_env/bin/python -u /data/projects/SFB_A03/jan/AT_TFBS/human301/hum301_motif64_local.py train --cache /data/projects/SFB_A03/jan/AT_TFBS/raw_data/human/ArchThalia-ML/TERF1/CHIP/dataset.npz --output-dir /data/projects/SFB_A03/jan/AT_TFBS/human301/runs/TERF1/crossassay_archthalia_20261009_144503_1046783/CHIP_seed4 --input-length 256 --embed-channels 64 --encoder-channels 80 96 128 --heads 4 --ffn-channels 256 --classification-readout local-logsumexp --task-mode classification --checkpoint-objective classification-auprc --threshold-strategy val-mcc --negatives-per-positive 10 --batch-size 88 --hard-negative-fraction 0 --epochs 100 --patience 20 --learning-rate 0.0003 --min-learning-rate 0.000001 --weight-decay 0.0001 --dropout 0.1 --activation relu --reverse-complement-probability 0.5 --eval-crops multi --eval-rc --no-balanced-evaluation --eval-batch-size 128 --num-workers 2 --seed 4 --device cuda --skip-test
Window geometry: 256 bp from 301 bp; crop starts 0..45; shifts -22..+23; fresh uniform draw per access
Evaluation: crops (0, 22, 23, 45), reverse complement=True; all samples
train: n=71,609, positive=709, negative=70,900
  val: n=18,786, positive=186, negative=18,600
 test: n=67,064, positive=664, negative=66,400
Device: cuda
Hidden activation: RELU
Parameters: 1,032,981 total; 1,032,981 trainable
Architecture: motif kernels 9/12; encoder 128/64/64; original five-block bottleneck at 64; decoder 64/128/256
  negatives seen=10.0%; hard negatives=0
Epoch 001 train: loss=1.2008 AUROC=0.6540 AUPRC=0.1703 BalAcc=0.6101 F1=0.2215 MCC=0.1287
Epoch 001 val  : loss=0.3884 AUROC=0.7404 AUPRC=0.1058 BalAcc=0.5588 F1=0.0496 MCC=0.0487
  learning_rate_used=3.000e-04; learning_rate_next=2.999e-04; elapsed=10.3s
  saved new best checkpoint: /data/projects/SFB_A03/jan/AT_TFBS/human301/runs/TERF1/crossassay_archthalia_20261009_144503_1046783/CHIP_seed4/best_model.pt (objective=classification-auprc, score=0.105849)
  negatives seen=20.0%; hard negatives=0
Epoch 002 train: loss=1.0596 AUROC=0.7588 AUPRC=0.2622 BalAcc=0.6908 F1=0.2845 MCC=0.2282
Epoch 002 val  : loss=0.6293 AUROC=0.7818 AUPRC=0.1097 BalAcc=0.7252 F1=0.0462 MCC=0.0958
  learning_rate_used=2.999e-04; learning_rate_next=2.997e-04; elapsed=8.9s
  saved new best checkpoint: /data/projects/SFB_A03/jan/AT_TFBS/human301/runs/TERF1/crossassay_archthalia_20261009_144503_1046783/CHIP_seed4/best_model.pt (objective=classification-auprc, score=0.109687)
  negatives seen=30.0%; hard negatives=0
Epoch 003 train: loss=0.9901 AUROC=0.7986 AUPRC=0.3162 BalAcc=0.7290 F1=0.3149 MCC=0.2754
Epoch 003 val  : loss=0.6316 AUROC=0.8060 AUPRC=0.1459 BalAcc=0.7346 F1=0.0450 MCC=0.0976
  learning_rate_used=2.997e-04; learning_rate_next=2.993e-04; elapsed=9.0s
  saved new best checkpoint: /data/projects/SFB_A03/jan/AT_TFBS/human301/runs/TERF1/crossassay_archthalia_20261009_144503_1046783/CHIP_seed4/best_model.pt (objective=classification-auprc, score=0.145865)
  negatives seen=40.0%; hard negatives=0
Epoch 004 train: loss=0.9446 AUROC=0.8121 AUPRC=0.3332 BalAcc=0.7425 F1=0.3234 MCC=0.2907
Epoch 004 val  : loss=0.8865 AUROC=0.7766 AUPRC=0.1398 BalAcc=0.6503 F1=0.0293 MCC=0.0605
  learning_rate_used=2.993e-04; learning_rate_next=2.988e-04; elapsed=9.0s
  negatives seen=50.0%; hard negatives=0
Epoch 005 train: loss=0.9587 AUROC=0.8121 AUPRC=0.3556 BalAcc=0.7437 F1=0.3290 MCC=0.2949
Epoch 005 val  : loss=0.5439 AUROC=0.7877 AUPRC=0.1502 BalAcc=0.7019 F1=0.0457 MCC=0.0882
  learning_rate_used=2.988e-04; learning_rate_next=2.982e-04; elapsed=9.1s
  saved new best checkpoint: /data/projects/SFB_A03/jan/AT_TFBS/human301/runs/TERF1/crossassay_archthalia_20261009_144503_1046783/CHIP_seed4/best_model.pt (objective=classification-auprc, score=0.150189)
  negatives seen=60.0%; hard negatives=0
Epoch 006 train: loss=0.8975 AUROC=0.8358 AUPRC=0.3760 BalAcc=0.7647 F1=0.3489 MCC=0.3228
Epoch 006 val  : loss=0.6127 AUROC=0.8095 AUPRC=0.1462 BalAcc=0.7335 F1=0.0451 MCC=0.0974
  learning_rate_used=2.982e-04; learning_rate_next=2.974e-04; elapsed=9.0s
  negatives seen=70.0%; hard negatives=0
Epoch 007 train: loss=0.8629 AUROC=0.8473 AUPRC=0.3974 BalAcc=0.7726 F1=0.3522 MCC=0.3306
Epoch 007 val  : loss=0.4268 AUROC=0.7960 AUPRC=0.1485 BalAcc=0.7156 F1=0.0560 MCC=0.1034
  learning_rate_used=2.974e-04; learning_rate_next=2.964e-04; elapsed=9.0s
  negatives seen=80.0%; hard negatives=0
Epoch 008 train: loss=0.8308 AUROC=0.8615 AUPRC=0.4474 BalAcc=0.7805 F1=0.3729 MCC=0.3494
Epoch 008 val  : loss=0.4794 AUROC=0.8056 AUPRC=0.1607 BalAcc=0.7073 F1=0.0509 MCC=0.0954
  learning_rate_used=2.964e-04; learning_rate_next=2.953e-04; elapsed=9.0s
  saved new best checkpoint: /data/projects/SFB_A03/jan/AT_TFBS/human301/runs/TERF1/crossassay_archthalia_20261009_144503_1046783/CHIP_seed4/best_model.pt (objective=classification-auprc, score=0.160677)
  negatives seen=90.0%; hard negatives=0
Epoch 009 train: loss=0.8070 AUROC=0.8706 AUPRC=0.4534 BalAcc=0.7879 F1=0.3758 MCC=0.3565
Epoch 009 val  : loss=0.3949 AUROC=0.8136 AUPRC=0.1586 BalAcc=0.7074 F1=0.0667 MCC=0.1122
  learning_rate_used=2.953e-04; learning_rate_next=2.941e-04; elapsed=9.1s
  negatives seen=100.0%; hard negatives=0
Epoch 010 train: loss=0.7822 AUROC=0.8782 AUPRC=0.4751 BalAcc=0.7981 F1=0.3955 MCC=0.3766
Epoch 010 val  : loss=0.4019 AUROC=0.8071 AUPRC=0.1601 BalAcc=0.6871 F1=0.0578 MCC=0.0969
  learning_rate_used=2.941e-04; learning_rate_next=2.927e-04; elapsed=9.1s
  negatives seen=100.0%; hard negatives=0
Epoch 011 train: loss=0.8052 AUROC=0.8728 AUPRC=0.4613 BalAcc=0.7861 F1=0.3878 MCC=0.3633
Epoch 011 val  : loss=0.4602 AUROC=0.8110 AUPRC=0.1479 BalAcc=0.7268 F1=0.0581 MCC=0.1089
  learning_rate_used=2.927e-04; learning_rate_next=2.912e-04; elapsed=9.1s
  negatives seen=100.0%; hard negatives=0
Epoch 012 train: loss=0.7701 AUROC=0.8832 AUPRC=0.4843 BalAcc=0.8018 F1=0.4000 MCC=0.3821
Epoch 012 val  : loss=0.4282 AUROC=0.8077 AUPRC=0.1575 BalAcc=0.6925 F1=0.0540 MCC=0.0944
  learning_rate_used=2.912e-04; learning_rate_next=2.895e-04; elapsed=9.0s
  negatives seen=100.0%; hard negatives=0
Epoch 013 train: loss=0.7400 AUROC=0.8933 AUPRC=0.5107 BalAcc=0.8133 F1=0.4187 MCC=0.4027
Epoch 013 val  : loss=0.4050 AUROC=0.7722 AUPRC=0.1498 BalAcc=0.6176 F1=0.0533 MCC=0.0711
  learning_rate_used=2.895e-04; learning_rate_next=2.877e-04; elapsed=9.0s
  negatives seen=100.0%; hard negatives=0
Epoch 014 train: loss=0.7291 AUROC=0.8972 AUPRC=0.5310 BalAcc=0.8166 F1=0.4304 MCC=0.4131
Epoch 014 val  : loss=0.4233 AUROC=0.8032 AUPRC=0.1577 BalAcc=0.7132 F1=0.0628 MCC=0.1099
  learning_rate_used=2.877e-04; learning_rate_next=2.858e-04; elapsed=9.2s
  negatives seen=100.0%; hard negatives=0
Epoch 015 train: loss=0.7073 AUROC=0.9032 AUPRC=0.5200 BalAcc=0.8214 F1=0.4372 MCC=0.4211
Epoch 015 val  : loss=0.5077 AUROC=0.7898 AUPRC=0.1540 BalAcc=0.6991 F1=0.0484 MCC=0.0903
  learning_rate_used=2.858e-04; learning_rate_next=2.837e-04; elapsed=9.1s
  negatives seen=100.0%; hard negatives=0
Epoch 016 train: loss=0.6694 AUROC=0.9118 AUPRC=0.5434 BalAcc=0.8398 F1=0.4574 MCC=0.4472
Epoch 016 val  : loss=0.5017 AUROC=0.7926 AUPRC=0.1456 BalAcc=0.7059 F1=0.0474 MCC=0.0913
  learning_rate_used=2.837e-04; learning_rate_next=2.815e-04; elapsed=9.2s
  negatives seen=100.0%; hard negatives=0
Epoch 017 train: loss=0.6418 AUROC=0.9198 AUPRC=0.5864 BalAcc=0.8441 F1=0.4679 MCC=0.4576
Epoch 017 val  : loss=0.3226 AUROC=0.7920 AUPRC=0.1532 BalAcc=0.6105 F1=0.0955 MCC=0.1058
  learning_rate_used=2.815e-04; learning_rate_next=2.792e-04; elapsed=9.3s
  negatives seen=100.0%; hard negatives=0
Epoch 018 train: loss=0.6179 AUROC=0.9258 AUPRC=0.6088 BalAcc=0.8425 F1=0.4762 MCC=0.4627
Epoch 018 val  : loss=0.4076 AUROC=0.8069 AUPRC=0.1562 BalAcc=0.7062 F1=0.0689 MCC=0.1140
  learning_rate_used=2.792e-04; learning_rate_next=2.767e-04; elapsed=9.2s
  negatives seen=100.0%; hard negatives=0
Epoch 019 train: loss=0.5927 AUROC=0.9306 AUPRC=0.6119 BalAcc=0.8551 F1=0.4906 MCC=0.4810
Epoch 019 val  : loss=0.6346 AUROC=0.7927 AUPRC=0.1518 BalAcc=0.7192 F1=0.0424 MCC=0.0903
  learning_rate_used=2.767e-04; learning_rate_next=2.741e-04; elapsed=9.1s
  negatives seen=100.0%; hard negatives=0
Epoch 020 train: loss=0.5599 AUROC=0.9393 AUPRC=0.6461 BalAcc=0.8621 F1=0.5162 MCC=0.5045
Epoch 020 val  : loss=0.3165 AUROC=0.8019 AUPRC=0.1547 BalAcc=0.6067 F1=0.0976 MCC=0.1061
  learning_rate_used=2.741e-04; learning_rate_next=2.714e-04; elapsed=9.1s
  negatives seen=100.0%; hard negatives=0
Epoch 021 train: loss=0.5664 AUROC=0.9387 AUPRC=0.6383 BalAcc=0.8658 F1=0.5199 MCC=0.5095
Epoch 021 val  : loss=0.3172 AUROC=0.8018 AUPRC=0.1579 BalAcc=0.6038 F1=0.1033 MCC=0.1096
  learning_rate_used=2.714e-04; learning_rate_next=2.686e-04; elapsed=9.1s
  negatives seen=100.0%; hard negatives=0
Epoch 022 train: loss=0.5381 AUROC=0.9447 AUPRC=0.6817 BalAcc=0.8692 F1=0.5241 MCC=0.5147
Epoch 022 val  : loss=0.3494 AUROC=0.8099 AUPRC=0.1613 BalAcc=0.6677 F1=0.0712 MCC=0.1044
  learning_rate_used=2.686e-04; learning_rate_next=2.657e-04; elapsed=9.1s
  saved new best checkpoint: /data/projects/SFB_A03/jan/AT_TFBS/human301/runs/TERF1/crossassay_archthalia_20261009_144503_1046783/CHIP_seed4/best_model.pt (objective=classification-auprc, score=0.161307)
  negatives seen=100.0%; hard negatives=0
Epoch 023 train: loss=0.5302 AUROC=0.9467 AUPRC=0.6692 BalAcc=0.8765 F1=0.5478 MCC=0.5372
Epoch 023 val  : loss=0.4439 AUROC=0.7875 AUPRC=0.1539 BalAcc=0.6919 F1=0.0585 MCC=0.0991
  learning_rate_used=2.657e-04; learning_rate_next=2.626e-04; elapsed=9.1s
  negatives seen=100.0%; hard negatives=0
Epoch 024 train: loss=0.5142 AUROC=0.9492 AUPRC=0.6814 BalAcc=0.8751 F1=0.5414 MCC=0.5314
Epoch 024 val  : loss=0.4655 AUROC=0.7988 AUPRC=0.1585 BalAcc=0.6990 F1=0.0585 MCC=0.1012
  learning_rate_used=2.626e-04; learning_rate_next=2.595e-04; elapsed=9.1s
  negatives seen=100.0%; hard negatives=0
Epoch 025 train: loss=0.4839 AUROC=0.9551 AUPRC=0.7092 BalAcc=0.8892 F1=0.5702 MCC=0.5617
Epoch 025 val  : loss=0.4753 AUROC=0.8011 AUPRC=0.1503 BalAcc=0.7022 F1=0.0546 MCC=0.0979
  learning_rate_used=2.595e-04; learning_rate_next=2.562e-04; elapsed=9.1s
  negatives seen=100.0%; hard negatives=0
Epoch 026 train: loss=0.4891 AUROC=0.9550 AUPRC=0.7040 BalAcc=0.8919 F1=0.5799 MCC=0.5710
Epoch 026 val  : loss=0.5061 AUROC=0.8003 AUPRC=0.1494 BalAcc=0.7103 F1=0.0514 MCC=0.0969
  learning_rate_used=2.562e-04; learning_rate_next=2.528e-04; elapsed=9.2s
  negatives seen=100.0%; hard negatives=0
Epoch 027 train: loss=0.4732 AUROC=0.9583 AUPRC=0.7223 BalAcc=0.8898 F1=0.5861 MCC=0.5748
Epoch 027 val  : loss=0.4050 AUROC=0.7814 AUPRC=0.1476 BalAcc=0.6574 F1=0.0664 MCC=0.0965
  learning_rate_used=2.528e-04; learning_rate_next=2.494e-04; elapsed=9.2s
  negatives seen=100.0%; hard negatives=0
Epoch 028 train: loss=0.4416 AUROC=0.9639 AUPRC=0.7624 BalAcc=0.9022 F1=0.6186 MCC=0.6077
Epoch 028 val  : loss=0.4597 AUROC=0.8066 AUPRC=0.1474 BalAcc=0.7049 F1=0.0568 MCC=0.1011
  learning_rate_used=2.494e-04; learning_rate_next=2.458e-04; elapsed=8.9s
  negatives seen=100.0%; hard negatives=0
Epoch 029 train: loss=0.3989 AUROC=0.9694 AUPRC=0.7801 BalAcc=0.9121 F1=0.6374 MCC=0.6281
Epoch 029 val  : loss=0.3389 AUROC=0.7968 AUPRC=0.1592 BalAcc=0.5876 F1=0.1277 MCC=0.1235
  learning_rate_used=2.458e-04; learning_rate_next=2.421e-04; elapsed=9.0s
  negatives seen=100.0%; hard negatives=0
Epoch 030 train: loss=0.4264 AUROC=0.9668 AUPRC=0.7703 BalAcc=0.8987 F1=0.6246 MCC=0.6111
Epoch 030 val  : loss=0.3209 AUROC=0.7961 AUPRC=0.1555 BalAcc=0.6233 F1=0.1026 MCC=0.1164
  learning_rate_used=2.421e-04; learning_rate_next=2.384e-04; elapsed=9.1s
  negatives seen=100.0%; hard negatives=0
Epoch 031 train: loss=0.4099 AUROC=0.9705 AUPRC=0.8049 BalAcc=0.9012 F1=0.6359 MCC=0.6218
Epoch 031 val  : loss=0.3958 AUROC=0.7944 AUPRC=0.1557 BalAcc=0.6782 F1=0.0663 MCC=0.1029
  learning_rate_used=2.384e-04; learning_rate_next=2.345e-04; elapsed=9.2s
  negatives seen=100.0%; hard negatives=0
Epoch 032 train: loss=0.3721 AUROC=0.9743 AUPRC=0.8137 BalAcc=0.9209 F1=0.6763 MCC=0.6651
Epoch 032 val  : loss=0.3652 AUROC=0.7980 AUPRC=0.1564 BalAcc=0.6636 F1=0.0710 MCC=0.1029
  learning_rate_used=2.345e-04; learning_rate_next=2.306e-04; elapsed=9.1s
  negatives seen=100.0%; hard negatives=0
Epoch 033 train: loss=0.3724 AUROC=0.9738 AUPRC=0.8030 BalAcc=0.9182 F1=0.6684 MCC=0.6571
Epoch 033 val  : loss=0.3504 AUROC=0.7978 AUPRC=0.1601 BalAcc=0.6017 F1=0.1041 MCC=0.1095
  learning_rate_used=2.306e-04; learning_rate_next=2.266e-04; elapsed=9.0s
  negatives seen=100.0%; hard negatives=0
Epoch 034 train: loss=0.3637 AUROC=0.9756 AUPRC=0.8184 BalAcc=0.9219 F1=0.6781 MCC=0.6670
Epoch 034 val  : loss=0.3385 AUROC=0.7901 AUPRC=0.1612 BalAcc=0.6268 F1=0.0827 MCC=0.1011
  learning_rate_used=2.266e-04; learning_rate_next=2.225e-04; elapsed=9.1s
  negatives seen=100.0%; hard negatives=0
Epoch 035 train: loss=0.3584 AUROC=0.9764 AUPRC=0.8196 BalAcc=0.9208 F1=0.6901 MCC=0.6771
Epoch 035 val  : loss=0.3318 AUROC=0.7814 AUPRC=0.1582 BalAcc=0.6345 F1=0.0965 MCC=0.1156
  learning_rate_used=2.225e-04; learning_rate_next=2.184e-04; elapsed=9.0s
  negatives seen=100.0%; hard negatives=0
Epoch 036 train: loss=0.3225 AUROC=0.9802 AUPRC=0.8427 BalAcc=0.9231 F1=0.6993 MCC=0.6862
Epoch 036 val  : loss=0.4724 AUROC=0.7974 AUPRC=0.1540 BalAcc=0.6909 F1=0.0569 MCC=0.0970
  learning_rate_used=2.184e-04; learning_rate_next=2.142e-04; elapsed=9.1s
  negatives seen=100.0%; hard negatives=0
Epoch 037 train: loss=0.3012 AUROC=0.9821 AUPRC=0.8606 BalAcc=0.9335 F1=0.7086 MCC=0.6985
Epoch 037 val  : loss=0.3862 AUROC=0.7971 AUPRC=0.1619 BalAcc=0.5840 F1=0.1679 MCC=0.1594
  learning_rate_used=2.142e-04; learning_rate_next=2.099e-04; elapsed=9.1s
  saved new best checkpoint: /data/projects/SFB_A03/jan/AT_TFBS/human301/runs/TERF1/crossassay_archthalia_20261009_144503_1046783/CHIP_seed4/best_model.pt (objective=classification-auprc, score=0.161865)
  negatives seen=100.0%; hard negatives=0
Epoch 038 train: loss=0.3306 AUROC=0.9807 AUPRC=0.8553 BalAcc=0.9228 F1=0.7099 MCC=0.6955
Epoch 038 val  : loss=0.3259 AUROC=0.7892 AUPRC=0.1639 BalAcc=0.5997 F1=0.1323 MCC=0.1314
  learning_rate_used=2.099e-04; learning_rate_next=2.055e-04; elapsed=9.0s
  saved new best checkpoint: /data/projects/SFB_A03/jan/AT_TFBS/human301/runs/TERF1/crossassay_archthalia_20261009_144503_1046783/CHIP_seed4/best_model.pt (objective=classification-auprc, score=0.163909)
  negatives seen=100.0%; hard negatives=0
Epoch 039 train: loss=0.3346 AUROC=0.9792 AUPRC=0.8420 BalAcc=0.9208 F1=0.6871 MCC=0.6745
Epoch 039 val  : loss=0.4330 AUROC=0.7934 AUPRC=0.1553 BalAcc=0.6918 F1=0.0621 MCC=0.1027
  learning_rate_used=2.055e-04; learning_rate_next=2.011e-04; elapsed=8.9s
  negatives seen=100.0%; hard negatives=0
Epoch 040 train: loss=0.3061 AUROC=0.9826 AUPRC=0.8552 BalAcc=0.9359 F1=0.7349 MCC=0.7228
Epoch 040 val  : loss=0.3339 AUROC=0.7759 AUPRC=0.1563 BalAcc=0.6150 F1=0.0962 MCC=0.1081
  learning_rate_used=2.011e-04; learning_rate_next=1.967e-04; elapsed=9.0s
  negatives seen=100.0%; hard negatives=0
Epoch 041 train: loss=0.2593 AUROC=0.9875 AUPRC=0.8959 BalAcc=0.9436 F1=0.7707 MCC=0.7583
Epoch 041 val  : loss=0.3840 AUROC=0.7901 AUPRC=0.1548 BalAcc=0.5863 F1=0.1373 MCC=0.1313
  learning_rate_used=1.967e-04; learning_rate_next=1.922e-04; elapsed=9.0s
  negatives seen=100.0%; hard negatives=0
Epoch 042 train: loss=0.2564 AUROC=0.9877 AUPRC=0.8979 BalAcc=0.9447 F1=0.7704 MCC=0.7584
Epoch 042 val  : loss=0.3405 AUROC=0.7911 AUPRC=0.1612 BalAcc=0.6178 F1=0.0984 MCC=0.1109
  learning_rate_used=1.922e-04; learning_rate_next=1.877e-04; elapsed=9.0s
  negatives seen=100.0%; hard negatives=0
Epoch 043 train: loss=0.2371 AUROC=0.9884 AUPRC=0.8894 BalAcc=0.9516 F1=0.7842 MCC=0.7734
Epoch 043 val  : loss=0.3717 AUROC=0.7956 AUPRC=0.1595 BalAcc=0.6034 F1=0.1263 MCC=0.1279
  learning_rate_used=1.877e-04; learning_rate_next=1.831e-04; elapsed=9.0s
  negatives seen=100.0%; hard negatives=0
Epoch 044 train: loss=0.2466 AUROC=0.9897 AUPRC=0.9164 BalAcc=0.9499 F1=0.8002 MCC=0.7880
Epoch 044 val  : loss=0.3737 AUROC=0.7977 AUPRC=0.1613 BalAcc=0.6023 F1=0.1350 MCC=0.1346
  learning_rate_used=1.831e-04; learning_rate_next=1.785e-04; elapsed=9.0s
  negatives seen=100.0%; hard negatives=0
Epoch 045 train: loss=0.2142 AUROC=0.9911 AUPRC=0.9199 BalAcc=0.9556 F1=0.8111 MCC=0.7999
Epoch 045 val  : loss=0.4452 AUROC=0.7926 AUPRC=0.1613 BalAcc=0.5802 F1=0.1867 MCC=0.1809
  learning_rate_used=1.785e-04; learning_rate_next=1.739e-04; elapsed=9.2s
  negatives seen=100.0%; hard negatives=0
Epoch 046 train: loss=0.2290 AUROC=0.9905 AUPRC=0.9140 BalAcc=0.9542 F1=0.8010 MCC=0.7899
Epoch 046 val  : loss=0.4859 AUROC=0.8010 AUPRC=0.1522 BalAcc=0.5652 F1=0.1748 MCC=0.1774
  learning_rate_used=1.739e-04; learning_rate_next=1.692e-04; elapsed=9.0s
  negatives seen=100.0%; hard negatives=0
Epoch 047 train: loss=0.2330 AUROC=0.9904 AUPRC=0.9174 BalAcc=0.9555 F1=0.8101 MCC=0.7989
Epoch 047 val  : loss=0.3836 AUROC=0.7858 AUPRC=0.1548 BalAcc=0.5790 F1=0.1645 MCC=0.1560
  learning_rate_used=1.692e-04; learning_rate_next=1.646e-04; elapsed=9.0s
  negatives seen=100.0%; hard negatives=0
Epoch 048 train: loss=0.2244 AUROC=0.9910 AUPRC=0.9202 BalAcc=0.9523 F1=0.8131 MCC=0.8010
Epoch 048 val  : loss=0.3452 AUROC=0.8044 AUPRC=0.1660 BalAcc=0.6235 F1=0.1034 MCC=0.1172
  learning_rate_used=1.646e-04; learning_rate_next=1.599e-04; elapsed=9.1s
  saved new best checkpoint: /data/projects/SFB_A03/jan/AT_TFBS/human301/runs/TERF1/crossassay_archthalia_20261009_144503_1046783/CHIP_seed4/best_model.pt (objective=classification-auprc, score=0.166003)
  negatives seen=100.0%; hard negatives=0
Epoch 049 train: loss=0.1983 AUROC=0.9923 AUPRC=0.9237 BalAcc=0.9563 F1=0.8289 MCC=0.8173
Epoch 049 val  : loss=0.3693 AUROC=0.8002 AUPRC=0.1652 BalAcc=0.6147 F1=0.1130 MCC=0.1215
  learning_rate_used=1.599e-04; learning_rate_next=1.552e-04; elapsed=9.0s
  negatives seen=100.0%; hard negatives=0
Epoch 050 train: loss=0.1992 AUROC=0.9929 AUPRC=0.9361 BalAcc=0.9603 F1=0.8446 MCC=0.8336
Epoch 050 val  : loss=0.3501 AUROC=0.7919 AUPRC=0.1552 BalAcc=0.6122 F1=0.0877 MCC=0.1001
  learning_rate_used=1.552e-04; learning_rate_next=1.505e-04; elapsed=9.1s
  negatives seen=100.0%; hard negatives=0
Epoch 051 train: loss=0.2143 AUROC=0.9929 AUPRC=0.9445 BalAcc=0.9559 F1=0.8347 MCC=0.8228
Epoch 051 val  : loss=0.4034 AUROC=0.7998 AUPRC=0.1645 BalAcc=0.5770 F1=0.1705 MCC=0.1629
  learning_rate_used=1.505e-04; learning_rate_next=1.458e-04; elapsed=9.3s
  negatives seen=100.0%; hard negatives=0
Epoch 052 train: loss=0.1871 AUROC=0.9942 AUPRC=0.9500 BalAcc=0.9586 F1=0.8411 MCC=0.8297
Epoch 052 val  : loss=0.4358 AUROC=0.7911 AUPRC=0.1582 BalAcc=0.5732 F1=0.1480 MCC=0.1392
  learning_rate_used=1.458e-04; learning_rate_next=1.411e-04; elapsed=9.1s
  negatives seen=100.0%; hard negatives=0
Epoch 053 train: loss=0.1996 AUROC=0.9934 AUPRC=0.9398 BalAcc=0.9616 F1=0.8455 MCC=0.8348
Epoch 053 val  : loss=0.3930 AUROC=0.7883 AUPRC=0.1578 BalAcc=0.6020 F1=0.1329 MCC=0.1327
  learning_rate_used=1.411e-04; learning_rate_next=1.364e-04; elapsed=9.3s
  negatives seen=100.0%; hard negatives=0
Epoch 054 train: loss=0.1876 AUROC=0.9942 AUPRC=0.9499 BalAcc=0.9589 F1=0.8432 MCC=0.8318
Epoch 054 val  : loss=0.4062 AUROC=0.7963 AUPRC=0.1523 BalAcc=0.6116 F1=0.1087 MCC=0.1169
  learning_rate_used=1.364e-04; learning_rate_next=1.318e-04; elapsed=9.0s
  negatives seen=100.0%; hard negatives=0
Epoch 055 train: loss=0.1715 AUROC=0.9948 AUPRC=0.9523 BalAcc=0.9642 F1=0.8602 MCC=0.8499
Epoch 055 val  : loss=0.3580 AUROC=0.7819 AUPRC=0.1628 BalAcc=0.6013 F1=0.1273 MCC=0.1279
  learning_rate_used=1.318e-04; learning_rate_next=1.271e-04; elapsed=9.2s
  negatives seen=100.0%; hard negatives=0
Epoch 056 train: loss=0.1595 AUROC=0.9957 AUPRC=0.9565 BalAcc=0.9702 F1=0.8840 MCC=0.8749
Epoch 056 val  : loss=0.5395 AUROC=0.7988 AUPRC=0.1630 BalAcc=0.5679 F1=0.1818 MCC=0.1848
  learning_rate_used=1.271e-04; learning_rate_next=1.225e-04; elapsed=9.0s
  negatives seen=100.0%; hard negatives=0
Epoch 057 train: loss=0.1567 AUROC=0.9959 AUPRC=0.9611 BalAcc=0.9671 F1=0.8788 MCC=0.8691
Epoch 057 val  : loss=0.4732 AUROC=0.7901 AUPRC=0.1556 BalAcc=0.5691 F1=0.1584 MCC=0.1514
  learning_rate_used=1.225e-04; learning_rate_next=1.179e-04; elapsed=9.1s
  negatives seen=100.0%; hard negatives=0
Epoch 058 train: loss=0.1829 AUROC=0.9950 AUPRC=0.9528 BalAcc=0.9659 F1=0.8785 MCC=0.8686
Epoch 058 val  : loss=0.3806 AUROC=0.7826 AUPRC=0.1625 BalAcc=0.5948 F1=0.1143 MCC=0.1151
  learning_rate_used=1.179e-04; learning_rate_next=1.133e-04; elapsed=9.0s
  negatives seen=100.0%; hard negatives=0
Epoch 059 train: loss=0.1431 AUROC=0.9960 AUPRC=0.9578 BalAcc=0.9692 F1=0.8755 MCC=0.8661
Epoch 059 val  : loss=0.5303 AUROC=0.7718 AUPRC=0.1553 BalAcc=0.5626 F1=0.1702 MCC=0.1738
  learning_rate_used=1.133e-04; learning_rate_next=1.088e-04; elapsed=9.1s
  negatives seen=100.0%; hard negatives=0
Epoch 060 train: loss=0.1285 AUROC=0.9967 AUPRC=0.9661 BalAcc=0.9736 F1=0.8865 MCC=0.8780
Epoch 060 val  : loss=0.5725 AUROC=0.7878 AUPRC=0.1498 BalAcc=0.5576 F1=0.1654 MCC=0.1751
  learning_rate_used=1.088e-04; learning_rate_next=1.043e-04; elapsed=9.0s
  negatives seen=100.0%; hard negatives=0
Epoch 061 train: loss=0.1401 AUROC=0.9968 AUPRC=0.9672 BalAcc=0.9741 F1=0.9007 MCC=0.8926
Epoch 061 val  : loss=0.3932 AUROC=0.7937 AUPRC=0.1485 BalAcc=0.6085 F1=0.0964 MCC=0.1058
  learning_rate_used=1.043e-04; learning_rate_next=9.986e-05; elapsed=9.0s
  negatives seen=100.0%; hard negatives=0
Epoch 062 train: loss=0.1358 AUROC=0.9965 AUPRC=0.9650 BalAcc=0.9718 F1=0.8816 MCC=0.8727
Epoch 062 val  : loss=0.4446 AUROC=0.7981 AUPRC=0.1529 BalAcc=0.5713 F1=0.1556 MCC=0.1475
  learning_rate_used=9.986e-05; learning_rate_next=9.547e-05; elapsed=9.0s
  negatives seen=100.0%; hard negatives=0
Epoch 063 train: loss=0.1004 AUROC=0.9976 AUPRC=0.9718 BalAcc=0.9817 F1=0.9180 MCC=0.9114
Epoch 063 val  : loss=0.4354 AUROC=0.7906 AUPRC=0.1548 BalAcc=0.5887 F1=0.1379 MCC=0.1325
  learning_rate_used=9.547e-05; learning_rate_next=9.113e-05; elapsed=9.1s
  negatives seen=100.0%; hard negatives=0
Epoch 064 train: loss=0.1374 AUROC=0.9969 AUPRC=0.9697 BalAcc=0.9767 F1=0.9065 MCC=0.8988
Epoch 064 val  : loss=0.5790 AUROC=0.7840 AUPRC=0.1579 BalAcc=0.5703 F1=0.1818 MCC=0.1817
  learning_rate_used=9.113e-05; learning_rate_next=8.685e-05; elapsed=9.4s
  negatives seen=100.0%; hard negatives=0
Epoch 065 train: loss=0.1102 AUROC=0.9977 AUPRC=0.9752 BalAcc=0.9800 F1=0.9189 MCC=0.9121
Epoch 065 val  : loss=0.6091 AUROC=0.7834 AUPRC=0.1544 BalAcc=0.5633 F1=0.1868 MCC=0.2041
  learning_rate_used=8.685e-05; learning_rate_next=8.263e-05; elapsed=9.0s
  negatives seen=100.0%; hard negatives=0
Epoch 066 train: loss=0.0988 AUROC=0.9979 AUPRC=0.9722 BalAcc=0.9809 F1=0.9269 MCC=0.9205
Epoch 066 val  : loss=0.5506 AUROC=0.7882 AUPRC=0.1631 BalAcc=0.5748 F1=0.1737 MCC=0.1674
  learning_rate_used=8.263e-05; learning_rate_next=7.848e-05; elapsed=9.0s
  negatives seen=100.0%; hard negatives=0
Epoch 067 train: loss=0.0961 AUROC=0.9983 AUPRC=0.9825 BalAcc=0.9802 F1=0.9317 MCC=0.9255
Epoch 067 val  : loss=0.5676 AUROC=0.7860 AUPRC=0.1631 BalAcc=0.5755 F1=0.1883 MCC=0.1860
  learning_rate_used=7.848e-05; learning_rate_next=7.440e-05; elapsed=9.0s
  negatives seen=100.0%; hard negatives=0
Epoch 068 train: loss=0.1078 AUROC=0.9980 AUPRC=0.9800 BalAcc=0.9809 F1=0.9269 MCC=0.9205
Epoch 068 val  : loss=0.5843 AUROC=0.7894 AUPRC=0.1542 BalAcc=0.5702 F1=0.1782 MCC=0.1766
  learning_rate_used=7.440e-05; learning_rate_next=7.039e-05; elapsed=9.0s
Early stopping after 68 epochs.
Binary threshold: 0.992544 (strategy=val-mcc, validation_score=0.326692)
Validation-only run completed; frozen model: /data/projects/SFB_A03/jan/AT_TFBS/human301/runs/TERF1/crossassay_archthalia_20261009_144503_1046783/CHIP_seed4/model_for_prediction.pt
TERF1: CHIP -> CHIP
TEST TERF1 CHIP -> CHIP: loss=0.3451 AUROC=0.8052 AUPRC=0.1677 BalAcc=0.5556 F1=0.1968 MCC=0.3042
TERF1: CHIP -> GHTS
TEST TERF1 CHIP -> GHTS: loss=0.2296 AUROC=0.8954 AUPRC=0.4974 BalAcc=0.6611 F1=0.4833 MCC=0.5558
Completed TERF1/CHIP: one model, both fixed test sets.
