TF=CTCF train=GHTS seed=2 model=hum301_motif64_local.py
/home/jbossenz/miniforge3/envs/at_env/bin/python -u /data/projects/SFB_A03/jan/AT_TFBS/human301/hum301_motif64_local.py train --cache /data/projects/SFB_A03/jan/AT_TFBS/raw_data/human/ArchThalia-ML/CTCF/GHTS/dataset.npz --output-dir /data/projects/SFB_A03/jan/AT_TFBS/human301/runs/CTCF/crossassay_archthalia_20261009_144503_1046783/GHTS_seed2 --input-length 256 --embed-channels 64 --encoder-channels 80 96 128 --heads 4 --ffn-channels 256 --classification-readout local-logsumexp --task-mode classification --checkpoint-objective classification-auprc --threshold-strategy val-mcc --negatives-per-positive 10 --batch-size 88 --hard-negative-fraction 0 --epochs 100 --patience 20 --learning-rate 0.0003 --min-learning-rate 0.000001 --weight-decay 0.0001 --dropout 0.1 --activation relu --reverse-complement-probability 0.5 --eval-crops multi --eval-rc --no-balanced-evaluation --eval-batch-size 128 --num-workers 2 --seed 2 --device cuda --skip-test
Window geometry: 256 bp from 301 bp; crop starts 0..45; shifts -22..+23; fresh uniform draw per access
Evaluation: crops (0, 22, 23, 45), reverse complement=True; all samples
train: n=1,092,921, positive=10,821, negative=1,082,100
  val: n=258,762, positive=2,562, negative=256,200
 test: n=1,122,514, positive=11,114, negative=1,111,400
Device: cuda
Hidden activation: RELU
Parameters: 1,032,981 total; 1,032,981 trainable
Architecture: motif kernels 9/12; encoder 128/64/64; original five-block bottleneck at 64; decoder 64/128/256
  negatives seen=10.0%; hard negatives=0
Epoch 001 train: loss=0.3335 AUROC=0.9812 AUPRC=0.9052 BalAcc=0.9316 F1=0.7695 MCC=0.7536
Epoch 001 val  : loss=0.0939 AUROC=0.9941 AUPRC=0.8955 BalAcc=0.9728 F1=0.4376 MCC=0.5166
  learning_rate_used=3.000e-04; learning_rate_next=2.999e-04; elapsed=124.3s
  saved new best checkpoint: /data/projects/SFB_A03/jan/AT_TFBS/human301/runs/CTCF/crossassay_archthalia_20261009_144503_1046783/GHTS_seed2/best_model.pt (objective=classification-auprc, score=0.895547)
  negatives seen=20.0%; hard negatives=0
Epoch 002 train: loss=0.2046 AUROC=0.9928 AUPRC=0.9628 BalAcc=0.9634 F1=0.8890 MCC=0.8791
Epoch 002 val  : loss=0.0421 AUROC=0.9955 AUPRC=0.9324 BalAcc=0.9762 F1=0.6563 MCC=0.6884
  learning_rate_used=2.999e-04; learning_rate_next=2.997e-04; elapsed=125.3s
  saved new best checkpoint: /data/projects/SFB_A03/jan/AT_TFBS/human301/runs/CTCF/crossassay_archthalia_20261009_144503_1046783/GHTS_seed2/best_model.pt (objective=classification-auprc, score=0.932436)
  negatives seen=30.0%; hard negatives=0
Epoch 003 train: loss=0.1692 AUROC=0.9947 AUPRC=0.9737 BalAcc=0.9695 F1=0.9091 MCC=0.9007
Epoch 003 val  : loss=0.0546 AUROC=0.9959 AUPRC=0.9371 BalAcc=0.9777 F1=0.5784 MCC=0.6273
  learning_rate_used=2.997e-04; learning_rate_next=2.993e-04; elapsed=125.4s
  saved new best checkpoint: /data/projects/SFB_A03/jan/AT_TFBS/human301/runs/CTCF/crossassay_archthalia_20261009_144503_1046783/GHTS_seed2/best_model.pt (objective=classification-auprc, score=0.937120)
  negatives seen=40.0%; hard negatives=0
Epoch 004 train: loss=0.1538 AUROC=0.9954 AUPRC=0.9781 BalAcc=0.9726 F1=0.9192 MCC=0.9117
Epoch 004 val  : loss=0.0353 AUROC=0.9969 AUPRC=0.9422 BalAcc=0.9803 F1=0.7145 MCC=0.7373
  learning_rate_used=2.993e-04; learning_rate_next=2.988e-04; elapsed=124.7s
  saved new best checkpoint: /data/projects/SFB_A03/jan/AT_TFBS/human301/runs/CTCF/crossassay_archthalia_20261009_144503_1046783/GHTS_seed2/best_model.pt (objective=classification-auprc, score=0.942200)
  negatives seen=50.0%; hard negatives=0
Epoch 005 train: loss=0.1385 AUROC=0.9961 AUPRC=0.9812 BalAcc=0.9767 F1=0.9274 MCC=0.9207
Epoch 005 val  : loss=0.0378 AUROC=0.9966 AUPRC=0.9377 BalAcc=0.9788 F1=0.6606 MCC=0.6928
  learning_rate_used=2.988e-04; learning_rate_next=2.982e-04; elapsed=124.4s
  negatives seen=60.0%; hard negatives=0
Epoch 006 train: loss=0.1334 AUROC=0.9965 AUPRC=0.9818 BalAcc=0.9766 F1=0.9306 MCC=0.9241
Epoch 006 val  : loss=0.0356 AUROC=0.9965 AUPRC=0.9504 BalAcc=0.9807 F1=0.6877 MCC=0.7154
  learning_rate_used=2.982e-04; learning_rate_next=2.974e-04; elapsed=124.2s
  saved new best checkpoint: /data/projects/SFB_A03/jan/AT_TFBS/human301/runs/CTCF/crossassay_archthalia_20261009_144503_1046783/GHTS_seed2/best_model.pt (objective=classification-auprc, score=0.950372)
  negatives seen=70.0%; hard negatives=0
Epoch 007 train: loss=0.1243 AUROC=0.9965 AUPRC=0.9839 BalAcc=0.9793 F1=0.9361 MCC=0.9301
Epoch 007 val  : loss=0.0311 AUROC=0.9966 AUPRC=0.9493 BalAcc=0.9799 F1=0.7342 MCC=0.7535
  learning_rate_used=2.974e-04; learning_rate_next=2.964e-04; elapsed=126.1s
  negatives seen=80.0%; hard negatives=0
Epoch 008 train: loss=0.1218 AUROC=0.9968 AUPRC=0.9842 BalAcc=0.9802 F1=0.9395 MCC=0.9338
Epoch 008 val  : loss=0.0287 AUROC=0.9971 AUPRC=0.9528 BalAcc=0.9784 F1=0.7724 MCC=0.7854
  learning_rate_used=2.964e-04; learning_rate_next=2.953e-04; elapsed=124.4s
  saved new best checkpoint: /data/projects/SFB_A03/jan/AT_TFBS/human301/runs/CTCF/crossassay_archthalia_20261009_144503_1046783/GHTS_seed2/best_model.pt (objective=classification-auprc, score=0.952827)
  negatives seen=90.0%; hard negatives=0
Epoch 009 train: loss=0.1165 AUROC=0.9968 AUPRC=0.9857 BalAcc=0.9812 F1=0.9429 MCC=0.9375
Epoch 009 val  : loss=0.0363 AUROC=0.9968 AUPRC=0.9454 BalAcc=0.9807 F1=0.6621 MCC=0.6947
  learning_rate_used=2.953e-04; learning_rate_next=2.941e-04; elapsed=125.5s
  negatives seen=100.0%; hard negatives=0
Epoch 010 train: loss=0.1159 AUROC=0.9971 AUPRC=0.9854 BalAcc=0.9812 F1=0.9420 MCC=0.9365
Epoch 010 val  : loss=0.0317 AUROC=0.9971 AUPRC=0.9553 BalAcc=0.9812 F1=0.7107 MCC=0.7344
  learning_rate_used=2.941e-04; learning_rate_next=2.927e-04; elapsed=124.5s
  saved new best checkpoint: /data/projects/SFB_A03/jan/AT_TFBS/human301/runs/CTCF/crossassay_archthalia_20261009_144503_1046783/GHTS_seed2/best_model.pt (objective=classification-auprc, score=0.955260)
  negatives seen=100.0%; hard negatives=0
Epoch 011 train: loss=0.1045 AUROC=0.9974 AUPRC=0.9882 BalAcc=0.9828 F1=0.9478 MCC=0.9428
Epoch 011 val  : loss=0.0320 AUROC=0.9972 AUPRC=0.9555 BalAcc=0.9806 F1=0.7306 MCC=0.7507
  learning_rate_used=2.927e-04; learning_rate_next=2.912e-04; elapsed=125.3s
  saved new best checkpoint: /data/projects/SFB_A03/jan/AT_TFBS/human301/runs/CTCF/crossassay_archthalia_20261009_144503_1046783/GHTS_seed2/best_model.pt (objective=classification-auprc, score=0.955536)
  negatives seen=100.0%; hard negatives=0
Epoch 012 train: loss=0.0994 AUROC=0.9977 AUPRC=0.9889 BalAcc=0.9835 F1=0.9492 MCC=0.9443
Epoch 012 val  : loss=0.0265 AUROC=0.9975 AUPRC=0.9539 BalAcc=0.9780 F1=0.8097 MCC=0.8179
  learning_rate_used=2.912e-04; learning_rate_next=2.895e-04; elapsed=126.3s
  negatives seen=100.0%; hard negatives=0
Epoch 013 train: loss=0.1010 AUROC=0.9974 AUPRC=0.9888 BalAcc=0.9835 F1=0.9499 MCC=0.9451
Epoch 013 val  : loss=0.0270 AUROC=0.9976 AUPRC=0.9501 BalAcc=0.9735 F1=0.8180 MCC=0.8242
  learning_rate_used=2.895e-04; learning_rate_next=2.877e-04; elapsed=126.7s
  negatives seen=100.0%; hard negatives=0
Epoch 014 train: loss=0.1019 AUROC=0.9977 AUPRC=0.9880 BalAcc=0.9834 F1=0.9487 MCC=0.9439
Epoch 014 val  : loss=0.0368 AUROC=0.9977 AUPRC=0.9582 BalAcc=0.9844 F1=0.6561 MCC=0.6913
  learning_rate_used=2.877e-04; learning_rate_next=2.858e-04; elapsed=124.6s
  saved new best checkpoint: /data/projects/SFB_A03/jan/AT_TFBS/human301/runs/CTCF/crossassay_archthalia_20261009_144503_1046783/GHTS_seed2/best_model.pt (objective=classification-auprc, score=0.958159)
  negatives seen=100.0%; hard negatives=0
Epoch 015 train: loss=0.0952 AUROC=0.9980 AUPRC=0.9896 BalAcc=0.9848 F1=0.9518 MCC=0.9472
Epoch 015 val  : loss=0.0259 AUROC=0.9978 AUPRC=0.9525 BalAcc=0.9757 F1=0.8185 MCC=0.8251
  learning_rate_used=2.858e-04; learning_rate_next=2.837e-04; elapsed=126.2s
  negatives seen=100.0%; hard negatives=0
Epoch 016 train: loss=0.0942 AUROC=0.9982 AUPRC=0.9897 BalAcc=0.9851 F1=0.9536 MCC=0.9491
Epoch 016 val  : loss=0.0244 AUROC=0.9983 AUPRC=0.9580 BalAcc=0.9780 F1=0.8068 MCC=0.8153
  learning_rate_used=2.837e-04; learning_rate_next=2.815e-04; elapsed=125.2s
  negatives seen=100.0%; hard negatives=0
Epoch 017 train: loss=0.0940 AUROC=0.9981 AUPRC=0.9894 BalAcc=0.9852 F1=0.9534 MCC=0.9490
Epoch 017 val  : loss=0.0257 AUROC=0.9980 AUPRC=0.9540 BalAcc=0.9757 F1=0.8198 MCC=0.8262
  learning_rate_used=2.815e-04; learning_rate_next=2.792e-04; elapsed=125.8s
  negatives seen=100.0%; hard negatives=0
Epoch 018 train: loss=0.0858 AUROC=0.9984 AUPRC=0.9913 BalAcc=0.9855 F1=0.9558 MCC=0.9516
Epoch 018 val  : loss=0.0238 AUROC=0.9982 AUPRC=0.9577 BalAcc=0.9756 F1=0.8273 MCC=0.8330
  learning_rate_used=2.792e-04; learning_rate_next=2.767e-04; elapsed=125.3s
  negatives seen=100.0%; hard negatives=0
Epoch 019 train: loss=0.0858 AUROC=0.9987 AUPRC=0.9913 BalAcc=0.9861 F1=0.9587 MCC=0.9547
Epoch 019 val  : loss=0.0298 AUROC=0.9976 AUPRC=0.9524 BalAcc=0.9753 F1=0.8187 MCC=0.8252
  learning_rate_used=2.767e-04; learning_rate_next=2.741e-04; elapsed=123.2s
  negatives seen=100.0%; hard negatives=0
Epoch 020 train: loss=0.0785 AUROC=0.9988 AUPRC=0.9921 BalAcc=0.9871 F1=0.9597 MCC=0.9559
Epoch 020 val  : loss=0.0308 AUROC=0.9984 AUPRC=0.9596 BalAcc=0.9850 F1=0.6986 MCC=0.7258
  learning_rate_used=2.741e-04; learning_rate_next=2.714e-04; elapsed=124.8s
  saved new best checkpoint: /data/projects/SFB_A03/jan/AT_TFBS/human301/runs/CTCF/crossassay_archthalia_20261009_144503_1046783/GHTS_seed2/best_model.pt (objective=classification-auprc, score=0.959616)
  negatives seen=100.0%; hard negatives=0
Epoch 021 train: loss=0.0796 AUROC=0.9987 AUPRC=0.9918 BalAcc=0.9869 F1=0.9586 MCC=0.9546
Epoch 021 val  : loss=0.0239 AUROC=0.9983 AUPRC=0.9574 BalAcc=0.9750 F1=0.8399 MCC=0.8442
  learning_rate_used=2.714e-04; learning_rate_next=2.686e-04; elapsed=125.5s
  negatives seen=100.0%; hard negatives=0
Epoch 022 train: loss=0.0742 AUROC=0.9989 AUPRC=0.9927 BalAcc=0.9873 F1=0.9617 MCC=0.9581
Epoch 022 val  : loss=0.0274 AUROC=0.9983 AUPRC=0.9608 BalAcc=0.9825 F1=0.7329 MCC=0.7533
  learning_rate_used=2.686e-04; learning_rate_next=2.657e-04; elapsed=126.0s
  saved new best checkpoint: /data/projects/SFB_A03/jan/AT_TFBS/human301/runs/CTCF/crossassay_archthalia_20261009_144503_1046783/GHTS_seed2/best_model.pt (objective=classification-auprc, score=0.960805)
  negatives seen=100.0%; hard negatives=0
Epoch 023 train: loss=0.0698 AUROC=0.9990 AUPRC=0.9931 BalAcc=0.9884 F1=0.9622 MCC=0.9586
Epoch 023 val  : loss=0.0262 AUROC=0.9983 AUPRC=0.9566 BalAcc=0.9749 F1=0.8160 MCC=0.8227
  learning_rate_used=2.657e-04; learning_rate_next=2.626e-04; elapsed=124.4s
  negatives seen=100.0%; hard negatives=0
Epoch 024 train: loss=0.0687 AUROC=0.9991 AUPRC=0.9941 BalAcc=0.9887 F1=0.9639 MCC=0.9604
Epoch 024 val  : loss=0.0240 AUROC=0.9984 AUPRC=0.9584 BalAcc=0.9736 F1=0.8484 MCC=0.8517
  learning_rate_used=2.626e-04; learning_rate_next=2.595e-04; elapsed=126.5s
  negatives seen=100.0%; hard negatives=0
Epoch 025 train: loss=0.0721 AUROC=0.9991 AUPRC=0.9926 BalAcc=0.9879 F1=0.9609 MCC=0.9572
Epoch 025 val  : loss=0.0275 AUROC=0.9980 AUPRC=0.9590 BalAcc=0.9826 F1=0.7596 MCC=0.7757
  learning_rate_used=2.595e-04; learning_rate_next=2.562e-04; elapsed=125.2s
  negatives seen=100.0%; hard negatives=0
Epoch 026 train: loss=0.0638 AUROC=0.9991 AUPRC=0.9941 BalAcc=0.9893 F1=0.9664 MCC=0.9631
Epoch 026 val  : loss=0.0240 AUROC=0.9984 AUPRC=0.9601 BalAcc=0.9798 F1=0.8086 MCC=0.8173
  learning_rate_used=2.562e-04; learning_rate_next=2.528e-04; elapsed=123.5s
  negatives seen=100.0%; hard negatives=0
Epoch 027 train: loss=0.0644 AUROC=0.9993 AUPRC=0.9945 BalAcc=0.9893 F1=0.9651 MCC=0.9617
Epoch 027 val  : loss=0.0255 AUROC=0.9986 AUPRC=0.9607 BalAcc=0.9816 F1=0.8043 MCC=0.8140
  learning_rate_used=2.528e-04; learning_rate_next=2.494e-04; elapsed=125.5s
  negatives seen=100.0%; hard negatives=0
Epoch 028 train: loss=0.0606 AUROC=0.9993 AUPRC=0.9946 BalAcc=0.9901 F1=0.9664 MCC=0.9632
Epoch 028 val  : loss=0.0247 AUROC=0.9982 AUPRC=0.9593 BalAcc=0.9769 F1=0.8252 MCC=0.8314
  learning_rate_used=2.494e-04; learning_rate_next=2.458e-04; elapsed=124.1s
  negatives seen=100.0%; hard negatives=0
Epoch 029 train: loss=0.0602 AUROC=0.9993 AUPRC=0.9944 BalAcc=0.9897 F1=0.9670 MCC=0.9638
Epoch 029 val  : loss=0.0227 AUROC=0.9986 AUPRC=0.9601 BalAcc=0.9748 F1=0.8508 MCC=0.8541
  learning_rate_used=2.458e-04; learning_rate_next=2.421e-04; elapsed=126.6s
  negatives seen=100.0%; hard negatives=0
Epoch 030 train: loss=0.0588 AUROC=0.9994 AUPRC=0.9947 BalAcc=0.9908 F1=0.9704 MCC=0.9675
Epoch 030 val  : loss=0.0284 AUROC=0.9978 AUPRC=0.9517 BalAcc=0.9751 F1=0.8028 MCC=0.8111
  learning_rate_used=2.421e-04; learning_rate_next=2.384e-04; elapsed=126.4s
  negatives seen=100.0%; hard negatives=0
Epoch 031 train: loss=0.0580 AUROC=0.9994 AUPRC=0.9955 BalAcc=0.9903 F1=0.9696 MCC=0.9667
Epoch 031 val  : loss=0.0254 AUROC=0.9982 AUPRC=0.9563 BalAcc=0.9701 F1=0.8506 MCC=0.8531
  learning_rate_used=2.384e-04; learning_rate_next=2.345e-04; elapsed=126.5s
  negatives seen=100.0%; hard negatives=0
Epoch 032 train: loss=0.0506 AUROC=0.9995 AUPRC=0.9959 BalAcc=0.9909 F1=0.9718 MCC=0.9690
Epoch 032 val  : loss=0.0237 AUROC=0.9983 AUPRC=0.9604 BalAcc=0.9755 F1=0.8362 MCC=0.8410
  learning_rate_used=2.345e-04; learning_rate_next=2.306e-04; elapsed=124.0s
  negatives seen=100.0%; hard negatives=0
Epoch 033 train: loss=0.0536 AUROC=0.9995 AUPRC=0.9957 BalAcc=0.9904 F1=0.9692 MCC=0.9662
Epoch 033 val  : loss=0.0237 AUROC=0.9985 AUPRC=0.9595 BalAcc=0.9734 F1=0.8630 MCC=0.8652
  learning_rate_used=2.306e-04; learning_rate_next=2.266e-04; elapsed=125.4s
  negatives seen=100.0%; hard negatives=0
Epoch 034 train: loss=0.0530 AUROC=0.9995 AUPRC=0.9955 BalAcc=0.9905 F1=0.9703 MCC=0.9675
Epoch 034 val  : loss=0.0242 AUROC=0.9985 AUPRC=0.9584 BalAcc=0.9788 F1=0.7968 MCC=0.8067
  learning_rate_used=2.266e-04; learning_rate_next=2.225e-04; elapsed=126.4s
  negatives seen=100.0%; hard negatives=0
Epoch 035 train: loss=0.0497 AUROC=0.9996 AUPRC=0.9961 BalAcc=0.9918 F1=0.9724 MCC=0.9697
Epoch 035 val  : loss=0.0261 AUROC=0.9984 AUPRC=0.9601 BalAcc=0.9812 F1=0.7670 MCC=0.7816
  learning_rate_used=2.225e-04; learning_rate_next=2.184e-04; elapsed=123.8s
  negatives seen=100.0%; hard negatives=0
Epoch 036 train: loss=0.0491 AUROC=0.9996 AUPRC=0.9957 BalAcc=0.9917 F1=0.9726 MCC=0.9700
Epoch 036 val  : loss=0.0236 AUROC=0.9984 AUPRC=0.9598 BalAcc=0.9757 F1=0.8501 MCC=0.8537
  learning_rate_used=2.184e-04; learning_rate_next=2.142e-04; elapsed=125.5s
  negatives seen=100.0%; hard negatives=0
Epoch 037 train: loss=0.0456 AUROC=0.9996 AUPRC=0.9963 BalAcc=0.9923 F1=0.9735 MCC=0.9709
Epoch 037 val  : loss=0.0254 AUROC=0.9983 AUPRC=0.9595 BalAcc=0.9781 F1=0.8388 MCC=0.8438
  learning_rate_used=2.142e-04; learning_rate_next=2.099e-04; elapsed=124.6s
  negatives seen=100.0%; hard negatives=0
Epoch 038 train: loss=0.0491 AUROC=0.9996 AUPRC=0.9963 BalAcc=0.9917 F1=0.9735 MCC=0.9710
Epoch 038 val  : loss=0.0237 AUROC=0.9982 AUPRC=0.9606 BalAcc=0.9769 F1=0.8403 MCC=0.8450
  learning_rate_used=2.099e-04; learning_rate_next=2.055e-04; elapsed=125.6s
  negatives seen=100.0%; hard negatives=0
Epoch 039 train: loss=0.0420 AUROC=0.9997 AUPRC=0.9967 BalAcc=0.9927 F1=0.9761 MCC=0.9737
Epoch 039 val  : loss=0.0262 AUROC=0.9985 AUPRC=0.9592 BalAcc=0.9695 F1=0.8769 MCC=0.8777
  learning_rate_used=2.055e-04; learning_rate_next=2.011e-04; elapsed=124.0s
  negatives seen=100.0%; hard negatives=0
Epoch 040 train: loss=0.0424 AUROC=0.9996 AUPRC=0.9963 BalAcc=0.9934 F1=0.9759 MCC=0.9736
Epoch 040 val  : loss=0.0262 AUROC=0.9984 AUPRC=0.9601 BalAcc=0.9688 F1=0.8841 MCC=0.8845
  learning_rate_used=2.011e-04; learning_rate_next=1.967e-04; elapsed=124.4s
  negatives seen=100.0%; hard negatives=0
Epoch 041 train: loss=0.0375 AUROC=0.9997 AUPRC=0.9972 BalAcc=0.9936 F1=0.9773 MCC=0.9752
Epoch 041 val  : loss=0.0241 AUROC=0.9984 AUPRC=0.9609 BalAcc=0.9805 F1=0.8079 MCC=0.8169
  learning_rate_used=1.967e-04; learning_rate_next=1.922e-04; elapsed=123.4s
  negatives seen=100.0%; hard negatives=0
Epoch 042 train: loss=0.0418 AUROC=0.9997 AUPRC=0.9966 BalAcc=0.9931 F1=0.9769 MCC=0.9747
Epoch 042 val  : loss=0.0281 AUROC=0.9983 AUPRC=0.9540 BalAcc=0.9673 F1=0.8580 MCC=0.8596
  learning_rate_used=1.922e-04; learning_rate_next=1.877e-04; elapsed=123.4s
Early stopping after 42 epochs.
Binary threshold: 0.952226 (strategy=val-mcc, validation_score=0.907095)
Validation-only run completed; frozen model: /data/projects/SFB_A03/jan/AT_TFBS/human301/runs/CTCF/crossassay_archthalia_20261009_144503_1046783/GHTS_seed2/model_for_prediction.pt
CTCF: GHTS -> GHTS
TEST CTCF GHTS -> GHTS: loss=0.0289 AUROC=0.9978 AUPRC=0.9625 BalAcc=0.9532 F1=0.9074 MCC=0.9064
CTCF: GHTS -> CHIP
TEST CTCF GHTS -> CHIP: loss=0.2829 AUROC=0.9256 AUPRC=0.5222 BalAcc=0.6264 F1=0.3943 MCC=0.4729
Completed CTCF/GHTS: one model, both fixed test sets.
