TF=LEF1 train=GHTS seed=1 model=hum301_motif64_local.py
/home/jbossenz/miniforge3/envs/at_env/bin/python -u /data/projects/SFB_A03/jan/AT_TFBS/human301/hum301_motif64_local.py train --cache /data/projects/SFB_A03/jan/AT_TFBS/raw_data/human/ArchThalia-ML/LEF1/GHTS/dataset.npz --output-dir /data/projects/SFB_A03/jan/AT_TFBS/human301/runs/LEF1/crossassay_archthalia_20261009_144503_1046783/GHTS_seed1 --input-length 256 --embed-channels 64 --encoder-channels 80 96 128 --heads 4 --ffn-channels 256 --classification-readout local-logsumexp --task-mode classification --checkpoint-objective classification-auprc --threshold-strategy val-mcc --negatives-per-positive 10 --batch-size 88 --hard-negative-fraction 0 --epochs 100 --patience 20 --learning-rate 0.0003 --min-learning-rate 0.000001 --weight-decay 0.0001 --dropout 0.1 --activation relu --reverse-complement-probability 0.5 --eval-crops multi --eval-rc --no-balanced-evaluation --eval-batch-size 128 --num-workers 2 --seed 1 --device cuda --skip-test
Window geometry: 256 bp from 301 bp; crop starts 0..45; shifts -22..+23; fresh uniform draw per access
Evaluation: crops (0, 22, 23, 45), reverse complement=True; all samples
train: n=461,267, positive=4,567, negative=456,700
  val: n=149,177, positive=1,477, negative=147,700
 test: n=580,952, positive=5,752, negative=575,200
Device: cuda
Hidden activation: RELU
Parameters: 1,032,981 total; 1,032,981 trainable
Architecture: motif kernels 9/12; encoder 128/64/64; original five-block bottleneck at 64; decoder 64/128/256
  negatives seen=10.0%; hard negatives=0
Epoch 001 train: loss=0.3242 AUROC=0.9832 AUPRC=0.9156 BalAcc=0.9342 F1=0.7672 MCC=0.7522
Epoch 001 val  : loss=0.0907 AUROC=0.9975 AUPRC=0.9464 BalAcc=0.9826 F1=0.4196 MCC=0.5066
  learning_rate_used=3.000e-04; learning_rate_next=2.999e-04; elapsed=68.1s
  saved new best checkpoint: /data/projects/SFB_A03/jan/AT_TFBS/human301/runs/LEF1/crossassay_archthalia_20261009_144503_1046783/GHTS_seed1/best_model.pt (objective=classification-auprc, score=0.946423)
  negatives seen=20.0%; hard negatives=0
Epoch 002 train: loss=0.1554 AUROC=0.9957 AUPRC=0.9737 BalAcc=0.9754 F1=0.9248 MCC=0.9178
Epoch 002 val  : loss=0.0329 AUROC=0.9977 AUPRC=0.9518 BalAcc=0.9883 F1=0.7272 MCC=0.7504
  learning_rate_used=2.999e-04; learning_rate_next=2.997e-04; elapsed=66.2s
  saved new best checkpoint: /data/projects/SFB_A03/jan/AT_TFBS/human301/runs/LEF1/crossassay_archthalia_20261009_144503_1046783/GHTS_seed1/best_model.pt (objective=classification-auprc, score=0.951822)
  negatives seen=30.0%; hard negatives=0
Epoch 003 train: loss=0.1301 AUROC=0.9966 AUPRC=0.9798 BalAcc=0.9809 F1=0.9413 MCC=0.9358
Epoch 003 val  : loss=0.0466 AUROC=0.9975 AUPRC=0.9582 BalAcc=0.9875 F1=0.5906 MCC=0.6406
  learning_rate_used=2.997e-04; learning_rate_next=2.993e-04; elapsed=66.2s
  saved new best checkpoint: /data/projects/SFB_A03/jan/AT_TFBS/human301/runs/LEF1/crossassay_archthalia_20261009_144503_1046783/GHTS_seed1/best_model.pt (objective=classification-auprc, score=0.958199)
  negatives seen=40.0%; hard negatives=0
Epoch 004 train: loss=0.1176 AUROC=0.9970 AUPRC=0.9817 BalAcc=0.9832 F1=0.9448 MCC=0.9397
Epoch 004 val  : loss=0.0227 AUROC=0.9977 AUPRC=0.9534 BalAcc=0.9830 F1=0.8345 MCC=0.8410
  learning_rate_used=2.993e-04; learning_rate_next=2.988e-04; elapsed=66.4s
  negatives seen=50.0%; hard negatives=0
Epoch 005 train: loss=0.1105 AUROC=0.9972 AUPRC=0.9809 BalAcc=0.9836 F1=0.9475 MCC=0.9425
Epoch 005 val  : loss=0.0354 AUROC=0.9979 AUPRC=0.9653 BalAcc=0.9898 F1=0.6555 MCC=0.6927
  learning_rate_used=2.988e-04; learning_rate_next=2.982e-04; elapsed=66.6s
  saved new best checkpoint: /data/projects/SFB_A03/jan/AT_TFBS/human301/runs/LEF1/crossassay_archthalia_20261009_144503_1046783/GHTS_seed1/best_model.pt (objective=classification-auprc, score=0.965269)
  negatives seen=60.0%; hard negatives=0
Epoch 006 train: loss=0.1030 AUROC=0.9977 AUPRC=0.9870 BalAcc=0.9843 F1=0.9531 MCC=0.9485
Epoch 006 val  : loss=0.0379 AUROC=0.9984 AUPRC=0.9646 BalAcc=0.9900 F1=0.6821 MCC=0.7141
  learning_rate_used=2.982e-04; learning_rate_next=2.974e-04; elapsed=67.0s
  negatives seen=70.0%; hard negatives=0
Epoch 007 train: loss=0.1050 AUROC=0.9977 AUPRC=0.9841 BalAcc=0.9836 F1=0.9519 MCC=0.9473
Epoch 007 val  : loss=0.0630 AUROC=0.9984 AUPRC=0.9626 BalAcc=0.9866 F1=0.4980 MCC=0.5687
  learning_rate_used=2.974e-04; learning_rate_next=2.964e-04; elapsed=66.5s
  negatives seen=80.0%; hard negatives=0
Epoch 008 train: loss=0.0957 AUROC=0.9981 AUPRC=0.9883 BalAcc=0.9848 F1=0.9559 MCC=0.9517
Epoch 008 val  : loss=0.0202 AUROC=0.9984 AUPRC=0.9680 BalAcc=0.9866 F1=0.8329 MCC=0.8404
  learning_rate_used=2.964e-04; learning_rate_next=2.953e-04; elapsed=66.2s
  saved new best checkpoint: /data/projects/SFB_A03/jan/AT_TFBS/human301/runs/LEF1/crossassay_archthalia_20261009_144503_1046783/GHTS_seed1/best_model.pt (objective=classification-auprc, score=0.968009)
  negatives seen=90.0%; hard negatives=0
Epoch 009 train: loss=0.0858 AUROC=0.9983 AUPRC=0.9879 BalAcc=0.9863 F1=0.9562 MCC=0.9520
Epoch 009 val  : loss=0.0306 AUROC=0.9980 AUPRC=0.9622 BalAcc=0.9898 F1=0.6864 MCC=0.7176
  learning_rate_used=2.953e-04; learning_rate_next=2.941e-04; elapsed=66.2s
  negatives seen=100.0%; hard negatives=0
Epoch 010 train: loss=0.0859 AUROC=0.9985 AUPRC=0.9895 BalAcc=0.9866 F1=0.9590 MCC=0.9550
Epoch 010 val  : loss=0.0328 AUROC=0.9985 AUPRC=0.9657 BalAcc=0.9901 F1=0.6714 MCC=0.7056
  learning_rate_used=2.941e-04; learning_rate_next=2.927e-04; elapsed=66.6s
  negatives seen=100.0%; hard negatives=0
Epoch 011 train: loss=0.0796 AUROC=0.9984 AUPRC=0.9899 BalAcc=0.9870 F1=0.9594 MCC=0.9555
Epoch 011 val  : loss=0.0246 AUROC=0.9986 AUPRC=0.9681 BalAcc=0.9897 F1=0.7509 MCC=0.7706
  learning_rate_used=2.927e-04; learning_rate_next=2.912e-04; elapsed=66.4s
  saved new best checkpoint: /data/projects/SFB_A03/jan/AT_TFBS/human301/runs/LEF1/crossassay_archthalia_20261009_144503_1046783/GHTS_seed1/best_model.pt (objective=classification-auprc, score=0.968113)
  negatives seen=100.0%; hard negatives=0
Epoch 012 train: loss=0.0795 AUROC=0.9981 AUPRC=0.9892 BalAcc=0.9879 F1=0.9628 MCC=0.9593
Epoch 012 val  : loss=0.0272 AUROC=0.9979 AUPRC=0.9547 BalAcc=0.9644 F1=0.8919 MCC=0.8916
  learning_rate_used=2.912e-04; learning_rate_next=2.895e-04; elapsed=66.5s
  negatives seen=100.0%; hard negatives=0
Epoch 013 train: loss=0.0729 AUROC=0.9985 AUPRC=0.9885 BalAcc=0.9887 F1=0.9641 MCC=0.9607
Epoch 013 val  : loss=0.0250 AUROC=0.9982 AUPRC=0.9697 BalAcc=0.9900 F1=0.7510 MCC=0.7708
  learning_rate_used=2.895e-04; learning_rate_next=2.877e-04; elapsed=66.1s
  saved new best checkpoint: /data/projects/SFB_A03/jan/AT_TFBS/human301/runs/LEF1/crossassay_archthalia_20261009_144503_1046783/GHTS_seed1/best_model.pt (objective=classification-auprc, score=0.969718)
  negatives seen=100.0%; hard negatives=0
Epoch 014 train: loss=0.0698 AUROC=0.9985 AUPRC=0.9896 BalAcc=0.9897 F1=0.9651 MCC=0.9618
Epoch 014 val  : loss=0.0261 AUROC=0.9983 AUPRC=0.9659 BalAcc=0.9903 F1=0.7462 MCC=0.7668
  learning_rate_used=2.877e-04; learning_rate_next=2.858e-04; elapsed=66.7s
  negatives seen=100.0%; hard negatives=0
Epoch 015 train: loss=0.0750 AUROC=0.9986 AUPRC=0.9905 BalAcc=0.9889 F1=0.9649 MCC=0.9615
Epoch 015 val  : loss=0.0337 AUROC=0.9986 AUPRC=0.9687 BalAcc=0.9910 F1=0.6680 MCC=0.7032
  learning_rate_used=2.858e-04; learning_rate_next=2.837e-04; elapsed=66.5s
  negatives seen=100.0%; hard negatives=0
Epoch 016 train: loss=0.0657 AUROC=0.9986 AUPRC=0.9905 BalAcc=0.9906 F1=0.9646 MCC=0.9613
Epoch 016 val  : loss=0.0222 AUROC=0.9983 AUPRC=0.9643 BalAcc=0.9875 F1=0.7988 MCC=0.8107
  learning_rate_used=2.837e-04; learning_rate_next=2.815e-04; elapsed=67.0s
  negatives seen=100.0%; hard negatives=0
Epoch 017 train: loss=0.0735 AUROC=0.9987 AUPRC=0.9905 BalAcc=0.9885 F1=0.9629 MCC=0.9593
Epoch 017 val  : loss=0.0194 AUROC=0.9979 AUPRC=0.9681 BalAcc=0.9835 F1=0.8497 MCC=0.8548
  learning_rate_used=2.815e-04; learning_rate_next=2.792e-04; elapsed=66.1s
  negatives seen=100.0%; hard negatives=0
Epoch 018 train: loss=0.0616 AUROC=0.9988 AUPRC=0.9914 BalAcc=0.9906 F1=0.9676 MCC=0.9645
Epoch 018 val  : loss=0.0218 AUROC=0.9981 AUPRC=0.9718 BalAcc=0.9917 F1=0.7885 MCC=0.8030
  learning_rate_used=2.792e-04; learning_rate_next=2.767e-04; elapsed=66.3s
  saved new best checkpoint: /data/projects/SFB_A03/jan/AT_TFBS/human301/runs/LEF1/crossassay_archthalia_20261009_144503_1046783/GHTS_seed1/best_model.pt (objective=classification-auprc, score=0.971847)
  negatives seen=100.0%; hard negatives=0
Epoch 019 train: loss=0.0645 AUROC=0.9988 AUPRC=0.9925 BalAcc=0.9899 F1=0.9667 MCC=0.9635
Epoch 019 val  : loss=0.0194 AUROC=0.9981 AUPRC=0.9658 BalAcc=0.9850 F1=0.8600 MCC=0.8644
  learning_rate_used=2.767e-04; learning_rate_next=2.741e-04; elapsed=66.5s
  negatives seen=100.0%; hard negatives=0
Epoch 020 train: loss=0.0571 AUROC=0.9989 AUPRC=0.9923 BalAcc=0.9917 F1=0.9701 MCC=0.9673
Epoch 020 val  : loss=0.0214 AUROC=0.9984 AUPRC=0.9679 BalAcc=0.9906 F1=0.7871 MCC=0.8015
  learning_rate_used=2.741e-04; learning_rate_next=2.714e-04; elapsed=66.7s
  negatives seen=100.0%; hard negatives=0
Epoch 021 train: loss=0.0611 AUROC=0.9990 AUPRC=0.9935 BalAcc=0.9911 F1=0.9699 MCC=0.9670
Epoch 021 val  : loss=0.0203 AUROC=0.9978 AUPRC=0.9686 BalAcc=0.9873 F1=0.8300 MCC=0.8379
  learning_rate_used=2.714e-04; learning_rate_next=2.686e-04; elapsed=67.3s
  negatives seen=100.0%; hard negatives=0
Epoch 022 train: loss=0.0602 AUROC=0.9989 AUPRC=0.9929 BalAcc=0.9907 F1=0.9697 MCC=0.9668
Epoch 022 val  : loss=0.0205 AUROC=0.9978 AUPRC=0.9659 BalAcc=0.9828 F1=0.8680 MCC=0.8713
  learning_rate_used=2.686e-04; learning_rate_next=2.657e-04; elapsed=66.6s
  negatives seen=100.0%; hard negatives=0
Epoch 023 train: loss=0.0531 AUROC=0.9991 AUPRC=0.9933 BalAcc=0.9920 F1=0.9716 MCC=0.9689
Epoch 023 val  : loss=0.0224 AUROC=0.9985 AUPRC=0.9703 BalAcc=0.9909 F1=0.7834 MCC=0.7984
  learning_rate_used=2.657e-04; learning_rate_next=2.626e-04; elapsed=66.7s
  negatives seen=100.0%; hard negatives=0
Epoch 024 train: loss=0.0507 AUROC=0.9994 AUPRC=0.9950 BalAcc=0.9923 F1=0.9738 MCC=0.9713
Epoch 024 val  : loss=0.0193 AUROC=0.9976 AUPRC=0.9683 BalAcc=0.9844 F1=0.8671 MCC=0.8708
  learning_rate_used=2.626e-04; learning_rate_next=2.595e-04; elapsed=66.6s
  negatives seen=100.0%; hard negatives=0
Epoch 025 train: loss=0.0556 AUROC=0.9990 AUPRC=0.9947 BalAcc=0.9915 F1=0.9728 MCC=0.9702
Epoch 025 val  : loss=0.0197 AUROC=0.9978 AUPRC=0.9675 BalAcc=0.9842 F1=0.8511 MCC=0.8562
  learning_rate_used=2.595e-04; learning_rate_next=2.562e-04; elapsed=67.1s
  negatives seen=100.0%; hard negatives=0
Epoch 026 train: loss=0.0462 AUROC=0.9992 AUPRC=0.9936 BalAcc=0.9932 F1=0.9717 MCC=0.9690
Epoch 026 val  : loss=0.0187 AUROC=0.9978 AUPRC=0.9705 BalAcc=0.9852 F1=0.8768 MCC=0.8798
  learning_rate_used=2.562e-04; learning_rate_next=2.528e-04; elapsed=66.5s
  negatives seen=100.0%; hard negatives=0
Epoch 027 train: loss=0.0493 AUROC=0.9992 AUPRC=0.9932 BalAcc=0.9930 F1=0.9737 MCC=0.9712
Epoch 027 val  : loss=0.0207 AUROC=0.9977 AUPRC=0.9687 BalAcc=0.9898 F1=0.8225 MCC=0.8320
  learning_rate_used=2.528e-04; learning_rate_next=2.494e-04; elapsed=66.9s
  negatives seen=100.0%; hard negatives=0
Epoch 028 train: loss=0.0467 AUROC=0.9993 AUPRC=0.9940 BalAcc=0.9927 F1=0.9736 MCC=0.9711
Epoch 028 val  : loss=0.0192 AUROC=0.9979 AUPRC=0.9678 BalAcc=0.9854 F1=0.8634 MCC=0.8676
  learning_rate_used=2.494e-04; learning_rate_next=2.458e-04; elapsed=66.3s
  negatives seen=100.0%; hard negatives=0
Epoch 029 train: loss=0.0425 AUROC=0.9994 AUPRC=0.9936 BalAcc=0.9937 F1=0.9743 MCC=0.9719
Epoch 029 val  : loss=0.0232 AUROC=0.9980 AUPRC=0.9660 BalAcc=0.9748 F1=0.8958 MCC=0.8962
  learning_rate_used=2.458e-04; learning_rate_next=2.421e-04; elapsed=66.1s
  negatives seen=100.0%; hard negatives=0
Epoch 030 train: loss=0.0485 AUROC=0.9994 AUPRC=0.9942 BalAcc=0.9924 F1=0.9738 MCC=0.9713
Epoch 030 val  : loss=0.0213 AUROC=0.9980 AUPRC=0.9701 BalAcc=0.9903 F1=0.7860 MCC=0.8004
  learning_rate_used=2.421e-04; learning_rate_next=2.384e-04; elapsed=65.9s
  negatives seen=100.0%; hard negatives=0
Epoch 031 train: loss=0.0440 AUROC=0.9995 AUPRC=0.9954 BalAcc=0.9934 F1=0.9764 MCC=0.9741
Epoch 031 val  : loss=0.0194 AUROC=0.9980 AUPRC=0.9663 BalAcc=0.9827 F1=0.8876 MCC=0.8895
  learning_rate_used=2.384e-04; learning_rate_next=2.345e-04; elapsed=66.9s
  negatives seen=100.0%; hard negatives=0
Epoch 032 train: loss=0.0462 AUROC=0.9994 AUPRC=0.9936 BalAcc=0.9926 F1=0.9747 MCC=0.9722
Epoch 032 val  : loss=0.0220 AUROC=0.9979 AUPRC=0.9656 BalAcc=0.9757 F1=0.8937 MCC=0.8943
  learning_rate_used=2.345e-04; learning_rate_next=2.306e-04; elapsed=66.6s
  negatives seen=100.0%; hard negatives=0
Epoch 033 train: loss=0.0432 AUROC=0.9995 AUPRC=0.9943 BalAcc=0.9935 F1=0.9765 MCC=0.9742
Epoch 033 val  : loss=0.0208 AUROC=0.9980 AUPRC=0.9707 BalAcc=0.9893 F1=0.8306 MCC=0.8389
  learning_rate_used=2.306e-04; learning_rate_next=2.266e-04; elapsed=66.1s
  negatives seen=100.0%; hard negatives=0
Epoch 034 train: loss=0.0396 AUROC=0.9996 AUPRC=0.9964 BalAcc=0.9937 F1=0.9780 MCC=0.9758
Epoch 034 val  : loss=0.0213 AUROC=0.9979 AUPRC=0.9663 BalAcc=0.9874 F1=0.8176 MCC=0.8271
  learning_rate_used=2.266e-04; learning_rate_next=2.225e-04; elapsed=66.9s
  negatives seen=100.0%; hard negatives=0
Epoch 035 train: loss=0.0448 AUROC=0.9994 AUPRC=0.9935 BalAcc=0.9934 F1=0.9762 MCC=0.9739
Epoch 035 val  : loss=0.0212 AUROC=0.9980 AUPRC=0.9714 BalAcc=0.9910 F1=0.8092 MCC=0.8206
  learning_rate_used=2.225e-04; learning_rate_next=2.184e-04; elapsed=65.9s
  negatives seen=100.0%; hard negatives=0
Epoch 036 train: loss=0.0428 AUROC=0.9995 AUPRC=0.9957 BalAcc=0.9930 F1=0.9771 MCC=0.9749
Epoch 036 val  : loss=0.0249 AUROC=0.9975 AUPRC=0.9656 BalAcc=0.9708 F1=0.9019 MCC=0.9018
  learning_rate_used=2.184e-04; learning_rate_next=2.142e-04; elapsed=66.8s
  negatives seen=100.0%; hard negatives=0
Epoch 037 train: loss=0.0307 AUROC=0.9997 AUPRC=0.9968 BalAcc=0.9954 F1=0.9816 MCC=0.9798
Epoch 037 val  : loss=0.0199 AUROC=0.9980 AUPRC=0.9710 BalAcc=0.9888 F1=0.8402 MCC=0.8474
  learning_rate_used=2.142e-04; learning_rate_next=2.099e-04; elapsed=66.7s
  negatives seen=100.0%; hard negatives=0
Epoch 038 train: loss=0.0379 AUROC=0.9995 AUPRC=0.9948 BalAcc=0.9945 F1=0.9777 MCC=0.9755
Epoch 038 val  : loss=0.0200 AUROC=0.9977 AUPRC=0.9661 BalAcc=0.9868 F1=0.8700 MCC=0.8739
  learning_rate_used=2.099e-04; learning_rate_next=2.055e-04; elapsed=66.3s
Early stopping after 38 epochs.
Binary threshold: 0.981555 (strategy=val-mcc, validation_score=0.922207)
Validation-only run completed; frozen model: /data/projects/SFB_A03/jan/AT_TFBS/human301/runs/LEF1/crossassay_archthalia_20261009_144503_1046783/GHTS_seed1/model_for_prediction.pt
LEF1: GHTS -> GHTS
TEST LEF1 GHTS -> GHTS: loss=0.0219 AUROC=0.9989 AUPRC=0.9671 BalAcc=0.9602 F1=0.9220 MCC=0.9213
LEF1: GHTS -> CHIP
TEST LEF1 GHTS -> CHIP: loss=0.5268 AUROC=0.7554 AUPRC=0.0919 BalAcc=0.5230 F1=0.0827 MCC=0.1259
Completed LEF1/GHTS: one model, both fixed test sets.
