TF=MYF6 train=GHTS seed=1 model=hum301_motif64_local.py
/home/jbossenz/miniforge3/envs/at_env/bin/python -u /data/projects/SFB_A03/jan/AT_TFBS/human301/hum301_motif64_local.py train --cache /data/projects/SFB_A03/jan/AT_TFBS/raw_data/human/MYF6/GHTS/dataset.npz --output-dir /data/projects/SFB_A03/jan/AT_TFBS/human301/runs/MYF6/crossassay_20261008_004647_1001695/GHTS_seed1 --input-length 256 --embed-channels 64 --encoder-channels 80 96 128 --heads 4 --ffn-channels 256 --classification-readout local-logsumexp --task-mode classification --checkpoint-objective classification-auprc --threshold-strategy val-mcc --negatives-per-positive 10 --batch-size 88 --hard-negative-fraction 0 --epochs 100 --patience 20 --learning-rate 0.0003 --min-learning-rate 0.000001 --weight-decay 0.0001 --dropout 0.1 --activation relu --reverse-complement-probability 0.5 --eval-crops multi --eval-rc --no-balanced-evaluation --eval-batch-size 128 --num-workers 2 --seed 1 --device cuda --skip-test
Window geometry: 256 bp from 301 bp; crop starts 0..45; shifts -22..+23; fresh uniform draw per access
Evaluation: crops (0, 22, 23, 45), reverse complement=True; all samples
train: n=685,184, positive=6,784, negative=678,400
  val: n=191,294, positive=1,894, negative=189,400
 test: n=807,495, positive=7,995, negative=799,500
Device: cuda
Hidden activation: RELU
Parameters: 1,032,981 total; 1,032,981 trainable
Architecture: motif kernels 9/12; encoder 128/64/64; original five-block bottleneck at 64; decoder 64/128/256
  negatives seen=10.0%; hard negatives=0
Epoch 001 train: loss=0.2425 AUROC=0.9906 AUPRC=0.9347 BalAcc=0.9528 F1=0.8157 MCC=0.8036
Epoch 001 val  : loss=0.0895 AUROC=0.9986 AUPRC=0.9385 BalAcc=0.9812 F1=0.3693 MCC=0.4670
  learning_rate_used=3.000e-04; learning_rate_next=2.999e-04; elapsed=88.7s
  saved new best checkpoint: /data/projects/SFB_A03/jan/AT_TFBS/human301/runs/MYF6/crossassay_20261008_004647_1001695/GHTS_seed1/best_model.pt (objective=classification-auprc, score=0.938516)
  negatives seen=20.0%; hard negatives=0
Epoch 002 train: loss=0.1139 AUROC=0.9975 AUPRC=0.9777 BalAcc=0.9815 F1=0.9313 MCC=0.9252
Epoch 002 val  : loss=0.0588 AUROC=0.9984 AUPRC=0.9354 BalAcc=0.9865 F1=0.4900 MCC=0.5624
  learning_rate_used=2.999e-04; learning_rate_next=2.997e-04; elapsed=86.6s
  negatives seen=30.0%; hard negatives=0
Epoch 003 train: loss=0.1044 AUROC=0.9978 AUPRC=0.9815 BalAcc=0.9822 F1=0.9363 MCC=0.9306
Epoch 003 val  : loss=0.0321 AUROC=0.9988 AUPRC=0.9601 BalAcc=0.9898 F1=0.6534 MCC=0.6911
  learning_rate_used=2.997e-04; learning_rate_next=2.993e-04; elapsed=86.4s
  saved new best checkpoint: /data/projects/SFB_A03/jan/AT_TFBS/human301/runs/MYF6/crossassay_20261008_004647_1001695/GHTS_seed1/best_model.pt (objective=classification-auprc, score=0.960055)
  negatives seen=40.0%; hard negatives=0
Epoch 004 train: loss=0.0927 AUROC=0.9983 AUPRC=0.9858 BalAcc=0.9856 F1=0.9489 MCC=0.9442
Epoch 004 val  : loss=0.0224 AUROC=0.9988 AUPRC=0.9572 BalAcc=0.9848 F1=0.7673 MCC=0.7830
  learning_rate_used=2.993e-04; learning_rate_next=2.988e-04; elapsed=86.6s
  negatives seen=50.0%; hard negatives=0
Epoch 005 train: loss=0.0867 AUROC=0.9983 AUPRC=0.9882 BalAcc=0.9867 F1=0.9501 MCC=0.9455
Epoch 005 val  : loss=0.0209 AUROC=0.9987 AUPRC=0.9523 BalAcc=0.9848 F1=0.8181 MCC=0.8269
  learning_rate_used=2.988e-04; learning_rate_next=2.982e-04; elapsed=86.3s
  negatives seen=60.0%; hard negatives=0
Epoch 006 train: loss=0.0778 AUROC=0.9986 AUPRC=0.9886 BalAcc=0.9878 F1=0.9531 MCC=0.9488
Epoch 006 val  : loss=0.0327 AUROC=0.9989 AUPRC=0.9603 BalAcc=0.9902 F1=0.6506 MCC=0.6890
  learning_rate_used=2.982e-04; learning_rate_next=2.974e-04; elapsed=87.3s
  saved new best checkpoint: /data/projects/SFB_A03/jan/AT_TFBS/human301/runs/MYF6/crossassay_20261008_004647_1001695/GHTS_seed1/best_model.pt (objective=classification-auprc, score=0.960322)
  negatives seen=70.0%; hard negatives=0
Epoch 007 train: loss=0.0774 AUROC=0.9985 AUPRC=0.9885 BalAcc=0.9883 F1=0.9564 MCC=0.9524
Epoch 007 val  : loss=0.0201 AUROC=0.9986 AUPRC=0.9645 BalAcc=0.9879 F1=0.8023 MCC=0.8139
  learning_rate_used=2.974e-04; learning_rate_next=2.964e-04; elapsed=85.7s
  saved new best checkpoint: /data/projects/SFB_A03/jan/AT_TFBS/human301/runs/MYF6/crossassay_20261008_004647_1001695/GHTS_seed1/best_model.pt (objective=classification-auprc, score=0.964508)
  negatives seen=80.0%; hard negatives=0
Epoch 008 train: loss=0.0721 AUROC=0.9986 AUPRC=0.9898 BalAcc=0.9888 F1=0.9578 MCC=0.9539
Epoch 008 val  : loss=0.0268 AUROC=0.9989 AUPRC=0.9643 BalAcc=0.9900 F1=0.7107 MCC=0.7374
  learning_rate_used=2.964e-04; learning_rate_next=2.953e-04; elapsed=87.0s
  negatives seen=90.0%; hard negatives=0
Epoch 009 train: loss=0.0693 AUROC=0.9986 AUPRC=0.9910 BalAcc=0.9891 F1=0.9599 MCC=0.9561
Epoch 009 val  : loss=0.0197 AUROC=0.9987 AUPRC=0.9614 BalAcc=0.9894 F1=0.7968 MCC=0.8095
  learning_rate_used=2.953e-04; learning_rate_next=2.941e-04; elapsed=86.6s
  negatives seen=100.0%; hard negatives=0
Epoch 010 train: loss=0.0670 AUROC=0.9988 AUPRC=0.9917 BalAcc=0.9895 F1=0.9619 MCC=0.9584
Epoch 010 val  : loss=0.0196 AUROC=0.9989 AUPRC=0.9653 BalAcc=0.9884 F1=0.8015 MCC=0.8132
  learning_rate_used=2.941e-04; learning_rate_next=2.927e-04; elapsed=87.2s
  saved new best checkpoint: /data/projects/SFB_A03/jan/AT_TFBS/human301/runs/MYF6/crossassay_20261008_004647_1001695/GHTS_seed1/best_model.pt (objective=classification-auprc, score=0.965346)
  negatives seen=100.0%; hard negatives=0
Epoch 011 train: loss=0.0657 AUROC=0.9989 AUPRC=0.9915 BalAcc=0.9892 F1=0.9627 MCC=0.9591
Epoch 011 val  : loss=0.0189 AUROC=0.9989 AUPRC=0.9629 BalAcc=0.9826 F1=0.8499 MCC=0.8547
  learning_rate_used=2.927e-04; learning_rate_next=2.912e-04; elapsed=87.3s
  negatives seen=100.0%; hard negatives=0
Epoch 012 train: loss=0.0616 AUROC=0.9990 AUPRC=0.9929 BalAcc=0.9906 F1=0.9654 MCC=0.9621
Epoch 012 val  : loss=0.0181 AUROC=0.9987 AUPRC=0.9694 BalAcc=0.9868 F1=0.8328 MCC=0.8404
  learning_rate_used=2.912e-04; learning_rate_next=2.895e-04; elapsed=88.2s
  saved new best checkpoint: /data/projects/SFB_A03/jan/AT_TFBS/human301/runs/MYF6/crossassay_20261008_004647_1001695/GHTS_seed1/best_model.pt (objective=classification-auprc, score=0.969449)
  negatives seen=100.0%; hard negatives=0
Epoch 013 train: loss=0.0630 AUROC=0.9989 AUPRC=0.9927 BalAcc=0.9902 F1=0.9651 MCC=0.9618
Epoch 013 val  : loss=0.0253 AUROC=0.9989 AUPRC=0.9570 BalAcc=0.9659 F1=0.8871 MCC=0.8870
  learning_rate_used=2.895e-04; learning_rate_next=2.877e-04; elapsed=87.0s
  negatives seen=100.0%; hard negatives=0
Epoch 014 train: loss=0.0625 AUROC=0.9989 AUPRC=0.9929 BalAcc=0.9900 F1=0.9662 MCC=0.9629
Epoch 014 val  : loss=0.0208 AUROC=0.9992 AUPRC=0.9676 BalAcc=0.9892 F1=0.7874 MCC=0.8014
  learning_rate_used=2.877e-04; learning_rate_next=2.858e-04; elapsed=88.3s
  negatives seen=100.0%; hard negatives=0
Epoch 015 train: loss=0.0597 AUROC=0.9989 AUPRC=0.9931 BalAcc=0.9909 F1=0.9669 MCC=0.9638
Epoch 015 val  : loss=0.0212 AUROC=0.9990 AUPRC=0.9651 BalAcc=0.9878 F1=0.7761 MCC=0.7913
  learning_rate_used=2.858e-04; learning_rate_next=2.837e-04; elapsed=87.2s
  negatives seen=100.0%; hard negatives=0
Epoch 016 train: loss=0.0563 AUROC=0.9990 AUPRC=0.9921 BalAcc=0.9911 F1=0.9659 MCC=0.9627
Epoch 016 val  : loss=0.0202 AUROC=0.9988 AUPRC=0.9647 BalAcc=0.9885 F1=0.7883 MCC=0.8019
  learning_rate_used=2.837e-04; learning_rate_next=2.815e-04; elapsed=86.0s
  negatives seen=100.0%; hard negatives=0
Epoch 017 train: loss=0.0557 AUROC=0.9990 AUPRC=0.9935 BalAcc=0.9914 F1=0.9681 MCC=0.9651
Epoch 017 val  : loss=0.0208 AUROC=0.9989 AUPRC=0.9666 BalAcc=0.9892 F1=0.7876 MCC=0.8015
  learning_rate_used=2.815e-04; learning_rate_next=2.792e-04; elapsed=87.6s
  negatives seen=100.0%; hard negatives=0
Epoch 018 train: loss=0.0543 AUROC=0.9990 AUPRC=0.9923 BalAcc=0.9917 F1=0.9684 MCC=0.9654
Epoch 018 val  : loss=0.0183 AUROC=0.9991 AUPRC=0.9673 BalAcc=0.9886 F1=0.8121 MCC=0.8226
  learning_rate_used=2.792e-04; learning_rate_next=2.767e-04; elapsed=87.5s
  negatives seen=100.0%; hard negatives=0
Epoch 019 train: loss=0.0525 AUROC=0.9990 AUPRC=0.9940 BalAcc=0.9923 F1=0.9705 MCC=0.9677
Epoch 019 val  : loss=0.0188 AUROC=0.9988 AUPRC=0.9669 BalAcc=0.9830 F1=0.8563 MCC=0.8606
  learning_rate_used=2.767e-04; learning_rate_next=2.741e-04; elapsed=87.5s
  negatives seen=100.0%; hard negatives=0
Epoch 020 train: loss=0.0541 AUROC=0.9992 AUPRC=0.9936 BalAcc=0.9911 F1=0.9695 MCC=0.9665
Epoch 020 val  : loss=0.0268 AUROC=0.9990 AUPRC=0.9691 BalAcc=0.9896 F1=0.7070 MCC=0.7342
  learning_rate_used=2.741e-04; learning_rate_next=2.714e-04; elapsed=87.5s
  negatives seen=100.0%; hard negatives=0
Epoch 021 train: loss=0.0503 AUROC=0.9992 AUPRC=0.9944 BalAcc=0.9918 F1=0.9708 MCC=0.9680
Epoch 021 val  : loss=0.0257 AUROC=0.9988 AUPRC=0.9694 BalAcc=0.9909 F1=0.7206 MCC=0.7459
  learning_rate_used=2.714e-04; learning_rate_next=2.686e-04; elapsed=88.1s
  negatives seen=100.0%; hard negatives=0
Epoch 022 train: loss=0.0498 AUROC=0.9992 AUPRC=0.9945 BalAcc=0.9925 F1=0.9723 MCC=0.9697
Epoch 022 val  : loss=0.0177 AUROC=0.9989 AUPRC=0.9671 BalAcc=0.9832 F1=0.8516 MCC=0.8564
  learning_rate_used=2.686e-04; learning_rate_next=2.657e-04; elapsed=87.6s
  negatives seen=100.0%; hard negatives=0
Epoch 023 train: loss=0.0467 AUROC=0.9992 AUPRC=0.9949 BalAcc=0.9932 F1=0.9745 MCC=0.9720
Epoch 023 val  : loss=0.0233 AUROC=0.9990 AUPRC=0.9733 BalAcc=0.9916 F1=0.7281 MCC=0.7522
  learning_rate_used=2.657e-04; learning_rate_next=2.626e-04; elapsed=86.9s
  saved new best checkpoint: /data/projects/SFB_A03/jan/AT_TFBS/human301/runs/MYF6/crossassay_20261008_004647_1001695/GHTS_seed1/best_model.pt (objective=classification-auprc, score=0.973346)
  negatives seen=100.0%; hard negatives=0
Epoch 024 train: loss=0.0456 AUROC=0.9993 AUPRC=0.9955 BalAcc=0.9924 F1=0.9731 MCC=0.9705
Epoch 024 val  : loss=0.0190 AUROC=0.9990 AUPRC=0.9664 BalAcc=0.9859 F1=0.8228 MCC=0.8313
  learning_rate_used=2.626e-04; learning_rate_next=2.595e-04; elapsed=87.9s
  negatives seen=100.0%; hard negatives=0
Epoch 025 train: loss=0.0487 AUROC=0.9993 AUPRC=0.9946 BalAcc=0.9927 F1=0.9709 MCC=0.9681
Epoch 025 val  : loss=0.0191 AUROC=0.9989 AUPRC=0.9659 BalAcc=0.9855 F1=0.8304 MCC=0.8379
  learning_rate_used=2.595e-04; learning_rate_next=2.562e-04; elapsed=87.6s
  negatives seen=100.0%; hard negatives=0
Epoch 026 train: loss=0.0481 AUROC=0.9994 AUPRC=0.9958 BalAcc=0.9917 F1=0.9728 MCC=0.9701
Epoch 026 val  : loss=0.0178 AUROC=0.9989 AUPRC=0.9718 BalAcc=0.9892 F1=0.8218 MCC=0.8312
  learning_rate_used=2.562e-04; learning_rate_next=2.528e-04; elapsed=87.2s
  negatives seen=100.0%; hard negatives=0
Epoch 027 train: loss=0.0439 AUROC=0.9993 AUPRC=0.9945 BalAcc=0.9936 F1=0.9758 MCC=0.9734
Epoch 027 val  : loss=0.0307 AUROC=0.9989 AUPRC=0.9721 BalAcc=0.9911 F1=0.6782 MCC=0.7114
  learning_rate_used=2.528e-04; learning_rate_next=2.494e-04; elapsed=86.6s
  negatives seen=100.0%; hard negatives=0
Epoch 028 train: loss=0.0409 AUROC=0.9994 AUPRC=0.9956 BalAcc=0.9936 F1=0.9761 MCC=0.9738
Epoch 028 val  : loss=0.0175 AUROC=0.9989 AUPRC=0.9708 BalAcc=0.9860 F1=0.8474 MCC=0.8532
  learning_rate_used=2.494e-04; learning_rate_next=2.458e-04; elapsed=85.4s
  negatives seen=100.0%; hard negatives=0
Epoch 029 train: loss=0.0449 AUROC=0.9993 AUPRC=0.9948 BalAcc=0.9931 F1=0.9742 MCC=0.9717
Epoch 029 val  : loss=0.0228 AUROC=0.9991 AUPRC=0.9716 BalAcc=0.9894 F1=0.7678 MCC=0.7847
  learning_rate_used=2.458e-04; learning_rate_next=2.421e-04; elapsed=85.4s
  negatives seen=100.0%; hard negatives=0
Epoch 030 train: loss=0.0423 AUROC=0.9994 AUPRC=0.9954 BalAcc=0.9934 F1=0.9752 MCC=0.9728
Epoch 030 val  : loss=0.0194 AUROC=0.9990 AUPRC=0.9692 BalAcc=0.9820 F1=0.8610 MCC=0.8648
  learning_rate_used=2.421e-04; learning_rate_next=2.384e-04; elapsed=85.9s
  negatives seen=100.0%; hard negatives=0
Epoch 031 train: loss=0.0410 AUROC=0.9994 AUPRC=0.9959 BalAcc=0.9938 F1=0.9766 MCC=0.9744
Epoch 031 val  : loss=0.0181 AUROC=0.9989 AUPRC=0.9681 BalAcc=0.9890 F1=0.8203 MCC=0.8298
  learning_rate_used=2.384e-04; learning_rate_next=2.345e-04; elapsed=85.9s
  negatives seen=100.0%; hard negatives=0
Epoch 032 train: loss=0.0383 AUROC=0.9995 AUPRC=0.9955 BalAcc=0.9938 F1=0.9773 MCC=0.9751
Epoch 032 val  : loss=0.0179 AUROC=0.9990 AUPRC=0.9730 BalAcc=0.9883 F1=0.8285 MCC=0.8368
  learning_rate_used=2.345e-04; learning_rate_next=2.306e-04; elapsed=85.9s
  negatives seen=100.0%; hard negatives=0
Epoch 033 train: loss=0.0364 AUROC=0.9995 AUPRC=0.9955 BalAcc=0.9946 F1=0.9780 MCC=0.9759
Epoch 033 val  : loss=0.0186 AUROC=0.9988 AUPRC=0.9689 BalAcc=0.9877 F1=0.8201 MCC=0.8293
  learning_rate_used=2.306e-04; learning_rate_next=2.266e-04; elapsed=85.2s
  negatives seen=100.0%; hard negatives=0
Epoch 034 train: loss=0.0417 AUROC=0.9995 AUPRC=0.9962 BalAcc=0.9938 F1=0.9785 MCC=0.9764
Epoch 034 val  : loss=0.0219 AUROC=0.9990 AUPRC=0.9720 BalAcc=0.9904 F1=0.7780 MCC=0.7937
  learning_rate_used=2.266e-04; learning_rate_next=2.225e-04; elapsed=86.8s
  negatives seen=100.0%; hard negatives=0
Epoch 035 train: loss=0.0352 AUROC=0.9995 AUPRC=0.9956 BalAcc=0.9948 F1=0.9785 MCC=0.9765
Epoch 035 val  : loss=0.0199 AUROC=0.9990 AUPRC=0.9671 BalAcc=0.9823 F1=0.8682 MCC=0.8715
  learning_rate_used=2.225e-04; learning_rate_next=2.184e-04; elapsed=87.0s
  negatives seen=100.0%; hard negatives=0
Epoch 036 train: loss=0.0373 AUROC=0.9995 AUPRC=0.9962 BalAcc=0.9941 F1=0.9780 MCC=0.9759
Epoch 036 val  : loss=0.0189 AUROC=0.9990 AUPRC=0.9708 BalAcc=0.9902 F1=0.8007 MCC=0.8131
  learning_rate_used=2.184e-04; learning_rate_next=2.142e-04; elapsed=85.6s
  negatives seen=100.0%; hard negatives=0
Epoch 037 train: loss=0.0382 AUROC=0.9995 AUPRC=0.9954 BalAcc=0.9936 F1=0.9773 MCC=0.9751
Epoch 037 val  : loss=0.0194 AUROC=0.9989 AUPRC=0.9687 BalAcc=0.9800 F1=0.8725 MCC=0.8750
  learning_rate_used=2.142e-04; learning_rate_next=2.099e-04; elapsed=85.3s
  negatives seen=100.0%; hard negatives=0
Epoch 038 train: loss=0.0357 AUROC=0.9996 AUPRC=0.9966 BalAcc=0.9946 F1=0.9791 MCC=0.9770
Epoch 038 val  : loss=0.0177 AUROC=0.9988 AUPRC=0.9706 BalAcc=0.9858 F1=0.8375 MCC=0.8443
  learning_rate_used=2.099e-04; learning_rate_next=2.055e-04; elapsed=85.7s
  negatives seen=100.0%; hard negatives=0
Epoch 039 train: loss=0.0345 AUROC=0.9996 AUPRC=0.9958 BalAcc=0.9948 F1=0.9797 MCC=0.9778
Epoch 039 val  : loss=0.0203 AUROC=0.9988 AUPRC=0.9685 BalAcc=0.9871 F1=0.8190 MCC=0.8282
  learning_rate_used=2.055e-04; learning_rate_next=2.011e-04; elapsed=86.3s
  negatives seen=100.0%; hard negatives=0
Epoch 040 train: loss=0.0348 AUROC=0.9997 AUPRC=0.9970 BalAcc=0.9948 F1=0.9804 MCC=0.9785
Epoch 040 val  : loss=0.0192 AUROC=0.9989 AUPRC=0.9684 BalAcc=0.9846 F1=0.8623 MCC=0.8664
  learning_rate_used=2.011e-04; learning_rate_next=1.967e-04; elapsed=85.8s
  negatives seen=100.0%; hard negatives=0
Epoch 041 train: loss=0.0317 AUROC=0.9997 AUPRC=0.9970 BalAcc=0.9943 F1=0.9811 MCC=0.9793
Epoch 041 val  : loss=0.0185 AUROC=0.9988 AUPRC=0.9702 BalAcc=0.9867 F1=0.8411 MCC=0.8477
  learning_rate_used=1.967e-04; learning_rate_next=1.922e-04; elapsed=85.9s
  negatives seen=100.0%; hard negatives=0
Epoch 042 train: loss=0.0304 AUROC=0.9997 AUPRC=0.9970 BalAcc=0.9954 F1=0.9818 MCC=0.9800
Epoch 042 val  : loss=0.0200 AUROC=0.9983 AUPRC=0.9631 BalAcc=0.9840 F1=0.8551 MCC=0.8598
  learning_rate_used=1.922e-04; learning_rate_next=1.877e-04; elapsed=85.9s
  negatives seen=100.0%; hard negatives=0
Epoch 043 train: loss=0.0300 AUROC=0.9997 AUPRC=0.9970 BalAcc=0.9957 F1=0.9821 MCC=0.9804
Epoch 043 val  : loss=0.0222 AUROC=0.9985 AUPRC=0.9674 BalAcc=0.9876 F1=0.8007 MCC=0.8124
  learning_rate_used=1.877e-04; learning_rate_next=1.831e-04; elapsed=87.1s
Early stopping after 43 epochs.
Binary threshold: 0.987416 (strategy=val-mcc, validation_score=0.927144)
Validation-only run completed; frozen model: /data/projects/SFB_A03/jan/AT_TFBS/human301/runs/MYF6/crossassay_20261008_004647_1001695/GHTS_seed1/model_for_prediction.pt
MYF6: GHTS -> GHTS
TEST MYF6 GHTS -> GHTS: loss=0.0242 AUROC=0.9990 AUPRC=0.9752 BalAcc=0.9668 F1=0.9270 MCC=0.9263
MYF6: GHTS -> CHIP
TEST MYF6 GHTS -> CHIP: loss=0.4810 AUROC=0.8474 AUPRC=0.1166 BalAcc=0.5242 F1=0.0864 MCC=0.1287
Completed MYF6/GHTS: one model, both fixed test sets.
