TF=BATF2 variant=local seed=2
/home/jbossenz/miniforge3/envs/at_env/bin/python -u /data/projects/SFB_A03/jan/AT_TFBS/human301/hum301_motif64_local.py train --cache /data/projects/SFB_A03/jan/AT_TFBS/raw_data/human/BATF2/hum301_multitf_chr5_chr7/dataset.npz --output-dir /data/projects/SFB_A03/jan/AT_TFBS/human301/runs/BATF2/multitf_20261006_033507_932031_local_seed2 --input-length 256 --embed-channels 64 --encoder-channels 80 96 128 --heads 4 --ffn-channels 256 --classification-readout local-logsumexp --task-mode classification --checkpoint-objective classification-auprc --threshold-strategy val-mcc --negatives-per-positive 10 --batch-size 88 --hard-negative-fraction 0 --epochs 100 --patience 20 --learning-rate 0.0003 --min-learning-rate 0.000001 --weight-decay 0.0001 --dropout 0.1 --activation relu --reverse-complement-probability 0.5 --eval-crops multi --eval-rc --no-balanced-evaluation --eval-batch-size 128 --num-workers 2 --seed 2 --device cuda
Window geometry: 256 bp from 301 bp; crop starts 0..45; shifts -22..+23; fresh uniform draw per access
Evaluation: crops (0, 22, 23, 45), reverse complement=True; all samples
train: n=1,132,816, positive=11,216, negative=1,121,600
  val: n=291,991, positive=2,891, negative=289,100
 test: n=1,238,058, positive=12,258, negative=1,225,800
Device: cuda
Hidden activation: RELU
Parameters: 1,032,981 total; 1,032,981 trainable
Architecture: motif kernels 9/12; encoder 128/64/64; original five-block bottleneck at 64; decoder 64/128/256
  negatives seen=10.0%; hard negatives=0
Epoch 001 train: loss=0.7660 AUROC=0.8906 AUPRC=0.5518 BalAcc=0.8085 F1=0.4570 MCC=0.4285
Epoch 001 val  : loss=0.2530 AUROC=0.9382 AUPRC=0.2463 BalAcc=0.8504 F1=0.1712 MCC=0.2565
  learning_rate_used=3.000e-04; learning_rate_next=2.999e-04; elapsed=132.2s
  saved new best checkpoint: /data/projects/SFB_A03/jan/AT_TFBS/human301/runs/BATF2/multitf_20261006_033507_932031_local_seed2/best_model.pt (objective=classification-auprc, score=0.246325)
  negatives seen=20.0%; hard negatives=0
Epoch 002 train: loss=0.6182 AUROC=0.9304 AUPRC=0.6698 BalAcc=0.8575 F1=0.5497 MCC=0.5290
Epoch 002 val  : loss=0.3855 AUROC=0.9356 AUPRC=0.2777 BalAcc=0.8626 F1=0.1025 MCC=0.1960
  learning_rate_used=2.999e-04; learning_rate_next=2.997e-04; elapsed=131.8s
  saved new best checkpoint: /data/projects/SFB_A03/jan/AT_TFBS/human301/runs/BATF2/multitf_20261006_033507_932031_local_seed2/best_model.pt (objective=classification-auprc, score=0.277709)
  negatives seen=30.0%; hard negatives=0
Epoch 003 train: loss=0.5733 AUROC=0.9402 AUPRC=0.7007 BalAcc=0.8718 F1=0.5802 MCC=0.5612
Epoch 003 val  : loss=0.3030 AUROC=0.9169 AUPRC=0.1901 BalAcc=0.8163 F1=0.1416 MCC=0.2185
  learning_rate_used=2.997e-04; learning_rate_next=2.993e-04; elapsed=132.0s
  negatives seen=40.0%; hard negatives=0
Epoch 004 train: loss=0.5437 AUROC=0.9465 AUPRC=0.7216 BalAcc=0.8802 F1=0.5962 MCC=0.5786
Epoch 004 val  : loss=0.2419 AUROC=0.9533 AUPRC=0.3574 BalAcc=0.8807 F1=0.1735 MCC=0.2690
  learning_rate_used=2.993e-04; learning_rate_next=2.988e-04; elapsed=131.5s
  saved new best checkpoint: /data/projects/SFB_A03/jan/AT_TFBS/human301/runs/BATF2/multitf_20261006_033507_932031_local_seed2/best_model.pt (objective=classification-auprc, score=0.357427)
  negatives seen=50.0%; hard negatives=0
Epoch 005 train: loss=0.5176 AUROC=0.9516 AUPRC=0.7336 BalAcc=0.8871 F1=0.6093 MCC=0.5928
Epoch 005 val  : loss=0.3101 AUROC=0.9516 AUPRC=0.3204 BalAcc=0.8854 F1=0.1320 MCC=0.2323
  learning_rate_used=2.988e-04; learning_rate_next=2.982e-04; elapsed=132.0s
  negatives seen=60.0%; hard negatives=0
Epoch 006 train: loss=0.4986 AUROC=0.9553 AUPRC=0.7505 BalAcc=0.8911 F1=0.6224 MCC=0.6058
Epoch 006 val  : loss=0.2484 AUROC=0.9514 AUPRC=0.3136 BalAcc=0.8824 F1=0.1744 MCC=0.2703
  learning_rate_used=2.982e-04; learning_rate_next=2.974e-04; elapsed=131.8s
  negatives seen=70.0%; hard negatives=0
Epoch 007 train: loss=0.4826 AUROC=0.9582 AUPRC=0.7585 BalAcc=0.8957 F1=0.6334 MCC=0.6172
Epoch 007 val  : loss=0.2443 AUROC=0.9491 AUPRC=0.3399 BalAcc=0.8708 F1=0.1740 MCC=0.2660
  learning_rate_used=2.974e-04; learning_rate_next=2.964e-04; elapsed=131.6s
  negatives seen=80.0%; hard negatives=0
Epoch 008 train: loss=0.4677 AUROC=0.9609 AUPRC=0.7723 BalAcc=0.8990 F1=0.6408 MCC=0.6251
Epoch 008 val  : loss=0.5014 AUROC=0.9506 AUPRC=0.3298 BalAcc=0.8651 F1=0.0802 MCC=0.1734
  learning_rate_used=2.964e-04; learning_rate_next=2.953e-04; elapsed=131.9s
  negatives seen=90.0%; hard negatives=0
Epoch 009 train: loss=0.4585 AUROC=0.9624 AUPRC=0.7760 BalAcc=0.9024 F1=0.6480 MCC=0.6327
Epoch 009 val  : loss=0.2152 AUROC=0.9599 AUPRC=0.3724 BalAcc=0.8912 F1=0.1977 MCC=0.2937
  learning_rate_used=2.953e-04; learning_rate_next=2.941e-04; elapsed=132.7s
  saved new best checkpoint: /data/projects/SFB_A03/jan/AT_TFBS/human301/runs/BATF2/multitf_20261006_033507_932031_local_seed2/best_model.pt (objective=classification-auprc, score=0.372354)
  negatives seen=100.0%; hard negatives=0
Epoch 010 train: loss=0.4458 AUROC=0.9646 AUPRC=0.7752 BalAcc=0.9049 F1=0.6527 MCC=0.6378
Epoch 010 val  : loss=0.2409 AUROC=0.9563 AUPRC=0.3433 BalAcc=0.8912 F1=0.1660 MCC=0.2658
  learning_rate_used=2.941e-04; learning_rate_next=2.927e-04; elapsed=132.1s
  negatives seen=100.0%; hard negatives=0
Epoch 011 train: loss=0.4295 AUROC=0.9671 AUPRC=0.7914 BalAcc=0.9091 F1=0.6653 MCC=0.6505
Epoch 011 val  : loss=0.2308 AUROC=0.9639 AUPRC=0.3952 BalAcc=0.9031 F1=0.1845 MCC=0.2864
  learning_rate_used=2.927e-04; learning_rate_next=2.912e-04; elapsed=131.9s
  saved new best checkpoint: /data/projects/SFB_A03/jan/AT_TFBS/human301/runs/BATF2/multitf_20261006_033507_932031_local_seed2/best_model.pt (objective=classification-auprc, score=0.395228)
  negatives seen=100.0%; hard negatives=0
Epoch 012 train: loss=0.4254 AUROC=0.9676 AUPRC=0.7936 BalAcc=0.9096 F1=0.6659 MCC=0.6513
Epoch 012 val  : loss=0.3618 AUROC=0.9612 AUPRC=0.3935 BalAcc=0.8923 F1=0.1125 MCC=0.2153
  learning_rate_used=2.912e-04; learning_rate_next=2.895e-04; elapsed=132.0s
  negatives seen=100.0%; hard negatives=0
Epoch 013 train: loss=0.4177 AUROC=0.9690 AUPRC=0.7982 BalAcc=0.9115 F1=0.6746 MCC=0.6597
Epoch 013 val  : loss=0.2203 AUROC=0.9661 AUPRC=0.4119 BalAcc=0.9060 F1=0.1898 MCC=0.2921
  learning_rate_used=2.895e-04; learning_rate_next=2.877e-04; elapsed=132.1s
  saved new best checkpoint: /data/projects/SFB_A03/jan/AT_TFBS/human301/runs/BATF2/multitf_20261006_033507_932031_local_seed2/best_model.pt (objective=classification-auprc, score=0.411913)
  negatives seen=100.0%; hard negatives=0
Epoch 014 train: loss=0.4054 AUROC=0.9705 AUPRC=0.8048 BalAcc=0.9152 F1=0.6846 MCC=0.6700
Epoch 014 val  : loss=0.2549 AUROC=0.9659 AUPRC=0.4132 BalAcc=0.9065 F1=0.1673 MCC=0.2722
  learning_rate_used=2.877e-04; learning_rate_next=2.858e-04; elapsed=132.7s
  saved new best checkpoint: /data/projects/SFB_A03/jan/AT_TFBS/human301/runs/BATF2/multitf_20261006_033507_932031_local_seed2/best_model.pt (objective=classification-auprc, score=0.413217)
  negatives seen=100.0%; hard negatives=0
Epoch 015 train: loss=0.3985 AUROC=0.9714 AUPRC=0.8098 BalAcc=0.9169 F1=0.6889 MCC=0.6745
Epoch 015 val  : loss=0.1596 AUROC=0.9658 AUPRC=0.4123 BalAcc=0.8838 F1=0.2647 MCC=0.3463
  learning_rate_used=2.858e-04; learning_rate_next=2.837e-04; elapsed=132.1s
  negatives seen=100.0%; hard negatives=0
Epoch 016 train: loss=0.3873 AUROC=0.9731 AUPRC=0.8212 BalAcc=0.9195 F1=0.6966 MCC=0.6824
Epoch 016 val  : loss=0.2955 AUROC=0.9644 AUPRC=0.4218 BalAcc=0.9012 F1=0.1380 MCC=0.2431
  learning_rate_used=2.837e-04; learning_rate_next=2.815e-04; elapsed=132.4s
  saved new best checkpoint: /data/projects/SFB_A03/jan/AT_TFBS/human301/runs/BATF2/multitf_20261006_033507_932031_local_seed2/best_model.pt (objective=classification-auprc, score=0.421846)
  negatives seen=100.0%; hard negatives=0
Epoch 017 train: loss=0.3814 AUROC=0.9738 AUPRC=0.8169 BalAcc=0.9212 F1=0.6991 MCC=0.6853
Epoch 017 val  : loss=0.1959 AUROC=0.9679 AUPRC=0.4152 BalAcc=0.9052 F1=0.2103 MCC=0.3095
  learning_rate_used=2.815e-04; learning_rate_next=2.792e-04; elapsed=132.2s
  negatives seen=100.0%; hard negatives=0
Epoch 018 train: loss=0.3766 AUROC=0.9745 AUPRC=0.8217 BalAcc=0.9223 F1=0.7037 MCC=0.6897
Epoch 018 val  : loss=0.1808 AUROC=0.9679 AUPRC=0.4297 BalAcc=0.8988 F1=0.2306 MCC=0.3242
  learning_rate_used=2.792e-04; learning_rate_next=2.767e-04; elapsed=132.2s
  saved new best checkpoint: /data/projects/SFB_A03/jan/AT_TFBS/human301/runs/BATF2/multitf_20261006_033507_932031_local_seed2/best_model.pt (objective=classification-auprc, score=0.429716)
  negatives seen=100.0%; hard negatives=0
Epoch 019 train: loss=0.3709 AUROC=0.9754 AUPRC=0.8253 BalAcc=0.9236 F1=0.7091 MCC=0.6951
Epoch 019 val  : loss=0.1836 AUROC=0.9654 AUPRC=0.4203 BalAcc=0.8987 F1=0.2362 MCC=0.3288
  learning_rate_used=2.767e-04; learning_rate_next=2.741e-04; elapsed=132.3s
  negatives seen=100.0%; hard negatives=0
Epoch 020 train: loss=0.3651 AUROC=0.9759 AUPRC=0.8270 BalAcc=0.9265 F1=0.7165 MCC=0.7028
Epoch 020 val  : loss=0.1962 AUROC=0.9674 AUPRC=0.4262 BalAcc=0.9020 F1=0.2144 MCC=0.3118
  learning_rate_used=2.741e-04; learning_rate_next=2.714e-04; elapsed=131.9s
  negatives seen=100.0%; hard negatives=0
Epoch 021 train: loss=0.3558 AUROC=0.9772 AUPRC=0.8316 BalAcc=0.9267 F1=0.7190 MCC=0.7051
Epoch 021 val  : loss=0.1609 AUROC=0.9680 AUPRC=0.4216 BalAcc=0.8874 F1=0.2517 MCC=0.3372
  learning_rate_used=2.714e-04; learning_rate_next=2.686e-04; elapsed=131.8s
  negatives seen=100.0%; hard negatives=0
Epoch 022 train: loss=0.3536 AUROC=0.9774 AUPRC=0.8340 BalAcc=0.9280 F1=0.7215 MCC=0.7078
Epoch 022 val  : loss=0.2204 AUROC=0.9661 AUPRC=0.4225 BalAcc=0.9071 F1=0.1891 MCC=0.2918
  learning_rate_used=2.686e-04; learning_rate_next=2.657e-04; elapsed=132.5s
  negatives seen=100.0%; hard negatives=0
Epoch 023 train: loss=0.3424 AUROC=0.9785 AUPRC=0.8409 BalAcc=0.9307 F1=0.7287 MCC=0.7153
Epoch 023 val  : loss=0.2110 AUROC=0.9653 AUPRC=0.4101 BalAcc=0.8972 F1=0.2126 MCC=0.3085
  learning_rate_used=2.657e-04; learning_rate_next=2.626e-04; elapsed=132.9s
  negatives seen=100.0%; hard negatives=0
Epoch 024 train: loss=0.3416 AUROC=0.9792 AUPRC=0.8437 BalAcc=0.9304 F1=0.7283 MCC=0.7149
Epoch 024 val  : loss=0.1492 AUROC=0.9691 AUPRC=0.4339 BalAcc=0.8831 F1=0.2918 MCC=0.3674
  learning_rate_used=2.626e-04; learning_rate_next=2.595e-04; elapsed=131.7s
  saved new best checkpoint: /data/projects/SFB_A03/jan/AT_TFBS/human301/runs/BATF2/multitf_20261006_033507_932031_local_seed2/best_model.pt (objective=classification-auprc, score=0.433852)
  negatives seen=100.0%; hard negatives=0
Epoch 025 train: loss=0.3365 AUROC=0.9797 AUPRC=0.8459 BalAcc=0.9319 F1=0.7371 MCC=0.7234
Epoch 025 val  : loss=0.1758 AUROC=0.9688 AUPRC=0.4366 BalAcc=0.9010 F1=0.2442 MCC=0.3362
  learning_rate_used=2.595e-04; learning_rate_next=2.562e-04; elapsed=131.9s
  saved new best checkpoint: /data/projects/SFB_A03/jan/AT_TFBS/human301/runs/BATF2/multitf_20261006_033507_932031_local_seed2/best_model.pt (objective=classification-auprc, score=0.436573)
  negatives seen=100.0%; hard negatives=0
Epoch 026 train: loss=0.3323 AUROC=0.9800 AUPRC=0.8451 BalAcc=0.9329 F1=0.7390 MCC=0.7255
Epoch 026 val  : loss=0.2059 AUROC=0.9685 AUPRC=0.4328 BalAcc=0.9081 F1=0.1983 MCC=0.3002
  learning_rate_used=2.562e-04; learning_rate_next=2.528e-04; elapsed=132.1s
  negatives seen=100.0%; hard negatives=0
Epoch 027 train: loss=0.3266 AUROC=0.9808 AUPRC=0.8474 BalAcc=0.9345 F1=0.7439 MCC=0.7306
Epoch 027 val  : loss=0.1540 AUROC=0.9670 AUPRC=0.4294 BalAcc=0.8770 F1=0.2933 MCC=0.3663
  learning_rate_used=2.528e-04; learning_rate_next=2.494e-04; elapsed=132.5s
  negatives seen=100.0%; hard negatives=0
Epoch 028 train: loss=0.3171 AUROC=0.9818 AUPRC=0.8526 BalAcc=0.9365 F1=0.7492 MCC=0.7361
Epoch 028 val  : loss=0.1767 AUROC=0.9694 AUPRC=0.4408 BalAcc=0.9045 F1=0.2364 MCC=0.3311
  learning_rate_used=2.494e-04; learning_rate_next=2.458e-04; elapsed=132.8s
  saved new best checkpoint: /data/projects/SFB_A03/jan/AT_TFBS/human301/runs/BATF2/multitf_20261006_033507_932031_local_seed2/best_model.pt (objective=classification-auprc, score=0.440811)
  negatives seen=100.0%; hard negatives=0
Epoch 029 train: loss=0.3143 AUROC=0.9817 AUPRC=0.8498 BalAcc=0.9373 F1=0.7502 MCC=0.7373
Epoch 029 val  : loss=0.1548 AUROC=0.9664 AUPRC=0.4279 BalAcc=0.8780 F1=0.2786 MCC=0.3551
  learning_rate_used=2.458e-04; learning_rate_next=2.421e-04; elapsed=131.8s
  negatives seen=100.0%; hard negatives=0
Epoch 030 train: loss=0.3126 AUROC=0.9822 AUPRC=0.8549 BalAcc=0.9374 F1=0.7509 MCC=0.7380
Epoch 030 val  : loss=0.1566 AUROC=0.9635 AUPRC=0.4059 BalAcc=0.8622 F1=0.2965 MCC=0.3629
  learning_rate_used=2.421e-04; learning_rate_next=2.384e-04; elapsed=131.6s
  negatives seen=100.0%; hard negatives=0
Epoch 031 train: loss=0.3034 AUROC=0.9829 AUPRC=0.8583 BalAcc=0.9405 F1=0.7632 MCC=0.7503
Epoch 031 val  : loss=0.1591 AUROC=0.9677 AUPRC=0.4382 BalAcc=0.8888 F1=0.2756 MCC=0.3569
  learning_rate_used=2.384e-04; learning_rate_next=2.345e-04; elapsed=132.3s
  negatives seen=100.0%; hard negatives=0
Epoch 032 train: loss=0.2961 AUROC=0.9837 AUPRC=0.8630 BalAcc=0.9416 F1=0.7657 MCC=0.7530
Epoch 032 val  : loss=0.1746 AUROC=0.9673 AUPRC=0.4218 BalAcc=0.8889 F1=0.2596 MCC=0.3442
  learning_rate_used=2.345e-04; learning_rate_next=2.306e-04; elapsed=132.7s
  negatives seen=100.0%; hard negatives=0
Epoch 033 train: loss=0.2921 AUROC=0.9843 AUPRC=0.8671 BalAcc=0.9423 F1=0.7701 MCC=0.7574
Epoch 033 val  : loss=0.1586 AUROC=0.9703 AUPRC=0.4446 BalAcc=0.8949 F1=0.2671 MCC=0.3525
  learning_rate_used=2.306e-04; learning_rate_next=2.266e-04; elapsed=131.8s
  saved new best checkpoint: /data/projects/SFB_A03/jan/AT_TFBS/human301/runs/BATF2/multitf_20261006_033507_932031_local_seed2/best_model.pt (objective=classification-auprc, score=0.444554)
  negatives seen=100.0%; hard negatives=0
Epoch 034 train: loss=0.2901 AUROC=0.9843 AUPRC=0.8649 BalAcc=0.9422 F1=0.7668 MCC=0.7542
Epoch 034 val  : loss=0.1505 AUROC=0.9669 AUPRC=0.4048 BalAcc=0.8753 F1=0.3019 MCC=0.3723
  learning_rate_used=2.266e-04; learning_rate_next=2.225e-04; elapsed=131.8s
  negatives seen=100.0%; hard negatives=0
Epoch 035 train: loss=0.2837 AUROC=0.9851 AUPRC=0.8708 BalAcc=0.9434 F1=0.7722 MCC=0.7596
Epoch 035 val  : loss=0.1598 AUROC=0.9694 AUPRC=0.4401 BalAcc=0.8921 F1=0.2740 MCC=0.3569
  learning_rate_used=2.225e-04; learning_rate_next=2.184e-04; elapsed=132.3s
  negatives seen=100.0%; hard negatives=0
Epoch 036 train: loss=0.2767 AUROC=0.9857 AUPRC=0.8737 BalAcc=0.9455 F1=0.7785 MCC=0.7662
Epoch 036 val  : loss=0.1436 AUROC=0.9680 AUPRC=0.4481 BalAcc=0.8735 F1=0.3232 MCC=0.3881
  learning_rate_used=2.184e-04; learning_rate_next=2.142e-04; elapsed=132.4s
  saved new best checkpoint: /data/projects/SFB_A03/jan/AT_TFBS/human301/runs/BATF2/multitf_20261006_033507_932031_local_seed2/best_model.pt (objective=classification-auprc, score=0.448104)
  negatives seen=100.0%; hard negatives=0
Epoch 037 train: loss=0.2754 AUROC=0.9860 AUPRC=0.8777 BalAcc=0.9459 F1=0.7824 MCC=0.7699
Epoch 037 val  : loss=0.1480 AUROC=0.9690 AUPRC=0.4466 BalAcc=0.8822 F1=0.3000 MCC=0.3736
  learning_rate_used=2.142e-04; learning_rate_next=2.099e-04; elapsed=132.2s
  negatives seen=100.0%; hard negatives=0
Epoch 038 train: loss=0.2705 AUROC=0.9864 AUPRC=0.8764 BalAcc=0.9472 F1=0.7866 MCC=0.7743
Epoch 038 val  : loss=0.1540 AUROC=0.9648 AUPRC=0.3944 BalAcc=0.8659 F1=0.3065 MCC=0.3722
  learning_rate_used=2.099e-04; learning_rate_next=2.055e-04; elapsed=132.4s
  negatives seen=100.0%; hard negatives=0
Epoch 039 train: loss=0.2634 AUROC=0.9868 AUPRC=0.8768 BalAcc=0.9480 F1=0.7875 MCC=0.7754
Epoch 039 val  : loss=0.1627 AUROC=0.9694 AUPRC=0.4452 BalAcc=0.8968 F1=0.2642 MCC=0.3508
  learning_rate_used=2.055e-04; learning_rate_next=2.011e-04; elapsed=131.9s
  negatives seen=100.0%; hard negatives=0
Epoch 040 train: loss=0.2623 AUROC=0.9871 AUPRC=0.8815 BalAcc=0.9492 F1=0.7922 MCC=0.7801
Epoch 040 val  : loss=0.1563 AUROC=0.9680 AUPRC=0.4240 BalAcc=0.8845 F1=0.2949 MCC=0.3705
  learning_rate_used=2.011e-04; learning_rate_next=1.967e-04; elapsed=132.2s
  negatives seen=100.0%; hard negatives=0
Epoch 041 train: loss=0.2554 AUROC=0.9877 AUPRC=0.8878 BalAcc=0.9504 F1=0.7992 MCC=0.7872
Epoch 041 val  : loss=0.1435 AUROC=0.9683 AUPRC=0.4330 BalAcc=0.8785 F1=0.3103 MCC=0.3802
  learning_rate_used=1.967e-04; learning_rate_next=1.922e-04; elapsed=132.6s
  negatives seen=100.0%; hard negatives=0
Epoch 042 train: loss=0.2462 AUROC=0.9882 AUPRC=0.8878 BalAcc=0.9520 F1=0.8011 MCC=0.7894
Epoch 042 val  : loss=0.1543 AUROC=0.9694 AUPRC=0.4440 BalAcc=0.8861 F1=0.2929 MCC=0.3695
  learning_rate_used=1.922e-04; learning_rate_next=1.877e-04; elapsed=131.9s
  negatives seen=100.0%; hard negatives=0
Epoch 043 train: loss=0.2463 AUROC=0.9885 AUPRC=0.8903 BalAcc=0.9524 F1=0.8056 MCC=0.7938
Epoch 043 val  : loss=0.2079 AUROC=0.9686 AUPRC=0.4437 BalAcc=0.9090 F1=0.2063 MCC=0.3074
  learning_rate_used=1.877e-04; learning_rate_next=1.831e-04; elapsed=131.7s
  negatives seen=100.0%; hard negatives=0
Epoch 044 train: loss=0.2446 AUROC=0.9885 AUPRC=0.8915 BalAcc=0.9526 F1=0.8043 MCC=0.7926
Epoch 044 val  : loss=0.1478 AUROC=0.9689 AUPRC=0.4423 BalAcc=0.8792 F1=0.3094 MCC=0.3797
  learning_rate_used=1.831e-04; learning_rate_next=1.785e-04; elapsed=131.4s
  negatives seen=100.0%; hard negatives=0
Epoch 045 train: loss=0.2375 AUROC=0.9888 AUPRC=0.8895 BalAcc=0.9541 F1=0.8077 MCC=0.7963
Epoch 045 val  : loss=0.1422 AUROC=0.9680 AUPRC=0.4422 BalAcc=0.8692 F1=0.3374 MCC=0.3975
  learning_rate_used=1.785e-04; learning_rate_next=1.739e-04; elapsed=132.2s
  negatives seen=100.0%; hard negatives=0
Epoch 046 train: loss=0.2358 AUROC=0.9893 AUPRC=0.8967 BalAcc=0.9539 F1=0.8097 MCC=0.7981
Epoch 046 val  : loss=0.1414 AUROC=0.9669 AUPRC=0.4464 BalAcc=0.8568 F1=0.3576 MCC=0.4081
  learning_rate_used=1.739e-04; learning_rate_next=1.692e-04; elapsed=131.8s
  negatives seen=100.0%; hard negatives=0
Epoch 047 train: loss=0.2324 AUROC=0.9894 AUPRC=0.9001 BalAcc=0.9555 F1=0.8158 MCC=0.8044
Epoch 047 val  : loss=0.1503 AUROC=0.9684 AUPRC=0.4428 BalAcc=0.8868 F1=0.2946 MCC=0.3712
  learning_rate_used=1.692e-04; learning_rate_next=1.646e-04; elapsed=131.8s
  negatives seen=100.0%; hard negatives=0
Epoch 048 train: loss=0.2299 AUROC=0.9899 AUPRC=0.8988 BalAcc=0.9550 F1=0.8157 MCC=0.8041
Epoch 048 val  : loss=0.1513 AUROC=0.9684 AUPRC=0.4494 BalAcc=0.8887 F1=0.2975 MCC=0.3742
  learning_rate_used=1.646e-04; learning_rate_next=1.599e-04; elapsed=131.9s
  saved new best checkpoint: /data/projects/SFB_A03/jan/AT_TFBS/human301/runs/BATF2/multitf_20261006_033507_932031_local_seed2/best_model.pt (objective=classification-auprc, score=0.449390)
  negatives seen=100.0%; hard negatives=0
Epoch 049 train: loss=0.2323 AUROC=0.9896 AUPRC=0.8933 BalAcc=0.9555 F1=0.8144 MCC=0.8030
Epoch 049 val  : loss=0.1428 AUROC=0.9671 AUPRC=0.4397 BalAcc=0.8673 F1=0.3316 MCC=0.3922
  learning_rate_used=1.599e-04; learning_rate_next=1.552e-04; elapsed=132.9s
  negatives seen=100.0%; hard negatives=0
Epoch 050 train: loss=0.2204 AUROC=0.9904 AUPRC=0.8999 BalAcc=0.9575 F1=0.8226 MCC=0.8115
Epoch 050 val  : loss=0.1530 AUROC=0.9679 AUPRC=0.4370 BalAcc=0.8747 F1=0.3179 MCC=0.3846
  learning_rate_used=1.552e-04; learning_rate_next=1.505e-04; elapsed=131.7s
  negatives seen=100.0%; hard negatives=0
Epoch 051 train: loss=0.2191 AUROC=0.9905 AUPRC=0.8996 BalAcc=0.9580 F1=0.8270 MCC=0.8159
Epoch 051 val  : loss=0.1563 AUROC=0.9669 AUPRC=0.4407 BalAcc=0.8852 F1=0.2888 MCC=0.3660
  learning_rate_used=1.505e-04; learning_rate_next=1.458e-04; elapsed=131.9s
  negatives seen=100.0%; hard negatives=0
Epoch 052 train: loss=0.2095 AUROC=0.9912 AUPRC=0.9078 BalAcc=0.9599 F1=0.8304 MCC=0.8196
Epoch 052 val  : loss=0.1460 AUROC=0.9677 AUPRC=0.4405 BalAcc=0.8787 F1=0.3226 MCC=0.3898
  learning_rate_used=1.458e-04; learning_rate_next=1.411e-04; elapsed=131.7s
  negatives seen=100.0%; hard negatives=0
Epoch 053 train: loss=0.2058 AUROC=0.9913 AUPRC=0.9104 BalAcc=0.9603 F1=0.8334 MCC=0.8226
Epoch 053 val  : loss=0.1612 AUROC=0.9635 AUPRC=0.4214 BalAcc=0.8766 F1=0.2992 MCC=0.3707
  learning_rate_used=1.411e-04; learning_rate_next=1.364e-04; elapsed=131.8s
  negatives seen=100.0%; hard negatives=0
Epoch 054 train: loss=0.2078 AUROC=0.9913 AUPRC=0.9090 BalAcc=0.9608 F1=0.8338 MCC=0.8231
Epoch 054 val  : loss=0.1514 AUROC=0.9670 AUPRC=0.4477 BalAcc=0.8784 F1=0.3131 MCC=0.3823
  learning_rate_used=1.364e-04; learning_rate_next=1.318e-04; elapsed=132.6s
  negatives seen=100.0%; hard negatives=0
Epoch 055 train: loss=0.2027 AUROC=0.9915 AUPRC=0.9105 BalAcc=0.9617 F1=0.8347 MCC=0.8242
Epoch 055 val  : loss=0.1473 AUROC=0.9669 AUPRC=0.4372 BalAcc=0.8603 F1=0.3526 MCC=0.4056
  learning_rate_used=1.318e-04; learning_rate_next=1.271e-04; elapsed=132.2s
  negatives seen=100.0%; hard negatives=0
Epoch 056 train: loss=0.1926 AUROC=0.9924 AUPRC=0.9190 BalAcc=0.9638 F1=0.8458 MCC=0.8356
Epoch 056 val  : loss=0.1457 AUROC=0.9681 AUPRC=0.4426 BalAcc=0.8684 F1=0.3470 MCC=0.4045
  learning_rate_used=1.271e-04; learning_rate_next=1.225e-04; elapsed=131.6s
  negatives seen=100.0%; hard negatives=0
Epoch 057 train: loss=0.1945 AUROC=0.9922 AUPRC=0.9165 BalAcc=0.9637 F1=0.8447 MCC=0.8344
Epoch 057 val  : loss=0.1464 AUROC=0.9668 AUPRC=0.4541 BalAcc=0.8686 F1=0.3427 MCC=0.4013
  learning_rate_used=1.225e-04; learning_rate_next=1.179e-04; elapsed=131.7s
  saved new best checkpoint: /data/projects/SFB_A03/jan/AT_TFBS/human301/runs/BATF2/multitf_20261006_033507_932031_local_seed2/best_model.pt (objective=classification-auprc, score=0.454137)
  negatives seen=100.0%; hard negatives=0
Epoch 058 train: loss=0.1907 AUROC=0.9924 AUPRC=0.9180 BalAcc=0.9648 F1=0.8483 MCC=0.8382
Epoch 058 val  : loss=0.1448 AUROC=0.9682 AUPRC=0.4577 BalAcc=0.8741 F1=0.3414 MCC=0.4025
  learning_rate_used=1.179e-04; learning_rate_next=1.133e-04; elapsed=132.3s
  saved new best checkpoint: /data/projects/SFB_A03/jan/AT_TFBS/human301/runs/BATF2/multitf_20261006_033507_932031_local_seed2/best_model.pt (objective=classification-auprc, score=0.457663)
  negatives seen=100.0%; hard negatives=0
Epoch 059 train: loss=0.1869 AUROC=0.9926 AUPRC=0.9184 BalAcc=0.9656 F1=0.8501 MCC=0.8402
Epoch 059 val  : loss=0.1480 AUROC=0.9676 AUPRC=0.4432 BalAcc=0.8572 F1=0.3642 MCC=0.4133
  learning_rate_used=1.133e-04; learning_rate_next=1.088e-04; elapsed=132.2s
  negatives seen=100.0%; hard negatives=0
Epoch 060 train: loss=0.1906 AUROC=0.9926 AUPRC=0.9200 BalAcc=0.9650 F1=0.8524 MCC=0.8423
Epoch 060 val  : loss=0.1399 AUROC=0.9675 AUPRC=0.4540 BalAcc=0.8546 F1=0.3785 MCC=0.4233
  learning_rate_used=1.088e-04; learning_rate_next=1.043e-04; elapsed=131.9s
  negatives seen=100.0%; hard negatives=0
Epoch 061 train: loss=0.1773 AUROC=0.9934 AUPRC=0.9274 BalAcc=0.9670 F1=0.8596 MCC=0.8498
Epoch 061 val  : loss=0.1461 AUROC=0.9669 AUPRC=0.4548 BalAcc=0.8691 F1=0.3479 MCC=0.4055
  learning_rate_used=1.043e-04; learning_rate_next=9.986e-05; elapsed=132.0s
  negatives seen=100.0%; hard negatives=0
Epoch 062 train: loss=0.1777 AUROC=0.9935 AUPRC=0.9248 BalAcc=0.9667 F1=0.8620 MCC=0.8521
Epoch 062 val  : loss=0.1477 AUROC=0.9669 AUPRC=0.4454 BalAcc=0.8515 F1=0.3785 MCC=0.4221
  learning_rate_used=9.986e-05; learning_rate_next=9.547e-05; elapsed=132.1s
  negatives seen=100.0%; hard negatives=0
Epoch 063 train: loss=0.1752 AUROC=0.9934 AUPRC=0.9259 BalAcc=0.9675 F1=0.8596 MCC=0.8499
Epoch 063 val  : loss=0.1457 AUROC=0.9682 AUPRC=0.4611 BalAcc=0.8650 F1=0.3632 MCC=0.4157
  learning_rate_used=9.547e-05; learning_rate_next=9.113e-05; elapsed=132.3s
  saved new best checkpoint: /data/projects/SFB_A03/jan/AT_TFBS/human301/runs/BATF2/multitf_20261006_033507_932031_local_seed2/best_model.pt (objective=classification-auprc, score=0.461100)
  negatives seen=100.0%; hard negatives=0
Epoch 064 train: loss=0.1753 AUROC=0.9935 AUPRC=0.9241 BalAcc=0.9682 F1=0.8647 MCC=0.8551
Epoch 064 val  : loss=0.1515 AUROC=0.9670 AUPRC=0.4503 BalAcc=0.8407 F1=0.4004 MCC=0.4348
  learning_rate_used=9.113e-05; learning_rate_next=8.685e-05; elapsed=132.0s
  negatives seen=100.0%; hard negatives=0
Epoch 065 train: loss=0.1668 AUROC=0.9939 AUPRC=0.9304 BalAcc=0.9697 F1=0.8679 MCC=0.8587
Epoch 065 val  : loss=0.1582 AUROC=0.9644 AUPRC=0.4377 BalAcc=0.8273 F1=0.4083 MCC=0.4358
  learning_rate_used=8.685e-05; learning_rate_next=8.263e-05; elapsed=131.9s
  negatives seen=100.0%; hard negatives=0
Epoch 066 train: loss=0.1728 AUROC=0.9937 AUPRC=0.9283 BalAcc=0.9676 F1=0.8646 MCC=0.8549
Epoch 066 val  : loss=0.1494 AUROC=0.9665 AUPRC=0.4379 BalAcc=0.8432 F1=0.3821 MCC=0.4215
  learning_rate_used=8.263e-05; learning_rate_next=7.848e-05; elapsed=132.0s
  negatives seen=100.0%; hard negatives=0
Epoch 067 train: loss=0.1653 AUROC=0.9942 AUPRC=0.9331 BalAcc=0.9695 F1=0.8722 MCC=0.8629
Epoch 067 val  : loss=0.1507 AUROC=0.9674 AUPRC=0.4495 BalAcc=0.8554 F1=0.3804 MCC=0.4251
  learning_rate_used=7.848e-05; learning_rate_next=7.440e-05; elapsed=132.0s
  negatives seen=100.0%; hard negatives=0
Epoch 068 train: loss=0.1610 AUROC=0.9942 AUPRC=0.9331 BalAcc=0.9712 F1=0.8742 MCC=0.8652
Epoch 068 val  : loss=0.1521 AUROC=0.9666 AUPRC=0.4469 BalAcc=0.8528 F1=0.3790 MCC=0.4230
  learning_rate_used=7.440e-05; learning_rate_next=7.039e-05; elapsed=132.5s
  negatives seen=100.0%; hard negatives=0
Epoch 069 train: loss=0.1654 AUROC=0.9941 AUPRC=0.9303 BalAcc=0.9693 F1=0.8713 MCC=0.8620
Epoch 069 val  : loss=0.1511 AUROC=0.9661 AUPRC=0.4495 BalAcc=0.8427 F1=0.3957 MCC=0.4319
  learning_rate_used=7.039e-05; learning_rate_next=6.647e-05; elapsed=131.7s
  negatives seen=100.0%; hard negatives=0
Epoch 070 train: loss=0.1571 AUROC=0.9944 AUPRC=0.9344 BalAcc=0.9715 F1=0.8773 MCC=0.8683
Epoch 070 val  : loss=0.1510 AUROC=0.9668 AUPRC=0.4554 BalAcc=0.8517 F1=0.3861 MCC=0.4281
  learning_rate_used=6.647e-05; learning_rate_next=6.263e-05; elapsed=131.7s
  negatives seen=100.0%; hard negatives=0
Epoch 071 train: loss=0.1558 AUROC=0.9946 AUPRC=0.9364 BalAcc=0.9717 F1=0.8775 MCC=0.8686
Epoch 071 val  : loss=0.1545 AUROC=0.9671 AUPRC=0.4414 BalAcc=0.8516 F1=0.3778 MCC=0.4216
  learning_rate_used=6.263e-05; learning_rate_next=5.887e-05; elapsed=131.9s
  negatives seen=100.0%; hard negatives=0
Epoch 072 train: loss=0.1512 AUROC=0.9949 AUPRC=0.9380 BalAcc=0.9726 F1=0.8837 MCC=0.8750
Epoch 072 val  : loss=0.1504 AUROC=0.9662 AUPRC=0.4509 BalAcc=0.8577 F1=0.3767 MCC=0.4232
  learning_rate_used=5.887e-05; learning_rate_next=5.521e-05; elapsed=132.7s
  negatives seen=100.0%; hard negatives=0
Epoch 073 train: loss=0.1456 AUROC=0.9951 AUPRC=0.9417 BalAcc=0.9736 F1=0.8856 MCC=0.8771
Epoch 073 val  : loss=0.1617 AUROC=0.9654 AUPRC=0.4471 BalAcc=0.8366 F1=0.4089 MCC=0.4399
  learning_rate_used=5.521e-05; learning_rate_next=5.163e-05; elapsed=131.8s
  negatives seen=100.0%; hard negatives=0
Epoch 074 train: loss=0.1414 AUROC=0.9951 AUPRC=0.9412 BalAcc=0.9750 F1=0.8878 MCC=0.8796
Epoch 074 val  : loss=0.1652 AUROC=0.9631 AUPRC=0.4324 BalAcc=0.8248 F1=0.4047 MCC=0.4320
  learning_rate_used=5.163e-05; learning_rate_next=4.816e-05; elapsed=131.8s
  negatives seen=100.0%; hard negatives=0
Epoch 075 train: loss=0.1436 AUROC=0.9952 AUPRC=0.9416 BalAcc=0.9745 F1=0.8859 MCC=0.8776
Epoch 075 val  : loss=0.1523 AUROC=0.9671 AUPRC=0.4588 BalAcc=0.8572 F1=0.3745 MCC=0.4213
  learning_rate_used=4.816e-05; learning_rate_next=4.479e-05; elapsed=132.3s
  negatives seen=100.0%; hard negatives=0
Epoch 076 train: loss=0.1394 AUROC=0.9953 AUPRC=0.9429 BalAcc=0.9753 F1=0.8891 MCC=0.8809
Epoch 076 val  : loss=0.1566 AUROC=0.9665 AUPRC=0.4600 BalAcc=0.8532 F1=0.3873 MCC=0.4296
  learning_rate_used=4.479e-05; learning_rate_next=4.152e-05; elapsed=132.6s
  negatives seen=100.0%; hard negatives=0
Epoch 077 train: loss=0.1448 AUROC=0.9952 AUPRC=0.9423 BalAcc=0.9750 F1=0.8898 MCC=0.8816
Epoch 077 val  : loss=0.1629 AUROC=0.9655 AUPRC=0.4459 BalAcc=0.8420 F1=0.3981 MCC=0.4335
  learning_rate_used=4.152e-05; learning_rate_next=3.836e-05; elapsed=131.8s
  negatives seen=100.0%; hard negatives=0
Epoch 078 train: loss=0.1446 AUROC=0.9950 AUPRC=0.9405 BalAcc=0.9744 F1=0.8878 MCC=0.8795
Epoch 078 val  : loss=0.1602 AUROC=0.9650 AUPRC=0.4540 BalAcc=0.8359 F1=0.4149 MCC=0.4443
  learning_rate_used=3.836e-05; learning_rate_next=3.531e-05; elapsed=131.9s
  negatives seen=100.0%; hard negatives=0
Epoch 079 train: loss=0.1355 AUROC=0.9956 AUPRC=0.9466 BalAcc=0.9761 F1=0.8938 MCC=0.8858
Epoch 079 val  : loss=0.1710 AUROC=0.9651 AUPRC=0.4501 BalAcc=0.8298 F1=0.4132 MCC=0.4406
  learning_rate_used=3.531e-05; learning_rate_next=3.237e-05; elapsed=131.7s
  negatives seen=100.0%; hard negatives=0
Epoch 080 train: loss=0.1356 AUROC=0.9956 AUPRC=0.9449 BalAcc=0.9759 F1=0.8962 MCC=0.8882
Epoch 080 val  : loss=0.1625 AUROC=0.9666 AUPRC=0.4530 BalAcc=0.8503 F1=0.3881 MCC=0.4290
  learning_rate_used=3.237e-05; learning_rate_next=2.955e-05; elapsed=132.1s
  negatives seen=100.0%; hard negatives=0
Epoch 081 train: loss=0.1331 AUROC=0.9958 AUPRC=0.9495 BalAcc=0.9763 F1=0.8971 MCC=0.8892
Epoch 081 val  : loss=0.1633 AUROC=0.9661 AUPRC=0.4551 BalAcc=0.8385 F1=0.4032 MCC=0.4361
  learning_rate_used=2.955e-05; learning_rate_next=2.685e-05; elapsed=132.7s
  negatives seen=100.0%; hard negatives=0
Epoch 082 train: loss=0.1293 AUROC=0.9959 AUPRC=0.9494 BalAcc=0.9771 F1=0.8998 MCC=0.8920
Epoch 082 val  : loss=0.1666 AUROC=0.9642 AUPRC=0.4483 BalAcc=0.8354 F1=0.4066 MCC=0.4376
  learning_rate_used=2.685e-05; learning_rate_next=2.427e-05; elapsed=131.9s
  negatives seen=100.0%; hard negatives=0
Epoch 083 train: loss=0.1361 AUROC=0.9958 AUPRC=0.9477 BalAcc=0.9756 F1=0.8980 MCC=0.8900
Epoch 083 val  : loss=0.1645 AUROC=0.9660 AUPRC=0.4556 BalAcc=0.8385 F1=0.4055 MCC=0.4379
  learning_rate_used=2.427e-05; learning_rate_next=2.182e-05; elapsed=131.5s
Early stopping after 83 epochs.
Binary threshold: 0.971335 (strategy=val-mcc, validation_score=0.481436)
TEST chr10,chr12,chr14,chr16,chr18,chr2,chr20,chr22,chr4,chr6,chr8: loss=0.1468 AUROC=0.9687 AUPRC=0.4709 BalAcc=0.7330 F1=0.4848 MCC=0.4800
Outputs written to /data/projects/SFB_A03/jan/AT_TFBS/human301/runs/BATF2/multitf_20261006_033507_932031_local_seed2
Binary predictions: binary_classification_results.tsv
Binary metrics: binary_classification_metrics.json
ROC plot: roc_curve.png
Precision-recall plot: precision_recall_curve.png
Confusion matrix: binary_confusion_matrix.tsv
