TF=SRY variant=base seed=1
/home/jbossenz/miniforge3/envs/at_env/bin/python -u /data/projects/SFB_A03/jan/AT_TFBS/human301/hum301_motif64.py train --cache /data/projects/SFB_A03/jan/AT_TFBS/raw_data/human/SRY/hum301_20261005_185818_tdUK1h/dataset.npz --output-dir /data/projects/SFB_A03/jan/AT_TFBS/human301/runs/SRY/multitf_20261006_033507_932031_base_seed1 --input-length 256 --embed-channels 64 --encoder-channels 80 96 128 --heads 4 --ffn-channels 256 --classification-readout center --task-mode classification --checkpoint-objective classification-auprc --threshold-strategy val-mcc --negatives-per-positive 10 --batch-size 88 --hard-negative-fraction 0 --epochs 100 --patience 20 --learning-rate 0.0003 --min-learning-rate 0.000001 --weight-decay 0.0001 --dropout 0.1 --activation relu --reverse-complement-probability 0.5 --eval-crops multi --eval-rc --no-balanced-evaluation --eval-batch-size 128 --num-workers 2 --seed 1 --device cuda
Window geometry: 256 bp from 301 bp; crop starts 0..45; shifts -22..+23; fresh uniform draw per access
Evaluation: crops (0, 22, 23, 45), reverse complement=True; all samples
train: n=335,219, positive=3,319, negative=331,900
  val: n=100,899, positive=999, negative=99,900
 test: n=371,478, positive=3,678, negative=367,800
Device: cuda
Hidden activation: RELU
Parameters: 1,032,981 total; 1,032,981 trainable
Architecture: motif kernels 9/12; encoder 128/64/64; original five-block bottleneck at 64; decoder 64/128/256
  negatives seen=10.0%; hard negatives=0
Epoch 001 train: loss=1.2424 AUROC=0.6463 AUPRC=0.1519 BalAcc=0.6000 F1=0.2143 MCC=0.1165
Epoch 001 val  : loss=0.9063 AUROC=0.7821 AUPRC=0.0438 BalAcc=0.6533 F1=0.0287 MCC=0.0633
  learning_rate_used=3.000e-04; learning_rate_next=2.999e-04; elapsed=45.1s
  saved new best checkpoint: /data/projects/SFB_A03/jan/AT_TFBS/human301/runs/SRY/multitf_20261006_033507_932031_base_seed1/best_model.pt (objective=classification-auprc, score=0.043761)
  negatives seen=20.0%; hard negatives=0
Epoch 002 train: loss=0.9720 AUROC=0.8153 AUPRC=0.3217 BalAcc=0.7395 F1=0.3378 MCC=0.2975
Epoch 002 val  : loss=0.5109 AUROC=0.8381 AUPRC=0.0830 BalAcc=0.7568 F1=0.0622 MCC=0.1221
  learning_rate_used=2.999e-04; learning_rate_next=2.997e-04; elapsed=44.0s
  saved new best checkpoint: /data/projects/SFB_A03/jan/AT_TFBS/human301/runs/SRY/multitf_20261006_033507_932031_base_seed1/best_model.pt (objective=classification-auprc, score=0.082982)
  negatives seen=30.0%; hard negatives=0
Epoch 003 train: loss=0.8342 AUROC=0.8672 AUPRC=0.4448 BalAcc=0.7847 F1=0.3989 MCC=0.3702
Epoch 003 val  : loss=0.2691 AUROC=0.8711 AUPRC=0.1176 BalAcc=0.7110 F1=0.1487 MCC=0.1869
  learning_rate_used=2.997e-04; learning_rate_next=2.993e-04; elapsed=43.8s
  saved new best checkpoint: /data/projects/SFB_A03/jan/AT_TFBS/human301/runs/SRY/multitf_20261006_033507_932031_base_seed1/best_model.pt (objective=classification-auprc, score=0.117614)
  negatives seen=40.0%; hard negatives=0
Epoch 004 train: loss=0.7939 AUROC=0.8825 AUPRC=0.4962 BalAcc=0.8059 F1=0.4298 MCC=0.4060
Epoch 004 val  : loss=0.3711 AUROC=0.8975 AUPRC=0.1744 BalAcc=0.8062 F1=0.1022 MCC=0.1783
  learning_rate_used=2.993e-04; learning_rate_next=2.988e-04; elapsed=43.9s
  saved new best checkpoint: /data/projects/SFB_A03/jan/AT_TFBS/human301/runs/SRY/multitf_20261006_033507_932031_base_seed1/best_model.pt (objective=classification-auprc, score=0.174360)
  negatives seen=50.0%; hard negatives=0
Epoch 005 train: loss=0.7231 AUROC=0.9026 AUPRC=0.5610 BalAcc=0.8229 F1=0.4590 MCC=0.4381
Epoch 005 val  : loss=0.2094 AUROC=0.9053 AUPRC=0.2028 BalAcc=0.6492 F1=0.2574 MCC=0.2524
  learning_rate_used=2.988e-04; learning_rate_next=2.982e-04; elapsed=43.9s
  saved new best checkpoint: /data/projects/SFB_A03/jan/AT_TFBS/human301/runs/SRY/multitf_20261006_033507_932031_base_seed1/best_model.pt (objective=classification-auprc, score=0.202793)
  negatives seen=60.0%; hard negatives=0
Epoch 006 train: loss=0.6962 AUROC=0.9110 AUPRC=0.5754 BalAcc=0.8348 F1=0.4805 MCC=0.4615
Epoch 006 val  : loss=0.6371 AUROC=0.9128 AUPRC=0.2115 BalAcc=0.8047 F1=0.0551 MCC=0.1291
  learning_rate_used=2.982e-04; learning_rate_next=2.974e-04; elapsed=43.9s
  saved new best checkpoint: /data/projects/SFB_A03/jan/AT_TFBS/human301/runs/SRY/multitf_20261006_033507_932031_base_seed1/best_model.pt (objective=classification-auprc, score=0.211469)
  negatives seen=70.0%; hard negatives=0
Epoch 007 train: loss=0.6706 AUROC=0.9179 AUPRC=0.6014 BalAcc=0.8406 F1=0.4924 MCC=0.4740
Epoch 007 val  : loss=1.0087 AUROC=0.9140 AUPRC=0.2065 BalAcc=0.7121 F1=0.0340 MCC=0.0846
  learning_rate_used=2.974e-04; learning_rate_next=2.964e-04; elapsed=44.1s
  negatives seen=80.0%; hard negatives=0
Epoch 008 train: loss=0.6328 AUROC=0.9272 AUPRC=0.6240 BalAcc=0.8510 F1=0.5092 MCC=0.4929
Epoch 008 val  : loss=0.3920 AUROC=0.9173 AUPRC=0.2163 BalAcc=0.8353 F1=0.0947 MCC=0.1798
  learning_rate_used=2.964e-04; learning_rate_next=2.953e-04; elapsed=43.8s
  saved new best checkpoint: /data/projects/SFB_A03/jan/AT_TFBS/human301/runs/SRY/multitf_20261006_033507_932031_base_seed1/best_model.pt (objective=classification-auprc, score=0.216304)
  negatives seen=90.0%; hard negatives=0
Epoch 009 train: loss=0.6049 AUROC=0.9332 AUPRC=0.6551 BalAcc=0.8576 F1=0.5294 MCC=0.5124
Epoch 009 val  : loss=0.1951 AUROC=0.9205 AUPRC=0.2414 BalAcc=0.7563 F1=0.2438 MCC=0.2797
  learning_rate_used=2.953e-04; learning_rate_next=2.941e-04; elapsed=43.9s
  saved new best checkpoint: /data/projects/SFB_A03/jan/AT_TFBS/human301/runs/SRY/multitf_20261006_033507_932031_base_seed1/best_model.pt (objective=classification-auprc, score=0.241432)
  negatives seen=100.0%; hard negatives=0
Epoch 010 train: loss=0.5837 AUROC=0.9386 AUPRC=0.6792 BalAcc=0.8667 F1=0.5550 MCC=0.5378
Epoch 010 val  : loss=0.2256 AUROC=0.9193 AUPRC=0.2444 BalAcc=0.7865 F1=0.1975 MCC=0.2551
  learning_rate_used=2.941e-04; learning_rate_next=2.927e-04; elapsed=43.9s
  saved new best checkpoint: /data/projects/SFB_A03/jan/AT_TFBS/human301/runs/SRY/multitf_20261006_033507_932031_base_seed1/best_model.pt (objective=classification-auprc, score=0.244381)
  negatives seen=100.0%; hard negatives=0
Epoch 011 train: loss=0.5775 AUROC=0.9395 AUPRC=0.6767 BalAcc=0.8656 F1=0.5462 MCC=0.5301
Epoch 011 val  : loss=0.2087 AUROC=0.9103 AUPRC=0.2059 BalAcc=0.6831 F1=0.2725 MCC=0.2747
  learning_rate_used=2.927e-04; learning_rate_next=2.912e-04; elapsed=43.9s
  negatives seen=100.0%; hard negatives=0
Epoch 012 train: loss=0.5469 AUROC=0.9460 AUPRC=0.7028 BalAcc=0.8739 F1=0.5683 MCC=0.5523
Epoch 012 val  : loss=0.3862 AUROC=0.9265 AUPRC=0.2734 BalAcc=0.8478 F1=0.0945 MCC=0.1833
  learning_rate_used=2.912e-04; learning_rate_next=2.895e-04; elapsed=43.9s
  saved new best checkpoint: /data/projects/SFB_A03/jan/AT_TFBS/human301/runs/SRY/multitf_20261006_033507_932031_base_seed1/best_model.pt (objective=classification-auprc, score=0.273416)
  negatives seen=100.0%; hard negatives=0
Epoch 013 train: loss=0.5392 AUROC=0.9480 AUPRC=0.6969 BalAcc=0.8800 F1=0.5785 MCC=0.5638
Epoch 013 val  : loss=0.5652 AUROC=0.9082 AUPRC=0.2425 BalAcc=0.8161 F1=0.0666 MCC=0.1444
  learning_rate_used=2.895e-04; learning_rate_next=2.877e-04; elapsed=43.9s
  negatives seen=100.0%; hard negatives=0
Epoch 014 train: loss=0.5215 AUROC=0.9512 AUPRC=0.7155 BalAcc=0.8820 F1=0.5860 MCC=0.5709
Epoch 014 val  : loss=0.6340 AUROC=0.9253 AUPRC=0.2534 BalAcc=0.8171 F1=0.0583 MCC=0.1360
  learning_rate_used=2.877e-04; learning_rate_next=2.858e-04; elapsed=44.0s
  negatives seen=100.0%; hard negatives=0
Epoch 015 train: loss=0.4991 AUROC=0.9552 AUPRC=0.7261 BalAcc=0.8894 F1=0.6035 MCC=0.5890
Epoch 015 val  : loss=0.1923 AUROC=0.9199 AUPRC=0.2492 BalAcc=0.7250 F1=0.2826 MCC=0.2977
  learning_rate_used=2.858e-04; learning_rate_next=2.837e-04; elapsed=43.9s
  negatives seen=100.0%; hard negatives=0
Epoch 016 train: loss=0.5000 AUROC=0.9550 AUPRC=0.7280 BalAcc=0.8909 F1=0.6039 MCC=0.5901
Epoch 016 val  : loss=0.6912 AUROC=0.9314 AUPRC=0.2775 BalAcc=0.8021 F1=0.0515 MCC=0.1248
  learning_rate_used=2.837e-04; learning_rate_next=2.815e-04; elapsed=44.0s
  saved new best checkpoint: /data/projects/SFB_A03/jan/AT_TFBS/human301/runs/SRY/multitf_20261006_033507_932031_base_seed1/best_model.pt (objective=classification-auprc, score=0.277473)
  negatives seen=100.0%; hard negatives=0
Epoch 017 train: loss=0.4608 AUROC=0.9615 AUPRC=0.7487 BalAcc=0.8972 F1=0.6178 MCC=0.6046
Epoch 017 val  : loss=0.1948 AUROC=0.9248 AUPRC=0.2716 BalAcc=0.7752 F1=0.2432 MCC=0.2867
  learning_rate_used=2.815e-04; learning_rate_next=2.792e-04; elapsed=44.0s
  negatives seen=100.0%; hard negatives=0
Epoch 018 train: loss=0.4682 AUROC=0.9603 AUPRC=0.7398 BalAcc=0.8969 F1=0.6198 MCC=0.6062
Epoch 018 val  : loss=0.3501 AUROC=0.9221 AUPRC=0.2483 BalAcc=0.8410 F1=0.1024 MCC=0.1893
  learning_rate_used=2.792e-04; learning_rate_next=2.767e-04; elapsed=43.9s
  negatives seen=100.0%; hard negatives=0
Epoch 019 train: loss=0.4547 AUROC=0.9630 AUPRC=0.7519 BalAcc=0.8978 F1=0.6281 MCC=0.6137
Epoch 019 val  : loss=1.1078 AUROC=0.9286 AUPRC=0.2544 BalAcc=0.7333 F1=0.0367 MCC=0.0925
  learning_rate_used=2.767e-04; learning_rate_next=2.741e-04; elapsed=43.8s
  negatives seen=100.0%; hard negatives=0
Epoch 020 train: loss=0.4386 AUROC=0.9653 AUPRC=0.7656 BalAcc=0.9069 F1=0.6513 MCC=0.6376
Epoch 020 val  : loss=0.1906 AUROC=0.9289 AUPRC=0.2755 BalAcc=0.7186 F1=0.3236 MCC=0.3286
  learning_rate_used=2.741e-04; learning_rate_next=2.714e-04; elapsed=44.0s
  negatives seen=100.0%; hard negatives=0
Epoch 021 train: loss=0.4448 AUROC=0.9646 AUPRC=0.7654 BalAcc=0.9048 F1=0.6451 MCC=0.6313
Epoch 021 val  : loss=0.1873 AUROC=0.9269 AUPRC=0.2813 BalAcc=0.7523 F1=0.2912 MCC=0.3150
  learning_rate_used=2.714e-04; learning_rate_next=2.686e-04; elapsed=44.0s
  saved new best checkpoint: /data/projects/SFB_A03/jan/AT_TFBS/human301/runs/SRY/multitf_20261006_033507_932031_base_seed1/best_model.pt (objective=classification-auprc, score=0.281340)
  negatives seen=100.0%; hard negatives=0
Epoch 022 train: loss=0.4201 AUROC=0.9680 AUPRC=0.7784 BalAcc=0.9115 F1=0.6599 MCC=0.6470
Epoch 022 val  : loss=0.4678 AUROC=0.9304 AUPRC=0.2802 BalAcc=0.8465 F1=0.0816 MCC=0.1695
  learning_rate_used=2.686e-04; learning_rate_next=2.657e-04; elapsed=44.0s
  negatives seen=100.0%; hard negatives=0
Epoch 023 train: loss=0.4026 AUROC=0.9704 AUPRC=0.7865 BalAcc=0.9137 F1=0.6608 MCC=0.6486
Epoch 023 val  : loss=0.1959 AUROC=0.9264 AUPRC=0.2854 BalAcc=0.7371 F1=0.2968 MCC=0.3135
  learning_rate_used=2.657e-04; learning_rate_next=2.626e-04; elapsed=43.9s
  saved new best checkpoint: /data/projects/SFB_A03/jan/AT_TFBS/human301/runs/SRY/multitf_20261006_033507_932031_base_seed1/best_model.pt (objective=classification-auprc, score=0.285413)
  negatives seen=100.0%; hard negatives=0
Epoch 024 train: loss=0.4014 AUROC=0.9712 AUPRC=0.7864 BalAcc=0.9147 F1=0.6750 MCC=0.6614
Epoch 024 val  : loss=0.1978 AUROC=0.9299 AUPRC=0.2832 BalAcc=0.7980 F1=0.2237 MCC=0.2805
  learning_rate_used=2.626e-04; learning_rate_next=2.595e-04; elapsed=43.8s
  negatives seen=100.0%; hard negatives=0
Epoch 025 train: loss=0.3980 AUROC=0.9713 AUPRC=0.7932 BalAcc=0.9147 F1=0.6756 MCC=0.6619
Epoch 025 val  : loss=0.1923 AUROC=0.9323 AUPRC=0.2944 BalAcc=0.8062 F1=0.2334 MCC=0.2913
  learning_rate_used=2.595e-04; learning_rate_next=2.562e-04; elapsed=43.9s
  saved new best checkpoint: /data/projects/SFB_A03/jan/AT_TFBS/human301/runs/SRY/multitf_20261006_033507_932031_base_seed1/best_model.pt (objective=classification-auprc, score=0.294363)
  negatives seen=100.0%; hard negatives=0
Epoch 026 train: loss=0.3709 AUROC=0.9747 AUPRC=0.8096 BalAcc=0.9247 F1=0.6970 MCC=0.6847
Epoch 026 val  : loss=0.1925 AUROC=0.9303 AUPRC=0.2942 BalAcc=0.7955 F1=0.2553 MCC=0.3043
  learning_rate_used=2.562e-04; learning_rate_next=2.528e-04; elapsed=43.8s
  negatives seen=100.0%; hard negatives=0
Epoch 027 train: loss=0.3769 AUROC=0.9746 AUPRC=0.8098 BalAcc=0.9210 F1=0.6955 MCC=0.6819
Epoch 027 val  : loss=0.1912 AUROC=0.9291 AUPRC=0.2823 BalAcc=0.7818 F1=0.2488 MCC=0.2937
  learning_rate_used=2.528e-04; learning_rate_next=2.494e-04; elapsed=43.9s
  negatives seen=100.0%; hard negatives=0
Epoch 028 train: loss=0.3599 AUROC=0.9756 AUPRC=0.8013 BalAcc=0.9267 F1=0.7031 MCC=0.6910
Epoch 028 val  : loss=0.2358 AUROC=0.9301 AUPRC=0.3010 BalAcc=0.8308 F1=0.1709 MCC=0.2492
  learning_rate_used=2.494e-04; learning_rate_next=2.458e-04; elapsed=43.9s
  saved new best checkpoint: /data/projects/SFB_A03/jan/AT_TFBS/human301/runs/SRY/multitf_20261006_033507_932031_base_seed1/best_model.pt (objective=classification-auprc, score=0.301050)
  negatives seen=100.0%; hard negatives=0
Epoch 029 train: loss=0.3516 AUROC=0.9777 AUPRC=0.8210 BalAcc=0.9257 F1=0.7118 MCC=0.6983
Epoch 029 val  : loss=0.1909 AUROC=0.9330 AUPRC=0.3077 BalAcc=0.8001 F1=0.2371 MCC=0.2918
  learning_rate_used=2.458e-04; learning_rate_next=2.421e-04; elapsed=43.9s
  saved new best checkpoint: /data/projects/SFB_A03/jan/AT_TFBS/human301/runs/SRY/multitf_20261006_033507_932031_base_seed1/best_model.pt (objective=classification-auprc, score=0.307699)
  negatives seen=100.0%; hard negatives=0
Epoch 030 train: loss=0.3499 AUROC=0.9774 AUPRC=0.8180 BalAcc=0.9292 F1=0.7118 MCC=0.6996
Epoch 030 val  : loss=0.1976 AUROC=0.9246 AUPRC=0.2976 BalAcc=0.7383 F1=0.2843 MCC=0.3041
  learning_rate_used=2.421e-04; learning_rate_next=2.384e-04; elapsed=43.9s
  negatives seen=100.0%; hard negatives=0
Epoch 031 train: loss=0.3312 AUROC=0.9792 AUPRC=0.8161 BalAcc=0.9326 F1=0.7283 MCC=0.7157
Epoch 031 val  : loss=0.2170 AUROC=0.9200 AUPRC=0.2447 BalAcc=0.7365 F1=0.2641 MCC=0.2876
  learning_rate_used=2.384e-04; learning_rate_next=2.345e-04; elapsed=43.8s
  negatives seen=100.0%; hard negatives=0
Epoch 032 train: loss=0.3204 AUROC=0.9809 AUPRC=0.8300 BalAcc=0.9343 F1=0.7372 MCC=0.7244
Epoch 032 val  : loss=0.4078 AUROC=0.9288 AUPRC=0.2989 BalAcc=0.8489 F1=0.0982 MCC=0.1875
  learning_rate_used=2.345e-04; learning_rate_next=2.306e-04; elapsed=43.9s
  negatives seen=100.0%; hard negatives=0
Epoch 033 train: loss=0.3147 AUROC=0.9817 AUPRC=0.8406 BalAcc=0.9364 F1=0.7407 MCC=0.7283
Epoch 033 val  : loss=0.3355 AUROC=0.9295 AUPRC=0.2911 BalAcc=0.8480 F1=0.1196 MCC=0.2085
  learning_rate_used=2.306e-04; learning_rate_next=2.266e-04; elapsed=43.9s
  negatives seen=100.0%; hard negatives=0
Epoch 034 train: loss=0.3053 AUROC=0.9825 AUPRC=0.8429 BalAcc=0.9385 F1=0.7522 MCC=0.7395
Epoch 034 val  : loss=0.2124 AUROC=0.9294 AUPRC=0.3043 BalAcc=0.8194 F1=0.2181 MCC=0.2841
  learning_rate_used=2.266e-04; learning_rate_next=2.225e-04; elapsed=43.9s
  negatives seen=100.0%; hard negatives=0
Epoch 035 train: loss=0.3017 AUROC=0.9828 AUPRC=0.8392 BalAcc=0.9388 F1=0.7515 MCC=0.7390
Epoch 035 val  : loss=0.2158 AUROC=0.9258 AUPRC=0.2814 BalAcc=0.7148 F1=0.3243 MCC=0.3279
  learning_rate_used=2.225e-04; learning_rate_next=2.184e-04; elapsed=43.9s
  negatives seen=100.0%; hard negatives=0
Epoch 036 train: loss=0.3067 AUROC=0.9828 AUPRC=0.8519 BalAcc=0.9365 F1=0.7521 MCC=0.7387
Epoch 036 val  : loss=0.1992 AUROC=0.9287 AUPRC=0.2980 BalAcc=0.7606 F1=0.2675 MCC=0.2998
  learning_rate_used=2.184e-04; learning_rate_next=2.142e-04; elapsed=44.0s
  negatives seen=100.0%; hard negatives=0
Epoch 037 train: loss=0.2880 AUROC=0.9844 AUPRC=0.8569 BalAcc=0.9417 F1=0.7623 MCC=0.7499
Epoch 037 val  : loss=0.2264 AUROC=0.9271 AUPRC=0.2929 BalAcc=0.7139 F1=0.3246 MCC=0.3279
  learning_rate_used=2.142e-04; learning_rate_next=2.099e-04; elapsed=44.0s
  negatives seen=100.0%; hard negatives=0
Epoch 038 train: loss=0.2889 AUROC=0.9840 AUPRC=0.8503 BalAcc=0.9422 F1=0.7636 MCC=0.7512
Epoch 038 val  : loss=0.2553 AUROC=0.9293 AUPRC=0.3031 BalAcc=0.8385 F1=0.1570 MCC=0.2398
  learning_rate_used=2.099e-04; learning_rate_next=2.055e-04; elapsed=44.1s
  negatives seen=100.0%; hard negatives=0
Epoch 039 train: loss=0.2879 AUROC=0.9843 AUPRC=0.8547 BalAcc=0.9415 F1=0.7652 MCC=0.7525
Epoch 039 val  : loss=0.3188 AUROC=0.9310 AUPRC=0.3069 BalAcc=0.8546 F1=0.1240 MCC=0.2148
  learning_rate_used=2.055e-04; learning_rate_next=2.011e-04; elapsed=43.9s
  negatives seen=100.0%; hard negatives=0
Epoch 040 train: loss=0.2743 AUROC=0.9855 AUPRC=0.8583 BalAcc=0.9437 F1=0.7710 MCC=0.7586
Epoch 040 val  : loss=0.2381 AUROC=0.9259 AUPRC=0.2967 BalAcc=0.6977 F1=0.3375 MCC=0.3346
  learning_rate_used=2.011e-04; learning_rate_next=1.967e-04; elapsed=43.9s
  negatives seen=100.0%; hard negatives=0
Epoch 041 train: loss=0.2560 AUROC=0.9870 AUPRC=0.8749 BalAcc=0.9487 F1=0.7818 MCC=0.7702
Epoch 041 val  : loss=0.2345 AUROC=0.9262 AUPRC=0.2901 BalAcc=0.7041 F1=0.3295 MCC=0.3292
  learning_rate_used=1.967e-04; learning_rate_next=1.922e-04; elapsed=43.9s
  negatives seen=100.0%; hard negatives=0
Epoch 042 train: loss=0.2601 AUROC=0.9872 AUPRC=0.8748 BalAcc=0.9482 F1=0.7884 MCC=0.7763
Epoch 042 val  : loss=0.1995 AUROC=0.9312 AUPRC=0.3010 BalAcc=0.7948 F1=0.2527 MCC=0.3019
  learning_rate_used=1.922e-04; learning_rate_next=1.877e-04; elapsed=43.9s
  negatives seen=100.0%; hard negatives=0
Epoch 043 train: loss=0.2636 AUROC=0.9867 AUPRC=0.8712 BalAcc=0.9479 F1=0.7842 MCC=0.7723
Epoch 043 val  : loss=0.2064 AUROC=0.9301 AUPRC=0.3019 BalAcc=0.8146 F1=0.2139 MCC=0.2789
  learning_rate_used=1.877e-04; learning_rate_next=1.831e-04; elapsed=43.9s
  negatives seen=100.0%; hard negatives=0
Epoch 044 train: loss=0.2482 AUROC=0.9882 AUPRC=0.8795 BalAcc=0.9504 F1=0.7998 MCC=0.7877
Epoch 044 val  : loss=0.2612 AUROC=0.9258 AUPRC=0.2891 BalAcc=0.8332 F1=0.1630 MCC=0.2433
  learning_rate_used=1.831e-04; learning_rate_next=1.785e-04; elapsed=43.9s
  negatives seen=100.0%; hard negatives=0
Epoch 045 train: loss=0.2418 AUROC=0.9886 AUPRC=0.8849 BalAcc=0.9518 F1=0.8013 MCC=0.7895
Epoch 045 val  : loss=0.2346 AUROC=0.9265 AUPRC=0.2939 BalAcc=0.7141 F1=0.3295 MCC=0.3320
  learning_rate_used=1.785e-04; learning_rate_next=1.739e-04; elapsed=43.9s
  negatives seen=100.0%; hard negatives=0
Epoch 046 train: loss=0.2268 AUROC=0.9896 AUPRC=0.8926 BalAcc=0.9557 F1=0.8140 MCC=0.8028
Epoch 046 val  : loss=0.3436 AUROC=0.9272 AUPRC=0.2922 BalAcc=0.8538 F1=0.1196 MCC=0.2103
  learning_rate_used=1.739e-04; learning_rate_next=1.692e-04; elapsed=43.9s
  negatives seen=100.0%; hard negatives=0
Epoch 047 train: loss=0.2332 AUROC=0.9890 AUPRC=0.8836 BalAcc=0.9536 F1=0.8051 MCC=0.7937
Epoch 047 val  : loss=0.2094 AUROC=0.9296 AUPRC=0.3006 BalAcc=0.7754 F1=0.2719 MCC=0.3091
  learning_rate_used=1.692e-04; learning_rate_next=1.646e-04; elapsed=43.9s
  negatives seen=100.0%; hard negatives=0
Epoch 048 train: loss=0.2197 AUROC=0.9902 AUPRC=0.8945 BalAcc=0.9578 F1=0.8234 MCC=0.8123
Epoch 048 val  : loss=0.2582 AUROC=0.9195 AUPRC=0.2892 BalAcc=0.6997 F1=0.3275 MCC=0.3263
  learning_rate_used=1.646e-04; learning_rate_next=1.599e-04; elapsed=43.9s
  negatives seen=100.0%; hard negatives=0
Epoch 049 train: loss=0.2258 AUROC=0.9903 AUPRC=0.8972 BalAcc=0.9565 F1=0.8243 MCC=0.8128
Epoch 049 val  : loss=0.2067 AUROC=0.9286 AUPRC=0.2975 BalAcc=0.7799 F1=0.2580 MCC=0.3001
  learning_rate_used=1.599e-04; learning_rate_next=1.552e-04; elapsed=43.9s
Early stopping after 49 epochs.
Binary threshold: 0.862011 (strategy=val-mcc, validation_score=0.363474)
TEST chr10,chr12,chr14,chr16,chr18,chr2,chr20,chr22,chr4,chr6,chr8: loss=0.1849 AUROC=0.9392 AUPRC=0.3140 BalAcc=0.6923 F1=0.3535 MCC=0.3482
Outputs written to /data/projects/SFB_A03/jan/AT_TFBS/human301/runs/SRY/multitf_20261006_033507_932031_base_seed1
Binary predictions: binary_classification_results.tsv
Binary metrics: binary_classification_metrics.json
ROC plot: roc_curve.png
Precision-recall plot: precision_recall_curve.png
Confusion matrix: binary_confusion_matrix.tsv
