TF=RFX5 train=CHIP seed=1 model=hum301_motif64_local.py
/home/jbossenz/miniforge3/envs/at_env/bin/python -u /data/projects/SFB_A03/jan/AT_TFBS/human301/hum301_motif64_local.py train --cache /data/projects/SFB_A03/jan/AT_TFBS/raw_data/human/ArchThalia-ML/RFX5/CHIP/dataset.npz --output-dir /data/projects/SFB_A03/jan/AT_TFBS/human301/runs/RFX5/crossassay_archthalia_20261009_144503_1046783/CHIP_seed1 --input-length 256 --embed-channels 64 --encoder-channels 80 96 128 --heads 4 --ffn-channels 256 --classification-readout local-logsumexp --task-mode classification --checkpoint-objective classification-auprc --threshold-strategy val-mcc --negatives-per-positive 10 --batch-size 88 --hard-negative-fraction 0 --epochs 100 --patience 20 --learning-rate 0.0003 --min-learning-rate 0.000001 --weight-decay 0.0001 --dropout 0.1 --activation relu --reverse-complement-probability 0.5 --eval-crops multi --eval-rc --no-balanced-evaluation --eval-batch-size 128 --num-workers 2 --seed 1 --device cuda --skip-test
Window geometry: 256 bp from 301 bp; crop starts 0..45; shifts -22..+23; fresh uniform draw per access
Evaluation: crops (0, 22, 23, 45), reverse complement=True; all samples
train: n=1,762,753, positive=17,453, negative=1,745,300
  val: n=445,006, positive=4,406, negative=440,600
 test: n=1,867,086, positive=18,486, negative=1,848,600
Device: cuda
Hidden activation: RELU
Parameters: 1,032,981 total; 1,032,981 trainable
Architecture: motif kernels 9/12; encoder 128/64/64; original five-block bottleneck at 64; decoder 64/128/256
  negatives seen=10.0%; hard negatives=0
Epoch 001 train: loss=0.6712 AUROC=0.9150 AUPRC=0.6907 BalAcc=0.8397 F1=0.5330 MCC=0.5064
Epoch 001 val  : loss=0.2975 AUROC=0.9438 AUPRC=0.4803 BalAcc=0.8762 F1=0.1474 MCC=0.2439
  learning_rate_used=3.000e-04; learning_rate_next=2.999e-04; elapsed=208.1s
  saved new best checkpoint: /data/projects/SFB_A03/jan/AT_TFBS/human301/runs/RFX5/crossassay_archthalia_20261009_144503_1046783/CHIP_seed1/best_model.pt (objective=classification-auprc, score=0.480274)
  negatives seen=20.0%; hard negatives=0
Epoch 002 train: loss=0.5168 AUROC=0.9501 AUPRC=0.7932 BalAcc=0.8854 F1=0.6381 MCC=0.6170
Epoch 002 val  : loss=0.2093 AUROC=0.9543 AUPRC=0.5238 BalAcc=0.8881 F1=0.2373 MCC=0.3257
  learning_rate_used=2.999e-04; learning_rate_next=2.997e-04; elapsed=205.9s
  saved new best checkpoint: /data/projects/SFB_A03/jan/AT_TFBS/human301/runs/RFX5/crossassay_archthalia_20261009_144503_1046783/CHIP_seed1/best_model.pt (objective=classification-auprc, score=0.523835)
  negatives seen=30.0%; hard negatives=0
Epoch 003 train: loss=0.4753 AUROC=0.9581 AUPRC=0.8181 BalAcc=0.8962 F1=0.6670 MCC=0.6470
Epoch 003 val  : loss=0.1532 AUROC=0.9605 AUPRC=0.5585 BalAcc=0.8851 F1=0.3318 MCC=0.3995
  learning_rate_used=2.997e-04; learning_rate_next=2.993e-04; elapsed=205.4s
  saved new best checkpoint: /data/projects/SFB_A03/jan/AT_TFBS/human301/runs/RFX5/crossassay_archthalia_20261009_144503_1046783/CHIP_seed1/best_model.pt (objective=classification-auprc, score=0.558462)
  negatives seen=40.0%; hard negatives=0
Epoch 004 train: loss=0.4479 AUROC=0.9631 AUPRC=0.8331 BalAcc=0.9030 F1=0.6839 MCC=0.6648
Epoch 004 val  : loss=0.2421 AUROC=0.9573 AUPRC=0.5538 BalAcc=0.8933 F1=0.1891 MCC=0.2870
  learning_rate_used=2.993e-04; learning_rate_next=2.988e-04; elapsed=204.0s
  negatives seen=50.0%; hard negatives=0
Epoch 005 train: loss=0.4257 AUROC=0.9668 AUPRC=0.8435 BalAcc=0.9096 F1=0.7011 MCC=0.6828
Epoch 005 val  : loss=0.3405 AUROC=0.9615 AUPRC=0.5462 BalAcc=0.8943 F1=0.1223 MCC=0.2256
  learning_rate_used=2.988e-04; learning_rate_next=2.982e-04; elapsed=205.2s
  negatives seen=60.0%; hard negatives=0
Epoch 006 train: loss=0.4117 AUROC=0.9694 AUPRC=0.8518 BalAcc=0.9116 F1=0.7069 MCC=0.6888
Epoch 006 val  : loss=0.1570 AUROC=0.9659 AUPRC=0.5876 BalAcc=0.9014 F1=0.3086 MCC=0.3879
  learning_rate_used=2.982e-04; learning_rate_next=2.974e-04; elapsed=207.9s
  saved new best checkpoint: /data/projects/SFB_A03/jan/AT_TFBS/human301/runs/RFX5/crossassay_archthalia_20261009_144503_1046783/CHIP_seed1/best_model.pt (objective=classification-auprc, score=0.587561)
  negatives seen=70.0%; hard negatives=0
Epoch 007 train: loss=0.3980 AUROC=0.9712 AUPRC=0.8581 BalAcc=0.9152 F1=0.7135 MCC=0.6961
Epoch 007 val  : loss=0.1906 AUROC=0.9681 AUPRC=0.6001 BalAcc=0.9111 F1=0.2448 MCC=0.3404
  learning_rate_used=2.974e-04; learning_rate_next=2.964e-04; elapsed=205.2s
  saved new best checkpoint: /data/projects/SFB_A03/jan/AT_TFBS/human301/runs/RFX5/crossassay_archthalia_20261009_144503_1046783/CHIP_seed1/best_model.pt (objective=classification-auprc, score=0.600149)
  negatives seen=80.0%; hard negatives=0
Epoch 008 train: loss=0.3883 AUROC=0.9728 AUPRC=0.8630 BalAcc=0.9187 F1=0.7246 MCC=0.7075
Epoch 008 val  : loss=0.1975 AUROC=0.9693 AUPRC=0.5985 BalAcc=0.9128 F1=0.2213 MCC=0.3215
  learning_rate_used=2.964e-04; learning_rate_next=2.953e-04; elapsed=205.8s
  negatives seen=90.0%; hard negatives=0
Epoch 009 train: loss=0.3820 AUROC=0.9739 AUPRC=0.8685 BalAcc=0.9202 F1=0.7321 MCC=0.7149
Epoch 009 val  : loss=0.1385 AUROC=0.9701 AUPRC=0.6133 BalAcc=0.9027 F1=0.3615 MCC=0.4296
  learning_rate_used=2.953e-04; learning_rate_next=2.941e-04; elapsed=205.4s
  saved new best checkpoint: /data/projects/SFB_A03/jan/AT_TFBS/human301/runs/RFX5/crossassay_archthalia_20261009_144503_1046783/CHIP_seed1/best_model.pt (objective=classification-auprc, score=0.613261)
  negatives seen=100.0%; hard negatives=0
Epoch 010 train: loss=0.3704 AUROC=0.9755 AUPRC=0.8738 BalAcc=0.9229 F1=0.7388 MCC=0.7220
Epoch 010 val  : loss=0.1426 AUROC=0.9695 AUPRC=0.5967 BalAcc=0.8994 F1=0.3347 MCC=0.4074
  learning_rate_used=2.941e-04; learning_rate_next=2.927e-04; elapsed=206.1s
  negatives seen=100.0%; hard negatives=0
Epoch 011 train: loss=0.3642 AUROC=0.9765 AUPRC=0.8778 BalAcc=0.9238 F1=0.7438 MCC=0.7270
Epoch 011 val  : loss=0.1350 AUROC=0.9706 AUPRC=0.6156 BalAcc=0.9051 F1=0.3567 MCC=0.4268
  learning_rate_used=2.927e-04; learning_rate_next=2.912e-04; elapsed=207.0s
  saved new best checkpoint: /data/projects/SFB_A03/jan/AT_TFBS/human301/runs/RFX5/crossassay_archthalia_20261009_144503_1046783/CHIP_seed1/best_model.pt (objective=classification-auprc, score=0.615610)
  negatives seen=100.0%; hard negatives=0
Epoch 012 train: loss=0.3548 AUROC=0.9776 AUPRC=0.8782 BalAcc=0.9270 F1=0.7495 MCC=0.7333
Epoch 012 val  : loss=0.1395 AUROC=0.9694 AUPRC=0.6046 BalAcc=0.9033 F1=0.3353 MCC=0.4095
  learning_rate_used=2.912e-04; learning_rate_next=2.895e-04; elapsed=208.3s
  negatives seen=100.0%; hard negatives=0
Epoch 013 train: loss=0.3489 AUROC=0.9783 AUPRC=0.8836 BalAcc=0.9285 F1=0.7526 MCC=0.7367
Epoch 013 val  : loss=0.1315 AUROC=0.9727 AUPRC=0.6303 BalAcc=0.9035 F1=0.3613 MCC=0.4297
  learning_rate_used=2.895e-04; learning_rate_next=2.877e-04; elapsed=208.5s
  saved new best checkpoint: /data/projects/SFB_A03/jan/AT_TFBS/human301/runs/RFX5/crossassay_archthalia_20261009_144503_1046783/CHIP_seed1/best_model.pt (objective=classification-auprc, score=0.630343)
  negatives seen=100.0%; hard negatives=0
Epoch 014 train: loss=0.3440 AUROC=0.9792 AUPRC=0.8840 BalAcc=0.9295 F1=0.7571 MCC=0.7412
Epoch 014 val  : loss=0.1388 AUROC=0.9709 AUPRC=0.5961 BalAcc=0.9057 F1=0.3415 MCC=0.4153
  learning_rate_used=2.877e-04; learning_rate_next=2.858e-04; elapsed=207.5s
  negatives seen=100.0%; hard negatives=0
Epoch 015 train: loss=0.3351 AUROC=0.9801 AUPRC=0.8904 BalAcc=0.9311 F1=0.7626 MCC=0.7469
Epoch 015 val  : loss=0.1369 AUROC=0.9704 AUPRC=0.6233 BalAcc=0.9048 F1=0.3559 MCC=0.4261
  learning_rate_used=2.858e-04; learning_rate_next=2.837e-04; elapsed=203.8s
  negatives seen=100.0%; hard negatives=0
Epoch 016 train: loss=0.3316 AUROC=0.9808 AUPRC=0.8898 BalAcc=0.9314 F1=0.7604 MCC=0.7449
Epoch 016 val  : loss=0.1347 AUROC=0.9720 AUPRC=0.6256 BalAcc=0.9037 F1=0.3597 MCC=0.4285
  learning_rate_used=2.837e-04; learning_rate_next=2.815e-04; elapsed=208.8s
  negatives seen=100.0%; hard negatives=0
Epoch 017 train: loss=0.3294 AUROC=0.9811 AUPRC=0.8913 BalAcc=0.9330 F1=0.7675 MCC=0.7521
Epoch 017 val  : loss=0.1527 AUROC=0.9729 AUPRC=0.6384 BalAcc=0.9136 F1=0.2986 MCC=0.3848
  learning_rate_used=2.815e-04; learning_rate_next=2.792e-04; elapsed=208.7s
  saved new best checkpoint: /data/projects/SFB_A03/jan/AT_TFBS/human301/runs/RFX5/crossassay_archthalia_20261009_144503_1046783/CHIP_seed1/best_model.pt (objective=classification-auprc, score=0.638361)
  negatives seen=100.0%; hard negatives=0
Epoch 018 train: loss=0.3215 AUROC=0.9818 AUPRC=0.8936 BalAcc=0.9342 F1=0.7718 MCC=0.7565
Epoch 018 val  : loss=0.1580 AUROC=0.9732 AUPRC=0.6409 BalAcc=0.9167 F1=0.2893 MCC=0.3786
  learning_rate_used=2.792e-04; learning_rate_next=2.767e-04; elapsed=207.1s
  saved new best checkpoint: /data/projects/SFB_A03/jan/AT_TFBS/human301/runs/RFX5/crossassay_archthalia_20261009_144503_1046783/CHIP_seed1/best_model.pt (objective=classification-auprc, score=0.640902)
  negatives seen=100.0%; hard negatives=0
Epoch 019 train: loss=0.3140 AUROC=0.9829 AUPRC=0.8978 BalAcc=0.9363 F1=0.7736 MCC=0.7588
Epoch 019 val  : loss=0.1620 AUROC=0.9729 AUPRC=0.6408 BalAcc=0.9182 F1=0.2743 MCC=0.3671
  learning_rate_used=2.767e-04; learning_rate_next=2.741e-04; elapsed=209.1s
  negatives seen=100.0%; hard negatives=0
Epoch 020 train: loss=0.3126 AUROC=0.9832 AUPRC=0.8999 BalAcc=0.9365 F1=0.7781 MCC=0.7631
Epoch 020 val  : loss=0.1432 AUROC=0.9719 AUPRC=0.6320 BalAcc=0.9150 F1=0.3141 MCC=0.3975
  learning_rate_used=2.741e-04; learning_rate_next=2.714e-04; elapsed=206.0s
  negatives seen=100.0%; hard negatives=0
Epoch 021 train: loss=0.3074 AUROC=0.9836 AUPRC=0.8998 BalAcc=0.9377 F1=0.7803 MCC=0.7656
Epoch 021 val  : loss=0.1308 AUROC=0.9688 AUPRC=0.5947 BalAcc=0.8905 F1=0.3803 MCC=0.4391
  learning_rate_used=2.714e-04; learning_rate_next=2.686e-04; elapsed=205.6s
  negatives seen=100.0%; hard negatives=0
Epoch 022 train: loss=0.3003 AUROC=0.9845 AUPRC=0.9035 BalAcc=0.9389 F1=0.7841 MCC=0.7696
Epoch 022 val  : loss=0.1136 AUROC=0.9735 AUPRC=0.6336 BalAcc=0.8948 F1=0.4326 MCC=0.4812
  learning_rate_used=2.686e-04; learning_rate_next=2.657e-04; elapsed=206.1s
  negatives seen=100.0%; hard negatives=0
Epoch 023 train: loss=0.2964 AUROC=0.9846 AUPRC=0.9063 BalAcc=0.9396 F1=0.7864 MCC=0.7719
Epoch 023 val  : loss=0.1319 AUROC=0.9724 AUPRC=0.6392 BalAcc=0.9085 F1=0.3490 MCC=0.4222
  learning_rate_used=2.657e-04; learning_rate_next=2.626e-04; elapsed=207.0s
  negatives seen=100.0%; hard negatives=0
Epoch 024 train: loss=0.2903 AUROC=0.9854 AUPRC=0.9078 BalAcc=0.9416 F1=0.7932 MCC=0.7790
Epoch 024 val  : loss=0.1243 AUROC=0.9719 AUPRC=0.6257 BalAcc=0.8965 F1=0.3891 MCC=0.4484
  learning_rate_used=2.626e-04; learning_rate_next=2.595e-04; elapsed=206.0s
  negatives seen=100.0%; hard negatives=0
Epoch 025 train: loss=0.2845 AUROC=0.9860 AUPRC=0.9093 BalAcc=0.9430 F1=0.7951 MCC=0.7812
Epoch 025 val  : loss=0.1169 AUROC=0.9722 AUPRC=0.6393 BalAcc=0.8939 F1=0.4312 MCC=0.4798
  learning_rate_used=2.595e-04; learning_rate_next=2.562e-04; elapsed=204.2s
  negatives seen=100.0%; hard negatives=0
Epoch 026 train: loss=0.2827 AUROC=0.9862 AUPRC=0.9094 BalAcc=0.9439 F1=0.7986 MCC=0.7848
Epoch 026 val  : loss=0.1445 AUROC=0.9726 AUPRC=0.6392 BalAcc=0.9125 F1=0.3169 MCC=0.3987
  learning_rate_used=2.562e-04; learning_rate_next=2.528e-04; elapsed=206.3s
  negatives seen=100.0%; hard negatives=0
Epoch 027 train: loss=0.2785 AUROC=0.9866 AUPRC=0.9118 BalAcc=0.9442 F1=0.8003 MCC=0.7866
Epoch 027 val  : loss=0.1230 AUROC=0.9729 AUPRC=0.6336 BalAcc=0.9042 F1=0.3821 MCC=0.4461
  learning_rate_used=2.528e-04; learning_rate_next=2.494e-04; elapsed=207.9s
  negatives seen=100.0%; hard negatives=0
Epoch 028 train: loss=0.2752 AUROC=0.9870 AUPRC=0.9134 BalAcc=0.9454 F1=0.8035 MCC=0.7899
Epoch 028 val  : loss=0.1625 AUROC=0.9730 AUPRC=0.6360 BalAcc=0.9181 F1=0.2853 MCC=0.3759
  learning_rate_used=2.494e-04; learning_rate_next=2.458e-04; elapsed=206.8s
  negatives seen=100.0%; hard negatives=0
Epoch 029 train: loss=0.2724 AUROC=0.9871 AUPRC=0.9139 BalAcc=0.9463 F1=0.8058 MCC=0.7924
Epoch 029 val  : loss=0.1187 AUROC=0.9728 AUPRC=0.6448 BalAcc=0.8981 F1=0.4160 MCC=0.4698
  learning_rate_used=2.458e-04; learning_rate_next=2.421e-04; elapsed=208.0s
  saved new best checkpoint: /data/projects/SFB_A03/jan/AT_TFBS/human301/runs/RFX5/crossassay_archthalia_20261009_144503_1046783/CHIP_seed1/best_model.pt (objective=classification-auprc, score=0.644769)
  negatives seen=100.0%; hard negatives=0
Epoch 030 train: loss=0.2661 AUROC=0.9878 AUPRC=0.9165 BalAcc=0.9464 F1=0.8084 MCC=0.7950
Epoch 030 val  : loss=0.1289 AUROC=0.9726 AUPRC=0.6436 BalAcc=0.9046 F1=0.3795 MCC=0.4442
  learning_rate_used=2.421e-04; learning_rate_next=2.384e-04; elapsed=208.9s
  negatives seen=100.0%; hard negatives=0
Epoch 031 train: loss=0.2642 AUROC=0.9880 AUPRC=0.9172 BalAcc=0.9483 F1=0.8136 MCC=0.8004
Epoch 031 val  : loss=0.1339 AUROC=0.9737 AUPRC=0.6394 BalAcc=0.9132 F1=0.3470 MCC=0.4225
  learning_rate_used=2.384e-04; learning_rate_next=2.345e-04; elapsed=207.8s
  negatives seen=100.0%; hard negatives=0
Epoch 032 train: loss=0.2589 AUROC=0.9885 AUPRC=0.9200 BalAcc=0.9490 F1=0.8176 MCC=0.8046
Epoch 032 val  : loss=0.1125 AUROC=0.9736 AUPRC=0.6477 BalAcc=0.8963 F1=0.4363 MCC=0.4847
  learning_rate_used=2.345e-04; learning_rate_next=2.306e-04; elapsed=209.4s
  saved new best checkpoint: /data/projects/SFB_A03/jan/AT_TFBS/human301/runs/RFX5/crossassay_archthalia_20261009_144503_1046783/CHIP_seed1/best_model.pt (objective=classification-auprc, score=0.647656)
  negatives seen=100.0%; hard negatives=0
Epoch 033 train: loss=0.2560 AUROC=0.9888 AUPRC=0.9206 BalAcc=0.9497 F1=0.8162 MCC=0.8033
Epoch 033 val  : loss=0.1215 AUROC=0.9737 AUPRC=0.6461 BalAcc=0.9060 F1=0.3819 MCC=0.4467
  learning_rate_used=2.306e-04; learning_rate_next=2.266e-04; elapsed=204.0s
  negatives seen=100.0%; hard negatives=0
Epoch 034 train: loss=0.2507 AUROC=0.9891 AUPRC=0.9216 BalAcc=0.9508 F1=0.8176 MCC=0.8049
Epoch 034 val  : loss=0.1319 AUROC=0.9735 AUPRC=0.6441 BalAcc=0.9117 F1=0.3501 MCC=0.4244
  learning_rate_used=2.266e-04; learning_rate_next=2.225e-04; elapsed=204.5s
  negatives seen=100.0%; hard negatives=0
Epoch 035 train: loss=0.2466 AUROC=0.9895 AUPRC=0.9227 BalAcc=0.9520 F1=0.8215 MCC=0.8090
Epoch 035 val  : loss=0.1281 AUROC=0.9727 AUPRC=0.6423 BalAcc=0.9098 F1=0.3600 MCC=0.4313
  learning_rate_used=2.225e-04; learning_rate_next=2.184e-04; elapsed=207.7s
  negatives seen=100.0%; hard negatives=0
Epoch 036 train: loss=0.2425 AUROC=0.9900 AUPRC=0.9277 BalAcc=0.9525 F1=0.8277 MCC=0.8152
Epoch 036 val  : loss=0.1203 AUROC=0.9733 AUPRC=0.6409 BalAcc=0.8996 F1=0.4162 MCC=0.4705
  learning_rate_used=2.184e-04; learning_rate_next=2.142e-04; elapsed=204.4s
  negatives seen=100.0%; hard negatives=0
Epoch 037 train: loss=0.2406 AUROC=0.9902 AUPRC=0.9250 BalAcc=0.9527 F1=0.8265 MCC=0.8141
Epoch 037 val  : loss=0.1219 AUROC=0.9731 AUPRC=0.6466 BalAcc=0.9052 F1=0.3845 MCC=0.4483
  learning_rate_used=2.142e-04; learning_rate_next=2.099e-04; elapsed=205.7s
  negatives seen=100.0%; hard negatives=0
Epoch 038 train: loss=0.2389 AUROC=0.9904 AUPRC=0.9275 BalAcc=0.9533 F1=0.8279 MCC=0.8156
Epoch 038 val  : loss=0.1209 AUROC=0.9731 AUPRC=0.6468 BalAcc=0.9079 F1=0.3898 MCC=0.4535
  learning_rate_used=2.099e-04; learning_rate_next=2.055e-04; elapsed=207.7s
  negatives seen=100.0%; hard negatives=0
Epoch 039 train: loss=0.2337 AUROC=0.9907 AUPRC=0.9290 BalAcc=0.9547 F1=0.8340 MCC=0.8219
Epoch 039 val  : loss=0.1164 AUROC=0.9733 AUPRC=0.6506 BalAcc=0.9019 F1=0.4229 MCC=0.4766
  learning_rate_used=2.055e-04; learning_rate_next=2.011e-04; elapsed=207.6s
  saved new best checkpoint: /data/projects/SFB_A03/jan/AT_TFBS/human301/runs/RFX5/crossassay_archthalia_20261009_144503_1046783/CHIP_seed1/best_model.pt (objective=classification-auprc, score=0.650598)
  negatives seen=100.0%; hard negatives=0
Epoch 040 train: loss=0.2337 AUROC=0.9906 AUPRC=0.9302 BalAcc=0.9542 F1=0.8325 MCC=0.8203
Epoch 040 val  : loss=0.1379 AUROC=0.9735 AUPRC=0.6335 BalAcc=0.9107 F1=0.3525 MCC=0.4258
  learning_rate_used=2.011e-04; learning_rate_next=1.967e-04; elapsed=205.4s
  negatives seen=100.0%; hard negatives=0
Epoch 041 train: loss=0.2238 AUROC=0.9914 AUPRC=0.9340 BalAcc=0.9569 F1=0.8422 MCC=0.8305
Epoch 041 val  : loss=0.1150 AUROC=0.9734 AUPRC=0.6410 BalAcc=0.8954 F1=0.4468 MCC=0.4925
  learning_rate_used=1.967e-04; learning_rate_next=1.922e-04; elapsed=207.1s
  negatives seen=100.0%; hard negatives=0
Epoch 042 train: loss=0.2181 AUROC=0.9919 AUPRC=0.9355 BalAcc=0.9580 F1=0.8438 MCC=0.8323
Epoch 042 val  : loss=0.1290 AUROC=0.9734 AUPRC=0.6303 BalAcc=0.9066 F1=0.3842 MCC=0.4487
  learning_rate_used=1.922e-04; learning_rate_next=1.877e-04; elapsed=209.8s
  negatives seen=100.0%; hard negatives=0
Epoch 043 train: loss=0.2225 AUROC=0.9917 AUPRC=0.9351 BalAcc=0.9569 F1=0.8439 MCC=0.8322
Epoch 043 val  : loss=0.1248 AUROC=0.9729 AUPRC=0.6519 BalAcc=0.9074 F1=0.3915 MCC=0.4546
  learning_rate_used=1.877e-04; learning_rate_next=1.831e-04; elapsed=207.3s
  saved new best checkpoint: /data/projects/SFB_A03/jan/AT_TFBS/human301/runs/RFX5/crossassay_archthalia_20261009_144503_1046783/CHIP_seed1/best_model.pt (objective=classification-auprc, score=0.651901)
  negatives seen=100.0%; hard negatives=0
Epoch 044 train: loss=0.2157 AUROC=0.9920 AUPRC=0.9363 BalAcc=0.9586 F1=0.8453 MCC=0.8339
Epoch 044 val  : loss=0.1141 AUROC=0.9724 AUPRC=0.6571 BalAcc=0.8979 F1=0.4516 MCC=0.4972
  learning_rate_used=1.831e-04; learning_rate_next=1.785e-04; elapsed=209.3s
  saved new best checkpoint: /data/projects/SFB_A03/jan/AT_TFBS/human301/runs/RFX5/crossassay_archthalia_20261009_144503_1046783/CHIP_seed1/best_model.pt (objective=classification-auprc, score=0.657130)
  negatives seen=100.0%; hard negatives=0
Epoch 045 train: loss=0.2152 AUROC=0.9921 AUPRC=0.9360 BalAcc=0.9585 F1=0.8475 MCC=0.8361
Epoch 045 val  : loss=0.1227 AUROC=0.9734 AUPRC=0.6583 BalAcc=0.9102 F1=0.3911 MCC=0.4554
  learning_rate_used=1.785e-04; learning_rate_next=1.739e-04; elapsed=207.7s
  saved new best checkpoint: /data/projects/SFB_A03/jan/AT_TFBS/human301/runs/RFX5/crossassay_archthalia_20261009_144503_1046783/CHIP_seed1/best_model.pt (objective=classification-auprc, score=0.658350)
  negatives seen=100.0%; hard negatives=0
Epoch 046 train: loss=0.2087 AUROC=0.9924 AUPRC=0.9375 BalAcc=0.9602 F1=0.8504 MCC=0.8393
Epoch 046 val  : loss=0.1163 AUROC=0.9724 AUPRC=0.6531 BalAcc=0.8951 F1=0.4559 MCC=0.4994
  learning_rate_used=1.739e-04; learning_rate_next=1.692e-04; elapsed=208.8s
  negatives seen=100.0%; hard negatives=0
Epoch 047 train: loss=0.2034 AUROC=0.9929 AUPRC=0.9381 BalAcc=0.9610 F1=0.8533 MCC=0.8424
Epoch 047 val  : loss=0.1186 AUROC=0.9725 AUPRC=0.6512 BalAcc=0.8867 F1=0.4822 MCC=0.5167
  learning_rate_used=1.692e-04; learning_rate_next=1.646e-04; elapsed=204.2s
  negatives seen=100.0%; hard negatives=0
Epoch 048 train: loss=0.2079 AUROC=0.9927 AUPRC=0.9381 BalAcc=0.9602 F1=0.8530 MCC=0.8419
Epoch 048 val  : loss=0.1211 AUROC=0.9735 AUPRC=0.6461 BalAcc=0.9026 F1=0.4123 MCC=0.4687
  learning_rate_used=1.646e-04; learning_rate_next=1.599e-04; elapsed=206.2s
  negatives seen=100.0%; hard negatives=0
Epoch 049 train: loss=0.2016 AUROC=0.9930 AUPRC=0.9399 BalAcc=0.9611 F1=0.8564 MCC=0.8454
Epoch 049 val  : loss=0.1174 AUROC=0.9724 AUPRC=0.6528 BalAcc=0.8990 F1=0.4425 MCC=0.4906
  learning_rate_used=1.599e-04; learning_rate_next=1.552e-04; elapsed=206.3s
  negatives seen=100.0%; hard negatives=0
Epoch 050 train: loss=0.1999 AUROC=0.9932 AUPRC=0.9421 BalAcc=0.9624 F1=0.8592 MCC=0.8485
Epoch 050 val  : loss=0.1153 AUROC=0.9723 AUPRC=0.6536 BalAcc=0.8979 F1=0.4409 MCC=0.4889
  learning_rate_used=1.552e-04; learning_rate_next=1.505e-04; elapsed=208.5s
  negatives seen=100.0%; hard negatives=0
Epoch 051 train: loss=0.1898 AUROC=0.9936 AUPRC=0.9434 BalAcc=0.9637 F1=0.8643 MCC=0.8539
Epoch 051 val  : loss=0.1166 AUROC=0.9710 AUPRC=0.6512 BalAcc=0.8887 F1=0.4763 MCC=0.5128
  learning_rate_used=1.505e-04; learning_rate_next=1.458e-04; elapsed=207.8s
  negatives seen=100.0%; hard negatives=0
Epoch 052 train: loss=0.1875 AUROC=0.9939 AUPRC=0.9456 BalAcc=0.9649 F1=0.8669 MCC=0.8566
Epoch 052 val  : loss=0.1194 AUROC=0.9722 AUPRC=0.6500 BalAcc=0.8992 F1=0.4351 MCC=0.4849
  learning_rate_used=1.458e-04; learning_rate_next=1.411e-04; elapsed=207.2s
  negatives seen=100.0%; hard negatives=0
Epoch 053 train: loss=0.1834 AUROC=0.9941 AUPRC=0.9479 BalAcc=0.9652 F1=0.8709 MCC=0.8608
Epoch 053 val  : loss=0.1138 AUROC=0.9725 AUPRC=0.6544 BalAcc=0.8942 F1=0.4672 MCC=0.5078
  learning_rate_used=1.411e-04; learning_rate_next=1.364e-04; elapsed=204.5s
  negatives seen=100.0%; hard negatives=0
Epoch 054 train: loss=0.1853 AUROC=0.9942 AUPRC=0.9468 BalAcc=0.9648 F1=0.8693 MCC=0.8591
Epoch 054 val  : loss=0.1213 AUROC=0.9719 AUPRC=0.6468 BalAcc=0.8989 F1=0.4289 MCC=0.4800
  learning_rate_used=1.364e-04; learning_rate_next=1.318e-04; elapsed=204.3s
  negatives seen=100.0%; hard negatives=0
Epoch 055 train: loss=0.1803 AUROC=0.9944 AUPRC=0.9485 BalAcc=0.9658 F1=0.8710 MCC=0.8609
Epoch 055 val  : loss=0.1206 AUROC=0.9723 AUPRC=0.6505 BalAcc=0.8955 F1=0.4467 MCC=0.4924
  learning_rate_used=1.318e-04; learning_rate_next=1.271e-04; elapsed=204.3s
  negatives seen=100.0%; hard negatives=0
Epoch 056 train: loss=0.1715 AUROC=0.9947 AUPRC=0.9491 BalAcc=0.9669 F1=0.8729 MCC=0.8631
Epoch 056 val  : loss=0.1199 AUROC=0.9710 AUPRC=0.6471 BalAcc=0.8913 F1=0.4569 MCC=0.4987
  learning_rate_used=1.271e-04; learning_rate_next=1.225e-04; elapsed=208.6s
  negatives seen=100.0%; hard negatives=0
Epoch 057 train: loss=0.1713 AUROC=0.9948 AUPRC=0.9504 BalAcc=0.9679 F1=0.8756 MCC=0.8660
Epoch 057 val  : loss=0.1234 AUROC=0.9715 AUPRC=0.6413 BalAcc=0.8768 F1=0.5159 MCC=0.5398
  learning_rate_used=1.225e-04; learning_rate_next=1.179e-04; elapsed=205.3s
  negatives seen=100.0%; hard negatives=0
Epoch 058 train: loss=0.1715 AUROC=0.9949 AUPRC=0.9511 BalAcc=0.9680 F1=0.8771 MCC=0.8675
Epoch 058 val  : loss=0.1243 AUROC=0.9720 AUPRC=0.6449 BalAcc=0.8835 F1=0.4880 MCC=0.5201
  learning_rate_used=1.179e-04; learning_rate_next=1.133e-04; elapsed=208.5s
  negatives seen=100.0%; hard negatives=0
Epoch 059 train: loss=0.1677 AUROC=0.9949 AUPRC=0.9511 BalAcc=0.9693 F1=0.8811 MCC=0.8718
Epoch 059 val  : loss=0.1236 AUROC=0.9706 AUPRC=0.6488 BalAcc=0.8961 F1=0.4408 MCC=0.4881
  learning_rate_used=1.133e-04; learning_rate_next=1.088e-04; elapsed=208.6s
  negatives seen=100.0%; hard negatives=0
Epoch 060 train: loss=0.1645 AUROC=0.9951 AUPRC=0.9523 BalAcc=0.9687 F1=0.8796 MCC=0.8702
Epoch 060 val  : loss=0.1226 AUROC=0.9716 AUPRC=0.6510 BalAcc=0.8972 F1=0.4444 MCC=0.4913
  learning_rate_used=1.088e-04; learning_rate_next=1.043e-04; elapsed=209.3s
  negatives seen=100.0%; hard negatives=0
Epoch 061 train: loss=0.1605 AUROC=0.9953 AUPRC=0.9541 BalAcc=0.9700 F1=0.8863 MCC=0.8772
Epoch 061 val  : loss=0.1220 AUROC=0.9706 AUPRC=0.6485 BalAcc=0.8857 F1=0.4866 MCC=0.5198
  learning_rate_used=1.043e-04; learning_rate_next=9.986e-05; elapsed=208.7s
  negatives seen=100.0%; hard negatives=0
Epoch 062 train: loss=0.1602 AUROC=0.9953 AUPRC=0.9536 BalAcc=0.9703 F1=0.8860 MCC=0.8770
Epoch 062 val  : loss=0.1235 AUROC=0.9698 AUPRC=0.6459 BalAcc=0.8966 F1=0.4359 MCC=0.4845
  learning_rate_used=9.986e-05; learning_rate_next=9.547e-05; elapsed=207.7s
  negatives seen=100.0%; hard negatives=0
Epoch 063 train: loss=0.1560 AUROC=0.9956 AUPRC=0.9554 BalAcc=0.9710 F1=0.8880 MCC=0.8791
Epoch 063 val  : loss=0.1224 AUROC=0.9708 AUPRC=0.6552 BalAcc=0.8858 F1=0.4914 MCC=0.5236
  learning_rate_used=9.547e-05; learning_rate_next=9.113e-05; elapsed=205.8s
  negatives seen=100.0%; hard negatives=0
Epoch 064 train: loss=0.1556 AUROC=0.9956 AUPRC=0.9568 BalAcc=0.9713 F1=0.8897 MCC=0.8809
Epoch 064 val  : loss=0.1213 AUROC=0.9715 AUPRC=0.6554 BalAcc=0.8919 F1=0.4728 MCC=0.5113
  learning_rate_used=9.113e-05; learning_rate_next=8.685e-05; elapsed=207.6s
  negatives seen=100.0%; hard negatives=0
Epoch 065 train: loss=0.1507 AUROC=0.9959 AUPRC=0.9580 BalAcc=0.9717 F1=0.8922 MCC=0.8835
Epoch 065 val  : loss=0.1227 AUROC=0.9721 AUPRC=0.6555 BalAcc=0.8944 F1=0.4598 MCC=0.5022
  learning_rate_used=8.685e-05; learning_rate_next=8.263e-05; elapsed=204.7s
Early stopping after 65 epochs.
Binary threshold: 0.981968 (strategy=val-mcc, validation_score=0.624728)
Validation-only run completed; frozen model: /data/projects/SFB_A03/jan/AT_TFBS/human301/runs/RFX5/crossassay_archthalia_20261009_144503_1046783/CHIP_seed1/model_for_prediction.pt
RFX5: CHIP -> CHIP
TEST RFX5 CHIP -> CHIP: loss=0.1237 AUROC=0.9741 AUPRC=0.6619 BalAcc=0.8051 F1=0.6260 MCC=0.6224
RFX5: CHIP -> GHTS
TEST RFX5 CHIP -> GHTS: loss=0.8631 AUROC=0.6235 AUPRC=0.3689 BalAcc=0.6735 F1=0.1267 MCC=0.1549
Completed RFX5/CHIP: one model, both fixed test sets.
