BATF2/CHIP: reusing /data/projects/SFB_A03/jan/AT_TFBS/raw_data/human/BATF2/hum301_multitf_chr5_chr7/dataset.npz
{
  "train": {
    "positive": 11216,
    "negative": 1121600,
    "total": 1132816,
    "chromosomes": [
      "chr1",
      "chr11",
      "chr13",
      "chr15",
      "chr17",
      "chr19",
      "chr21",
      "chr3",
      "chr9"
    ],
    "sequences_with_N": 0,
    "max_N_fraction": 0.0,
    "mean_GC_fraction_ACGT_only": {
      "positive": 0.5444586163098752,
      "negative": 0.4972220895872531
    }
  },
  "validation": {
    "positive": 2891,
    "negative": 289100,
    "total": 291991,
    "chromosomes": [
      "chr5",
      "chr7"
    ],
    "sequences_with_N": 1,
    "max_N_fraction": 0.37209302325581395,
    "mean_GC_fraction_ACGT_only": {
      "positive": 0.5122774876541578,
      "negative": 0.4769405797118104
    }
  },
  "test": {
    "positive": 12258,
    "negative": 1225800,
    "total": 1238058,
    "chromosomes": [
      "chr10",
      "chr12",
      "chr14",
      "chr16",
      "chr18",
      "chr2",
      "chr20",
      "chr22",
      "chr4",
      "chr6",
      "chr8"
    ],
    "sequences_with_N": 1,
    "max_N_fraction": 0.0033222591362126247,
    "mean_GC_fraction_ACGT_only": {
      "positive": 0.5256280618239776,
      "negative": 0.4855516717267563
    }
  }
}
BATF2/GHTS: packing existing FASTAs into /data/projects/SFB_A03/jan/AT_TFBS/raw_data/human/BATF2/GHTS/dataset.npz; no genome extraction
Loaded train_positive: 714
Loaded train_negative: 71,400
Loaded test_positive: 775
Loaded test_negative: 77,500
{
  "train": {
    "positive": 543,
    "negative": 54300,
    "total": 54843,
    "chromosomes": [
      "chr1",
      "chr11",
      "chr13",
      "chr15",
      "chr17",
      "chr19",
      "chr21",
      "chr3",
      "chr9"
    ],
    "sequences_with_N": 2,
    "max_N_fraction": 0.026578073089700997,
    "mean_GC_fraction_ACGT_only": {
      "positive": 0.5114821890807169,
      "negative": 0.5114766615884437
    }
  },
  "validation": {
    "positive": 171,
    "negative": 17100,
    "total": 17271,
    "chromosomes": [
      "chr5",
      "chr7"
    ],
    "sequences_with_N": 1,
    "max_N_fraction": 0.24584717607973422,
    "mean_GC_fraction_ACGT_only": {
      "positive": 0.496771758991441,
      "negative": 0.4968984476695614
    }
  },
  "test": {
    "positive": 775,
    "negative": 77500,
    "total": 78275,
    "chromosomes": [
      "chr10",
      "chr12",
      "chr14",
      "chr16",
      "chr18",
      "chr2",
      "chr20",
      "chr22",
      "chr4",
      "chr6",
      "chr8"
    ],
    "sequences_with_N": 0,
    "max_N_fraction": 0.0,
    "mean_GC_fraction_ACGT_only": {
      "positive": 0.48829493087557607,
      "negative": 0.4882858428892938
    }
  }
}
Sequence audit: {
  "train": {
    "duplicates_or_RC_duplicates_within_split": 0,
    "identical_or_RC_identical_sequences_with_both_labels": 0
  },
  "validation": {
    "duplicates_or_RC_duplicates_within_split": 0,
    "identical_or_RC_identical_sequences_with_both_labels": 0
  },
  "test": {
    "duplicates_or_RC_duplicates_within_split": 0,
    "identical_or_RC_identical_sequences_with_both_labels": 0
  },
  "train_validation_shared_sequences_or_RC": 0,
  "train_test_shared_sequences_or_RC": 0,
  "validation_test_shared_sequences_or_RC": 0
}
Saved: /data/projects/SFB_A03/jan/AT_TFBS/raw_data/human/BATF2/GHTS/dataset.npz
BATF2: caches ready for CHIP and GHTS; cross-test chromosomes are held out.
