TF=ZBTB8A train=CHIP seed=1 model=hum301_motif64_local.py
/home/jbossenz/miniforge3/envs/at_env/bin/python -u /data/projects/SFB_A03/jan/AT_TFBS/human301/hum301_motif64_local.py train --cache /data/projects/SFB_A03/jan/AT_TFBS/raw_data/human/ArchThalia-ML/ZBTB8A/CHIP/dataset.npz --output-dir /data/projects/SFB_A03/jan/AT_TFBS/human301/runs/ZBTB8A/crossassay_archthalia_20261009_144503_1046783/CHIP_seed1 --input-length 256 --embed-channels 64 --encoder-channels 80 96 128 --heads 4 --ffn-channels 256 --classification-readout local-logsumexp --task-mode classification --checkpoint-objective classification-auprc --threshold-strategy val-mcc --negatives-per-positive 10 --batch-size 88 --hard-negative-fraction 0 --epochs 100 --patience 20 --learning-rate 0.0003 --min-learning-rate 0.000001 --weight-decay 0.0001 --dropout 0.1 --activation relu --reverse-complement-probability 0.5 --eval-crops multi --eval-rc --no-balanced-evaluation --eval-batch-size 128 --num-workers 2 --seed 1 --device cuda --skip-test
Window geometry: 256 bp from 301 bp; crop starts 0..45; shifts -22..+23; fresh uniform draw per access
Evaluation: crops (0, 22, 23, 45), reverse complement=True; all samples
train: n=1,913,445, positive=18,945, negative=1,894,500
  val: n=428,341, positive=4,241, negative=424,100
 test: n=1,841,230, positive=18,230, negative=1,823,000
Device: cuda
Hidden activation: RELU
Parameters: 1,032,981 total; 1,032,981 trainable
Architecture: motif kernels 9/12; encoder 128/64/64; original five-block bottleneck at 64; decoder 64/128/256
  negatives seen=10.0%; hard negatives=0
Epoch 001 train: loss=0.7057 AUROC=0.9086 AUPRC=0.6174 BalAcc=0.8285 F1=0.4859 MCC=0.4623
Epoch 001 val  : loss=0.5739 AUROC=0.9369 AUPRC=0.2913 BalAcc=0.8421 F1=0.0683 MCC=0.1539
  learning_rate_used=3.000e-04; learning_rate_next=2.999e-04; elapsed=209.0s
  saved new best checkpoint: /data/projects/SFB_A03/jan/AT_TFBS/human301/runs/ZBTB8A/crossassay_archthalia_20261009_144503_1046783/CHIP_seed1/best_model.pt (objective=classification-auprc, score=0.291303)
  negatives seen=20.0%; hard negatives=0
Epoch 002 train: loss=0.5970 AUROC=0.9353 AUPRC=0.6941 BalAcc=0.8602 F1=0.5413 MCC=0.5234
Epoch 002 val  : loss=0.2042 AUROC=0.9449 AUPRC=0.3211 BalAcc=0.8374 F1=0.2081 MCC=0.2828
  learning_rate_used=2.999e-04; learning_rate_next=2.997e-04; elapsed=206.0s
  saved new best checkpoint: /data/projects/SFB_A03/jan/AT_TFBS/human301/runs/ZBTB8A/crossassay_archthalia_20261009_144503_1046783/CHIP_seed1/best_model.pt (objective=classification-auprc, score=0.321093)
  negatives seen=30.0%; hard negatives=0
Epoch 003 train: loss=0.5616 AUROC=0.9432 AUPRC=0.7145 BalAcc=0.8697 F1=0.5604 MCC=0.5437
Epoch 003 val  : loss=0.1875 AUROC=0.9497 AUPRC=0.3522 BalAcc=0.8414 F1=0.2312 MCC=0.3031
  learning_rate_used=2.997e-04; learning_rate_next=2.993e-04; elapsed=207.6s
  saved new best checkpoint: /data/projects/SFB_A03/jan/AT_TFBS/human301/runs/ZBTB8A/crossassay_archthalia_20261009_144503_1046783/CHIP_seed1/best_model.pt (objective=classification-auprc, score=0.352227)
  negatives seen=40.0%; hard negatives=0
Epoch 004 train: loss=0.5392 AUROC=0.9478 AUPRC=0.7310 BalAcc=0.8759 F1=0.5728 MCC=0.5570
Epoch 004 val  : loss=0.5000 AUROC=0.9499 AUPRC=0.3501 BalAcc=0.8622 F1=0.0793 MCC=0.1716
  learning_rate_used=2.993e-04; learning_rate_next=2.988e-04; elapsed=205.8s
  negatives seen=50.0%; hard negatives=0
Epoch 005 train: loss=0.5210 AUROC=0.9515 AUPRC=0.7418 BalAcc=0.8824 F1=0.5898 MCC=0.5743
Epoch 005 val  : loss=0.2302 AUROC=0.9541 AUPRC=0.3698 BalAcc=0.8814 F1=0.1653 MCC=0.2618
  learning_rate_used=2.988e-04; learning_rate_next=2.982e-04; elapsed=203.5s
  saved new best checkpoint: /data/projects/SFB_A03/jan/AT_TFBS/human301/runs/ZBTB8A/crossassay_archthalia_20261009_144503_1046783/CHIP_seed1/best_model.pt (objective=classification-auprc, score=0.369837)
  negatives seen=60.0%; hard negatives=0
Epoch 006 train: loss=0.5043 AUROC=0.9547 AUPRC=0.7530 BalAcc=0.8859 F1=0.5987 MCC=0.5834
Epoch 006 val  : loss=0.2416 AUROC=0.9562 AUPRC=0.3749 BalAcc=0.8859 F1=0.1646 MCC=0.2627
  learning_rate_used=2.982e-04; learning_rate_next=2.974e-04; elapsed=206.2s
  saved new best checkpoint: /data/projects/SFB_A03/jan/AT_TFBS/human301/runs/ZBTB8A/crossassay_archthalia_20261009_144503_1046783/CHIP_seed1/best_model.pt (objective=classification-auprc, score=0.374862)
  negatives seen=70.0%; hard negatives=0
Epoch 007 train: loss=0.4901 AUROC=0.9571 AUPRC=0.7585 BalAcc=0.8896 F1=0.6064 MCC=0.5916
Epoch 007 val  : loss=0.2430 AUROC=0.9544 AUPRC=0.3860 BalAcc=0.8845 F1=0.1618 MCC=0.2598
  learning_rate_used=2.974e-04; learning_rate_next=2.964e-04; elapsed=205.3s
  saved new best checkpoint: /data/projects/SFB_A03/jan/AT_TFBS/human301/runs/ZBTB8A/crossassay_archthalia_20261009_144503_1046783/CHIP_seed1/best_model.pt (objective=classification-auprc, score=0.385969)
  negatives seen=80.0%; hard negatives=0
Epoch 008 train: loss=0.4811 AUROC=0.9588 AUPRC=0.7690 BalAcc=0.8919 F1=0.6150 MCC=0.5998
Epoch 008 val  : loss=0.4406 AUROC=0.9574 AUPRC=0.3973 BalAcc=0.8768 F1=0.0889 MCC=0.1862
  learning_rate_used=2.964e-04; learning_rate_next=2.953e-04; elapsed=205.0s
  saved new best checkpoint: /data/projects/SFB_A03/jan/AT_TFBS/human301/runs/ZBTB8A/crossassay_archthalia_20261009_144503_1046783/CHIP_seed1/best_model.pt (objective=classification-auprc, score=0.397342)
  negatives seen=90.0%; hard negatives=0
Epoch 009 train: loss=0.4721 AUROC=0.9605 AUPRC=0.7741 BalAcc=0.8945 F1=0.6221 MCC=0.6071
Epoch 009 val  : loss=0.2572 AUROC=0.9572 AUPRC=0.4009 BalAcc=0.8876 F1=0.1582 MCC=0.2575
  learning_rate_used=2.953e-04; learning_rate_next=2.941e-04; elapsed=207.2s
  saved new best checkpoint: /data/projects/SFB_A03/jan/AT_TFBS/human301/runs/ZBTB8A/crossassay_archthalia_20261009_144503_1046783/CHIP_seed1/best_model.pt (objective=classification-auprc, score=0.400887)
  negatives seen=100.0%; hard negatives=0
Epoch 010 train: loss=0.4676 AUROC=0.9612 AUPRC=0.7807 BalAcc=0.8968 F1=0.6289 MCC=0.6139
Epoch 010 val  : loss=0.2102 AUROC=0.9599 AUPRC=0.4071 BalAcc=0.8862 F1=0.1943 MCC=0.2890
  learning_rate_used=2.941e-04; learning_rate_next=2.927e-04; elapsed=206.4s
  saved new best checkpoint: /data/projects/SFB_A03/jan/AT_TFBS/human301/runs/ZBTB8A/crossassay_archthalia_20261009_144503_1046783/CHIP_seed1/best_model.pt (objective=classification-auprc, score=0.407123)
  negatives seen=100.0%; hard negatives=0
Epoch 011 train: loss=0.4630 AUROC=0.9620 AUPRC=0.7785 BalAcc=0.8970 F1=0.6265 MCC=0.6119
Epoch 011 val  : loss=0.1792 AUROC=0.9593 AUPRC=0.4091 BalAcc=0.8752 F1=0.2275 MCC=0.3128
  learning_rate_used=2.927e-04; learning_rate_next=2.912e-04; elapsed=205.0s
  saved new best checkpoint: /data/projects/SFB_A03/jan/AT_TFBS/human301/runs/ZBTB8A/crossassay_archthalia_20261009_144503_1046783/CHIP_seed1/best_model.pt (objective=classification-auprc, score=0.409082)
  negatives seen=100.0%; hard negatives=0
Epoch 012 train: loss=0.4501 AUROC=0.9641 AUPRC=0.7872 BalAcc=0.9004 F1=0.6359 MCC=0.6215
Epoch 012 val  : loss=0.2157 AUROC=0.9599 AUPRC=0.4079 BalAcc=0.8896 F1=0.1855 MCC=0.2826
  learning_rate_used=2.912e-04; learning_rate_next=2.895e-04; elapsed=204.9s
  negatives seen=100.0%; hard negatives=0
Epoch 013 train: loss=0.4489 AUROC=0.9644 AUPRC=0.7880 BalAcc=0.9015 F1=0.6409 MCC=0.6262
Epoch 013 val  : loss=0.2688 AUROC=0.9609 AUPRC=0.4253 BalAcc=0.8969 F1=0.1512 MCC=0.2542
  learning_rate_used=2.895e-04; learning_rate_next=2.877e-04; elapsed=204.5s
  saved new best checkpoint: /data/projects/SFB_A03/jan/AT_TFBS/human301/runs/ZBTB8A/crossassay_archthalia_20261009_144503_1046783/CHIP_seed1/best_model.pt (objective=classification-auprc, score=0.425256)
  negatives seen=100.0%; hard negatives=0
Epoch 014 train: loss=0.4414 AUROC=0.9654 AUPRC=0.7914 BalAcc=0.9029 F1=0.6421 MCC=0.6279
Epoch 014 val  : loss=0.3259 AUROC=0.9582 AUPRC=0.4134 BalAcc=0.8905 F1=0.1222 MCC=0.2244
  learning_rate_used=2.877e-04; learning_rate_next=2.858e-04; elapsed=205.4s
  negatives seen=100.0%; hard negatives=0
Epoch 015 train: loss=0.4357 AUROC=0.9665 AUPRC=0.7963 BalAcc=0.9042 F1=0.6457 MCC=0.6315
Epoch 015 val  : loss=0.1869 AUROC=0.9608 AUPRC=0.4197 BalAcc=0.8842 F1=0.2157 MCC=0.3064
  learning_rate_used=2.858e-04; learning_rate_next=2.837e-04; elapsed=208.9s
  negatives seen=100.0%; hard negatives=0
Epoch 016 train: loss=0.4277 AUROC=0.9677 AUPRC=0.7985 BalAcc=0.9067 F1=0.6524 MCC=0.6384
Epoch 016 val  : loss=0.2686 AUROC=0.9619 AUPRC=0.4254 BalAcc=0.8976 F1=0.1438 MCC=0.2475
  learning_rate_used=2.837e-04; learning_rate_next=2.815e-04; elapsed=207.6s
  saved new best checkpoint: /data/projects/SFB_A03/jan/AT_TFBS/human301/runs/ZBTB8A/crossassay_archthalia_20261009_144503_1046783/CHIP_seed1/best_model.pt (objective=classification-auprc, score=0.425409)
  negatives seen=100.0%; hard negatives=0
Epoch 017 train: loss=0.4256 AUROC=0.9680 AUPRC=0.7993 BalAcc=0.9075 F1=0.6548 MCC=0.6407
Epoch 017 val  : loss=0.2993 AUROC=0.9619 AUPRC=0.4256 BalAcc=0.8980 F1=0.1315 MCC=0.2358
  learning_rate_used=2.815e-04; learning_rate_next=2.792e-04; elapsed=208.8s
  saved new best checkpoint: /data/projects/SFB_A03/jan/AT_TFBS/human301/runs/ZBTB8A/crossassay_archthalia_20261009_144503_1046783/CHIP_seed1/best_model.pt (objective=classification-auprc, score=0.425571)
  negatives seen=100.0%; hard negatives=0
Epoch 018 train: loss=0.4215 AUROC=0.9684 AUPRC=0.8007 BalAcc=0.9083 F1=0.6559 MCC=0.6421
Epoch 018 val  : loss=0.2132 AUROC=0.9608 AUPRC=0.4183 BalAcc=0.8962 F1=0.1846 MCC=0.2841
  learning_rate_used=2.792e-04; learning_rate_next=2.767e-04; elapsed=206.8s
  negatives seen=100.0%; hard negatives=0
Epoch 019 train: loss=0.4202 AUROC=0.9686 AUPRC=0.8004 BalAcc=0.9090 F1=0.6604 MCC=0.6463
Epoch 019 val  : loss=0.2322 AUROC=0.9623 AUPRC=0.4305 BalAcc=0.8962 F1=0.1752 MCC=0.2758
  learning_rate_used=2.767e-04; learning_rate_next=2.741e-04; elapsed=204.8s
  saved new best checkpoint: /data/projects/SFB_A03/jan/AT_TFBS/human301/runs/ZBTB8A/crossassay_archthalia_20261009_144503_1046783/CHIP_seed1/best_model.pt (objective=classification-auprc, score=0.430504)
  negatives seen=100.0%; hard negatives=0
Epoch 020 train: loss=0.4116 AUROC=0.9699 AUPRC=0.8094 BalAcc=0.9105 F1=0.6643 MCC=0.6503
Epoch 020 val  : loss=0.2021 AUROC=0.9621 AUPRC=0.4340 BalAcc=0.8945 F1=0.1957 MCC=0.2932
  learning_rate_used=2.741e-04; learning_rate_next=2.714e-04; elapsed=209.1s
  saved new best checkpoint: /data/projects/SFB_A03/jan/AT_TFBS/human301/runs/ZBTB8A/crossassay_archthalia_20261009_144503_1046783/CHIP_seed1/best_model.pt (objective=classification-auprc, score=0.434029)
  negatives seen=100.0%; hard negatives=0
Epoch 021 train: loss=0.4036 AUROC=0.9711 AUPRC=0.8097 BalAcc=0.9125 F1=0.6692 MCC=0.6554
Epoch 021 val  : loss=0.2170 AUROC=0.9617 AUPRC=0.4296 BalAcc=0.8942 F1=0.1868 MCC=0.2853
  learning_rate_used=2.714e-04; learning_rate_next=2.686e-04; elapsed=209.4s
  negatives seen=100.0%; hard negatives=0
Epoch 022 train: loss=0.4016 AUROC=0.9713 AUPRC=0.8110 BalAcc=0.9133 F1=0.6715 MCC=0.6578
Epoch 022 val  : loss=0.1760 AUROC=0.9588 AUPRC=0.4142 BalAcc=0.8738 F1=0.2272 MCC=0.3121
  learning_rate_used=2.686e-04; learning_rate_next=2.657e-04; elapsed=206.1s
  negatives seen=100.0%; hard negatives=0
Epoch 023 train: loss=0.3992 AUROC=0.9718 AUPRC=0.8108 BalAcc=0.9136 F1=0.6739 MCC=0.6600
Epoch 023 val  : loss=0.2092 AUROC=0.9615 AUPRC=0.4300 BalAcc=0.8941 F1=0.1909 MCC=0.2889
  learning_rate_used=2.657e-04; learning_rate_next=2.626e-04; elapsed=207.3s
  negatives seen=100.0%; hard negatives=0
Epoch 024 train: loss=0.3922 AUROC=0.9728 AUPRC=0.8157 BalAcc=0.9153 F1=0.6777 MCC=0.6640
Epoch 024 val  : loss=0.1890 AUROC=0.9597 AUPRC=0.4232 BalAcc=0.8781 F1=0.2254 MCC=0.3122
  learning_rate_used=2.626e-04; learning_rate_next=2.595e-04; elapsed=205.5s
  negatives seen=100.0%; hard negatives=0
Epoch 025 train: loss=0.3941 AUROC=0.9725 AUPRC=0.8149 BalAcc=0.9170 F1=0.6810 MCC=0.6676
Epoch 025 val  : loss=0.2091 AUROC=0.9598 AUPRC=0.4250 BalAcc=0.8882 F1=0.1941 MCC=0.2895
  learning_rate_used=2.595e-04; learning_rate_next=2.562e-04; elapsed=206.4s
  negatives seen=100.0%; hard negatives=0
Epoch 026 train: loss=0.3825 AUROC=0.9739 AUPRC=0.8209 BalAcc=0.9179 F1=0.6848 MCC=0.6713
Epoch 026 val  : loss=0.1852 AUROC=0.9601 AUPRC=0.4285 BalAcc=0.8815 F1=0.2210 MCC=0.3098
  learning_rate_used=2.562e-04; learning_rate_next=2.528e-04; elapsed=207.3s
  negatives seen=100.0%; hard negatives=0
Epoch 027 train: loss=0.3848 AUROC=0.9738 AUPRC=0.8194 BalAcc=0.9170 F1=0.6849 MCC=0.6710
Epoch 027 val  : loss=0.2105 AUROC=0.9603 AUPRC=0.4323 BalAcc=0.8916 F1=0.1970 MCC=0.2932
  learning_rate_used=2.528e-04; learning_rate_next=2.494e-04; elapsed=203.9s
  negatives seen=100.0%; hard negatives=0
Epoch 028 train: loss=0.3764 AUROC=0.9748 AUPRC=0.8248 BalAcc=0.9196 F1=0.6911 MCC=0.6775
Epoch 028 val  : loss=0.1909 AUROC=0.9630 AUPRC=0.4427 BalAcc=0.8911 F1=0.2155 MCC=0.3088
  learning_rate_used=2.494e-04; learning_rate_next=2.458e-04; elapsed=207.9s
  saved new best checkpoint: /data/projects/SFB_A03/jan/AT_TFBS/human301/runs/ZBTB8A/crossassay_archthalia_20261009_144503_1046783/CHIP_seed1/best_model.pt (objective=classification-auprc, score=0.442720)
  negatives seen=100.0%; hard negatives=0
Epoch 029 train: loss=0.3753 AUROC=0.9748 AUPRC=0.8247 BalAcc=0.9204 F1=0.6923 MCC=0.6789
Epoch 029 val  : loss=0.1591 AUROC=0.9622 AUPRC=0.4329 BalAcc=0.8672 F1=0.2769 MCC=0.3495
  learning_rate_used=2.458e-04; learning_rate_next=2.421e-04; elapsed=206.6s
  negatives seen=100.0%; hard negatives=0
Epoch 030 train: loss=0.3687 AUROC=0.9755 AUPRC=0.8285 BalAcc=0.9226 F1=0.6970 MCC=0.6839
Epoch 030 val  : loss=0.2388 AUROC=0.9633 AUPRC=0.4441 BalAcc=0.9010 F1=0.1711 MCC=0.2738
  learning_rate_used=2.421e-04; learning_rate_next=2.384e-04; elapsed=205.2s
  saved new best checkpoint: /data/projects/SFB_A03/jan/AT_TFBS/human301/runs/ZBTB8A/crossassay_archthalia_20261009_144503_1046783/CHIP_seed1/best_model.pt (objective=classification-auprc, score=0.444127)
  negatives seen=100.0%; hard negatives=0
Epoch 031 train: loss=0.3647 AUROC=0.9762 AUPRC=0.8302 BalAcc=0.9226 F1=0.6984 MCC=0.6851
Epoch 031 val  : loss=0.1886 AUROC=0.9603 AUPRC=0.4334 BalAcc=0.8788 F1=0.2236 MCC=0.3110
  learning_rate_used=2.384e-04; learning_rate_next=2.345e-04; elapsed=208.8s
  negatives seen=100.0%; hard negatives=0
Epoch 032 train: loss=0.3607 AUROC=0.9767 AUPRC=0.8305 BalAcc=0.9226 F1=0.7012 MCC=0.6877
Epoch 032 val  : loss=0.1860 AUROC=0.9614 AUPRC=0.4376 BalAcc=0.8826 F1=0.2212 MCC=0.3104
  learning_rate_used=2.345e-04; learning_rate_next=2.306e-04; elapsed=208.0s
  negatives seen=100.0%; hard negatives=0
Epoch 033 train: loss=0.3583 AUROC=0.9769 AUPRC=0.8307 BalAcc=0.9241 F1=0.7022 MCC=0.6891
Epoch 033 val  : loss=0.1923 AUROC=0.9608 AUPRC=0.4323 BalAcc=0.8818 F1=0.2135 MCC=0.3037
  learning_rate_used=2.306e-04; learning_rate_next=2.266e-04; elapsed=205.1s
  negatives seen=100.0%; hard negatives=0
Epoch 034 train: loss=0.3544 AUROC=0.9774 AUPRC=0.8348 BalAcc=0.9243 F1=0.7037 MCC=0.6905
Epoch 034 val  : loss=0.2096 AUROC=0.9626 AUPRC=0.4459 BalAcc=0.8934 F1=0.1916 MCC=0.2892
  learning_rate_used=2.266e-04; learning_rate_next=2.225e-04; elapsed=205.5s
  saved new best checkpoint: /data/projects/SFB_A03/jan/AT_TFBS/human301/runs/ZBTB8A/crossassay_archthalia_20261009_144503_1046783/CHIP_seed1/best_model.pt (objective=classification-auprc, score=0.445854)
  negatives seen=100.0%; hard negatives=0
Epoch 035 train: loss=0.3467 AUROC=0.9782 AUPRC=0.8361 BalAcc=0.9279 F1=0.7117 MCC=0.6991
Epoch 035 val  : loss=0.2207 AUROC=0.9610 AUPRC=0.4355 BalAcc=0.8956 F1=0.1814 MCC=0.2811
  learning_rate_used=2.225e-04; learning_rate_next=2.184e-04; elapsed=204.4s
  negatives seen=100.0%; hard negatives=0
Epoch 036 train: loss=0.3457 AUROC=0.9784 AUPRC=0.8392 BalAcc=0.9277 F1=0.7145 MCC=0.7014
Epoch 036 val  : loss=0.1916 AUROC=0.9605 AUPRC=0.4228 BalAcc=0.8812 F1=0.2194 MCC=0.3084
  learning_rate_used=2.184e-04; learning_rate_next=2.142e-04; elapsed=205.2s
  negatives seen=100.0%; hard negatives=0
Epoch 037 train: loss=0.3434 AUROC=0.9786 AUPRC=0.8369 BalAcc=0.9292 F1=0.7179 MCC=0.7051
Epoch 037 val  : loss=0.1784 AUROC=0.9615 AUPRC=0.4383 BalAcc=0.8814 F1=0.2388 MCC=0.3245
  learning_rate_used=2.142e-04; learning_rate_next=2.099e-04; elapsed=211.2s
  negatives seen=100.0%; hard negatives=0
Epoch 038 train: loss=0.3411 AUROC=0.9791 AUPRC=0.8419 BalAcc=0.9287 F1=0.7177 MCC=0.7047
Epoch 038 val  : loss=0.2340 AUROC=0.9603 AUPRC=0.4364 BalAcc=0.8952 F1=0.1800 MCC=0.2797
  learning_rate_used=2.099e-04; learning_rate_next=2.055e-04; elapsed=217.2s
  negatives seen=100.0%; hard negatives=0
Epoch 039 train: loss=0.3381 AUROC=0.9793 AUPRC=0.8396 BalAcc=0.9295 F1=0.7189 MCC=0.7060
Epoch 039 val  : loss=0.2017 AUROC=0.9601 AUPRC=0.4394 BalAcc=0.8855 F1=0.2048 MCC=0.2977
  learning_rate_used=2.055e-04; learning_rate_next=2.011e-04; elapsed=213.5s
  negatives seen=100.0%; hard negatives=0
Epoch 040 train: loss=0.3278 AUROC=0.9805 AUPRC=0.8460 BalAcc=0.9307 F1=0.7269 MCC=0.7137
Epoch 040 val  : loss=0.1792 AUROC=0.9615 AUPRC=0.4360 BalAcc=0.8823 F1=0.2363 MCC=0.3228
  learning_rate_used=2.011e-04; learning_rate_next=1.967e-04; elapsed=225.8s
  negatives seen=100.0%; hard negatives=0
Epoch 041 train: loss=0.3261 AUROC=0.9807 AUPRC=0.8473 BalAcc=0.9310 F1=0.7249 MCC=0.7120
Epoch 041 val  : loss=0.1908 AUROC=0.9622 AUPRC=0.4413 BalAcc=0.8877 F1=0.2211 MCC=0.3122
  learning_rate_used=1.967e-04; learning_rate_next=1.922e-04; elapsed=225.8s
  negatives seen=100.0%; hard negatives=0
Epoch 042 train: loss=0.3250 AUROC=0.9807 AUPRC=0.8462 BalAcc=0.9333 F1=0.7312 MCC=0.7185
Epoch 042 val  : loss=0.1666 AUROC=0.9611 AUPRC=0.4370 BalAcc=0.8657 F1=0.2757 MCC=0.3480
  learning_rate_used=1.922e-04; learning_rate_next=1.877e-04; elapsed=224.4s
  negatives seen=100.0%; hard negatives=0
Epoch 043 train: loss=0.3236 AUROC=0.9808 AUPRC=0.8472 BalAcc=0.9334 F1=0.7316 MCC=0.7189
Epoch 043 val  : loss=0.1692 AUROC=0.9622 AUPRC=0.4456 BalAcc=0.8767 F1=0.2503 MCC=0.3320
  learning_rate_used=1.877e-04; learning_rate_next=1.831e-04; elapsed=224.6s
  negatives seen=100.0%; hard negatives=0
Epoch 044 train: loss=0.3218 AUROC=0.9812 AUPRC=0.8511 BalAcc=0.9329 F1=0.7330 MCC=0.7200
Epoch 044 val  : loss=0.1523 AUROC=0.9610 AUPRC=0.4359 BalAcc=0.8529 F1=0.3125 MCC=0.3716
  learning_rate_used=1.831e-04; learning_rate_next=1.785e-04; elapsed=222.4s
  negatives seen=100.0%; hard negatives=0
Epoch 045 train: loss=0.3149 AUROC=0.9819 AUPRC=0.8529 BalAcc=0.9345 F1=0.7368 MCC=0.7240
Epoch 045 val  : loss=0.1795 AUROC=0.9607 AUPRC=0.4431 BalAcc=0.8817 F1=0.2380 MCC=0.3239
  learning_rate_used=1.785e-04; learning_rate_next=1.739e-04; elapsed=223.2s
  negatives seen=100.0%; hard negatives=0
Epoch 046 train: loss=0.3087 AUROC=0.9825 AUPRC=0.8558 BalAcc=0.9375 F1=0.7458 MCC=0.7333
Epoch 046 val  : loss=0.1670 AUROC=0.9610 AUPRC=0.4450 BalAcc=0.8734 F1=0.2615 MCC=0.3396
  learning_rate_used=1.739e-04; learning_rate_next=1.692e-04; elapsed=223.6s
  negatives seen=100.0%; hard negatives=0
Epoch 047 train: loss=0.3031 AUROC=0.9828 AUPRC=0.8573 BalAcc=0.9382 F1=0.7461 MCC=0.7339
Epoch 047 val  : loss=0.1674 AUROC=0.9601 AUPRC=0.4389 BalAcc=0.8653 F1=0.2713 MCC=0.3443
  learning_rate_used=1.692e-04; learning_rate_next=1.646e-04; elapsed=225.6s
  negatives seen=100.0%; hard negatives=0
Epoch 048 train: loss=0.3038 AUROC=0.9831 AUPRC=0.8588 BalAcc=0.9376 F1=0.7478 MCC=0.7352
Epoch 048 val  : loss=0.1721 AUROC=0.9604 AUPRC=0.4396 BalAcc=0.8734 F1=0.2558 MCC=0.3351
  learning_rate_used=1.646e-04; learning_rate_next=1.599e-04; elapsed=223.5s
  negatives seen=100.0%; hard negatives=0
Epoch 049 train: loss=0.2942 AUROC=0.9838 AUPRC=0.8618 BalAcc=0.9402 F1=0.7558 MCC=0.7434
Epoch 049 val  : loss=0.1663 AUROC=0.9602 AUPRC=0.4449 BalAcc=0.8685 F1=0.2687 MCC=0.3435
  learning_rate_used=1.599e-04; learning_rate_next=1.552e-04; elapsed=223.3s
  negatives seen=100.0%; hard negatives=0
Epoch 050 train: loss=0.2964 AUROC=0.9836 AUPRC=0.8593 BalAcc=0.9391 F1=0.7518 MCC=0.7393
Epoch 050 val  : loss=0.1829 AUROC=0.9608 AUPRC=0.4470 BalAcc=0.8819 F1=0.2382 MCC=0.3242
  learning_rate_used=1.552e-04; learning_rate_next=1.505e-04; elapsed=223.9s
  saved new best checkpoint: /data/projects/SFB_A03/jan/AT_TFBS/human301/runs/ZBTB8A/crossassay_archthalia_20261009_144503_1046783/CHIP_seed1/best_model.pt (objective=classification-auprc, score=0.446998)
  negatives seen=100.0%; hard negatives=0
Epoch 051 train: loss=0.2947 AUROC=0.9839 AUPRC=0.8624 BalAcc=0.9406 F1=0.7576 MCC=0.7452
Epoch 051 val  : loss=0.1714 AUROC=0.9606 AUPRC=0.4407 BalAcc=0.8743 F1=0.2572 MCC=0.3366
  learning_rate_used=1.505e-04; learning_rate_next=1.458e-04; elapsed=225.3s
  negatives seen=100.0%; hard negatives=0
Epoch 052 train: loss=0.2858 AUROC=0.9846 AUPRC=0.8652 BalAcc=0.9421 F1=0.7598 MCC=0.7477
Epoch 052 val  : loss=0.1704 AUROC=0.9607 AUPRC=0.4466 BalAcc=0.8734 F1=0.2619 MCC=0.3400
  learning_rate_used=1.458e-04; learning_rate_next=1.411e-04; elapsed=225.1s
  negatives seen=100.0%; hard negatives=0
Epoch 053 train: loss=0.2863 AUROC=0.9847 AUPRC=0.8659 BalAcc=0.9422 F1=0.7618 MCC=0.7496
Epoch 053 val  : loss=0.1652 AUROC=0.9605 AUPRC=0.4436 BalAcc=0.8655 F1=0.2815 MCC=0.3524
  learning_rate_used=1.411e-04; learning_rate_next=1.364e-04; elapsed=226.8s
  negatives seen=100.0%; hard negatives=0
Epoch 054 train: loss=0.2794 AUROC=0.9853 AUPRC=0.8685 BalAcc=0.9433 F1=0.7646 MCC=0.7525
Epoch 054 val  : loss=0.1623 AUROC=0.9615 AUPRC=0.4469 BalAcc=0.8661 F1=0.2851 MCC=0.3555
  learning_rate_used=1.364e-04; learning_rate_next=1.318e-04; elapsed=222.9s
  negatives seen=100.0%; hard negatives=0
Epoch 055 train: loss=0.2802 AUROC=0.9852 AUPRC=0.8689 BalAcc=0.9445 F1=0.7688 MCC=0.7568
Epoch 055 val  : loss=0.1705 AUROC=0.9598 AUPRC=0.4421 BalAcc=0.8685 F1=0.2662 MCC=0.3415
  learning_rate_used=1.318e-04; learning_rate_next=1.271e-04; elapsed=222.1s
  negatives seen=100.0%; hard negatives=0
Epoch 056 train: loss=0.2770 AUROC=0.9853 AUPRC=0.8662 BalAcc=0.9439 F1=0.7677 MCC=0.7556
Epoch 056 val  : loss=0.1639 AUROC=0.9614 AUPRC=0.4427 BalAcc=0.8620 F1=0.2905 MCC=0.3581
  learning_rate_used=1.271e-04; learning_rate_next=1.225e-04; elapsed=225.8s
  negatives seen=100.0%; hard negatives=0
Epoch 057 train: loss=0.2711 AUROC=0.9859 AUPRC=0.8713 BalAcc=0.9453 F1=0.7716 MCC=0.7597
Epoch 057 val  : loss=0.1554 AUROC=0.9596 AUPRC=0.4403 BalAcc=0.8453 F1=0.3299 MCC=0.3820
  learning_rate_used=1.225e-04; learning_rate_next=1.179e-04; elapsed=222.5s
  negatives seen=100.0%; hard negatives=0
Epoch 058 train: loss=0.2659 AUROC=0.9864 AUPRC=0.8744 BalAcc=0.9470 F1=0.7766 MCC=0.7648
Epoch 058 val  : loss=0.1620 AUROC=0.9594 AUPRC=0.4453 BalAcc=0.8538 F1=0.3084 MCC=0.3688
  learning_rate_used=1.179e-04; learning_rate_next=1.133e-04; elapsed=225.5s
  negatives seen=100.0%; hard negatives=0
Epoch 059 train: loss=0.2642 AUROC=0.9866 AUPRC=0.8743 BalAcc=0.9478 F1=0.7803 MCC=0.7685
Epoch 059 val  : loss=0.1616 AUROC=0.9596 AUPRC=0.4450 BalAcc=0.8564 F1=0.3059 MCC=0.3679
  learning_rate_used=1.133e-04; learning_rate_next=1.088e-04; elapsed=224.5s
  negatives seen=100.0%; hard negatives=0
Epoch 060 train: loss=0.2620 AUROC=0.9869 AUPRC=0.8768 BalAcc=0.9481 F1=0.7816 MCC=0.7698
Epoch 060 val  : loss=0.1661 AUROC=0.9598 AUPRC=0.4454 BalAcc=0.8667 F1=0.2731 MCC=0.3463
  learning_rate_used=1.088e-04; learning_rate_next=1.043e-04; elapsed=224.2s
  negatives seen=100.0%; hard negatives=0
Epoch 061 train: loss=0.2567 AUROC=0.9874 AUPRC=0.8822 BalAcc=0.9490 F1=0.7875 MCC=0.7756
Epoch 061 val  : loss=0.1543 AUROC=0.9593 AUPRC=0.4480 BalAcc=0.8415 F1=0.3375 MCC=0.3864
  learning_rate_used=1.043e-04; learning_rate_next=9.986e-05; elapsed=225.1s
  saved new best checkpoint: /data/projects/SFB_A03/jan/AT_TFBS/human301/runs/ZBTB8A/crossassay_archthalia_20261009_144503_1046783/CHIP_seed1/best_model.pt (objective=classification-auprc, score=0.448014)
  negatives seen=100.0%; hard negatives=0
Epoch 062 train: loss=0.2575 AUROC=0.9871 AUPRC=0.8790 BalAcc=0.9491 F1=0.7843 MCC=0.7727
Epoch 062 val  : loss=0.1667 AUROC=0.9594 AUPRC=0.4449 BalAcc=0.8663 F1=0.2822 MCC=0.3533
  learning_rate_used=9.986e-05; learning_rate_next=9.547e-05; elapsed=223.8s
  negatives seen=100.0%; hard negatives=0
Epoch 063 train: loss=0.2509 AUROC=0.9877 AUPRC=0.8801 BalAcc=0.9507 F1=0.7905 MCC=0.7790
Epoch 063 val  : loss=0.1621 AUROC=0.9577 AUPRC=0.4418 BalAcc=0.8447 F1=0.3218 MCC=0.3756
  learning_rate_used=9.547e-05; learning_rate_next=9.113e-05; elapsed=223.6s
  negatives seen=100.0%; hard negatives=0
Epoch 064 train: loss=0.2506 AUROC=0.9878 AUPRC=0.8817 BalAcc=0.9503 F1=0.7931 MCC=0.7813
Epoch 064 val  : loss=0.1694 AUROC=0.9590 AUPRC=0.4388 BalAcc=0.8537 F1=0.3046 MCC=0.3659
  learning_rate_used=9.113e-05; learning_rate_next=8.685e-05; elapsed=225.4s
  negatives seen=100.0%; hard negatives=0
Epoch 065 train: loss=0.2506 AUROC=0.9875 AUPRC=0.8787 BalAcc=0.9502 F1=0.7877 MCC=0.7762
Epoch 065 val  : loss=0.1626 AUROC=0.9600 AUPRC=0.4488 BalAcc=0.8524 F1=0.3135 MCC=0.3722
  learning_rate_used=8.685e-05; learning_rate_next=8.263e-05; elapsed=222.7s
  saved new best checkpoint: /data/projects/SFB_A03/jan/AT_TFBS/human301/runs/ZBTB8A/crossassay_archthalia_20261009_144503_1046783/CHIP_seed1/best_model.pt (objective=classification-auprc, score=0.448819)
  negatives seen=100.0%; hard negatives=0
Epoch 066 train: loss=0.2451 AUROC=0.9879 AUPRC=0.8807 BalAcc=0.9523 F1=0.7928 MCC=0.7816
Epoch 066 val  : loss=0.1659 AUROC=0.9599 AUPRC=0.4472 BalAcc=0.8617 F1=0.2923 MCC=0.3594
  learning_rate_used=8.263e-05; learning_rate_next=7.848e-05; elapsed=224.1s
  negatives seen=100.0%; hard negatives=0
Epoch 067 train: loss=0.2387 AUROC=0.9886 AUPRC=0.8878 BalAcc=0.9533 F1=0.7995 MCC=0.7882
Epoch 067 val  : loss=0.1632 AUROC=0.9595 AUPRC=0.4452 BalAcc=0.8405 F1=0.3404 MCC=0.3882
  learning_rate_used=7.848e-05; learning_rate_next=7.440e-05; elapsed=225.4s
  negatives seen=100.0%; hard negatives=0
Epoch 068 train: loss=0.2381 AUROC=0.9889 AUPRC=0.8911 BalAcc=0.9535 F1=0.8046 MCC=0.7931
Epoch 068 val  : loss=0.1624 AUROC=0.9589 AUPRC=0.4465 BalAcc=0.8589 F1=0.2896 MCC=0.3562
  learning_rate_used=7.440e-05; learning_rate_next=7.039e-05; elapsed=224.7s
  negatives seen=100.0%; hard negatives=0
Epoch 069 train: loss=0.2359 AUROC=0.9887 AUPRC=0.8867 BalAcc=0.9530 F1=0.7989 MCC=0.7876
Epoch 069 val  : loss=0.1644 AUROC=0.9582 AUPRC=0.4450 BalAcc=0.8536 F1=0.3052 MCC=0.3663
  learning_rate_used=7.039e-05; learning_rate_next=6.647e-05; elapsed=226.1s
  negatives seen=100.0%; hard negatives=0
Epoch 070 train: loss=0.2317 AUROC=0.9891 AUPRC=0.8889 BalAcc=0.9553 F1=0.8085 MCC=0.7973
Epoch 070 val  : loss=0.1682 AUROC=0.9590 AUPRC=0.4452 BalAcc=0.8570 F1=0.3016 MCC=0.3648
  learning_rate_used=6.647e-05; learning_rate_next=6.263e-05; elapsed=226.3s
  negatives seen=100.0%; hard negatives=0
Epoch 071 train: loss=0.2273 AUROC=0.9894 AUPRC=0.8924 BalAcc=0.9552 F1=0.8088 MCC=0.7976
Epoch 071 val  : loss=0.1637 AUROC=0.9591 AUPRC=0.4472 BalAcc=0.8447 F1=0.3336 MCC=0.3847
  learning_rate_used=6.263e-05; learning_rate_next=5.887e-05; elapsed=222.7s
  negatives seen=100.0%; hard negatives=0
Epoch 072 train: loss=0.2273 AUROC=0.9895 AUPRC=0.8929 BalAcc=0.9560 F1=0.8100 MCC=0.7990
Epoch 072 val  : loss=0.1648 AUROC=0.9576 AUPRC=0.4453 BalAcc=0.8400 F1=0.3421 MCC=0.3893
  learning_rate_used=5.887e-05; learning_rate_next=5.521e-05; elapsed=225.1s
  negatives seen=100.0%; hard negatives=0
Epoch 073 train: loss=0.2244 AUROC=0.9896 AUPRC=0.8924 BalAcc=0.9568 F1=0.8137 MCC=0.8027
Epoch 073 val  : loss=0.1656 AUROC=0.9578 AUPRC=0.4434 BalAcc=0.8381 F1=0.3482 MCC=0.3933
  learning_rate_used=5.521e-05; learning_rate_next=5.163e-05; elapsed=225.9s
  negatives seen=100.0%; hard negatives=0
Epoch 074 train: loss=0.2228 AUROC=0.9899 AUPRC=0.8975 BalAcc=0.9568 F1=0.8152 MCC=0.8042
Epoch 074 val  : loss=0.1718 AUROC=0.9587 AUPRC=0.4434 BalAcc=0.8552 F1=0.2934 MCC=0.3577
  learning_rate_used=5.163e-05; learning_rate_next=4.816e-05; elapsed=223.4s
  negatives seen=100.0%; hard negatives=0
Epoch 075 train: loss=0.2220 AUROC=0.9899 AUPRC=0.8951 BalAcc=0.9569 F1=0.8138 MCC=0.8029
Epoch 075 val  : loss=0.1720 AUROC=0.9585 AUPRC=0.4431 BalAcc=0.8547 F1=0.3029 MCC=0.3649
  learning_rate_used=4.816e-05; learning_rate_next=4.479e-05; elapsed=227.0s
  negatives seen=100.0%; hard negatives=0
Epoch 076 train: loss=0.2156 AUROC=0.9903 AUPRC=0.8983 BalAcc=0.9593 F1=0.8219 MCC=0.8113
Epoch 076 val  : loss=0.1713 AUROC=0.9578 AUPRC=0.4413 BalAcc=0.8499 F1=0.3146 MCC=0.3720
  learning_rate_used=4.479e-05; learning_rate_next=4.152e-05; elapsed=221.7s
  negatives seen=100.0%; hard negatives=0
Epoch 077 train: loss=0.2115 AUROC=0.9906 AUPRC=0.9004 BalAcc=0.9589 F1=0.8219 MCC=0.8112
Epoch 077 val  : loss=0.1707 AUROC=0.9586 AUPRC=0.4435 BalAcc=0.8540 F1=0.3066 MCC=0.3675
  learning_rate_used=4.152e-05; learning_rate_next=3.836e-05; elapsed=222.2s
  negatives seen=100.0%; hard negatives=0
Epoch 078 train: loss=0.2183 AUROC=0.9903 AUPRC=0.8988 BalAcc=0.9580 F1=0.8213 MCC=0.8103
Epoch 078 val  : loss=0.1673 AUROC=0.9584 AUPRC=0.4439 BalAcc=0.8460 F1=0.3282 MCC=0.3810
  learning_rate_used=3.836e-05; learning_rate_next=3.531e-05; elapsed=224.5s
  negatives seen=100.0%; hard negatives=0
Epoch 079 train: loss=0.2147 AUROC=0.9904 AUPRC=0.8988 BalAcc=0.9595 F1=0.8236 MCC=0.8129
Epoch 079 val  : loss=0.1675 AUROC=0.9583 AUPRC=0.4432 BalAcc=0.8479 F1=0.3225 MCC=0.3774
  learning_rate_used=3.531e-05; learning_rate_next=3.237e-05; elapsed=223.8s
  negatives seen=100.0%; hard negatives=0
Epoch 080 train: loss=0.2102 AUROC=0.9904 AUPRC=0.8981 BalAcc=0.9602 F1=0.8230 MCC=0.8125
Epoch 080 val  : loss=0.1672 AUROC=0.9574 AUPRC=0.4432 BalAcc=0.8458 F1=0.3249 MCC=0.3784
  learning_rate_used=3.237e-05; learning_rate_next=2.955e-05; elapsed=224.0s
  negatives seen=100.0%; hard negatives=0
Epoch 081 train: loss=0.2088 AUROC=0.9907 AUPRC=0.9009 BalAcc=0.9602 F1=0.8254 MCC=0.8148
Epoch 081 val  : loss=0.1701 AUROC=0.9578 AUPRC=0.4448 BalAcc=0.8428 F1=0.3319 MCC=0.3826
  learning_rate_used=2.955e-05; learning_rate_next=2.685e-05; elapsed=222.9s
  negatives seen=100.0%; hard negatives=0
Epoch 082 train: loss=0.2122 AUROC=0.9907 AUPRC=0.9024 BalAcc=0.9593 F1=0.8259 MCC=0.8151
Epoch 082 val  : loss=0.1681 AUROC=0.9573 AUPRC=0.4432 BalAcc=0.8461 F1=0.3223 MCC=0.3765
  learning_rate_used=2.685e-05; learning_rate_next=2.427e-05; elapsed=222.7s
  negatives seen=100.0%; hard negatives=0
Epoch 083 train: loss=0.2006 AUROC=0.9913 AUPRC=0.9062 BalAcc=0.9622 F1=0.8333 MCC=0.8230
Epoch 083 val  : loss=0.1700 AUROC=0.9576 AUPRC=0.4455 BalAcc=0.8315 F1=0.3594 MCC=0.3993
  learning_rate_used=2.427e-05; learning_rate_next=2.182e-05; elapsed=223.9s
  negatives seen=100.0%; hard negatives=0
Epoch 084 train: loss=0.2045 AUROC=0.9911 AUPRC=0.9047 BalAcc=0.9612 F1=0.8309 MCC=0.8204
Epoch 084 val  : loss=0.1743 AUROC=0.9569 AUPRC=0.4422 BalAcc=0.8452 F1=0.3207 MCC=0.3749
  learning_rate_used=2.182e-05; learning_rate_next=1.949e-05; elapsed=224.2s
  negatives seen=100.0%; hard negatives=0
Epoch 085 train: loss=0.2006 AUROC=0.9911 AUPRC=0.9027 BalAcc=0.9629 F1=0.8339 MCC=0.8237
Epoch 085 val  : loss=0.1736 AUROC=0.9568 AUPRC=0.4428 BalAcc=0.8372 F1=0.3458 MCC=0.3911
  learning_rate_used=1.949e-05; learning_rate_next=1.729e-05; elapsed=222.4s
Early stopping after 85 epochs.
Binary threshold: 0.967271 (strategy=val-mcc, validation_score=0.468414)
Validation-only run completed; frozen model: /data/projects/SFB_A03/jan/AT_TFBS/human301/runs/ZBTB8A/crossassay_archthalia_20261009_144503_1046783/CHIP_seed1/model_for_prediction.pt
ZBTB8A: CHIP -> CHIP
TEST ZBTB8A CHIP -> CHIP: loss=0.1587 AUROC=0.9629 AUPRC=0.4530 BalAcc=0.7279 F1=0.4701 MCC=0.4650
ZBTB8A: CHIP -> GHTS
TEST ZBTB8A CHIP -> GHTS: loss=1.0788 AUROC=0.8599 AUPRC=0.1255 BalAcc=0.7941 F1=0.0898 MCC=0.1622
Completed ZBTB8A/CHIP: one model, both fixed test sets.
