TF=SRY train=GHTS seed=1 model=hum301_motif64_local.py
/home/jbossenz/miniforge3/envs/at_env/bin/python -u /data/projects/SFB_A03/jan/AT_TFBS/human301/hum301_motif64_local.py train --cache /data/projects/SFB_A03/jan/AT_TFBS/raw_data/human/SRY/GHTS/dataset.npz --output-dir /data/projects/SFB_A03/jan/AT_TFBS/human301/runs/SRY/crossassay_20261008_004647_1001695/GHTS_seed1 --input-length 256 --embed-channels 64 --encoder-channels 80 96 128 --heads 4 --ffn-channels 256 --classification-readout local-logsumexp --task-mode classification --checkpoint-objective classification-auprc --threshold-strategy val-mcc --negatives-per-positive 10 --batch-size 88 --hard-negative-fraction 0 --epochs 100 --patience 20 --learning-rate 0.0003 --min-learning-rate 0.000001 --weight-decay 0.0001 --dropout 0.1 --activation relu --reverse-complement-probability 0.5 --eval-crops multi --eval-rc --no-balanced-evaluation --eval-batch-size 128 --num-workers 2 --seed 1 --device cuda --skip-test
Window geometry: 256 bp from 301 bp; crop starts 0..45; shifts -22..+23; fresh uniform draw per access
Evaluation: crops (0, 22, 23, 45), reverse complement=True; all samples
train: n=156,247, positive=1,547, negative=154,700
  val: n=42,319, positive=419, negative=41,900
 test: n=187,052, positive=1,852, negative=185,200
Device: cuda
Hidden activation: RELU
Parameters: 1,032,981 total; 1,032,981 trainable
Architecture: motif kernels 9/12; encoder 128/64/64; original five-block bottleneck at 64; decoder 64/128/256
  negatives seen=10.0%; hard negatives=0
Epoch 001 train: loss=0.3949 AUROC=0.9738 AUPRC=0.8599 BalAcc=0.9158 F1=0.7059 MCC=0.6893
Epoch 001 val  : loss=0.0470 AUROC=0.9946 AUPRC=0.8732 BalAcc=0.9346 F1=0.7601 MCC=0.7640
  learning_rate_used=3.000e-04; learning_rate_next=2.999e-04; elapsed=20.5s
  saved new best checkpoint: /data/projects/SFB_A03/jan/AT_TFBS/human301/runs/SRY/crossassay_20261008_004647_1001695/GHTS_seed1/best_model.pt (objective=classification-auprc, score=0.873204)
  negatives seen=20.0%; hard negatives=0
Epoch 002 train: loss=0.2207 AUROC=0.9928 AUPRC=0.9495 BalAcc=0.9606 F1=0.8721 MCC=0.8612
Epoch 002 val  : loss=0.0460 AUROC=0.9968 AUPRC=0.9234 BalAcc=0.9793 F1=0.6465 MCC=0.6817
  learning_rate_used=2.999e-04; learning_rate_next=2.997e-04; elapsed=19.4s
  saved new best checkpoint: /data/projects/SFB_A03/jan/AT_TFBS/human301/runs/SRY/crossassay_20261008_004647_1001695/GHTS_seed1/best_model.pt (objective=classification-auprc, score=0.923438)
  negatives seen=30.0%; hard negatives=0
Epoch 003 train: loss=0.1553 AUROC=0.9962 AUPRC=0.9714 BalAcc=0.9697 F1=0.9010 MCC=0.8923
Epoch 003 val  : loss=0.0324 AUROC=0.9970 AUPRC=0.9212 BalAcc=0.9579 F1=0.8244 MCC=0.8270
  learning_rate_used=2.997e-04; learning_rate_next=2.993e-04; elapsed=19.2s
  negatives seen=40.0%; hard negatives=0
Epoch 004 train: loss=0.1627 AUROC=0.9960 AUPRC=0.9742 BalAcc=0.9761 F1=0.9247 MCC=0.9178
Epoch 004 val  : loss=0.0308 AUROC=0.9983 AUPRC=0.9351 BalAcc=0.9488 F1=0.8481 MCC=0.8480
  learning_rate_used=2.993e-04; learning_rate_next=2.988e-04; elapsed=19.4s
  saved new best checkpoint: /data/projects/SFB_A03/jan/AT_TFBS/human301/runs/SRY/crossassay_20261008_004647_1001695/GHTS_seed1/best_model.pt (objective=classification-auprc, score=0.935142)
  negatives seen=50.0%; hard negatives=0
Epoch 005 train: loss=0.1392 AUROC=0.9966 AUPRC=0.9764 BalAcc=0.9783 F1=0.9361 MCC=0.9301
Epoch 005 val  : loss=0.0801 AUROC=0.9970 AUPRC=0.9404 BalAcc=0.9852 F1=0.4453 MCC=0.5275
  learning_rate_used=2.988e-04; learning_rate_next=2.982e-04; elapsed=19.4s
  saved new best checkpoint: /data/projects/SFB_A03/jan/AT_TFBS/human301/runs/SRY/crossassay_20261008_004647_1001695/GHTS_seed1/best_model.pt (objective=classification-auprc, score=0.940363)
  negatives seen=60.0%; hard negatives=0
Epoch 006 train: loss=0.1123 AUROC=0.9976 AUPRC=0.9757 BalAcc=0.9806 F1=0.9367 MCC=0.9309
Epoch 006 val  : loss=0.0318 AUROC=0.9973 AUPRC=0.9477 BalAcc=0.9837 F1=0.6857 MCC=0.7148
  learning_rate_used=2.982e-04; learning_rate_next=2.974e-04; elapsed=19.5s
  saved new best checkpoint: /data/projects/SFB_A03/jan/AT_TFBS/human301/runs/SRY/crossassay_20261008_004647_1001695/GHTS_seed1/best_model.pt (objective=classification-auprc, score=0.947745)
  negatives seen=70.0%; hard negatives=0
Epoch 007 train: loss=0.1072 AUROC=0.9979 AUPRC=0.9854 BalAcc=0.9823 F1=0.9489 MCC=0.9440
Epoch 007 val  : loss=0.0385 AUROC=0.9984 AUPRC=0.9240 BalAcc=0.9395 F1=0.8621 MCC=0.8609
  learning_rate_used=2.974e-04; learning_rate_next=2.964e-04; elapsed=19.2s
  negatives seen=80.0%; hard negatives=0
Epoch 008 train: loss=0.1080 AUROC=0.9979 AUPRC=0.9860 BalAcc=0.9813 F1=0.9452 MCC=0.9400
Epoch 008 val  : loss=0.0357 AUROC=0.9975 AUPRC=0.9510 BalAcc=0.9920 F1=0.6922 MCC=0.7230
  learning_rate_used=2.964e-04; learning_rate_next=2.953e-04; elapsed=19.6s
  saved new best checkpoint: /data/projects/SFB_A03/jan/AT_TFBS/human301/runs/SRY/crossassay_20261008_004647_1001695/GHTS_seed1/best_model.pt (objective=classification-auprc, score=0.951006)
  negatives seen=90.0%; hard negatives=0
Epoch 009 train: loss=0.0874 AUROC=0.9977 AUPRC=0.9854 BalAcc=0.9879 F1=0.9557 MCC=0.9516
Epoch 009 val  : loss=0.0238 AUROC=0.9978 AUPRC=0.9493 BalAcc=0.9734 F1=0.8379 MCC=0.8421
  learning_rate_used=2.953e-04; learning_rate_next=2.941e-04; elapsed=19.5s
  negatives seen=100.0%; hard negatives=0
Epoch 010 train: loss=0.0805 AUROC=0.9984 AUPRC=0.9876 BalAcc=0.9878 F1=0.9554 MCC=0.9513
Epoch 010 val  : loss=0.0241 AUROC=0.9976 AUPRC=0.9486 BalAcc=0.9867 F1=0.7832 MCC=0.7970
  learning_rate_used=2.941e-04; learning_rate_next=2.927e-04; elapsed=19.4s
  negatives seen=100.0%; hard negatives=0
Epoch 011 train: loss=0.0679 AUROC=0.9989 AUPRC=0.9913 BalAcc=0.9880 F1=0.9650 MCC=0.9616
Epoch 011 val  : loss=0.0234 AUROC=0.9979 AUPRC=0.9521 BalAcc=0.9734 F1=0.8414 MCC=0.8453
  learning_rate_used=2.927e-04; learning_rate_next=2.912e-04; elapsed=19.2s
  saved new best checkpoint: /data/projects/SFB_A03/jan/AT_TFBS/human301/runs/SRY/crossassay_20261008_004647_1001695/GHTS_seed1/best_model.pt (objective=classification-auprc, score=0.952055)
  negatives seen=100.0%; hard negatives=0
Epoch 012 train: loss=0.0820 AUROC=0.9987 AUPRC=0.9915 BalAcc=0.9865 F1=0.9559 MCC=0.9517
Epoch 012 val  : loss=0.0254 AUROC=0.9985 AUPRC=0.9533 BalAcc=0.9668 F1=0.8789 MCC=0.8793
  learning_rate_used=2.912e-04; learning_rate_next=2.895e-04; elapsed=19.5s
  saved new best checkpoint: /data/projects/SFB_A03/jan/AT_TFBS/human301/runs/SRY/crossassay_20261008_004647_1001695/GHTS_seed1/best_model.pt (objective=classification-auprc, score=0.953303)
  negatives seen=100.0%; hard negatives=0
Epoch 013 train: loss=0.0692 AUROC=0.9991 AUPRC=0.9902 BalAcc=0.9880 F1=0.9626 MCC=0.9590
Epoch 013 val  : loss=0.0234 AUROC=0.9984 AUPRC=0.9512 BalAcc=0.9843 F1=0.7854 MCC=0.7983
  learning_rate_used=2.895e-04; learning_rate_next=2.877e-04; elapsed=19.4s
  negatives seen=100.0%; hard negatives=0
Epoch 014 train: loss=0.0809 AUROC=0.9988 AUPRC=0.9875 BalAcc=0.9871 F1=0.9562 MCC=0.9521
Epoch 014 val  : loss=0.0255 AUROC=0.9981 AUPRC=0.9618 BalAcc=0.9906 F1=0.7413 MCC=0.7628
  learning_rate_used=2.877e-04; learning_rate_next=2.858e-04; elapsed=19.5s
  saved new best checkpoint: /data/projects/SFB_A03/jan/AT_TFBS/human301/runs/SRY/crossassay_20261008_004647_1001695/GHTS_seed1/best_model.pt (objective=classification-auprc, score=0.961826)
  negatives seen=100.0%; hard negatives=0
Epoch 015 train: loss=0.0622 AUROC=0.9991 AUPRC=0.9905 BalAcc=0.9918 F1=0.9650 MCC=0.9618
Epoch 015 val  : loss=0.0291 AUROC=0.9990 AUPRC=0.9401 BalAcc=0.9873 F1=0.7521 MCC=0.7708
  learning_rate_used=2.858e-04; learning_rate_next=2.837e-04; elapsed=19.2s
  negatives seen=100.0%; hard negatives=0
Epoch 016 train: loss=0.0708 AUROC=0.9991 AUPRC=0.9912 BalAcc=0.9889 F1=0.9651 MCC=0.9617
Epoch 016 val  : loss=0.0193 AUROC=0.9991 AUPRC=0.9663 BalAcc=0.9827 F1=0.8363 MCC=0.8425
  learning_rate_used=2.837e-04; learning_rate_next=2.815e-04; elapsed=19.5s
  saved new best checkpoint: /data/projects/SFB_A03/jan/AT_TFBS/human301/runs/SRY/crossassay_20261008_004647_1001695/GHTS_seed1/best_model.pt (objective=classification-auprc, score=0.966257)
  negatives seen=100.0%; hard negatives=0
Epoch 017 train: loss=0.0550 AUROC=0.9992 AUPRC=0.9903 BalAcc=0.9911 F1=0.9674 MCC=0.9643
Epoch 017 val  : loss=0.0258 AUROC=0.9989 AUPRC=0.9469 BalAcc=0.9596 F1=0.8694 MCC=0.8694
  learning_rate_used=2.815e-04; learning_rate_next=2.792e-04; elapsed=19.4s
  negatives seen=100.0%; hard negatives=0
Epoch 018 train: loss=0.0741 AUROC=0.9988 AUPRC=0.9925 BalAcc=0.9895 F1=0.9679 MCC=0.9648
Epoch 018 val  : loss=0.0211 AUROC=0.9982 AUPRC=0.9608 BalAcc=0.9849 F1=0.8251 MCC=0.8331
  learning_rate_used=2.792e-04; learning_rate_next=2.767e-04; elapsed=19.5s
  negatives seen=100.0%; hard negatives=0
Epoch 019 train: loss=0.0542 AUROC=0.9990 AUPRC=0.9879 BalAcc=0.9924 F1=0.9687 MCC=0.9658
Epoch 019 val  : loss=0.0230 AUROC=0.9977 AUPRC=0.9416 BalAcc=0.9871 F1=0.8111 MCC=0.8213
  learning_rate_used=2.767e-04; learning_rate_next=2.741e-04; elapsed=19.3s
  negatives seen=100.0%; hard negatives=0
Epoch 020 train: loss=0.0519 AUROC=0.9993 AUPRC=0.9906 BalAcc=0.9920 F1=0.9675 MCC=0.9644
Epoch 020 val  : loss=0.0268 AUROC=0.9989 AUPRC=0.9519 BalAcc=0.9621 F1=0.8798 MCC=0.8797
  learning_rate_used=2.741e-04; learning_rate_next=2.714e-04; elapsed=19.4s
  negatives seen=100.0%; hard negatives=0
Epoch 021 train: loss=0.0688 AUROC=0.9992 AUPRC=0.9899 BalAcc=0.9889 F1=0.9657 MCC=0.9624
Epoch 021 val  : loss=0.0193 AUROC=0.9994 AUPRC=0.9579 BalAcc=0.9815 F1=0.8282 MCC=0.8351
  learning_rate_used=2.714e-04; learning_rate_next=2.686e-04; elapsed=19.4s
  negatives seen=100.0%; hard negatives=0
Epoch 022 train: loss=0.0479 AUROC=0.9991 AUPRC=0.9904 BalAcc=0.9923 F1=0.9699 MCC=0.9671
Epoch 022 val  : loss=0.0251 AUROC=0.9992 AUPRC=0.9658 BalAcc=0.9928 F1=0.7318 MCC=0.7556
  learning_rate_used=2.686e-04; learning_rate_next=2.657e-04; elapsed=19.4s
  negatives seen=100.0%; hard negatives=0
Epoch 023 train: loss=0.0410 AUROC=0.9996 AUPRC=0.9955 BalAcc=0.9924 F1=0.9764 MCC=0.9741
Epoch 023 val  : loss=0.0206 AUROC=0.9988 AUPRC=0.9676 BalAcc=0.9891 F1=0.7885 MCC=0.8023
  learning_rate_used=2.657e-04; learning_rate_next=2.626e-04; elapsed=19.9s
  saved new best checkpoint: /data/projects/SFB_A03/jan/AT_TFBS/human301/runs/SRY/crossassay_20261008_004647_1001695/GHTS_seed1/best_model.pt (objective=classification-auprc, score=0.967644)
  negatives seen=100.0%; hard negatives=0
Epoch 024 train: loss=0.0621 AUROC=0.9993 AUPRC=0.9931 BalAcc=0.9925 F1=0.9721 MCC=0.9694
Epoch 024 val  : loss=0.0212 AUROC=0.9992 AUPRC=0.9574 BalAcc=0.9737 F1=0.8615 MCC=0.8638
  learning_rate_used=2.626e-04; learning_rate_next=2.595e-04; elapsed=19.8s
  negatives seen=100.0%; hard negatives=0
Epoch 025 train: loss=0.0397 AUROC=0.9995 AUPRC=0.9933 BalAcc=0.9943 F1=0.9780 MCC=0.9759
Epoch 025 val  : loss=0.0218 AUROC=0.9988 AUPRC=0.9477 BalAcc=0.9737 F1=0.8662 MCC=0.8682
  learning_rate_used=2.595e-04; learning_rate_next=2.562e-04; elapsed=19.3s
  negatives seen=100.0%; hard negatives=0
Epoch 026 train: loss=0.0430 AUROC=0.9996 AUPRC=0.9962 BalAcc=0.9932 F1=0.9733 MCC=0.9708
Epoch 026 val  : loss=0.0321 AUROC=0.9989 AUPRC=0.9623 BalAcc=0.9907 F1=0.6848 MCC=0.7166
  learning_rate_used=2.562e-04; learning_rate_next=2.528e-04; elapsed=19.5s
  negatives seen=100.0%; hard negatives=0
Epoch 027 train: loss=0.0441 AUROC=0.9995 AUPRC=0.9946 BalAcc=0.9928 F1=0.9745 MCC=0.9721
Epoch 027 val  : loss=0.0254 AUROC=0.9981 AUPRC=0.9367 BalAcc=0.9681 F1=0.8841 MCC=0.8844
  learning_rate_used=2.528e-04; learning_rate_next=2.494e-04; elapsed=19.4s
  negatives seen=100.0%; hard negatives=0
Epoch 028 train: loss=0.0267 AUROC=0.9995 AUPRC=0.9942 BalAcc=0.9966 F1=0.9809 MCC=0.9791
Epoch 028 val  : loss=0.0344 AUROC=0.9992 AUPRC=0.9605 BalAcc=0.9505 F1=0.8957 MCC=0.8947
  learning_rate_used=2.494e-04; learning_rate_next=2.458e-04; elapsed=19.3s
  negatives seen=100.0%; hard negatives=0
Epoch 029 train: loss=0.0358 AUROC=0.9997 AUPRC=0.9963 BalAcc=0.9948 F1=0.9771 MCC=0.9749
Epoch 029 val  : loss=0.0228 AUROC=0.9979 AUPRC=0.9637 BalAcc=0.9829 F1=0.8485 MCC=0.8536
  learning_rate_used=2.458e-04; learning_rate_next=2.421e-04; elapsed=19.6s
  negatives seen=100.0%; hard negatives=0
Epoch 030 train: loss=0.0441 AUROC=0.9995 AUPRC=0.9940 BalAcc=0.9929 F1=0.9755 MCC=0.9731
Epoch 030 val  : loss=0.0218 AUROC=0.9984 AUPRC=0.9372 BalAcc=0.9781 F1=0.8428 MCC=0.8474
  learning_rate_used=2.421e-04; learning_rate_next=2.384e-04; elapsed=19.6s
  negatives seen=100.0%; hard negatives=0
Epoch 031 train: loss=0.0328 AUROC=0.9996 AUPRC=0.9951 BalAcc=0.9943 F1=0.9780 MCC=0.9759
Epoch 031 val  : loss=0.0214 AUROC=0.9990 AUPRC=0.9526 BalAcc=0.9756 F1=0.8282 MCC=0.8337
  learning_rate_used=2.384e-04; learning_rate_next=2.345e-04; elapsed=19.6s
  negatives seen=100.0%; hard negatives=0
Epoch 032 train: loss=0.0441 AUROC=0.9994 AUPRC=0.9898 BalAcc=0.9937 F1=0.9728 MCC=0.9702
Epoch 032 val  : loss=0.0250 AUROC=0.9978 AUPRC=0.9526 BalAcc=0.9723 F1=0.8447 MCC=0.8481
  learning_rate_used=2.345e-04; learning_rate_next=2.306e-04; elapsed=19.3s
  negatives seen=100.0%; hard negatives=0
Epoch 033 train: loss=0.0306 AUROC=0.9997 AUPRC=0.9965 BalAcc=0.9953 F1=0.9799 MCC=0.9780
Epoch 033 val  : loss=0.0271 AUROC=0.9982 AUPRC=0.9626 BalAcc=0.9682 F1=0.8932 MCC=0.8931
  learning_rate_used=2.306e-04; learning_rate_next=2.266e-04; elapsed=19.4s
  negatives seen=100.0%; hard negatives=0
Epoch 034 train: loss=0.0333 AUROC=0.9997 AUPRC=0.9961 BalAcc=0.9951 F1=0.9799 MCC=0.9780
Epoch 034 val  : loss=0.0228 AUROC=0.9981 AUPRC=0.9596 BalAcc=0.9794 F1=0.8475 MCC=0.8520
  learning_rate_used=2.266e-04; learning_rate_next=2.225e-04; elapsed=19.5s
  negatives seen=100.0%; hard negatives=0
Epoch 035 train: loss=0.0405 AUROC=0.9997 AUPRC=0.9967 BalAcc=0.9950 F1=0.9796 MCC=0.9777
Epoch 035 val  : loss=0.0221 AUROC=0.9987 AUPRC=0.9627 BalAcc=0.9739 F1=0.8767 MCC=0.8780
  learning_rate_used=2.225e-04; learning_rate_next=2.184e-04; elapsed=19.4s
  negatives seen=100.0%; hard negatives=0
Epoch 036 train: loss=0.0370 AUROC=0.9996 AUPRC=0.9953 BalAcc=0.9940 F1=0.9777 MCC=0.9755
Epoch 036 val  : loss=0.0238 AUROC=0.9982 AUPRC=0.9561 BalAcc=0.9726 F1=0.8735 MCC=0.8749
  learning_rate_used=2.184e-04; learning_rate_next=2.142e-04; elapsed=19.5s
  negatives seen=100.0%; hard negatives=0
Epoch 037 train: loss=0.0214 AUROC=0.9997 AUPRC=0.9956 BalAcc=0.9968 F1=0.9859 MCC=0.9846
Epoch 037 val  : loss=0.0230 AUROC=0.9983 AUPRC=0.9603 BalAcc=0.9734 F1=0.8423 MCC=0.8461
  learning_rate_used=2.142e-04; learning_rate_next=2.099e-04; elapsed=19.7s
  negatives seen=100.0%; hard negatives=0
Epoch 038 train: loss=0.0284 AUROC=0.9996 AUPRC=0.9948 BalAcc=0.9957 F1=0.9803 MCC=0.9784
Epoch 038 val  : loss=0.0199 AUROC=0.9986 AUPRC=0.9600 BalAcc=0.9773 F1=0.8670 MCC=0.8695
  learning_rate_used=2.099e-04; learning_rate_next=2.055e-04; elapsed=19.2s
  negatives seen=100.0%; hard negatives=0
Epoch 039 train: loss=0.0353 AUROC=0.9996 AUPRC=0.9949 BalAcc=0.9950 F1=0.9824 MCC=0.9807
Epoch 039 val  : loss=0.0201 AUROC=0.9983 AUPRC=0.9680 BalAcc=0.9828 F1=0.8415 MCC=0.8472
  learning_rate_used=2.055e-04; learning_rate_next=2.011e-04; elapsed=19.4s
  saved new best checkpoint: /data/projects/SFB_A03/jan/AT_TFBS/human301/runs/SRY/crossassay_20261008_004647_1001695/GHTS_seed1/best_model.pt (objective=classification-auprc, score=0.968011)
  negatives seen=100.0%; hard negatives=0
Epoch 040 train: loss=0.0370 AUROC=0.9996 AUPRC=0.9945 BalAcc=0.9948 F1=0.9777 MCC=0.9756
Epoch 040 val  : loss=0.0236 AUROC=0.9982 AUPRC=0.9597 BalAcc=0.9756 F1=0.8307 MCC=0.8361
  learning_rate_used=2.011e-04; learning_rate_next=1.967e-04; elapsed=19.4s
  negatives seen=100.0%; hard negatives=0
Epoch 041 train: loss=0.0243 AUROC=0.9996 AUPRC=0.9945 BalAcc=0.9972 F1=0.9834 MCC=0.9819
Epoch 041 val  : loss=0.0310 AUROC=0.9980 AUPRC=0.9509 BalAcc=0.9587 F1=0.8891 MCC=0.8885
  learning_rate_used=1.967e-04; learning_rate_next=1.922e-04; elapsed=19.1s
  negatives seen=100.0%; hard negatives=0
Epoch 042 train: loss=0.0294 AUROC=0.9998 AUPRC=0.9971 BalAcc=0.9950 F1=0.9852 MCC=0.9838
Epoch 042 val  : loss=0.0229 AUROC=0.9989 AUPRC=0.9669 BalAcc=0.9826 F1=0.8294 MCC=0.8364
  learning_rate_used=1.922e-04; learning_rate_next=1.877e-04; elapsed=19.2s
  negatives seen=100.0%; hard negatives=0
Epoch 043 train: loss=0.0254 AUROC=0.9998 AUPRC=0.9973 BalAcc=0.9955 F1=0.9840 MCC=0.9824
Epoch 043 val  : loss=0.0241 AUROC=0.9988 AUPRC=0.9658 BalAcc=0.9803 F1=0.8279 MCC=0.8345
  learning_rate_used=1.877e-04; learning_rate_next=1.831e-04; elapsed=19.5s
  negatives seen=100.0%; hard negatives=0
Epoch 044 train: loss=0.0290 AUROC=0.9997 AUPRC=0.9964 BalAcc=0.9954 F1=0.9831 MCC=0.9814
Epoch 044 val  : loss=0.0285 AUROC=0.9989 AUPRC=0.9620 BalAcc=0.9667 F1=0.8721 MCC=0.8728
  learning_rate_used=1.831e-04; learning_rate_next=1.785e-04; elapsed=19.7s
  negatives seen=100.0%; hard negatives=0
Epoch 045 train: loss=0.0257 AUROC=0.9997 AUPRC=0.9940 BalAcc=0.9960 F1=0.9837 MCC=0.9821
Epoch 045 val  : loss=0.0275 AUROC=0.9983 AUPRC=0.9628 BalAcc=0.9737 F1=0.8671 MCC=0.8690
  learning_rate_used=1.785e-04; learning_rate_next=1.739e-04; elapsed=19.4s
  negatives seen=100.0%; hard negatives=0
Epoch 046 train: loss=0.0169 AUROC=0.9998 AUPRC=0.9964 BalAcc=0.9975 F1=0.9866 MCC=0.9853
Epoch 046 val  : loss=0.0260 AUROC=0.9989 AUPRC=0.9622 BalAcc=0.9681 F1=0.8871 MCC=0.8873
  learning_rate_used=1.739e-04; learning_rate_next=1.692e-04; elapsed=19.2s
  negatives seen=100.0%; hard negatives=0
Epoch 047 train: loss=0.0210 AUROC=0.9997 AUPRC=0.9954 BalAcc=0.9961 F1=0.9843 MCC=0.9828
Epoch 047 val  : loss=0.0207 AUROC=0.9989 AUPRC=0.9676 BalAcc=0.9793 F1=0.8431 MCC=0.8480
  learning_rate_used=1.692e-04; learning_rate_next=1.646e-04; elapsed=19.2s
  negatives seen=100.0%; hard negatives=0
Epoch 048 train: loss=0.0242 AUROC=0.9997 AUPRC=0.9956 BalAcc=0.9975 F1=0.9866 MCC=0.9853
Epoch 048 val  : loss=0.0487 AUROC=0.9977 AUPRC=0.9530 BalAcc=0.9563 F1=0.8845 MCC=0.8838
  learning_rate_used=1.646e-04; learning_rate_next=1.599e-04; elapsed=19.3s
  negatives seen=100.0%; hard negatives=0
Epoch 049 train: loss=0.0262 AUROC=0.9998 AUPRC=0.9976 BalAcc=0.9956 F1=0.9824 MCC=0.9807
Epoch 049 val  : loss=0.0246 AUROC=0.9985 AUPRC=0.9621 BalAcc=0.9795 F1=0.8584 MCC=0.8619
  learning_rate_used=1.599e-04; learning_rate_next=1.552e-04; elapsed=19.4s
  negatives seen=100.0%; hard negatives=0
Epoch 050 train: loss=0.0231 AUROC=0.9998 AUPRC=0.9974 BalAcc=0.9963 F1=0.9834 MCC=0.9818
Epoch 050 val  : loss=0.0234 AUROC=0.9985 AUPRC=0.9660 BalAcc=0.9827 F1=0.8337 MCC=0.8402
  learning_rate_used=1.552e-04; learning_rate_next=1.505e-04; elapsed=19.3s
  negatives seen=100.0%; hard negatives=0
Epoch 051 train: loss=0.0249 AUROC=0.9997 AUPRC=0.9964 BalAcc=0.9972 F1=0.9869 MCC=0.9856
Epoch 051 val  : loss=0.0323 AUROC=0.9985 AUPRC=0.9644 BalAcc=0.9670 F1=0.8950 MCC=0.8947
  learning_rate_used=1.505e-04; learning_rate_next=1.458e-04; elapsed=19.2s
  negatives seen=100.0%; hard negatives=0
Epoch 052 train: loss=0.0225 AUROC=0.9997 AUPRC=0.9965 BalAcc=0.9975 F1=0.9872 MCC=0.9860
Epoch 052 val  : loss=0.0272 AUROC=0.9987 AUPRC=0.9610 BalAcc=0.9692 F1=0.8844 MCC=0.8848
  learning_rate_used=1.458e-04; learning_rate_next=1.411e-04; elapsed=19.3s
  negatives seen=100.0%; hard negatives=0
Epoch 053 train: loss=0.0187 AUROC=0.9998 AUPRC=0.9972 BalAcc=0.9971 F1=0.9859 MCC=0.9846
Epoch 053 val  : loss=0.0290 AUROC=0.9990 AUPRC=0.9612 BalAcc=0.9610 F1=0.8836 MCC=0.8832
  learning_rate_used=1.411e-04; learning_rate_next=1.364e-04; elapsed=19.1s
  negatives seen=100.0%; hard negatives=0
Epoch 054 train: loss=0.0148 AUROC=0.9998 AUPRC=0.9976 BalAcc=0.9981 F1=0.9901 MCC=0.9891
Epoch 054 val  : loss=0.0236 AUROC=0.9986 AUPRC=0.9707 BalAcc=0.9861 F1=0.8229 MCC=0.8314
  learning_rate_used=1.364e-04; learning_rate_next=1.318e-04; elapsed=19.2s
  saved new best checkpoint: /data/projects/SFB_A03/jan/AT_TFBS/human301/runs/SRY/crossassay_20261008_004647_1001695/GHTS_seed1/best_model.pt (objective=classification-auprc, score=0.970673)
  negatives seen=100.0%; hard negatives=0
Epoch 055 train: loss=0.0159 AUROC=0.9996 AUPRC=0.9956 BalAcc=0.9984 F1=0.9869 MCC=0.9857
Epoch 055 val  : loss=0.0293 AUROC=0.9982 AUPRC=0.9653 BalAcc=0.9784 F1=0.8608 MCC=0.8640
  learning_rate_used=1.318e-04; learning_rate_next=1.271e-04; elapsed=19.2s
  negatives seen=100.0%; hard negatives=0
Epoch 056 train: loss=0.0129 AUROC=0.9998 AUPRC=0.9979 BalAcc=0.9985 F1=0.9913 MCC=0.9905
Epoch 056 val  : loss=0.0304 AUROC=0.9990 AUPRC=0.9630 BalAcc=0.9692 F1=0.8804 MCC=0.8810
  learning_rate_used=1.271e-04; learning_rate_next=1.225e-04; elapsed=19.5s
  negatives seen=100.0%; hard negatives=0
Epoch 057 train: loss=0.0121 AUROC=0.9998 AUPRC=0.9951 BalAcc=0.9983 F1=0.9917 MCC=0.9908
Epoch 057 val  : loss=0.0287 AUROC=0.9988 AUPRC=0.9644 BalAcc=0.9704 F1=0.8847 MCC=0.8851
  learning_rate_used=1.225e-04; learning_rate_next=1.179e-04; elapsed=19.5s
  negatives seen=100.0%; hard negatives=0
Epoch 058 train: loss=0.0160 AUROC=0.9998 AUPRC=0.9979 BalAcc=0.9977 F1=0.9888 MCC=0.9877
Epoch 058 val  : loss=0.0331 AUROC=0.9992 AUPRC=0.9610 BalAcc=0.9575 F1=0.8920 MCC=0.8912
  learning_rate_used=1.179e-04; learning_rate_next=1.133e-04; elapsed=19.5s
  negatives seen=100.0%; hard negatives=0
Epoch 059 train: loss=0.0122 AUROC=0.9999 AUPRC=0.9984 BalAcc=0.9984 F1=0.9904 MCC=0.9895
Epoch 059 val  : loss=0.0263 AUROC=0.9988 AUPRC=0.9604 BalAcc=0.9737 F1=0.8633 MCC=0.8655
  learning_rate_used=1.133e-04; learning_rate_next=1.088e-04; elapsed=19.4s
  negatives seen=100.0%; hard negatives=0
Epoch 060 train: loss=0.0149 AUROC=0.9998 AUPRC=0.9978 BalAcc=0.9984 F1=0.9898 MCC=0.9888
Epoch 060 val  : loss=0.0237 AUROC=0.9991 AUPRC=0.9634 BalAcc=0.9773 F1=0.8670 MCC=0.8695
  learning_rate_used=1.088e-04; learning_rate_next=1.043e-04; elapsed=19.2s
  negatives seen=100.0%; hard negatives=0
Epoch 061 train: loss=0.0157 AUROC=0.9998 AUPRC=0.9970 BalAcc=0.9975 F1=0.9894 MCC=0.9884
Epoch 061 val  : loss=0.0423 AUROC=0.9984 AUPRC=0.9619 BalAcc=0.9516 F1=0.8918 MCC=0.8908
  learning_rate_used=1.043e-04; learning_rate_next=9.986e-05; elapsed=19.1s
  negatives seen=100.0%; hard negatives=0
Epoch 062 train: loss=0.0212 AUROC=0.9998 AUPRC=0.9972 BalAcc=0.9971 F1=0.9888 MCC=0.9877
Epoch 062 val  : loss=0.0315 AUROC=0.9988 AUPRC=0.9620 BalAcc=0.9670 F1=0.8950 MCC=0.8947
  learning_rate_used=9.986e-05; learning_rate_next=9.547e-05; elapsed=19.3s
  negatives seen=100.0%; hard negatives=0
Epoch 063 train: loss=0.0264 AUROC=0.9998 AUPRC=0.9976 BalAcc=0.9968 F1=0.9888 MCC=0.9877
Epoch 063 val  : loss=0.0331 AUROC=0.9987 AUPRC=0.9621 BalAcc=0.9564 F1=0.8970 MCC=0.8961
  learning_rate_used=9.547e-05; learning_rate_next=9.113e-05; elapsed=19.4s
  negatives seen=100.0%; hard negatives=0
Epoch 064 train: loss=0.0130 AUROC=0.9998 AUPRC=0.9972 BalAcc=0.9984 F1=0.9901 MCC=0.9891
Epoch 064 val  : loss=0.0423 AUROC=0.9984 AUPRC=0.9613 BalAcc=0.9576 F1=0.8941 MCC=0.8932
  learning_rate_used=9.113e-05; learning_rate_next=8.685e-05; elapsed=19.5s
  negatives seen=100.0%; hard negatives=0
Epoch 065 train: loss=0.0159 AUROC=0.9998 AUPRC=0.9975 BalAcc=0.9972 F1=0.9894 MCC=0.9884
Epoch 065 val  : loss=0.0385 AUROC=0.9981 AUPRC=0.9651 BalAcc=0.9647 F1=0.9017 MCC=0.9012
  learning_rate_used=8.685e-05; learning_rate_next=8.263e-05; elapsed=19.2s
  negatives seen=100.0%; hard negatives=0
Epoch 066 train: loss=0.0122 AUROC=0.9999 AUPRC=0.9985 BalAcc=0.9984 F1=0.9923 MCC=0.9915
Epoch 066 val  : loss=0.0319 AUROC=0.9982 AUPRC=0.9667 BalAcc=0.9669 F1=0.8869 MCC=0.8869
  learning_rate_used=8.263e-05; learning_rate_next=7.848e-05; elapsed=19.2s
  negatives seen=100.0%; hard negatives=0
Epoch 067 train: loss=0.0142 AUROC=0.9999 AUPRC=0.9987 BalAcc=0.9979 F1=0.9904 MCC=0.9894
Epoch 067 val  : loss=0.0303 AUROC=0.9976 AUPRC=0.9613 BalAcc=0.9775 F1=0.8882 MCC=0.8893
  learning_rate_used=7.848e-05; learning_rate_next=7.440e-05; elapsed=19.3s
  negatives seen=100.0%; hard negatives=0
Epoch 068 train: loss=0.0056 AUROC=0.9999 AUPRC=0.9991 BalAcc=0.9992 F1=0.9949 MCC=0.9943
Epoch 068 val  : loss=0.0308 AUROC=0.9988 AUPRC=0.9675 BalAcc=0.9763 F1=0.8840 MCC=0.8852
  learning_rate_used=7.440e-05; learning_rate_next=7.039e-05; elapsed=19.2s
  negatives seen=100.0%; hard negatives=0
Epoch 069 train: loss=0.0142 AUROC=0.9998 AUPRC=0.9979 BalAcc=0.9980 F1=0.9920 MCC=0.9912
Epoch 069 val  : loss=0.0342 AUROC=0.9989 AUPRC=0.9647 BalAcc=0.9670 F1=0.8940 MCC=0.8938
  learning_rate_used=7.039e-05; learning_rate_next=6.647e-05; elapsed=19.4s
  negatives seen=100.0%; hard negatives=0
Epoch 070 train: loss=0.0074 AUROC=0.9999 AUPRC=0.9984 BalAcc=0.9987 F1=0.9929 MCC=0.9922
Epoch 070 val  : loss=0.0459 AUROC=0.9976 AUPRC=0.9635 BalAcc=0.9624 F1=0.9055 MCC=0.9047
  learning_rate_used=6.647e-05; learning_rate_next=6.263e-05; elapsed=19.5s
  negatives seen=100.0%; hard negatives=0
Epoch 071 train: loss=0.0106 AUROC=0.9999 AUPRC=0.9981 BalAcc=0.9986 F1=0.9920 MCC=0.9912
Epoch 071 val  : loss=0.0507 AUROC=0.9977 AUPRC=0.9622 BalAcc=0.9601 F1=0.9072 MCC=0.9063
  learning_rate_used=6.263e-05; learning_rate_next=5.887e-05; elapsed=19.5s
  negatives seen=100.0%; hard negatives=0
Epoch 072 train: loss=0.0102 AUROC=0.9999 AUPRC=0.9985 BalAcc=0.9986 F1=0.9923 MCC=0.9915
Epoch 072 val  : loss=0.0415 AUROC=0.9984 AUPRC=0.9614 BalAcc=0.9659 F1=0.9020 MCC=0.9015
  learning_rate_used=5.887e-05; learning_rate_next=5.521e-05; elapsed=19.2s
  negatives seen=100.0%; hard negatives=0
Epoch 073 train: loss=0.0053 AUROC=1.0000 AUPRC=0.9995 BalAcc=0.9992 F1=0.9945 MCC=0.9940
Epoch 073 val  : loss=0.0493 AUROC=0.9978 AUPRC=0.9586 BalAcc=0.9589 F1=0.9059 MCC=0.9050
  learning_rate_used=5.521e-05; learning_rate_next=5.163e-05; elapsed=19.4s
  negatives seen=100.0%; hard negatives=0
Epoch 074 train: loss=0.0129 AUROC=0.9999 AUPRC=0.9982 BalAcc=0.9981 F1=0.9929 MCC=0.9922
Epoch 074 val  : loss=0.0485 AUROC=0.9982 AUPRC=0.9601 BalAcc=0.9612 F1=0.9042 MCC=0.9034
  learning_rate_used=5.163e-05; learning_rate_next=4.816e-05; elapsed=19.3s
Early stopping after 74 epochs.
Binary threshold: 0.982568 (strategy=val-mcc, validation_score=0.914677)
Validation-only run completed; frozen model: /data/projects/SFB_A03/jan/AT_TFBS/human301/runs/SRY/crossassay_20261008_004647_1001695/GHTS_seed1/model_for_prediction.pt
SRY: GHTS -> GHTS
TEST SRY GHTS -> GHTS: loss=0.0341 AUROC=0.9982 AUPRC=0.9490 BalAcc=0.9566 F1=0.8860 MCC=0.8853
SRY: GHTS -> CHIP
TEST SRY GHTS -> CHIP: loss=1.2703 AUROC=0.7176 AUPRC=0.0401 BalAcc=0.5097 F1=0.0358 MCC=0.0470
Completed SRY/GHTS: one model, both fixed test sets.
