TF=USF3 train=GHTS seed=1 model=hum301_motif64_local.py
/home/jbossenz/miniforge3/envs/at_env/bin/python -u /data/projects/SFB_A03/jan/AT_TFBS/human301/hum301_motif64_local.py train --cache /data/projects/SFB_A03/jan/AT_TFBS/raw_data/human/ArchThalia-ML/USF3/GHTS/dataset.npz --output-dir /data/projects/SFB_A03/jan/AT_TFBS/human301/runs/USF3/crossassay_archthalia_20261009_144503_1046783/GHTS_seed1 --input-length 256 --embed-channels 64 --encoder-channels 80 96 128 --heads 4 --ffn-channels 256 --classification-readout local-logsumexp --task-mode classification --checkpoint-objective classification-auprc --threshold-strategy val-mcc --negatives-per-positive 10 --batch-size 88 --hard-negative-fraction 0 --epochs 100 --patience 20 --learning-rate 0.0003 --min-learning-rate 0.000001 --weight-decay 0.0001 --dropout 0.1 --activation relu --reverse-complement-probability 0.5 --eval-crops multi --eval-rc --no-balanced-evaluation --eval-batch-size 128 --num-workers 2 --seed 1 --device cuda --skip-test
Window geometry: 256 bp from 301 bp; crop starts 0..45; shifts -22..+23; fresh uniform draw per access
Evaluation: crops (0, 22, 23, 45), reverse complement=True; all samples
train: n=774,165, positive=7,665, negative=766,500
  val: n=208,363, positive=2,063, negative=206,300
 test: n=884,154, positive=8,754, negative=875,400
Device: cuda
Hidden activation: RELU
Parameters: 1,032,981 total; 1,032,981 trainable
Architecture: motif kernels 9/12; encoder 128/64/64; original five-block bottleneck at 64; decoder 64/128/256
  negatives seen=10.0%; hard negatives=0
Epoch 001 train: loss=0.2072 AUROC=0.9924 AUPRC=0.9576 BalAcc=0.9641 F1=0.8729 MCC=0.8626
Epoch 001 val  : loss=0.0287 AUROC=0.9951 AUPRC=0.9461 BalAcc=0.9794 F1=0.8399 MCC=0.8451
  learning_rate_used=3.000e-04; learning_rate_next=2.999e-04; elapsed=98.2s
  saved new best checkpoint: /data/projects/SFB_A03/jan/AT_TFBS/human301/runs/USF3/crossassay_archthalia_20261009_144503_1046783/GHTS_seed1/best_model.pt (objective=classification-auprc, score=0.946088)
  negatives seen=20.0%; hard negatives=0
Epoch 002 train: loss=0.1254 AUROC=0.9958 AUPRC=0.9803 BalAcc=0.9830 F1=0.9508 MCC=0.9460
Epoch 002 val  : loss=0.0280 AUROC=0.9952 AUPRC=0.9536 BalAcc=0.9787 F1=0.8552 MCC=0.8588
  learning_rate_used=2.999e-04; learning_rate_next=2.997e-04; elapsed=98.9s
  saved new best checkpoint: /data/projects/SFB_A03/jan/AT_TFBS/human301/runs/USF3/crossassay_archthalia_20261009_144503_1046783/GHTS_seed1/best_model.pt (objective=classification-auprc, score=0.953624)
  negatives seen=30.0%; hard negatives=0
Epoch 003 train: loss=0.1071 AUROC=0.9968 AUPRC=0.9859 BalAcc=0.9862 F1=0.9604 MCC=0.9565
Epoch 003 val  : loss=0.0251 AUROC=0.9951 AUPRC=0.9553 BalAcc=0.9819 F1=0.8291 MCC=0.8359
  learning_rate_used=2.997e-04; learning_rate_next=2.993e-04; elapsed=98.2s
  saved new best checkpoint: /data/projects/SFB_A03/jan/AT_TFBS/human301/runs/USF3/crossassay_archthalia_20261009_144503_1046783/GHTS_seed1/best_model.pt (objective=classification-auprc, score=0.955348)
  negatives seen=40.0%; hard negatives=0
Epoch 004 train: loss=0.0973 AUROC=0.9972 AUPRC=0.9861 BalAcc=0.9867 F1=0.9602 MCC=0.9563
Epoch 004 val  : loss=0.0296 AUROC=0.9965 AUPRC=0.9536 BalAcc=0.9834 F1=0.7683 MCC=0.7834
  learning_rate_used=2.993e-04; learning_rate_next=2.988e-04; elapsed=97.1s
  negatives seen=50.0%; hard negatives=0
Epoch 005 train: loss=0.0940 AUROC=0.9975 AUPRC=0.9879 BalAcc=0.9869 F1=0.9626 MCC=0.9590
Epoch 005 val  : loss=0.0321 AUROC=0.9967 AUPRC=0.9559 BalAcc=0.9851 F1=0.7187 MCC=0.7423
  learning_rate_used=2.988e-04; learning_rate_next=2.982e-04; elapsed=97.5s
  saved new best checkpoint: /data/projects/SFB_A03/jan/AT_TFBS/human301/runs/USF3/crossassay_archthalia_20261009_144503_1046783/GHTS_seed1/best_model.pt (objective=classification-auprc, score=0.955865)
  negatives seen=60.0%; hard negatives=0
Epoch 006 train: loss=0.0884 AUROC=0.9977 AUPRC=0.9892 BalAcc=0.9874 F1=0.9625 MCC=0.9588
Epoch 006 val  : loss=0.0267 AUROC=0.9975 AUPRC=0.9568 BalAcc=0.9840 F1=0.7885 MCC=0.8008
  learning_rate_used=2.982e-04; learning_rate_next=2.974e-04; elapsed=97.3s
  saved new best checkpoint: /data/projects/SFB_A03/jan/AT_TFBS/human301/runs/USF3/crossassay_archthalia_20261009_144503_1046783/GHTS_seed1/best_model.pt (objective=classification-auprc, score=0.956837)
  negatives seen=70.0%; hard negatives=0
Epoch 007 train: loss=0.0822 AUROC=0.9980 AUPRC=0.9895 BalAcc=0.9873 F1=0.9657 MCC=0.9623
Epoch 007 val  : loss=0.0375 AUROC=0.9968 AUPRC=0.9520 BalAcc=0.9837 F1=0.6829 MCC=0.7126
  learning_rate_used=2.974e-04; learning_rate_next=2.964e-04; elapsed=96.8s
  negatives seen=80.0%; hard negatives=0
Epoch 008 train: loss=0.0834 AUROC=0.9982 AUPRC=0.9899 BalAcc=0.9876 F1=0.9641 MCC=0.9606
Epoch 008 val  : loss=0.0296 AUROC=0.9970 AUPRC=0.9605 BalAcc=0.9859 F1=0.7478 MCC=0.7668
  learning_rate_used=2.964e-04; learning_rate_next=2.953e-04; elapsed=98.1s
  saved new best checkpoint: /data/projects/SFB_A03/jan/AT_TFBS/human301/runs/USF3/crossassay_archthalia_20261009_144503_1046783/GHTS_seed1/best_model.pt (objective=classification-auprc, score=0.960451)
  negatives seen=90.0%; hard negatives=0
Epoch 009 train: loss=0.0772 AUROC=0.9984 AUPRC=0.9909 BalAcc=0.9887 F1=0.9658 MCC=0.9624
Epoch 009 val  : loss=0.0324 AUROC=0.9975 AUPRC=0.9574 BalAcc=0.9840 F1=0.7214 MCC=0.7442
  learning_rate_used=2.953e-04; learning_rate_next=2.941e-04; elapsed=96.5s
  negatives seen=100.0%; hard negatives=0
Epoch 010 train: loss=0.0757 AUROC=0.9986 AUPRC=0.9922 BalAcc=0.9884 F1=0.9681 MCC=0.9650
Epoch 010 val  : loss=0.0273 AUROC=0.9974 AUPRC=0.9571 BalAcc=0.9849 F1=0.7891 MCC=0.8016
  learning_rate_used=2.941e-04; learning_rate_next=2.927e-04; elapsed=97.1s
  negatives seen=100.0%; hard negatives=0
Epoch 011 train: loss=0.0727 AUROC=0.9987 AUPRC=0.9924 BalAcc=0.9897 F1=0.9706 MCC=0.9678
Epoch 011 val  : loss=0.0235 AUROC=0.9973 AUPRC=0.9554 BalAcc=0.9798 F1=0.8666 MCC=0.8696
  learning_rate_used=2.927e-04; learning_rate_next=2.912e-04; elapsed=98.4s
  negatives seen=100.0%; hard negatives=0
Epoch 012 train: loss=0.0693 AUROC=0.9989 AUPRC=0.9924 BalAcc=0.9898 F1=0.9687 MCC=0.9656
Epoch 012 val  : loss=0.0236 AUROC=0.9978 AUPRC=0.9577 BalAcc=0.9826 F1=0.8632 MCC=0.8669
  learning_rate_used=2.912e-04; learning_rate_next=2.895e-04; elapsed=97.5s
  negatives seen=100.0%; hard negatives=0
Epoch 013 train: loss=0.0689 AUROC=0.9987 AUPRC=0.9918 BalAcc=0.9900 F1=0.9691 MCC=0.9661
Epoch 013 val  : loss=0.0239 AUROC=0.9980 AUPRC=0.9572 BalAcc=0.9829 F1=0.8438 MCC=0.8493
  learning_rate_used=2.895e-04; learning_rate_next=2.877e-04; elapsed=96.8s
  negatives seen=100.0%; hard negatives=0
Epoch 014 train: loss=0.0673 AUROC=0.9990 AUPRC=0.9924 BalAcc=0.9892 F1=0.9667 MCC=0.9634
Epoch 014 val  : loss=0.0275 AUROC=0.9970 AUPRC=0.9573 BalAcc=0.9829 F1=0.8469 MCC=0.8521
  learning_rate_used=2.877e-04; learning_rate_next=2.858e-04; elapsed=97.2s
  negatives seen=100.0%; hard negatives=0
Epoch 015 train: loss=0.0654 AUROC=0.9989 AUPRC=0.9923 BalAcc=0.9897 F1=0.9688 MCC=0.9658
Epoch 015 val  : loss=0.0249 AUROC=0.9973 AUPRC=0.9590 BalAcc=0.9835 F1=0.8398 MCC=0.8458
  learning_rate_used=2.858e-04; learning_rate_next=2.837e-04; elapsed=97.3s
  negatives seen=100.0%; hard negatives=0
Epoch 016 train: loss=0.0619 AUROC=0.9989 AUPRC=0.9934 BalAcc=0.9909 F1=0.9718 MCC=0.9691
Epoch 016 val  : loss=0.0240 AUROC=0.9979 AUPRC=0.9601 BalAcc=0.9844 F1=0.8204 MCC=0.8288
  learning_rate_used=2.837e-04; learning_rate_next=2.815e-04; elapsed=97.9s
  negatives seen=100.0%; hard negatives=0
Epoch 017 train: loss=0.0625 AUROC=0.9992 AUPRC=0.9936 BalAcc=0.9898 F1=0.9694 MCC=0.9664
Epoch 017 val  : loss=0.0229 AUROC=0.9975 AUPRC=0.9603 BalAcc=0.9838 F1=0.8412 MCC=0.8472
  learning_rate_used=2.815e-04; learning_rate_next=2.792e-04; elapsed=97.7s
  negatives seen=100.0%; hard negatives=0
Epoch 018 train: loss=0.0592 AUROC=0.9990 AUPRC=0.9932 BalAcc=0.9905 F1=0.9700 MCC=0.9671
Epoch 018 val  : loss=0.0284 AUROC=0.9976 AUPRC=0.9582 BalAcc=0.9841 F1=0.7952 MCC=0.8066
  learning_rate_used=2.792e-04; learning_rate_next=2.767e-04; elapsed=96.8s
  negatives seen=100.0%; hard negatives=0
Epoch 019 train: loss=0.0575 AUROC=0.9991 AUPRC=0.9942 BalAcc=0.9915 F1=0.9721 MCC=0.9694
Epoch 019 val  : loss=0.0236 AUROC=0.9978 AUPRC=0.9589 BalAcc=0.9831 F1=0.8253 MCC=0.8328
  learning_rate_used=2.767e-04; learning_rate_next=2.741e-04; elapsed=97.9s
  negatives seen=100.0%; hard negatives=0
Epoch 020 train: loss=0.0562 AUROC=0.9991 AUPRC=0.9928 BalAcc=0.9921 F1=0.9731 MCC=0.9705
Epoch 020 val  : loss=0.0219 AUROC=0.9976 AUPRC=0.9620 BalAcc=0.9836 F1=0.8472 MCC=0.8526
  learning_rate_used=2.741e-04; learning_rate_next=2.714e-04; elapsed=96.8s
  saved new best checkpoint: /data/projects/SFB_A03/jan/AT_TFBS/human301/runs/USF3/crossassay_archthalia_20261009_144503_1046783/GHTS_seed1/best_model.pt (objective=classification-auprc, score=0.962035)
  negatives seen=100.0%; hard negatives=0
Epoch 021 train: loss=0.0512 AUROC=0.9994 AUPRC=0.9952 BalAcc=0.9921 F1=0.9747 MCC=0.9722
Epoch 021 val  : loss=0.0228 AUROC=0.9977 AUPRC=0.9577 BalAcc=0.9827 F1=0.8688 MCC=0.8721
  learning_rate_used=2.714e-04; learning_rate_next=2.686e-04; elapsed=97.8s
  negatives seen=100.0%; hard negatives=0
Epoch 022 train: loss=0.0460 AUROC=0.9995 AUPRC=0.9960 BalAcc=0.9927 F1=0.9755 MCC=0.9731
Epoch 022 val  : loss=0.0261 AUROC=0.9969 AUPRC=0.9568 BalAcc=0.9808 F1=0.8865 MCC=0.8882
  learning_rate_used=2.686e-04; learning_rate_next=2.657e-04; elapsed=96.9s
  negatives seen=100.0%; hard negatives=0
Epoch 023 train: loss=0.0529 AUROC=0.9993 AUPRC=0.9947 BalAcc=0.9916 F1=0.9724 MCC=0.9697
Epoch 023 val  : loss=0.0253 AUROC=0.9972 AUPRC=0.9600 BalAcc=0.9816 F1=0.8764 MCC=0.8789
  learning_rate_used=2.657e-04; learning_rate_next=2.626e-04; elapsed=96.6s
  negatives seen=100.0%; hard negatives=0
Epoch 024 train: loss=0.0472 AUROC=0.9995 AUPRC=0.9947 BalAcc=0.9924 F1=0.9744 MCC=0.9719
Epoch 024 val  : loss=0.0263 AUROC=0.9969 AUPRC=0.9573 BalAcc=0.9802 F1=0.8793 MCC=0.8814
  learning_rate_used=2.626e-04; learning_rate_next=2.595e-04; elapsed=97.1s
  negatives seen=100.0%; hard negatives=0
Epoch 025 train: loss=0.0433 AUROC=0.9994 AUPRC=0.9951 BalAcc=0.9932 F1=0.9751 MCC=0.9727
Epoch 025 val  : loss=0.0261 AUROC=0.9967 AUPRC=0.9589 BalAcc=0.9815 F1=0.8845 MCC=0.8864
  learning_rate_used=2.595e-04; learning_rate_next=2.562e-04; elapsed=97.8s
  negatives seen=100.0%; hard negatives=0
Epoch 026 train: loss=0.0426 AUROC=0.9995 AUPRC=0.9949 BalAcc=0.9937 F1=0.9774 MCC=0.9752
Epoch 026 val  : loss=0.0235 AUROC=0.9977 AUPRC=0.9603 BalAcc=0.9850 F1=0.8257 MCC=0.8336
  learning_rate_used=2.562e-04; learning_rate_next=2.528e-04; elapsed=96.3s
  negatives seen=100.0%; hard negatives=0
Epoch 027 train: loss=0.0400 AUROC=0.9996 AUPRC=0.9957 BalAcc=0.9935 F1=0.9757 MCC=0.9734
Epoch 027 val  : loss=0.0256 AUROC=0.9973 AUPRC=0.9589 BalAcc=0.9835 F1=0.8384 MCC=0.8446
  learning_rate_used=2.528e-04; learning_rate_next=2.494e-04; elapsed=96.9s
  negatives seen=100.0%; hard negatives=0
Epoch 028 train: loss=0.0410 AUROC=0.9995 AUPRC=0.9954 BalAcc=0.9936 F1=0.9762 MCC=0.9739
Epoch 028 val  : loss=0.0261 AUROC=0.9968 AUPRC=0.9583 BalAcc=0.9844 F1=0.8034 MCC=0.8139
  learning_rate_used=2.494e-04; learning_rate_next=2.458e-04; elapsed=97.6s
  negatives seen=100.0%; hard negatives=0
Epoch 029 train: loss=0.0422 AUROC=0.9996 AUPRC=0.9957 BalAcc=0.9931 F1=0.9755 MCC=0.9731
Epoch 029 val  : loss=0.0287 AUROC=0.9960 AUPRC=0.9586 BalAcc=0.9847 F1=0.8057 MCC=0.8160
  learning_rate_used=2.458e-04; learning_rate_next=2.421e-04; elapsed=97.4s
  negatives seen=100.0%; hard negatives=0
Epoch 030 train: loss=0.0381 AUROC=0.9995 AUPRC=0.9951 BalAcc=0.9943 F1=0.9782 MCC=0.9761
Epoch 030 val  : loss=0.0250 AUROC=0.9971 AUPRC=0.9575 BalAcc=0.9837 F1=0.8171 MCC=0.8257
  learning_rate_used=2.421e-04; learning_rate_next=2.384e-04; elapsed=96.5s
  negatives seen=100.0%; hard negatives=0
Epoch 031 train: loss=0.0376 AUROC=0.9996 AUPRC=0.9955 BalAcc=0.9939 F1=0.9778 MCC=0.9757
Epoch 031 val  : loss=0.0265 AUROC=0.9968 AUPRC=0.9566 BalAcc=0.9847 F1=0.8253 MCC=0.8332
  learning_rate_used=2.384e-04; learning_rate_next=2.345e-04; elapsed=97.0s
  negatives seen=100.0%; hard negatives=0
Epoch 032 train: loss=0.0366 AUROC=0.9997 AUPRC=0.9969 BalAcc=0.9941 F1=0.9790 MCC=0.9770
Epoch 032 val  : loss=0.0262 AUROC=0.9972 AUPRC=0.9576 BalAcc=0.9845 F1=0.8402 MCC=0.8464
  learning_rate_used=2.345e-04; learning_rate_next=2.306e-04; elapsed=96.0s
  negatives seen=100.0%; hard negatives=0
Epoch 033 train: loss=0.0355 AUROC=0.9996 AUPRC=0.9959 BalAcc=0.9949 F1=0.9814 MCC=0.9796
Epoch 033 val  : loss=0.0240 AUROC=0.9972 AUPRC=0.9570 BalAcc=0.9831 F1=0.8650 MCC=0.8686
  learning_rate_used=2.306e-04; learning_rate_next=2.266e-04; elapsed=97.5s
  negatives seen=100.0%; hard negatives=0
Epoch 034 train: loss=0.0364 AUROC=0.9996 AUPRC=0.9961 BalAcc=0.9940 F1=0.9783 MCC=0.9762
Epoch 034 val  : loss=0.0263 AUROC=0.9967 AUPRC=0.9542 BalAcc=0.9792 F1=0.8731 MCC=0.8755
  learning_rate_used=2.266e-04; learning_rate_next=2.225e-04; elapsed=97.1s
  negatives seen=100.0%; hard negatives=0
Epoch 035 train: loss=0.0322 AUROC=0.9997 AUPRC=0.9965 BalAcc=0.9950 F1=0.9808 MCC=0.9790
Epoch 035 val  : loss=0.0276 AUROC=0.9963 AUPRC=0.9587 BalAcc=0.9836 F1=0.8445 MCC=0.8501
  learning_rate_used=2.225e-04; learning_rate_next=2.184e-04; elapsed=96.9s
  negatives seen=100.0%; hard negatives=0
Epoch 036 train: loss=0.0332 AUROC=0.9997 AUPRC=0.9971 BalAcc=0.9951 F1=0.9809 MCC=0.9791
Epoch 036 val  : loss=0.0299 AUROC=0.9972 AUPRC=0.9586 BalAcc=0.9793 F1=0.8825 MCC=0.8842
  learning_rate_used=2.184e-04; learning_rate_next=2.142e-04; elapsed=98.0s
  negatives seen=100.0%; hard negatives=0
Epoch 037 train: loss=0.0321 AUROC=0.9997 AUPRC=0.9972 BalAcc=0.9947 F1=0.9803 MCC=0.9784
Epoch 037 val  : loss=0.0283 AUROC=0.9969 AUPRC=0.9577 BalAcc=0.9818 F1=0.8737 MCC=0.8765
  learning_rate_used=2.142e-04; learning_rate_next=2.099e-04; elapsed=97.1s
  negatives seen=100.0%; hard negatives=0
Epoch 038 train: loss=0.0300 AUROC=0.9997 AUPRC=0.9969 BalAcc=0.9951 F1=0.9822 MCC=0.9805
Epoch 038 val  : loss=0.0290 AUROC=0.9971 AUPRC=0.9594 BalAcc=0.9831 F1=0.8478 MCC=0.8530
  learning_rate_used=2.099e-04; learning_rate_next=2.055e-04; elapsed=96.3s
  negatives seen=100.0%; hard negatives=0
Epoch 039 train: loss=0.0263 AUROC=0.9998 AUPRC=0.9974 BalAcc=0.9958 F1=0.9831 MCC=0.9815
Epoch 039 val  : loss=0.0297 AUROC=0.9959 AUPRC=0.9569 BalAcc=0.9792 F1=0.8722 MCC=0.8746
  learning_rate_used=2.055e-04; learning_rate_next=2.011e-04; elapsed=97.6s
  negatives seen=100.0%; hard negatives=0
Epoch 040 train: loss=0.0284 AUROC=0.9998 AUPRC=0.9969 BalAcc=0.9953 F1=0.9817 MCC=0.9799
Epoch 040 val  : loss=0.0267 AUROC=0.9969 AUPRC=0.9601 BalAcc=0.9846 F1=0.8309 MCC=0.8381
  learning_rate_used=2.011e-04; learning_rate_next=1.967e-04; elapsed=97.3s
Early stopping after 40 epochs.
Binary threshold: 0.934535 (strategy=val-mcc, validation_score=0.926250)
Validation-only run completed; frozen model: /data/projects/SFB_A03/jan/AT_TFBS/human301/runs/USF3/crossassay_archthalia_20261009_144503_1046783/GHTS_seed1/model_for_prediction.pt
USF3: GHTS -> GHTS
TEST USF3 GHTS -> GHTS: loss=0.0208 AUROC=0.9986 AUPRC=0.9653 BalAcc=0.9693 F1=0.9241 MCC=0.9234
USF3: GHTS -> CHIP
TEST USF3 GHTS -> CHIP: loss=0.3512 AUROC=0.8426 AUPRC=0.2831 BalAcc=0.6488 F1=0.3745 MCC=0.3817
Completed USF3/GHTS: one model, both fixed test sets.
