TF=CTCF train=GHTS seed=3 model=hum301_motif64_local.py
/home/jbossenz/miniforge3/envs/at_env/bin/python -u /data/projects/SFB_A03/jan/AT_TFBS/human301/hum301_motif64_local.py train --cache /data/projects/SFB_A03/jan/AT_TFBS/raw_data/human/ArchThalia-ML/CTCF/GHTS/dataset.npz --output-dir /data/projects/SFB_A03/jan/AT_TFBS/human301/runs/CTCF/crossassay_archthalia_20261009_144503_1046783/GHTS_seed3 --input-length 256 --embed-channels 64 --encoder-channels 80 96 128 --heads 4 --ffn-channels 256 --classification-readout local-logsumexp --task-mode classification --checkpoint-objective classification-auprc --threshold-strategy val-mcc --negatives-per-positive 10 --batch-size 88 --hard-negative-fraction 0 --epochs 100 --patience 20 --learning-rate 0.0003 --min-learning-rate 0.000001 --weight-decay 0.0001 --dropout 0.1 --activation relu --reverse-complement-probability 0.5 --eval-crops multi --eval-rc --no-balanced-evaluation --eval-batch-size 128 --num-workers 2 --seed 3 --device cuda --skip-test
Window geometry: 256 bp from 301 bp; crop starts 0..45; shifts -22..+23; fresh uniform draw per access
Evaluation: crops (0, 22, 23, 45), reverse complement=True; all samples
train: n=1,092,921, positive=10,821, negative=1,082,100
  val: n=258,762, positive=2,562, negative=256,200
 test: n=1,122,514, positive=11,114, negative=1,111,400
Device: cuda
Hidden activation: RELU
Parameters: 1,032,981 total; 1,032,981 trainable
Architecture: motif kernels 9/12; encoder 128/64/64; original five-block bottleneck at 64; decoder 64/128/256
  negatives seen=10.0%; hard negatives=0
Epoch 001 train: loss=0.3286 AUROC=0.9820 AUPRC=0.9057 BalAcc=0.9316 F1=0.7683 MCC=0.7525
Epoch 001 val  : loss=0.0880 AUROC=0.9943 AUPRC=0.9101 BalAcc=0.9724 F1=0.4220 MCC=0.5044
  learning_rate_used=3.000e-04; learning_rate_next=2.999e-04; elapsed=124.2s
  saved new best checkpoint: /data/projects/SFB_A03/jan/AT_TFBS/human301/runs/CTCF/crossassay_archthalia_20261009_144503_1046783/GHTS_seed3/best_model.pt (objective=classification-auprc, score=0.910092)
  negatives seen=20.0%; hard negatives=0
Epoch 002 train: loss=0.1988 AUROC=0.9932 AUPRC=0.9642 BalAcc=0.9636 F1=0.8871 MCC=0.8771
Epoch 002 val  : loss=0.0741 AUROC=0.9961 AUPRC=0.9302 BalAcc=0.9786 F1=0.4601 MCC=0.5363
  learning_rate_used=2.999e-04; learning_rate_next=2.997e-04; elapsed=121.0s
  saved new best checkpoint: /data/projects/SFB_A03/jan/AT_TFBS/human301/runs/CTCF/crossassay_archthalia_20261009_144503_1046783/GHTS_seed3/best_model.pt (objective=classification-auprc, score=0.930208)
  negatives seen=30.0%; hard negatives=0
Epoch 003 train: loss=0.1605 AUROC=0.9953 AUPRC=0.9755 BalAcc=0.9708 F1=0.9131 MCC=0.9051
Epoch 003 val  : loss=0.0331 AUROC=0.9960 AUPRC=0.9361 BalAcc=0.9620 F1=0.8319 MCC=0.8345
  learning_rate_used=2.997e-04; learning_rate_next=2.993e-04; elapsed=122.2s
  saved new best checkpoint: /data/projects/SFB_A03/jan/AT_TFBS/human301/runs/CTCF/crossassay_archthalia_20261009_144503_1046783/GHTS_seed3/best_model.pt (objective=classification-auprc, score=0.936052)
  negatives seen=40.0%; hard negatives=0
Epoch 004 train: loss=0.1490 AUROC=0.9958 AUPRC=0.9779 BalAcc=0.9750 F1=0.9220 MCC=0.9148
Epoch 004 val  : loss=0.0431 AUROC=0.9965 AUPRC=0.9439 BalAcc=0.9803 F1=0.6683 MCC=0.6996
  learning_rate_used=2.993e-04; learning_rate_next=2.988e-04; elapsed=122.6s
  saved new best checkpoint: /data/projects/SFB_A03/jan/AT_TFBS/human301/runs/CTCF/crossassay_archthalia_20261009_144503_1046783/GHTS_seed3/best_model.pt (objective=classification-auprc, score=0.943917)
  negatives seen=50.0%; hard negatives=0
Epoch 005 train: loss=0.1399 AUROC=0.9960 AUPRC=0.9811 BalAcc=0.9755 F1=0.9284 MCC=0.9216
Epoch 005 val  : loss=0.0360 AUROC=0.9966 AUPRC=0.9469 BalAcc=0.9811 F1=0.7068 MCC=0.7312
  learning_rate_used=2.988e-04; learning_rate_next=2.982e-04; elapsed=122.1s
  saved new best checkpoint: /data/projects/SFB_A03/jan/AT_TFBS/human301/runs/CTCF/crossassay_archthalia_20261009_144503_1046783/GHTS_seed3/best_model.pt (objective=classification-auprc, score=0.946860)
  negatives seen=60.0%; hard negatives=0
Epoch 006 train: loss=0.1313 AUROC=0.9964 AUPRC=0.9822 BalAcc=0.9774 F1=0.9308 MCC=0.9244
Epoch 006 val  : loss=0.0297 AUROC=0.9967 AUPRC=0.9453 BalAcc=0.9713 F1=0.7984 MCC=0.8063
  learning_rate_used=2.982e-04; learning_rate_next=2.974e-04; elapsed=122.1s
  negatives seen=70.0%; hard negatives=0
Epoch 007 train: loss=0.1247 AUROC=0.9968 AUPRC=0.9836 BalAcc=0.9786 F1=0.9351 MCC=0.9289
Epoch 007 val  : loss=0.0329 AUROC=0.9969 AUPRC=0.9496 BalAcc=0.9812 F1=0.7038 MCC=0.7287
  learning_rate_used=2.974e-04; learning_rate_next=2.964e-04; elapsed=120.9s
  saved new best checkpoint: /data/projects/SFB_A03/jan/AT_TFBS/human301/runs/CTCF/crossassay_archthalia_20261009_144503_1046783/GHTS_seed3/best_model.pt (objective=classification-auprc, score=0.949557)
  negatives seen=80.0%; hard negatives=0
Epoch 008 train: loss=0.1192 AUROC=0.9971 AUPRC=0.9855 BalAcc=0.9800 F1=0.9395 MCC=0.9338
Epoch 008 val  : loss=0.0449 AUROC=0.9970 AUPRC=0.9521 BalAcc=0.9829 F1=0.6024 MCC=0.6481
  learning_rate_used=2.964e-04; learning_rate_next=2.953e-04; elapsed=120.3s
  saved new best checkpoint: /data/projects/SFB_A03/jan/AT_TFBS/human301/runs/CTCF/crossassay_archthalia_20261009_144503_1046783/GHTS_seed3/best_model.pt (objective=classification-auprc, score=0.952131)
  negatives seen=90.0%; hard negatives=0
Epoch 009 train: loss=0.1111 AUROC=0.9972 AUPRC=0.9862 BalAcc=0.9823 F1=0.9439 MCC=0.9386
Epoch 009 val  : loss=0.0287 AUROC=0.9974 AUPRC=0.9494 BalAcc=0.9779 F1=0.7982 MCC=0.8077
  learning_rate_used=2.953e-04; learning_rate_next=2.941e-04; elapsed=122.0s
  negatives seen=100.0%; hard negatives=0
Epoch 010 train: loss=0.1056 AUROC=0.9976 AUPRC=0.9868 BalAcc=0.9820 F1=0.9435 MCC=0.9382
Epoch 010 val  : loss=0.0279 AUROC=0.9971 AUPRC=0.9532 BalAcc=0.9792 F1=0.7820 MCC=0.7939
  learning_rate_used=2.941e-04; learning_rate_next=2.927e-04; elapsed=122.7s
  saved new best checkpoint: /data/projects/SFB_A03/jan/AT_TFBS/human301/runs/CTCF/crossassay_archthalia_20261009_144503_1046783/GHTS_seed3/best_model.pt (objective=classification-auprc, score=0.953250)
  negatives seen=100.0%; hard negatives=0
Epoch 011 train: loss=0.1039 AUROC=0.9977 AUPRC=0.9885 BalAcc=0.9829 F1=0.9478 MCC=0.9429
Epoch 011 val  : loss=0.0336 AUROC=0.9975 AUPRC=0.9565 BalAcc=0.9832 F1=0.6860 MCC=0.7149
  learning_rate_used=2.927e-04; learning_rate_next=2.912e-04; elapsed=123.3s
  saved new best checkpoint: /data/projects/SFB_A03/jan/AT_TFBS/human301/runs/CTCF/crossassay_archthalia_20261009_144503_1046783/GHTS_seed3/best_model.pt (objective=classification-auprc, score=0.956475)
  negatives seen=100.0%; hard negatives=0
Epoch 012 train: loss=0.1001 AUROC=0.9977 AUPRC=0.9883 BalAcc=0.9838 F1=0.9485 MCC=0.9437
Epoch 012 val  : loss=0.0269 AUROC=0.9975 AUPRC=0.9565 BalAcc=0.9792 F1=0.7952 MCC=0.8054
  learning_rate_used=2.912e-04; learning_rate_next=2.895e-04; elapsed=122.3s
  negatives seen=100.0%; hard negatives=0
Epoch 013 train: loss=0.0991 AUROC=0.9979 AUPRC=0.9887 BalAcc=0.9839 F1=0.9490 MCC=0.9442
Epoch 013 val  : loss=0.0394 AUROC=0.9981 AUPRC=0.9561 BalAcc=0.9850 F1=0.6655 MCC=0.6990
  learning_rate_used=2.895e-04; learning_rate_next=2.877e-04; elapsed=121.6s
  negatives seen=100.0%; hard negatives=0
Epoch 014 train: loss=0.0957 AUROC=0.9982 AUPRC=0.9892 BalAcc=0.9843 F1=0.9514 MCC=0.9467
Epoch 014 val  : loss=0.0259 AUROC=0.9977 AUPRC=0.9542 BalAcc=0.9713 F1=0.8402 MCC=0.8438
  learning_rate_used=2.877e-04; learning_rate_next=2.858e-04; elapsed=122.6s
  negatives seen=100.0%; hard negatives=0
Epoch 015 train: loss=0.0935 AUROC=0.9982 AUPRC=0.9892 BalAcc=0.9843 F1=0.9507 MCC=0.9460
Epoch 015 val  : loss=0.0294 AUROC=0.9981 AUPRC=0.9532 BalAcc=0.9808 F1=0.7328 MCC=0.7527
  learning_rate_used=2.858e-04; learning_rate_next=2.837e-04; elapsed=120.5s
  negatives seen=100.0%; hard negatives=0
Epoch 016 train: loss=0.0920 AUROC=0.9983 AUPRC=0.9903 BalAcc=0.9847 F1=0.9537 MCC=0.9493
Epoch 016 val  : loss=0.0252 AUROC=0.9983 AUPRC=0.9559 BalAcc=0.9702 F1=0.8681 MCC=0.8694
  learning_rate_used=2.837e-04; learning_rate_next=2.815e-04; elapsed=122.2s
  negatives seen=100.0%; hard negatives=0
Epoch 017 train: loss=0.0903 AUROC=0.9984 AUPRC=0.9901 BalAcc=0.9850 F1=0.9539 MCC=0.9495
Epoch 017 val  : loss=0.0248 AUROC=0.9982 AUPRC=0.9561 BalAcc=0.9760 F1=0.8045 MCC=0.8127
  learning_rate_used=2.815e-04; learning_rate_next=2.792e-04; elapsed=122.7s
  negatives seen=100.0%; hard negatives=0
Epoch 018 train: loss=0.0850 AUROC=0.9986 AUPRC=0.9911 BalAcc=0.9859 F1=0.9548 MCC=0.9505
Epoch 018 val  : loss=0.0258 AUROC=0.9978 AUPRC=0.9575 BalAcc=0.9780 F1=0.8223 MCC=0.8290
  learning_rate_used=2.792e-04; learning_rate_next=2.767e-04; elapsed=121.8s
  saved new best checkpoint: /data/projects/SFB_A03/jan/AT_TFBS/human301/runs/CTCF/crossassay_archthalia_20261009_144503_1046783/GHTS_seed3/best_model.pt (objective=classification-auprc, score=0.957526)
  negatives seen=100.0%; hard negatives=0
Epoch 019 train: loss=0.0811 AUROC=0.9988 AUPRC=0.9919 BalAcc=0.9860 F1=0.9566 MCC=0.9525
Epoch 019 val  : loss=0.0264 AUROC=0.9983 AUPRC=0.9536 BalAcc=0.9781 F1=0.7740 MCC=0.7868
  learning_rate_used=2.767e-04; learning_rate_next=2.741e-04; elapsed=122.5s
  negatives seen=100.0%; hard negatives=0
Epoch 020 train: loss=0.0788 AUROC=0.9990 AUPRC=0.9921 BalAcc=0.9862 F1=0.9574 MCC=0.9533
Epoch 020 val  : loss=0.0251 AUROC=0.9976 AUPRC=0.9552 BalAcc=0.9720 F1=0.8481 MCC=0.8512
  learning_rate_used=2.741e-04; learning_rate_next=2.714e-04; elapsed=122.8s
  negatives seen=100.0%; hard negatives=0
Epoch 021 train: loss=0.0784 AUROC=0.9989 AUPRC=0.9917 BalAcc=0.9864 F1=0.9574 MCC=0.9533
Epoch 021 val  : loss=0.0266 AUROC=0.9979 AUPRC=0.9544 BalAcc=0.9732 F1=0.8459 MCC=0.8494
  learning_rate_used=2.714e-04; learning_rate_next=2.686e-04; elapsed=123.6s
  negatives seen=100.0%; hard negatives=0
Epoch 022 train: loss=0.0719 AUROC=0.9990 AUPRC=0.9930 BalAcc=0.9879 F1=0.9613 MCC=0.9576
Epoch 022 val  : loss=0.0263 AUROC=0.9983 AUPRC=0.9597 BalAcc=0.9823 F1=0.7619 MCC=0.7776
  learning_rate_used=2.686e-04; learning_rate_next=2.657e-04; elapsed=121.7s
  saved new best checkpoint: /data/projects/SFB_A03/jan/AT_TFBS/human301/runs/CTCF/crossassay_archthalia_20261009_144503_1046783/GHTS_seed3/best_model.pt (objective=classification-auprc, score=0.959695)
  negatives seen=100.0%; hard negatives=0
Epoch 023 train: loss=0.0693 AUROC=0.9992 AUPRC=0.9934 BalAcc=0.9881 F1=0.9620 MCC=0.9583
Epoch 023 val  : loss=0.0310 AUROC=0.9982 AUPRC=0.9598 BalAcc=0.9845 F1=0.7135 MCC=0.7379
  learning_rate_used=2.657e-04; learning_rate_next=2.626e-04; elapsed=122.5s
  saved new best checkpoint: /data/projects/SFB_A03/jan/AT_TFBS/human301/runs/CTCF/crossassay_archthalia_20261009_144503_1046783/GHTS_seed3/best_model.pt (objective=classification-auprc, score=0.959825)
  negatives seen=100.0%; hard negatives=0
Epoch 024 train: loss=0.0673 AUROC=0.9992 AUPRC=0.9935 BalAcc=0.9882 F1=0.9629 MCC=0.9593
Epoch 024 val  : loss=0.0250 AUROC=0.9981 AUPRC=0.9556 BalAcc=0.9728 F1=0.8331 MCC=0.8376
  learning_rate_used=2.626e-04; learning_rate_next=2.595e-04; elapsed=122.9s
  negatives seen=100.0%; hard negatives=0
Epoch 025 train: loss=0.0668 AUROC=0.9990 AUPRC=0.9931 BalAcc=0.9892 F1=0.9640 MCC=0.9606
Epoch 025 val  : loss=0.0245 AUROC=0.9983 AUPRC=0.9564 BalAcc=0.9744 F1=0.8356 MCC=0.8402
  learning_rate_used=2.595e-04; learning_rate_next=2.562e-04; elapsed=121.4s
  negatives seen=100.0%; hard negatives=0
Epoch 026 train: loss=0.0620 AUROC=0.9993 AUPRC=0.9946 BalAcc=0.9890 F1=0.9655 MCC=0.9621
Epoch 026 val  : loss=0.0257 AUROC=0.9985 AUPRC=0.9570 BalAcc=0.9698 F1=0.8703 MCC=0.8715
  learning_rate_used=2.562e-04; learning_rate_next=2.528e-04; elapsed=122.0s
  negatives seen=100.0%; hard negatives=0
Epoch 027 train: loss=0.0616 AUROC=0.9993 AUPRC=0.9940 BalAcc=0.9899 F1=0.9657 MCC=0.9624
Epoch 027 val  : loss=0.0249 AUROC=0.9983 AUPRC=0.9603 BalAcc=0.9817 F1=0.7880 MCC=0.7998
  learning_rate_used=2.528e-04; learning_rate_next=2.494e-04; elapsed=122.2s
  saved new best checkpoint: /data/projects/SFB_A03/jan/AT_TFBS/human301/runs/CTCF/crossassay_archthalia_20261009_144503_1046783/GHTS_seed3/best_model.pt (objective=classification-auprc, score=0.960340)
  negatives seen=100.0%; hard negatives=0
Epoch 028 train: loss=0.0599 AUROC=0.9993 AUPRC=0.9941 BalAcc=0.9899 F1=0.9680 MCC=0.9649
Epoch 028 val  : loss=0.0235 AUROC=0.9984 AUPRC=0.9590 BalAcc=0.9779 F1=0.8114 MCC=0.8193
  learning_rate_used=2.494e-04; learning_rate_next=2.458e-04; elapsed=121.1s
  negatives seen=100.0%; hard negatives=0
Epoch 029 train: loss=0.0581 AUROC=0.9994 AUPRC=0.9951 BalAcc=0.9899 F1=0.9678 MCC=0.9647
Epoch 029 val  : loss=0.0245 AUROC=0.9981 AUPRC=0.9585 BalAcc=0.9799 F1=0.8047 MCC=0.8139
  learning_rate_used=2.458e-04; learning_rate_next=2.421e-04; elapsed=121.5s
  negatives seen=100.0%; hard negatives=0
Epoch 030 train: loss=0.0591 AUROC=0.9995 AUPRC=0.9950 BalAcc=0.9893 F1=0.9656 MCC=0.9623
Epoch 030 val  : loss=0.0238 AUROC=0.9981 AUPRC=0.9583 BalAcc=0.9768 F1=0.8171 MCC=0.8241
  learning_rate_used=2.421e-04; learning_rate_next=2.384e-04; elapsed=120.4s
  negatives seen=100.0%; hard negatives=0
Epoch 031 train: loss=0.0544 AUROC=0.9995 AUPRC=0.9955 BalAcc=0.9901 F1=0.9694 MCC=0.9665
Epoch 031 val  : loss=0.0245 AUROC=0.9982 AUPRC=0.9588 BalAcc=0.9785 F1=0.8264 MCC=0.8328
  learning_rate_used=2.384e-04; learning_rate_next=2.345e-04; elapsed=122.3s
  negatives seen=100.0%; hard negatives=0
Epoch 032 train: loss=0.0537 AUROC=0.9995 AUPRC=0.9954 BalAcc=0.9906 F1=0.9689 MCC=0.9659
Epoch 032 val  : loss=0.0250 AUROC=0.9984 AUPRC=0.9564 BalAcc=0.9780 F1=0.8042 MCC=0.8130
  learning_rate_used=2.345e-04; learning_rate_next=2.306e-04; elapsed=120.9s
  negatives seen=100.0%; hard negatives=0
Epoch 033 train: loss=0.0526 AUROC=0.9995 AUPRC=0.9956 BalAcc=0.9911 F1=0.9708 MCC=0.9680
Epoch 033 val  : loss=0.0255 AUROC=0.9982 AUPRC=0.9576 BalAcc=0.9690 F1=0.8645 MCC=0.8659
  learning_rate_used=2.306e-04; learning_rate_next=2.266e-04; elapsed=120.7s
  negatives seen=100.0%; hard negatives=0
Epoch 034 train: loss=0.0501 AUROC=0.9995 AUPRC=0.9954 BalAcc=0.9913 F1=0.9700 MCC=0.9671
Epoch 034 val  : loss=0.0248 AUROC=0.9983 AUPRC=0.9587 BalAcc=0.9770 F1=0.8312 MCC=0.8368
  learning_rate_used=2.266e-04; learning_rate_next=2.225e-04; elapsed=121.6s
  negatives seen=100.0%; hard negatives=0
Epoch 035 train: loss=0.0510 AUROC=0.9995 AUPRC=0.9956 BalAcc=0.9912 F1=0.9717 MCC=0.9690
Epoch 035 val  : loss=0.0233 AUROC=0.9982 AUPRC=0.9598 BalAcc=0.9762 F1=0.8424 MCC=0.8467
  learning_rate_used=2.225e-04; learning_rate_next=2.184e-04; elapsed=121.1s
  negatives seen=100.0%; hard negatives=0
Epoch 036 train: loss=0.0432 AUROC=0.9996 AUPRC=0.9967 BalAcc=0.9930 F1=0.9745 MCC=0.9721
Epoch 036 val  : loss=0.0239 AUROC=0.9986 AUPRC=0.9597 BalAcc=0.9791 F1=0.8151 MCC=0.8229
  learning_rate_used=2.184e-04; learning_rate_next=2.142e-04; elapsed=121.8s
  negatives seen=100.0%; hard negatives=0
Epoch 037 train: loss=0.0446 AUROC=0.9997 AUPRC=0.9966 BalAcc=0.9920 F1=0.9735 MCC=0.9710
Epoch 037 val  : loss=0.0243 AUROC=0.9981 AUPRC=0.9586 BalAcc=0.9729 F1=0.8435 MCC=0.8471
  learning_rate_used=2.142e-04; learning_rate_next=2.099e-04; elapsed=122.4s
  negatives seen=100.0%; hard negatives=0
Epoch 038 train: loss=0.0458 AUROC=0.9996 AUPRC=0.9962 BalAcc=0.9918 F1=0.9720 MCC=0.9693
Epoch 038 val  : loss=0.0259 AUROC=0.9983 AUPRC=0.9588 BalAcc=0.9701 F1=0.8796 MCC=0.8803
  learning_rate_used=2.099e-04; learning_rate_next=2.055e-04; elapsed=121.9s
  negatives seen=100.0%; hard negatives=0
Epoch 039 train: loss=0.0468 AUROC=0.9996 AUPRC=0.9962 BalAcc=0.9919 F1=0.9731 MCC=0.9705
Epoch 039 val  : loss=0.0224 AUROC=0.9986 AUPRC=0.9629 BalAcc=0.9783 F1=0.8400 MCC=0.8449
  learning_rate_used=2.055e-04; learning_rate_next=2.011e-04; elapsed=123.2s
  saved new best checkpoint: /data/projects/SFB_A03/jan/AT_TFBS/human301/runs/CTCF/crossassay_archthalia_20261009_144503_1046783/GHTS_seed3/best_model.pt (objective=classification-auprc, score=0.962897)
  negatives seen=100.0%; hard negatives=0
Epoch 040 train: loss=0.0412 AUROC=0.9997 AUPRC=0.9968 BalAcc=0.9927 F1=0.9756 MCC=0.9732
Epoch 040 val  : loss=0.0245 AUROC=0.9985 AUPRC=0.9585 BalAcc=0.9745 F1=0.8478 MCC=0.8513
  learning_rate_used=2.011e-04; learning_rate_next=1.967e-04; elapsed=121.7s
  negatives seen=100.0%; hard negatives=0
Epoch 041 train: loss=0.0433 AUROC=0.9997 AUPRC=0.9969 BalAcc=0.9922 F1=0.9746 MCC=0.9721
Epoch 041 val  : loss=0.0290 AUROC=0.9983 AUPRC=0.9546 BalAcc=0.9625 F1=0.8716 MCC=0.8718
  learning_rate_used=1.967e-04; learning_rate_next=1.922e-04; elapsed=121.0s
  negatives seen=100.0%; hard negatives=0
Epoch 042 train: loss=0.0416 AUROC=0.9997 AUPRC=0.9973 BalAcc=0.9927 F1=0.9771 MCC=0.9749
Epoch 042 val  : loss=0.0263 AUROC=0.9982 AUPRC=0.9558 BalAcc=0.9708 F1=0.8584 MCC=0.8605
  learning_rate_used=1.922e-04; learning_rate_next=1.877e-04; elapsed=122.6s
  negatives seen=100.0%; hard negatives=0
Epoch 043 train: loss=0.0398 AUROC=0.9997 AUPRC=0.9971 BalAcc=0.9930 F1=0.9767 MCC=0.9744
Epoch 043 val  : loss=0.0246 AUROC=0.9982 AUPRC=0.9599 BalAcc=0.9755 F1=0.8360 MCC=0.8408
  learning_rate_used=1.877e-04; learning_rate_next=1.831e-04; elapsed=120.2s
  negatives seen=100.0%; hard negatives=0
Epoch 044 train: loss=0.0393 AUROC=0.9997 AUPRC=0.9969 BalAcc=0.9933 F1=0.9771 MCC=0.9748
Epoch 044 val  : loss=0.0254 AUROC=0.9983 AUPRC=0.9584 BalAcc=0.9713 F1=0.8625 MCC=0.8644
  learning_rate_used=1.831e-04; learning_rate_next=1.785e-04; elapsed=121.4s
  negatives seen=100.0%; hard negatives=0
Epoch 045 train: loss=0.0340 AUROC=0.9998 AUPRC=0.9974 BalAcc=0.9940 F1=0.9797 MCC=0.9777
Epoch 045 val  : loss=0.0250 AUROC=0.9985 AUPRC=0.9592 BalAcc=0.9732 F1=0.8495 MCC=0.8526
  learning_rate_used=1.785e-04; learning_rate_next=1.739e-04; elapsed=122.7s
  negatives seen=100.0%; hard negatives=0
Epoch 046 train: loss=0.0334 AUROC=0.9998 AUPRC=0.9976 BalAcc=0.9941 F1=0.9796 MCC=0.9776
Epoch 046 val  : loss=0.0270 AUROC=0.9982 AUPRC=0.9607 BalAcc=0.9810 F1=0.7997 MCC=0.8098
  learning_rate_used=1.739e-04; learning_rate_next=1.692e-04; elapsed=122.4s
  negatives seen=100.0%; hard negatives=0
Epoch 047 train: loss=0.0333 AUROC=0.9998 AUPRC=0.9974 BalAcc=0.9941 F1=0.9794 MCC=0.9774
Epoch 047 val  : loss=0.0278 AUROC=0.9979 AUPRC=0.9601 BalAcc=0.9755 F1=0.8473 MCC=0.8510
  learning_rate_used=1.692e-04; learning_rate_next=1.646e-04; elapsed=123.6s
  negatives seen=100.0%; hard negatives=0
Epoch 048 train: loss=0.0310 AUROC=0.9998 AUPRC=0.9976 BalAcc=0.9941 F1=0.9803 MCC=0.9783
Epoch 048 val  : loss=0.0292 AUROC=0.9982 AUPRC=0.9577 BalAcc=0.9679 F1=0.8702 MCC=0.8711
  learning_rate_used=1.646e-04; learning_rate_next=1.599e-04; elapsed=122.6s
  negatives seen=100.0%; hard negatives=0
Epoch 049 train: loss=0.0317 AUROC=0.9998 AUPRC=0.9977 BalAcc=0.9947 F1=0.9804 MCC=0.9785
Epoch 049 val  : loss=0.0258 AUROC=0.9983 AUPRC=0.9603 BalAcc=0.9709 F1=0.8650 MCC=0.8667
  learning_rate_used=1.599e-04; learning_rate_next=1.552e-04; elapsed=122.9s
  negatives seen=100.0%; hard negatives=0
Epoch 050 train: loss=0.0291 AUROC=0.9998 AUPRC=0.9978 BalAcc=0.9953 F1=0.9815 MCC=0.9797
Epoch 050 val  : loss=0.0266 AUROC=0.9982 AUPRC=0.9604 BalAcc=0.9703 F1=0.8656 MCC=0.8672
  learning_rate_used=1.552e-04; learning_rate_next=1.505e-04; elapsed=123.8s
  negatives seen=100.0%; hard negatives=0
Epoch 051 train: loss=0.0312 AUROC=0.9998 AUPRC=0.9981 BalAcc=0.9947 F1=0.9814 MCC=0.9796
Epoch 051 val  : loss=0.0250 AUROC=0.9983 AUPRC=0.9607 BalAcc=0.9761 F1=0.8381 MCC=0.8428
  learning_rate_used=1.505e-04; learning_rate_next=1.458e-04; elapsed=122.3s
  negatives seen=100.0%; hard negatives=0
Epoch 052 train: loss=0.0284 AUROC=0.9998 AUPRC=0.9982 BalAcc=0.9948 F1=0.9834 MCC=0.9818
Epoch 052 val  : loss=0.0252 AUROC=0.9987 AUPRC=0.9593 BalAcc=0.9757 F1=0.8315 MCC=0.8368
  learning_rate_used=1.458e-04; learning_rate_next=1.411e-04; elapsed=122.0s
  negatives seen=100.0%; hard negatives=0
Epoch 053 train: loss=0.0286 AUROC=0.9998 AUPRC=0.9982 BalAcc=0.9948 F1=0.9827 MCC=0.9810
Epoch 053 val  : loss=0.0286 AUROC=0.9983 AUPRC=0.9598 BalAcc=0.9674 F1=0.8794 MCC=0.8798
  learning_rate_used=1.411e-04; learning_rate_next=1.364e-04; elapsed=122.3s
  negatives seen=100.0%; hard negatives=0
Epoch 054 train: loss=0.0288 AUROC=0.9998 AUPRC=0.9983 BalAcc=0.9949 F1=0.9829 MCC=0.9812
Epoch 054 val  : loss=0.0312 AUROC=0.9984 AUPRC=0.9585 BalAcc=0.9638 F1=0.8820 MCC=0.8819
  learning_rate_used=1.364e-04; learning_rate_next=1.318e-04; elapsed=121.7s
  negatives seen=100.0%; hard negatives=0
Epoch 055 train: loss=0.0284 AUROC=0.9998 AUPRC=0.9980 BalAcc=0.9950 F1=0.9834 MCC=0.9818
Epoch 055 val  : loss=0.0296 AUROC=0.9984 AUPRC=0.9569 BalAcc=0.9620 F1=0.8758 MCC=0.8758
  learning_rate_used=1.318e-04; learning_rate_next=1.271e-04; elapsed=120.7s
  negatives seen=100.0%; hard negatives=0
Epoch 056 train: loss=0.0223 AUROC=0.9999 AUPRC=0.9987 BalAcc=0.9961 F1=0.9848 MCC=0.9833
Epoch 056 val  : loss=0.0308 AUROC=0.9982 AUPRC=0.9594 BalAcc=0.9696 F1=0.8665 MCC=0.8679
  learning_rate_used=1.271e-04; learning_rate_next=1.225e-04; elapsed=121.4s
  negatives seen=100.0%; hard negatives=0
Epoch 057 train: loss=0.0226 AUROC=0.9999 AUPRC=0.9985 BalAcc=0.9959 F1=0.9852 MCC=0.9838
Epoch 057 val  : loss=0.0305 AUROC=0.9982 AUPRC=0.9593 BalAcc=0.9713 F1=0.8662 MCC=0.8678
  learning_rate_used=1.225e-04; learning_rate_next=1.179e-04; elapsed=121.8s
  negatives seen=100.0%; hard negatives=0
Epoch 058 train: loss=0.0269 AUROC=0.9998 AUPRC=0.9978 BalAcc=0.9958 F1=0.9846 MCC=0.9831
Epoch 058 val  : loss=0.0303 AUROC=0.9986 AUPRC=0.9605 BalAcc=0.9684 F1=0.8813 MCC=0.8817
  learning_rate_used=1.179e-04; learning_rate_next=1.133e-04; elapsed=122.1s
  negatives seen=100.0%; hard negatives=0
Epoch 059 train: loss=0.0221 AUROC=0.9999 AUPRC=0.9983 BalAcc=0.9963 F1=0.9854 MCC=0.9839
Epoch 059 val  : loss=0.0303 AUROC=0.9982 AUPRC=0.9584 BalAcc=0.9695 F1=0.8772 MCC=0.8780
  learning_rate_used=1.133e-04; learning_rate_next=1.088e-04; elapsed=121.9s
Early stopping after 59 epochs.
Binary threshold: 0.863522 (strategy=val-mcc, validation_score=0.916325)
Validation-only run completed; frozen model: /data/projects/SFB_A03/jan/AT_TFBS/human301/runs/CTCF/crossassay_archthalia_20261009_144503_1046783/GHTS_seed3/model_for_prediction.pt
CTCF: GHTS -> GHTS
TEST CTCF GHTS -> GHTS: loss=0.0232 AUROC=0.9981 AUPRC=0.9633 BalAcc=0.9542 F1=0.9132 MCC=0.9123
CTCF: GHTS -> CHIP
TEST CTCF GHTS -> CHIP: loss=0.3598 AUROC=0.9147 AUPRC=0.5156 BalAcc=0.6342 F1=0.4141 MCC=0.4903
Completed CTCF/GHTS: one model, both fixed test sets.
