ZBED9/CHIP: reusing /data/projects/SFB_A03/jan/AT_TFBS/raw_data/human/ZBED9/hum301_multitf_chr5_chr7/dataset.npz
{
  "train": {
    "positive": 24298,
    "negative": 2429800,
    "total": 2454098,
    "chromosomes": [
      "chr1",
      "chr11",
      "chr13",
      "chr15",
      "chr17",
      "chr19",
      "chr21",
      "chr3",
      "chr9"
    ],
    "sequences_with_N": 1,
    "max_N_fraction": 0.09634551495016612,
    "mean_GC_fraction_ACGT_only": {
      "positive": 0.5230800715033787,
      "negative": 0.4867510156968473
    }
  },
  "validation": {
    "positive": 5723,
    "negative": 572300,
    "total": 578023,
    "chromosomes": [
      "chr5",
      "chr7"
    ],
    "sequences_with_N": 0,
    "max_N_fraction": 0.0,
    "mean_GC_fraction_ACGT_only": {
      "positive": 0.5080966642149792,
      "negative": 0.47617955873107465
    }
  },
  "test": {
    "positive": 24442,
    "negative": 2444200,
    "total": 2468642,
    "chromosomes": [
      "chr10",
      "chr12",
      "chr14",
      "chr16",
      "chr18",
      "chr2",
      "chr20",
      "chr22",
      "chr4",
      "chr6",
      "chr8"
    ],
    "sequences_with_N": 0,
    "max_N_fraction": 0.0,
    "mean_GC_fraction_ACGT_only": {
      "positive": 0.5155414363544478,
      "negative": 0.4795007830592785
    }
  }
}
ZBED9/GHTS: packing existing FASTAs into /data/projects/SFB_A03/jan/AT_TFBS/raw_data/human/ZBED9/GHTS/dataset.npz; no genome extraction
Loaded train_positive: 8,774
Loaded train_negative: 877,400
Loaded test_positive: 7,744
Loaded test_negative: 774,400
{
  "train": {
    "positive": 6979,
    "negative": 697900,
    "total": 704879,
    "chromosomes": [
      "chr1",
      "chr11",
      "chr13",
      "chr15",
      "chr17",
      "chr19",
      "chr21",
      "chr3",
      "chr9"
    ],
    "sequences_with_N": 1,
    "max_N_fraction": 0.21262458471760798,
    "mean_GC_fraction_ACGT_only": {
      "positive": 0.49464185402637034,
      "negative": 0.4946391428676156
    }
  },
  "validation": {
    "positive": 1795,
    "negative": 179500,
    "total": 181295,
    "chromosomes": [
      "chr5",
      "chr7"
    ],
    "sequences_with_N": 0,
    "max_N_fraction": 0.0,
    "mean_GC_fraction_ACGT_only": {
      "positive": 0.47941032213883156,
      "negative": 0.4794069351002692
    }
  },
  "test": {
    "positive": 7744,
    "negative": 774400,
    "total": 782144,
    "chromosomes": [
      "chr10",
      "chr12",
      "chr14",
      "chr16",
      "chr18",
      "chr2",
      "chr20",
      "chr22",
      "chr4",
      "chr6",
      "chr8"
    ],
    "sequences_with_N": 0,
    "max_N_fraction": 0.0,
    "mean_GC_fraction_ACGT_only": {
      "positive": 0.48543422750610915,
      "negative": 0.48543309062765994
    }
  }
}
Sequence audit: {
  "train": {
    "duplicates_or_RC_duplicates_within_split": 15,
    "identical_or_RC_identical_sequences_with_both_labels": 0
  },
  "validation": {
    "duplicates_or_RC_duplicates_within_split": 2,
    "identical_or_RC_identical_sequences_with_both_labels": 0
  },
  "test": {
    "duplicates_or_RC_duplicates_within_split": 8,
    "identical_or_RC_identical_sequences_with_both_labels": 0
  },
  "train_validation_shared_sequences_or_RC": 0,
  "train_test_shared_sequences_or_RC": 6,
  "validation_test_shared_sequences_or_RC": 1
}
Saved: /data/projects/SFB_A03/jan/AT_TFBS/raw_data/human/ZBED9/GHTS/dataset.npz
ZBED9: caches ready for CHIP and GHTS; cross-test chromosomes are held out.
