MYF6: preparing /data/projects/SFB_A03/jan/AT_TFBS/raw_data/human/MYF6/hum301_multitf_chr5_chr7/dataset.npz
Loaded train_positive: 39,695
Loaded train_negative: 3,969,500
Loaded test_positive: 33,204
Loaded test_negative: 3,320,400
{
  "train": {
    "positive": 31904,
    "negative": 3190400,
    "total": 3222304,
    "chromosomes": [
      "chr1",
      "chr11",
      "chr13",
      "chr15",
      "chr17",
      "chr19",
      "chr21",
      "chr3",
      "chr9"
    ],
    "sequences_with_N": 0,
    "max_N_fraction": 0.0,
    "mean_GC_fraction_ACGT_only": {
      "positive": 0.5395560643725195,
      "negative": 0.45377264892684693
    }
  },
  "validation": {
    "positive": 7791,
    "negative": 779100,
    "total": 786891,
    "chromosomes": [
      "chr5",
      "chr7"
    ],
    "sequences_with_N": 0,
    "max_N_fraction": 0.0,
    "mean_GC_fraction_ACGT_only": {
      "positive": 0.5203111521045451,
      "negative": 0.4518379116204872
    }
  },
  "test": {
    "positive": 33204,
    "negative": 3320400,
    "total": 3353604,
    "chromosomes": [
      "chr10",
      "chr12",
      "chr14",
      "chr16",
      "chr18",
      "chr2",
      "chr20",
      "chr22",
      "chr4",
      "chr6",
      "chr8"
    ],
    "sequences_with_N": 2,
    "max_N_fraction": 0.0033222591362126247,
    "mean_GC_fraction_ACGT_only": {
      "positive": 0.5296587310258821,
      "negative": 0.45770218114056627
    }
  }
}
Sequence audit: {
  "train": {
    "duplicates_or_RC_duplicates_within_split": 184,
    "identical_or_RC_identical_sequences_with_both_labels": 0
  },
  "validation": {
    "duplicates_or_RC_duplicates_within_split": 27,
    "identical_or_RC_identical_sequences_with_both_labels": 0
  },
  "test": {
    "duplicates_or_RC_duplicates_within_split": 111,
    "identical_or_RC_identical_sequences_with_both_labels": 0
  },
  "train_validation_shared_sequences_or_RC": 44,
  "train_test_shared_sequences_or_RC": 112,
  "validation_test_shared_sequences_or_RC": 50
}
Saved: /data/projects/SFB_A03/jan/AT_TFBS/raw_data/human/MYF6/hum301_multitf_chr5_chr7/dataset.npz
