TF=CTCF variant=base seed=2
/home/jbossenz/miniforge3/envs/at_env/bin/python -u /data/projects/SFB_A03/jan/AT_TFBS/human301/hum301_motif64.py train --cache /data/projects/SFB_A03/jan/AT_TFBS/raw_data/human/CTCF/hum301_multitf_chr5_chr7/dataset.npz --output-dir /data/projects/SFB_A03/jan/AT_TFBS/human301/runs/CTCF/multitf_20261006_033507_932031_base_seed2 --input-length 256 --embed-channels 64 --encoder-channels 80 96 128 --heads 4 --ffn-channels 256 --classification-readout center --task-mode classification --checkpoint-objective classification-auprc --threshold-strategy val-mcc --negatives-per-positive 10 --batch-size 88 --hard-negative-fraction 0 --epochs 100 --patience 20 --learning-rate 0.0003 --min-learning-rate 0.000001 --weight-decay 0.0001 --dropout 0.1 --activation relu --reverse-complement-probability 0.5 --eval-crops multi --eval-rc --no-balanced-evaluation --eval-batch-size 128 --num-workers 2 --seed 2 --device cuda
Window geometry: 256 bp from 301 bp; crop starts 0..45; shifts -22..+23; fresh uniform draw per access
Evaluation: crops (0, 22, 23, 45), reverse complement=True; all samples
train: n=4,464,503, positive=44,203, negative=4,420,300
  val: n=1,304,112, positive=12,912, negative=1,291,200
 test: n=5,206,247, positive=51,547, negative=5,154,700
Device: cuda
Hidden activation: RELU
Parameters: 1,032,981 total; 1,032,981 trainable
Architecture: motif kernels 9/12; encoder 128/64/64; original five-block bottleneck at 64; decoder 64/128/256
  negatives seen=10.0%; hard negatives=0
Epoch 001 train: loss=0.6509 AUROC=0.9194 AUPRC=0.7105 BalAcc=0.8492 F1=0.5460 MCC=0.5218
Epoch 001 val  : loss=0.1453 AUROC=0.9487 AUPRC=0.5204 BalAcc=0.8434 F1=0.3813 MCC=0.4210
  learning_rate_used=3.000e-04; learning_rate_next=2.999e-04; elapsed=588.2s
  saved new best checkpoint: /data/projects/SFB_A03/jan/AT_TFBS/human301/runs/CTCF/multitf_20261006_033507_932031_base_seed2/best_model.pt (objective=classification-auprc, score=0.520420)
  negatives seen=20.0%; hard negatives=0
Epoch 002 train: loss=0.5244 AUROC=0.9469 AUPRC=0.7995 BalAcc=0.8857 F1=0.6332 MCC=0.6128
Epoch 002 val  : loss=0.2380 AUROC=0.9586 AUPRC=0.6012 BalAcc=0.9020 F1=0.2092 MCC=0.3074
  learning_rate_used=2.999e-04; learning_rate_next=2.997e-04; elapsed=590.0s
  saved new best checkpoint: /data/projects/SFB_A03/jan/AT_TFBS/human301/runs/CTCF/multitf_20261006_033507_932031_base_seed2/best_model.pt (objective=classification-auprc, score=0.601205)
  negatives seen=30.0%; hard negatives=0
Epoch 003 train: loss=0.4825 AUROC=0.9554 AUPRC=0.8235 BalAcc=0.8967 F1=0.6587 MCC=0.6398
Epoch 003 val  : loss=0.1778 AUROC=0.9605 AUPRC=0.6161 BalAcc=0.9045 F1=0.2703 MCC=0.3587
  learning_rate_used=2.997e-04; learning_rate_next=2.993e-04; elapsed=587.2s
  saved new best checkpoint: /data/projects/SFB_A03/jan/AT_TFBS/human301/runs/CTCF/multitf_20261006_033507_932031_base_seed2/best_model.pt (objective=classification-auprc, score=0.616117)
  negatives seen=40.0%; hard negatives=0
Epoch 004 train: loss=0.4605 AUROC=0.9595 AUPRC=0.8371 BalAcc=0.9037 F1=0.6763 MCC=0.6582
Epoch 004 val  : loss=0.1879 AUROC=0.9638 AUPRC=0.6197 BalAcc=0.9088 F1=0.2574 MCC=0.3499
  learning_rate_used=2.993e-04; learning_rate_next=2.988e-04; elapsed=585.7s
  saved new best checkpoint: /data/projects/SFB_A03/jan/AT_TFBS/human301/runs/CTCF/multitf_20261006_033507_932031_base_seed2/best_model.pt (objective=classification-auprc, score=0.619673)
  negatives seen=50.0%; hard negatives=0
Epoch 005 train: loss=0.4424 AUROC=0.9625 AUPRC=0.8467 BalAcc=0.9072 F1=0.6842 MCC=0.6666
Epoch 005 val  : loss=0.1876 AUROC=0.9656 AUPRC=0.6267 BalAcc=0.9112 F1=0.2486 MCC=0.3436
  learning_rate_used=2.988e-04; learning_rate_next=2.982e-04; elapsed=582.2s
  saved new best checkpoint: /data/projects/SFB_A03/jan/AT_TFBS/human301/runs/CTCF/multitf_20261006_033507_932031_base_seed2/best_model.pt (objective=classification-auprc, score=0.626681)
  negatives seen=60.0%; hard negatives=0
Epoch 006 train: loss=0.4338 AUROC=0.9640 AUPRC=0.8520 BalAcc=0.9101 F1=0.6943 MCC=0.6767
Epoch 006 val  : loss=0.1907 AUROC=0.9661 AUPRC=0.6376 BalAcc=0.9144 F1=0.2511 MCC=0.3469
  learning_rate_used=2.982e-04; learning_rate_next=2.974e-04; elapsed=579.8s
  saved new best checkpoint: /data/projects/SFB_A03/jan/AT_TFBS/human301/runs/CTCF/multitf_20261006_033507_932031_base_seed2/best_model.pt (objective=classification-auprc, score=0.637594)
  negatives seen=70.0%; hard negatives=0
Epoch 007 train: loss=0.4213 AUROC=0.9659 AUPRC=0.8584 BalAcc=0.9128 F1=0.7025 MCC=0.6852
Epoch 007 val  : loss=0.1492 AUROC=0.9663 AUPRC=0.6524 BalAcc=0.9104 F1=0.3054 MCC=0.3889
  learning_rate_used=2.974e-04; learning_rate_next=2.964e-04; elapsed=582.0s
  saved new best checkpoint: /data/projects/SFB_A03/jan/AT_TFBS/human301/runs/CTCF/multitf_20261006_033507_932031_base_seed2/best_model.pt (objective=classification-auprc, score=0.652423)
  negatives seen=80.0%; hard negatives=0
Epoch 008 train: loss=0.4170 AUROC=0.9666 AUPRC=0.8608 BalAcc=0.9145 F1=0.7064 MCC=0.6893
Epoch 008 val  : loss=0.1568 AUROC=0.9675 AUPRC=0.6491 BalAcc=0.9068 F1=0.3443 MCC=0.4179
  learning_rate_used=2.964e-04; learning_rate_next=2.953e-04; elapsed=581.5s
  negatives seen=90.0%; hard negatives=0
Epoch 009 train: loss=0.4115 AUROC=0.9674 AUPRC=0.8638 BalAcc=0.9157 F1=0.7124 MCC=0.6952
Epoch 009 val  : loss=0.1578 AUROC=0.9670 AUPRC=0.6562 BalAcc=0.9089 F1=0.3377 MCC=0.4136
  learning_rate_used=2.953e-04; learning_rate_next=2.941e-04; elapsed=581.9s
  saved new best checkpoint: /data/projects/SFB_A03/jan/AT_TFBS/human301/runs/CTCF/multitf_20261006_033507_932031_base_seed2/best_model.pt (objective=classification-auprc, score=0.656172)
  negatives seen=100.0%; hard negatives=0
Epoch 010 train: loss=0.4046 AUROC=0.9684 AUPRC=0.8665 BalAcc=0.9167 F1=0.7142 MCC=0.6972
Epoch 010 val  : loss=0.1627 AUROC=0.9684 AUPRC=0.6641 BalAcc=0.9147 F1=0.3083 MCC=0.3929
  learning_rate_used=2.941e-04; learning_rate_next=2.927e-04; elapsed=582.3s
  saved new best checkpoint: /data/projects/SFB_A03/jan/AT_TFBS/human301/runs/CTCF/multitf_20261006_033507_932031_base_seed2/best_model.pt (objective=classification-auprc, score=0.664106)
  negatives seen=100.0%; hard negatives=0
Epoch 011 train: loss=0.4024 AUROC=0.9686 AUPRC=0.8684 BalAcc=0.9177 F1=0.7179 MCC=0.7010
Epoch 011 val  : loss=0.1335 AUROC=0.9685 AUPRC=0.6563 BalAcc=0.9049 F1=0.3697 MCC=0.4368
  learning_rate_used=2.927e-04; learning_rate_next=2.912e-04; elapsed=585.7s
  negatives seen=100.0%; hard negatives=0
Epoch 012 train: loss=0.3968 AUROC=0.9696 AUPRC=0.8717 BalAcc=0.9190 F1=0.7209 MCC=0.7042
Epoch 012 val  : loss=0.1479 AUROC=0.9688 AUPRC=0.6632 BalAcc=0.9137 F1=0.3118 MCC=0.3953
  learning_rate_used=2.912e-04; learning_rate_next=2.895e-04; elapsed=592.2s
  negatives seen=100.0%; hard negatives=0
Epoch 013 train: loss=0.3918 AUROC=0.9702 AUPRC=0.8731 BalAcc=0.9204 F1=0.7244 MCC=0.7079
Epoch 013 val  : loss=0.1161 AUROC=0.9678 AUPRC=0.6381 BalAcc=0.8894 F1=0.4212 MCC=0.4702
  learning_rate_used=2.895e-04; learning_rate_next=2.877e-04; elapsed=583.4s
  negatives seen=100.0%; hard negatives=0
Epoch 014 train: loss=0.3916 AUROC=0.9703 AUPRC=0.8741 BalAcc=0.9205 F1=0.7243 MCC=0.7078
Epoch 014 val  : loss=0.1262 AUROC=0.9685 AUPRC=0.6585 BalAcc=0.9054 F1=0.3708 MCC=0.4378
  learning_rate_used=2.877e-04; learning_rate_next=2.858e-04; elapsed=587.0s
  negatives seen=100.0%; hard negatives=0
Epoch 015 train: loss=0.3859 AUROC=0.9712 AUPRC=0.8767 BalAcc=0.9212 F1=0.7283 MCC=0.7117
Epoch 015 val  : loss=0.1592 AUROC=0.9689 AUPRC=0.6647 BalAcc=0.9166 F1=0.2931 MCC=0.3816
  learning_rate_used=2.858e-04; learning_rate_next=2.837e-04; elapsed=591.0s
  saved new best checkpoint: /data/projects/SFB_A03/jan/AT_TFBS/human301/runs/CTCF/multitf_20261006_033507_932031_base_seed2/best_model.pt (objective=classification-auprc, score=0.664693)
  negatives seen=100.0%; hard negatives=0
Epoch 016 train: loss=0.3822 AUROC=0.9717 AUPRC=0.8780 BalAcc=0.9229 F1=0.7312 MCC=0.7150
Epoch 016 val  : loss=0.1541 AUROC=0.9697 AUPRC=0.6610 BalAcc=0.9173 F1=0.3033 MCC=0.3900
  learning_rate_used=2.837e-04; learning_rate_next=2.815e-04; elapsed=590.2s
  negatives seen=100.0%; hard negatives=0
Epoch 017 train: loss=0.3777 AUROC=0.9723 AUPRC=0.8804 BalAcc=0.9235 F1=0.7345 MCC=0.7182
Epoch 017 val  : loss=0.1684 AUROC=0.9701 AUPRC=0.6709 BalAcc=0.9203 F1=0.2749 MCC=0.3685
  learning_rate_used=2.815e-04; learning_rate_next=2.792e-04; elapsed=587.6s
  saved new best checkpoint: /data/projects/SFB_A03/jan/AT_TFBS/human301/runs/CTCF/multitf_20261006_033507_932031_base_seed2/best_model.pt (objective=classification-auprc, score=0.670904)
  negatives seen=100.0%; hard negatives=0
Epoch 018 train: loss=0.3765 AUROC=0.9725 AUPRC=0.8802 BalAcc=0.9239 F1=0.7361 MCC=0.7198
Epoch 018 val  : loss=0.1327 AUROC=0.9695 AUPRC=0.6752 BalAcc=0.9074 F1=0.3826 MCC=0.4478
  learning_rate_used=2.792e-04; learning_rate_next=2.767e-04; elapsed=591.1s
  saved new best checkpoint: /data/projects/SFB_A03/jan/AT_TFBS/human301/runs/CTCF/multitf_20261006_033507_932031_base_seed2/best_model.pt (objective=classification-auprc, score=0.675187)
  negatives seen=100.0%; hard negatives=0
Epoch 019 train: loss=0.3768 AUROC=0.9726 AUPRC=0.8804 BalAcc=0.9237 F1=0.7363 MCC=0.7200
Epoch 019 val  : loss=0.1099 AUROC=0.9692 AUPRC=0.6677 BalAcc=0.8919 F1=0.4574 MCC=0.4994
  learning_rate_used=2.767e-04; learning_rate_next=2.741e-04; elapsed=591.7s
  negatives seen=100.0%; hard negatives=0
Epoch 020 train: loss=0.3727 AUROC=0.9732 AUPRC=0.8826 BalAcc=0.9246 F1=0.7367 MCC=0.7206
Epoch 020 val  : loss=0.1255 AUROC=0.9703 AUPRC=0.6749 BalAcc=0.9118 F1=0.3604 MCC=0.4324
  learning_rate_used=2.741e-04; learning_rate_next=2.714e-04; elapsed=588.6s
  negatives seen=100.0%; hard negatives=0
Epoch 021 train: loss=0.3706 AUROC=0.9735 AUPRC=0.8831 BalAcc=0.9256 F1=0.7404 MCC=0.7243
Epoch 021 val  : loss=0.1134 AUROC=0.9691 AUPRC=0.6729 BalAcc=0.8944 F1=0.4501 MCC=0.4946
  learning_rate_used=2.714e-04; learning_rate_next=2.686e-04; elapsed=591.0s
  negatives seen=100.0%; hard negatives=0
Epoch 022 train: loss=0.3680 AUROC=0.9737 AUPRC=0.8848 BalAcc=0.9257 F1=0.7409 MCC=0.7249
Epoch 022 val  : loss=0.1261 AUROC=0.9684 AUPRC=0.6696 BalAcc=0.9054 F1=0.3914 MCC=0.4537
  learning_rate_used=2.686e-04; learning_rate_next=2.657e-04; elapsed=589.9s
  negatives seen=100.0%; hard negatives=0
Epoch 023 train: loss=0.3644 AUROC=0.9742 AUPRC=0.8861 BalAcc=0.9271 F1=0.7466 MCC=0.7306
Epoch 023 val  : loss=0.1679 AUROC=0.9686 AUPRC=0.6742 BalAcc=0.9182 F1=0.2947 MCC=0.3835
  learning_rate_used=2.657e-04; learning_rate_next=2.626e-04; elapsed=590.1s
  negatives seen=100.0%; hard negatives=0
Epoch 024 train: loss=0.3616 AUROC=0.9746 AUPRC=0.8876 BalAcc=0.9276 F1=0.7469 MCC=0.7311
Epoch 024 val  : loss=0.1140 AUROC=0.9698 AUPRC=0.6757 BalAcc=0.9010 F1=0.4249 MCC=0.4778
  learning_rate_used=2.626e-04; learning_rate_next=2.595e-04; elapsed=587.8s
  saved new best checkpoint: /data/projects/SFB_A03/jan/AT_TFBS/human301/runs/CTCF/multitf_20261006_033507_932031_base_seed2/best_model.pt (objective=classification-auprc, score=0.675739)
  negatives seen=100.0%; hard negatives=0
Epoch 025 train: loss=0.3625 AUROC=0.9749 AUPRC=0.8855 BalAcc=0.9270 F1=0.7430 MCC=0.7272
Epoch 025 val  : loss=0.1493 AUROC=0.9667 AUPRC=0.6690 BalAcc=0.9123 F1=0.3529 MCC=0.4267
  learning_rate_used=2.595e-04; learning_rate_next=2.562e-04; elapsed=584.1s
  negatives seen=100.0%; hard negatives=0
Epoch 026 train: loss=0.3589 AUROC=0.9753 AUPRC=0.8877 BalAcc=0.9279 F1=0.7477 MCC=0.7319
Epoch 026 val  : loss=0.1130 AUROC=0.9701 AUPRC=0.6732 BalAcc=0.8987 F1=0.4266 MCC=0.4781
  learning_rate_used=2.562e-04; learning_rate_next=2.528e-04; elapsed=584.9s
  negatives seen=100.0%; hard negatives=0
Epoch 027 train: loss=0.3573 AUROC=0.9755 AUPRC=0.8893 BalAcc=0.9287 F1=0.7527 MCC=0.7368
Epoch 027 val  : loss=0.1166 AUROC=0.9707 AUPRC=0.6802 BalAcc=0.9057 F1=0.4055 MCC=0.4647
  learning_rate_used=2.528e-04; learning_rate_next=2.494e-04; elapsed=583.3s
  saved new best checkpoint: /data/projects/SFB_A03/jan/AT_TFBS/human301/runs/CTCF/multitf_20261006_033507_932031_base_seed2/best_model.pt (objective=classification-auprc, score=0.680169)
  negatives seen=100.0%; hard negatives=0
Epoch 028 train: loss=0.3549 AUROC=0.9759 AUPRC=0.8899 BalAcc=0.9288 F1=0.7511 MCC=0.7354
Epoch 028 val  : loss=0.1231 AUROC=0.9697 AUPRC=0.6698 BalAcc=0.9035 F1=0.4004 MCC=0.4599
  learning_rate_used=2.494e-04; learning_rate_next=2.458e-04; elapsed=585.5s
  negatives seen=100.0%; hard negatives=0
Epoch 029 train: loss=0.3512 AUROC=0.9763 AUPRC=0.8914 BalAcc=0.9295 F1=0.7539 MCC=0.7382
Epoch 029 val  : loss=0.1428 AUROC=0.9692 AUPRC=0.6740 BalAcc=0.9133 F1=0.3556 MCC=0.4293
  learning_rate_used=2.458e-04; learning_rate_next=2.421e-04; elapsed=585.4s
  negatives seen=100.0%; hard negatives=0
Epoch 030 train: loss=0.3500 AUROC=0.9767 AUPRC=0.8921 BalAcc=0.9300 F1=0.7536 MCC=0.7381
Epoch 030 val  : loss=0.1493 AUROC=0.9693 AUPRC=0.6786 BalAcc=0.9160 F1=0.3372 MCC=0.4160
  learning_rate_used=2.421e-04; learning_rate_next=2.384e-04; elapsed=582.9s
  negatives seen=100.0%; hard negatives=0
Epoch 031 train: loss=0.3480 AUROC=0.9768 AUPRC=0.8929 BalAcc=0.9304 F1=0.7565 MCC=0.7409
Epoch 031 val  : loss=0.1335 AUROC=0.9689 AUPRC=0.6793 BalAcc=0.9124 F1=0.3666 MCC=0.4374
  learning_rate_used=2.384e-04; learning_rate_next=2.345e-04; elapsed=583.3s
  negatives seen=100.0%; hard negatives=0
Epoch 032 train: loss=0.3469 AUROC=0.9769 AUPRC=0.8932 BalAcc=0.9311 F1=0.7583 MCC=0.7428
Epoch 032 val  : loss=0.1410 AUROC=0.9700 AUPRC=0.6789 BalAcc=0.9141 F1=0.3505 MCC=0.4256
  learning_rate_used=2.345e-04; learning_rate_next=2.306e-04; elapsed=584.1s
  negatives seen=100.0%; hard negatives=0
Epoch 033 train: loss=0.3455 AUROC=0.9773 AUPRC=0.8935 BalAcc=0.9308 F1=0.7563 MCC=0.7409
Epoch 033 val  : loss=0.1215 AUROC=0.9700 AUPRC=0.6795 BalAcc=0.9092 F1=0.3852 MCC=0.4504
  learning_rate_used=2.306e-04; learning_rate_next=2.266e-04; elapsed=585.7s
  negatives seen=100.0%; hard negatives=0
Epoch 034 train: loss=0.3415 AUROC=0.9779 AUPRC=0.8955 BalAcc=0.9318 F1=0.7611 MCC=0.7457
Epoch 034 val  : loss=0.1260 AUROC=0.9698 AUPRC=0.6809 BalAcc=0.9109 F1=0.3813 MCC=0.4482
  learning_rate_used=2.266e-04; learning_rate_next=2.225e-04; elapsed=582.7s
  saved new best checkpoint: /data/projects/SFB_A03/jan/AT_TFBS/human301/runs/CTCF/multitf_20261006_033507_932031_base_seed2/best_model.pt (objective=classification-auprc, score=0.680872)
  negatives seen=100.0%; hard negatives=0
Epoch 035 train: loss=0.3419 AUROC=0.9777 AUPRC=0.8961 BalAcc=0.9314 F1=0.7610 MCC=0.7455
Epoch 035 val  : loss=0.1132 AUROC=0.9697 AUPRC=0.6817 BalAcc=0.9015 F1=0.4335 MCC=0.4846
  learning_rate_used=2.225e-04; learning_rate_next=2.184e-04; elapsed=584.1s
  saved new best checkpoint: /data/projects/SFB_A03/jan/AT_TFBS/human301/runs/CTCF/multitf_20261006_033507_932031_base_seed2/best_model.pt (objective=classification-auprc, score=0.681674)
  negatives seen=100.0%; hard negatives=0
Epoch 036 train: loss=0.3400 AUROC=0.9779 AUPRC=0.8961 BalAcc=0.9324 F1=0.7624 MCC=0.7471
Epoch 036 val  : loss=0.1437 AUROC=0.9679 AUPRC=0.6764 BalAcc=0.9115 F1=0.3491 MCC=0.4235
  learning_rate_used=2.184e-04; learning_rate_next=2.142e-04; elapsed=587.2s
  negatives seen=100.0%; hard negatives=0
Epoch 037 train: loss=0.3366 AUROC=0.9787 AUPRC=0.8970 BalAcc=0.9328 F1=0.7659 MCC=0.7505
Epoch 037 val  : loss=0.1576 AUROC=0.9690 AUPRC=0.6803 BalAcc=0.9190 F1=0.3141 MCC=0.3991
  learning_rate_used=2.142e-04; learning_rate_next=2.099e-04; elapsed=584.0s
  negatives seen=100.0%; hard negatives=0
Epoch 038 train: loss=0.3350 AUROC=0.9787 AUPRC=0.8975 BalAcc=0.9336 F1=0.7665 MCC=0.7513
Epoch 038 val  : loss=0.1234 AUROC=0.9703 AUPRC=0.6828 BalAcc=0.9095 F1=0.3835 MCC=0.4493
  learning_rate_used=2.099e-04; learning_rate_next=2.055e-04; elapsed=584.4s
  saved new best checkpoint: /data/projects/SFB_A03/jan/AT_TFBS/human301/runs/CTCF/multitf_20261006_033507_932031_base_seed2/best_model.pt (objective=classification-auprc, score=0.682781)
  negatives seen=100.0%; hard negatives=0
Epoch 039 train: loss=0.3330 AUROC=0.9791 AUPRC=0.8981 BalAcc=0.9340 F1=0.7660 MCC=0.7509
Epoch 039 val  : loss=0.1274 AUROC=0.9701 AUPRC=0.6832 BalAcc=0.9124 F1=0.3677 MCC=0.4383
  learning_rate_used=2.055e-04; learning_rate_next=2.011e-04; elapsed=583.6s
  saved new best checkpoint: /data/projects/SFB_A03/jan/AT_TFBS/human301/runs/CTCF/multitf_20261006_033507_932031_base_seed2/best_model.pt (objective=classification-auprc, score=0.683205)
  negatives seen=100.0%; hard negatives=0
Epoch 040 train: loss=0.3307 AUROC=0.9795 AUPRC=0.8998 BalAcc=0.9348 F1=0.7697 MCC=0.7547
Epoch 040 val  : loss=0.1389 AUROC=0.9696 AUPRC=0.6837 BalAcc=0.9151 F1=0.3523 MCC=0.4274
  learning_rate_used=2.011e-04; learning_rate_next=1.967e-04; elapsed=581.4s
  saved new best checkpoint: /data/projects/SFB_A03/jan/AT_TFBS/human301/runs/CTCF/multitf_20261006_033507_932031_base_seed2/best_model.pt (objective=classification-auprc, score=0.683708)
  negatives seen=100.0%; hard negatives=0
Epoch 041 train: loss=0.3290 AUROC=0.9797 AUPRC=0.8998 BalAcc=0.9348 F1=0.7702 MCC=0.7552
Epoch 041 val  : loss=0.1295 AUROC=0.9684 AUPRC=0.6760 BalAcc=0.9079 F1=0.3818 MCC=0.4473
  learning_rate_used=1.967e-04; learning_rate_next=1.922e-04; elapsed=582.6s
  negatives seen=100.0%; hard negatives=0
Epoch 042 train: loss=0.3278 AUROC=0.9797 AUPRC=0.9013 BalAcc=0.9351 F1=0.7732 MCC=0.7581
Epoch 042 val  : loss=0.1137 AUROC=0.9699 AUPRC=0.6835 BalAcc=0.9048 F1=0.4200 MCC=0.4756
  learning_rate_used=1.922e-04; learning_rate_next=1.877e-04; elapsed=583.0s
  negatives seen=100.0%; hard negatives=0
Epoch 043 train: loss=0.3258 AUROC=0.9802 AUPRC=0.9021 BalAcc=0.9350 F1=0.7707 MCC=0.7557
Epoch 043 val  : loss=0.1256 AUROC=0.9690 AUPRC=0.6793 BalAcc=0.9081 F1=0.3842 MCC=0.4493
  learning_rate_used=1.877e-04; learning_rate_next=1.831e-04; elapsed=581.7s
  negatives seen=100.0%; hard negatives=0
Epoch 044 train: loss=0.3232 AUROC=0.9804 AUPRC=0.9027 BalAcc=0.9360 F1=0.7745 MCC=0.7596
Epoch 044 val  : loss=0.1259 AUROC=0.9681 AUPRC=0.6757 BalAcc=0.9055 F1=0.3977 MCC=0.4586
  learning_rate_used=1.831e-04; learning_rate_next=1.785e-04; elapsed=583.8s
  negatives seen=100.0%; hard negatives=0
Epoch 045 train: loss=0.3198 AUROC=0.9810 AUPRC=0.9033 BalAcc=0.9361 F1=0.7738 MCC=0.7590
Epoch 045 val  : loss=0.1131 AUROC=0.9694 AUPRC=0.6829 BalAcc=0.9021 F1=0.4330 MCC=0.4845
  learning_rate_used=1.785e-04; learning_rate_next=1.739e-04; elapsed=582.9s
  negatives seen=100.0%; hard negatives=0
Epoch 046 train: loss=0.3174 AUROC=0.9815 AUPRC=0.9042 BalAcc=0.9366 F1=0.7769 MCC=0.7620
Epoch 046 val  : loss=0.1127 AUROC=0.9677 AUPRC=0.6788 BalAcc=0.8959 F1=0.4519 MCC=0.4966
  learning_rate_used=1.739e-04; learning_rate_next=1.692e-04; elapsed=585.7s
  negatives seen=100.0%; hard negatives=0
Epoch 047 train: loss=0.3193 AUROC=0.9812 AUPRC=0.9036 BalAcc=0.9366 F1=0.7759 MCC=0.7611
Epoch 047 val  : loss=0.1258 AUROC=0.9692 AUPRC=0.6832 BalAcc=0.9114 F1=0.3747 MCC=0.4433
  learning_rate_used=1.692e-04; learning_rate_next=1.646e-04; elapsed=587.6s
  negatives seen=100.0%; hard negatives=0
Epoch 048 train: loss=0.3159 AUROC=0.9817 AUPRC=0.9053 BalAcc=0.9380 F1=0.7808 MCC=0.7662
Epoch 048 val  : loss=0.1299 AUROC=0.9657 AUPRC=0.6719 BalAcc=0.9002 F1=0.4049 MCC=0.4620
  learning_rate_used=1.646e-04; learning_rate_next=1.599e-04; elapsed=585.8s
  negatives seen=100.0%; hard negatives=0
Epoch 049 train: loss=0.3125 AUROC=0.9819 AUPRC=0.9070 BalAcc=0.9384 F1=0.7807 MCC=0.7661
Epoch 049 val  : loss=0.1180 AUROC=0.9695 AUPRC=0.6842 BalAcc=0.9071 F1=0.3953 MCC=0.4574
  learning_rate_used=1.599e-04; learning_rate_next=1.552e-04; elapsed=588.9s
  saved new best checkpoint: /data/projects/SFB_A03/jan/AT_TFBS/human301/runs/CTCF/multitf_20261006_033507_932031_base_seed2/best_model.pt (objective=classification-auprc, score=0.684188)
  negatives seen=100.0%; hard negatives=0
Epoch 050 train: loss=0.3107 AUROC=0.9824 AUPRC=0.9076 BalAcc=0.9386 F1=0.7825 MCC=0.7679
Epoch 050 val  : loss=0.1274 AUROC=0.9684 AUPRC=0.6803 BalAcc=0.9089 F1=0.3873 MCC=0.4520
  learning_rate_used=1.552e-04; learning_rate_next=1.505e-04; elapsed=588.9s
  negatives seen=100.0%; hard negatives=0
Epoch 051 train: loss=0.3095 AUROC=0.9825 AUPRC=0.9081 BalAcc=0.9388 F1=0.7852 MCC=0.7706
Epoch 051 val  : loss=0.1186 AUROC=0.9695 AUPRC=0.6836 BalAcc=0.9051 F1=0.4081 MCC=0.4665
  learning_rate_used=1.505e-04; learning_rate_next=1.458e-04; elapsed=589.6s
  negatives seen=100.0%; hard negatives=0
Epoch 052 train: loss=0.3073 AUROC=0.9828 AUPRC=0.9087 BalAcc=0.9390 F1=0.7841 MCC=0.7696
Epoch 052 val  : loss=0.1134 AUROC=0.9674 AUPRC=0.6843 BalAcc=0.8987 F1=0.4436 MCC=0.4913
  learning_rate_used=1.458e-04; learning_rate_next=1.411e-04; elapsed=589.2s
  negatives seen=100.0%; hard negatives=0
Epoch 053 train: loss=0.3068 AUROC=0.9829 AUPRC=0.9085 BalAcc=0.9390 F1=0.7834 MCC=0.7689
Epoch 053 val  : loss=0.1164 AUROC=0.9691 AUPRC=0.6830 BalAcc=0.9046 F1=0.4154 MCC=0.4719
  learning_rate_used=1.411e-04; learning_rate_next=1.364e-04; elapsed=590.1s
  negatives seen=100.0%; hard negatives=0
Epoch 054 train: loss=0.3015 AUROC=0.9834 AUPRC=0.9106 BalAcc=0.9402 F1=0.7878 MCC=0.7734
Epoch 054 val  : loss=0.1299 AUROC=0.9676 AUPRC=0.6827 BalAcc=0.9115 F1=0.3733 MCC=0.4422
  learning_rate_used=1.364e-04; learning_rate_next=1.318e-04; elapsed=589.3s
  negatives seen=100.0%; hard negatives=0
Epoch 055 train: loss=0.3010 AUROC=0.9834 AUPRC=0.9107 BalAcc=0.9410 F1=0.7896 MCC=0.7754
Epoch 055 val  : loss=0.1171 AUROC=0.9680 AUPRC=0.6802 BalAcc=0.9010 F1=0.4285 MCC=0.4805
  learning_rate_used=1.318e-04; learning_rate_next=1.271e-04; elapsed=590.4s
  negatives seen=100.0%; hard negatives=0
Epoch 056 train: loss=0.2997 AUROC=0.9838 AUPRC=0.9114 BalAcc=0.9408 F1=0.7900 MCC=0.7757
Epoch 056 val  : loss=0.1133 AUROC=0.9676 AUPRC=0.6828 BalAcc=0.8999 F1=0.4392 MCC=0.4884
  learning_rate_used=1.271e-04; learning_rate_next=1.225e-04; elapsed=586.4s
  negatives seen=100.0%; hard negatives=0
Epoch 057 train: loss=0.2988 AUROC=0.9838 AUPRC=0.9113 BalAcc=0.9414 F1=0.7919 MCC=0.7777
Epoch 057 val  : loss=0.1208 AUROC=0.9690 AUPRC=0.6845 BalAcc=0.9091 F1=0.3938 MCC=0.4570
  learning_rate_used=1.225e-04; learning_rate_next=1.179e-04; elapsed=589.0s
  saved new best checkpoint: /data/projects/SFB_A03/jan/AT_TFBS/human301/runs/CTCF/multitf_20261006_033507_932031_base_seed2/best_model.pt (objective=classification-auprc, score=0.684548)
  negatives seen=100.0%; hard negatives=0
Epoch 058 train: loss=0.2968 AUROC=0.9840 AUPRC=0.9116 BalAcc=0.9418 F1=0.7923 MCC=0.7782
Epoch 058 val  : loss=0.1149 AUROC=0.9682 AUPRC=0.6827 BalAcc=0.9024 F1=0.4322 MCC=0.4840
  learning_rate_used=1.179e-04; learning_rate_next=1.133e-04; elapsed=587.6s
  negatives seen=100.0%; hard negatives=0
Epoch 059 train: loss=0.2933 AUROC=0.9846 AUPRC=0.9132 BalAcc=0.9417 F1=0.7921 MCC=0.7779
Epoch 059 val  : loss=0.1113 AUROC=0.9667 AUPRC=0.6783 BalAcc=0.8921 F1=0.4656 MCC=0.5058
  learning_rate_used=1.133e-04; learning_rate_next=1.088e-04; elapsed=586.4s
  negatives seen=100.0%; hard negatives=0
Epoch 060 train: loss=0.2923 AUROC=0.9846 AUPRC=0.9134 BalAcc=0.9427 F1=0.7970 MCC=0.7829
Epoch 060 val  : loss=0.1345 AUROC=0.9640 AUPRC=0.6761 BalAcc=0.9047 F1=0.3868 MCC=0.4499
  learning_rate_used=1.088e-04; learning_rate_next=1.043e-04; elapsed=588.6s
  negatives seen=100.0%; hard negatives=0
Epoch 061 train: loss=0.2908 AUROC=0.9849 AUPRC=0.9146 BalAcc=0.9423 F1=0.7959 MCC=0.7818
Epoch 061 val  : loss=0.1234 AUROC=0.9676 AUPRC=0.6806 BalAcc=0.9071 F1=0.3954 MCC=0.4575
  learning_rate_used=1.043e-04; learning_rate_next=9.986e-05; elapsed=589.6s
  negatives seen=100.0%; hard negatives=0
Epoch 062 train: loss=0.2894 AUROC=0.9850 AUPRC=0.9142 BalAcc=0.9436 F1=0.7972 MCC=0.7834
Epoch 062 val  : loss=0.1239 AUROC=0.9675 AUPRC=0.6810 BalAcc=0.9056 F1=0.3996 MCC=0.4601
  learning_rate_used=9.986e-05; learning_rate_next=9.547e-05; elapsed=589.7s
  negatives seen=100.0%; hard negatives=0
Epoch 063 train: loss=0.2861 AUROC=0.9854 AUPRC=0.9157 BalAcc=0.9439 F1=0.8003 MCC=0.7865
Epoch 063 val  : loss=0.1091 AUROC=0.9668 AUPRC=0.6807 BalAcc=0.8895 F1=0.4799 MCC=0.5160
  learning_rate_used=9.547e-05; learning_rate_next=9.113e-05; elapsed=589.1s
  negatives seen=100.0%; hard negatives=0
Epoch 064 train: loss=0.2847 AUROC=0.9856 AUPRC=0.9161 BalAcc=0.9443 F1=0.8009 MCC=0.7871
Epoch 064 val  : loss=0.1198 AUROC=0.9657 AUPRC=0.6781 BalAcc=0.8993 F1=0.4250 MCC=0.4772
  learning_rate_used=9.113e-05; learning_rate_next=8.685e-05; elapsed=590.6s
  negatives seen=100.0%; hard negatives=0
Epoch 065 train: loss=0.2839 AUROC=0.9856 AUPRC=0.9164 BalAcc=0.9444 F1=0.8000 MCC=0.7862
Epoch 065 val  : loss=0.1164 AUROC=0.9664 AUPRC=0.6785 BalAcc=0.8987 F1=0.4344 MCC=0.4842
  learning_rate_used=8.685e-05; learning_rate_next=8.263e-05; elapsed=591.9s
  negatives seen=100.0%; hard negatives=0
Epoch 066 train: loss=0.2828 AUROC=0.9857 AUPRC=0.9169 BalAcc=0.9447 F1=0.8020 MCC=0.7883
Epoch 066 val  : loss=0.1201 AUROC=0.9671 AUPRC=0.6829 BalAcc=0.9045 F1=0.4121 MCC=0.4693
  learning_rate_used=8.263e-05; learning_rate_next=7.848e-05; elapsed=592.2s
  negatives seen=100.0%; hard negatives=0
Epoch 067 train: loss=0.2821 AUROC=0.9860 AUPRC=0.9178 BalAcc=0.9446 F1=0.8024 MCC=0.7887
Epoch 067 val  : loss=0.1093 AUROC=0.9671 AUPRC=0.6831 BalAcc=0.8805 F1=0.5190 MCC=0.5436
  learning_rate_used=7.848e-05; learning_rate_next=7.440e-05; elapsed=590.5s
  negatives seen=100.0%; hard negatives=0
Epoch 068 train: loss=0.2788 AUROC=0.9862 AUPRC=0.9179 BalAcc=0.9454 F1=0.8036 MCC=0.7900
Epoch 068 val  : loss=0.1165 AUROC=0.9667 AUPRC=0.6764 BalAcc=0.8965 F1=0.4359 MCC=0.4845
  learning_rate_used=7.440e-05; learning_rate_next=7.039e-05; elapsed=583.9s
  negatives seen=100.0%; hard negatives=0
Epoch 069 train: loss=0.2795 AUROC=0.9862 AUPRC=0.9183 BalAcc=0.9454 F1=0.8036 MCC=0.7900
Epoch 069 val  : loss=0.1190 AUROC=0.9666 AUPRC=0.6815 BalAcc=0.9016 F1=0.4195 MCC=0.4739
  learning_rate_used=7.039e-05; learning_rate_next=6.647e-05; elapsed=579.5s
  negatives seen=100.0%; hard negatives=0
Epoch 070 train: loss=0.2775 AUROC=0.9864 AUPRC=0.9192 BalAcc=0.9455 F1=0.8054 MCC=0.7918
Epoch 070 val  : loss=0.1287 AUROC=0.9652 AUPRC=0.6780 BalAcc=0.9050 F1=0.3945 MCC=0.4560
  learning_rate_used=6.647e-05; learning_rate_next=6.263e-05; elapsed=587.5s
  negatives seen=100.0%; hard negatives=0
Epoch 071 train: loss=0.2752 AUROC=0.9868 AUPRC=0.9210 BalAcc=0.9463 F1=0.8091 MCC=0.7956
Epoch 071 val  : loss=0.1109 AUROC=0.9675 AUPRC=0.6825 BalAcc=0.8927 F1=0.4730 MCC=0.5118
  learning_rate_used=6.263e-05; learning_rate_next=5.887e-05; elapsed=595.0s
  negatives seen=100.0%; hard negatives=0
Epoch 072 train: loss=0.2714 AUROC=0.9871 AUPRC=0.9205 BalAcc=0.9470 F1=0.8113 MCC=0.7979
Epoch 072 val  : loss=0.1160 AUROC=0.9670 AUPRC=0.6827 BalAcc=0.9003 F1=0.4370 MCC=0.4869
  learning_rate_used=5.887e-05; learning_rate_next=5.521e-05; elapsed=591.8s
  negatives seen=100.0%; hard negatives=0
Epoch 073 train: loss=0.2695 AUROC=0.9872 AUPRC=0.9217 BalAcc=0.9473 F1=0.8109 MCC=0.7976
Epoch 073 val  : loss=0.1136 AUROC=0.9663 AUPRC=0.6802 BalAcc=0.8955 F1=0.4562 MCC=0.4998
  learning_rate_used=5.521e-05; learning_rate_next=5.163e-05; elapsed=592.8s
  negatives seen=100.0%; hard negatives=0
Epoch 074 train: loss=0.2665 AUROC=0.9876 AUPRC=0.9225 BalAcc=0.9481 F1=0.8119 MCC=0.7988
Epoch 074 val  : loss=0.1254 AUROC=0.9661 AUPRC=0.6811 BalAcc=0.9056 F1=0.3991 MCC=0.4598
  learning_rate_used=5.163e-05; learning_rate_next=4.816e-05; elapsed=589.1s
  negatives seen=100.0%; hard negatives=0
Epoch 075 train: loss=0.2697 AUROC=0.9871 AUPRC=0.9220 BalAcc=0.9477 F1=0.8126 MCC=0.7994
Epoch 075 val  : loss=0.1176 AUROC=0.9645 AUPRC=0.6804 BalAcc=0.8973 F1=0.4404 MCC=0.4883
  learning_rate_used=4.816e-05; learning_rate_next=4.479e-05; elapsed=594.9s
  negatives seen=100.0%; hard negatives=0
Epoch 076 train: loss=0.2660 AUROC=0.9876 AUPRC=0.9220 BalAcc=0.9480 F1=0.8118 MCC=0.7986
Epoch 076 val  : loss=0.1140 AUROC=0.9652 AUPRC=0.6815 BalAcc=0.8943 F1=0.4590 MCC=0.5015
  learning_rate_used=4.479e-05; learning_rate_next=4.152e-05; elapsed=596.5s
  negatives seen=100.0%; hard negatives=0
Epoch 077 train: loss=0.2668 AUROC=0.9876 AUPRC=0.9230 BalAcc=0.9477 F1=0.8130 MCC=0.7997
Epoch 077 val  : loss=0.1169 AUROC=0.9663 AUPRC=0.6825 BalAcc=0.8998 F1=0.4366 MCC=0.4863
  learning_rate_used=4.152e-05; learning_rate_next=3.836e-05; elapsed=591.2s
Early stopping after 77 epochs.
Binary threshold: 0.981221 (strategy=val-mcc, validation_score=0.643231)
TEST chr10,chr12,chr14,chr16,chr18,chr2,chr20,chr22,chr4,chr6,chr8: loss=0.1486 AUROC=0.9664 AUPRC=0.6613 BalAcc=0.7896 F1=0.6213 MCC=0.6192
Outputs written to /data/projects/SFB_A03/jan/AT_TFBS/human301/runs/CTCF/multitf_20261006_033507_932031_base_seed2
Binary predictions: binary_classification_results.tsv
Binary metrics: binary_classification_metrics.json
ROC plot: roc_curve.png
Precision-recall plot: precision_recall_curve.png
Confusion matrix: binary_confusion_matrix.tsv
