TF=CTCF train=GHTS seed=5 model=hum301_motif64_local.py
/home/jbossenz/miniforge3/envs/at_env/bin/python -u /data/projects/SFB_A03/jan/AT_TFBS/human301/hum301_motif64_local.py train --cache /data/projects/SFB_A03/jan/AT_TFBS/raw_data/human/ArchThalia-ML/CTCF/GHTS/dataset.npz --output-dir /data/projects/SFB_A03/jan/AT_TFBS/human301/runs/CTCF/crossassay_archthalia_20261009_144503_1046783/GHTS_seed5 --input-length 256 --embed-channels 64 --encoder-channels 80 96 128 --heads 4 --ffn-channels 256 --classification-readout local-logsumexp --task-mode classification --checkpoint-objective classification-auprc --threshold-strategy val-mcc --negatives-per-positive 10 --batch-size 88 --hard-negative-fraction 0 --epochs 100 --patience 20 --learning-rate 0.0003 --min-learning-rate 0.000001 --weight-decay 0.0001 --dropout 0.1 --activation relu --reverse-complement-probability 0.5 --eval-crops multi --eval-rc --no-balanced-evaluation --eval-batch-size 128 --num-workers 2 --seed 5 --device cuda --skip-test
Window geometry: 256 bp from 301 bp; crop starts 0..45; shifts -22..+23; fresh uniform draw per access
Evaluation: crops (0, 22, 23, 45), reverse complement=True; all samples
train: n=1,092,921, positive=10,821, negative=1,082,100
  val: n=258,762, positive=2,562, negative=256,200
 test: n=1,122,514, positive=11,114, negative=1,111,400
Device: cuda
Hidden activation: RELU
Parameters: 1,032,981 total; 1,032,981 trainable
Architecture: motif kernels 9/12; encoder 128/64/64; original five-block bottleneck at 64; decoder 64/128/256
  negatives seen=10.0%; hard negatives=0
Epoch 001 train: loss=0.3240 AUROC=0.9819 AUPRC=0.9110 BalAcc=0.9333 F1=0.7752 MCC=0.7595
Epoch 001 val  : loss=0.0661 AUROC=0.9936 AUPRC=0.9005 BalAcc=0.9708 F1=0.5284 MCC=0.5857
  learning_rate_used=3.000e-04; learning_rate_next=2.999e-04; elapsed=121.3s
  saved new best checkpoint: /data/projects/SFB_A03/jan/AT_TFBS/human301/runs/CTCF/crossassay_archthalia_20261009_144503_1046783/GHTS_seed5/best_model.pt (objective=classification-auprc, score=0.900536)
  negatives seen=20.0%; hard negatives=0
Epoch 002 train: loss=0.1978 AUROC=0.9933 AUPRC=0.9669 BalAcc=0.9635 F1=0.8946 MCC=0.8849
Epoch 002 val  : loss=0.0583 AUROC=0.9955 AUPRC=0.9351 BalAcc=0.9805 F1=0.5638 MCC=0.6170
  learning_rate_used=2.999e-04; learning_rate_next=2.997e-04; elapsed=121.3s
  saved new best checkpoint: /data/projects/SFB_A03/jan/AT_TFBS/human301/runs/CTCF/crossassay_archthalia_20261009_144503_1046783/GHTS_seed5/best_model.pt (objective=classification-auprc, score=0.935145)
  negatives seen=30.0%; hard negatives=0
Epoch 003 train: loss=0.1634 AUROC=0.9951 AUPRC=0.9745 BalAcc=0.9706 F1=0.9116 MCC=0.9035
Epoch 003 val  : loss=0.0413 AUROC=0.9965 AUPRC=0.9442 BalAcc=0.9806 F1=0.6534 MCC=0.6877
  learning_rate_used=2.997e-04; learning_rate_next=2.993e-04; elapsed=121.6s
  saved new best checkpoint: /data/projects/SFB_A03/jan/AT_TFBS/human301/runs/CTCF/crossassay_archthalia_20261009_144503_1046783/GHTS_seed5/best_model.pt (objective=classification-auprc, score=0.944200)
  negatives seen=40.0%; hard negatives=0
Epoch 004 train: loss=0.1487 AUROC=0.9957 AUPRC=0.9790 BalAcc=0.9742 F1=0.9199 MCC=0.9125
Epoch 004 val  : loss=0.0360 AUROC=0.9960 AUPRC=0.9463 BalAcc=0.9790 F1=0.7270 MCC=0.7472
  learning_rate_used=2.993e-04; learning_rate_next=2.988e-04; elapsed=121.8s
  saved new best checkpoint: /data/projects/SFB_A03/jan/AT_TFBS/human301/runs/CTCF/crossassay_archthalia_20261009_144503_1046783/GHTS_seed5/best_model.pt (objective=classification-auprc, score=0.946254)
  negatives seen=50.0%; hard negatives=0
Epoch 005 train: loss=0.1394 AUROC=0.9960 AUPRC=0.9800 BalAcc=0.9758 F1=0.9233 MCC=0.9163
Epoch 005 val  : loss=0.0309 AUROC=0.9965 AUPRC=0.9416 BalAcc=0.9723 F1=0.7760 MCC=0.7869
  learning_rate_used=2.988e-04; learning_rate_next=2.982e-04; elapsed=121.8s
  negatives seen=60.0%; hard negatives=0
Epoch 006 train: loss=0.1307 AUROC=0.9966 AUPRC=0.9824 BalAcc=0.9777 F1=0.9315 MCC=0.9251
Epoch 006 val  : loss=0.0291 AUROC=0.9969 AUPRC=0.9490 BalAcc=0.9666 F1=0.8590 MCC=0.8604
  learning_rate_used=2.982e-04; learning_rate_next=2.974e-04; elapsed=120.8s
  saved new best checkpoint: /data/projects/SFB_A03/jan/AT_TFBS/human301/runs/CTCF/crossassay_archthalia_20261009_144503_1046783/GHTS_seed5/best_model.pt (objective=classification-auprc, score=0.949017)
  negatives seen=70.0%; hard negatives=0
Epoch 007 train: loss=0.1210 AUROC=0.9969 AUPRC=0.9837 BalAcc=0.9800 F1=0.9374 MCC=0.9315
Epoch 007 val  : loss=0.0290 AUROC=0.9966 AUPRC=0.9494 BalAcc=0.9691 F1=0.8596 MCC=0.8614
  learning_rate_used=2.974e-04; learning_rate_next=2.964e-04; elapsed=122.1s
  saved new best checkpoint: /data/projects/SFB_A03/jan/AT_TFBS/human301/runs/CTCF/crossassay_archthalia_20261009_144503_1046783/GHTS_seed5/best_model.pt (objective=classification-auprc, score=0.949407)
  negatives seen=80.0%; hard negatives=0
Epoch 008 train: loss=0.1174 AUROC=0.9970 AUPRC=0.9854 BalAcc=0.9810 F1=0.9404 MCC=0.9348
Epoch 008 val  : loss=0.0297 AUROC=0.9970 AUPRC=0.9536 BalAcc=0.9791 F1=0.7437 MCC=0.7613
  learning_rate_used=2.964e-04; learning_rate_next=2.953e-04; elapsed=120.9s
  saved new best checkpoint: /data/projects/SFB_A03/jan/AT_TFBS/human301/runs/CTCF/crossassay_archthalia_20261009_144503_1046783/GHTS_seed5/best_model.pt (objective=classification-auprc, score=0.953634)
  negatives seen=90.0%; hard negatives=0
Epoch 009 train: loss=0.1141 AUROC=0.9972 AUPRC=0.9864 BalAcc=0.9808 F1=0.9412 MCC=0.9357
Epoch 009 val  : loss=0.0282 AUROC=0.9974 AUPRC=0.9564 BalAcc=0.9819 F1=0.7608 MCC=0.7765
  learning_rate_used=2.953e-04; learning_rate_next=2.941e-04; elapsed=121.0s
  saved new best checkpoint: /data/projects/SFB_A03/jan/AT_TFBS/human301/runs/CTCF/crossassay_archthalia_20261009_144503_1046783/GHTS_seed5/best_model.pt (objective=classification-auprc, score=0.956434)
  negatives seen=100.0%; hard negatives=0
Epoch 010 train: loss=0.1089 AUROC=0.9974 AUPRC=0.9867 BalAcc=0.9820 F1=0.9439 MCC=0.9386
Epoch 010 val  : loss=0.0264 AUROC=0.9974 AUPRC=0.9547 BalAcc=0.9750 F1=0.8284 MCC=0.8338
  learning_rate_used=2.941e-04; learning_rate_next=2.927e-04; elapsed=119.8s
  negatives seen=100.0%; hard negatives=0
Epoch 011 train: loss=0.1062 AUROC=0.9977 AUPRC=0.9874 BalAcc=0.9818 F1=0.9448 MCC=0.9396
Epoch 011 val  : loss=0.0264 AUROC=0.9981 AUPRC=0.9567 BalAcc=0.9802 F1=0.7970 MCC=0.8072
  learning_rate_used=2.927e-04; learning_rate_next=2.912e-04; elapsed=120.4s
  saved new best checkpoint: /data/projects/SFB_A03/jan/AT_TFBS/human301/runs/CTCF/crossassay_archthalia_20261009_144503_1046783/GHTS_seed5/best_model.pt (objective=classification-auprc, score=0.956724)
  negatives seen=100.0%; hard negatives=0
Epoch 012 train: loss=0.1004 AUROC=0.9980 AUPRC=0.9890 BalAcc=0.9825 F1=0.9486 MCC=0.9437
Epoch 012 val  : loss=0.0292 AUROC=0.9977 AUPRC=0.9581 BalAcc=0.9821 F1=0.7425 MCC=0.7612
  learning_rate_used=2.912e-04; learning_rate_next=2.895e-04; elapsed=120.6s
  saved new best checkpoint: /data/projects/SFB_A03/jan/AT_TFBS/human301/runs/CTCF/crossassay_archthalia_20261009_144503_1046783/GHTS_seed5/best_model.pt (objective=classification-auprc, score=0.958059)
  negatives seen=100.0%; hard negatives=0
Epoch 013 train: loss=0.0991 AUROC=0.9980 AUPRC=0.9892 BalAcc=0.9829 F1=0.9491 MCC=0.9442
Epoch 013 val  : loss=0.0264 AUROC=0.9976 AUPRC=0.9572 BalAcc=0.9804 F1=0.7856 MCC=0.7974
  learning_rate_used=2.895e-04; learning_rate_next=2.877e-04; elapsed=122.9s
  negatives seen=100.0%; hard negatives=0
Epoch 014 train: loss=0.0916 AUROC=0.9982 AUPRC=0.9894 BalAcc=0.9845 F1=0.9508 MCC=0.9462
Epoch 014 val  : loss=0.0256 AUROC=0.9975 AUPRC=0.9566 BalAcc=0.9777 F1=0.8099 MCC=0.8179
  learning_rate_used=2.877e-04; learning_rate_next=2.858e-04; elapsed=121.5s
  negatives seen=100.0%; hard negatives=0
Epoch 015 train: loss=0.0934 AUROC=0.9982 AUPRC=0.9896 BalAcc=0.9846 F1=0.9515 MCC=0.9469
Epoch 015 val  : loss=0.0239 AUROC=0.9981 AUPRC=0.9590 BalAcc=0.9758 F1=0.8434 MCC=0.8476
  learning_rate_used=2.858e-04; learning_rate_next=2.837e-04; elapsed=119.5s
  saved new best checkpoint: /data/projects/SFB_A03/jan/AT_TFBS/human301/runs/CTCF/crossassay_archthalia_20261009_144503_1046783/GHTS_seed5/best_model.pt (objective=classification-auprc, score=0.959049)
  negatives seen=100.0%; hard negatives=0
Epoch 016 train: loss=0.0903 AUROC=0.9985 AUPRC=0.9905 BalAcc=0.9845 F1=0.9522 MCC=0.9476
Epoch 016 val  : loss=0.0250 AUROC=0.9983 AUPRC=0.9605 BalAcc=0.9811 F1=0.7986 MCC=0.8089
  learning_rate_used=2.837e-04; learning_rate_next=2.815e-04; elapsed=119.4s
  saved new best checkpoint: /data/projects/SFB_A03/jan/AT_TFBS/human301/runs/CTCF/crossassay_archthalia_20261009_144503_1046783/GHTS_seed5/best_model.pt (objective=classification-auprc, score=0.960510)
  negatives seen=100.0%; hard negatives=0
Epoch 017 train: loss=0.0806 AUROC=0.9989 AUPRC=0.9927 BalAcc=0.9858 F1=0.9575 MCC=0.9534
Epoch 017 val  : loss=0.0305 AUROC=0.9983 AUPRC=0.9607 BalAcc=0.9850 F1=0.7105 MCC=0.7356
  learning_rate_used=2.815e-04; learning_rate_next=2.792e-04; elapsed=121.6s
  saved new best checkpoint: /data/projects/SFB_A03/jan/AT_TFBS/human301/runs/CTCF/crossassay_archthalia_20261009_144503_1046783/GHTS_seed5/best_model.pt (objective=classification-auprc, score=0.960717)
  negatives seen=100.0%; hard negatives=0
Epoch 018 train: loss=0.0795 AUROC=0.9988 AUPRC=0.9921 BalAcc=0.9865 F1=0.9584 MCC=0.9545
Epoch 018 val  : loss=0.0244 AUROC=0.9980 AUPRC=0.9589 BalAcc=0.9787 F1=0.8276 MCC=0.8339
  learning_rate_used=2.792e-04; learning_rate_next=2.767e-04; elapsed=121.4s
  negatives seen=100.0%; hard negatives=0
Epoch 019 train: loss=0.0809 AUROC=0.9986 AUPRC=0.9915 BalAcc=0.9863 F1=0.9569 MCC=0.9528
Epoch 019 val  : loss=0.0240 AUROC=0.9982 AUPRC=0.9610 BalAcc=0.9807 F1=0.8092 MCC=0.8180
  learning_rate_used=2.767e-04; learning_rate_next=2.741e-04; elapsed=119.8s
  saved new best checkpoint: /data/projects/SFB_A03/jan/AT_TFBS/human301/runs/CTCF/crossassay_archthalia_20261009_144503_1046783/GHTS_seed5/best_model.pt (objective=classification-auprc, score=0.961046)
  negatives seen=100.0%; hard negatives=0
Epoch 020 train: loss=0.0789 AUROC=0.9989 AUPRC=0.9920 BalAcc=0.9862 F1=0.9570 MCC=0.9529
Epoch 020 val  : loss=0.0240 AUROC=0.9983 AUPRC=0.9596 BalAcc=0.9778 F1=0.8193 MCC=0.8263
  learning_rate_used=2.741e-04; learning_rate_next=2.714e-04; elapsed=119.9s
  negatives seen=100.0%; hard negatives=0
Epoch 021 train: loss=0.0720 AUROC=0.9992 AUPRC=0.9932 BalAcc=0.9873 F1=0.9611 MCC=0.9574
Epoch 021 val  : loss=0.0255 AUROC=0.9981 AUPRC=0.9618 BalAcc=0.9822 F1=0.7790 MCC=0.7922
  learning_rate_used=2.714e-04; learning_rate_next=2.686e-04; elapsed=121.9s
  saved new best checkpoint: /data/projects/SFB_A03/jan/AT_TFBS/human301/runs/CTCF/crossassay_archthalia_20261009_144503_1046783/GHTS_seed5/best_model.pt (objective=classification-auprc, score=0.961808)
  negatives seen=100.0%; hard negatives=0
Epoch 022 train: loss=0.0683 AUROC=0.9992 AUPRC=0.9939 BalAcc=0.9888 F1=0.9632 MCC=0.9597
Epoch 022 val  : loss=0.0274 AUROC=0.9982 AUPRC=0.9608 BalAcc=0.9841 F1=0.7351 MCC=0.7556
  learning_rate_used=2.686e-04; learning_rate_next=2.657e-04; elapsed=122.4s
  negatives seen=100.0%; hard negatives=0
Epoch 023 train: loss=0.0703 AUROC=0.9990 AUPRC=0.9931 BalAcc=0.9887 F1=0.9628 MCC=0.9592
Epoch 023 val  : loss=0.0250 AUROC=0.9980 AUPRC=0.9581 BalAcc=0.9712 F1=0.8606 MCC=0.8626
  learning_rate_used=2.657e-04; learning_rate_next=2.626e-04; elapsed=123.2s
  negatives seen=100.0%; hard negatives=0
Epoch 024 train: loss=0.0680 AUROC=0.9992 AUPRC=0.9937 BalAcc=0.9884 F1=0.9623 MCC=0.9587
Epoch 024 val  : loss=0.0241 AUROC=0.9985 AUPRC=0.9596 BalAcc=0.9782 F1=0.8050 MCC=0.8138
  learning_rate_used=2.626e-04; learning_rate_next=2.595e-04; elapsed=122.1s
  negatives seen=100.0%; hard negatives=0
Epoch 025 train: loss=0.0653 AUROC=0.9993 AUPRC=0.9943 BalAcc=0.9882 F1=0.9629 MCC=0.9594
Epoch 025 val  : loss=0.0274 AUROC=0.9983 AUPRC=0.9533 BalAcc=0.9803 F1=0.7586 MCC=0.7742
  learning_rate_used=2.595e-04; learning_rate_next=2.562e-04; elapsed=121.7s
  negatives seen=100.0%; hard negatives=0
Epoch 026 train: loss=0.0633 AUROC=0.9994 AUPRC=0.9940 BalAcc=0.9887 F1=0.9645 MCC=0.9611
Epoch 026 val  : loss=0.0224 AUROC=0.9987 AUPRC=0.9623 BalAcc=0.9795 F1=0.8210 MCC=0.8282
  learning_rate_used=2.562e-04; learning_rate_next=2.528e-04; elapsed=121.7s
  saved new best checkpoint: /data/projects/SFB_A03/jan/AT_TFBS/human301/runs/CTCF/crossassay_archthalia_20261009_144503_1046783/GHTS_seed5/best_model.pt (objective=classification-auprc, score=0.962291)
  negatives seen=100.0%; hard negatives=0
Epoch 027 train: loss=0.0608 AUROC=0.9993 AUPRC=0.9947 BalAcc=0.9896 F1=0.9674 MCC=0.9642
Epoch 027 val  : loss=0.0252 AUROC=0.9986 AUPRC=0.9585 BalAcc=0.9801 F1=0.7716 MCC=0.7852
  learning_rate_used=2.528e-04; learning_rate_next=2.494e-04; elapsed=123.4s
  negatives seen=100.0%; hard negatives=0
Epoch 028 train: loss=0.0568 AUROC=0.9995 AUPRC=0.9953 BalAcc=0.9897 F1=0.9667 MCC=0.9635
Epoch 028 val  : loss=0.0243 AUROC=0.9985 AUPRC=0.9583 BalAcc=0.9718 F1=0.8582 MCC=0.8605
  learning_rate_used=2.494e-04; learning_rate_next=2.458e-04; elapsed=122.8s
  negatives seen=100.0%; hard negatives=0
Epoch 029 train: loss=0.0591 AUROC=0.9994 AUPRC=0.9950 BalAcc=0.9892 F1=0.9661 MCC=0.9628
Epoch 029 val  : loss=0.0244 AUROC=0.9982 AUPRC=0.9568 BalAcc=0.9745 F1=0.8442 MCC=0.8481
  learning_rate_used=2.458e-04; learning_rate_next=2.421e-04; elapsed=122.9s
  negatives seen=100.0%; hard negatives=0
Epoch 030 train: loss=0.0547 AUROC=0.9995 AUPRC=0.9952 BalAcc=0.9900 F1=0.9669 MCC=0.9638
Epoch 030 val  : loss=0.0242 AUROC=0.9984 AUPRC=0.9577 BalAcc=0.9752 F1=0.8556 MCC=0.8587
  learning_rate_used=2.421e-04; learning_rate_next=2.384e-04; elapsed=123.4s
  negatives seen=100.0%; hard negatives=0
Epoch 031 train: loss=0.0491 AUROC=0.9995 AUPRC=0.9953 BalAcc=0.9908 F1=0.9700 MCC=0.9672
Epoch 031 val  : loss=0.0236 AUROC=0.9984 AUPRC=0.9601 BalAcc=0.9762 F1=0.8323 MCC=0.8376
  learning_rate_used=2.384e-04; learning_rate_next=2.345e-04; elapsed=123.6s
  negatives seen=100.0%; hard negatives=0
Epoch 032 train: loss=0.0507 AUROC=0.9995 AUPRC=0.9958 BalAcc=0.9916 F1=0.9715 MCC=0.9687
Epoch 032 val  : loss=0.0228 AUROC=0.9985 AUPRC=0.9610 BalAcc=0.9777 F1=0.8384 MCC=0.8434
  learning_rate_used=2.345e-04; learning_rate_next=2.306e-04; elapsed=129.3s
  negatives seen=100.0%; hard negatives=0
Epoch 033 train: loss=0.0518 AUROC=0.9995 AUPRC=0.9955 BalAcc=0.9914 F1=0.9721 MCC=0.9694
Epoch 033 val  : loss=0.0239 AUROC=0.9984 AUPRC=0.9572 BalAcc=0.9806 F1=0.8240 MCC=0.8311
  learning_rate_used=2.306e-04; learning_rate_next=2.266e-04; elapsed=132.4s
  negatives seen=100.0%; hard negatives=0
Epoch 034 train: loss=0.0494 AUROC=0.9995 AUPRC=0.9958 BalAcc=0.9909 F1=0.9705 MCC=0.9677
Epoch 034 val  : loss=0.0254 AUROC=0.9985 AUPRC=0.9582 BalAcc=0.9712 F1=0.8757 MCC=0.8768
  learning_rate_used=2.266e-04; learning_rate_next=2.225e-04; elapsed=132.8s
  negatives seen=100.0%; hard negatives=0
Epoch 035 train: loss=0.0495 AUROC=0.9996 AUPRC=0.9962 BalAcc=0.9914 F1=0.9714 MCC=0.9686
Epoch 035 val  : loss=0.0224 AUROC=0.9985 AUPRC=0.9625 BalAcc=0.9783 F1=0.8452 MCC=0.8496
  learning_rate_used=2.225e-04; learning_rate_next=2.184e-04; elapsed=133.1s
  saved new best checkpoint: /data/projects/SFB_A03/jan/AT_TFBS/human301/runs/CTCF/crossassay_archthalia_20261009_144503_1046783/GHTS_seed5/best_model.pt (objective=classification-auprc, score=0.962472)
  negatives seen=100.0%; hard negatives=0
Epoch 036 train: loss=0.0468 AUROC=0.9996 AUPRC=0.9964 BalAcc=0.9917 F1=0.9724 MCC=0.9697
Epoch 036 val  : loss=0.0259 AUROC=0.9985 AUPRC=0.9583 BalAcc=0.9728 F1=0.8603 MCC=0.8625
  learning_rate_used=2.184e-04; learning_rate_next=2.142e-04; elapsed=131.3s
  negatives seen=100.0%; hard negatives=0
Epoch 037 train: loss=0.0458 AUROC=0.9996 AUPRC=0.9960 BalAcc=0.9922 F1=0.9737 MCC=0.9712
Epoch 037 val  : loss=0.0263 AUROC=0.9983 AUPRC=0.9596 BalAcc=0.9711 F1=0.8819 MCC=0.8826
  learning_rate_used=2.142e-04; learning_rate_next=2.099e-04; elapsed=132.6s
  negatives seen=100.0%; hard negatives=0
Epoch 038 train: loss=0.0433 AUROC=0.9997 AUPRC=0.9969 BalAcc=0.9919 F1=0.9736 MCC=0.9710
Epoch 038 val  : loss=0.0246 AUROC=0.9983 AUPRC=0.9618 BalAcc=0.9792 F1=0.8343 MCC=0.8400
  learning_rate_used=2.099e-04; learning_rate_next=2.055e-04; elapsed=130.9s
  negatives seen=100.0%; hard negatives=0
Epoch 039 train: loss=0.0452 AUROC=0.9997 AUPRC=0.9967 BalAcc=0.9927 F1=0.9745 MCC=0.9720
Epoch 039 val  : loss=0.0243 AUROC=0.9984 AUPRC=0.9608 BalAcc=0.9788 F1=0.8339 MCC=0.8395
  learning_rate_used=2.055e-04; learning_rate_next=2.011e-04; elapsed=132.3s
  negatives seen=100.0%; hard negatives=0
Epoch 040 train: loss=0.0403 AUROC=0.9997 AUPRC=0.9966 BalAcc=0.9927 F1=0.9749 MCC=0.9724
Epoch 040 val  : loss=0.0271 AUROC=0.9983 AUPRC=0.9586 BalAcc=0.9688 F1=0.8831 MCC=0.8835
  learning_rate_used=2.011e-04; learning_rate_next=1.967e-04; elapsed=132.8s
  negatives seen=100.0%; hard negatives=0
Epoch 041 train: loss=0.0399 AUROC=0.9997 AUPRC=0.9970 BalAcc=0.9930 F1=0.9765 MCC=0.9742
Epoch 041 val  : loss=0.0242 AUROC=0.9983 AUPRC=0.9619 BalAcc=0.9736 F1=0.8694 MCC=0.8712
  learning_rate_used=1.967e-04; learning_rate_next=1.922e-04; elapsed=132.6s
  negatives seen=100.0%; hard negatives=0
Epoch 042 train: loss=0.0394 AUROC=0.9997 AUPRC=0.9970 BalAcc=0.9928 F1=0.9764 MCC=0.9741
Epoch 042 val  : loss=0.0248 AUROC=0.9985 AUPRC=0.9631 BalAcc=0.9749 F1=0.8651 MCC=0.8674
  learning_rate_used=1.922e-04; learning_rate_next=1.877e-04; elapsed=132.3s
  saved new best checkpoint: /data/projects/SFB_A03/jan/AT_TFBS/human301/runs/CTCF/crossassay_archthalia_20261009_144503_1046783/GHTS_seed5/best_model.pt (objective=classification-auprc, score=0.963080)
  negatives seen=100.0%; hard negatives=0
Epoch 043 train: loss=0.0342 AUROC=0.9997 AUPRC=0.9972 BalAcc=0.9942 F1=0.9797 MCC=0.9777
Epoch 043 val  : loss=0.0255 AUROC=0.9983 AUPRC=0.9598 BalAcc=0.9721 F1=0.8720 MCC=0.8734
  learning_rate_used=1.877e-04; learning_rate_next=1.831e-04; elapsed=132.9s
  negatives seen=100.0%; hard negatives=0
Epoch 044 train: loss=0.0338 AUROC=0.9998 AUPRC=0.9977 BalAcc=0.9941 F1=0.9802 MCC=0.9783
Epoch 044 val  : loss=0.0245 AUROC=0.9983 AUPRC=0.9627 BalAcc=0.9768 F1=0.8420 MCC=0.8465
  learning_rate_used=1.831e-04; learning_rate_next=1.785e-04; elapsed=133.1s
  negatives seen=100.0%; hard negatives=0
Epoch 045 train: loss=0.0366 AUROC=0.9998 AUPRC=0.9974 BalAcc=0.9937 F1=0.9788 MCC=0.9767
Epoch 045 val  : loss=0.0264 AUROC=0.9983 AUPRC=0.9601 BalAcc=0.9719 F1=0.8671 MCC=0.8688
  learning_rate_used=1.785e-04; learning_rate_next=1.739e-04; elapsed=132.4s
  negatives seen=100.0%; hard negatives=0
Epoch 046 train: loss=0.0332 AUROC=0.9998 AUPRC=0.9976 BalAcc=0.9943 F1=0.9792 MCC=0.9771
Epoch 046 val  : loss=0.0267 AUROC=0.9981 AUPRC=0.9602 BalAcc=0.9739 F1=0.8743 MCC=0.8758
  learning_rate_used=1.739e-04; learning_rate_next=1.692e-04; elapsed=130.6s
  negatives seen=100.0%; hard negatives=0
Epoch 047 train: loss=0.0339 AUROC=0.9998 AUPRC=0.9971 BalAcc=0.9943 F1=0.9786 MCC=0.9766
Epoch 047 val  : loss=0.0313 AUROC=0.9985 AUPRC=0.9617 BalAcc=0.9596 F1=0.9015 MCC=0.9007
  learning_rate_used=1.692e-04; learning_rate_next=1.646e-04; elapsed=132.2s
  negatives seen=100.0%; hard negatives=0
Epoch 048 train: loss=0.0339 AUROC=0.9998 AUPRC=0.9974 BalAcc=0.9944 F1=0.9789 MCC=0.9768
Epoch 048 val  : loss=0.0260 AUROC=0.9982 AUPRC=0.9608 BalAcc=0.9753 F1=0.8606 MCC=0.8633
  learning_rate_used=1.646e-04; learning_rate_next=1.599e-04; elapsed=131.2s
  negatives seen=100.0%; hard negatives=0
Epoch 049 train: loss=0.0313 AUROC=0.9998 AUPRC=0.9980 BalAcc=0.9948 F1=0.9815 MCC=0.9797
Epoch 049 val  : loss=0.0246 AUROC=0.9985 AUPRC=0.9626 BalAcc=0.9768 F1=0.8565 MCC=0.8597
  learning_rate_used=1.599e-04; learning_rate_next=1.552e-04; elapsed=130.3s
  negatives seen=100.0%; hard negatives=0
Epoch 050 train: loss=0.0315 AUROC=0.9998 AUPRC=0.9978 BalAcc=0.9945 F1=0.9808 MCC=0.9789
Epoch 050 val  : loss=0.0254 AUROC=0.9984 AUPRC=0.9599 BalAcc=0.9727 F1=0.8685 MCC=0.8702
  learning_rate_used=1.552e-04; learning_rate_next=1.505e-04; elapsed=130.5s
  negatives seen=100.0%; hard negatives=0
Epoch 051 train: loss=0.0322 AUROC=0.9998 AUPRC=0.9982 BalAcc=0.9950 F1=0.9821 MCC=0.9803
Epoch 051 val  : loss=0.0292 AUROC=0.9985 AUPRC=0.9600 BalAcc=0.9690 F1=0.8809 MCC=0.8814
  learning_rate_used=1.505e-04; learning_rate_next=1.458e-04; elapsed=131.4s
  negatives seen=100.0%; hard negatives=0
Epoch 052 train: loss=0.0287 AUROC=0.9998 AUPRC=0.9977 BalAcc=0.9952 F1=0.9826 MCC=0.9809
Epoch 052 val  : loss=0.0270 AUROC=0.9984 AUPRC=0.9601 BalAcc=0.9742 F1=0.8542 MCC=0.8571
  learning_rate_used=1.458e-04; learning_rate_next=1.411e-04; elapsed=132.9s
  negatives seen=100.0%; hard negatives=0
Epoch 053 train: loss=0.0279 AUROC=0.9999 AUPRC=0.9984 BalAcc=0.9950 F1=0.9831 MCC=0.9814
Epoch 053 val  : loss=0.0305 AUROC=0.9983 AUPRC=0.9609 BalAcc=0.9676 F1=0.8924 MCC=0.8923
  learning_rate_used=1.411e-04; learning_rate_next=1.364e-04; elapsed=132.4s
  negatives seen=100.0%; hard negatives=0
Epoch 054 train: loss=0.0281 AUROC=0.9999 AUPRC=0.9985 BalAcc=0.9952 F1=0.9835 MCC=0.9819
Epoch 054 val  : loss=0.0289 AUROC=0.9980 AUPRC=0.9620 BalAcc=0.9702 F1=0.8841 MCC=0.8846
  learning_rate_used=1.364e-04; learning_rate_next=1.318e-04; elapsed=132.0s
  negatives seen=100.0%; hard negatives=0
Epoch 055 train: loss=0.0217 AUROC=0.9999 AUPRC=0.9986 BalAcc=0.9963 F1=0.9861 MCC=0.9848
Epoch 055 val  : loss=0.0318 AUROC=0.9983 AUPRC=0.9615 BalAcc=0.9696 F1=0.8885 MCC=0.8888
  learning_rate_used=1.318e-04; learning_rate_next=1.271e-04; elapsed=131.0s
  negatives seen=100.0%; hard negatives=0
Epoch 056 train: loss=0.0282 AUROC=0.9998 AUPRC=0.9975 BalAcc=0.9957 F1=0.9841 MCC=0.9826
Epoch 056 val  : loss=0.0294 AUROC=0.9982 AUPRC=0.9608 BalAcc=0.9685 F1=0.8870 MCC=0.8871
  learning_rate_used=1.271e-04; learning_rate_next=1.225e-04; elapsed=131.2s
  negatives seen=100.0%; hard negatives=0
Epoch 057 train: loss=0.0263 AUROC=0.9998 AUPRC=0.9982 BalAcc=0.9957 F1=0.9851 MCC=0.9836
Epoch 057 val  : loss=0.0263 AUROC=0.9983 AUPRC=0.9624 BalAcc=0.9757 F1=0.8619 MCC=0.8645
  learning_rate_used=1.225e-04; learning_rate_next=1.179e-04; elapsed=132.3s
  negatives seen=100.0%; hard negatives=0
Epoch 058 train: loss=0.0199 AUROC=0.9999 AUPRC=0.9989 BalAcc=0.9968 F1=0.9871 MCC=0.9858
Epoch 058 val  : loss=0.0316 AUROC=0.9983 AUPRC=0.9594 BalAcc=0.9693 F1=0.8883 MCC=0.8885
  learning_rate_used=1.179e-04; learning_rate_next=1.133e-04; elapsed=131.2s
  negatives seen=100.0%; hard negatives=0
Epoch 059 train: loss=0.0235 AUROC=0.9999 AUPRC=0.9986 BalAcc=0.9960 F1=0.9862 MCC=0.9849
Epoch 059 val  : loss=0.0270 AUROC=0.9986 AUPRC=0.9638 BalAcc=0.9769 F1=0.8534 MCC=0.8569
  learning_rate_used=1.133e-04; learning_rate_next=1.088e-04; elapsed=132.1s
  saved new best checkpoint: /data/projects/SFB_A03/jan/AT_TFBS/human301/runs/CTCF/crossassay_archthalia_20261009_144503_1046783/GHTS_seed5/best_model.pt (objective=classification-auprc, score=0.963834)
  negatives seen=100.0%; hard negatives=0
Epoch 060 train: loss=0.0239 AUROC=0.9999 AUPRC=0.9987 BalAcc=0.9960 F1=0.9863 MCC=0.9850
Epoch 060 val  : loss=0.0301 AUROC=0.9984 AUPRC=0.9619 BalAcc=0.9679 F1=0.8891 MCC=0.8892
  learning_rate_used=1.088e-04; learning_rate_next=1.043e-04; elapsed=132.8s
  negatives seen=100.0%; hard negatives=0
Epoch 061 train: loss=0.0222 AUROC=0.9999 AUPRC=0.9986 BalAcc=0.9968 F1=0.9877 MCC=0.9865
Epoch 061 val  : loss=0.0301 AUROC=0.9986 AUPRC=0.9616 BalAcc=0.9679 F1=0.8857 MCC=0.8859
  learning_rate_used=1.043e-04; learning_rate_next=9.986e-05; elapsed=132.4s
  negatives seen=100.0%; hard negatives=0
Epoch 062 train: loss=0.0199 AUROC=0.9999 AUPRC=0.9989 BalAcc=0.9965 F1=0.9887 MCC=0.9875
Epoch 062 val  : loss=0.0355 AUROC=0.9979 AUPRC=0.9612 BalAcc=0.9655 F1=0.8996 MCC=0.8992
  learning_rate_used=9.986e-05; learning_rate_next=9.547e-05; elapsed=131.0s
  negatives seen=100.0%; hard negatives=0
Epoch 063 train: loss=0.0220 AUROC=0.9999 AUPRC=0.9987 BalAcc=0.9966 F1=0.9889 MCC=0.9878
Epoch 063 val  : loss=0.0274 AUROC=0.9983 AUPRC=0.9606 BalAcc=0.9730 F1=0.8642 MCC=0.8662
  learning_rate_used=9.547e-05; learning_rate_next=9.113e-05; elapsed=131.7s
  negatives seen=100.0%; hard negatives=0
Epoch 064 train: loss=0.0192 AUROC=0.9999 AUPRC=0.9987 BalAcc=0.9968 F1=0.9897 MCC=0.9886
Epoch 064 val  : loss=0.0334 AUROC=0.9980 AUPRC=0.9614 BalAcc=0.9654 F1=0.8914 MCC=0.8912
  learning_rate_used=9.113e-05; learning_rate_next=8.685e-05; elapsed=132.7s
  negatives seen=100.0%; hard negatives=0
Epoch 065 train: loss=0.0182 AUROC=0.9999 AUPRC=0.9990 BalAcc=0.9969 F1=0.9893 MCC=0.9883
Epoch 065 val  : loss=0.0372 AUROC=0.9983 AUPRC=0.9603 BalAcc=0.9611 F1=0.9025 MCC=0.9018
  learning_rate_used=8.685e-05; learning_rate_next=8.263e-05; elapsed=132.5s
  negatives seen=100.0%; hard negatives=0
Epoch 066 train: loss=0.0217 AUROC=0.9999 AUPRC=0.9983 BalAcc=0.9968 F1=0.9877 MCC=0.9865
Epoch 066 val  : loss=0.0344 AUROC=0.9983 AUPRC=0.9623 BalAcc=0.9619 F1=0.9011 MCC=0.9004
  learning_rate_used=8.263e-05; learning_rate_next=7.848e-05; elapsed=132.7s
  negatives seen=100.0%; hard negatives=0
Epoch 067 train: loss=0.0193 AUROC=0.9999 AUPRC=0.9987 BalAcc=0.9972 F1=0.9887 MCC=0.9876
Epoch 067 val  : loss=0.0371 AUROC=0.9984 AUPRC=0.9615 BalAcc=0.9607 F1=0.9026 MCC=0.9019
  learning_rate_used=7.848e-05; learning_rate_next=7.440e-05; elapsed=131.9s
  negatives seen=100.0%; hard negatives=0
Epoch 068 train: loss=0.0194 AUROC=0.9999 AUPRC=0.9989 BalAcc=0.9969 F1=0.9892 MCC=0.9881
Epoch 068 val  : loss=0.0418 AUROC=0.9983 AUPRC=0.9599 BalAcc=0.9555 F1=0.9023 MCC=0.9014
  learning_rate_used=7.440e-05; learning_rate_next=7.039e-05; elapsed=133.2s
  negatives seen=100.0%; hard negatives=0
Epoch 069 train: loss=0.0211 AUROC=0.9999 AUPRC=0.9990 BalAcc=0.9967 F1=0.9895 MCC=0.9885
Epoch 069 val  : loss=0.0299 AUROC=0.9984 AUPRC=0.9610 BalAcc=0.9717 F1=0.8804 MCC=0.8813
  learning_rate_used=7.039e-05; learning_rate_next=6.647e-05; elapsed=132.6s
  negatives seen=100.0%; hard negatives=0
Epoch 070 train: loss=0.0187 AUROC=0.9999 AUPRC=0.9993 BalAcc=0.9971 F1=0.9892 MCC=0.9882
Epoch 070 val  : loss=0.0399 AUROC=0.9985 AUPRC=0.9615 BalAcc=0.9608 F1=0.9028 MCC=0.9020
  learning_rate_used=6.647e-05; learning_rate_next=6.263e-05; elapsed=133.2s
  negatives seen=100.0%; hard negatives=0
Epoch 071 train: loss=0.0170 AUROC=0.9999 AUPRC=0.9988 BalAcc=0.9975 F1=0.9909 MCC=0.9900
Epoch 071 val  : loss=0.0359 AUROC=0.9980 AUPRC=0.9627 BalAcc=0.9644 F1=0.8989 MCC=0.8984
  learning_rate_used=6.263e-05; learning_rate_next=5.887e-05; elapsed=132.4s
  negatives seen=100.0%; hard negatives=0
Epoch 072 train: loss=0.0161 AUROC=0.9999 AUPRC=0.9994 BalAcc=0.9973 F1=0.9911 MCC=0.9902
Epoch 072 val  : loss=0.0413 AUROC=0.9979 AUPRC=0.9607 BalAcc=0.9577 F1=0.9039 MCC=0.9031
  learning_rate_used=5.887e-05; learning_rate_next=5.521e-05; elapsed=132.8s
  negatives seen=100.0%; hard negatives=0
Epoch 073 train: loss=0.0139 AUROC=1.0000 AUPRC=0.9995 BalAcc=0.9977 F1=0.9919 MCC=0.9911
Epoch 073 val  : loss=0.0389 AUROC=0.9982 AUPRC=0.9606 BalAcc=0.9609 F1=0.9011 MCC=0.9004
  learning_rate_used=5.521e-05; learning_rate_next=5.163e-05; elapsed=132.8s
  negatives seen=100.0%; hard negatives=0
Epoch 074 train: loss=0.0148 AUROC=0.9999 AUPRC=0.9993 BalAcc=0.9977 F1=0.9915 MCC=0.9907
Epoch 074 val  : loss=0.0427 AUROC=0.9977 AUPRC=0.9625 BalAcc=0.9619 F1=0.9053 MCC=0.9045
  learning_rate_used=5.163e-05; learning_rate_next=4.816e-05; elapsed=131.8s
  negatives seen=100.0%; hard negatives=0
Epoch 075 train: loss=0.0140 AUROC=1.0000 AUPRC=0.9995 BalAcc=0.9978 F1=0.9922 MCC=0.9914
Epoch 075 val  : loss=0.0421 AUROC=0.9980 AUPRC=0.9617 BalAcc=0.9579 F1=0.9073 MCC=0.9064
  learning_rate_used=4.816e-05; learning_rate_next=4.479e-05; elapsed=131.8s
  negatives seen=100.0%; hard negatives=0
Epoch 076 train: loss=0.0160 AUROC=1.0000 AUPRC=0.9995 BalAcc=0.9978 F1=0.9920 MCC=0.9912
Epoch 076 val  : loss=0.0366 AUROC=0.9981 AUPRC=0.9618 BalAcc=0.9634 F1=0.8947 MCC=0.8942
  learning_rate_used=4.479e-05; learning_rate_next=4.152e-05; elapsed=132.8s
  negatives seen=100.0%; hard negatives=0
Epoch 077 train: loss=0.0127 AUROC=1.0000 AUPRC=0.9995 BalAcc=0.9981 F1=0.9925 MCC=0.9917
Epoch 077 val  : loss=0.0396 AUROC=0.9977 AUPRC=0.9611 BalAcc=0.9625 F1=0.9025 MCC=0.9018
  learning_rate_used=4.152e-05; learning_rate_next=3.836e-05; elapsed=133.7s
  negatives seen=100.0%; hard negatives=0
Epoch 078 train: loss=0.0117 AUROC=0.9999 AUPRC=0.9992 BalAcc=0.9984 F1=0.9931 MCC=0.9924
Epoch 078 val  : loss=0.0360 AUROC=0.9977 AUPRC=0.9625 BalAcc=0.9663 F1=0.8951 MCC=0.8948
  learning_rate_used=3.836e-05; learning_rate_next=3.531e-05; elapsed=132.9s
  negatives seen=100.0%; hard negatives=0
Epoch 079 train: loss=0.0159 AUROC=0.9999 AUPRC=0.9987 BalAcc=0.9975 F1=0.9920 MCC=0.9912
Epoch 079 val  : loss=0.0393 AUROC=0.9975 AUPRC=0.9615 BalAcc=0.9624 F1=0.8985 MCC=0.8979
  learning_rate_used=3.531e-05; learning_rate_next=3.237e-05; elapsed=132.8s
Early stopping after 79 epochs.
Binary threshold: 0.875087 (strategy=val-mcc, validation_score=0.917499)
Validation-only run completed; frozen model: /data/projects/SFB_A03/jan/AT_TFBS/human301/runs/CTCF/crossassay_archthalia_20261009_144503_1046783/GHTS_seed5/model_for_prediction.pt
CTCF: GHTS -> GHTS
TEST CTCF GHTS -> GHTS: loss=0.0300 AUROC=0.9979 AUPRC=0.9619 BalAcc=0.9510 F1=0.9088 MCC=0.9080
CTCF: GHTS -> CHIP
TEST CTCF GHTS -> CHIP: loss=0.5524 AUROC=0.9142 AUPRC=0.5147 BalAcc=0.6248 F1=0.3921 MCC=0.4749
Completed CTCF/GHTS: one model, both fixed test sets.
