TF=BATF2 variant=base seed=1
/home/jbossenz/miniforge3/envs/at_env/bin/python -u /data/projects/SFB_A03/jan/AT_TFBS/human301/hum301_motif64.py train --cache /data/projects/SFB_A03/jan/AT_TFBS/raw_data/human/BATF2/hum301_multitf_chr5_chr7/dataset.npz --output-dir /data/projects/SFB_A03/jan/AT_TFBS/human301/runs/BATF2/multitf_20261006_033507_932031_base_seed1 --input-length 256 --embed-channels 64 --encoder-channels 80 96 128 --heads 4 --ffn-channels 256 --classification-readout center --task-mode classification --checkpoint-objective classification-auprc --threshold-strategy val-mcc --negatives-per-positive 10 --batch-size 88 --hard-negative-fraction 0 --epochs 100 --patience 20 --learning-rate 0.0003 --min-learning-rate 0.000001 --weight-decay 0.0001 --dropout 0.1 --activation relu --reverse-complement-probability 0.5 --eval-crops multi --eval-rc --no-balanced-evaluation --eval-batch-size 128 --num-workers 2 --seed 1 --device cuda
Window geometry: 256 bp from 301 bp; crop starts 0..45; shifts -22..+23; fresh uniform draw per access
Evaluation: crops (0, 22, 23, 45), reverse complement=True; all samples
train: n=1,132,816, positive=11,216, negative=1,121,600
  val: n=291,991, positive=2,891, negative=289,100
 test: n=1,238,058, positive=12,258, negative=1,225,800
Device: cuda
Hidden activation: RELU
Parameters: 1,032,981 total; 1,032,981 trainable
Architecture: motif kernels 9/12; encoder 128/64/64; original five-block bottleneck at 64; decoder 64/128/256
  negatives seen=10.0%; hard negatives=0
Epoch 001 train: loss=0.8413 AUROC=0.8685 AUPRC=0.5128 BalAcc=0.7863 F1=0.4180 MCC=0.3855
Epoch 001 val  : loss=0.2684 AUROC=0.9320 AUPRC=0.1937 BalAcc=0.8257 F1=0.2041 MCC=0.2752
  learning_rate_used=3.000e-04; learning_rate_next=2.999e-04; elapsed=134.8s
  saved new best checkpoint: /data/projects/SFB_A03/jan/AT_TFBS/human301/runs/BATF2/multitf_20261006_033507_932031_base_seed1/best_model.pt (objective=classification-auprc, score=0.193735)
  negatives seen=20.0%; hard negatives=0
Epoch 002 train: loss=0.6446 AUROC=0.9249 AUPRC=0.6463 BalAcc=0.8515 F1=0.5348 MCC=0.5137
Epoch 002 val  : loss=0.6284 AUROC=0.9449 AUPRC=0.2700 BalAcc=0.8296 F1=0.0598 MCC=0.1413
  learning_rate_used=2.999e-04; learning_rate_next=2.997e-04; elapsed=134.6s
  saved new best checkpoint: /data/projects/SFB_A03/jan/AT_TFBS/human301/runs/BATF2/multitf_20261006_033507_932031_base_seed1/best_model.pt (objective=classification-auprc, score=0.269957)
  negatives seen=30.0%; hard negatives=0
Epoch 003 train: loss=0.5923 AUROC=0.9368 AUPRC=0.6837 BalAcc=0.8675 F1=0.5660 MCC=0.5473
Epoch 003 val  : loss=0.2751 AUROC=0.9418 AUPRC=0.2847 BalAcc=0.8650 F1=0.1571 MCC=0.2489
  learning_rate_used=2.997e-04; learning_rate_next=2.993e-04; elapsed=134.3s
  saved new best checkpoint: /data/projects/SFB_A03/jan/AT_TFBS/human301/runs/BATF2/multitf_20261006_033507_932031_base_seed1/best_model.pt (objective=classification-auprc, score=0.284687)
  negatives seen=40.0%; hard negatives=0
Epoch 004 train: loss=0.5549 AUROC=0.9442 AUPRC=0.7071 BalAcc=0.8751 F1=0.5821 MCC=0.5643
Epoch 004 val  : loss=0.4879 AUROC=0.9501 AUPRC=0.3373 BalAcc=0.8616 F1=0.0795 MCC=0.1717
  learning_rate_used=2.993e-04; learning_rate_next=2.988e-04; elapsed=134.2s
  saved new best checkpoint: /data/projects/SFB_A03/jan/AT_TFBS/human301/runs/BATF2/multitf_20261006_033507_932031_base_seed1/best_model.pt (objective=classification-auprc, score=0.337269)
  negatives seen=50.0%; hard negatives=0
Epoch 005 train: loss=0.5352 AUROC=0.9486 AUPRC=0.7160 BalAcc=0.8806 F1=0.5950 MCC=0.5778
Epoch 005 val  : loss=0.2228 AUROC=0.9532 AUPRC=0.2907 BalAcc=0.8774 F1=0.1915 MCC=0.2835
  learning_rate_used=2.988e-04; learning_rate_next=2.982e-04; elapsed=134.4s
  negatives seen=60.0%; hard negatives=0
Epoch 006 train: loss=0.5099 AUROC=0.9534 AUPRC=0.7403 BalAcc=0.8887 F1=0.6170 MCC=0.6001
Epoch 006 val  : loss=0.5211 AUROC=0.9593 AUPRC=0.3674 BalAcc=0.8687 F1=0.0789 MCC=0.1731
  learning_rate_used=2.982e-04; learning_rate_next=2.974e-04; elapsed=134.2s
  saved new best checkpoint: /data/projects/SFB_A03/jan/AT_TFBS/human301/runs/BATF2/multitf_20261006_033507_932031_base_seed1/best_model.pt (objective=classification-auprc, score=0.367381)
  negatives seen=70.0%; hard negatives=0
Epoch 007 train: loss=0.4933 AUROC=0.9565 AUPRC=0.7488 BalAcc=0.8925 F1=0.6246 MCC=0.6083
Epoch 007 val  : loss=0.2431 AUROC=0.9566 AUPRC=0.3686 BalAcc=0.8912 F1=0.1756 MCC=0.2744
  learning_rate_used=2.974e-04; learning_rate_next=2.964e-04; elapsed=134.4s
  saved new best checkpoint: /data/projects/SFB_A03/jan/AT_TFBS/human301/runs/BATF2/multitf_20261006_033507_932031_base_seed1/best_model.pt (objective=classification-auprc, score=0.368598)
  negatives seen=80.0%; hard negatives=0
Epoch 008 train: loss=0.4810 AUROC=0.9587 AUPRC=0.7571 BalAcc=0.8966 F1=0.6338 MCC=0.6180
Epoch 008 val  : loss=0.2903 AUROC=0.9597 AUPRC=0.3734 BalAcc=0.9001 F1=0.1477 MCC=0.2520
  learning_rate_used=2.964e-04; learning_rate_next=2.953e-04; elapsed=134.5s
  saved new best checkpoint: /data/projects/SFB_A03/jan/AT_TFBS/human301/runs/BATF2/multitf_20261006_033507_932031_base_seed1/best_model.pt (objective=classification-auprc, score=0.373360)
  negatives seen=90.0%; hard negatives=0
Epoch 009 train: loss=0.4606 AUROC=0.9622 AUPRC=0.7755 BalAcc=0.9016 F1=0.6455 MCC=0.6302
Epoch 009 val  : loss=0.2939 AUROC=0.9554 AUPRC=0.3561 BalAcc=0.8912 F1=0.1474 MCC=0.2488
  learning_rate_used=2.953e-04; learning_rate_next=2.941e-04; elapsed=134.3s
  negatives seen=100.0%; hard negatives=0
Epoch 010 train: loss=0.4547 AUROC=0.9633 AUPRC=0.7775 BalAcc=0.9025 F1=0.6508 MCC=0.6352
Epoch 010 val  : loss=0.2706 AUROC=0.9566 AUPRC=0.3844 BalAcc=0.8915 F1=0.1627 MCC=0.2630
  learning_rate_used=2.941e-04; learning_rate_next=2.927e-04; elapsed=134.4s
  saved new best checkpoint: /data/projects/SFB_A03/jan/AT_TFBS/human301/runs/BATF2/multitf_20261006_033507_932031_base_seed1/best_model.pt (objective=classification-auprc, score=0.384401)
  negatives seen=100.0%; hard negatives=0
Epoch 011 train: loss=0.4440 AUROC=0.9647 AUPRC=0.7836 BalAcc=0.9071 F1=0.6598 MCC=0.6449
Epoch 011 val  : loss=0.2310 AUROC=0.9618 AUPRC=0.3611 BalAcc=0.9009 F1=0.1868 MCC=0.2877
  learning_rate_used=2.927e-04; learning_rate_next=2.912e-04; elapsed=134.4s
  negatives seen=100.0%; hard negatives=0
Epoch 012 train: loss=0.4385 AUROC=0.9657 AUPRC=0.7859 BalAcc=0.9063 F1=0.6586 MCC=0.6436
Epoch 012 val  : loss=0.4059 AUROC=0.9589 AUPRC=0.3844 BalAcc=0.8906 F1=0.1072 MCC=0.2093
  learning_rate_used=2.912e-04; learning_rate_next=2.895e-04; elapsed=134.3s
  negatives seen=100.0%; hard negatives=0
Epoch 013 train: loss=0.4301 AUROC=0.9671 AUPRC=0.7919 BalAcc=0.9100 F1=0.6674 MCC=0.6528
Epoch 013 val  : loss=0.1794 AUROC=0.9634 AUPRC=0.4096 BalAcc=0.8860 F1=0.2440 MCC=0.3304
  learning_rate_used=2.895e-04; learning_rate_next=2.877e-04; elapsed=134.3s
  saved new best checkpoint: /data/projects/SFB_A03/jan/AT_TFBS/human301/runs/BATF2/multitf_20261006_033507_932031_base_seed1/best_model.pt (objective=classification-auprc, score=0.409598)
  negatives seen=100.0%; hard negatives=0
Epoch 014 train: loss=0.4184 AUROC=0.9689 AUPRC=0.7941 BalAcc=0.9133 F1=0.6767 MCC=0.6623
Epoch 014 val  : loss=0.1839 AUROC=0.9642 AUPRC=0.4047 BalAcc=0.8900 F1=0.2347 MCC=0.3243
  learning_rate_used=2.877e-04; learning_rate_next=2.858e-04; elapsed=134.4s
  negatives seen=100.0%; hard negatives=0
Epoch 015 train: loss=0.4164 AUROC=0.9695 AUPRC=0.7987 BalAcc=0.9123 F1=0.6828 MCC=0.6673
Epoch 015 val  : loss=0.1869 AUROC=0.9605 AUPRC=0.3863 BalAcc=0.8770 F1=0.2322 MCC=0.3174
  learning_rate_used=2.858e-04; learning_rate_next=2.837e-04; elapsed=134.4s
  negatives seen=100.0%; hard negatives=0
Epoch 016 train: loss=0.4024 AUROC=0.9712 AUPRC=0.8053 BalAcc=0.9149 F1=0.6831 MCC=0.6686
Epoch 016 val  : loss=0.1871 AUROC=0.9634 AUPRC=0.3860 BalAcc=0.8863 F1=0.2382 MCC=0.3258
  learning_rate_used=2.837e-04; learning_rate_next=2.815e-04; elapsed=134.7s
  negatives seen=100.0%; hard negatives=0
Epoch 017 train: loss=0.3959 AUROC=0.9722 AUPRC=0.8121 BalAcc=0.9168 F1=0.6918 MCC=0.6771
Epoch 017 val  : loss=0.1534 AUROC=0.9628 AUPRC=0.3841 BalAcc=0.8533 F1=0.2997 MCC=0.3619
  learning_rate_used=2.815e-04; learning_rate_next=2.792e-04; elapsed=134.5s
  negatives seen=100.0%; hard negatives=0
Epoch 018 train: loss=0.3897 AUROC=0.9729 AUPRC=0.8139 BalAcc=0.9183 F1=0.6975 MCC=0.6827
Epoch 018 val  : loss=0.2587 AUROC=0.9620 AUPRC=0.3845 BalAcc=0.9008 F1=0.1616 MCC=0.2651
  learning_rate_used=2.792e-04; learning_rate_next=2.767e-04; elapsed=134.7s
  negatives seen=100.0%; hard negatives=0
Epoch 019 train: loss=0.3802 AUROC=0.9737 AUPRC=0.8169 BalAcc=0.9219 F1=0.7021 MCC=0.6882
Epoch 019 val  : loss=0.1903 AUROC=0.9658 AUPRC=0.4152 BalAcc=0.8966 F1=0.2212 MCC=0.3156
  learning_rate_used=2.767e-04; learning_rate_next=2.741e-04; elapsed=134.6s
  saved new best checkpoint: /data/projects/SFB_A03/jan/AT_TFBS/human301/runs/BATF2/multitf_20261006_033507_932031_base_seed1/best_model.pt (objective=classification-auprc, score=0.415150)
  negatives seen=100.0%; hard negatives=0
Epoch 020 train: loss=0.3799 AUROC=0.9743 AUPRC=0.8198 BalAcc=0.9220 F1=0.7048 MCC=0.6906
Epoch 020 val  : loss=0.1669 AUROC=0.9574 AUPRC=0.3266 BalAcc=0.8285 F1=0.2949 MCC=0.3482
  learning_rate_used=2.741e-04; learning_rate_next=2.714e-04; elapsed=134.6s
  negatives seen=100.0%; hard negatives=0
Epoch 021 train: loss=0.3653 AUROC=0.9762 AUPRC=0.8317 BalAcc=0.9246 F1=0.7138 MCC=0.6996
Epoch 021 val  : loss=0.1543 AUROC=0.9659 AUPRC=0.4087 BalAcc=0.8786 F1=0.2813 MCC=0.3574
  learning_rate_used=2.714e-04; learning_rate_next=2.686e-04; elapsed=134.5s
  negatives seen=100.0%; hard negatives=0
Epoch 022 train: loss=0.3664 AUROC=0.9758 AUPRC=0.8255 BalAcc=0.9249 F1=0.7146 MCC=0.7005
Epoch 022 val  : loss=0.2174 AUROC=0.9660 AUPRC=0.4192 BalAcc=0.9045 F1=0.1926 MCC=0.2939
  learning_rate_used=2.686e-04; learning_rate_next=2.657e-04; elapsed=134.7s
  saved new best checkpoint: /data/projects/SFB_A03/jan/AT_TFBS/human301/runs/BATF2/multitf_20261006_033507_932031_base_seed1/best_model.pt (objective=classification-auprc, score=0.419187)
  negatives seen=100.0%; hard negatives=0
Epoch 023 train: loss=0.3605 AUROC=0.9766 AUPRC=0.8303 BalAcc=0.9264 F1=0.7180 MCC=0.7041
Epoch 023 val  : loss=0.3915 AUROC=0.9666 AUPRC=0.4261 BalAcc=0.8978 F1=0.1079 MCC=0.2122
  learning_rate_used=2.657e-04; learning_rate_next=2.626e-04; elapsed=134.5s
  saved new best checkpoint: /data/projects/SFB_A03/jan/AT_TFBS/human301/runs/BATF2/multitf_20261006_033507_932031_base_seed1/best_model.pt (objective=classification-auprc, score=0.426065)
  negatives seen=100.0%; hard negatives=0
Epoch 024 train: loss=0.3561 AUROC=0.9773 AUPRC=0.8314 BalAcc=0.9262 F1=0.7196 MCC=0.7055
Epoch 024 val  : loss=0.2569 AUROC=0.9667 AUPRC=0.4315 BalAcc=0.9089 F1=0.1649 MCC=0.2709
  learning_rate_used=2.626e-04; learning_rate_next=2.595e-04; elapsed=134.5s
  saved new best checkpoint: /data/projects/SFB_A03/jan/AT_TFBS/human301/runs/BATF2/multitf_20261006_033507_932031_base_seed1/best_model.pt (objective=classification-auprc, score=0.431535)
  negatives seen=100.0%; hard negatives=0
Epoch 025 train: loss=0.3443 AUROC=0.9786 AUPRC=0.8387 BalAcc=0.9297 F1=0.7290 MCC=0.7153
Epoch 025 val  : loss=0.2807 AUROC=0.9668 AUPRC=0.4241 BalAcc=0.9103 F1=0.1591 MCC=0.2660
  learning_rate_used=2.595e-04; learning_rate_next=2.562e-04; elapsed=134.4s
  negatives seen=100.0%; hard negatives=0
Epoch 026 train: loss=0.3473 AUROC=0.9785 AUPRC=0.8351 BalAcc=0.9295 F1=0.7325 MCC=0.7183
Epoch 026 val  : loss=0.1604 AUROC=0.9666 AUPRC=0.4257 BalAcc=0.8801 F1=0.2732 MCC=0.3516
  learning_rate_used=2.562e-04; learning_rate_next=2.528e-04; elapsed=134.7s
  negatives seen=100.0%; hard negatives=0
Epoch 027 train: loss=0.3392 AUROC=0.9794 AUPRC=0.8405 BalAcc=0.9313 F1=0.7334 MCC=0.7198
Epoch 027 val  : loss=0.2602 AUROC=0.9669 AUPRC=0.4312 BalAcc=0.9072 F1=0.1715 MCC=0.2762
  learning_rate_used=2.528e-04; learning_rate_next=2.494e-04; elapsed=134.9s
  negatives seen=100.0%; hard negatives=0
Epoch 028 train: loss=0.3329 AUROC=0.9797 AUPRC=0.8428 BalAcc=0.9336 F1=0.7404 MCC=0.7270
Epoch 028 val  : loss=0.2167 AUROC=0.9680 AUPRC=0.4233 BalAcc=0.9057 F1=0.2021 MCC=0.3026
  learning_rate_used=2.494e-04; learning_rate_next=2.458e-04; elapsed=134.7s
  negatives seen=100.0%; hard negatives=0
Epoch 029 train: loss=0.3247 AUROC=0.9807 AUPRC=0.8446 BalAcc=0.9350 F1=0.7435 MCC=0.7303
Epoch 029 val  : loss=0.2579 AUROC=0.9681 AUPRC=0.4337 BalAcc=0.9111 F1=0.1667 MCC=0.2731
  learning_rate_used=2.458e-04; learning_rate_next=2.421e-04; elapsed=134.6s
  saved new best checkpoint: /data/projects/SFB_A03/jan/AT_TFBS/human301/runs/BATF2/multitf_20261006_033507_932031_base_seed1/best_model.pt (objective=classification-auprc, score=0.433655)
  negatives seen=100.0%; hard negatives=0
Epoch 030 train: loss=0.3257 AUROC=0.9806 AUPRC=0.8459 BalAcc=0.9350 F1=0.7438 MCC=0.7306
Epoch 030 val  : loss=0.1767 AUROC=0.9647 AUPRC=0.4104 BalAcc=0.8889 F1=0.2464 MCC=0.3335
  learning_rate_used=2.421e-04; learning_rate_next=2.384e-04; elapsed=134.8s
  negatives seen=100.0%; hard negatives=0
Epoch 031 train: loss=0.3176 AUROC=0.9815 AUPRC=0.8501 BalAcc=0.9366 F1=0.7478 MCC=0.7349
Epoch 031 val  : loss=0.1683 AUROC=0.9680 AUPRC=0.4355 BalAcc=0.8923 F1=0.2574 MCC=0.3437
  learning_rate_used=2.384e-04; learning_rate_next=2.345e-04; elapsed=134.4s
  saved new best checkpoint: /data/projects/SFB_A03/jan/AT_TFBS/human301/runs/BATF2/multitf_20261006_033507_932031_base_seed1/best_model.pt (objective=classification-auprc, score=0.435475)
  negatives seen=100.0%; hard negatives=0
Epoch 032 train: loss=0.3145 AUROC=0.9819 AUPRC=0.8507 BalAcc=0.9368 F1=0.7491 MCC=0.7361
Epoch 032 val  : loss=0.1780 AUROC=0.9665 AUPRC=0.4251 BalAcc=0.8940 F1=0.2318 MCC=0.3234
  learning_rate_used=2.345e-04; learning_rate_next=2.306e-04; elapsed=134.1s
  negatives seen=100.0%; hard negatives=0
Epoch 033 train: loss=0.3088 AUROC=0.9826 AUPRC=0.8607 BalAcc=0.9383 F1=0.7606 MCC=0.7472
Epoch 033 val  : loss=0.1897 AUROC=0.9669 AUPRC=0.4246 BalAcc=0.9016 F1=0.2263 MCC=0.3216
  learning_rate_used=2.306e-04; learning_rate_next=2.266e-04; elapsed=134.5s
  negatives seen=100.0%; hard negatives=0
Epoch 034 train: loss=0.3004 AUROC=0.9833 AUPRC=0.8592 BalAcc=0.9399 F1=0.7618 MCC=0.7488
Epoch 034 val  : loss=0.1961 AUROC=0.9640 AUPRC=0.3991 BalAcc=0.8920 F1=0.2187 MCC=0.3118
  learning_rate_used=2.266e-04; learning_rate_next=2.225e-04; elapsed=134.4s
  negatives seen=100.0%; hard negatives=0
Epoch 035 train: loss=0.3005 AUROC=0.9831 AUPRC=0.8612 BalAcc=0.9414 F1=0.7632 MCC=0.7506
Epoch 035 val  : loss=0.1950 AUROC=0.9666 AUPRC=0.4345 BalAcc=0.8999 F1=0.2194 MCC=0.3152
  learning_rate_used=2.225e-04; learning_rate_next=2.184e-04; elapsed=134.6s
  negatives seen=100.0%; hard negatives=0
Epoch 036 train: loss=0.2921 AUROC=0.9839 AUPRC=0.8633 BalAcc=0.9425 F1=0.7698 MCC=0.7571
Epoch 036 val  : loss=0.1519 AUROC=0.9681 AUPRC=0.4355 BalAcc=0.8803 F1=0.2932 MCC=0.3675
  learning_rate_used=2.184e-04; learning_rate_next=2.142e-04; elapsed=134.5s
  negatives seen=100.0%; hard negatives=0
Epoch 037 train: loss=0.2944 AUROC=0.9839 AUPRC=0.8612 BalAcc=0.9418 F1=0.7683 MCC=0.7554
Epoch 037 val  : loss=0.1804 AUROC=0.9647 AUPRC=0.3837 BalAcc=0.8865 F1=0.2416 MCC=0.3286
  learning_rate_used=2.142e-04; learning_rate_next=2.099e-04; elapsed=134.3s
  negatives seen=100.0%; hard negatives=0
Epoch 038 train: loss=0.2853 AUROC=0.9847 AUPRC=0.8671 BalAcc=0.9440 F1=0.7739 MCC=0.7614
Epoch 038 val  : loss=0.1696 AUROC=0.9655 AUPRC=0.4020 BalAcc=0.8848 F1=0.2541 MCC=0.3382
  learning_rate_used=2.099e-04; learning_rate_next=2.055e-04; elapsed=134.1s
  negatives seen=100.0%; hard negatives=0
Epoch 039 train: loss=0.2785 AUROC=0.9854 AUPRC=0.8695 BalAcc=0.9464 F1=0.7808 MCC=0.7686
Epoch 039 val  : loss=0.1626 AUROC=0.9660 AUPRC=0.4055 BalAcc=0.8773 F1=0.2777 MCC=0.3541
  learning_rate_used=2.055e-04; learning_rate_next=2.011e-04; elapsed=134.3s
  negatives seen=100.0%; hard negatives=0
Epoch 040 train: loss=0.2844 AUROC=0.9848 AUPRC=0.8666 BalAcc=0.9439 F1=0.7783 MCC=0.7655
Epoch 040 val  : loss=0.1494 AUROC=0.9674 AUPRC=0.4350 BalAcc=0.8757 F1=0.3100 MCC=0.3788
  learning_rate_used=2.011e-04; learning_rate_next=1.967e-04; elapsed=134.2s
  negatives seen=100.0%; hard negatives=0
Epoch 041 train: loss=0.2733 AUROC=0.9863 AUPRC=0.8762 BalAcc=0.9459 F1=0.7850 MCC=0.7723
Epoch 041 val  : loss=0.1434 AUROC=0.9676 AUPRC=0.4302 BalAcc=0.8669 F1=0.3378 MCC=0.3968
  learning_rate_used=1.967e-04; learning_rate_next=1.922e-04; elapsed=134.4s
  negatives seen=100.0%; hard negatives=0
Epoch 042 train: loss=0.2644 AUROC=0.9865 AUPRC=0.8757 BalAcc=0.9479 F1=0.7895 MCC=0.7772
Epoch 042 val  : loss=0.1710 AUROC=0.9675 AUPRC=0.4232 BalAcc=0.8947 F1=0.2546 MCC=0.3423
  learning_rate_used=1.922e-04; learning_rate_next=1.877e-04; elapsed=134.6s
  negatives seen=100.0%; hard negatives=0
Epoch 043 train: loss=0.2650 AUROC=0.9867 AUPRC=0.8768 BalAcc=0.9471 F1=0.7875 MCC=0.7751
Epoch 043 val  : loss=0.1695 AUROC=0.9655 AUPRC=0.4010 BalAcc=0.8804 F1=0.2641 MCC=0.3444
  learning_rate_used=1.877e-04; learning_rate_next=1.831e-04; elapsed=134.3s
  negatives seen=100.0%; hard negatives=0
Epoch 044 train: loss=0.2539 AUROC=0.9878 AUPRC=0.8838 BalAcc=0.9498 F1=0.7984 MCC=0.7862
Epoch 044 val  : loss=0.1710 AUROC=0.9649 AUPRC=0.4187 BalAcc=0.8822 F1=0.2623 MCC=0.3437
  learning_rate_used=1.831e-04; learning_rate_next=1.785e-04; elapsed=134.3s
  negatives seen=100.0%; hard negatives=0
Epoch 045 train: loss=0.2613 AUROC=0.9868 AUPRC=0.8788 BalAcc=0.9497 F1=0.7959 MCC=0.7838
Epoch 045 val  : loss=0.1589 AUROC=0.9678 AUPRC=0.4324 BalAcc=0.8871 F1=0.2770 MCC=0.3573
  learning_rate_used=1.785e-04; learning_rate_next=1.739e-04; elapsed=134.4s
  negatives seen=100.0%; hard negatives=0
Epoch 046 train: loss=0.2501 AUROC=0.9878 AUPRC=0.8822 BalAcc=0.9514 F1=0.8019 MCC=0.7900
Epoch 046 val  : loss=0.1564 AUROC=0.9671 AUPRC=0.4242 BalAcc=0.8793 F1=0.2902 MCC=0.3647
  learning_rate_used=1.739e-04; learning_rate_next=1.692e-04; elapsed=134.3s
  negatives seen=100.0%; hard negatives=0
Epoch 047 train: loss=0.2505 AUROC=0.9881 AUPRC=0.8862 BalAcc=0.9509 F1=0.8035 MCC=0.7913
Epoch 047 val  : loss=0.2071 AUROC=0.9663 AUPRC=0.4147 BalAcc=0.8995 F1=0.2127 MCC=0.3094
  learning_rate_used=1.692e-04; learning_rate_next=1.646e-04; elapsed=134.2s
  negatives seen=100.0%; hard negatives=0
Epoch 048 train: loss=0.2415 AUROC=0.9885 AUPRC=0.8870 BalAcc=0.9530 F1=0.8068 MCC=0.7951
Epoch 048 val  : loss=0.1800 AUROC=0.9649 AUPRC=0.4284 BalAcc=0.8889 F1=0.2463 MCC=0.3334
  learning_rate_used=1.646e-04; learning_rate_next=1.599e-04; elapsed=134.6s
  negatives seen=100.0%; hard negatives=0
Epoch 049 train: loss=0.2455 AUROC=0.9884 AUPRC=0.8902 BalAcc=0.9526 F1=0.8071 MCC=0.7953
Epoch 049 val  : loss=0.1622 AUROC=0.9677 AUPRC=0.4381 BalAcc=0.8899 F1=0.2709 MCC=0.3535
  learning_rate_used=1.599e-04; learning_rate_next=1.552e-04; elapsed=134.0s
  saved new best checkpoint: /data/projects/SFB_A03/jan/AT_TFBS/human301/runs/BATF2/multitf_20261006_033507_932031_base_seed1/best_model.pt (objective=classification-auprc, score=0.438131)
  negatives seen=100.0%; hard negatives=0
Epoch 050 train: loss=0.2383 AUROC=0.9887 AUPRC=0.8895 BalAcc=0.9537 F1=0.8084 MCC=0.7968
Epoch 050 val  : loss=0.1489 AUROC=0.9677 AUPRC=0.4373 BalAcc=0.8769 F1=0.3052 MCC=0.3756
  learning_rate_used=1.552e-04; learning_rate_next=1.505e-04; elapsed=134.4s
  negatives seen=100.0%; hard negatives=0
Epoch 051 train: loss=0.2316 AUROC=0.9898 AUPRC=0.9002 BalAcc=0.9559 F1=0.8223 MCC=0.8108
Epoch 051 val  : loss=0.1723 AUROC=0.9687 AUPRC=0.4432 BalAcc=0.8976 F1=0.2537 MCC=0.3426
  learning_rate_used=1.505e-04; learning_rate_next=1.458e-04; elapsed=134.3s
  saved new best checkpoint: /data/projects/SFB_A03/jan/AT_TFBS/human301/runs/BATF2/multitf_20261006_033507_932031_base_seed1/best_model.pt (objective=classification-auprc, score=0.443203)
  negatives seen=100.0%; hard negatives=0
Epoch 052 train: loss=0.2270 AUROC=0.9899 AUPRC=0.8970 BalAcc=0.9562 F1=0.8211 MCC=0.8097
Epoch 052 val  : loss=0.1474 AUROC=0.9682 AUPRC=0.4398 BalAcc=0.8657 F1=0.3265 MCC=0.3876
  learning_rate_used=1.458e-04; learning_rate_next=1.411e-04; elapsed=134.2s
  negatives seen=100.0%; hard negatives=0
Epoch 053 train: loss=0.2264 AUROC=0.9899 AUPRC=0.8990 BalAcc=0.9571 F1=0.8229 MCC=0.8116
Epoch 053 val  : loss=0.1866 AUROC=0.9675 AUPRC=0.4469 BalAcc=0.9007 F1=0.2368 MCC=0.3300
  learning_rate_used=1.411e-04; learning_rate_next=1.364e-04; elapsed=134.3s
  saved new best checkpoint: /data/projects/SFB_A03/jan/AT_TFBS/human301/runs/BATF2/multitf_20261006_033507_932031_base_seed1/best_model.pt (objective=classification-auprc, score=0.446891)
  negatives seen=100.0%; hard negatives=0
Epoch 054 train: loss=0.2183 AUROC=0.9904 AUPRC=0.9009 BalAcc=0.9588 F1=0.8276 MCC=0.8166
Epoch 054 val  : loss=0.1423 AUROC=0.9668 AUPRC=0.4298 BalAcc=0.8548 F1=0.3547 MCC=0.4050
  learning_rate_used=1.364e-04; learning_rate_next=1.318e-04; elapsed=134.3s
  negatives seen=100.0%; hard negatives=0
Epoch 055 train: loss=0.2172 AUROC=0.9905 AUPRC=0.9018 BalAcc=0.9588 F1=0.8305 MCC=0.8194
Epoch 055 val  : loss=0.1473 AUROC=0.9666 AUPRC=0.4340 BalAcc=0.8604 F1=0.3360 MCC=0.3928
  learning_rate_used=1.318e-04; learning_rate_next=1.271e-04; elapsed=134.7s
  negatives seen=100.0%; hard negatives=0
Epoch 056 train: loss=0.2140 AUROC=0.9907 AUPRC=0.9007 BalAcc=0.9577 F1=0.8289 MCC=0.8176
Epoch 056 val  : loss=0.1413 AUROC=0.9679 AUPRC=0.4395 BalAcc=0.8561 F1=0.3482 MCC=0.4005
  learning_rate_used=1.271e-04; learning_rate_next=1.225e-04; elapsed=134.2s
  negatives seen=100.0%; hard negatives=0
Epoch 057 train: loss=0.2086 AUROC=0.9910 AUPRC=0.9059 BalAcc=0.9600 F1=0.8304 MCC=0.8197
Epoch 057 val  : loss=0.1461 AUROC=0.9671 AUPRC=0.4354 BalAcc=0.8618 F1=0.3318 MCC=0.3901
  learning_rate_used=1.225e-04; learning_rate_next=1.179e-04; elapsed=134.5s
  negatives seen=100.0%; hard negatives=0
Epoch 058 train: loss=0.2071 AUROC=0.9913 AUPRC=0.9091 BalAcc=0.9610 F1=0.8374 MCC=0.8267
Epoch 058 val  : loss=0.1513 AUROC=0.9658 AUPRC=0.4346 BalAcc=0.8636 F1=0.3297 MCC=0.3892
  learning_rate_used=1.179e-04; learning_rate_next=1.133e-04; elapsed=134.2s
  negatives seen=100.0%; hard negatives=0
Epoch 059 train: loss=0.2058 AUROC=0.9911 AUPRC=0.9070 BalAcc=0.9602 F1=0.8347 MCC=0.8238
Epoch 059 val  : loss=0.1479 AUROC=0.9666 AUPRC=0.4413 BalAcc=0.8743 F1=0.3129 MCC=0.3805
  learning_rate_used=1.133e-04; learning_rate_next=1.088e-04; elapsed=134.4s
  negatives seen=100.0%; hard negatives=0
Epoch 060 train: loss=0.2027 AUROC=0.9913 AUPRC=0.9092 BalAcc=0.9619 F1=0.8403 MCC=0.8297
Epoch 060 val  : loss=0.1554 AUROC=0.9665 AUPRC=0.4266 BalAcc=0.8589 F1=0.3288 MCC=0.3866
  learning_rate_used=1.088e-04; learning_rate_next=1.043e-04; elapsed=134.5s
  negatives seen=100.0%; hard negatives=0
Epoch 061 train: loss=0.2006 AUROC=0.9918 AUPRC=0.9117 BalAcc=0.9623 F1=0.8450 MCC=0.8344
Epoch 061 val  : loss=0.1458 AUROC=0.9666 AUPRC=0.4350 BalAcc=0.8490 F1=0.3605 MCC=0.4071
  learning_rate_used=1.043e-04; learning_rate_next=9.986e-05; elapsed=135.1s
  negatives seen=100.0%; hard negatives=0
Epoch 062 train: loss=0.1904 AUROC=0.9922 AUPRC=0.9149 BalAcc=0.9636 F1=0.8472 MCC=0.8368
Epoch 062 val  : loss=0.1442 AUROC=0.9673 AUPRC=0.4361 BalAcc=0.8571 F1=0.3521 MCC=0.4039
  learning_rate_used=9.986e-05; learning_rate_next=9.547e-05; elapsed=134.1s
  negatives seen=100.0%; hard negatives=0
Epoch 063 train: loss=0.1939 AUROC=0.9921 AUPRC=0.9128 BalAcc=0.9639 F1=0.8510 MCC=0.8407
Epoch 063 val  : loss=0.1459 AUROC=0.9672 AUPRC=0.4378 BalAcc=0.8497 F1=0.3723 MCC=0.4165
  learning_rate_used=9.547e-05; learning_rate_next=9.113e-05; elapsed=134.2s
  negatives seen=100.0%; hard negatives=0
Epoch 064 train: loss=0.1901 AUROC=0.9923 AUPRC=0.9179 BalAcc=0.9642 F1=0.8515 MCC=0.8413
Epoch 064 val  : loss=0.1490 AUROC=0.9661 AUPRC=0.4281 BalAcc=0.8456 F1=0.3577 MCC=0.4036
  learning_rate_used=9.113e-05; learning_rate_next=8.685e-05; elapsed=134.2s
  negatives seen=100.0%; hard negatives=0
Epoch 065 train: loss=0.1866 AUROC=0.9925 AUPRC=0.9190 BalAcc=0.9646 F1=0.8527 MCC=0.8425
Epoch 065 val  : loss=0.1544 AUROC=0.9653 AUPRC=0.4210 BalAcc=0.8439 F1=0.3548 MCC=0.4007
  learning_rate_used=8.685e-05; learning_rate_next=8.263e-05; elapsed=133.8s
  negatives seen=100.0%; hard negatives=0
Epoch 066 train: loss=0.1857 AUROC=0.9926 AUPRC=0.9179 BalAcc=0.9658 F1=0.8563 MCC=0.8463
Epoch 066 val  : loss=0.1531 AUROC=0.9665 AUPRC=0.4340 BalAcc=0.8443 F1=0.3779 MCC=0.4188
  learning_rate_used=8.263e-05; learning_rate_next=7.848e-05; elapsed=133.9s
  negatives seen=100.0%; hard negatives=0
Epoch 067 train: loss=0.1812 AUROC=0.9929 AUPRC=0.9196 BalAcc=0.9668 F1=0.8625 MCC=0.8526
Epoch 067 val  : loss=0.1472 AUROC=0.9667 AUPRC=0.4363 BalAcc=0.8518 F1=0.3605 MCC=0.4083
  learning_rate_used=7.848e-05; learning_rate_next=7.440e-05; elapsed=134.2s
  negatives seen=100.0%; hard negatives=0
Epoch 068 train: loss=0.1865 AUROC=0.9927 AUPRC=0.9170 BalAcc=0.9649 F1=0.8563 MCC=0.8461
Epoch 068 val  : loss=0.1506 AUROC=0.9664 AUPRC=0.4363 BalAcc=0.8566 F1=0.3410 MCC=0.3951
  learning_rate_used=7.440e-05; learning_rate_next=7.039e-05; elapsed=134.5s
  negatives seen=100.0%; hard negatives=0
Epoch 069 train: loss=0.1808 AUROC=0.9929 AUPRC=0.9207 BalAcc=0.9667 F1=0.8593 MCC=0.8495
Epoch 069 val  : loss=0.1535 AUROC=0.9644 AUPRC=0.4234 BalAcc=0.8397 F1=0.3649 MCC=0.4068
  learning_rate_used=7.039e-05; learning_rate_next=6.647e-05; elapsed=134.7s
  negatives seen=100.0%; hard negatives=0
Epoch 070 train: loss=0.1729 AUROC=0.9934 AUPRC=0.9246 BalAcc=0.9678 F1=0.8642 MCC=0.8546
Epoch 070 val  : loss=0.1478 AUROC=0.9665 AUPRC=0.4408 BalAcc=0.8524 F1=0.3679 MCC=0.4142
  learning_rate_used=6.647e-05; learning_rate_next=6.263e-05; elapsed=134.4s
  negatives seen=100.0%; hard negatives=0
Epoch 071 train: loss=0.1759 AUROC=0.9935 AUPRC=0.9257 BalAcc=0.9670 F1=0.8671 MCC=0.8573
Epoch 071 val  : loss=0.1516 AUROC=0.9666 AUPRC=0.4390 BalAcc=0.8587 F1=0.3528 MCC=0.4051
  learning_rate_used=6.263e-05; learning_rate_next=5.887e-05; elapsed=134.4s
  negatives seen=100.0%; hard negatives=0
Epoch 072 train: loss=0.1647 AUROC=0.9941 AUPRC=0.9316 BalAcc=0.9687 F1=0.8731 MCC=0.8636
Epoch 072 val  : loss=0.1561 AUROC=0.9657 AUPRC=0.4344 BalAcc=0.8391 F1=0.3784 MCC=0.4171
  learning_rate_used=5.887e-05; learning_rate_next=5.521e-05; elapsed=134.2s
  negatives seen=100.0%; hard negatives=0
Epoch 073 train: loss=0.1669 AUROC=0.9937 AUPRC=0.9255 BalAcc=0.9701 F1=0.8748 MCC=0.8656
Epoch 073 val  : loss=0.1489 AUROC=0.9668 AUPRC=0.4407 BalAcc=0.8484 F1=0.3726 MCC=0.4162
  learning_rate_used=5.521e-05; learning_rate_next=5.163e-05; elapsed=134.6s
Early stopping after 73 epochs.
Binary threshold: 0.982372 (strategy=val-mcc, validation_score=0.473898)
TEST chr10,chr12,chr14,chr16,chr18,chr2,chr20,chr22,chr4,chr6,chr8: loss=0.1858 AUROC=0.9680 AUPRC=0.4600 BalAcc=0.7492 F1=0.4784 MCC=0.4735
Outputs written to /data/projects/SFB_A03/jan/AT_TFBS/human301/runs/BATF2/multitf_20261006_033507_932031_base_seed1
Binary predictions: binary_classification_results.tsv
Binary metrics: binary_classification_metrics.json
ROC plot: roc_curve.png
Precision-recall plot: precision_recall_curve.png
Confusion matrix: binary_confusion_matrix.tsv
