TF=MAX train=GHTS seed=4 model=hum301_motif64_local.py
/home/jbossenz/miniforge3/envs/at_env/bin/python -u /data/projects/SFB_A03/jan/AT_TFBS/human301/hum301_motif64_local.py train --cache /data/projects/SFB_A03/jan/AT_TFBS/raw_data/human/ArchThalia-ML/MAX/GHTS/dataset.npz --output-dir /data/projects/SFB_A03/jan/AT_TFBS/human301/runs/MAX/crossassay_archthalia_20261009_144503_1046783/GHTS_seed4 --input-length 256 --embed-channels 64 --encoder-channels 80 96 128 --heads 4 --ffn-channels 256 --classification-readout local-logsumexp --task-mode classification --checkpoint-objective classification-auprc --threshold-strategy val-mcc --negatives-per-positive 10 --batch-size 88 --hard-negative-fraction 0 --epochs 100 --patience 20 --learning-rate 0.0003 --min-learning-rate 0.000001 --weight-decay 0.0001 --dropout 0.1 --activation relu --reverse-complement-probability 0.5 --eval-crops multi --eval-rc --no-balanced-evaluation --eval-batch-size 128 --num-workers 2 --seed 4 --device cuda --skip-test
Window geometry: 256 bp from 301 bp; crop starts 0..45; shifts -22..+23; fresh uniform draw per access
Evaluation: crops (0, 22, 23, 45), reverse complement=True; all samples
train: n=1,148,673, positive=11,373, negative=1,137,300
  val: n=302,394, positive=2,994, negative=299,400
 test: n=1,265,934, positive=12,534, negative=1,253,400
Device: cuda
Hidden activation: RELU
Parameters: 1,032,981 total; 1,032,981 trainable
Architecture: motif kernels 9/12; encoder 128/64/64; original five-block bottleneck at 64; decoder 64/128/256
  negatives seen=10.0%; hard negatives=0
Epoch 001 train: loss=0.2265 AUROC=0.9912 AUPRC=0.9359 BalAcc=0.9567 F1=0.8377 MCC=0.8260
Epoch 001 val  : loss=0.0720 AUROC=0.9968 AUPRC=0.8852 BalAcc=0.9788 F1=0.4381 MCC=0.5194
  learning_rate_used=3.000e-04; learning_rate_next=2.999e-04; elapsed=141.2s
  saved new best checkpoint: /data/projects/SFB_A03/jan/AT_TFBS/human301/runs/MAX/crossassay_archthalia_20261009_144503_1046783/GHTS_seed4/best_model.pt (objective=classification-auprc, score=0.885241)
  negatives seen=20.0%; hard negatives=0
Epoch 002 train: loss=0.1638 AUROC=0.9947 AUPRC=0.9599 BalAcc=0.9721 F1=0.8897 MCC=0.8809
Epoch 002 val  : loss=0.0624 AUROC=0.9971 AUPRC=0.8957 BalAcc=0.9809 F1=0.4716 MCC=0.5460
  learning_rate_used=2.999e-04; learning_rate_next=2.997e-04; elapsed=140.0s
  saved new best checkpoint: /data/projects/SFB_A03/jan/AT_TFBS/human301/runs/MAX/crossassay_archthalia_20261009_144503_1046783/GHTS_seed4/best_model.pt (objective=classification-auprc, score=0.895743)
  negatives seen=30.0%; hard negatives=0
Epoch 003 train: loss=0.1504 AUROC=0.9956 AUPRC=0.9662 BalAcc=0.9740 F1=0.9001 MCC=0.8919
Epoch 003 val  : loss=0.0496 AUROC=0.9967 AUPRC=0.8609 BalAcc=0.9770 F1=0.5603 MCC=0.6129
  learning_rate_used=2.997e-04; learning_rate_next=2.993e-04; elapsed=138.5s
  negatives seen=40.0%; hard negatives=0
Epoch 004 train: loss=0.1424 AUROC=0.9960 AUPRC=0.9705 BalAcc=0.9752 F1=0.9059 MCC=0.8980
Epoch 004 val  : loss=0.0375 AUROC=0.9972 AUPRC=0.8899 BalAcc=0.9632 F1=0.7059 MCC=0.7247
  learning_rate_used=2.993e-04; learning_rate_next=2.988e-04; elapsed=140.3s
  negatives seen=50.0%; hard negatives=0
Epoch 005 train: loss=0.1315 AUROC=0.9963 AUPRC=0.9718 BalAcc=0.9779 F1=0.9092 MCC=0.9018
Epoch 005 val  : loss=0.0371 AUROC=0.9973 AUPRC=0.9038 BalAcc=0.9736 F1=0.6682 MCC=0.6971
  learning_rate_used=2.988e-04; learning_rate_next=2.982e-04; elapsed=139.4s
  saved new best checkpoint: /data/projects/SFB_A03/jan/AT_TFBS/human301/runs/MAX/crossassay_archthalia_20261009_144503_1046783/GHTS_seed4/best_model.pt (objective=classification-auprc, score=0.903776)
  negatives seen=60.0%; hard negatives=0
Epoch 006 train: loss=0.1294 AUROC=0.9966 AUPRC=0.9729 BalAcc=0.9781 F1=0.9130 MCC=0.9057
Epoch 006 val  : loss=0.0428 AUROC=0.9975 AUPRC=0.9116 BalAcc=0.9796 F1=0.6038 MCC=0.6479
  learning_rate_used=2.982e-04; learning_rate_next=2.974e-04; elapsed=141.0s
  saved new best checkpoint: /data/projects/SFB_A03/jan/AT_TFBS/human301/runs/MAX/crossassay_archthalia_20261009_144503_1046783/GHTS_seed4/best_model.pt (objective=classification-auprc, score=0.911584)
  negatives seen=70.0%; hard negatives=0
Epoch 007 train: loss=0.1246 AUROC=0.9967 AUPRC=0.9750 BalAcc=0.9783 F1=0.9139 MCC=0.9067
Epoch 007 val  : loss=0.0516 AUROC=0.9977 AUPRC=0.9150 BalAcc=0.9814 F1=0.5452 MCC=0.6029
  learning_rate_used=2.974e-04; learning_rate_next=2.964e-04; elapsed=138.5s
  saved new best checkpoint: /data/projects/SFB_A03/jan/AT_TFBS/human301/runs/MAX/crossassay_archthalia_20261009_144503_1046783/GHTS_seed4/best_model.pt (objective=classification-auprc, score=0.914982)
  negatives seen=80.0%; hard negatives=0
Epoch 008 train: loss=0.1194 AUROC=0.9970 AUPRC=0.9763 BalAcc=0.9797 F1=0.9182 MCC=0.9114
Epoch 008 val  : loss=0.0428 AUROC=0.9976 AUPRC=0.9016 BalAcc=0.9793 F1=0.5951 MCC=0.6410
  learning_rate_used=2.964e-04; learning_rate_next=2.953e-04; elapsed=139.4s
  negatives seen=90.0%; hard negatives=0
Epoch 009 train: loss=0.1181 AUROC=0.9971 AUPRC=0.9763 BalAcc=0.9792 F1=0.9152 MCC=0.9082
Epoch 009 val  : loss=0.0371 AUROC=0.9977 AUPRC=0.9130 BalAcc=0.9771 F1=0.6655 MCC=0.6962
  learning_rate_used=2.953e-04; learning_rate_next=2.941e-04; elapsed=138.7s
  negatives seen=100.0%; hard negatives=0
Epoch 010 train: loss=0.1163 AUROC=0.9971 AUPRC=0.9780 BalAcc=0.9805 F1=0.9195 MCC=0.9128
Epoch 010 val  : loss=0.0354 AUROC=0.9975 AUPRC=0.9046 BalAcc=0.9600 F1=0.7651 MCC=0.7743
  learning_rate_used=2.941e-04; learning_rate_next=2.927e-04; elapsed=140.8s
  negatives seen=100.0%; hard negatives=0
Epoch 011 train: loss=0.1163 AUROC=0.9970 AUPRC=0.9762 BalAcc=0.9803 F1=0.9195 MCC=0.9128
Epoch 011 val  : loss=0.0389 AUROC=0.9973 AUPRC=0.9129 BalAcc=0.9778 F1=0.6359 MCC=0.6727
  learning_rate_used=2.927e-04; learning_rate_next=2.912e-04; elapsed=141.2s
  negatives seen=100.0%; hard negatives=0
Epoch 012 train: loss=0.1125 AUROC=0.9971 AUPRC=0.9787 BalAcc=0.9806 F1=0.9205 MCC=0.9138
Epoch 012 val  : loss=0.0461 AUROC=0.9978 AUPRC=0.9105 BalAcc=0.9811 F1=0.5819 MCC=0.6314
  learning_rate_used=2.912e-04; learning_rate_next=2.895e-04; elapsed=138.6s
  negatives seen=100.0%; hard negatives=0
Epoch 013 train: loss=0.1100 AUROC=0.9973 AUPRC=0.9793 BalAcc=0.9811 F1=0.9238 MCC=0.9173
Epoch 013 val  : loss=0.0401 AUROC=0.9977 AUPRC=0.9140 BalAcc=0.9800 F1=0.6197 MCC=0.6607
  learning_rate_used=2.895e-04; learning_rate_next=2.877e-04; elapsed=139.3s
  negatives seen=100.0%; hard negatives=0
Epoch 014 train: loss=0.1056 AUROC=0.9975 AUPRC=0.9806 BalAcc=0.9816 F1=0.9263 MCC=0.9200
Epoch 014 val  : loss=0.0497 AUROC=0.9980 AUPRC=0.9208 BalAcc=0.9832 F1=0.5499 MCC=0.6073
  learning_rate_used=2.877e-04; learning_rate_next=2.858e-04; elapsed=140.1s
  saved new best checkpoint: /data/projects/SFB_A03/jan/AT_TFBS/human301/runs/MAX/crossassay_archthalia_20261009_144503_1046783/GHTS_seed4/best_model.pt (objective=classification-auprc, score=0.920832)
  negatives seen=100.0%; hard negatives=0
Epoch 015 train: loss=0.1058 AUROC=0.9976 AUPRC=0.9806 BalAcc=0.9817 F1=0.9242 MCC=0.9179
Epoch 015 val  : loss=0.0370 AUROC=0.9974 AUPRC=0.9112 BalAcc=0.9750 F1=0.6735 MCC=0.7019
  learning_rate_used=2.858e-04; learning_rate_next=2.837e-04; elapsed=139.2s
  negatives seen=100.0%; hard negatives=0
Epoch 016 train: loss=0.1053 AUROC=0.9975 AUPRC=0.9794 BalAcc=0.9819 F1=0.9263 MCC=0.9200
Epoch 016 val  : loss=0.0461 AUROC=0.9981 AUPRC=0.9194 BalAcc=0.9817 F1=0.5808 MCC=0.6308
  learning_rate_used=2.837e-04; learning_rate_next=2.815e-04; elapsed=137.8s
  negatives seen=100.0%; hard negatives=0
Epoch 017 train: loss=0.1049 AUROC=0.9977 AUPRC=0.9819 BalAcc=0.9819 F1=0.9255 MCC=0.9192
Epoch 017 val  : loss=0.0368 AUROC=0.9978 AUPRC=0.9101 BalAcc=0.9746 F1=0.6773 MCC=0.7049
  learning_rate_used=2.815e-04; learning_rate_next=2.792e-04; elapsed=136.9s
  negatives seen=100.0%; hard negatives=0
Epoch 018 train: loss=0.1025 AUROC=0.9976 AUPRC=0.9809 BalAcc=0.9822 F1=0.9276 MCC=0.9215
Epoch 018 val  : loss=0.0369 AUROC=0.9979 AUPRC=0.9106 BalAcc=0.9777 F1=0.6610 MCC=0.6928
  learning_rate_used=2.792e-04; learning_rate_next=2.767e-04; elapsed=139.0s
  negatives seen=100.0%; hard negatives=0
Epoch 019 train: loss=0.0985 AUROC=0.9977 AUPRC=0.9820 BalAcc=0.9834 F1=0.9321 MCC=0.9262
Epoch 019 val  : loss=0.0343 AUROC=0.9978 AUPRC=0.9100 BalAcc=0.9741 F1=0.6915 MCC=0.7163
  learning_rate_used=2.767e-04; learning_rate_next=2.741e-04; elapsed=138.9s
  negatives seen=100.0%; hard negatives=0
Epoch 020 train: loss=0.1013 AUROC=0.9978 AUPRC=0.9831 BalAcc=0.9823 F1=0.9288 MCC=0.9227
Epoch 020 val  : loss=0.0393 AUROC=0.9980 AUPRC=0.9205 BalAcc=0.9794 F1=0.6446 MCC=0.6802
  learning_rate_used=2.741e-04; learning_rate_next=2.714e-04; elapsed=140.2s
  negatives seen=100.0%; hard negatives=0
Epoch 021 train: loss=0.0983 AUROC=0.9978 AUPRC=0.9816 BalAcc=0.9832 F1=0.9315 MCC=0.9256
Epoch 021 val  : loss=0.0512 AUROC=0.9980 AUPRC=0.9137 BalAcc=0.9822 F1=0.5501 MCC=0.6071
  learning_rate_used=2.714e-04; learning_rate_next=2.686e-04; elapsed=139.9s
  negatives seen=100.0%; hard negatives=0
Epoch 022 train: loss=0.0975 AUROC=0.9980 AUPRC=0.9839 BalAcc=0.9833 F1=0.9335 MCC=0.9277
Epoch 022 val  : loss=0.0379 AUROC=0.9980 AUPRC=0.9181 BalAcc=0.9797 F1=0.6486 MCC=0.6836
  learning_rate_used=2.686e-04; learning_rate_next=2.657e-04; elapsed=138.2s
  negatives seen=100.0%; hard negatives=0
Epoch 023 train: loss=0.0960 AUROC=0.9980 AUPRC=0.9828 BalAcc=0.9836 F1=0.9337 MCC=0.9279
Epoch 023 val  : loss=0.0380 AUROC=0.9982 AUPRC=0.9193 BalAcc=0.9807 F1=0.6443 MCC=0.6805
  learning_rate_used=2.657e-04; learning_rate_next=2.626e-04; elapsed=139.8s
  negatives seen=100.0%; hard negatives=0
Epoch 024 train: loss=0.0951 AUROC=0.9980 AUPRC=0.9835 BalAcc=0.9834 F1=0.9342 MCC=0.9284
Epoch 024 val  : loss=0.0357 AUROC=0.9979 AUPRC=0.9151 BalAcc=0.9744 F1=0.6971 MCC=0.7210
  learning_rate_used=2.626e-04; learning_rate_next=2.595e-04; elapsed=138.6s
  negatives seen=100.0%; hard negatives=0
Epoch 025 train: loss=0.0897 AUROC=0.9981 AUPRC=0.9841 BalAcc=0.9849 F1=0.9378 MCC=0.9324
Epoch 025 val  : loss=0.0478 AUROC=0.9981 AUPRC=0.9208 BalAcc=0.9826 F1=0.5677 MCC=0.6209
  learning_rate_used=2.595e-04; learning_rate_next=2.562e-04; elapsed=139.9s
  negatives seen=100.0%; hard negatives=0
Epoch 026 train: loss=0.0918 AUROC=0.9982 AUPRC=0.9842 BalAcc=0.9840 F1=0.9334 MCC=0.9277
Epoch 026 val  : loss=0.0407 AUROC=0.9980 AUPRC=0.9122 BalAcc=0.9794 F1=0.6288 MCC=0.6677
  learning_rate_used=2.562e-04; learning_rate_next=2.528e-04; elapsed=139.3s
  negatives seen=100.0%; hard negatives=0
Epoch 027 train: loss=0.0868 AUROC=0.9983 AUPRC=0.9853 BalAcc=0.9852 F1=0.9397 MCC=0.9344
Epoch 027 val  : loss=0.0454 AUROC=0.9980 AUPRC=0.9154 BalAcc=0.9816 F1=0.5880 MCC=0.6363
  learning_rate_used=2.528e-04; learning_rate_next=2.494e-04; elapsed=137.7s
  negatives seen=100.0%; hard negatives=0
Epoch 028 train: loss=0.0860 AUROC=0.9983 AUPRC=0.9849 BalAcc=0.9851 F1=0.9387 MCC=0.9334
Epoch 028 val  : loss=0.0394 AUROC=0.9980 AUPRC=0.9161 BalAcc=0.9773 F1=0.6638 MCC=0.6948
  learning_rate_used=2.494e-04; learning_rate_next=2.458e-04; elapsed=140.2s
  negatives seen=100.0%; hard negatives=0
Epoch 029 train: loss=0.0855 AUROC=0.9984 AUPRC=0.9849 BalAcc=0.9860 F1=0.9403 MCC=0.9351
Epoch 029 val  : loss=0.0347 AUROC=0.9980 AUPRC=0.9064 BalAcc=0.9604 F1=0.7705 MCC=0.7791
  learning_rate_used=2.458e-04; learning_rate_next=2.421e-04; elapsed=138.3s
  negatives seen=100.0%; hard negatives=0
Epoch 030 train: loss=0.0859 AUROC=0.9984 AUPRC=0.9847 BalAcc=0.9849 F1=0.9381 MCC=0.9326
Epoch 030 val  : loss=0.0426 AUROC=0.9982 AUPRC=0.9165 BalAcc=0.9821 F1=0.5964 MCC=0.6431
  learning_rate_used=2.421e-04; learning_rate_next=2.384e-04; elapsed=139.5s
  negatives seen=100.0%; hard negatives=0
Epoch 031 train: loss=0.0808 AUROC=0.9986 AUPRC=0.9864 BalAcc=0.9862 F1=0.9439 MCC=0.9390
Epoch 031 val  : loss=0.0389 AUROC=0.9978 AUPRC=0.9122 BalAcc=0.9786 F1=0.6585 MCC=0.6911
  learning_rate_used=2.384e-04; learning_rate_next=2.345e-04; elapsed=140.0s
  negatives seen=100.0%; hard negatives=0
Epoch 032 train: loss=0.0809 AUROC=0.9985 AUPRC=0.9859 BalAcc=0.9860 F1=0.9443 MCC=0.9394
Epoch 032 val  : loss=0.0343 AUROC=0.9980 AUPRC=0.9125 BalAcc=0.9758 F1=0.7063 MCC=0.7291
  learning_rate_used=2.345e-04; learning_rate_next=2.306e-04; elapsed=138.0s
  negatives seen=100.0%; hard negatives=0
Epoch 033 train: loss=0.0788 AUROC=0.9987 AUPRC=0.9869 BalAcc=0.9860 F1=0.9458 MCC=0.9410
Epoch 033 val  : loss=0.0343 AUROC=0.9980 AUPRC=0.9118 BalAcc=0.9705 F1=0.7393 MCC=0.7550
  learning_rate_used=2.306e-04; learning_rate_next=2.266e-04; elapsed=138.8s
  negatives seen=100.0%; hard negatives=0
Epoch 034 train: loss=0.0770 AUROC=0.9986 AUPRC=0.9867 BalAcc=0.9867 F1=0.9456 MCC=0.9408
Epoch 034 val  : loss=0.0418 AUROC=0.9977 AUPRC=0.9140 BalAcc=0.9767 F1=0.6480 MCC=0.6819
  learning_rate_used=2.266e-04; learning_rate_next=2.225e-04; elapsed=139.6s
Early stopping after 34 epochs.
Binary threshold: 0.984983 (strategy=val-mcc, validation_score=0.849688)
Validation-only run completed; frozen model: /data/projects/SFB_A03/jan/AT_TFBS/human301/runs/MAX/crossassay_archthalia_20261009_144503_1046783/GHTS_seed4/model_for_prediction.pt
MAX: GHTS -> GHTS
TEST MAX GHTS -> GHTS: loss=0.0564 AUROC=0.9976 AUPRC=0.9135 BalAcc=0.9420 F1=0.8417 MCC=0.8411
MAX: GHTS -> CHIP
TEST MAX GHTS -> CHIP: loss=0.4082 AUROC=0.8178 AUPRC=0.0725 BalAcc=0.5367 F1=0.0992 MCC=0.0960
Completed MAX/GHTS: one model, both fixed test sets.
