TF=GLI4 train=GHTS seed=1 model=hum301_motif64_local.py
/home/jbossenz/miniforge3/envs/at_env/bin/python -u /data/projects/SFB_A03/jan/AT_TFBS/human301/hum301_motif64_local.py train --cache /data/projects/SFB_A03/jan/AT_TFBS/raw_data/human/ArchThalia-ML/GLI4/GHTS/dataset.npz --output-dir /data/projects/SFB_A03/jan/AT_TFBS/human301/runs/GLI4/crossassay_archthalia_20261009_144503_1046783/GHTS_seed1 --input-length 256 --embed-channels 64 --encoder-channels 80 96 128 --heads 4 --ffn-channels 256 --classification-readout local-logsumexp --task-mode classification --checkpoint-objective classification-auprc --threshold-strategy val-mcc --negatives-per-positive 10 --batch-size 88 --hard-negative-fraction 0 --epochs 100 --patience 20 --learning-rate 0.0003 --min-learning-rate 0.000001 --weight-decay 0.0001 --dropout 0.1 --activation relu --reverse-complement-probability 0.5 --eval-crops multi --eval-rc --no-balanced-evaluation --eval-batch-size 128 --num-workers 2 --seed 1 --device cuda --skip-test
Window geometry: 256 bp from 301 bp; crop starts 0..45; shifts -22..+23; fresh uniform draw per access
Evaluation: crops (0, 22, 23, 45), reverse complement=True; all samples
train: n=29,896, positive=296, negative=29,600
  val: n=6,161, positive=61, negative=6,100
 test: n=29,593, positive=293, negative=29,300
Device: cuda
Hidden activation: RELU
Parameters: 1,032,981 total; 1,032,981 trainable
Architecture: motif kernels 9/12; encoder 128/64/64; original five-block bottleneck at 64; decoder 64/128/256
  negatives seen=10.0%; hard negatives=0
Epoch 001 train: loss=0.9503 AUROC=0.8152 AUPRC=0.5528 BalAcc=0.7324 F1=0.3474 MCC=0.2999
Epoch 001 val  : loss=0.2078 AUROC=0.9301 AUPRC=0.6888 BalAcc=0.8179 F1=0.6393 MCC=0.6357
  learning_rate_used=3.000e-04; learning_rate_next=2.999e-04; elapsed=5.0s
  saved new best checkpoint: /data/projects/SFB_A03/jan/AT_TFBS/human301/runs/GLI4/crossassay_archthalia_20261009_144503_1046783/GHTS_seed1/best_model.pt (objective=classification-auprc, score=0.688833)
  negatives seen=20.0%; hard negatives=0
Epoch 002 train: loss=0.4942 AUROC=0.9522 AUPRC=0.8364 BalAcc=0.8904 F1=0.6729 MCC=0.6504
Epoch 002 val  : loss=0.1012 AUROC=0.9648 AUPRC=0.8253 BalAcc=0.8922 F1=0.7742 MCC=0.7720
  learning_rate_used=2.999e-04; learning_rate_next=2.997e-04; elapsed=3.4s
  saved new best checkpoint: /data/projects/SFB_A03/jan/AT_TFBS/human301/runs/GLI4/crossassay_archthalia_20261009_144503_1046783/GHTS_seed1/best_model.pt (objective=classification-auprc, score=0.825284)
  negatives seen=30.0%; hard negatives=0
Epoch 003 train: loss=0.3589 AUROC=0.9760 AUPRC=0.9114 BalAcc=0.9323 F1=0.8024 MCC=0.7859
Epoch 003 val  : loss=0.0746 AUROC=0.9750 AUPRC=0.8924 BalAcc=0.8687 F1=0.8333 MCC=0.8391
  learning_rate_used=2.997e-04; learning_rate_next=2.993e-04; elapsed=3.4s
  saved new best checkpoint: /data/projects/SFB_A03/jan/AT_TFBS/human301/runs/GLI4/crossassay_archthalia_20261009_144503_1046783/GHTS_seed1/best_model.pt (objective=classification-auprc, score=0.892408)
  negatives seen=40.0%; hard negatives=0
Epoch 004 train: loss=0.3178 AUROC=0.9831 AUPRC=0.9432 BalAcc=0.9449 F1=0.8663 MCC=0.8534
Epoch 004 val  : loss=0.0641 AUROC=0.9820 AUPRC=0.9228 BalAcc=0.9097 F1=0.8850 MCC=0.8868
  learning_rate_used=2.993e-04; learning_rate_next=2.988e-04; elapsed=3.3s
  saved new best checkpoint: /data/projects/SFB_A03/jan/AT_TFBS/human301/runs/GLI4/crossassay_archthalia_20261009_144503_1046783/GHTS_seed1/best_model.pt (objective=classification-auprc, score=0.922827)
  negatives seen=50.0%; hard negatives=0
Epoch 005 train: loss=0.2765 AUROC=0.9884 AUPRC=0.9503 BalAcc=0.9525 F1=0.8685 MCC=0.8564
Epoch 005 val  : loss=0.0528 AUROC=0.9840 AUPRC=0.9427 BalAcc=0.9340 F1=0.8908 MCC=0.8900
  learning_rate_used=2.988e-04; learning_rate_next=2.982e-04; elapsed=3.4s
  saved new best checkpoint: /data/projects/SFB_A03/jan/AT_TFBS/human301/runs/GLI4/crossassay_archthalia_20261009_144503_1046783/GHTS_seed1/best_model.pt (objective=classification-auprc, score=0.942679)
  negatives seen=60.0%; hard negatives=0
Epoch 006 train: loss=0.2086 AUROC=0.9925 AUPRC=0.9725 BalAcc=0.9688 F1=0.9183 MCC=0.9104
Epoch 006 val  : loss=0.1067 AUROC=0.9839 AUPRC=0.9324 BalAcc=0.9636 F1=0.4411 MCC=0.5155
  learning_rate_used=2.982e-04; learning_rate_next=2.974e-04; elapsed=3.3s
  negatives seen=70.0%; hard negatives=0
Epoch 007 train: loss=0.2053 AUROC=0.9934 AUPRC=0.9720 BalAcc=0.9667 F1=0.9135 MCC=0.9052
Epoch 007 val  : loss=0.0996 AUROC=0.9806 AUPRC=0.9443 BalAcc=0.9681 F1=0.5577 MCC=0.6074
  learning_rate_used=2.974e-04; learning_rate_next=2.964e-04; elapsed=3.4s
  saved new best checkpoint: /data/projects/SFB_A03/jan/AT_TFBS/human301/runs/GLI4/crossassay_archthalia_20261009_144503_1046783/GHTS_seed1/best_model.pt (objective=classification-auprc, score=0.944257)
  negatives seen=80.0%; hard negatives=0
Epoch 008 train: loss=0.1289 AUROC=0.9961 AUPRC=0.9852 BalAcc=0.9785 F1=0.9392 MCC=0.9334
Epoch 008 val  : loss=0.0703 AUROC=0.9917 AUPRC=0.9190 BalAcc=0.9258 F1=0.8814 MCC=0.8807
  learning_rate_used=2.964e-04; learning_rate_next=2.953e-04; elapsed=3.3s
  negatives seen=90.0%; hard negatives=0
Epoch 009 train: loss=0.1325 AUROC=0.9981 AUPRC=0.9878 BalAcc=0.9747 F1=0.9592 MCC=0.9552
Epoch 009 val  : loss=0.0489 AUROC=0.9890 AUPRC=0.9489 BalAcc=0.9743 F1=0.8788 MCC=0.8801
  learning_rate_used=2.953e-04; learning_rate_next=2.941e-04; elapsed=3.4s
  saved new best checkpoint: /data/projects/SFB_A03/jan/AT_TFBS/human301/runs/GLI4/crossassay_archthalia_20261009_144503_1046783/GHTS_seed1/best_model.pt (objective=classification-auprc, score=0.948880)
  negatives seen=100.0%; hard negatives=0
Epoch 010 train: loss=0.1761 AUROC=0.9936 AUPRC=0.9787 BalAcc=0.9816 F1=0.9396 MCC=0.9340
Epoch 010 val  : loss=0.0425 AUROC=0.9906 AUPRC=0.9467 BalAcc=0.9666 F1=0.9120 MCC=0.9114
  learning_rate_used=2.941e-04; learning_rate_next=2.927e-04; elapsed=3.3s
  negatives seen=100.0%; hard negatives=0
Epoch 011 train: loss=0.1331 AUROC=0.9981 AUPRC=0.9884 BalAcc=0.9769 F1=0.9514 MCC=0.9466
Epoch 011 val  : loss=0.0499 AUROC=0.9848 AUPRC=0.9444 BalAcc=0.9739 F1=0.8406 MCC=0.8446
  learning_rate_used=2.927e-04; learning_rate_next=2.912e-04; elapsed=3.3s
  negatives seen=100.0%; hard negatives=0
Epoch 012 train: loss=0.0599 AUROC=0.9995 AUPRC=0.9960 BalAcc=0.9880 F1=0.9572 MCC=0.9532
Epoch 012 val  : loss=0.0724 AUROC=0.9738 AUPRC=0.9465 BalAcc=0.9751 F1=0.9431 MCC=0.9425
  learning_rate_used=2.912e-04; learning_rate_next=2.895e-04; elapsed=3.4s
  negatives seen=100.0%; hard negatives=0
Epoch 013 train: loss=0.1218 AUROC=0.9971 AUPRC=0.9918 BalAcc=0.9887 F1=0.9781 MCC=0.9759
Epoch 013 val  : loss=0.0510 AUROC=0.9825 AUPRC=0.9430 BalAcc=0.9741 F1=0.8593 MCC=0.8618
  learning_rate_used=2.895e-04; learning_rate_next=2.877e-04; elapsed=3.5s
  negatives seen=100.0%; hard negatives=0
Epoch 014 train: loss=0.1216 AUROC=0.9980 AUPRC=0.9817 BalAcc=0.9855 F1=0.9617 MCC=0.9580
Epoch 014 val  : loss=0.0540 AUROC=0.9845 AUPRC=0.9513 BalAcc=0.9749 F1=0.9280 MCC=0.9275
  learning_rate_used=2.877e-04; learning_rate_next=2.858e-04; elapsed=3.3s
  saved new best checkpoint: /data/projects/SFB_A03/jan/AT_TFBS/human301/runs/GLI4/crossassay_archthalia_20261009_144503_1046783/GHTS_seed1/best_model.pt (objective=classification-auprc, score=0.951275)
  negatives seen=100.0%; hard negatives=0
Epoch 015 train: loss=0.0845 AUROC=0.9994 AUPRC=0.9953 BalAcc=0.9892 F1=0.9684 MCC=0.9653
Epoch 015 val  : loss=0.0685 AUROC=0.9923 AUPRC=0.9447 BalAcc=0.9506 F1=0.9244 MCC=0.9239
  learning_rate_used=2.858e-04; learning_rate_next=2.837e-04; elapsed=3.3s
  negatives seen=100.0%; hard negatives=0
Epoch 016 train: loss=0.1460 AUROC=0.9970 AUPRC=0.9883 BalAcc=0.9804 F1=0.9565 MCC=0.9522
Epoch 016 val  : loss=0.0552 AUROC=0.9882 AUPRC=0.9464 BalAcc=0.9587 F1=0.9256 MCC=0.9249
  learning_rate_used=2.837e-04; learning_rate_next=2.815e-04; elapsed=3.3s
  negatives seen=100.0%; hard negatives=0
Epoch 017 train: loss=0.0879 AUROC=0.9993 AUPRC=0.9934 BalAcc=0.9868 F1=0.9603 MCC=0.9564
Epoch 017 val  : loss=0.0710 AUROC=0.9849 AUPRC=0.9366 BalAcc=0.9586 F1=0.9180 MCC=0.9172
  learning_rate_used=2.815e-04; learning_rate_next=2.792e-04; elapsed=3.4s
  negatives seen=100.0%; hard negatives=0
Epoch 018 train: loss=0.1027 AUROC=0.9987 AUPRC=0.9896 BalAcc=0.9858 F1=0.9649 MCC=0.9615
Epoch 018 val  : loss=0.0685 AUROC=0.9915 AUPRC=0.9365 BalAcc=0.9588 F1=0.9333 MCC=0.9328
  learning_rate_used=2.792e-04; learning_rate_next=2.767e-04; elapsed=3.4s
  negatives seen=100.0%; hard negatives=0
Epoch 019 train: loss=0.1262 AUROC=0.9985 AUPRC=0.9898 BalAcc=0.9806 F1=0.9581 MCC=0.9539
Epoch 019 val  : loss=0.0522 AUROC=0.9907 AUPRC=0.9383 BalAcc=0.9504 F1=0.9091 MCC=0.9082
  learning_rate_used=2.767e-04; learning_rate_next=2.741e-04; elapsed=3.3s
  negatives seen=100.0%; hard negatives=0
Epoch 020 train: loss=0.0710 AUROC=0.9996 AUPRC=0.9969 BalAcc=0.9883 F1=0.9748 MCC=0.9723
Epoch 020 val  : loss=0.0485 AUROC=0.9965 AUPRC=0.9375 BalAcc=0.9259 F1=0.8889 MCC=0.8887
  learning_rate_used=2.741e-04; learning_rate_next=2.714e-04; elapsed=3.3s
  negatives seen=100.0%; hard negatives=0
Epoch 021 train: loss=0.0936 AUROC=0.9993 AUPRC=0.9943 BalAcc=0.9863 F1=0.9698 MCC=0.9668
Epoch 021 val  : loss=0.0541 AUROC=0.9813 AUPRC=0.9476 BalAcc=0.9739 F1=0.8467 MCC=0.8502
  learning_rate_used=2.714e-04; learning_rate_next=2.686e-04; elapsed=3.4s
  negatives seen=100.0%; hard negatives=0
Epoch 022 train: loss=0.0599 AUROC=0.9995 AUPRC=0.9958 BalAcc=0.9902 F1=0.9782 MCC=0.9760
Epoch 022 val  : loss=0.0727 AUROC=0.9894 AUPRC=0.9498 BalAcc=0.9261 F1=0.9123 MCC=0.9138
  learning_rate_used=2.686e-04; learning_rate_next=2.657e-04; elapsed=3.4s
  negatives seen=100.0%; hard negatives=0
Epoch 023 train: loss=0.0313 AUROC=0.9999 AUPRC=0.9989 BalAcc=0.9948 F1=0.9784 MCC=0.9763
Epoch 023 val  : loss=0.0591 AUROC=0.9958 AUPRC=0.9320 BalAcc=0.9258 F1=0.8814 MCC=0.8807
  learning_rate_used=2.657e-04; learning_rate_next=2.626e-04; elapsed=3.3s
  negatives seen=100.0%; hard negatives=0
Epoch 024 train: loss=0.0462 AUROC=0.9996 AUPRC=0.9963 BalAcc=0.9953 F1=0.9833 MCC=0.9816
Epoch 024 val  : loss=0.0501 AUROC=0.9929 AUPRC=0.9507 BalAcc=0.9750 F1=0.9355 MCC=0.9350
  learning_rate_used=2.626e-04; learning_rate_next=2.595e-04; elapsed=3.3s
  negatives seen=100.0%; hard negatives=0
Epoch 025 train: loss=0.0101 AUROC=1.0000 AUPRC=0.9996 BalAcc=0.9988 F1=0.9883 MCC=0.9872
Epoch 025 val  : loss=0.0855 AUROC=0.9884 AUPRC=0.9454 BalAcc=0.9424 F1=0.9153 MCC=0.9150
  learning_rate_used=2.595e-04; learning_rate_next=2.562e-04; elapsed=3.3s
  negatives seen=100.0%; hard negatives=0
Epoch 026 train: loss=0.0441 AUROC=0.9998 AUPRC=0.9982 BalAcc=0.9904 F1=0.9798 MCC=0.9778
Epoch 026 val  : loss=0.0475 AUROC=0.9933 AUPRC=0.9439 BalAcc=0.9661 F1=0.8702 MCC=0.8709
  learning_rate_used=2.562e-04; learning_rate_next=2.528e-04; elapsed=3.3s
  negatives seen=100.0%; hard negatives=0
Epoch 027 train: loss=0.0500 AUROC=0.9992 AUPRC=0.9974 BalAcc=0.9943 F1=0.9882 MCC=0.9870
Epoch 027 val  : loss=0.0704 AUROC=0.9869 AUPRC=0.9477 BalAcc=0.9668 F1=0.9268 MCC=0.9261
  learning_rate_used=2.528e-04; learning_rate_next=2.494e-04; elapsed=3.3s
  negatives seen=100.0%; hard negatives=0
Epoch 028 train: loss=0.0871 AUROC=0.9995 AUPRC=0.9963 BalAcc=0.9885 F1=0.9764 MCC=0.9741
Epoch 028 val  : loss=0.0718 AUROC=0.9884 AUPRC=0.9413 BalAcc=0.9666 F1=0.9048 MCC=0.9042
  learning_rate_used=2.494e-04; learning_rate_next=2.458e-04; elapsed=3.3s
  negatives seen=100.0%; hard negatives=0
Epoch 029 train: loss=0.0794 AUROC=0.9995 AUPRC=0.9965 BalAcc=0.9887 F1=0.9781 MCC=0.9759
Epoch 029 val  : loss=0.0496 AUROC=0.9883 AUPRC=0.9454 BalAcc=0.9743 F1=0.8722 MCC=0.8739
  learning_rate_used=2.458e-04; learning_rate_next=2.421e-04; elapsed=3.4s
  negatives seen=100.0%; hard negatives=0
Epoch 030 train: loss=0.0792 AUROC=0.9994 AUPRC=0.9952 BalAcc=0.9897 F1=0.9732 MCC=0.9706
Epoch 030 val  : loss=0.0592 AUROC=0.9893 AUPRC=0.9434 BalAcc=0.9584 F1=0.9032 MCC=0.9024
  learning_rate_used=2.421e-04; learning_rate_next=2.384e-04; elapsed=3.3s
  negatives seen=100.0%; hard negatives=0
Epoch 031 train: loss=0.0290 AUROC=0.9999 AUPRC=0.9992 BalAcc=0.9943 F1=0.9882 MCC=0.9870
Epoch 031 val  : loss=0.0667 AUROC=0.9949 AUPRC=0.9461 BalAcc=0.9505 F1=0.9167 MCC=0.9160
  learning_rate_used=2.384e-04; learning_rate_next=2.345e-04; elapsed=3.3s
  negatives seen=100.0%; hard negatives=0
Epoch 032 train: loss=0.0421 AUROC=0.9998 AUPRC=0.9985 BalAcc=0.9939 F1=0.9849 MCC=0.9834
Epoch 032 val  : loss=0.0807 AUROC=0.9845 AUPRC=0.9467 BalAcc=0.9670 F1=0.9500 MCC=0.9496
  learning_rate_used=2.345e-04; learning_rate_next=2.306e-04; elapsed=3.4s
  negatives seen=100.0%; hard negatives=0
Epoch 033 train: loss=0.0149 AUROC=1.0000 AUPRC=0.9995 BalAcc=0.9958 F1=0.9882 MCC=0.9871
Epoch 033 val  : loss=0.0911 AUROC=0.9902 AUPRC=0.9456 BalAcc=0.9342 F1=0.9060 MCC=0.9059
  learning_rate_used=2.306e-04; learning_rate_next=2.266e-04; elapsed=3.3s
  negatives seen=100.0%; hard negatives=0
Epoch 034 train: loss=0.0540 AUROC=0.9998 AUPRC=0.9979 BalAcc=0.9934 F1=0.9799 MCC=0.9780
Epoch 034 val  : loss=0.0629 AUROC=0.9883 AUPRC=0.9441 BalAcc=0.9668 F1=0.9268 MCC=0.9261
  learning_rate_used=2.266e-04; learning_rate_next=2.225e-04; elapsed=3.4s
Early stopping after 34 epochs.
Binary threshold: 0.738339 (strategy=val-mcc, validation_score=0.966340)
Validation-only run completed; frozen model: /data/projects/SFB_A03/jan/AT_TFBS/human301/runs/GLI4/crossassay_archthalia_20261009_144503_1046783/GHTS_seed1/model_for_prediction.pt
GLI4: GHTS -> GHTS
TEST GLI4 GHTS -> GHTS: loss=0.0565 AUROC=0.9842 AUPRC=0.9328 BalAcc=0.9263 F1=0.8881 MCC=0.8878
GLI4: GHTS -> CHIP
TEST GLI4 GHTS -> CHIP: loss=0.5734 AUROC=0.7547 AUPRC=0.3493 BalAcc=0.6468 F1=0.4339 MCC=0.4903
Completed GLI4/GHTS: one model, both fixed test sets.
