TF=FOSL2 train=CHIP seed=1 model=hum301_motif64_local.py
/home/jbossenz/miniforge3/envs/at_env/bin/python -u /data/projects/SFB_A03/jan/AT_TFBS/human301/hum301_motif64_local.py train --cache /data/projects/SFB_A03/jan/AT_TFBS/raw_data/human/ArchThalia-ML/FOSL2/CHIP/dataset.npz --output-dir /data/projects/SFB_A03/jan/AT_TFBS/human301/runs/FOSL2/crossassay_archthalia_20261009_144503_1046783/CHIP_seed1 --input-length 256 --embed-channels 64 --encoder-channels 80 96 128 --heads 4 --ffn-channels 256 --classification-readout local-logsumexp --task-mode classification --checkpoint-objective classification-auprc --threshold-strategy val-mcc --negatives-per-positive 10 --batch-size 88 --hard-negative-fraction 0 --epochs 100 --patience 20 --learning-rate 0.0003 --min-learning-rate 0.000001 --weight-decay 0.0001 --dropout 0.1 --activation relu --reverse-complement-probability 0.5 --eval-crops multi --eval-rc --no-balanced-evaluation --eval-batch-size 128 --num-workers 2 --seed 1 --device cuda --skip-test
Window geometry: 256 bp from 301 bp; crop starts 0..45; shifts -22..+23; fresh uniform draw per access
Evaluation: crops (0, 22, 23, 45), reverse complement=True; all samples
train: n=2,723,465, positive=26,965, negative=2,696,500
  val: n=748,511, positive=7,411, negative=741,100
 test: n=3,079,692, positive=30,492, negative=3,049,200
Device: cuda
Hidden activation: RELU
Parameters: 1,032,981 total; 1,032,981 trainable
Architecture: motif kernels 9/12; encoder 128/64/64; original five-block bottleneck at 64; decoder 64/128/256
  negatives seen=10.0%; hard negatives=0
Epoch 001 train: loss=0.5221 AUROC=0.9497 AUPRC=0.7783 BalAcc=0.8865 F1=0.6300 MCC=0.6104
Epoch 001 val  : loss=0.3333 AUROC=0.9690 AUPRC=0.5309 BalAcc=0.9121 F1=0.1437 MCC=0.2521
  learning_rate_used=3.000e-04; learning_rate_next=2.999e-04; elapsed=358.9s
  saved new best checkpoint: /data/projects/SFB_A03/jan/AT_TFBS/human301/runs/FOSL2/crossassay_archthalia_20261009_144503_1046783/CHIP_seed1/best_model.pt (objective=classification-auprc, score=0.530902)
  negatives seen=20.0%; hard negatives=0
Epoch 002 train: loss=0.4237 AUROC=0.9658 AUPRC=0.8377 BalAcc=0.9135 F1=0.7031 MCC=0.6860
Epoch 002 val  : loss=0.1329 AUROC=0.9724 AUPRC=0.5422 BalAcc=0.9067 F1=0.3385 MCC=0.4133
  learning_rate_used=2.999e-04; learning_rate_next=2.997e-04; elapsed=367.8s
  saved new best checkpoint: /data/projects/SFB_A03/jan/AT_TFBS/human301/runs/FOSL2/crossassay_archthalia_20261009_144503_1046783/CHIP_seed1/best_model.pt (objective=classification-auprc, score=0.542244)
  negatives seen=30.0%; hard negatives=0
Epoch 003 train: loss=0.4077 AUROC=0.9684 AUPRC=0.8466 BalAcc=0.9177 F1=0.7117 MCC=0.6953
Epoch 003 val  : loss=0.1868 AUROC=0.9733 AUPRC=0.5511 BalAcc=0.9232 F1=0.2468 MCC=0.3466
  learning_rate_used=2.997e-04; learning_rate_next=2.993e-04; elapsed=366.3s
  saved new best checkpoint: /data/projects/SFB_A03/jan/AT_TFBS/human301/runs/FOSL2/crossassay_archthalia_20261009_144503_1046783/CHIP_seed1/best_model.pt (objective=classification-auprc, score=0.551145)
  negatives seen=40.0%; hard negatives=0
Epoch 004 train: loss=0.3922 AUROC=0.9708 AUPRC=0.8561 BalAcc=0.9215 F1=0.7220 MCC=0.7060
Epoch 004 val  : loss=0.1420 AUROC=0.9741 AUPRC=0.5635 BalAcc=0.9206 F1=0.3031 MCC=0.3911
  learning_rate_used=2.993e-04; learning_rate_next=2.988e-04; elapsed=362.4s
  saved new best checkpoint: /data/projects/SFB_A03/jan/AT_TFBS/human301/runs/FOSL2/crossassay_archthalia_20261009_144503_1046783/CHIP_seed1/best_model.pt (objective=classification-auprc, score=0.563507)
  negatives seen=50.0%; hard negatives=0
Epoch 005 train: loss=0.3844 AUROC=0.9723 AUPRC=0.8619 BalAcc=0.9231 F1=0.7303 MCC=0.7142
Epoch 005 val  : loss=0.1789 AUROC=0.9742 AUPRC=0.5625 BalAcc=0.9245 F1=0.2599 MCC=0.3578
  learning_rate_used=2.988e-04; learning_rate_next=2.982e-04; elapsed=367.7s
  negatives seen=60.0%; hard negatives=0
Epoch 006 train: loss=0.3783 AUROC=0.9730 AUPRC=0.8635 BalAcc=0.9251 F1=0.7336 MCC=0.7179
Epoch 006 val  : loss=0.1439 AUROC=0.9735 AUPRC=0.5658 BalAcc=0.9208 F1=0.2911 MCC=0.3816
  learning_rate_used=2.982e-04; learning_rate_next=2.974e-04; elapsed=367.4s
  saved new best checkpoint: /data/projects/SFB_A03/jan/AT_TFBS/human301/runs/FOSL2/crossassay_archthalia_20261009_144503_1046783/CHIP_seed1/best_model.pt (objective=classification-auprc, score=0.565787)
  negatives seen=70.0%; hard negatives=0
Epoch 007 train: loss=0.3732 AUROC=0.9739 AUPRC=0.8669 BalAcc=0.9255 F1=0.7367 MCC=0.7209
Epoch 007 val  : loss=0.1312 AUROC=0.9748 AUPRC=0.5654 BalAcc=0.9161 F1=0.3259 MCC=0.4073
  learning_rate_used=2.974e-04; learning_rate_next=2.964e-04; elapsed=368.6s
  negatives seen=80.0%; hard negatives=0
Epoch 008 train: loss=0.3667 AUROC=0.9750 AUPRC=0.8701 BalAcc=0.9279 F1=0.7416 MCC=0.7262
Epoch 008 val  : loss=0.1192 AUROC=0.9755 AUPRC=0.5676 BalAcc=0.9072 F1=0.3715 MCC=0.4391
  learning_rate_used=2.964e-04; learning_rate_next=2.953e-04; elapsed=365.6s
  saved new best checkpoint: /data/projects/SFB_A03/jan/AT_TFBS/human301/runs/FOSL2/crossassay_archthalia_20261009_144503_1046783/CHIP_seed1/best_model.pt (objective=classification-auprc, score=0.567571)
  negatives seen=90.0%; hard negatives=0
Epoch 009 train: loss=0.3620 AUROC=0.9756 AUPRC=0.8737 BalAcc=0.9287 F1=0.7463 MCC=0.7308
Epoch 009 val  : loss=0.1834 AUROC=0.9760 AUPRC=0.5805 BalAcc=0.9313 F1=0.2442 MCC=0.3474
  learning_rate_used=2.953e-04; learning_rate_next=2.941e-04; elapsed=366.2s
  saved new best checkpoint: /data/projects/SFB_A03/jan/AT_TFBS/human301/runs/FOSL2/crossassay_archthalia_20261009_144503_1046783/CHIP_seed1/best_model.pt (objective=classification-auprc, score=0.580483)
  negatives seen=100.0%; hard negatives=0
Epoch 010 train: loss=0.3548 AUROC=0.9764 AUPRC=0.8776 BalAcc=0.9306 F1=0.7521 MCC=0.7368
Epoch 010 val  : loss=0.2073 AUROC=0.9769 AUPRC=0.5905 BalAcc=0.9325 F1=0.2196 MCC=0.3271
  learning_rate_used=2.941e-04; learning_rate_next=2.927e-04; elapsed=367.5s
  saved new best checkpoint: /data/projects/SFB_A03/jan/AT_TFBS/human301/runs/FOSL2/crossassay_archthalia_20261009_144503_1046783/CHIP_seed1/best_model.pt (objective=classification-auprc, score=0.590470)
  negatives seen=100.0%; hard negatives=0
Epoch 011 train: loss=0.3507 AUROC=0.9768 AUPRC=0.8757 BalAcc=0.9315 F1=0.7517 MCC=0.7367
Epoch 011 val  : loss=0.1435 AUROC=0.9769 AUPRC=0.5859 BalAcc=0.9238 F1=0.3111 MCC=0.3987
  learning_rate_used=2.927e-04; learning_rate_next=2.912e-04; elapsed=365.3s
  negatives seen=100.0%; hard negatives=0
Epoch 012 train: loss=0.3446 AUROC=0.9777 AUPRC=0.8826 BalAcc=0.9323 F1=0.7543 MCC=0.7395
Epoch 012 val  : loss=0.1341 AUROC=0.9763 AUPRC=0.5788 BalAcc=0.9202 F1=0.3189 MCC=0.4034
  learning_rate_used=2.912e-04; learning_rate_next=2.895e-04; elapsed=367.3s
  negatives seen=100.0%; hard negatives=0
Epoch 013 train: loss=0.3428 AUROC=0.9777 AUPRC=0.8800 BalAcc=0.9332 F1=0.7588 MCC=0.7440
Epoch 013 val  : loss=0.1385 AUROC=0.9776 AUPRC=0.5858 BalAcc=0.9262 F1=0.3062 MCC=0.3958
  learning_rate_used=2.895e-04; learning_rate_next=2.877e-04; elapsed=367.2s
  negatives seen=100.0%; hard negatives=0
Epoch 014 train: loss=0.3390 AUROC=0.9783 AUPRC=0.8842 BalAcc=0.9338 F1=0.7595 MCC=0.7448
Epoch 014 val  : loss=0.1472 AUROC=0.9779 AUPRC=0.5912 BalAcc=0.9305 F1=0.2959 MCC=0.3892
  learning_rate_used=2.877e-04; learning_rate_next=2.858e-04; elapsed=366.9s
  saved new best checkpoint: /data/projects/SFB_A03/jan/AT_TFBS/human301/runs/FOSL2/crossassay_archthalia_20261009_144503_1046783/CHIP_seed1/best_model.pt (objective=classification-auprc, score=0.591190)
  negatives seen=100.0%; hard negatives=0
Epoch 015 train: loss=0.3348 AUROC=0.9786 AUPRC=0.8858 BalAcc=0.9351 F1=0.7659 MCC=0.7512
Epoch 015 val  : loss=0.1253 AUROC=0.9768 AUPRC=0.5893 BalAcc=0.9193 F1=0.3459 MCC=0.4241
  learning_rate_used=2.858e-04; learning_rate_next=2.837e-04; elapsed=367.7s
  negatives seen=100.0%; hard negatives=0
Epoch 016 train: loss=0.3323 AUROC=0.9790 AUPRC=0.8862 BalAcc=0.9357 F1=0.7652 MCC=0.7507
Epoch 016 val  : loss=0.1497 AUROC=0.9778 AUPRC=0.6007 BalAcc=0.9304 F1=0.2898 MCC=0.3843
  learning_rate_used=2.837e-04; learning_rate_next=2.815e-04; elapsed=367.5s
  saved new best checkpoint: /data/projects/SFB_A03/jan/AT_TFBS/human301/runs/FOSL2/crossassay_archthalia_20261009_144503_1046783/CHIP_seed1/best_model.pt (objective=classification-auprc, score=0.600679)
  negatives seen=100.0%; hard negatives=0
Epoch 017 train: loss=0.3259 AUROC=0.9797 AUPRC=0.8893 BalAcc=0.9368 F1=0.7689 MCC=0.7545
Epoch 017 val  : loss=0.1529 AUROC=0.9775 AUPRC=0.6008 BalAcc=0.9292 F1=0.2826 MCC=0.3780
  learning_rate_used=2.815e-04; learning_rate_next=2.792e-04; elapsed=364.0s
  saved new best checkpoint: /data/projects/SFB_A03/jan/AT_TFBS/human301/runs/FOSL2/crossassay_archthalia_20261009_144503_1046783/CHIP_seed1/best_model.pt (objective=classification-auprc, score=0.600790)
  negatives seen=100.0%; hard negatives=0
Epoch 018 train: loss=0.3224 AUROC=0.9801 AUPRC=0.8905 BalAcc=0.9383 F1=0.7728 MCC=0.7587
Epoch 018 val  : loss=0.1633 AUROC=0.9781 AUPRC=0.5942 BalAcc=0.9319 F1=0.2690 MCC=0.3681
  learning_rate_used=2.792e-04; learning_rate_next=2.767e-04; elapsed=368.5s
  negatives seen=100.0%; hard negatives=0
Epoch 019 train: loss=0.3203 AUROC=0.9804 AUPRC=0.8928 BalAcc=0.9382 F1=0.7724 MCC=0.7582
Epoch 019 val  : loss=0.1639 AUROC=0.9784 AUPRC=0.5986 BalAcc=0.9321 F1=0.2833 MCC=0.3797
  learning_rate_used=2.767e-04; learning_rate_next=2.741e-04; elapsed=364.7s
  negatives seen=100.0%; hard negatives=0
Epoch 020 train: loss=0.3200 AUROC=0.9803 AUPRC=0.8924 BalAcc=0.9385 F1=0.7726 MCC=0.7585
Epoch 020 val  : loss=0.1261 AUROC=0.9780 AUPRC=0.5936 BalAcc=0.9216 F1=0.3449 MCC=0.4243
  learning_rate_used=2.741e-04; learning_rate_next=2.714e-04; elapsed=369.0s
  negatives seen=100.0%; hard negatives=0
Epoch 021 train: loss=0.3156 AUROC=0.9810 AUPRC=0.8932 BalAcc=0.9393 F1=0.7749 MCC=0.7609
Epoch 021 val  : loss=0.1231 AUROC=0.9779 AUPRC=0.5913 BalAcc=0.9236 F1=0.3462 MCC=0.4261
  learning_rate_used=2.714e-04; learning_rate_next=2.686e-04; elapsed=366.8s
  negatives seen=100.0%; hard negatives=0
Epoch 022 train: loss=0.3113 AUROC=0.9815 AUPRC=0.8958 BalAcc=0.9403 F1=0.7783 MCC=0.7644
Epoch 022 val  : loss=0.1580 AUROC=0.9775 AUPRC=0.5993 BalAcc=0.9322 F1=0.2750 MCC=0.3730
  learning_rate_used=2.686e-04; learning_rate_next=2.657e-04; elapsed=361.8s
  negatives seen=100.0%; hard negatives=0
Epoch 023 train: loss=0.3106 AUROC=0.9816 AUPRC=0.8962 BalAcc=0.9406 F1=0.7805 MCC=0.7666
Epoch 023 val  : loss=0.1286 AUROC=0.9777 AUPRC=0.5925 BalAcc=0.9222 F1=0.3456 MCC=0.4251
  learning_rate_used=2.657e-04; learning_rate_next=2.626e-04; elapsed=365.9s
  negatives seen=100.0%; hard negatives=0
Epoch 024 train: loss=0.3032 AUROC=0.9824 AUPRC=0.8990 BalAcc=0.9420 F1=0.7861 MCC=0.7723
Epoch 024 val  : loss=0.1410 AUROC=0.9780 AUPRC=0.5945 BalAcc=0.9270 F1=0.3264 MCC=0.4120
  learning_rate_used=2.626e-04; learning_rate_next=2.595e-04; elapsed=364.3s
  negatives seen=100.0%; hard negatives=0
Epoch 025 train: loss=0.3061 AUROC=0.9822 AUPRC=0.8964 BalAcc=0.9415 F1=0.7827 MCC=0.7690
Epoch 025 val  : loss=0.1826 AUROC=0.9788 AUPRC=0.6032 BalAcc=0.9354 F1=0.2417 MCC=0.3469
  learning_rate_used=2.595e-04; learning_rate_next=2.562e-04; elapsed=367.8s
  saved new best checkpoint: /data/projects/SFB_A03/jan/AT_TFBS/human301/runs/FOSL2/crossassay_archthalia_20261009_144503_1046783/CHIP_seed1/best_model.pt (objective=classification-auprc, score=0.603220)
  negatives seen=100.0%; hard negatives=0
Epoch 026 train: loss=0.3016 AUROC=0.9825 AUPRC=0.8991 BalAcc=0.9422 F1=0.7839 MCC=0.7702
Epoch 026 val  : loss=0.1480 AUROC=0.9787 AUPRC=0.6083 BalAcc=0.9319 F1=0.2932 MCC=0.3876
  learning_rate_used=2.562e-04; learning_rate_next=2.528e-04; elapsed=363.6s
  saved new best checkpoint: /data/projects/SFB_A03/jan/AT_TFBS/human301/runs/FOSL2/crossassay_archthalia_20261009_144503_1046783/CHIP_seed1/best_model.pt (objective=classification-auprc, score=0.608344)
  negatives seen=100.0%; hard negatives=0
Epoch 027 train: loss=0.3008 AUROC=0.9826 AUPRC=0.8990 BalAcc=0.9433 F1=0.7889 MCC=0.7753
Epoch 027 val  : loss=0.1319 AUROC=0.9780 AUPRC=0.5973 BalAcc=0.9250 F1=0.3392 MCC=0.4212
  learning_rate_used=2.528e-04; learning_rate_next=2.494e-04; elapsed=366.3s
  negatives seen=100.0%; hard negatives=0
Epoch 028 train: loss=0.2985 AUROC=0.9830 AUPRC=0.9000 BalAcc=0.9433 F1=0.7889 MCC=0.7753
Epoch 028 val  : loss=0.1594 AUROC=0.9789 AUPRC=0.6092 BalAcc=0.9348 F1=0.2735 MCC=0.3728
  learning_rate_used=2.494e-04; learning_rate_next=2.458e-04; elapsed=365.4s
  saved new best checkpoint: /data/projects/SFB_A03/jan/AT_TFBS/human301/runs/FOSL2/crossassay_archthalia_20261009_144503_1046783/CHIP_seed1/best_model.pt (objective=classification-auprc, score=0.609226)
  negatives seen=100.0%; hard negatives=0
Epoch 029 train: loss=0.2932 AUROC=0.9836 AUPRC=0.9040 BalAcc=0.9445 F1=0.7913 MCC=0.7780
Epoch 029 val  : loss=0.1446 AUROC=0.9786 AUPRC=0.6140 BalAcc=0.9318 F1=0.3139 MCC=0.4040
  learning_rate_used=2.458e-04; learning_rate_next=2.421e-04; elapsed=366.5s
  saved new best checkpoint: /data/projects/SFB_A03/jan/AT_TFBS/human301/runs/FOSL2/crossassay_archthalia_20261009_144503_1046783/CHIP_seed1/best_model.pt (objective=classification-auprc, score=0.613975)
  negatives seen=100.0%; hard negatives=0
Epoch 030 train: loss=0.2900 AUROC=0.9839 AUPRC=0.9048 BalAcc=0.9452 F1=0.7949 MCC=0.7816
Epoch 030 val  : loss=0.1247 AUROC=0.9782 AUPRC=0.6064 BalAcc=0.9227 F1=0.3621 MCC=0.4381
  learning_rate_used=2.421e-04; learning_rate_next=2.384e-04; elapsed=367.6s
  negatives seen=100.0%; hard negatives=0
Epoch 031 train: loss=0.2853 AUROC=0.9845 AUPRC=0.9063 BalAcc=0.9460 F1=0.7981 MCC=0.7849
Epoch 031 val  : loss=0.1393 AUROC=0.9789 AUPRC=0.6144 BalAcc=0.9315 F1=0.3203 MCC=0.4089
  learning_rate_used=2.384e-04; learning_rate_next=2.345e-04; elapsed=363.6s
  saved new best checkpoint: /data/projects/SFB_A03/jan/AT_TFBS/human301/runs/FOSL2/crossassay_archthalia_20261009_144503_1046783/CHIP_seed1/best_model.pt (objective=classification-auprc, score=0.614442)
  negatives seen=100.0%; hard negatives=0
Epoch 032 train: loss=0.2870 AUROC=0.9842 AUPRC=0.9045 BalAcc=0.9455 F1=0.7967 MCC=0.7834
Epoch 032 val  : loss=0.1144 AUROC=0.9788 AUPRC=0.6138 BalAcc=0.9211 F1=0.3808 MCC=0.4519
  learning_rate_used=2.345e-04; learning_rate_next=2.306e-04; elapsed=367.8s
  negatives seen=100.0%; hard negatives=0
Epoch 033 train: loss=0.2810 AUROC=0.9848 AUPRC=0.9075 BalAcc=0.9467 F1=0.8006 MCC=0.7875
Epoch 033 val  : loss=0.1353 AUROC=0.9788 AUPRC=0.6080 BalAcc=0.9297 F1=0.3254 MCC=0.4122
  learning_rate_used=2.306e-04; learning_rate_next=2.266e-04; elapsed=366.2s
  negatives seen=100.0%; hard negatives=0
Epoch 034 train: loss=0.2823 AUROC=0.9849 AUPRC=0.9063 BalAcc=0.9471 F1=0.8007 MCC=0.7876
Epoch 034 val  : loss=0.1553 AUROC=0.9782 AUPRC=0.6077 BalAcc=0.9329 F1=0.2822 MCC=0.3791
  learning_rate_used=2.266e-04; learning_rate_next=2.225e-04; elapsed=360.6s
  negatives seen=100.0%; hard negatives=0
Epoch 035 train: loss=0.2786 AUROC=0.9852 AUPRC=0.9089 BalAcc=0.9478 F1=0.8046 MCC=0.7916
Epoch 035 val  : loss=0.1450 AUROC=0.9788 AUPRC=0.6129 BalAcc=0.9335 F1=0.2961 MCC=0.3905
  learning_rate_used=2.225e-04; learning_rate_next=2.184e-04; elapsed=369.9s
  negatives seen=100.0%; hard negatives=0
Epoch 036 train: loss=0.2751 AUROC=0.9858 AUPRC=0.9129 BalAcc=0.9478 F1=0.8056 MCC=0.7926
Epoch 036 val  : loss=0.1375 AUROC=0.9789 AUPRC=0.6098 BalAcc=0.9303 F1=0.3148 MCC=0.4042
  learning_rate_used=2.184e-04; learning_rate_next=2.142e-04; elapsed=366.7s
  negatives seen=100.0%; hard negatives=0
Epoch 037 train: loss=0.2750 AUROC=0.9857 AUPRC=0.9102 BalAcc=0.9479 F1=0.8052 MCC=0.7922
Epoch 037 val  : loss=0.1348 AUROC=0.9788 AUPRC=0.6150 BalAcc=0.9304 F1=0.3218 MCC=0.4097
  learning_rate_used=2.142e-04; learning_rate_next=2.099e-04; elapsed=369.0s
  saved new best checkpoint: /data/projects/SFB_A03/jan/AT_TFBS/human301/runs/FOSL2/crossassay_archthalia_20261009_144503_1046783/CHIP_seed1/best_model.pt (objective=classification-auprc, score=0.615048)
  negatives seen=100.0%; hard negatives=0
Epoch 038 train: loss=0.2739 AUROC=0.9859 AUPRC=0.9094 BalAcc=0.9486 F1=0.8076 MCC=0.7947
Epoch 038 val  : loss=0.1416 AUROC=0.9775 AUPRC=0.6057 BalAcc=0.9274 F1=0.3143 MCC=0.4026
  learning_rate_used=2.099e-04; learning_rate_next=2.055e-04; elapsed=363.2s
  negatives seen=100.0%; hard negatives=0
Epoch 039 train: loss=0.2680 AUROC=0.9867 AUPRC=0.9112 BalAcc=0.9492 F1=0.8106 MCC=0.7977
Epoch 039 val  : loss=0.1137 AUROC=0.9782 AUPRC=0.6146 BalAcc=0.9145 F1=0.4034 MCC=0.4666
  learning_rate_used=2.055e-04; learning_rate_next=2.011e-04; elapsed=365.4s
  negatives seen=100.0%; hard negatives=0
Epoch 040 train: loss=0.2678 AUROC=0.9864 AUPRC=0.9101 BalAcc=0.9497 F1=0.8113 MCC=0.7986
Epoch 040 val  : loss=0.1199 AUROC=0.9775 AUPRC=0.6028 BalAcc=0.9160 F1=0.3775 MCC=0.4472
  learning_rate_used=2.011e-04; learning_rate_next=1.967e-04; elapsed=367.8s
  negatives seen=100.0%; hard negatives=0
Epoch 041 train: loss=0.2642 AUROC=0.9869 AUPRC=0.9143 BalAcc=0.9505 F1=0.8159 MCC=0.8032
Epoch 041 val  : loss=0.1266 AUROC=0.9771 AUPRC=0.6132 BalAcc=0.9232 F1=0.3564 MCC=0.4339
  learning_rate_used=1.967e-04; learning_rate_next=1.922e-04; elapsed=363.9s
  negatives seen=100.0%; hard negatives=0
Epoch 042 train: loss=0.2594 AUROC=0.9875 AUPRC=0.9168 BalAcc=0.9509 F1=0.8178 MCC=0.8051
Epoch 042 val  : loss=0.1405 AUROC=0.9786 AUPRC=0.6169 BalAcc=0.9321 F1=0.3111 MCC=0.4019
  learning_rate_used=1.922e-04; learning_rate_next=1.877e-04; elapsed=361.9s
  saved new best checkpoint: /data/projects/SFB_A03/jan/AT_TFBS/human301/runs/FOSL2/crossassay_archthalia_20261009_144503_1046783/CHIP_seed1/best_model.pt (objective=classification-auprc, score=0.616891)
  negatives seen=100.0%; hard negatives=0
Epoch 043 train: loss=0.2566 AUROC=0.9877 AUPRC=0.9163 BalAcc=0.9524 F1=0.8195 MCC=0.8072
Epoch 043 val  : loss=0.1187 AUROC=0.9781 AUPRC=0.6118 BalAcc=0.9207 F1=0.3778 MCC=0.4494
  learning_rate_used=1.877e-04; learning_rate_next=1.831e-04; elapsed=362.6s
  negatives seen=100.0%; hard negatives=0
Epoch 044 train: loss=0.2572 AUROC=0.9876 AUPRC=0.9184 BalAcc=0.9518 F1=0.8198 MCC=0.8073
Epoch 044 val  : loss=0.1291 AUROC=0.9780 AUPRC=0.6183 BalAcc=0.9272 F1=0.3465 MCC=0.4278
  learning_rate_used=1.831e-04; learning_rate_next=1.785e-04; elapsed=368.8s
  saved new best checkpoint: /data/projects/SFB_A03/jan/AT_TFBS/human301/runs/FOSL2/crossassay_archthalia_20261009_144503_1046783/CHIP_seed1/best_model.pt (objective=classification-auprc, score=0.618350)
  negatives seen=100.0%; hard negatives=0
Epoch 045 train: loss=0.2573 AUROC=0.9878 AUPRC=0.9171 BalAcc=0.9518 F1=0.8195 MCC=0.8070
Epoch 045 val  : loss=0.1228 AUROC=0.9781 AUPRC=0.6167 BalAcc=0.9247 F1=0.3621 MCC=0.4388
  learning_rate_used=1.785e-04; learning_rate_next=1.739e-04; elapsed=365.8s
  negatives seen=100.0%; hard negatives=0
Epoch 046 train: loss=0.2545 AUROC=0.9882 AUPRC=0.9185 BalAcc=0.9528 F1=0.8230 MCC=0.8107
Epoch 046 val  : loss=0.1213 AUROC=0.9768 AUPRC=0.6120 BalAcc=0.9210 F1=0.3664 MCC=0.4407
  learning_rate_used=1.739e-04; learning_rate_next=1.692e-04; elapsed=364.3s
  negatives seen=100.0%; hard negatives=0
Epoch 047 train: loss=0.2509 AUROC=0.9884 AUPRC=0.9196 BalAcc=0.9529 F1=0.8244 MCC=0.8121
Epoch 047 val  : loss=0.1132 AUROC=0.9768 AUPRC=0.6153 BalAcc=0.9148 F1=0.4059 MCC=0.4687
  learning_rate_used=1.692e-04; learning_rate_next=1.646e-04; elapsed=364.5s
  negatives seen=100.0%; hard negatives=0
Epoch 048 train: loss=0.2442 AUROC=0.9889 AUPRC=0.9194 BalAcc=0.9547 F1=0.8275 MCC=0.8155
Epoch 048 val  : loss=0.1196 AUROC=0.9762 AUPRC=0.6182 BalAcc=0.9222 F1=0.3748 MCC=0.4477
  learning_rate_used=1.646e-04; learning_rate_next=1.599e-04; elapsed=362.5s
  negatives seen=100.0%; hard negatives=0
Epoch 049 train: loss=0.2429 AUROC=0.9892 AUPRC=0.9204 BalAcc=0.9542 F1=0.8282 MCC=0.8161
Epoch 049 val  : loss=0.1153 AUROC=0.9771 AUPRC=0.6203 BalAcc=0.9156 F1=0.4038 MCC=0.4674
  learning_rate_used=1.599e-04; learning_rate_next=1.552e-04; elapsed=361.8s
  saved new best checkpoint: /data/projects/SFB_A03/jan/AT_TFBS/human301/runs/FOSL2/crossassay_archthalia_20261009_144503_1046783/CHIP_seed1/best_model.pt (objective=classification-auprc, score=0.620278)
  negatives seen=100.0%; hard negatives=0
Epoch 050 train: loss=0.2429 AUROC=0.9892 AUPRC=0.9212 BalAcc=0.9546 F1=0.8293 MCC=0.8173
Epoch 050 val  : loss=0.1281 AUROC=0.9768 AUPRC=0.6181 BalAcc=0.9270 F1=0.3563 MCC=0.4353
  learning_rate_used=1.552e-04; learning_rate_next=1.505e-04; elapsed=365.2s
  negatives seen=100.0%; hard negatives=0
Epoch 051 train: loss=0.2419 AUROC=0.9892 AUPRC=0.9219 BalAcc=0.9548 F1=0.8308 MCC=0.8188
Epoch 051 val  : loss=0.1157 AUROC=0.9765 AUPRC=0.6134 BalAcc=0.9160 F1=0.3955 MCC=0.4612
  learning_rate_used=1.505e-04; learning_rate_next=1.458e-04; elapsed=366.5s
  negatives seen=100.0%; hard negatives=0
Epoch 052 train: loss=0.2353 AUROC=0.9900 AUPRC=0.9244 BalAcc=0.9558 F1=0.8347 MCC=0.8228
Epoch 052 val  : loss=0.1124 AUROC=0.9769 AUPRC=0.6191 BalAcc=0.9184 F1=0.4002 MCC=0.4658
  learning_rate_used=1.458e-04; learning_rate_next=1.411e-04; elapsed=369.9s
  negatives seen=100.0%; hard negatives=0
Epoch 053 train: loss=0.2382 AUROC=0.9897 AUPRC=0.9240 BalAcc=0.9552 F1=0.8327 MCC=0.8208
Epoch 053 val  : loss=0.1083 AUROC=0.9758 AUPRC=0.6122 BalAcc=0.9091 F1=0.4257 MCC=0.4817
  learning_rate_used=1.411e-04; learning_rate_next=1.364e-04; elapsed=363.1s
  negatives seen=100.0%; hard negatives=0
Epoch 054 train: loss=0.2299 AUROC=0.9903 AUPRC=0.9266 BalAcc=0.9575 F1=0.8408 MCC=0.8292
Epoch 054 val  : loss=0.1147 AUROC=0.9779 AUPRC=0.6176 BalAcc=0.9186 F1=0.4003 MCC=0.4660
  learning_rate_used=1.364e-04; learning_rate_next=1.318e-04; elapsed=367.0s
  negatives seen=100.0%; hard negatives=0
Epoch 055 train: loss=0.2304 AUROC=0.9904 AUPRC=0.9273 BalAcc=0.9572 F1=0.8401 MCC=0.8285
Epoch 055 val  : loss=0.1172 AUROC=0.9770 AUPRC=0.6189 BalAcc=0.9190 F1=0.3913 MCC=0.4591
  learning_rate_used=1.318e-04; learning_rate_next=1.271e-04; elapsed=363.1s
  negatives seen=100.0%; hard negatives=0
Epoch 056 train: loss=0.2258 AUROC=0.9907 AUPRC=0.9266 BalAcc=0.9576 F1=0.8394 MCC=0.8279
Epoch 056 val  : loss=0.1121 AUROC=0.9778 AUPRC=0.6211 BalAcc=0.9174 F1=0.4096 MCC=0.4726
  learning_rate_used=1.271e-04; learning_rate_next=1.225e-04; elapsed=366.7s
  saved new best checkpoint: /data/projects/SFB_A03/jan/AT_TFBS/human301/runs/FOSL2/crossassay_archthalia_20261009_144503_1046783/CHIP_seed1/best_model.pt (objective=classification-auprc, score=0.621122)
  negatives seen=100.0%; hard negatives=0
Epoch 057 train: loss=0.2258 AUROC=0.9909 AUPRC=0.9260 BalAcc=0.9577 F1=0.8401 MCC=0.8286
Epoch 057 val  : loss=0.1148 AUROC=0.9766 AUPRC=0.6177 BalAcc=0.9177 F1=0.4003 MCC=0.4655
  learning_rate_used=1.225e-04; learning_rate_next=1.179e-04; elapsed=365.5s
  negatives seen=100.0%; hard negatives=0
Epoch 058 train: loss=0.2231 AUROC=0.9910 AUPRC=0.9281 BalAcc=0.9589 F1=0.8451 MCC=0.8338
Epoch 058 val  : loss=0.1076 AUROC=0.9765 AUPRC=0.6196 BalAcc=0.8925 F1=0.4739 MCC=0.5125
  learning_rate_used=1.179e-04; learning_rate_next=1.133e-04; elapsed=364.1s
  negatives seen=100.0%; hard negatives=0
Epoch 059 train: loss=0.2207 AUROC=0.9911 AUPRC=0.9305 BalAcc=0.9594 F1=0.8475 MCC=0.8362
Epoch 059 val  : loss=0.1241 AUROC=0.9754 AUPRC=0.6164 BalAcc=0.9217 F1=0.3666 MCC=0.4411
  learning_rate_used=1.133e-04; learning_rate_next=1.088e-04; elapsed=361.4s
  negatives seen=100.0%; hard negatives=0
Epoch 060 train: loss=0.2184 AUROC=0.9915 AUPRC=0.9306 BalAcc=0.9588 F1=0.8466 MCC=0.8353
Epoch 060 val  : loss=0.1093 AUROC=0.9760 AUPRC=0.6195 BalAcc=0.9086 F1=0.4346 MCC=0.4883
  learning_rate_used=1.088e-04; learning_rate_next=1.043e-04; elapsed=368.8s
  negatives seen=100.0%; hard negatives=0
Epoch 061 train: loss=0.2141 AUROC=0.9914 AUPRC=0.9312 BalAcc=0.9607 F1=0.8519 MCC=0.8409
Epoch 061 val  : loss=0.1148 AUROC=0.9758 AUPRC=0.6205 BalAcc=0.9119 F1=0.4255 MCC=0.4826
  learning_rate_used=1.043e-04; learning_rate_next=9.986e-05; elapsed=363.0s
  negatives seen=100.0%; hard negatives=0
Epoch 062 train: loss=0.2138 AUROC=0.9917 AUPRC=0.9334 BalAcc=0.9605 F1=0.8517 MCC=0.8407
Epoch 062 val  : loss=0.1084 AUROC=0.9767 AUPRC=0.6168 BalAcc=0.9015 F1=0.4602 MCC=0.5053
  learning_rate_used=9.986e-05; learning_rate_next=9.547e-05; elapsed=365.1s
  negatives seen=100.0%; hard negatives=0
Epoch 063 train: loss=0.2091 AUROC=0.9921 AUPRC=0.9340 BalAcc=0.9611 F1=0.8537 MCC=0.8428
Epoch 063 val  : loss=0.1139 AUROC=0.9753 AUPRC=0.6222 BalAcc=0.9141 F1=0.4215 MCC=0.4805
  learning_rate_used=9.547e-05; learning_rate_next=9.113e-05; elapsed=362.1s
  saved new best checkpoint: /data/projects/SFB_A03/jan/AT_TFBS/human301/runs/FOSL2/crossassay_archthalia_20261009_144503_1046783/CHIP_seed1/best_model.pt (objective=classification-auprc, score=0.622243)
  negatives seen=100.0%; hard negatives=0
Epoch 064 train: loss=0.2114 AUROC=0.9920 AUPRC=0.9316 BalAcc=0.9607 F1=0.8526 MCC=0.8416
Epoch 064 val  : loss=0.1211 AUROC=0.9759 AUPRC=0.6176 BalAcc=0.9204 F1=0.3808 MCC=0.4516
  learning_rate_used=9.113e-05; learning_rate_next=8.685e-05; elapsed=367.3s
  negatives seen=100.0%; hard negatives=0
Epoch 065 train: loss=0.2078 AUROC=0.9922 AUPRC=0.9330 BalAcc=0.9616 F1=0.8544 MCC=0.8435
Epoch 065 val  : loss=0.1126 AUROC=0.9754 AUPRC=0.6210 BalAcc=0.9133 F1=0.4197 MCC=0.4787
  learning_rate_used=8.685e-05; learning_rate_next=8.263e-05; elapsed=352.0s
  negatives seen=100.0%; hard negatives=0
Epoch 066 train: loss=0.2047 AUROC=0.9924 AUPRC=0.9346 BalAcc=0.9622 F1=0.8560 MCC=0.8453
Epoch 066 val  : loss=0.1122 AUROC=0.9758 AUPRC=0.6244 BalAcc=0.9127 F1=0.4282 MCC=0.4850
  learning_rate_used=8.263e-05; learning_rate_next=7.848e-05; elapsed=355.0s
  saved new best checkpoint: /data/projects/SFB_A03/jan/AT_TFBS/human301/runs/FOSL2/crossassay_archthalia_20261009_144503_1046783/CHIP_seed1/best_model.pt (objective=classification-auprc, score=0.624432)
  negatives seen=100.0%; hard negatives=0
Epoch 067 train: loss=0.2049 AUROC=0.9925 AUPRC=0.9339 BalAcc=0.9620 F1=0.8571 MCC=0.8464
Epoch 067 val  : loss=0.1176 AUROC=0.9754 AUPRC=0.6136 BalAcc=0.9133 F1=0.4108 MCC=0.4719
  learning_rate_used=7.848e-05; learning_rate_next=7.440e-05; elapsed=350.2s
  negatives seen=100.0%; hard negatives=0
Epoch 068 train: loss=0.2029 AUROC=0.9926 AUPRC=0.9361 BalAcc=0.9632 F1=0.8587 MCC=0.8482
Epoch 068 val  : loss=0.1139 AUROC=0.9765 AUPRC=0.6204 BalAcc=0.9110 F1=0.4254 MCC=0.4822
  learning_rate_used=7.440e-05; learning_rate_next=7.039e-05; elapsed=353.4s
  negatives seen=100.0%; hard negatives=0
Epoch 069 train: loss=0.1980 AUROC=0.9930 AUPRC=0.9384 BalAcc=0.9634 F1=0.8614 MCC=0.8509
Epoch 069 val  : loss=0.1113 AUROC=0.9741 AUPRC=0.6186 BalAcc=0.9083 F1=0.4358 MCC=0.4891
  learning_rate_used=7.039e-05; learning_rate_next=6.647e-05; elapsed=356.6s
  negatives seen=100.0%; hard negatives=0
Epoch 070 train: loss=0.1932 AUROC=0.9932 AUPRC=0.9389 BalAcc=0.9646 F1=0.8634 MCC=0.8531
Epoch 070 val  : loss=0.1114 AUROC=0.9756 AUPRC=0.6172 BalAcc=0.9016 F1=0.4541 MCC=0.5006
  learning_rate_used=6.647e-05; learning_rate_next=6.263e-05; elapsed=353.1s
  negatives seen=100.0%; hard negatives=0
Epoch 071 train: loss=0.1940 AUROC=0.9930 AUPRC=0.9376 BalAcc=0.9645 F1=0.8632 MCC=0.8529
Epoch 071 val  : loss=0.1172 AUROC=0.9764 AUPRC=0.6214 BalAcc=0.9182 F1=0.4023 MCC=0.4673
  learning_rate_used=6.263e-05; learning_rate_next=5.887e-05; elapsed=355.1s
  negatives seen=100.0%; hard negatives=0
Epoch 072 train: loss=0.1907 AUROC=0.9933 AUPRC=0.9392 BalAcc=0.9652 F1=0.8653 MCC=0.8552
Epoch 072 val  : loss=0.1131 AUROC=0.9749 AUPRC=0.6214 BalAcc=0.9087 F1=0.4405 MCC=0.4929
  learning_rate_used=5.887e-05; learning_rate_next=5.521e-05; elapsed=355.2s
  negatives seen=100.0%; hard negatives=0
Epoch 073 train: loss=0.1896 AUROC=0.9934 AUPRC=0.9402 BalAcc=0.9650 F1=0.8678 MCC=0.8576
Epoch 073 val  : loss=0.1137 AUROC=0.9750 AUPRC=0.6240 BalAcc=0.9142 F1=0.4222 MCC=0.4810
  learning_rate_used=5.521e-05; learning_rate_next=5.163e-05; elapsed=368.2s
  negatives seen=100.0%; hard negatives=0
Epoch 074 train: loss=0.1855 AUROC=0.9936 AUPRC=0.9396 BalAcc=0.9659 F1=0.8670 MCC=0.8570
Epoch 074 val  : loss=0.1131 AUROC=0.9747 AUPRC=0.6223 BalAcc=0.9086 F1=0.4369 MCC=0.4901
  learning_rate_used=5.163e-05; learning_rate_next=4.816e-05; elapsed=366.7s
  negatives seen=100.0%; hard negatives=0
Epoch 075 train: loss=0.1839 AUROC=0.9937 AUPRC=0.9432 BalAcc=0.9668 F1=0.8702 MCC=0.8603
Epoch 075 val  : loss=0.1198 AUROC=0.9754 AUPRC=0.6217 BalAcc=0.9152 F1=0.4097 MCC=0.4718
  learning_rate_used=4.816e-05; learning_rate_next=4.479e-05; elapsed=368.8s
  negatives seen=100.0%; hard negatives=0
Epoch 076 train: loss=0.1838 AUROC=0.9938 AUPRC=0.9415 BalAcc=0.9664 F1=0.8706 MCC=0.8607
Epoch 076 val  : loss=0.1150 AUROC=0.9739 AUPRC=0.6209 BalAcc=0.9094 F1=0.4311 MCC=0.4860
  learning_rate_used=4.479e-05; learning_rate_next=4.152e-05; elapsed=368.3s
  negatives seen=100.0%; hard negatives=0
Epoch 077 train: loss=0.1857 AUROC=0.9937 AUPRC=0.9408 BalAcc=0.9666 F1=0.8706 MCC=0.8607
Epoch 077 val  : loss=0.1132 AUROC=0.9755 AUPRC=0.6249 BalAcc=0.9097 F1=0.4335 MCC=0.4879
  learning_rate_used=4.152e-05; learning_rate_next=3.836e-05; elapsed=368.1s
  saved new best checkpoint: /data/projects/SFB_A03/jan/AT_TFBS/human301/runs/FOSL2/crossassay_archthalia_20261009_144503_1046783/CHIP_seed1/best_model.pt (objective=classification-auprc, score=0.624945)
  negatives seen=100.0%; hard negatives=0
Epoch 078 train: loss=0.1802 AUROC=0.9940 AUPRC=0.9418 BalAcc=0.9669 F1=0.8720 MCC=0.8622
Epoch 078 val  : loss=0.1095 AUROC=0.9754 AUPRC=0.6231 BalAcc=0.8964 F1=0.4789 MCC=0.5179
  learning_rate_used=3.836e-05; learning_rate_next=3.531e-05; elapsed=368.5s
  negatives seen=100.0%; hard negatives=0
Epoch 079 train: loss=0.1796 AUROC=0.9939 AUPRC=0.9411 BalAcc=0.9673 F1=0.8716 MCC=0.8619
Epoch 079 val  : loss=0.1148 AUROC=0.9740 AUPRC=0.6228 BalAcc=0.9063 F1=0.4454 MCC=0.4958
  learning_rate_used=3.531e-05; learning_rate_next=3.237e-05; elapsed=368.4s
  negatives seen=100.0%; hard negatives=0
Epoch 080 train: loss=0.1785 AUROC=0.9940 AUPRC=0.9436 BalAcc=0.9682 F1=0.8766 MCC=0.8671
Epoch 080 val  : loss=0.1123 AUROC=0.9750 AUPRC=0.6230 BalAcc=0.9035 F1=0.4557 MCC=0.5026
  learning_rate_used=3.237e-05; learning_rate_next=2.955e-05; elapsed=366.1s
  negatives seen=100.0%; hard negatives=0
Epoch 081 train: loss=0.1781 AUROC=0.9942 AUPRC=0.9440 BalAcc=0.9677 F1=0.8779 MCC=0.8683
Epoch 081 val  : loss=0.1157 AUROC=0.9739 AUPRC=0.6213 BalAcc=0.9050 F1=0.4492 MCC=0.4982
  learning_rate_used=2.955e-05; learning_rate_next=2.685e-05; elapsed=365.3s
  negatives seen=100.0%; hard negatives=0
Epoch 082 train: loss=0.1780 AUROC=0.9942 AUPRC=0.9444 BalAcc=0.9675 F1=0.8755 MCC=0.8658
Epoch 082 val  : loss=0.1128 AUROC=0.9742 AUPRC=0.6214 BalAcc=0.8981 F1=0.4729 MCC=0.5139
  learning_rate_used=2.685e-05; learning_rate_next=2.427e-05; elapsed=368.5s
  negatives seen=100.0%; hard negatives=0
Epoch 083 train: loss=0.1724 AUROC=0.9945 AUPRC=0.9459 BalAcc=0.9683 F1=0.8787 MCC=0.8692
Epoch 083 val  : loss=0.1155 AUROC=0.9748 AUPRC=0.6211 BalAcc=0.8992 F1=0.4668 MCC=0.5095
  learning_rate_used=2.427e-05; learning_rate_next=2.182e-05; elapsed=364.5s
  negatives seen=100.0%; hard negatives=0
Epoch 084 train: loss=0.1776 AUROC=0.9942 AUPRC=0.9441 BalAcc=0.9684 F1=0.8776 MCC=0.8681
Epoch 084 val  : loss=0.1139 AUROC=0.9745 AUPRC=0.6205 BalAcc=0.8973 F1=0.4721 MCC=0.5129
  learning_rate_used=2.182e-05; learning_rate_next=1.949e-05; elapsed=365.7s
  negatives seen=100.0%; hard negatives=0
Epoch 085 train: loss=0.1717 AUROC=0.9945 AUPRC=0.9450 BalAcc=0.9687 F1=0.8796 MCC=0.8702
Epoch 085 val  : loss=0.1145 AUROC=0.9740 AUPRC=0.6209 BalAcc=0.8985 F1=0.4655 MCC=0.5083
  learning_rate_used=1.949e-05; learning_rate_next=1.729e-05; elapsed=368.0s
  negatives seen=100.0%; hard negatives=0
Epoch 086 train: loss=0.1719 AUROC=0.9945 AUPRC=0.9456 BalAcc=0.9690 F1=0.8788 MCC=0.8694
Epoch 086 val  : loss=0.1157 AUROC=0.9747 AUPRC=0.6228 BalAcc=0.9073 F1=0.4441 MCC=0.4951
  learning_rate_used=1.729e-05; learning_rate_next=1.523e-05; elapsed=368.7s
  negatives seen=100.0%; hard negatives=0
Epoch 087 train: loss=0.1715 AUROC=0.9945 AUPRC=0.9468 BalAcc=0.9687 F1=0.8794 MCC=0.8700
Epoch 087 val  : loss=0.1143 AUROC=0.9735 AUPRC=0.6172 BalAcc=0.8938 F1=0.4798 MCC=0.5175
  learning_rate_used=1.523e-05; learning_rate_next=1.330e-05; elapsed=361.8s
  negatives seen=100.0%; hard negatives=0
Epoch 088 train: loss=0.1705 AUROC=0.9945 AUPRC=0.9459 BalAcc=0.9693 F1=0.8804 MCC=0.8711
Epoch 088 val  : loss=0.1132 AUROC=0.9751 AUPRC=0.6234 BalAcc=0.8999 F1=0.4710 MCC=0.5131
  learning_rate_used=1.330e-05; learning_rate_next=1.150e-05; elapsed=362.2s
  negatives seen=100.0%; hard negatives=0
Epoch 089 train: loss=0.1698 AUROC=0.9946 AUPRC=0.9460 BalAcc=0.9696 F1=0.8821 MCC=0.8728
Epoch 089 val  : loss=0.1137 AUROC=0.9735 AUPRC=0.6213 BalAcc=0.8972 F1=0.4743 MCC=0.5146
  learning_rate_used=1.150e-05; learning_rate_next=9.838e-06; elapsed=363.5s
  negatives seen=100.0%; hard negatives=0
Epoch 090 train: loss=0.1679 AUROC=0.9946 AUPRC=0.9458 BalAcc=0.9699 F1=0.8818 MCC=0.8726
Epoch 090 val  : loss=0.1176 AUROC=0.9744 AUPRC=0.6230 BalAcc=0.9089 F1=0.4359 MCC=0.4895
  learning_rate_used=9.838e-06; learning_rate_next=8.317e-06; elapsed=365.6s
  negatives seen=100.0%; hard negatives=0
Epoch 091 train: loss=0.1723 AUROC=0.9945 AUPRC=0.9466 BalAcc=0.9690 F1=0.8811 MCC=0.8717
Epoch 091 val  : loss=0.1138 AUROC=0.9747 AUPRC=0.6221 BalAcc=0.8953 F1=0.4813 MCC=0.5193
  learning_rate_used=8.317e-06; learning_rate_next=6.936e-06; elapsed=367.2s
  negatives seen=100.0%; hard negatives=0
Epoch 092 train: loss=0.1717 AUROC=0.9945 AUPRC=0.9466 BalAcc=0.9692 F1=0.8823 MCC=0.8729
Epoch 092 val  : loss=0.1149 AUROC=0.9731 AUPRC=0.6207 BalAcc=0.8981 F1=0.4705 MCC=0.5119
  learning_rate_used=6.936e-06; learning_rate_next=5.697e-06; elapsed=369.0s
  negatives seen=100.0%; hard negatives=0
Epoch 093 train: loss=0.1673 AUROC=0.9946 AUPRC=0.9461 BalAcc=0.9701 F1=0.8831 MCC=0.8740
Epoch 093 val  : loss=0.1133 AUROC=0.9743 AUPRC=0.6216 BalAcc=0.8956 F1=0.4806 MCC=0.5189
  learning_rate_used=5.697e-06; learning_rate_next=4.600e-06; elapsed=370.5s
  negatives seen=100.0%; hard negatives=0
Epoch 094 train: loss=0.1683 AUROC=0.9946 AUPRC=0.9451 BalAcc=0.9701 F1=0.8826 MCC=0.8734
Epoch 094 val  : loss=0.1132 AUROC=0.9747 AUPRC=0.6216 BalAcc=0.8950 F1=0.4801 MCC=0.5183
  learning_rate_used=4.600e-06; learning_rate_next=3.648e-06; elapsed=368.8s
  negatives seen=100.0%; hard negatives=0
Epoch 095 train: loss=0.1672 AUROC=0.9946 AUPRC=0.9464 BalAcc=0.9703 F1=0.8839 MCC=0.8748
Epoch 095 val  : loss=0.1164 AUROC=0.9736 AUPRC=0.6211 BalAcc=0.9040 F1=0.4524 MCC=0.5003
  learning_rate_used=3.648e-06; learning_rate_next=2.841e-06; elapsed=368.5s
  negatives seen=100.0%; hard negatives=0
Epoch 096 train: loss=0.1662 AUROC=0.9947 AUPRC=0.9470 BalAcc=0.9702 F1=0.8839 MCC=0.8748
Epoch 096 val  : loss=0.1163 AUROC=0.9738 AUPRC=0.6208 BalAcc=0.9014 F1=0.4590 MCC=0.5043
  learning_rate_used=2.841e-06; learning_rate_next=2.179e-06; elapsed=368.7s
  negatives seen=100.0%; hard negatives=0
Epoch 097 train: loss=0.1648 AUROC=0.9948 AUPRC=0.9481 BalAcc=0.9705 F1=0.8846 MCC=0.8756
Epoch 097 val  : loss=0.1161 AUROC=0.9734 AUPRC=0.6202 BalAcc=0.8985 F1=0.4665 MCC=0.5090
  learning_rate_used=2.179e-06; learning_rate_next=1.663e-06; elapsed=369.2s
Early stopping after 97 epochs.
Binary threshold: 0.983679 (strategy=val-mcc, validation_score=0.600783)
Validation-only run completed; frozen model: /data/projects/SFB_A03/jan/AT_TFBS/human301/runs/FOSL2/crossassay_archthalia_20261009_144503_1046783/CHIP_seed1/model_for_prediction.pt
FOSL2: CHIP -> CHIP
TEST FOSL2 CHIP -> CHIP: loss=0.1138 AUROC=0.9758 AUPRC=0.6319 BalAcc=0.8025 F1=0.6085 MCC=0.6045
FOSL2: CHIP -> GHTS
TEST FOSL2 CHIP -> GHTS: loss=0.1258 AUROC=0.9680 AUPRC=0.7915 BalAcc=0.9272 F1=0.6880 MCC=0.6988
Completed FOSL2/CHIP: one model, both fixed test sets.
