ZBED9: preparing /data/projects/SFB_A03/jan/AT_TFBS/raw_data/human/ZBED9/hum301_multitf_chr5_chr7/dataset.npz
Loaded train_positive: 30,021
Loaded train_negative: 3,002,100
Loaded test_positive: 24,442
Loaded test_negative: 2,444,200
{
  "train": {
    "positive": 24298,
    "negative": 2429800,
    "total": 2454098,
    "chromosomes": [
      "chr1",
      "chr11",
      "chr13",
      "chr15",
      "chr17",
      "chr19",
      "chr21",
      "chr3",
      "chr9"
    ],
    "sequences_with_N": 1,
    "max_N_fraction": 0.09634551495016612,
    "mean_GC_fraction_ACGT_only": {
      "positive": 0.5230800715033787,
      "negative": 0.4867510156968473
    }
  },
  "validation": {
    "positive": 5723,
    "negative": 572300,
    "total": 578023,
    "chromosomes": [
      "chr5",
      "chr7"
    ],
    "sequences_with_N": 0,
    "max_N_fraction": 0.0,
    "mean_GC_fraction_ACGT_only": {
      "positive": 0.5080966642149792,
      "negative": 0.47617955873107465
    }
  },
  "test": {
    "positive": 24442,
    "negative": 2444200,
    "total": 2468642,
    "chromosomes": [
      "chr10",
      "chr12",
      "chr14",
      "chr16",
      "chr18",
      "chr2",
      "chr20",
      "chr22",
      "chr4",
      "chr6",
      "chr8"
    ],
    "sequences_with_N": 0,
    "max_N_fraction": 0.0,
    "mean_GC_fraction_ACGT_only": {
      "positive": 0.5155414363544478,
      "negative": 0.4795007830592785
    }
  }
}
Sequence audit: {
  "train": {
    "duplicates_or_RC_duplicates_within_split": 102,
    "identical_or_RC_identical_sequences_with_both_labels": 0
  },
  "validation": {
    "duplicates_or_RC_duplicates_within_split": 10,
    "identical_or_RC_identical_sequences_with_both_labels": 0
  },
  "test": {
    "duplicates_or_RC_duplicates_within_split": 55,
    "identical_or_RC_identical_sequences_with_both_labels": 0
  },
  "train_validation_shared_sequences_or_RC": 11,
  "train_test_shared_sequences_or_RC": 37,
  "validation_test_shared_sequences_or_RC": 15
}
Saved: /data/projects/SFB_A03/jan/AT_TFBS/raw_data/human/ZBED9/hum301_multitf_chr5_chr7/dataset.npz
