LEUTX/CHIP: packing existing FASTAs into /data/projects/SFB_A03/jan/AT_TFBS/raw_data/human/ArchThalia-ML/LEUTX/CHIP/dataset.npz; no genome extraction
Loaded train_positive: 3,198
Loaded train_negative: 319,800
Loaded test_positive: 2,706
Loaded test_negative: 270,600
{
  "train": {
    "positive": 2599,
    "negative": 259900,
    "total": 262499,
    "chromosomes": [
      "chr1",
      "chr11",
      "chr13",
      "chr15",
      "chr17",
      "chr19",
      "chr21",
      "chr3",
      "chr9"
    ],
    "sequences_with_N": 0,
    "max_N_fraction": 0.0,
    "mean_GC_fraction_ACGT_only": {
      "positive": 0.5208992980944627,
      "negative": 0.5206490740752576
    }
  },
  "validation": {
    "positive": 599,
    "negative": 59900,
    "total": 60499,
    "chromosomes": [
      "chr5",
      "chr7"
    ],
    "sequences_with_N": 0,
    "max_N_fraction": 0.0,
    "mean_GC_fraction_ACGT_only": {
      "positive": 0.5123600241820532,
      "negative": 0.512356141742328
    }
  },
  "test": {
    "positive": 2706,
    "negative": 270600,
    "total": 273306,
    "chromosomes": [
      "chr10",
      "chr12",
      "chr14",
      "chr16",
      "chr18",
      "chr2",
      "chr20",
      "chr22",
      "chr4",
      "chr6",
      "chr8"
    ],
    "sequences_with_N": 0,
    "max_N_fraction": 0.0,
    "mean_GC_fraction_ACGT_only": {
      "positive": 0.5110091270045893,
      "negative": 0.5109232712834528
    }
  }
}
Sequence audit: {
  "train": {
    "duplicates_or_RC_duplicates_within_split": 3,
    "identical_or_RC_identical_sequences_with_both_labels": 0
  },
  "validation": {
    "duplicates_or_RC_duplicates_within_split": 0,
    "identical_or_RC_identical_sequences_with_both_labels": 0
  },
  "test": {
    "duplicates_or_RC_duplicates_within_split": 1,
    "identical_or_RC_identical_sequences_with_both_labels": 0
  },
  "train_validation_shared_sequences_or_RC": 1,
  "train_test_shared_sequences_or_RC": 0,
  "validation_test_shared_sequences_or_RC": 0
}
Saved: /data/projects/SFB_A03/jan/AT_TFBS/raw_data/human/ArchThalia-ML/LEUTX/CHIP/dataset.npz
LEUTX/GHTS: packing existing FASTAs into /data/projects/SFB_A03/jan/AT_TFBS/raw_data/human/ArchThalia-ML/LEUTX/GHTS/dataset.npz; no genome extraction
Loaded train_positive: 7,861
Loaded train_negative: 786,100
Loaded test_positive: 7,223
Loaded test_negative: 722,300
{
  "train": {
    "positive": 6054,
    "negative": 605400,
    "total": 611454,
    "chromosomes": [
      "chr1",
      "chr11",
      "chr13",
      "chr15",
      "chr17",
      "chr19",
      "chr21",
      "chr3",
      "chr9"
    ],
    "sequences_with_N": 0,
    "max_N_fraction": 0.0,
    "mean_GC_fraction_ACGT_only": {
      "positive": 0.44183138025763696,
      "negative": 0.4418311058721781
    }
  },
  "validation": {
    "positive": 1807,
    "negative": 180700,
    "total": 182507,
    "chromosomes": [
      "chr5",
      "chr7"
    ],
    "sequences_with_N": 0,
    "max_N_fraction": 0.0,
    "mean_GC_fraction_ACGT_only": {
      "positive": 0.4302334774143374,
      "negative": 0.4302316204792364
    }
  },
  "test": {
    "positive": 7223,
    "negative": 722300,
    "total": 729523,
    "chromosomes": [
      "chr10",
      "chr12",
      "chr14",
      "chr16",
      "chr18",
      "chr2",
      "chr20",
      "chr22",
      "chr4",
      "chr6",
      "chr8"
    ],
    "sequences_with_N": 0,
    "max_N_fraction": 0.0,
    "mean_GC_fraction_ACGT_only": {
      "positive": 0.43505496239173225,
      "negative": 0.43505467721927416
    }
  }
}
Sequence audit: {
  "train": {
    "duplicates_or_RC_duplicates_within_split": 6,
    "identical_or_RC_identical_sequences_with_both_labels": 0
  },
  "validation": {
    "duplicates_or_RC_duplicates_within_split": 2,
    "identical_or_RC_identical_sequences_with_both_labels": 0
  },
  "test": {
    "duplicates_or_RC_duplicates_within_split": 4,
    "identical_or_RC_identical_sequences_with_both_labels": 0
  },
  "train_validation_shared_sequences_or_RC": 2,
  "train_test_shared_sequences_or_RC": 4,
  "validation_test_shared_sequences_or_RC": 2
}
Saved: /data/projects/SFB_A03/jan/AT_TFBS/raw_data/human/ArchThalia-ML/LEUTX/GHTS/dataset.npz
LEUTX: caches ready for CHIP and GHTS; cross-test chromosomes are held out.
