MAX/CHIP: packing existing FASTAs into /data/projects/SFB_A03/jan/AT_TFBS/raw_data/human/ArchThalia-ML/MAX/CHIP/dataset.npz; no genome extraction
Loaded train_positive: 11,976
Loaded train_negative: 1,197,600
Loaded test_positive: 9,289
Loaded test_negative: 928,900
{
  "train": {
    "positive": 9882,
    "negative": 988200,
    "total": 998082,
    "chromosomes": [
      "chr1",
      "chr11",
      "chr13",
      "chr15",
      "chr17",
      "chr19",
      "chr21",
      "chr3",
      "chr9"
    ],
    "sequences_with_N": 0,
    "max_N_fraction": 0.0,
    "mean_GC_fraction_ACGT_only": {
      "positive": 0.6380146190160169,
      "negative": 0.5310544155251233
    }
  },
  "validation": {
    "positive": 2094,
    "negative": 209400,
    "total": 211494,
    "chromosomes": [
      "chr5",
      "chr7"
    ],
    "sequences_with_N": 0,
    "max_N_fraction": 0.0,
    "mean_GC_fraction_ACGT_only": {
      "positive": 0.6304089837440939,
      "negative": 0.532734152633533
    }
  },
  "test": {
    "positive": 9289,
    "negative": 928900,
    "total": 938189,
    "chromosomes": [
      "chr10",
      "chr12",
      "chr14",
      "chr16",
      "chr18",
      "chr2",
      "chr20",
      "chr22",
      "chr4",
      "chr6",
      "chr8"
    ],
    "sequences_with_N": 0,
    "max_N_fraction": 0.0,
    "mean_GC_fraction_ACGT_only": {
      "positive": 0.6359989256037846,
      "negative": 0.5362769774845323
    }
  }
}
Sequence audit: {
  "train": {
    "duplicates_or_RC_duplicates_within_split": 24,
    "identical_or_RC_identical_sequences_with_both_labels": 0
  },
  "validation": {
    "duplicates_or_RC_duplicates_within_split": 10,
    "identical_or_RC_identical_sequences_with_both_labels": 0
  },
  "test": {
    "duplicates_or_RC_duplicates_within_split": 29,
    "identical_or_RC_identical_sequences_with_both_labels": 0
  },
  "train_validation_shared_sequences_or_RC": 0,
  "train_test_shared_sequences_or_RC": 6,
  "validation_test_shared_sequences_or_RC": 2
}
Saved: /data/projects/SFB_A03/jan/AT_TFBS/raw_data/human/ArchThalia-ML/MAX/CHIP/dataset.npz
MAX/GHTS: packing existing FASTAs into /data/projects/SFB_A03/jan/AT_TFBS/raw_data/human/ArchThalia-ML/MAX/GHTS/dataset.npz; no genome extraction
Loaded train_positive: 14,367
Loaded train_negative: 1,436,700
Loaded test_positive: 12,534
Loaded test_negative: 1,253,400
{
  "train": {
    "positive": 11373,
    "negative": 1137300,
    "total": 1148673,
    "chromosomes": [
      "chr1",
      "chr11",
      "chr13",
      "chr15",
      "chr17",
      "chr19",
      "chr21",
      "chr3",
      "chr9"
    ],
    "sequences_with_N": 1,
    "max_N_fraction": 0.3920265780730897,
    "mean_GC_fraction_ACGT_only": {
      "positive": 0.5846014199950168,
      "negative": 0.5241706489666469
    }
  },
  "validation": {
    "positive": 2994,
    "negative": 299400,
    "total": 302394,
    "chromosomes": [
      "chr5",
      "chr7"
    ],
    "sequences_with_N": 0,
    "max_N_fraction": 0.0,
    "mean_GC_fraction_ACGT_only": {
      "positive": 0.5695266501996241,
      "negative": 0.5158282123493942
    }
  },
  "test": {
    "positive": 12534,
    "negative": 1253400,
    "total": 1265934,
    "chromosomes": [
      "chr10",
      "chr12",
      "chr14",
      "chr16",
      "chr18",
      "chr2",
      "chr20",
      "chr22",
      "chr4",
      "chr6",
      "chr8"
    ],
    "sequences_with_N": 0,
    "max_N_fraction": 0.0,
    "mean_GC_fraction_ACGT_only": {
      "positive": 0.5688225037863788,
      "negative": 0.5187472347639669
    }
  }
}
Sequence audit: {
  "train": {
    "duplicates_or_RC_duplicates_within_split": 33,
    "identical_or_RC_identical_sequences_with_both_labels": 0
  },
  "validation": {
    "duplicates_or_RC_duplicates_within_split": 9,
    "identical_or_RC_identical_sequences_with_both_labels": 0
  },
  "test": {
    "duplicates_or_RC_duplicates_within_split": 29,
    "identical_or_RC_identical_sequences_with_both_labels": 0
  },
  "train_validation_shared_sequences_or_RC": 0,
  "train_test_shared_sequences_or_RC": 11,
  "validation_test_shared_sequences_or_RC": 5
}
Saved: /data/projects/SFB_A03/jan/AT_TFBS/raw_data/human/ArchThalia-ML/MAX/GHTS/dataset.npz
MAX: caches ready for CHIP and GHTS; cross-test chromosomes are held out.
