TF=ELF3 variant=base seed=1
/home/jbossenz/miniforge3/envs/at_env/bin/python -u /data/projects/SFB_A03/jan/AT_TFBS/human301/hum301_motif64.py train --cache /data/projects/SFB_A03/jan/AT_TFBS/raw_data/human/ELF3/hum301_multitf_chr5_chr7/dataset.npz --output-dir /data/projects/SFB_A03/jan/AT_TFBS/human301/runs/ELF3/multitf_20261006_033507_932031_base_seed1 --input-length 256 --embed-channels 64 --encoder-channels 80 96 128 --heads 4 --ffn-channels 256 --classification-readout center --task-mode classification --checkpoint-objective classification-auprc --threshold-strategy val-mcc --negatives-per-positive 10 --batch-size 88 --hard-negative-fraction 0 --epochs 100 --patience 20 --learning-rate 0.0003 --min-learning-rate 0.000001 --weight-decay 0.0001 --dropout 0.1 --activation relu --reverse-complement-probability 0.5 --eval-crops multi --eval-rc --no-balanced-evaluation --eval-batch-size 128 --num-workers 2 --seed 1 --device cuda
Window geometry: 256 bp from 301 bp; crop starts 0..45; shifts -22..+23; fresh uniform draw per access
Evaluation: crops (0, 22, 23, 45), reverse complement=True; all samples
train: n=3,217,860, positive=31,860, negative=3,186,000
  val: n=935,563, positive=9,263, negative=926,300
 test: n=3,789,015, positive=37,515, negative=3,751,500
Device: cuda
Hidden activation: RELU
Parameters: 1,032,981 total; 1,032,981 trainable
Architecture: motif kernels 9/12; encoder 128/64/64; original five-block bottleneck at 64; decoder 64/128/256
  negatives seen=10.0%; hard negatives=0
Epoch 001 train: loss=0.6986 AUROC=0.9110 AUPRC=0.6068 BalAcc=0.8329 F1=0.4886 MCC=0.4667
Epoch 001 val  : loss=0.1984 AUROC=0.9450 AUPRC=0.3399 BalAcc=0.8588 F1=0.2037 MCC=0.2871
  learning_rate_used=3.000e-04; learning_rate_next=2.999e-04; elapsed=422.5s
  saved new best checkpoint: /data/projects/SFB_A03/jan/AT_TFBS/human301/runs/ELF3/multitf_20261006_033507_932031_base_seed1/best_model.pt (objective=classification-auprc, score=0.339883)
  negatives seen=20.0%; hard negatives=0
Epoch 002 train: loss=0.5726 AUROC=0.9399 AUPRC=0.7042 BalAcc=0.8727 F1=0.5713 MCC=0.5542
Epoch 002 val  : loss=0.1745 AUROC=0.9515 AUPRC=0.3636 BalAcc=0.8550 F1=0.2524 MCC=0.3253
  learning_rate_used=2.999e-04; learning_rate_next=2.997e-04; elapsed=419.9s
  saved new best checkpoint: /data/projects/SFB_A03/jan/AT_TFBS/human301/runs/ELF3/multitf_20261006_033507_932031_base_seed1/best_model.pt (objective=classification-auprc, score=0.363565)
  negatives seen=30.0%; hard negatives=0
Epoch 003 train: loss=0.5403 AUROC=0.9467 AUPRC=0.7304 BalAcc=0.8818 F1=0.5957 MCC=0.5788
Epoch 003 val  : loss=0.6315 AUROC=0.9517 AUPRC=0.3856 BalAcc=0.8426 F1=0.0656 MCC=0.1512
  learning_rate_used=2.997e-04; learning_rate_next=2.993e-04; elapsed=420.0s
  saved new best checkpoint: /data/projects/SFB_A03/jan/AT_TFBS/human301/runs/ELF3/multitf_20261006_033507_932031_base_seed1/best_model.pt (objective=classification-auprc, score=0.385595)
  negatives seen=40.0%; hard negatives=0
Epoch 004 train: loss=0.5164 AUROC=0.9515 AUPRC=0.7527 BalAcc=0.8875 F1=0.6082 MCC=0.5921
Epoch 004 val  : loss=0.2408 AUROC=0.9556 AUPRC=0.4012 BalAcc=0.8866 F1=0.2001 MCC=0.2941
  learning_rate_used=2.993e-04; learning_rate_next=2.988e-04; elapsed=428.1s
  saved new best checkpoint: /data/projects/SFB_A03/jan/AT_TFBS/human301/runs/ELF3/multitf_20261006_033507_932031_base_seed1/best_model.pt (objective=classification-auprc, score=0.401227)
  negatives seen=50.0%; hard negatives=0
Epoch 005 train: loss=0.5091 AUROC=0.9528 AUPRC=0.7562 BalAcc=0.8898 F1=0.6141 MCC=0.5981
Epoch 005 val  : loss=0.2763 AUROC=0.9565 AUPRC=0.3996 BalAcc=0.8927 F1=0.1466 MCC=0.2486
  learning_rate_used=2.988e-04; learning_rate_next=2.982e-04; elapsed=426.9s
  negatives seen=60.0%; hard negatives=0
Epoch 006 train: loss=0.4975 AUROC=0.9550 AUPRC=0.7640 BalAcc=0.8925 F1=0.6217 MCC=0.6058
Epoch 006 val  : loss=0.1867 AUROC=0.9572 AUPRC=0.3995 BalAcc=0.8821 F1=0.2268 MCC=0.3148
  learning_rate_used=2.982e-04; learning_rate_next=2.974e-04; elapsed=426.8s
  negatives seen=70.0%; hard negatives=0
Epoch 007 train: loss=0.4930 AUROC=0.9558 AUPRC=0.7698 BalAcc=0.8946 F1=0.6270 MCC=0.6112
Epoch 007 val  : loss=0.4124 AUROC=0.9555 AUPRC=0.3960 BalAcc=0.8827 F1=0.1018 MCC=0.2014
  learning_rate_used=2.974e-04; learning_rate_next=2.964e-04; elapsed=428.6s
  negatives seen=80.0%; hard negatives=0
Epoch 008 train: loss=0.4869 AUROC=0.9569 AUPRC=0.7746 BalAcc=0.8955 F1=0.6286 MCC=0.6130
Epoch 008 val  : loss=0.2181 AUROC=0.9584 AUPRC=0.4119 BalAcc=0.8912 F1=0.1942 MCC=0.2907
  learning_rate_used=2.964e-04; learning_rate_next=2.953e-04; elapsed=421.2s
  saved new best checkpoint: /data/projects/SFB_A03/jan/AT_TFBS/human301/runs/ELF3/multitf_20261006_033507_932031_base_seed1/best_model.pt (objective=classification-auprc, score=0.411935)
  negatives seen=90.0%; hard negatives=0
Epoch 009 train: loss=0.4817 AUROC=0.9578 AUPRC=0.7772 BalAcc=0.8976 F1=0.6356 MCC=0.6199
Epoch 009 val  : loss=0.1748 AUROC=0.9588 AUPRC=0.4134 BalAcc=0.8821 F1=0.2367 MCC=0.3230
  learning_rate_used=2.953e-04; learning_rate_next=2.941e-04; elapsed=426.3s
  saved new best checkpoint: /data/projects/SFB_A03/jan/AT_TFBS/human301/runs/ELF3/multitf_20261006_033507_932031_base_seed1/best_model.pt (objective=classification-auprc, score=0.413405)
  negatives seen=100.0%; hard negatives=0
Epoch 010 train: loss=0.4764 AUROC=0.9589 AUPRC=0.7798 BalAcc=0.8981 F1=0.6349 MCC=0.6195
Epoch 010 val  : loss=0.3204 AUROC=0.9575 AUPRC=0.4134 BalAcc=0.8953 F1=0.1363 MCC=0.2396
  learning_rate_used=2.941e-04; learning_rate_next=2.927e-04; elapsed=423.8s
  negatives seen=100.0%; hard negatives=0
Epoch 011 train: loss=0.4726 AUROC=0.9595 AUPRC=0.7825 BalAcc=0.8991 F1=0.6372 MCC=0.6220
Epoch 011 val  : loss=0.2706 AUROC=0.9588 AUPRC=0.4214 BalAcc=0.8957 F1=0.1620 MCC=0.2638
  learning_rate_used=2.927e-04; learning_rate_next=2.912e-04; elapsed=427.4s
  saved new best checkpoint: /data/projects/SFB_A03/jan/AT_TFBS/human301/runs/ELF3/multitf_20261006_033507_932031_base_seed1/best_model.pt (objective=classification-auprc, score=0.421374)
  negatives seen=100.0%; hard negatives=0
Epoch 012 train: loss=0.4689 AUROC=0.9601 AUPRC=0.7858 BalAcc=0.9004 F1=0.6415 MCC=0.6262
Epoch 012 val  : loss=0.1669 AUROC=0.9593 AUPRC=0.4162 BalAcc=0.8734 F1=0.2631 MCC=0.3410
  learning_rate_used=2.912e-04; learning_rate_next=2.895e-04; elapsed=424.5s
  negatives seen=100.0%; hard negatives=0
Epoch 013 train: loss=0.4656 AUROC=0.9606 AUPRC=0.7871 BalAcc=0.9013 F1=0.6449 MCC=0.6295
Epoch 013 val  : loss=0.1578 AUROC=0.9599 AUPRC=0.4229 BalAcc=0.8674 F1=0.2828 MCC=0.3542
  learning_rate_used=2.895e-04; learning_rate_next=2.877e-04; elapsed=423.5s
  saved new best checkpoint: /data/projects/SFB_A03/jan/AT_TFBS/human301/runs/ELF3/multitf_20261006_033507_932031_base_seed1/best_model.pt (objective=classification-auprc, score=0.422896)
  negatives seen=100.0%; hard negatives=0
Epoch 014 train: loss=0.4654 AUROC=0.9608 AUPRC=0.7867 BalAcc=0.9022 F1=0.6456 MCC=0.6306
Epoch 014 val  : loss=0.2062 AUROC=0.9595 AUPRC=0.4250 BalAcc=0.8929 F1=0.2063 MCC=0.3016
  learning_rate_used=2.877e-04; learning_rate_next=2.858e-04; elapsed=429.4s
  saved new best checkpoint: /data/projects/SFB_A03/jan/AT_TFBS/human301/runs/ELF3/multitf_20261006_033507_932031_base_seed1/best_model.pt (objective=classification-auprc, score=0.424971)
  negatives seen=100.0%; hard negatives=0
Epoch 015 train: loss=0.4600 AUROC=0.9617 AUPRC=0.7909 BalAcc=0.9028 F1=0.6466 MCC=0.6317
Epoch 015 val  : loss=0.2001 AUROC=0.9596 AUPRC=0.4218 BalAcc=0.8915 F1=0.2084 MCC=0.3030
  learning_rate_used=2.858e-04; learning_rate_next=2.837e-04; elapsed=425.9s
  negatives seen=100.0%; hard negatives=0
Epoch 016 train: loss=0.4573 AUROC=0.9620 AUPRC=0.7921 BalAcc=0.9031 F1=0.6493 MCC=0.6341
Epoch 016 val  : loss=0.2238 AUROC=0.9600 AUPRC=0.4307 BalAcc=0.8958 F1=0.1907 MCC=0.2893
  learning_rate_used=2.837e-04; learning_rate_next=2.815e-04; elapsed=427.3s
  saved new best checkpoint: /data/projects/SFB_A03/jan/AT_TFBS/human301/runs/ELF3/multitf_20261006_033507_932031_base_seed1/best_model.pt (objective=classification-auprc, score=0.430689)
  negatives seen=100.0%; hard negatives=0
Epoch 017 train: loss=0.4527 AUROC=0.9630 AUPRC=0.7934 BalAcc=0.9044 F1=0.6523 MCC=0.6373
Epoch 017 val  : loss=0.1925 AUROC=0.9599 AUPRC=0.4272 BalAcc=0.8887 F1=0.2254 MCC=0.3162
  learning_rate_used=2.815e-04; learning_rate_next=2.792e-04; elapsed=428.2s
  negatives seen=100.0%; hard negatives=0
Epoch 018 train: loss=0.4506 AUROC=0.9633 AUPRC=0.7967 BalAcc=0.9046 F1=0.6541 MCC=0.6389
Epoch 018 val  : loss=0.1865 AUROC=0.9610 AUPRC=0.4304 BalAcc=0.8893 F1=0.2263 MCC=0.3172
  learning_rate_used=2.792e-04; learning_rate_next=2.767e-04; elapsed=429.8s
  negatives seen=100.0%; hard negatives=0
Epoch 019 train: loss=0.4486 AUROC=0.9637 AUPRC=0.7975 BalAcc=0.9054 F1=0.6577 MCC=0.6424
Epoch 019 val  : loss=0.1899 AUROC=0.9604 AUPRC=0.4291 BalAcc=0.8887 F1=0.2320 MCC=0.3216
  learning_rate_used=2.767e-04; learning_rate_next=2.741e-04; elapsed=427.7s
  negatives seen=100.0%; hard negatives=0
Epoch 020 train: loss=0.4434 AUROC=0.9643 AUPRC=0.8006 BalAcc=0.9070 F1=0.6582 MCC=0.6435
Epoch 020 val  : loss=0.2687 AUROC=0.9594 AUPRC=0.4289 BalAcc=0.8980 F1=0.1610 MCC=0.2636
  learning_rate_used=2.741e-04; learning_rate_next=2.714e-04; elapsed=430.1s
  negatives seen=100.0%; hard negatives=0
Epoch 021 train: loss=0.4426 AUROC=0.9643 AUPRC=0.8006 BalAcc=0.9078 F1=0.6637 MCC=0.6486
Epoch 021 val  : loss=0.2069 AUROC=0.9603 AUPRC=0.4297 BalAcc=0.8931 F1=0.2077 MCC=0.3029
  learning_rate_used=2.714e-04; learning_rate_next=2.686e-04; elapsed=427.1s
  negatives seen=100.0%; hard negatives=0
Epoch 022 train: loss=0.4397 AUROC=0.9650 AUPRC=0.8033 BalAcc=0.9078 F1=0.6617 MCC=0.6469
Epoch 022 val  : loss=0.2061 AUROC=0.9606 AUPRC=0.4353 BalAcc=0.8952 F1=0.2065 MCC=0.3026
  learning_rate_used=2.686e-04; learning_rate_next=2.657e-04; elapsed=426.7s
  saved new best checkpoint: /data/projects/SFB_A03/jan/AT_TFBS/human301/runs/ELF3/multitf_20261006_033507_932031_base_seed1/best_model.pt (objective=classification-auprc, score=0.435338)
  negatives seen=100.0%; hard negatives=0
Epoch 023 train: loss=0.4382 AUROC=0.9653 AUPRC=0.8021 BalAcc=0.9083 F1=0.6638 MCC=0.6490
Epoch 023 val  : loss=0.2638 AUROC=0.9604 AUPRC=0.4338 BalAcc=0.8987 F1=0.1623 MCC=0.2650
  learning_rate_used=2.657e-04; learning_rate_next=2.626e-04; elapsed=439.8s
  negatives seen=100.0%; hard negatives=0
Epoch 024 train: loss=0.4335 AUROC=0.9661 AUPRC=0.8053 BalAcc=0.9083 F1=0.6640 MCC=0.6491
Epoch 024 val  : loss=0.2068 AUROC=0.9609 AUPRC=0.4298 BalAcc=0.8940 F1=0.2027 MCC=0.2990
  learning_rate_used=2.626e-04; learning_rate_next=2.595e-04; elapsed=427.3s
  negatives seen=100.0%; hard negatives=0
Epoch 025 train: loss=0.4297 AUROC=0.9668 AUPRC=0.8094 BalAcc=0.9102 F1=0.6716 MCC=0.6565
Epoch 025 val  : loss=0.2004 AUROC=0.9611 AUPRC=0.4342 BalAcc=0.8939 F1=0.2109 MCC=0.3059
  learning_rate_used=2.595e-04; learning_rate_next=2.562e-04; elapsed=423.9s
  negatives seen=100.0%; hard negatives=0
Epoch 026 train: loss=0.4281 AUROC=0.9668 AUPRC=0.8115 BalAcc=0.9112 F1=0.6740 MCC=0.6591
Epoch 026 val  : loss=0.2455 AUROC=0.9608 AUPRC=0.4323 BalAcc=0.8982 F1=0.1816 MCC=0.2821
  learning_rate_used=2.562e-04; learning_rate_next=2.528e-04; elapsed=429.5s
  negatives seen=100.0%; hard negatives=0
Epoch 027 train: loss=0.4231 AUROC=0.9677 AUPRC=0.8107 BalAcc=0.9119 F1=0.6730 MCC=0.6585
Epoch 027 val  : loss=0.2334 AUROC=0.9603 AUPRC=0.4343 BalAcc=0.8983 F1=0.1823 MCC=0.2828
  learning_rate_used=2.528e-04; learning_rate_next=2.494e-04; elapsed=427.0s
  negatives seen=100.0%; hard negatives=0
Epoch 028 train: loss=0.4220 AUROC=0.9678 AUPRC=0.8117 BalAcc=0.9120 F1=0.6747 MCC=0.6600
Epoch 028 val  : loss=0.1909 AUROC=0.9613 AUPRC=0.4360 BalAcc=0.8899 F1=0.2239 MCC=0.3154
  learning_rate_used=2.494e-04; learning_rate_next=2.458e-04; elapsed=428.6s
  saved new best checkpoint: /data/projects/SFB_A03/jan/AT_TFBS/human301/runs/ELF3/multitf_20261006_033507_932031_base_seed1/best_model.pt (objective=classification-auprc, score=0.436021)
  negatives seen=100.0%; hard negatives=0
Epoch 029 train: loss=0.4225 AUROC=0.9677 AUPRC=0.8099 BalAcc=0.9127 F1=0.6789 MCC=0.6640
Epoch 029 val  : loss=0.2237 AUROC=0.9611 AUPRC=0.4336 BalAcc=0.8969 F1=0.1945 MCC=0.2930
  learning_rate_used=2.458e-04; learning_rate_next=2.421e-04; elapsed=437.3s
  negatives seen=100.0%; hard negatives=0
Epoch 030 train: loss=0.4194 AUROC=0.9683 AUPRC=0.8119 BalAcc=0.9134 F1=0.6808 MCC=0.6660
Epoch 030 val  : loss=0.1916 AUROC=0.9606 AUPRC=0.4323 BalAcc=0.8900 F1=0.2320 MCC=0.3221
  learning_rate_used=2.421e-04; learning_rate_next=2.384e-04; elapsed=427.3s
  negatives seen=100.0%; hard negatives=0
Epoch 031 train: loss=0.4177 AUROC=0.9685 AUPRC=0.8120 BalAcc=0.9139 F1=0.6820 MCC=0.6672
Epoch 031 val  : loss=0.1893 AUROC=0.9606 AUPRC=0.4409 BalAcc=0.8910 F1=0.2248 MCC=0.3165
  learning_rate_used=2.384e-04; learning_rate_next=2.345e-04; elapsed=427.6s
  saved new best checkpoint: /data/projects/SFB_A03/jan/AT_TFBS/human301/runs/ELF3/multitf_20261006_033507_932031_base_seed1/best_model.pt (objective=classification-auprc, score=0.440909)
  negatives seen=100.0%; hard negatives=0
Epoch 032 train: loss=0.4134 AUROC=0.9691 AUPRC=0.8174 BalAcc=0.9141 F1=0.6809 MCC=0.6663
Epoch 032 val  : loss=0.2209 AUROC=0.9594 AUPRC=0.4366 BalAcc=0.8938 F1=0.2072 MCC=0.3027
  learning_rate_used=2.345e-04; learning_rate_next=2.306e-04; elapsed=422.9s
  negatives seen=100.0%; hard negatives=0
Epoch 033 train: loss=0.4124 AUROC=0.9694 AUPRC=0.8143 BalAcc=0.9140 F1=0.6825 MCC=0.6677
Epoch 033 val  : loss=0.2437 AUROC=0.9595 AUPRC=0.4404 BalAcc=0.8974 F1=0.1797 MCC=0.2802
  learning_rate_used=2.306e-04; learning_rate_next=2.266e-04; elapsed=423.6s
  negatives seen=100.0%; hard negatives=0
Epoch 034 train: loss=0.4075 AUROC=0.9700 AUPRC=0.8164 BalAcc=0.9151 F1=0.6833 MCC=0.6688
Epoch 034 val  : loss=0.1827 AUROC=0.9605 AUPRC=0.4388 BalAcc=0.8890 F1=0.2355 MCC=0.3246
  learning_rate_used=2.266e-04; learning_rate_next=2.225e-04; elapsed=423.5s
  negatives seen=100.0%; hard negatives=0
Epoch 035 train: loss=0.4042 AUROC=0.9705 AUPRC=0.8197 BalAcc=0.9162 F1=0.6876 MCC=0.6731
Epoch 035 val  : loss=0.2141 AUROC=0.9604 AUPRC=0.4355 BalAcc=0.8951 F1=0.2039 MCC=0.3004
  learning_rate_used=2.225e-04; learning_rate_next=2.184e-04; elapsed=422.6s
  negatives seen=100.0%; hard negatives=0
Epoch 036 train: loss=0.4026 AUROC=0.9707 AUPRC=0.8193 BalAcc=0.9171 F1=0.6894 MCC=0.6750
Epoch 036 val  : loss=0.2344 AUROC=0.9603 AUPRC=0.4405 BalAcc=0.8970 F1=0.1837 MCC=0.2836
  learning_rate_used=2.184e-04; learning_rate_next=2.142e-04; elapsed=428.2s
  negatives seen=100.0%; hard negatives=0
Epoch 037 train: loss=0.3984 AUROC=0.9713 AUPRC=0.8238 BalAcc=0.9184 F1=0.6936 MCC=0.6792
Epoch 037 val  : loss=0.1998 AUROC=0.9615 AUPRC=0.4424 BalAcc=0.8932 F1=0.2143 MCC=0.3085
  learning_rate_used=2.142e-04; learning_rate_next=2.099e-04; elapsed=427.7s
  saved new best checkpoint: /data/projects/SFB_A03/jan/AT_TFBS/human301/runs/ELF3/multitf_20261006_033507_932031_base_seed1/best_model.pt (objective=classification-auprc, score=0.442387)
  negatives seen=100.0%; hard negatives=0
Epoch 038 train: loss=0.4026 AUROC=0.9708 AUPRC=0.8210 BalAcc=0.9161 F1=0.6906 MCC=0.6757
Epoch 038 val  : loss=0.1737 AUROC=0.9614 AUPRC=0.4453 BalAcc=0.8864 F1=0.2464 MCC=0.3325
  learning_rate_used=2.099e-04; learning_rate_next=2.055e-04; elapsed=425.7s
  saved new best checkpoint: /data/projects/SFB_A03/jan/AT_TFBS/human301/runs/ELF3/multitf_20261006_033507_932031_base_seed1/best_model.pt (objective=classification-auprc, score=0.445258)
  negatives seen=100.0%; hard negatives=0
Epoch 039 train: loss=0.3961 AUROC=0.9716 AUPRC=0.8243 BalAcc=0.9189 F1=0.6957 MCC=0.6813
Epoch 039 val  : loss=0.2198 AUROC=0.9607 AUPRC=0.4424 BalAcc=0.8966 F1=0.1972 MCC=0.2952
  learning_rate_used=2.055e-04; learning_rate_next=2.011e-04; elapsed=422.3s
  negatives seen=100.0%; hard negatives=0
Epoch 040 train: loss=0.3945 AUROC=0.9720 AUPRC=0.8229 BalAcc=0.9187 F1=0.6964 MCC=0.6819
Epoch 040 val  : loss=0.2232 AUROC=0.9604 AUPRC=0.4421 BalAcc=0.8976 F1=0.1880 MCC=0.2876
  learning_rate_used=2.011e-04; learning_rate_next=1.967e-04; elapsed=425.6s
  negatives seen=100.0%; hard negatives=0
Epoch 041 train: loss=0.3883 AUROC=0.9730 AUPRC=0.8275 BalAcc=0.9195 F1=0.6981 MCC=0.6837
Epoch 041 val  : loss=0.1985 AUROC=0.9611 AUPRC=0.4436 BalAcc=0.8927 F1=0.2193 MCC=0.3125
  learning_rate_used=1.967e-04; learning_rate_next=1.922e-04; elapsed=427.8s
  negatives seen=100.0%; hard negatives=0
Epoch 042 train: loss=0.3886 AUROC=0.9729 AUPRC=0.8255 BalAcc=0.9205 F1=0.7029 MCC=0.6883
Epoch 042 val  : loss=0.1645 AUROC=0.9606 AUPRC=0.4436 BalAcc=0.8788 F1=0.2700 MCC=0.3485
  learning_rate_used=1.922e-04; learning_rate_next=1.877e-04; elapsed=423.8s
  negatives seen=100.0%; hard negatives=0
Epoch 043 train: loss=0.3852 AUROC=0.9732 AUPRC=0.8289 BalAcc=0.9205 F1=0.7019 MCC=0.6875
Epoch 043 val  : loss=0.1674 AUROC=0.9605 AUPRC=0.4417 BalAcc=0.8807 F1=0.2677 MCC=0.3474
  learning_rate_used=1.877e-04; learning_rate_next=1.831e-04; elapsed=425.9s
  negatives seen=100.0%; hard negatives=0
Epoch 044 train: loss=0.3822 AUROC=0.9738 AUPRC=0.8306 BalAcc=0.9211 F1=0.7029 MCC=0.6886
Epoch 044 val  : loss=0.1910 AUROC=0.9611 AUPRC=0.4377 BalAcc=0.8915 F1=0.2222 MCC=0.3145
  learning_rate_used=1.831e-04; learning_rate_next=1.785e-04; elapsed=426.2s
  negatives seen=100.0%; hard negatives=0
Epoch 045 train: loss=0.3831 AUROC=0.9737 AUPRC=0.8284 BalAcc=0.9215 F1=0.7051 MCC=0.6907
Epoch 045 val  : loss=0.2004 AUROC=0.9599 AUPRC=0.4378 BalAcc=0.8925 F1=0.2183 MCC=0.3116
  learning_rate_used=1.785e-04; learning_rate_next=1.739e-04; elapsed=425.5s
  negatives seen=100.0%; hard negatives=0
Epoch 046 train: loss=0.3799 AUROC=0.9742 AUPRC=0.8306 BalAcc=0.9222 F1=0.7055 MCC=0.6913
Epoch 046 val  : loss=0.1946 AUROC=0.9604 AUPRC=0.4447 BalAcc=0.8913 F1=0.2208 MCC=0.3133
  learning_rate_used=1.739e-04; learning_rate_next=1.692e-04; elapsed=426.7s
  negatives seen=100.0%; hard negatives=0
Epoch 047 train: loss=0.3778 AUROC=0.9744 AUPRC=0.8314 BalAcc=0.9223 F1=0.7079 MCC=0.6935
Epoch 047 val  : loss=0.1922 AUROC=0.9604 AUPRC=0.4421 BalAcc=0.8915 F1=0.2269 MCC=0.3184
  learning_rate_used=1.692e-04; learning_rate_next=1.646e-04; elapsed=425.9s
  negatives seen=100.0%; hard negatives=0
Epoch 048 train: loss=0.3753 AUROC=0.9747 AUPRC=0.8302 BalAcc=0.9228 F1=0.7071 MCC=0.6930
Epoch 048 val  : loss=0.1745 AUROC=0.9602 AUPRC=0.4426 BalAcc=0.8843 F1=0.2567 MCC=0.3400
  learning_rate_used=1.646e-04; learning_rate_next=1.599e-04; elapsed=422.7s
  negatives seen=100.0%; hard negatives=0
Epoch 049 train: loss=0.3717 AUROC=0.9753 AUPRC=0.8331 BalAcc=0.9242 F1=0.7121 MCC=0.6979
Epoch 049 val  : loss=0.1628 AUROC=0.9604 AUPRC=0.4465 BalAcc=0.8754 F1=0.2781 MCC=0.3536
  learning_rate_used=1.599e-04; learning_rate_next=1.552e-04; elapsed=425.6s
  saved new best checkpoint: /data/projects/SFB_A03/jan/AT_TFBS/human301/runs/ELF3/multitf_20261006_033507_932031_base_seed1/best_model.pt (objective=classification-auprc, score=0.446504)
  negatives seen=100.0%; hard negatives=0
Epoch 050 train: loss=0.3704 AUROC=0.9754 AUPRC=0.8347 BalAcc=0.9240 F1=0.7128 MCC=0.6986
Epoch 050 val  : loss=0.1794 AUROC=0.9597 AUPRC=0.4438 BalAcc=0.8839 F1=0.2484 MCC=0.3332
  learning_rate_used=1.552e-04; learning_rate_next=1.505e-04; elapsed=426.7s
  negatives seen=100.0%; hard negatives=0
Epoch 051 train: loss=0.3674 AUROC=0.9758 AUPRC=0.8374 BalAcc=0.9249 F1=0.7150 MCC=0.7009
Epoch 051 val  : loss=0.1639 AUROC=0.9584 AUPRC=0.4450 BalAcc=0.8741 F1=0.2765 MCC=0.3518
  learning_rate_used=1.505e-04; learning_rate_next=1.458e-04; elapsed=424.2s
  negatives seen=100.0%; hard negatives=0
Epoch 052 train: loss=0.3639 AUROC=0.9762 AUPRC=0.8361 BalAcc=0.9262 F1=0.7153 MCC=0.7016
Epoch 052 val  : loss=0.1801 AUROC=0.9592 AUPRC=0.4456 BalAcc=0.8851 F1=0.2488 MCC=0.3340
  learning_rate_used=1.458e-04; learning_rate_next=1.411e-04; elapsed=425.9s
  negatives seen=100.0%; hard negatives=0
Epoch 053 train: loss=0.3617 AUROC=0.9763 AUPRC=0.8391 BalAcc=0.9268 F1=0.7217 MCC=0.7077
Epoch 053 val  : loss=0.1886 AUROC=0.9599 AUPRC=0.4479 BalAcc=0.8892 F1=0.2368 MCC=0.3257
  learning_rate_used=1.411e-04; learning_rate_next=1.364e-04; elapsed=428.8s
  saved new best checkpoint: /data/projects/SFB_A03/jan/AT_TFBS/human301/runs/ELF3/multitf_20261006_033507_932031_base_seed1/best_model.pt (objective=classification-auprc, score=0.447941)
  negatives seen=100.0%; hard negatives=0
Epoch 054 train: loss=0.3596 AUROC=0.9768 AUPRC=0.8398 BalAcc=0.9274 F1=0.7224 MCC=0.7085
Epoch 054 val  : loss=0.2165 AUROC=0.9589 AUPRC=0.4456 BalAcc=0.8939 F1=0.2062 MCC=0.3019
  learning_rate_used=1.364e-04; learning_rate_next=1.318e-04; elapsed=426.5s
  negatives seen=100.0%; hard negatives=0
Epoch 055 train: loss=0.3577 AUROC=0.9770 AUPRC=0.8368 BalAcc=0.9269 F1=0.7214 MCC=0.7073
Epoch 055 val  : loss=0.1737 AUROC=0.9595 AUPRC=0.4444 BalAcc=0.8840 F1=0.2525 MCC=0.3366
  learning_rate_used=1.318e-04; learning_rate_next=1.271e-04; elapsed=423.1s
  negatives seen=100.0%; hard negatives=0
Epoch 056 train: loss=0.3557 AUROC=0.9772 AUPRC=0.8394 BalAcc=0.9285 F1=0.7254 MCC=0.7116
Epoch 056 val  : loss=0.1663 AUROC=0.9594 AUPRC=0.4460 BalAcc=0.8775 F1=0.2728 MCC=0.3503
  learning_rate_used=1.271e-04; learning_rate_next=1.225e-04; elapsed=420.2s
  negatives seen=100.0%; hard negatives=0
Epoch 057 train: loss=0.3500 AUROC=0.9779 AUPRC=0.8431 BalAcc=0.9293 F1=0.7273 MCC=0.7136
Epoch 057 val  : loss=0.1889 AUROC=0.9598 AUPRC=0.4447 BalAcc=0.8887 F1=0.2331 MCC=0.3225
  learning_rate_used=1.225e-04; learning_rate_next=1.179e-04; elapsed=423.6s
  negatives seen=100.0%; hard negatives=0
Epoch 058 train: loss=0.3506 AUROC=0.9780 AUPRC=0.8435 BalAcc=0.9291 F1=0.7286 MCC=0.7147
Epoch 058 val  : loss=0.1858 AUROC=0.9596 AUPRC=0.4474 BalAcc=0.8880 F1=0.2360 MCC=0.3246
  learning_rate_used=1.179e-04; learning_rate_next=1.133e-04; elapsed=424.9s
  negatives seen=100.0%; hard negatives=0
Epoch 059 train: loss=0.3487 AUROC=0.9781 AUPRC=0.8428 BalAcc=0.9297 F1=0.7275 MCC=0.7139
Epoch 059 val  : loss=0.1820 AUROC=0.9602 AUPRC=0.4486 BalAcc=0.8867 F1=0.2444 MCC=0.3310
  learning_rate_used=1.133e-04; learning_rate_next=1.088e-04; elapsed=426.7s
  saved new best checkpoint: /data/projects/SFB_A03/jan/AT_TFBS/human301/runs/ELF3/multitf_20261006_033507_932031_base_seed1/best_model.pt (objective=classification-auprc, score=0.448620)
  negatives seen=100.0%; hard negatives=0
Epoch 060 train: loss=0.3472 AUROC=0.9782 AUPRC=0.8433 BalAcc=0.9298 F1=0.7277 MCC=0.7141
Epoch 060 val  : loss=0.1792 AUROC=0.9590 AUPRC=0.4454 BalAcc=0.8861 F1=0.2437 MCC=0.3302
  learning_rate_used=1.088e-04; learning_rate_next=1.043e-04; elapsed=424.7s
  negatives seen=100.0%; hard negatives=0
Epoch 061 train: loss=0.3475 AUROC=0.9783 AUPRC=0.8418 BalAcc=0.9297 F1=0.7286 MCC=0.7149
Epoch 061 val  : loss=0.1635 AUROC=0.9579 AUPRC=0.4463 BalAcc=0.8732 F1=0.2810 MCC=0.3551
  learning_rate_used=1.043e-04; learning_rate_next=9.986e-05; elapsed=425.5s
  negatives seen=100.0%; hard negatives=0
Epoch 062 train: loss=0.3413 AUROC=0.9790 AUPRC=0.8468 BalAcc=0.9307 F1=0.7320 MCC=0.7184
Epoch 062 val  : loss=0.1790 AUROC=0.9577 AUPRC=0.4446 BalAcc=0.8823 F1=0.2553 MCC=0.3381
  learning_rate_used=9.986e-05; learning_rate_next=9.547e-05; elapsed=427.1s
  negatives seen=100.0%; hard negatives=0
Epoch 063 train: loss=0.3380 AUROC=0.9792 AUPRC=0.8460 BalAcc=0.9319 F1=0.7343 MCC=0.7208
Epoch 063 val  : loss=0.1726 AUROC=0.9583 AUPRC=0.4429 BalAcc=0.8784 F1=0.2647 MCC=0.3442
  learning_rate_used=9.547e-05; learning_rate_next=9.113e-05; elapsed=423.4s
  negatives seen=100.0%; hard negatives=0
Epoch 064 train: loss=0.3396 AUROC=0.9791 AUPRC=0.8465 BalAcc=0.9318 F1=0.7349 MCC=0.7213
Epoch 064 val  : loss=0.1934 AUROC=0.9588 AUPRC=0.4451 BalAcc=0.8886 F1=0.2336 MCC=0.3228
  learning_rate_used=9.113e-05; learning_rate_next=8.685e-05; elapsed=423.1s
  negatives seen=100.0%; hard negatives=0
Epoch 065 train: loss=0.3341 AUROC=0.9799 AUPRC=0.8492 BalAcc=0.9326 F1=0.7385 MCC=0.7249
Epoch 065 val  : loss=0.1605 AUROC=0.9582 AUPRC=0.4470 BalAcc=0.8678 F1=0.2976 MCC=0.3660
  learning_rate_used=8.685e-05; learning_rate_next=8.263e-05; elapsed=421.7s
  negatives seen=100.0%; hard negatives=0
Epoch 066 train: loss=0.3285 AUROC=0.9804 AUPRC=0.8514 BalAcc=0.9339 F1=0.7426 MCC=0.7292
Epoch 066 val  : loss=0.1612 AUROC=0.9579 AUPRC=0.4455 BalAcc=0.8712 F1=0.2886 MCC=0.3603
  learning_rate_used=8.263e-05; learning_rate_next=7.848e-05; elapsed=425.7s
  negatives seen=100.0%; hard negatives=0
Epoch 067 train: loss=0.3305 AUROC=0.9803 AUPRC=0.8505 BalAcc=0.9342 F1=0.7441 MCC=0.7306
Epoch 067 val  : loss=0.1809 AUROC=0.9579 AUPRC=0.4436 BalAcc=0.8831 F1=0.2502 MCC=0.3343
  learning_rate_used=7.848e-05; learning_rate_next=7.440e-05; elapsed=424.7s
  negatives seen=100.0%; hard negatives=0
Epoch 068 train: loss=0.3279 AUROC=0.9804 AUPRC=0.8510 BalAcc=0.9340 F1=0.7418 MCC=0.7284
Epoch 068 val  : loss=0.1782 AUROC=0.9590 AUPRC=0.4464 BalAcc=0.8827 F1=0.2520 MCC=0.3356
  learning_rate_used=7.440e-05; learning_rate_next=7.039e-05; elapsed=425.7s
  negatives seen=100.0%; hard negatives=0
Epoch 069 train: loss=0.3239 AUROC=0.9810 AUPRC=0.8541 BalAcc=0.9348 F1=0.7446 MCC=0.7313
Epoch 069 val  : loss=0.1830 AUROC=0.9576 AUPRC=0.4440 BalAcc=0.8822 F1=0.2492 MCC=0.3332
  learning_rate_used=7.039e-05; learning_rate_next=6.647e-05; elapsed=425.7s
  negatives seen=100.0%; hard negatives=0
Epoch 070 train: loss=0.3264 AUROC=0.9808 AUPRC=0.8512 BalAcc=0.9350 F1=0.7437 MCC=0.7305
Epoch 070 val  : loss=0.1768 AUROC=0.9578 AUPRC=0.4447 BalAcc=0.8796 F1=0.2569 MCC=0.3384
  learning_rate_used=6.647e-05; learning_rate_next=6.263e-05; elapsed=424.9s
  negatives seen=100.0%; hard negatives=0
Epoch 071 train: loss=0.3241 AUROC=0.9809 AUPRC=0.8553 BalAcc=0.9348 F1=0.7460 MCC=0.7325
Epoch 071 val  : loss=0.1865 AUROC=0.9580 AUPRC=0.4463 BalAcc=0.8854 F1=0.2361 MCC=0.3237
  learning_rate_used=6.263e-05; learning_rate_next=5.887e-05; elapsed=427.2s
  negatives seen=100.0%; hard negatives=0
Epoch 072 train: loss=0.3202 AUROC=0.9813 AUPRC=0.8556 BalAcc=0.9365 F1=0.7494 MCC=0.7362
Epoch 072 val  : loss=0.1799 AUROC=0.9570 AUPRC=0.4451 BalAcc=0.8807 F1=0.2578 MCC=0.3395
  learning_rate_used=5.887e-05; learning_rate_next=5.521e-05; elapsed=422.3s
  negatives seen=100.0%; hard negatives=0
Epoch 073 train: loss=0.3188 AUROC=0.9816 AUPRC=0.8569 BalAcc=0.9367 F1=0.7535 MCC=0.7401
Epoch 073 val  : loss=0.1601 AUROC=0.9570 AUPRC=0.4437 BalAcc=0.8692 F1=0.2953 MCC=0.3647
  learning_rate_used=5.521e-05; learning_rate_next=5.163e-05; elapsed=422.6s
  negatives seen=100.0%; hard negatives=0
Epoch 074 train: loss=0.3153 AUROC=0.9818 AUPRC=0.8544 BalAcc=0.9375 F1=0.7541 MCC=0.7409
Epoch 074 val  : loss=0.1788 AUROC=0.9573 AUPRC=0.4445 BalAcc=0.8798 F1=0.2556 MCC=0.3374
  learning_rate_used=5.163e-05; learning_rate_next=4.816e-05; elapsed=423.7s
  negatives seen=100.0%; hard negatives=0
Epoch 075 train: loss=0.3155 AUROC=0.9819 AUPRC=0.8558 BalAcc=0.9371 F1=0.7535 MCC=0.7402
Epoch 075 val  : loss=0.1740 AUROC=0.9567 AUPRC=0.4447 BalAcc=0.8771 F1=0.2659 MCC=0.3446
  learning_rate_used=4.816e-05; learning_rate_next=4.479e-05; elapsed=426.5s
  negatives seen=100.0%; hard negatives=0
Epoch 076 train: loss=0.3172 AUROC=0.9816 AUPRC=0.8556 BalAcc=0.9368 F1=0.7516 MCC=0.7384
Epoch 076 val  : loss=0.1735 AUROC=0.9575 AUPRC=0.4459 BalAcc=0.8793 F1=0.2626 MCC=0.3428
  learning_rate_used=4.479e-05; learning_rate_next=4.152e-05; elapsed=430.2s
  negatives seen=100.0%; hard negatives=0
Epoch 077 train: loss=0.3110 AUROC=0.9824 AUPRC=0.8604 BalAcc=0.9387 F1=0.7571 MCC=0.7440
Epoch 077 val  : loss=0.1600 AUROC=0.9572 AUPRC=0.4458 BalAcc=0.8698 F1=0.2890 MCC=0.3601
  learning_rate_used=4.152e-05; learning_rate_next=3.836e-05; elapsed=455.5s
  negatives seen=100.0%; hard negatives=0
Epoch 078 train: loss=0.3109 AUROC=0.9823 AUPRC=0.8575 BalAcc=0.9385 F1=0.7559 MCC=0.7429
Epoch 078 val  : loss=0.1728 AUROC=0.9565 AUPRC=0.4446 BalAcc=0.8760 F1=0.2724 MCC=0.3494
  learning_rate_used=3.836e-05; learning_rate_next=3.531e-05; elapsed=452.7s
  negatives seen=100.0%; hard negatives=0
Epoch 079 train: loss=0.3099 AUROC=0.9824 AUPRC=0.8583 BalAcc=0.9384 F1=0.7577 MCC=0.7445
Epoch 079 val  : loss=0.1657 AUROC=0.9568 AUPRC=0.4457 BalAcc=0.8714 F1=0.2830 MCC=0.3559
  learning_rate_used=3.531e-05; learning_rate_next=3.237e-05; elapsed=456.2s
Early stopping after 79 epochs.
Binary threshold: 0.975075 (strategy=val-mcc, validation_score=0.459981)
TEST chr10,chr12,chr14,chr16,chr18,chr2,chr20,chr22,chr4,chr6,chr8: loss=0.1859 AUROC=0.9608 AUPRC=0.4432 BalAcc=0.7371 F1=0.4594 MCC=0.4542
Outputs written to /data/projects/SFB_A03/jan/AT_TFBS/human301/runs/ELF3/multitf_20261006_033507_932031_base_seed1
Binary predictions: binary_classification_results.tsv
Binary metrics: binary_classification_metrics.json
ROC plot: roc_curve.png
Precision-recall plot: precision_recall_curve.png
Confusion matrix: binary_confusion_matrix.tsv
