TERF1/CHIP: reusing /data/projects/SFB_A03/jan/AT_TFBS/raw_data/human/TERF1/hum301_20261005_185818_tdUK1h/dataset.npz
{
  "train": {
    "positive": 709,
    "negative": 70900,
    "total": 71609,
    "chromosomes": [
      "chr1",
      "chr11",
      "chr13",
      "chr15",
      "chr17",
      "chr19",
      "chr21",
      "chr3",
      "chr9"
    ],
    "sequences_with_N": 0,
    "max_N_fraction": 0.0,
    "mean_GC_fraction_ACGT_only": {
      "positive": 0.6359619322521544,
      "negative": 0.6281450173141714
    }
  },
  "validation": {
    "positive": 186,
    "negative": 18600,
    "total": 18786,
    "chromosomes": [
      "chr5",
      "chr7"
    ],
    "sequences_with_N": 0,
    "max_N_fraction": 0.0,
    "mean_GC_fraction_ACGT_only": {
      "positive": 0.6246918872575287,
      "negative": 0.6148751473582681
    }
  },
  "test": {
    "positive": 664,
    "negative": 66400,
    "total": 67064,
    "chromosomes": [
      "chr10",
      "chr12",
      "chr14",
      "chr16",
      "chr18",
      "chr2",
      "chr20",
      "chr22",
      "chr4",
      "chr6",
      "chr8"
    ],
    "sequences_with_N": 0,
    "max_N_fraction": 0.0,
    "mean_GC_fraction_ACGT_only": {
      "positive": 0.6251501020694071,
      "negative": 0.6185894408197574
    }
  }
}
TERF1/GHTS: packing existing FASTAs into /data/projects/SFB_A03/jan/AT_TFBS/raw_data/human/TERF1/GHTS/dataset.npz; no genome extraction
Loaded train_positive: 738
Loaded train_negative: 73,800
Loaded test_positive: 695
Loaded test_negative: 69,500
{
  "train": {
    "positive": 583,
    "negative": 58300,
    "total": 58883,
    "chromosomes": [
      "chr1",
      "chr11",
      "chr13",
      "chr15",
      "chr17",
      "chr19",
      "chr21",
      "chr3",
      "chr9"
    ],
    "sequences_with_N": 3,
    "max_N_fraction": 0.12624584717607973,
    "mean_GC_fraction_ACGT_only": {
      "positive": 0.5183182888225715,
      "negative": 0.5182918573309095
    }
  },
  "validation": {
    "positive": 155,
    "negative": 15500,
    "total": 15655,
    "chromosomes": [
      "chr5",
      "chr7"
    ],
    "sequences_with_N": 1,
    "max_N_fraction": 0.16943521594684385,
    "mean_GC_fraction_ACGT_only": {
      "positive": 0.504881706140821,
      "negative": 0.5049203729503805
    }
  },
  "test": {
    "positive": 695,
    "negative": 69500,
    "total": 70195,
    "chromosomes": [
      "chr10",
      "chr12",
      "chr14",
      "chr16",
      "chr18",
      "chr2",
      "chr20",
      "chr22",
      "chr4",
      "chr6",
      "chr8"
    ],
    "sequences_with_N": 3,
    "max_N_fraction": 0.38205980066445183,
    "mean_GC_fraction_ACGT_only": {
      "positive": 0.5170189945929567,
      "negative": 0.5170202920719903
    }
  }
}
Sequence audit: {
  "train": {
    "duplicates_or_RC_duplicates_within_split": 0,
    "identical_or_RC_identical_sequences_with_both_labels": 0
  },
  "validation": {
    "duplicates_or_RC_duplicates_within_split": 0,
    "identical_or_RC_identical_sequences_with_both_labels": 0
  },
  "test": {
    "duplicates_or_RC_duplicates_within_split": 0,
    "identical_or_RC_identical_sequences_with_both_labels": 0
  },
  "train_validation_shared_sequences_or_RC": 0,
  "train_test_shared_sequences_or_RC": 0,
  "validation_test_shared_sequences_or_RC": 0
}
Saved: /data/projects/SFB_A03/jan/AT_TFBS/raw_data/human/TERF1/GHTS/dataset.npz
TERF1: caches ready for CHIP and GHTS; cross-test chromosomes are held out.
