SOX2/CHIP: packing existing FASTAs into /data/projects/SFB_A03/jan/AT_TFBS/raw_data/human/ArchThalia-ML/SOX2/CHIP/dataset.npz; no genome extraction
Loaded train_positive: 36,617
Loaded train_negative: 3,661,700
Loaded test_positive: 35,190
Loaded test_negative: 3,519,000
{
  "train": {
    "positive": 26480,
    "negative": 2648000,
    "total": 2674480,
    "chromosomes": [
      "chr1",
      "chr11",
      "chr13",
      "chr15",
      "chr17",
      "chr19",
      "chr21",
      "chr3",
      "chr9"
    ],
    "sequences_with_N": 1,
    "max_N_fraction": 0.04318936877076412,
    "mean_GC_fraction_ACGT_only": {
      "positive": 0.3579950716930195,
      "negative": 0.37209720870010343
    }
  },
  "validation": {
    "positive": 10137,
    "negative": 1013700,
    "total": 1023837,
    "chromosomes": [
      "chr5",
      "chr7"
    ],
    "sequences_with_N": 0,
    "max_N_fraction": 0.0,
    "mean_GC_fraction_ACGT_only": {
      "positive": 0.35202247481922905,
      "negative": 0.3655534230870955
    }
  },
  "test": {
    "positive": 35190,
    "negative": 3519000,
    "total": 3554190,
    "chromosomes": [
      "chr10",
      "chr12",
      "chr14",
      "chr16",
      "chr18",
      "chr2",
      "chr20",
      "chr22",
      "chr4",
      "chr6",
      "chr8"
    ],
    "sequences_with_N": 0,
    "max_N_fraction": 0.0,
    "mean_GC_fraction_ACGT_only": {
      "positive": 0.3541819963576937,
      "negative": 0.3673379877060362
    }
  }
}
Sequence audit: {
  "train": {
    "duplicates_or_RC_duplicates_within_split": 107,
    "identical_or_RC_identical_sequences_with_both_labels": 0
  },
  "validation": {
    "duplicates_or_RC_duplicates_within_split": 20,
    "identical_or_RC_identical_sequences_with_both_labels": 0
  },
  "test": {
    "duplicates_or_RC_duplicates_within_split": 125,
    "identical_or_RC_identical_sequences_with_both_labels": 0
  },
  "train_validation_shared_sequences_or_RC": 52,
  "train_test_shared_sequences_or_RC": 143,
  "validation_test_shared_sequences_or_RC": 72
}
Saved: /data/projects/SFB_A03/jan/AT_TFBS/raw_data/human/ArchThalia-ML/SOX2/CHIP/dataset.npz
SOX2/GHTS: packing existing FASTAs into /data/projects/SFB_A03/jan/AT_TFBS/raw_data/human/ArchThalia-ML/SOX2/GHTS/dataset.npz; no genome extraction
Loaded train_positive: 6,114
Loaded train_negative: 611,400
Loaded test_positive: 5,603
Loaded test_negative: 560,300
{
  "train": {
    "positive": 4715,
    "negative": 471500,
    "total": 476215,
    "chromosomes": [
      "chr1",
      "chr11",
      "chr13",
      "chr15",
      "chr17",
      "chr19",
      "chr21",
      "chr3",
      "chr9"
    ],
    "sequences_with_N": 5,
    "max_N_fraction": 0.0664451827242525,
    "mean_GC_fraction_ACGT_only": {
      "positive": 0.44465854768906676,
      "negative": 0.4446608441990819
    }
  },
  "validation": {
    "positive": 1399,
    "negative": 139900,
    "total": 141299,
    "chromosomes": [
      "chr5",
      "chr7"
    ],
    "sequences_with_N": 2,
    "max_N_fraction": 0.3787375415282392,
    "mean_GC_fraction_ACGT_only": {
      "positive": 0.4396301962415729,
      "negative": 0.4396563753416655
    }
  },
  "test": {
    "positive": 5603,
    "negative": 560300,
    "total": 565903,
    "chromosomes": [
      "chr10",
      "chr12",
      "chr14",
      "chr16",
      "chr18",
      "chr2",
      "chr20",
      "chr22",
      "chr4",
      "chr6",
      "chr8"
    ],
    "sequences_with_N": 6,
    "max_N_fraction": 0.3953488372093023,
    "mean_GC_fraction_ACGT_only": {
      "positive": 0.44108842734373926,
      "negative": 0.44109799389624565
    }
  }
}
Sequence audit: {
  "train": {
    "duplicates_or_RC_duplicates_within_split": 2,
    "identical_or_RC_identical_sequences_with_both_labels": 0
  },
  "validation": {
    "duplicates_or_RC_duplicates_within_split": 0,
    "identical_or_RC_identical_sequences_with_both_labels": 0
  },
  "test": {
    "duplicates_or_RC_duplicates_within_split": 4,
    "identical_or_RC_identical_sequences_with_both_labels": 0
  },
  "train_validation_shared_sequences_or_RC": 0,
  "train_test_shared_sequences_or_RC": 3,
  "validation_test_shared_sequences_or_RC": 0
}
Saved: /data/projects/SFB_A03/jan/AT_TFBS/raw_data/human/ArchThalia-ML/SOX2/GHTS/dataset.npz
SOX2: caches ready for CHIP and GHTS; cross-test chromosomes are held out.
