TF=NR1H4 train=CHIP seed=1 model=hum301_motif64_local.py
/home/jbossenz/miniforge3/envs/at_env/bin/python -u /data/projects/SFB_A03/jan/AT_TFBS/human301/hum301_motif64_local.py train --cache /data/projects/SFB_A03/jan/AT_TFBS/raw_data/human/ArchThalia-ML/NR1H4/CHIP/dataset.npz --output-dir /data/projects/SFB_A03/jan/AT_TFBS/human301/runs/NR1H4/crossassay_archthalia_20261009_144503_1046783/CHIP_seed1 --input-length 256 --embed-channels 64 --encoder-channels 80 96 128 --heads 4 --ffn-channels 256 --classification-readout local-logsumexp --task-mode classification --checkpoint-objective classification-auprc --threshold-strategy val-mcc --negatives-per-positive 10 --batch-size 88 --hard-negative-fraction 0 --epochs 100 --patience 20 --learning-rate 0.0003 --min-learning-rate 0.000001 --weight-decay 0.0001 --dropout 0.1 --activation relu --reverse-complement-probability 0.5 --eval-crops multi --eval-rc --no-balanced-evaluation --eval-batch-size 128 --num-workers 2 --seed 1 --device cuda --skip-test
Window geometry: 256 bp from 301 bp; crop starts 0..45; shifts -22..+23; fresh uniform draw per access
Evaluation: crops (0, 22, 23, 45), reverse complement=True; all samples
train: n=130,492, positive=1,292, negative=129,200
  val: n=30,805, positive=305, negative=30,500
 test: n=120,089, positive=1,189, negative=118,900
Device: cuda
Hidden activation: RELU
Parameters: 1,032,981 total; 1,032,981 trainable
Architecture: motif kernels 9/12; encoder 128/64/64; original five-block bottleneck at 64; decoder 64/128/256
  negatives seen=10.0%; hard negatives=0
Epoch 001 train: loss=1.0839 AUROC=0.7472 AUPRC=0.2104 BalAcc=0.6812 F1=0.2788 MCC=0.2175
Epoch 001 val  : loss=0.4128 AUROC=0.8197 AUPRC=0.0374 BalAcc=0.7039 F1=0.0609 MCC=0.1051
  learning_rate_used=3.000e-04; learning_rate_next=2.999e-04; elapsed=17.0s
  saved new best checkpoint: /data/projects/SFB_A03/jan/AT_TFBS/human301/runs/NR1H4/crossassay_archthalia_20261009_144503_1046783/CHIP_seed1/best_model.pt (objective=classification-auprc, score=0.037437)
  negatives seen=20.0%; hard negatives=0
Epoch 002 train: loss=0.9049 AUROC=0.8375 AUPRC=0.3269 BalAcc=0.7683 F1=0.3625 MCC=0.3340
Epoch 002 val  : loss=0.3654 AUROC=0.8721 AUPRC=0.0972 BalAcc=0.7909 F1=0.0906 MCC=0.1620
  learning_rate_used=2.999e-04; learning_rate_next=2.997e-04; elapsed=15.1s
  saved new best checkpoint: /data/projects/SFB_A03/jan/AT_TFBS/human301/runs/NR1H4/crossassay_archthalia_20261009_144503_1046783/CHIP_seed1/best_model.pt (objective=classification-auprc, score=0.097166)
  negatives seen=30.0%; hard negatives=0
Epoch 003 train: loss=0.8410 AUROC=0.8634 AUPRC=0.4002 BalAcc=0.8012 F1=0.3999 MCC=0.3816
Epoch 003 val  : loss=0.7349 AUROC=0.8650 AUPRC=0.1533 BalAcc=0.7571 F1=0.0422 MCC=0.1028
  learning_rate_used=2.997e-04; learning_rate_next=2.993e-04; elapsed=14.9s
  saved new best checkpoint: /data/projects/SFB_A03/jan/AT_TFBS/human301/runs/NR1H4/crossassay_archthalia_20261009_144503_1046783/CHIP_seed1/best_model.pt (objective=classification-auprc, score=0.153270)
  negatives seen=40.0%; hard negatives=0
Epoch 004 train: loss=0.7876 AUROC=0.8791 AUPRC=0.4437 BalAcc=0.8043 F1=0.4127 MCC=0.3926
Epoch 004 val  : loss=0.5841 AUROC=0.8701 AUPRC=0.1722 BalAcc=0.7887 F1=0.0516 MCC=0.1207
  learning_rate_used=2.993e-04; learning_rate_next=2.988e-04; elapsed=15.1s
  saved new best checkpoint: /data/projects/SFB_A03/jan/AT_TFBS/human301/runs/NR1H4/crossassay_archthalia_20261009_144503_1046783/CHIP_seed1/best_model.pt (objective=classification-auprc, score=0.172174)
  negatives seen=50.0%; hard negatives=0
Epoch 005 train: loss=0.7383 AUROC=0.8944 AUPRC=0.4982 BalAcc=0.8208 F1=0.4311 MCC=0.4163
Epoch 005 val  : loss=0.5059 AUROC=0.8860 AUPRC=0.1906 BalAcc=0.8176 F1=0.0642 MCC=0.1423
  learning_rate_used=2.988e-04; learning_rate_next=2.982e-04; elapsed=15.0s
  saved new best checkpoint: /data/projects/SFB_A03/jan/AT_TFBS/human301/runs/NR1H4/crossassay_archthalia_20261009_144503_1046783/CHIP_seed1/best_model.pt (objective=classification-auprc, score=0.190602)
  negatives seen=60.0%; hard negatives=0
Epoch 006 train: loss=0.7310 AUROC=0.8961 AUPRC=0.4894 BalAcc=0.8208 F1=0.4372 MCC=0.4207
Epoch 006 val  : loss=0.4231 AUROC=0.8906 AUPRC=0.1776 BalAcc=0.8165 F1=0.0764 MCC=0.1550
  learning_rate_used=2.982e-04; learning_rate_next=2.974e-04; elapsed=15.0s
  negatives seen=70.0%; hard negatives=0
Epoch 007 train: loss=0.6992 AUROC=0.9052 AUPRC=0.5183 BalAcc=0.8310 F1=0.4457 MCC=0.4333
Epoch 007 val  : loss=0.2600 AUROC=0.8838 AUPRC=0.1918 BalAcc=0.7261 F1=0.1278 MCC=0.1751
  learning_rate_used=2.974e-04; learning_rate_next=2.964e-04; elapsed=15.1s
  saved new best checkpoint: /data/projects/SFB_A03/jan/AT_TFBS/human301/runs/NR1H4/crossassay_archthalia_20261009_144503_1046783/CHIP_seed1/best_model.pt (objective=classification-auprc, score=0.191758)
  negatives seen=80.0%; hard negatives=0
Epoch 008 train: loss=0.6957 AUROC=0.9071 AUPRC=0.5313 BalAcc=0.8332 F1=0.4515 MCC=0.4388
Epoch 008 val  : loss=0.2787 AUROC=0.8974 AUPRC=0.2104 BalAcc=0.7730 F1=0.1062 MCC=0.1716
  learning_rate_used=2.964e-04; learning_rate_next=2.953e-04; elapsed=15.1s
  saved new best checkpoint: /data/projects/SFB_A03/jan/AT_TFBS/human301/runs/NR1H4/crossassay_archthalia_20261009_144503_1046783/CHIP_seed1/best_model.pt (objective=classification-auprc, score=0.210354)
  negatives seen=90.0%; hard negatives=0
Epoch 009 train: loss=0.6607 AUROC=0.9151 AUPRC=0.5569 BalAcc=0.8368 F1=0.4582 MCC=0.4459
Epoch 009 val  : loss=0.4994 AUROC=0.8920 AUPRC=0.1919 BalAcc=0.8137 F1=0.0624 MCC=0.1393
  learning_rate_used=2.953e-04; learning_rate_next=2.941e-04; elapsed=15.1s
  negatives seen=100.0%; hard negatives=0
Epoch 010 train: loss=0.6384 AUROC=0.9198 AUPRC=0.5742 BalAcc=0.8509 F1=0.4725 MCC=0.4651
Epoch 010 val  : loss=0.2636 AUROC=0.8945 AUPRC=0.1935 BalAcc=0.7537 F1=0.1197 MCC=0.1776
  learning_rate_used=2.941e-04; learning_rate_next=2.927e-04; elapsed=15.1s
  negatives seen=100.0%; hard negatives=0
Epoch 011 train: loss=0.6147 AUROC=0.9259 AUPRC=0.5895 BalAcc=0.8493 F1=0.4757 MCC=0.4664
Epoch 011 val  : loss=0.2984 AUROC=0.8914 AUPRC=0.1852 BalAcc=0.7811 F1=0.1040 MCC=0.1721
  learning_rate_used=2.927e-04; learning_rate_next=2.912e-04; elapsed=15.2s
  negatives seen=100.0%; hard negatives=0
Epoch 012 train: loss=0.5995 AUROC=0.9298 AUPRC=0.5990 BalAcc=0.8584 F1=0.4949 MCC=0.4862
Epoch 012 val  : loss=0.3168 AUROC=0.8992 AUPRC=0.2041 BalAcc=0.8030 F1=0.0989 MCC=0.1741
  learning_rate_used=2.912e-04; learning_rate_next=2.895e-04; elapsed=15.1s
  negatives seen=100.0%; hard negatives=0
Epoch 013 train: loss=0.5942 AUROC=0.9308 AUPRC=0.5917 BalAcc=0.8583 F1=0.4970 MCC=0.4877
Epoch 013 val  : loss=0.3219 AUROC=0.9019 AUPRC=0.2168 BalAcc=0.8085 F1=0.0943 MCC=0.1711
  learning_rate_used=2.895e-04; learning_rate_next=2.877e-04; elapsed=15.1s
  saved new best checkpoint: /data/projects/SFB_A03/jan/AT_TFBS/human301/runs/NR1H4/crossassay_archthalia_20261009_144503_1046783/CHIP_seed1/best_model.pt (objective=classification-auprc, score=0.216769)
  negatives seen=100.0%; hard negatives=0
Epoch 014 train: loss=0.5906 AUROC=0.9326 AUPRC=0.6152 BalAcc=0.8673 F1=0.5093 MCC=0.5023
Epoch 014 val  : loss=0.3545 AUROC=0.8954 AUPRC=0.2019 BalAcc=0.8068 F1=0.0858 MCC=0.1619
  learning_rate_used=2.877e-04; learning_rate_next=2.858e-04; elapsed=14.9s
  negatives seen=100.0%; hard negatives=0
Epoch 015 train: loss=0.5317 AUROC=0.9434 AUPRC=0.6371 BalAcc=0.8786 F1=0.5369 MCC=0.5298
Epoch 015 val  : loss=0.2907 AUROC=0.8918 AUPRC=0.2058 BalAcc=0.7721 F1=0.1024 MCC=0.1676
  learning_rate_used=2.858e-04; learning_rate_next=2.837e-04; elapsed=14.9s
  negatives seen=100.0%; hard negatives=0
Epoch 016 train: loss=0.5526 AUROC=0.9415 AUPRC=0.6396 BalAcc=0.8718 F1=0.5253 MCC=0.5171
Epoch 016 val  : loss=0.2546 AUROC=0.8931 AUPRC=0.2004 BalAcc=0.7374 F1=0.1203 MCC=0.1725
  learning_rate_used=2.837e-04; learning_rate_next=2.815e-04; elapsed=15.0s
  negatives seen=100.0%; hard negatives=0
Epoch 017 train: loss=0.5200 AUROC=0.9463 AUPRC=0.6384 BalAcc=0.8767 F1=0.5374 MCC=0.5292
Epoch 017 val  : loss=0.3056 AUROC=0.8740 AUPRC=0.1781 BalAcc=0.7359 F1=0.1073 MCC=0.1604
  learning_rate_used=2.815e-04; learning_rate_next=2.792e-04; elapsed=14.9s
  negatives seen=100.0%; hard negatives=0
Epoch 018 train: loss=0.5242 AUROC=0.9461 AUPRC=0.6616 BalAcc=0.8784 F1=0.5393 MCC=0.5316
Epoch 018 val  : loss=0.2373 AUROC=0.8959 AUPRC=0.2043 BalAcc=0.6741 F1=0.1655 MCC=0.1860
  learning_rate_used=2.792e-04; learning_rate_next=2.767e-04; elapsed=15.0s
  negatives seen=100.0%; hard negatives=0
Epoch 019 train: loss=0.4962 AUROC=0.9518 AUPRC=0.6836 BalAcc=0.8871 F1=0.5595 MCC=0.5522
Epoch 019 val  : loss=0.2741 AUROC=0.8920 AUPRC=0.1920 BalAcc=0.6328 F1=0.1935 MCC=0.1929
  learning_rate_used=2.767e-04; learning_rate_next=2.741e-04; elapsed=15.2s
  negatives seen=100.0%; hard negatives=0
Epoch 020 train: loss=0.4738 AUROC=0.9551 AUPRC=0.6849 BalAcc=0.8959 F1=0.5776 MCC=0.5712
Epoch 020 val  : loss=0.2558 AUROC=0.8977 AUPRC=0.1950 BalAcc=0.7113 F1=0.1468 MCC=0.1854
  learning_rate_used=2.741e-04; learning_rate_next=2.714e-04; elapsed=15.0s
  negatives seen=100.0%; hard negatives=0
Epoch 021 train: loss=0.4867 AUROC=0.9560 AUPRC=0.7111 BalAcc=0.8961 F1=0.5834 MCC=0.5759
Epoch 021 val  : loss=0.2848 AUROC=0.8955 AUPRC=0.2226 BalAcc=0.7703 F1=0.1085 MCC=0.1729
  learning_rate_used=2.714e-04; learning_rate_next=2.686e-04; elapsed=15.0s
  saved new best checkpoint: /data/projects/SFB_A03/jan/AT_TFBS/human301/runs/NR1H4/crossassay_archthalia_20261009_144503_1046783/CHIP_seed1/best_model.pt (objective=classification-auprc, score=0.222638)
  negatives seen=100.0%; hard negatives=0
Epoch 022 train: loss=0.4620 AUROC=0.9579 AUPRC=0.6999 BalAcc=0.8970 F1=0.5857 MCC=0.5783
Epoch 022 val  : loss=0.4290 AUROC=0.8938 AUPRC=0.2099 BalAcc=0.8240 F1=0.0740 MCC=0.1547
  learning_rate_used=2.686e-04; learning_rate_next=2.657e-04; elapsed=15.0s
  negatives seen=100.0%; hard negatives=0
Epoch 023 train: loss=0.4490 AUROC=0.9596 AUPRC=0.7073 BalAcc=0.9024 F1=0.5953 MCC=0.5888
Epoch 023 val  : loss=0.5626 AUROC=0.8917 AUPRC=0.2075 BalAcc=0.8179 F1=0.0609 MCC=0.1389
  learning_rate_used=2.657e-04; learning_rate_next=2.626e-04; elapsed=15.0s
  negatives seen=100.0%; hard negatives=0
Epoch 024 train: loss=0.4402 AUROC=0.9619 AUPRC=0.7205 BalAcc=0.8992 F1=0.5953 MCC=0.5871
Epoch 024 val  : loss=0.2891 AUROC=0.9000 AUPRC=0.2339 BalAcc=0.7830 F1=0.1119 MCC=0.1803
  learning_rate_used=2.626e-04; learning_rate_next=2.595e-04; elapsed=15.1s
  saved new best checkpoint: /data/projects/SFB_A03/jan/AT_TFBS/human301/runs/NR1H4/crossassay_archthalia_20261009_144503_1046783/CHIP_seed1/best_model.pt (objective=classification-auprc, score=0.233883)
  negatives seen=100.0%; hard negatives=0
Epoch 025 train: loss=0.4139 AUROC=0.9655 AUPRC=0.7370 BalAcc=0.9086 F1=0.6163 MCC=0.6090
Epoch 025 val  : loss=0.3232 AUROC=0.8954 AUPRC=0.2084 BalAcc=0.7857 F1=0.0989 MCC=0.1687
  learning_rate_used=2.595e-04; learning_rate_next=2.562e-04; elapsed=15.0s
  negatives seen=100.0%; hard negatives=0
Epoch 026 train: loss=0.4130 AUROC=0.9663 AUPRC=0.7458 BalAcc=0.9066 F1=0.6154 MCC=0.6072
Epoch 026 val  : loss=0.2547 AUROC=0.8973 AUPRC=0.2321 BalAcc=0.7138 F1=0.1518 MCC=0.1905
  learning_rate_used=2.562e-04; learning_rate_next=2.528e-04; elapsed=15.1s
  negatives seen=100.0%; hard negatives=0
Epoch 027 train: loss=0.4099 AUROC=0.9679 AUPRC=0.7599 BalAcc=0.9154 F1=0.6415 MCC=0.6331
Epoch 027 val  : loss=0.3122 AUROC=0.8921 AUPRC=0.2113 BalAcc=0.7630 F1=0.1052 MCC=0.1674
  learning_rate_used=2.528e-04; learning_rate_next=2.494e-04; elapsed=15.0s
  negatives seen=100.0%; hard negatives=0
Epoch 028 train: loss=0.3991 AUROC=0.9692 AUPRC=0.7548 BalAcc=0.9153 F1=0.6423 MCC=0.6337
Epoch 028 val  : loss=0.3262 AUROC=0.8948 AUPRC=0.2101 BalAcc=0.7924 F1=0.0939 MCC=0.1658
  learning_rate_used=2.494e-04; learning_rate_next=2.458e-04; elapsed=15.1s
  negatives seen=100.0%; hard negatives=0
Epoch 029 train: loss=0.3913 AUROC=0.9704 AUPRC=0.7706 BalAcc=0.9149 F1=0.6461 MCC=0.6367
Epoch 029 val  : loss=0.3040 AUROC=0.8837 AUPRC=0.1775 BalAcc=0.7197 F1=0.1252 MCC=0.1705
  learning_rate_used=2.458e-04; learning_rate_next=2.421e-04; elapsed=15.1s
  negatives seen=100.0%; hard negatives=0
Epoch 030 train: loss=0.3448 AUROC=0.9755 AUPRC=0.7966 BalAcc=0.9265 F1=0.6685 MCC=0.6609
Epoch 030 val  : loss=0.2462 AUROC=0.8976 AUPRC=0.2160 BalAcc=0.6913 F1=0.1639 MCC=0.1915
  learning_rate_used=2.421e-04; learning_rate_next=2.384e-04; elapsed=15.0s
  negatives seen=100.0%; hard negatives=0
Epoch 031 train: loss=0.3575 AUROC=0.9743 AUPRC=0.7805 BalAcc=0.9222 F1=0.6698 MCC=0.6601
Epoch 031 val  : loss=0.3365 AUROC=0.8974 AUPRC=0.2124 BalAcc=0.7968 F1=0.1054 MCC=0.1785
  learning_rate_used=2.384e-04; learning_rate_next=2.345e-04; elapsed=15.0s
  negatives seen=100.0%; hard negatives=0
Epoch 032 train: loss=0.3380 AUROC=0.9767 AUPRC=0.8058 BalAcc=0.9276 F1=0.6829 MCC=0.6737
Epoch 032 val  : loss=0.2823 AUROC=0.8891 AUPRC=0.1998 BalAcc=0.6813 F1=0.1475 MCC=0.1746
  learning_rate_used=2.345e-04; learning_rate_next=2.306e-04; elapsed=15.0s
  negatives seen=100.0%; hard negatives=0
Epoch 033 train: loss=0.3505 AUROC=0.9751 AUPRC=0.7831 BalAcc=0.9214 F1=0.6706 MCC=0.6604
Epoch 033 val  : loss=0.2789 AUROC=0.8940 AUPRC=0.2193 BalAcc=0.6850 F1=0.1604 MCC=0.1863
  learning_rate_used=2.306e-04; learning_rate_next=2.266e-04; elapsed=15.0s
  negatives seen=100.0%; hard negatives=0
Epoch 034 train: loss=0.3263 AUROC=0.9789 AUPRC=0.8218 BalAcc=0.9303 F1=0.6934 MCC=0.6839
Epoch 034 val  : loss=0.2838 AUROC=0.8921 AUPRC=0.2219 BalAcc=0.7273 F1=0.1318 MCC=0.1789
  learning_rate_used=2.266e-04; learning_rate_next=2.225e-04; elapsed=15.3s
  negatives seen=100.0%; hard negatives=0
Epoch 035 train: loss=0.3092 AUROC=0.9806 AUPRC=0.8327 BalAcc=0.9347 F1=0.7112 MCC=0.7012
Epoch 035 val  : loss=0.2698 AUROC=0.8918 AUPRC=0.2193 BalAcc=0.7058 F1=0.1727 MCC=0.2041
  learning_rate_used=2.225e-04; learning_rate_next=2.184e-04; elapsed=15.2s
  negatives seen=100.0%; hard negatives=0
Epoch 036 train: loss=0.2996 AUROC=0.9822 AUPRC=0.8390 BalAcc=0.9372 F1=0.7286 MCC=0.7176
Epoch 036 val  : loss=0.3559 AUROC=0.8877 AUPRC=0.2091 BalAcc=0.7854 F1=0.0984 MCC=0.1680
  learning_rate_used=2.184e-04; learning_rate_next=2.142e-04; elapsed=15.5s
  negatives seen=100.0%; hard negatives=0
Epoch 037 train: loss=0.2933 AUROC=0.9820 AUPRC=0.8285 BalAcc=0.9392 F1=0.7273 MCC=0.7173
Epoch 037 val  : loss=0.2644 AUROC=0.8932 AUPRC=0.2150 BalAcc=0.7253 F1=0.1518 MCC=0.1948
  learning_rate_used=2.142e-04; learning_rate_next=2.099e-04; elapsed=15.1s
  negatives seen=100.0%; hard negatives=0
Epoch 038 train: loss=0.3045 AUROC=0.9821 AUPRC=0.8422 BalAcc=0.9355 F1=0.7191 MCC=0.7085
Epoch 038 val  : loss=0.2681 AUROC=0.8943 AUPRC=0.2157 BalAcc=0.7383 F1=0.1309 MCC=0.1820
  learning_rate_used=2.099e-04; learning_rate_next=2.055e-04; elapsed=15.0s
  negatives seen=100.0%; hard negatives=0
Epoch 039 train: loss=0.2853 AUROC=0.9841 AUPRC=0.8569 BalAcc=0.9410 F1=0.7395 MCC=0.7289
Epoch 039 val  : loss=0.2796 AUROC=0.8925 AUPRC=0.2159 BalAcc=0.6932 F1=0.1668 MCC=0.1945
  learning_rate_used=2.055e-04; learning_rate_next=2.011e-04; elapsed=15.0s
  negatives seen=100.0%; hard negatives=0
Epoch 040 train: loss=0.2850 AUROC=0.9839 AUPRC=0.8470 BalAcc=0.9426 F1=0.7469 MCC=0.7362
Epoch 040 val  : loss=0.3172 AUROC=0.8952 AUPRC=0.2076 BalAcc=0.7818 F1=0.1073 MCC=0.1755
  learning_rate_used=2.011e-04; learning_rate_next=1.967e-04; elapsed=15.2s
  negatives seen=100.0%; hard negatives=0
Epoch 041 train: loss=0.2600 AUROC=0.9860 AUPRC=0.8667 BalAcc=0.9453 F1=0.7571 MCC=0.7464
Epoch 041 val  : loss=0.2631 AUROC=0.8905 AUPRC=0.2296 BalAcc=0.7203 F1=0.1490 MCC=0.1906
  learning_rate_used=1.967e-04; learning_rate_next=1.922e-04; elapsed=15.1s
  negatives seen=100.0%; hard negatives=0
Epoch 042 train: loss=0.2715 AUROC=0.9858 AUPRC=0.8689 BalAcc=0.9429 F1=0.7605 MCC=0.7486
Epoch 042 val  : loss=0.2633 AUROC=0.8961 AUPRC=0.2073 BalAcc=0.6951 F1=0.1600 MCC=0.1899
  learning_rate_used=1.922e-04; learning_rate_next=1.877e-04; elapsed=15.0s
  negatives seen=100.0%; hard negatives=0
Epoch 043 train: loss=0.2572 AUROC=0.9873 AUPRC=0.8764 BalAcc=0.9481 F1=0.7809 MCC=0.7692
Epoch 043 val  : loss=0.2761 AUROC=0.8961 AUPRC=0.2116 BalAcc=0.6531 F1=0.1880 MCC=0.1956
  learning_rate_used=1.877e-04; learning_rate_next=1.831e-04; elapsed=14.9s
  negatives seen=100.0%; hard negatives=0
Epoch 044 train: loss=0.2265 AUROC=0.9889 AUPRC=0.8855 BalAcc=0.9542 F1=0.7928 MCC=0.7822
Epoch 044 val  : loss=0.2885 AUROC=0.8904 AUPRC=0.2004 BalAcc=0.6666 F1=0.1756 MCC=0.1910
  learning_rate_used=1.831e-04; learning_rate_next=1.785e-04; elapsed=15.0s
Early stopping after 44 epochs.
Binary threshold: 0.987588 (strategy=val-mcc, validation_score=0.321550)
Validation-only run completed; frozen model: /data/projects/SFB_A03/jan/AT_TFBS/human301/runs/NR1H4/crossassay_archthalia_20261009_144503_1046783/CHIP_seed1/model_for_prediction.pt
NR1H4: CHIP -> CHIP
TEST NR1H4 CHIP -> CHIP: loss=0.2969 AUROC=0.9055 AUPRC=0.2255 BalAcc=0.5727 F1=0.2374 MCC=0.3002
NR1H4: CHIP -> GHTS
TEST NR1H4 CHIP -> GHTS: loss=0.5424 AUROC=0.6238 AUPRC=0.1200 BalAcc=0.5466 F1=0.1583 MCC=0.2131
Completed NR1H4/CHIP: one model, both fixed test sets.
