ZBTB8A/CHIP: packing existing FASTAs into /data/projects/SFB_A03/jan/AT_TFBS/raw_data/human/ArchThalia-ML/ZBTB8A/CHIP/dataset.npz; no genome extraction
Loaded train_positive: 23,186
Loaded train_negative: 2,318,600
Loaded test_positive: 18,230
Loaded test_negative: 1,823,000
{
  "train": {
    "positive": 18945,
    "negative": 1894500,
    "total": 1913445,
    "chromosomes": [
      "chr1",
      "chr11",
      "chr13",
      "chr15",
      "chr17",
      "chr19",
      "chr21",
      "chr3",
      "chr9"
    ],
    "sequences_with_N": 2,
    "max_N_fraction": 0.19601328903654486,
    "mean_GC_fraction_ACGT_only": {
      "positive": 0.5855634317002921,
      "negative": 0.49415132631704467
    }
  },
  "validation": {
    "positive": 4241,
    "negative": 424100,
    "total": 428341,
    "chromosomes": [
      "chr5",
      "chr7"
    ],
    "sequences_with_N": 2,
    "max_N_fraction": 0.3488372093023256,
    "mean_GC_fraction_ACGT_only": {
      "positive": 0.5697549827083705,
      "negative": 0.492926047812017
    }
  },
  "test": {
    "positive": 18230,
    "negative": 1823000,
    "total": 1841230,
    "chromosomes": [
      "chr10",
      "chr12",
      "chr14",
      "chr16",
      "chr18",
      "chr2",
      "chr20",
      "chr22",
      "chr4",
      "chr6",
      "chr8"
    ],
    "sequences_with_N": 3,
    "max_N_fraction": 0.3388704318936877,
    "mean_GC_fraction_ACGT_only": {
      "positive": 0.5797414399041972,
      "negative": 0.4953713859269613
    }
  }
}
Sequence audit: {
  "train": {
    "duplicates_or_RC_duplicates_within_split": 75,
    "identical_or_RC_identical_sequences_with_both_labels": 0
  },
  "validation": {
    "duplicates_or_RC_duplicates_within_split": 18,
    "identical_or_RC_identical_sequences_with_both_labels": 0
  },
  "test": {
    "duplicates_or_RC_duplicates_within_split": 28,
    "identical_or_RC_identical_sequences_with_both_labels": 0
  },
  "train_validation_shared_sequences_or_RC": 6,
  "train_test_shared_sequences_or_RC": 16,
  "validation_test_shared_sequences_or_RC": 8
}
Saved: /data/projects/SFB_A03/jan/AT_TFBS/raw_data/human/ArchThalia-ML/ZBTB8A/CHIP/dataset.npz
ZBTB8A/GHTS: packing existing FASTAs into /data/projects/SFB_A03/jan/AT_TFBS/raw_data/human/ArchThalia-ML/ZBTB8A/GHTS/dataset.npz; no genome extraction
Loaded train_positive: 1,459
Loaded train_negative: 145,900
Loaded test_positive: 1,272
Loaded test_negative: 127,200
{
  "train": {
    "positive": 1173,
    "negative": 117300,
    "total": 118473,
    "chromosomes": [
      "chr1",
      "chr11",
      "chr13",
      "chr15",
      "chr17",
      "chr19",
      "chr21",
      "chr3",
      "chr9"
    ],
    "sequences_with_N": 1,
    "max_N_fraction": 0.03322259136212625,
    "mean_GC_fraction_ACGT_only": {
      "positive": 0.6516547696010568,
      "negative": 0.6379004908333404
    }
  },
  "validation": {
    "positive": 286,
    "negative": 28600,
    "total": 28886,
    "chromosomes": [
      "chr5",
      "chr7"
    ],
    "sequences_with_N": 0,
    "max_N_fraction": 0.0,
    "mean_GC_fraction_ACGT_only": {
      "positive": 0.6513486513486513,
      "negative": 0.6366898218061009
    }
  },
  "test": {
    "positive": 1272,
    "negative": 127200,
    "total": 128472,
    "chromosomes": [
      "chr10",
      "chr12",
      "chr14",
      "chr16",
      "chr18",
      "chr2",
      "chr20",
      "chr22",
      "chr4",
      "chr6",
      "chr8"
    ],
    "sequences_with_N": 0,
    "max_N_fraction": 0.0,
    "mean_GC_fraction_ACGT_only": {
      "positive": 0.6459756785557575,
      "negative": 0.6323273574458306
    }
  }
}
Sequence audit: {
  "train": {
    "duplicates_or_RC_duplicates_within_split": 7,
    "identical_or_RC_identical_sequences_with_both_labels": 0
  },
  "validation": {
    "duplicates_or_RC_duplicates_within_split": 0,
    "identical_or_RC_identical_sequences_with_both_labels": 0
  },
  "test": {
    "duplicates_or_RC_duplicates_within_split": 3,
    "identical_or_RC_identical_sequences_with_both_labels": 0
  },
  "train_validation_shared_sequences_or_RC": 1,
  "train_test_shared_sequences_or_RC": 0,
  "validation_test_shared_sequences_or_RC": 0
}
Saved: /data/projects/SFB_A03/jan/AT_TFBS/raw_data/human/ArchThalia-ML/ZBTB8A/GHTS/dataset.npz
ZBTB8A: caches ready for CHIP and GHTS; cross-test chromosomes are held out.
