TF=CTCF variant=base seed=1
/home/jbossenz/miniforge3/envs/at_env/bin/python -u /data/projects/SFB_A03/jan/AT_TFBS/human301/hum301_motif64.py train --cache /data/projects/SFB_A03/jan/AT_TFBS/raw_data/human/CTCF/hum301_multitf_chr5_chr7/dataset.npz --output-dir /data/projects/SFB_A03/jan/AT_TFBS/human301/runs/CTCF/multitf_20261006_033507_932031_base_seed1 --input-length 256 --embed-channels 64 --encoder-channels 80 96 128 --heads 4 --ffn-channels 256 --classification-readout center --task-mode classification --checkpoint-objective classification-auprc --threshold-strategy val-mcc --negatives-per-positive 10 --batch-size 88 --hard-negative-fraction 0 --epochs 100 --patience 20 --learning-rate 0.0003 --min-learning-rate 0.000001 --weight-decay 0.0001 --dropout 0.1 --activation relu --reverse-complement-probability 0.5 --eval-crops multi --eval-rc --no-balanced-evaluation --eval-batch-size 128 --num-workers 2 --seed 1 --device cuda
Window geometry: 256 bp from 301 bp; crop starts 0..45; shifts -22..+23; fresh uniform draw per access
Evaluation: crops (0, 22, 23, 45), reverse complement=True; all samples
train: n=4,464,503, positive=44,203, negative=4,420,300
  val: n=1,304,112, positive=12,912, negative=1,291,200
 test: n=5,206,247, positive=51,547, negative=5,154,700
Device: cuda
Hidden activation: RELU
Parameters: 1,032,981 total; 1,032,981 trainable
Architecture: motif kernels 9/12; encoder 128/64/64; original five-block bottleneck at 64; decoder 64/128/256
  negatives seen=10.0%; hard negatives=0
Epoch 001 train: loss=0.6439 AUROC=0.9215 AUPRC=0.7165 BalAcc=0.8517 F1=0.5516 MCC=0.5277
Epoch 001 val  : loss=0.1822 AUROC=0.9522 AUPRC=0.5607 BalAcc=0.8818 F1=0.2655 MCC=0.3462
  learning_rate_used=3.000e-04; learning_rate_next=2.999e-04; elapsed=571.1s
  saved new best checkpoint: /data/projects/SFB_A03/jan/AT_TFBS/human301/runs/CTCF/multitf_20261006_033507_932031_base_seed1/best_model.pt (objective=classification-auprc, score=0.560734)
  negatives seen=20.0%; hard negatives=0
Epoch 002 train: loss=0.5165 AUROC=0.9490 AUPRC=0.8029 BalAcc=0.8871 F1=0.6377 MCC=0.6174
Epoch 002 val  : loss=0.1784 AUROC=0.9604 AUPRC=0.6070 BalAcc=0.8927 F1=0.3115 MCC=0.3867
  learning_rate_used=2.999e-04; learning_rate_next=2.997e-04; elapsed=571.2s
  saved new best checkpoint: /data/projects/SFB_A03/jan/AT_TFBS/human301/runs/CTCF/multitf_20261006_033507_932031_base_seed1/best_model.pt (objective=classification-auprc, score=0.606970)
  negatives seen=30.0%; hard negatives=0
Epoch 003 train: loss=0.4754 AUROC=0.9568 AUPRC=0.8277 BalAcc=0.8981 F1=0.6617 MCC=0.6430
Epoch 003 val  : loss=0.1327 AUROC=0.9631 AUPRC=0.6138 BalAcc=0.8831 F1=0.3862 MCC=0.4408
  learning_rate_used=2.997e-04; learning_rate_next=2.993e-04; elapsed=571.3s
  saved new best checkpoint: /data/projects/SFB_A03/jan/AT_TFBS/human301/runs/CTCF/multitf_20261006_033507_932031_base_seed1/best_model.pt (objective=classification-auprc, score=0.613751)
  negatives seen=40.0%; hard negatives=0
Epoch 004 train: loss=0.4553 AUROC=0.9601 AUPRC=0.8397 BalAcc=0.9043 F1=0.6777 MCC=0.6597
Epoch 004 val  : loss=0.1773 AUROC=0.9653 AUPRC=0.6306 BalAcc=0.9102 F1=0.2606 MCC=0.3530
  learning_rate_used=2.993e-04; learning_rate_next=2.988e-04; elapsed=571.1s
  saved new best checkpoint: /data/projects/SFB_A03/jan/AT_TFBS/human301/runs/CTCF/multitf_20261006_033507_932031_base_seed1/best_model.pt (objective=classification-auprc, score=0.630581)
  negatives seen=50.0%; hard negatives=0
Epoch 005 train: loss=0.4418 AUROC=0.9628 AUPRC=0.8483 BalAcc=0.9070 F1=0.6873 MCC=0.6693
Epoch 005 val  : loss=0.1547 AUROC=0.9650 AUPRC=0.6459 BalAcc=0.9077 F1=0.3001 MCC=0.3837
  learning_rate_used=2.988e-04; learning_rate_next=2.982e-04; elapsed=570.3s
  saved new best checkpoint: /data/projects/SFB_A03/jan/AT_TFBS/human301/runs/CTCF/multitf_20261006_033507_932031_base_seed1/best_model.pt (objective=classification-auprc, score=0.645851)
  negatives seen=60.0%; hard negatives=0
Epoch 006 train: loss=0.4297 AUROC=0.9645 AUPRC=0.8546 BalAcc=0.9115 F1=0.7032 MCC=0.6853
Epoch 006 val  : loss=0.1239 AUROC=0.9658 AUPRC=0.6388 BalAcc=0.8898 F1=0.4114 MCC=0.4628
  learning_rate_used=2.982e-04; learning_rate_next=2.974e-04; elapsed=571.7s
  negatives seen=70.0%; hard negatives=0
Epoch 007 train: loss=0.4236 AUROC=0.9656 AUPRC=0.8574 BalAcc=0.9127 F1=0.7050 MCC=0.6874
Epoch 007 val  : loss=0.1353 AUROC=0.9669 AUPRC=0.6552 BalAcc=0.9068 F1=0.3422 MCC=0.4163
  learning_rate_used=2.974e-04; learning_rate_next=2.964e-04; elapsed=571.7s
  saved new best checkpoint: /data/projects/SFB_A03/jan/AT_TFBS/human301/runs/CTCF/multitf_20261006_033507_932031_base_seed1/best_model.pt (objective=classification-auprc, score=0.655229)
  negatives seen=80.0%; hard negatives=0
Epoch 008 train: loss=0.4146 AUROC=0.9667 AUPRC=0.8630 BalAcc=0.9149 F1=0.7118 MCC=0.6944
Epoch 008 val  : loss=0.1932 AUROC=0.9670 AUPRC=0.6497 BalAcc=0.9157 F1=0.2496 MCC=0.3462
  learning_rate_used=2.964e-04; learning_rate_next=2.953e-04; elapsed=570.3s
  negatives seen=90.0%; hard negatives=0
Epoch 009 train: loss=0.4101 AUROC=0.9677 AUPRC=0.8639 BalAcc=0.9165 F1=0.7160 MCC=0.6988
Epoch 009 val  : loss=0.1604 AUROC=0.9672 AUPRC=0.6565 BalAcc=0.9136 F1=0.2875 MCC=0.3760
  learning_rate_used=2.953e-04; learning_rate_next=2.941e-04; elapsed=571.8s
  saved new best checkpoint: /data/projects/SFB_A03/jan/AT_TFBS/human301/runs/CTCF/multitf_20261006_033507_932031_base_seed1/best_model.pt (objective=classification-auprc, score=0.656469)
  negatives seen=100.0%; hard negatives=0
Epoch 010 train: loss=0.4037 AUROC=0.9685 AUPRC=0.8684 BalAcc=0.9177 F1=0.7210 MCC=0.7038
Epoch 010 val  : loss=0.1793 AUROC=0.9656 AUPRC=0.6612 BalAcc=0.9142 F1=0.2854 MCC=0.3745
  learning_rate_used=2.941e-04; learning_rate_next=2.927e-04; elapsed=571.8s
  saved new best checkpoint: /data/projects/SFB_A03/jan/AT_TFBS/human301/runs/CTCF/multitf_20261006_033507_932031_base_seed1/best_model.pt (objective=classification-auprc, score=0.661169)
  negatives seen=100.0%; hard negatives=0
Epoch 011 train: loss=0.3974 AUROC=0.9696 AUPRC=0.8709 BalAcc=0.9188 F1=0.7220 MCC=0.7051
Epoch 011 val  : loss=0.1505 AUROC=0.9672 AUPRC=0.6552 BalAcc=0.9047 F1=0.3573 MCC=0.4271
  learning_rate_used=2.927e-04; learning_rate_next=2.912e-04; elapsed=572.1s
  negatives seen=100.0%; hard negatives=0
Epoch 012 train: loss=0.3955 AUROC=0.9698 AUPRC=0.8711 BalAcc=0.9193 F1=0.7249 MCC=0.7080
Epoch 012 val  : loss=0.1454 AUROC=0.9682 AUPRC=0.6613 BalAcc=0.9126 F1=0.3147 MCC=0.3971
  learning_rate_used=2.912e-04; learning_rate_next=2.895e-04; elapsed=572.6s
  saved new best checkpoint: /data/projects/SFB_A03/jan/AT_TFBS/human301/runs/CTCF/multitf_20261006_033507_932031_base_seed1/best_model.pt (objective=classification-auprc, score=0.661287)
  negatives seen=100.0%; hard negatives=0
Epoch 013 train: loss=0.3922 AUROC=0.9703 AUPRC=0.8728 BalAcc=0.9202 F1=0.7251 MCC=0.7084
Epoch 013 val  : loss=0.1490 AUROC=0.9684 AUPRC=0.6650 BalAcc=0.9101 F1=0.3466 MCC=0.4210
  learning_rate_used=2.895e-04; learning_rate_next=2.877e-04; elapsed=572.0s
  saved new best checkpoint: /data/projects/SFB_A03/jan/AT_TFBS/human301/runs/CTCF/multitf_20261006_033507_932031_base_seed1/best_model.pt (objective=classification-auprc, score=0.664987)
  negatives seen=100.0%; hard negatives=0
Epoch 014 train: loss=0.3884 AUROC=0.9707 AUPRC=0.8754 BalAcc=0.9216 F1=0.7313 MCC=0.7146
Epoch 014 val  : loss=0.1240 AUROC=0.9687 AUPRC=0.6625 BalAcc=0.9058 F1=0.3636 MCC=0.4324
  learning_rate_used=2.877e-04; learning_rate_next=2.858e-04; elapsed=571.1s
  negatives seen=100.0%; hard negatives=0
Epoch 015 train: loss=0.3843 AUROC=0.9714 AUPRC=0.8774 BalAcc=0.9220 F1=0.7305 MCC=0.7140
Epoch 015 val  : loss=0.1489 AUROC=0.9685 AUPRC=0.6660 BalAcc=0.9139 F1=0.3178 MCC=0.4000
  learning_rate_used=2.858e-04; learning_rate_next=2.837e-04; elapsed=571.5s
  saved new best checkpoint: /data/projects/SFB_A03/jan/AT_TFBS/human301/runs/CTCF/multitf_20261006_033507_932031_base_seed1/best_model.pt (objective=classification-auprc, score=0.665970)
  negatives seen=100.0%; hard negatives=0
Epoch 016 train: loss=0.3808 AUROC=0.9718 AUPRC=0.8792 BalAcc=0.9228 F1=0.7353 MCC=0.7187
Epoch 016 val  : loss=0.1391 AUROC=0.9681 AUPRC=0.6673 BalAcc=0.9086 F1=0.3539 MCC=0.4260
  learning_rate_used=2.837e-04; learning_rate_next=2.815e-04; elapsed=571.2s
  saved new best checkpoint: /data/projects/SFB_A03/jan/AT_TFBS/human301/runs/CTCF/multitf_20261006_033507_932031_base_seed1/best_model.pt (objective=classification-auprc, score=0.667311)
  negatives seen=100.0%; hard negatives=0
Epoch 017 train: loss=0.3778 AUROC=0.9722 AUPRC=0.8810 BalAcc=0.9234 F1=0.7370 MCC=0.7205
Epoch 017 val  : loss=0.1383 AUROC=0.9683 AUPRC=0.6688 BalAcc=0.9073 F1=0.3668 MCC=0.4355
  learning_rate_used=2.815e-04; learning_rate_next=2.792e-04; elapsed=571.4s
  saved new best checkpoint: /data/projects/SFB_A03/jan/AT_TFBS/human301/runs/CTCF/multitf_20261006_033507_932031_base_seed1/best_model.pt (objective=classification-auprc, score=0.668786)
  negatives seen=100.0%; hard negatives=0
Epoch 018 train: loss=0.3765 AUROC=0.9723 AUPRC=0.8807 BalAcc=0.9238 F1=0.7386 MCC=0.7222
Epoch 018 val  : loss=0.1582 AUROC=0.9698 AUPRC=0.6740 BalAcc=0.9174 F1=0.3049 MCC=0.3913
  learning_rate_used=2.792e-04; learning_rate_next=2.767e-04; elapsed=575.9s
  saved new best checkpoint: /data/projects/SFB_A03/jan/AT_TFBS/human301/runs/CTCF/multitf_20261006_033507_932031_base_seed1/best_model.pt (objective=classification-auprc, score=0.674044)
  negatives seen=100.0%; hard negatives=0
Epoch 019 train: loss=0.3723 AUROC=0.9731 AUPRC=0.8829 BalAcc=0.9250 F1=0.7420 MCC=0.7257
Epoch 019 val  : loss=0.1646 AUROC=0.9690 AUPRC=0.6718 BalAcc=0.9173 F1=0.2923 MCC=0.3812
  learning_rate_used=2.767e-04; learning_rate_next=2.741e-04; elapsed=570.0s
  negatives seen=100.0%; hard negatives=0
Epoch 020 train: loss=0.3715 AUROC=0.9733 AUPRC=0.8826 BalAcc=0.9246 F1=0.7410 MCC=0.7246
Epoch 020 val  : loss=0.1419 AUROC=0.9699 AUPRC=0.6760 BalAcc=0.9158 F1=0.3293 MCC=0.4098
  learning_rate_used=2.741e-04; learning_rate_next=2.714e-04; elapsed=568.8s
  saved new best checkpoint: /data/projects/SFB_A03/jan/AT_TFBS/human301/runs/CTCF/multitf_20261006_033507_932031_base_seed1/best_model.pt (objective=classification-auprc, score=0.675974)
  negatives seen=100.0%; hard negatives=0
Epoch 021 train: loss=0.3674 AUROC=0.9737 AUPRC=0.8852 BalAcc=0.9263 F1=0.7452 MCC=0.7291
Epoch 021 val  : loss=0.1405 AUROC=0.9697 AUPRC=0.6752 BalAcc=0.9142 F1=0.3379 MCC=0.4159
  learning_rate_used=2.714e-04; learning_rate_next=2.686e-04; elapsed=572.4s
  negatives seen=100.0%; hard negatives=0
Epoch 022 train: loss=0.3653 AUROC=0.9741 AUPRC=0.8853 BalAcc=0.9264 F1=0.7457 MCC=0.7296
Epoch 022 val  : loss=0.1168 AUROC=0.9701 AUPRC=0.6746 BalAcc=0.9032 F1=0.4141 MCC=0.4703
  learning_rate_used=2.686e-04; learning_rate_next=2.657e-04; elapsed=570.8s
  negatives seen=100.0%; hard negatives=0
Epoch 023 train: loss=0.3603 AUROC=0.9749 AUPRC=0.8884 BalAcc=0.9273 F1=0.7492 MCC=0.7331
Epoch 023 val  : loss=0.1466 AUROC=0.9701 AUPRC=0.6777 BalAcc=0.9189 F1=0.3019 MCC=0.3895
  learning_rate_used=2.657e-04; learning_rate_next=2.626e-04; elapsed=570.6s
  saved new best checkpoint: /data/projects/SFB_A03/jan/AT_TFBS/human301/runs/CTCF/multitf_20261006_033507_932031_base_seed1/best_model.pt (objective=classification-auprc, score=0.677734)
  negatives seen=100.0%; hard negatives=0
Epoch 024 train: loss=0.3618 AUROC=0.9747 AUPRC=0.8875 BalAcc=0.9271 F1=0.7465 MCC=0.7305
Epoch 024 val  : loss=0.1284 AUROC=0.9695 AUPRC=0.6776 BalAcc=0.9064 F1=0.3971 MCC=0.4585
  learning_rate_used=2.626e-04; learning_rate_next=2.595e-04; elapsed=571.2s
  negatives seen=100.0%; hard negatives=0
Epoch 025 train: loss=0.3572 AUROC=0.9752 AUPRC=0.8884 BalAcc=0.9285 F1=0.7514 MCC=0.7356
Epoch 025 val  : loss=0.1281 AUROC=0.9701 AUPRC=0.6793 BalAcc=0.9124 F1=0.3609 MCC=0.4330
  learning_rate_used=2.595e-04; learning_rate_next=2.562e-04; elapsed=570.6s
  saved new best checkpoint: /data/projects/SFB_A03/jan/AT_TFBS/human301/runs/CTCF/multitf_20261006_033507_932031_base_seed1/best_model.pt (objective=classification-auprc, score=0.679267)
  negatives seen=100.0%; hard negatives=0
Epoch 026 train: loss=0.3587 AUROC=0.9752 AUPRC=0.8882 BalAcc=0.9276 F1=0.7496 MCC=0.7336
Epoch 026 val  : loss=0.1629 AUROC=0.9691 AUPRC=0.6793 BalAcc=0.9195 F1=0.2885 MCC=0.3790
  learning_rate_used=2.562e-04; learning_rate_next=2.528e-04; elapsed=572.2s
  negatives seen=100.0%; hard negatives=0
Epoch 027 train: loss=0.3548 AUROC=0.9755 AUPRC=0.8901 BalAcc=0.9294 F1=0.7547 MCC=0.7389
Epoch 027 val  : loss=0.1348 AUROC=0.9688 AUPRC=0.6715 BalAcc=0.9063 F1=0.3794 MCC=0.4448
  learning_rate_used=2.528e-04; learning_rate_next=2.494e-04; elapsed=571.6s
  negatives seen=100.0%; hard negatives=0
Epoch 028 train: loss=0.3524 AUROC=0.9761 AUPRC=0.8902 BalAcc=0.9290 F1=0.7529 MCC=0.7371
Epoch 028 val  : loss=0.1210 AUROC=0.9699 AUPRC=0.6818 BalAcc=0.9089 F1=0.3856 MCC=0.4507
  learning_rate_used=2.494e-04; learning_rate_next=2.458e-04; elapsed=570.5s
  saved new best checkpoint: /data/projects/SFB_A03/jan/AT_TFBS/human301/runs/CTCF/multitf_20261006_033507_932031_base_seed1/best_model.pt (objective=classification-auprc, score=0.681812)
  negatives seen=100.0%; hard negatives=0
Epoch 029 train: loss=0.3513 AUROC=0.9759 AUPRC=0.8925 BalAcc=0.9304 F1=0.7573 MCC=0.7417
Epoch 029 val  : loss=0.1323 AUROC=0.9696 AUPRC=0.6806 BalAcc=0.9114 F1=0.3763 MCC=0.4445
  learning_rate_used=2.458e-04; learning_rate_next=2.421e-04; elapsed=572.5s
  negatives seen=100.0%; hard negatives=0
Epoch 030 train: loss=0.3492 AUROC=0.9763 AUPRC=0.8925 BalAcc=0.9302 F1=0.7554 MCC=0.7398
Epoch 030 val  : loss=0.1334 AUROC=0.9695 AUPRC=0.6762 BalAcc=0.9115 F1=0.3664 MCC=0.4369
  learning_rate_used=2.421e-04; learning_rate_next=2.384e-04; elapsed=569.9s
  negatives seen=100.0%; hard negatives=0
Epoch 031 train: loss=0.3465 AUROC=0.9769 AUPRC=0.8940 BalAcc=0.9311 F1=0.7607 MCC=0.7451
Epoch 031 val  : loss=0.1328 AUROC=0.9702 AUPRC=0.6783 BalAcc=0.9150 F1=0.3460 MCC=0.4225
  learning_rate_used=2.384e-04; learning_rate_next=2.345e-04; elapsed=572.4s
  negatives seen=100.0%; hard negatives=0
Epoch 032 train: loss=0.3438 AUROC=0.9772 AUPRC=0.8957 BalAcc=0.9316 F1=0.7632 MCC=0.7476
Epoch 032 val  : loss=0.1257 AUROC=0.9703 AUPRC=0.6802 BalAcc=0.9107 F1=0.3735 MCC=0.4421
  learning_rate_used=2.345e-04; learning_rate_next=2.306e-04; elapsed=572.4s
  negatives seen=100.0%; hard negatives=0
Epoch 033 train: loss=0.3437 AUROC=0.9774 AUPRC=0.8942 BalAcc=0.9310 F1=0.7588 MCC=0.7433
Epoch 033 val  : loss=0.1269 AUROC=0.9686 AUPRC=0.6792 BalAcc=0.9051 F1=0.4052 MCC=0.4643
  learning_rate_used=2.306e-04; learning_rate_next=2.266e-04; elapsed=569.7s
  negatives seen=100.0%; hard negatives=0
Epoch 034 train: loss=0.3395 AUROC=0.9780 AUPRC=0.8966 BalAcc=0.9316 F1=0.7616 MCC=0.7461
Epoch 034 val  : loss=0.1335 AUROC=0.9700 AUPRC=0.6801 BalAcc=0.9160 F1=0.3387 MCC=0.4172
  learning_rate_used=2.266e-04; learning_rate_next=2.225e-04; elapsed=571.0s
  negatives seen=100.0%; hard negatives=0
Epoch 035 train: loss=0.3395 AUROC=0.9779 AUPRC=0.8968 BalAcc=0.9317 F1=0.7629 MCC=0.7473
Epoch 035 val  : loss=0.1373 AUROC=0.9701 AUPRC=0.6805 BalAcc=0.9169 F1=0.3338 MCC=0.4137
  learning_rate_used=2.225e-04; learning_rate_next=2.184e-04; elapsed=571.4s
  negatives seen=100.0%; hard negatives=0
Epoch 036 train: loss=0.3362 AUROC=0.9784 AUPRC=0.8979 BalAcc=0.9333 F1=0.7661 MCC=0.7509
Epoch 036 val  : loss=0.1292 AUROC=0.9679 AUPRC=0.6774 BalAcc=0.9040 F1=0.4111 MCC=0.4683
  learning_rate_used=2.184e-04; learning_rate_next=2.142e-04; elapsed=570.1s
  negatives seen=100.0%; hard negatives=0
Epoch 037 train: loss=0.3352 AUROC=0.9785 AUPRC=0.8975 BalAcc=0.9331 F1=0.7669 MCC=0.7515
Epoch 037 val  : loss=0.1211 AUROC=0.9701 AUPRC=0.6830 BalAcc=0.9083 F1=0.3925 MCC=0.4557
  learning_rate_used=2.142e-04; learning_rate_next=2.099e-04; elapsed=570.9s
  saved new best checkpoint: /data/projects/SFB_A03/jan/AT_TFBS/human301/runs/CTCF/multitf_20261006_033507_932031_base_seed1/best_model.pt (objective=classification-auprc, score=0.683029)
  negatives seen=100.0%; hard negatives=0
Epoch 038 train: loss=0.3319 AUROC=0.9791 AUPRC=0.8997 BalAcc=0.9338 F1=0.7688 MCC=0.7536
Epoch 038 val  : loss=0.1186 AUROC=0.9698 AUPRC=0.6811 BalAcc=0.9046 F1=0.4167 MCC=0.4729
  learning_rate_used=2.099e-04; learning_rate_next=2.055e-04; elapsed=572.3s
  negatives seen=100.0%; hard negatives=0
Epoch 039 train: loss=0.3337 AUROC=0.9789 AUPRC=0.8984 BalAcc=0.9333 F1=0.7676 MCC=0.7523
Epoch 039 val  : loss=0.1107 AUROC=0.9673 AUPRC=0.6688 BalAcc=0.8852 F1=0.4704 MCC=0.5069
  learning_rate_used=2.055e-04; learning_rate_next=2.011e-04; elapsed=570.7s
  negatives seen=100.0%; hard negatives=0
Epoch 040 train: loss=0.3288 AUROC=0.9794 AUPRC=0.9002 BalAcc=0.9345 F1=0.7700 MCC=0.7549
Epoch 040 val  : loss=0.1126 AUROC=0.9695 AUPRC=0.6780 BalAcc=0.9008 F1=0.4297 MCC=0.4814
  learning_rate_used=2.011e-04; learning_rate_next=1.967e-04; elapsed=570.5s
  negatives seen=100.0%; hard negatives=0
Epoch 041 train: loss=0.3297 AUROC=0.9794 AUPRC=0.9005 BalAcc=0.9347 F1=0.7710 MCC=0.7559
Epoch 041 val  : loss=0.1257 AUROC=0.9695 AUPRC=0.6797 BalAcc=0.9091 F1=0.3858 MCC=0.4509
  learning_rate_used=1.967e-04; learning_rate_next=1.922e-04; elapsed=571.5s
  negatives seen=100.0%; hard negatives=0
Epoch 042 train: loss=0.3252 AUROC=0.9799 AUPRC=0.9019 BalAcc=0.9351 F1=0.7733 MCC=0.7582
Epoch 042 val  : loss=0.1401 AUROC=0.9702 AUPRC=0.6837 BalAcc=0.9156 F1=0.3349 MCC=0.4141
  learning_rate_used=1.922e-04; learning_rate_next=1.877e-04; elapsed=571.7s
  saved new best checkpoint: /data/projects/SFB_A03/jan/AT_TFBS/human301/runs/CTCF/multitf_20261006_033507_932031_base_seed1/best_model.pt (objective=classification-auprc, score=0.683677)
  negatives seen=100.0%; hard negatives=0
Epoch 043 train: loss=0.3229 AUROC=0.9804 AUPRC=0.9028 BalAcc=0.9357 F1=0.7766 MCC=0.7615
Epoch 043 val  : loss=0.1477 AUROC=0.9682 AUPRC=0.6783 BalAcc=0.9144 F1=0.3328 MCC=0.4120
  learning_rate_used=1.877e-04; learning_rate_next=1.831e-04; elapsed=572.0s
  negatives seen=100.0%; hard negatives=0
Epoch 044 train: loss=0.3221 AUROC=0.9804 AUPRC=0.9036 BalAcc=0.9365 F1=0.7767 MCC=0.7618
Epoch 044 val  : loss=0.1284 AUROC=0.9692 AUPRC=0.6829 BalAcc=0.9121 F1=0.3684 MCC=0.4387
  learning_rate_used=1.831e-04; learning_rate_next=1.785e-04; elapsed=570.7s
  negatives seen=100.0%; hard negatives=0
Epoch 045 train: loss=0.3204 AUROC=0.9807 AUPRC=0.9035 BalAcc=0.9359 F1=0.7746 MCC=0.7597
Epoch 045 val  : loss=0.1219 AUROC=0.9696 AUPRC=0.6828 BalAcc=0.9093 F1=0.3886 MCC=0.4532
  learning_rate_used=1.785e-04; learning_rate_next=1.739e-04; elapsed=571.7s
  negatives seen=100.0%; hard negatives=0
Epoch 046 train: loss=0.3188 AUROC=0.9809 AUPRC=0.9053 BalAcc=0.9371 F1=0.7781 MCC=0.7633
Epoch 046 val  : loss=0.1219 AUROC=0.9690 AUPRC=0.6820 BalAcc=0.9070 F1=0.3953 MCC=0.4574
  learning_rate_used=1.739e-04; learning_rate_next=1.692e-04; elapsed=571.0s
  negatives seen=100.0%; hard negatives=0
Epoch 047 train: loss=0.3141 AUROC=0.9816 AUPRC=0.9063 BalAcc=0.9378 F1=0.7817 MCC=0.7669
Epoch 047 val  : loss=0.1288 AUROC=0.9680 AUPRC=0.6811 BalAcc=0.9084 F1=0.3838 MCC=0.4491
  learning_rate_used=1.692e-04; learning_rate_next=1.646e-04; elapsed=571.4s
  negatives seen=100.0%; hard negatives=0
Epoch 048 train: loss=0.3110 AUROC=0.9819 AUPRC=0.9069 BalAcc=0.9386 F1=0.7828 MCC=0.7683
Epoch 048 val  : loss=0.1135 AUROC=0.9687 AUPRC=0.6810 BalAcc=0.9022 F1=0.4291 MCC=0.4815
  learning_rate_used=1.646e-04; learning_rate_next=1.599e-04; elapsed=572.9s
  negatives seen=100.0%; hard negatives=0
Epoch 049 train: loss=0.3132 AUROC=0.9818 AUPRC=0.9068 BalAcc=0.9371 F1=0.7810 MCC=0.7661
Epoch 049 val  : loss=0.1457 AUROC=0.9694 AUPRC=0.6837 BalAcc=0.9174 F1=0.3257 MCC=0.4076
  learning_rate_used=1.599e-04; learning_rate_next=1.552e-04; elapsed=572.4s
  negatives seen=100.0%; hard negatives=0
Epoch 050 train: loss=0.3114 AUROC=0.9822 AUPRC=0.9072 BalAcc=0.9381 F1=0.7812 MCC=0.7666
Epoch 050 val  : loss=0.1241 AUROC=0.9682 AUPRC=0.6804 BalAcc=0.9057 F1=0.4073 MCC=0.4661
  learning_rate_used=1.552e-04; learning_rate_next=1.505e-04; elapsed=571.8s
  negatives seen=100.0%; hard negatives=0
Epoch 051 train: loss=0.3087 AUROC=0.9823 AUPRC=0.9078 BalAcc=0.9391 F1=0.7868 MCC=0.7722
Epoch 051 val  : loss=0.1165 AUROC=0.9676 AUPRC=0.6780 BalAcc=0.9000 F1=0.4317 MCC=0.4826
  learning_rate_used=1.505e-04; learning_rate_next=1.458e-04; elapsed=574.4s
  negatives seen=100.0%; hard negatives=0
Epoch 052 train: loss=0.3071 AUROC=0.9826 AUPRC=0.9082 BalAcc=0.9393 F1=0.7863 MCC=0.7717
Epoch 052 val  : loss=0.1402 AUROC=0.9677 AUPRC=0.6799 BalAcc=0.9115 F1=0.3547 MCC=0.4278
  learning_rate_used=1.458e-04; learning_rate_next=1.411e-04; elapsed=572.3s
  negatives seen=100.0%; hard negatives=0
Epoch 053 train: loss=0.3041 AUROC=0.9828 AUPRC=0.9108 BalAcc=0.9403 F1=0.7904 MCC=0.7760
Epoch 053 val  : loss=0.1316 AUROC=0.9689 AUPRC=0.6814 BalAcc=0.9110 F1=0.3679 MCC=0.4378
  learning_rate_used=1.411e-04; learning_rate_next=1.364e-04; elapsed=571.8s
  negatives seen=100.0%; hard negatives=0
Epoch 054 train: loss=0.3036 AUROC=0.9831 AUPRC=0.9099 BalAcc=0.9400 F1=0.7884 MCC=0.7740
Epoch 054 val  : loss=0.1123 AUROC=0.9647 AUPRC=0.6771 BalAcc=0.8881 F1=0.4808 MCC=0.5161
  learning_rate_used=1.364e-04; learning_rate_next=1.318e-04; elapsed=572.7s
  negatives seen=100.0%; hard negatives=0
Epoch 055 train: loss=0.3015 AUROC=0.9833 AUPRC=0.9100 BalAcc=0.9408 F1=0.7916 MCC=0.7772
Epoch 055 val  : loss=0.1247 AUROC=0.9682 AUPRC=0.6821 BalAcc=0.9076 F1=0.3888 MCC=0.4526
  learning_rate_used=1.318e-04; learning_rate_next=1.271e-04; elapsed=571.4s
  negatives seen=100.0%; hard negatives=0
Epoch 056 train: loss=0.2991 AUROC=0.9837 AUPRC=0.9114 BalAcc=0.9408 F1=0.7906 MCC=0.7763
Epoch 056 val  : loss=0.1106 AUROC=0.9676 AUPRC=0.6833 BalAcc=0.8961 F1=0.4604 MCC=0.5033
  learning_rate_used=1.271e-04; learning_rate_next=1.225e-04; elapsed=570.3s
  negatives seen=100.0%; hard negatives=0
Epoch 057 train: loss=0.2961 AUROC=0.9840 AUPRC=0.9130 BalAcc=0.9417 F1=0.7952 MCC=0.7809
Epoch 057 val  : loss=0.1194 AUROC=0.9680 AUPRC=0.6819 BalAcc=0.9039 F1=0.4100 MCC=0.4675
  learning_rate_used=1.225e-04; learning_rate_next=1.179e-04; elapsed=572.0s
  negatives seen=100.0%; hard negatives=0
Epoch 058 train: loss=0.2960 AUROC=0.9840 AUPRC=0.9128 BalAcc=0.9418 F1=0.7943 MCC=0.7802
Epoch 058 val  : loss=0.1266 AUROC=0.9659 AUPRC=0.6801 BalAcc=0.9048 F1=0.3996 MCC=0.4598
  learning_rate_used=1.179e-04; learning_rate_next=1.133e-04; elapsed=571.3s
  negatives seen=100.0%; hard negatives=0
Epoch 059 train: loss=0.2930 AUROC=0.9843 AUPRC=0.9130 BalAcc=0.9420 F1=0.7951 MCC=0.7809
Epoch 059 val  : loss=0.1124 AUROC=0.9684 AUPRC=0.6818 BalAcc=0.9001 F1=0.4428 MCC=0.4912
  learning_rate_used=1.133e-04; learning_rate_next=1.088e-04; elapsed=571.7s
  negatives seen=100.0%; hard negatives=0
Epoch 060 train: loss=0.2910 AUROC=0.9847 AUPRC=0.9145 BalAcc=0.9427 F1=0.7969 MCC=0.7828
Epoch 060 val  : loss=0.1107 AUROC=0.9673 AUPRC=0.6820 BalAcc=0.8944 F1=0.4653 MCC=0.5065
  learning_rate_used=1.088e-04; learning_rate_next=1.043e-04; elapsed=570.7s
  negatives seen=100.0%; hard negatives=0
Epoch 061 train: loss=0.2880 AUROC=0.9850 AUPRC=0.9164 BalAcc=0.9431 F1=0.7980 MCC=0.7840
Epoch 061 val  : loss=0.1152 AUROC=0.9678 AUPRC=0.6824 BalAcc=0.9023 F1=0.4277 MCC=0.4804
  learning_rate_used=1.043e-04; learning_rate_next=9.986e-05; elapsed=570.9s
  negatives seen=100.0%; hard negatives=0
Epoch 062 train: loss=0.2866 AUROC=0.9850 AUPRC=0.9163 BalAcc=0.9439 F1=0.8010 MCC=0.7871
Epoch 062 val  : loss=0.1102 AUROC=0.9666 AUPRC=0.6805 BalAcc=0.8882 F1=0.4936 MCC=0.5262
  learning_rate_used=9.986e-05; learning_rate_next=9.547e-05; elapsed=572.1s
Early stopping after 62 epochs.
Binary threshold: 0.982035 (strategy=val-mcc, validation_score=0.641459)
TEST chr10,chr12,chr14,chr16,chr18,chr2,chr20,chr22,chr4,chr6,chr8: loss=0.1769 AUROC=0.9678 AUPRC=0.6639 BalAcc=0.7974 F1=0.6217 MCC=0.6186
Outputs written to /data/projects/SFB_A03/jan/AT_TFBS/human301/runs/CTCF/multitf_20261006_033507_932031_base_seed1
Binary predictions: binary_classification_results.tsv
Binary metrics: binary_classification_metrics.json
ROC plot: roc_curve.png
Precision-recall plot: precision_recall_curve.png
Confusion matrix: binary_confusion_matrix.tsv
