TF=MYF6 variant=base seed=2
/home/jbossenz/miniforge3/envs/at_env/bin/python -u /data/projects/SFB_A03/jan/AT_TFBS/human301/hum301_motif64.py train --cache /data/projects/SFB_A03/jan/AT_TFBS/raw_data/human/MYF6/hum301_multitf_chr5_chr7/dataset.npz --output-dir /data/projects/SFB_A03/jan/AT_TFBS/human301/runs/MYF6/multitf_20261006_033507_932031_base_seed2 --input-length 256 --embed-channels 64 --encoder-channels 80 96 128 --heads 4 --ffn-channels 256 --classification-readout center --task-mode classification --checkpoint-objective classification-auprc --threshold-strategy val-mcc --negatives-per-positive 10 --batch-size 88 --hard-negative-fraction 0 --epochs 100 --patience 20 --learning-rate 0.0003 --min-learning-rate 0.000001 --weight-decay 0.0001 --dropout 0.1 --activation relu --reverse-complement-probability 0.5 --eval-crops multi --eval-rc --no-balanced-evaluation --eval-batch-size 128 --num-workers 2 --seed 2 --device cuda
Window geometry: 256 bp from 301 bp; crop starts 0..45; shifts -22..+23; fresh uniform draw per access
Evaluation: crops (0, 22, 23, 45), reverse complement=True; all samples
train: n=3,222,304, positive=31,904, negative=3,190,400
  val: n=786,891, positive=7,791, negative=779,100
 test: n=3,353,604, positive=33,204, negative=3,320,400
Device: cuda
Hidden activation: RELU
Parameters: 1,032,981 total; 1,032,981 trainable
Architecture: motif kernels 9/12; encoder 128/64/64; original five-block bottleneck at 64; decoder 64/128/256
  negatives seen=10.0%; hard negatives=0
Epoch 001 train: loss=0.6803 AUROC=0.9163 AUPRC=0.6061 BalAcc=0.8443 F1=0.5069 MCC=0.4874
Epoch 001 val  : loss=0.3469 AUROC=0.9398 AUPRC=0.2859 BalAcc=0.8731 F1=0.1165 MCC=0.2133
  learning_rate_used=3.000e-04; learning_rate_next=2.999e-04; elapsed=378.3s
  saved new best checkpoint: /data/projects/SFB_A03/jan/AT_TFBS/human301/runs/MYF6/multitf_20261006_033507_932031_base_seed2/best_model.pt (objective=classification-auprc, score=0.285856)
  negatives seen=20.0%; hard negatives=0
Epoch 002 train: loss=0.5814 AUROC=0.9384 AUPRC=0.6922 BalAcc=0.8716 F1=0.5637 MCC=0.5474
Epoch 002 val  : loss=0.4097 AUROC=0.9426 AUPRC=0.2932 BalAcc=0.8707 F1=0.0949 MCC=0.1906
  learning_rate_used=2.999e-04; learning_rate_next=2.997e-04; elapsed=371.9s
  saved new best checkpoint: /data/projects/SFB_A03/jan/AT_TFBS/human301/runs/MYF6/multitf_20261006_033507_932031_base_seed2/best_model.pt (objective=classification-auprc, score=0.293186)
  negatives seen=30.0%; hard negatives=0
Epoch 003 train: loss=0.5547 AUROC=0.9439 AUPRC=0.7184 BalAcc=0.8782 F1=0.5808 MCC=0.5647
Epoch 003 val  : loss=0.2290 AUROC=0.9497 AUPRC=0.3351 BalAcc=0.8793 F1=0.1851 MCC=0.2786
  learning_rate_used=2.997e-04; learning_rate_next=2.993e-04; elapsed=376.2s
  saved new best checkpoint: /data/projects/SFB_A03/jan/AT_TFBS/human301/runs/MYF6/multitf_20261006_033507_932031_base_seed2/best_model.pt (objective=classification-auprc, score=0.335054)
  negatives seen=40.0%; hard negatives=0
Epoch 004 train: loss=0.5381 AUROC=0.9472 AUPRC=0.7290 BalAcc=0.8838 F1=0.5929 MCC=0.5775
Epoch 004 val  : loss=0.1810 AUROC=0.9491 AUPRC=0.3349 BalAcc=0.8563 F1=0.2430 MCC=0.3183
  learning_rate_used=2.993e-04; learning_rate_next=2.988e-04; elapsed=371.9s
  negatives seen=50.0%; hard negatives=0
Epoch 005 train: loss=0.5261 AUROC=0.9497 AUPRC=0.7442 BalAcc=0.8866 F1=0.6013 MCC=0.5858
Epoch 005 val  : loss=0.2547 AUROC=0.9493 AUPRC=0.3420 BalAcc=0.8832 F1=0.1587 MCC=0.2566
  learning_rate_used=2.988e-04; learning_rate_next=2.982e-04; elapsed=373.0s
  saved new best checkpoint: /data/projects/SFB_A03/jan/AT_TFBS/human301/runs/MYF6/multitf_20261006_033507_932031_base_seed2/best_model.pt (objective=classification-auprc, score=0.342005)
  negatives seen=60.0%; hard negatives=0
Epoch 006 train: loss=0.5186 AUROC=0.9511 AUPRC=0.7476 BalAcc=0.8884 F1=0.6060 MCC=0.5906
Epoch 006 val  : loss=0.1973 AUROC=0.9531 AUPRC=0.3631 BalAcc=0.8778 F1=0.2143 MCC=0.3029
  learning_rate_used=2.982e-04; learning_rate_next=2.974e-04; elapsed=373.9s
  saved new best checkpoint: /data/projects/SFB_A03/jan/AT_TFBS/human301/runs/MYF6/multitf_20261006_033507_932031_base_seed2/best_model.pt (objective=classification-auprc, score=0.363058)
  negatives seen=70.0%; hard negatives=0
Epoch 007 train: loss=0.5085 AUROC=0.9529 AUPRC=0.7509 BalAcc=0.8915 F1=0.6154 MCC=0.6000
Epoch 007 val  : loss=0.2121 AUROC=0.9484 AUPRC=0.3061 BalAcc=0.8719 F1=0.1965 MCC=0.2858
  learning_rate_used=2.974e-04; learning_rate_next=2.964e-04; elapsed=376.5s
  negatives seen=80.0%; hard negatives=0
Epoch 008 train: loss=0.5014 AUROC=0.9544 AUPRC=0.7583 BalAcc=0.8931 F1=0.6192 MCC=0.6040
Epoch 008 val  : loss=0.2635 AUROC=0.9549 AUPRC=0.3784 BalAcc=0.8928 F1=0.1559 MCC=0.2571
  learning_rate_used=2.964e-04; learning_rate_next=2.953e-04; elapsed=372.3s
  saved new best checkpoint: /data/projects/SFB_A03/jan/AT_TFBS/human301/runs/MYF6/multitf_20261006_033507_932031_base_seed2/best_model.pt (objective=classification-auprc, score=0.378367)
  negatives seen=90.0%; hard negatives=0
Epoch 009 train: loss=0.4964 AUROC=0.9553 AUPRC=0.7593 BalAcc=0.8943 F1=0.6220 MCC=0.6069
Epoch 009 val  : loss=0.2561 AUROC=0.9556 AUPRC=0.3698 BalAcc=0.8949 F1=0.1559 MCC=0.2578
  learning_rate_used=2.953e-04; learning_rate_next=2.941e-04; elapsed=374.9s
  negatives seen=100.0%; hard negatives=0
Epoch 010 train: loss=0.4871 AUROC=0.9568 AUPRC=0.7694 BalAcc=0.8970 F1=0.6324 MCC=0.6169
Epoch 010 val  : loss=0.2360 AUROC=0.9555 AUPRC=0.3807 BalAcc=0.8910 F1=0.1792 MCC=0.2776
  learning_rate_used=2.941e-04; learning_rate_next=2.927e-04; elapsed=374.1s
  saved new best checkpoint: /data/projects/SFB_A03/jan/AT_TFBS/human301/runs/MYF6/multitf_20261006_033507_932031_base_seed2/best_model.pt (objective=classification-auprc, score=0.380726)
  negatives seen=100.0%; hard negatives=0
Epoch 011 train: loss=0.4807 AUROC=0.9577 AUPRC=0.7739 BalAcc=0.8990 F1=0.6368 MCC=0.6217
Epoch 011 val  : loss=0.2234 AUROC=0.9572 AUPRC=0.3906 BalAcc=0.8937 F1=0.1826 MCC=0.2815
  learning_rate_used=2.927e-04; learning_rate_next=2.912e-04; elapsed=372.9s
  saved new best checkpoint: /data/projects/SFB_A03/jan/AT_TFBS/human301/runs/MYF6/multitf_20261006_033507_932031_base_seed2/best_model.pt (objective=classification-auprc, score=0.390641)
  negatives seen=100.0%; hard negatives=0
Epoch 012 train: loss=0.4756 AUROC=0.9586 AUPRC=0.7795 BalAcc=0.9008 F1=0.6429 MCC=0.6276
Epoch 012 val  : loss=0.2136 AUROC=0.9571 AUPRC=0.3950 BalAcc=0.8903 F1=0.1948 MCC=0.2909
  learning_rate_used=2.912e-04; learning_rate_next=2.895e-04; elapsed=372.0s
  saved new best checkpoint: /data/projects/SFB_A03/jan/AT_TFBS/human301/runs/MYF6/multitf_20261006_033507_932031_base_seed2/best_model.pt (objective=classification-auprc, score=0.394998)
  negatives seen=100.0%; hard negatives=0
Epoch 013 train: loss=0.4764 AUROC=0.9586 AUPRC=0.7732 BalAcc=0.8995 F1=0.6386 MCC=0.6234
Epoch 013 val  : loss=0.3168 AUROC=0.9572 AUPRC=0.3836 BalAcc=0.8957 F1=0.1359 MCC=0.2394
  learning_rate_used=2.895e-04; learning_rate_next=2.877e-04; elapsed=369.3s
  negatives seen=100.0%; hard negatives=0
Epoch 014 train: loss=0.4663 AUROC=0.9602 AUPRC=0.7801 BalAcc=0.9026 F1=0.6476 MCC=0.6325
Epoch 014 val  : loss=0.2015 AUROC=0.9593 AUPRC=0.3964 BalAcc=0.8945 F1=0.2097 MCC=0.3051
  learning_rate_used=2.877e-04; learning_rate_next=2.858e-04; elapsed=376.8s
  saved new best checkpoint: /data/projects/SFB_A03/jan/AT_TFBS/human301/runs/MYF6/multitf_20261006_033507_932031_base_seed2/best_model.pt (objective=classification-auprc, score=0.396435)
  negatives seen=100.0%; hard negatives=0
Epoch 015 train: loss=0.4625 AUROC=0.9609 AUPRC=0.7841 BalAcc=0.9033 F1=0.6513 MCC=0.6360
Epoch 015 val  : loss=0.2004 AUROC=0.9589 AUPRC=0.4012 BalAcc=0.8920 F1=0.2120 MCC=0.3061
  learning_rate_used=2.858e-04; learning_rate_next=2.837e-04; elapsed=372.4s
  saved new best checkpoint: /data/projects/SFB_A03/jan/AT_TFBS/human301/runs/MYF6/multitf_20261006_033507_932031_base_seed2/best_model.pt (objective=classification-auprc, score=0.401249)
  negatives seen=100.0%; hard negatives=0
Epoch 016 train: loss=0.4569 AUROC=0.9619 AUPRC=0.7904 BalAcc=0.9053 F1=0.6572 MCC=0.6419
Epoch 016 val  : loss=0.2186 AUROC=0.9587 AUPRC=0.4119 BalAcc=0.8942 F1=0.1973 MCC=0.2944
  learning_rate_used=2.837e-04; learning_rate_next=2.815e-04; elapsed=378.4s
  saved new best checkpoint: /data/projects/SFB_A03/jan/AT_TFBS/human301/runs/MYF6/multitf_20261006_033507_932031_base_seed2/best_model.pt (objective=classification-auprc, score=0.411881)
  negatives seen=100.0%; hard negatives=0
Epoch 017 train: loss=0.4534 AUROC=0.9623 AUPRC=0.7890 BalAcc=0.9051 F1=0.6554 MCC=0.6403
Epoch 017 val  : loss=0.2118 AUROC=0.9587 AUPRC=0.4129 BalAcc=0.8939 F1=0.2024 MCC=0.2987
  learning_rate_used=2.815e-04; learning_rate_next=2.792e-04; elapsed=380.7s
  saved new best checkpoint: /data/projects/SFB_A03/jan/AT_TFBS/human301/runs/MYF6/multitf_20261006_033507_932031_base_seed2/best_model.pt (objective=classification-auprc, score=0.412935)
  negatives seen=100.0%; hard negatives=0
Epoch 018 train: loss=0.4500 AUROC=0.9630 AUPRC=0.7935 BalAcc=0.9063 F1=0.6624 MCC=0.6469
Epoch 018 val  : loss=0.1883 AUROC=0.9580 AUPRC=0.4104 BalAcc=0.8858 F1=0.2330 MCC=0.3213
  learning_rate_used=2.792e-04; learning_rate_next=2.767e-04; elapsed=377.0s
  negatives seen=100.0%; hard negatives=0
Epoch 019 train: loss=0.4468 AUROC=0.9634 AUPRC=0.7936 BalAcc=0.9071 F1=0.6612 MCC=0.6462
Epoch 019 val  : loss=0.2004 AUROC=0.9591 AUPRC=0.4119 BalAcc=0.8921 F1=0.2108 MCC=0.3052
  learning_rate_used=2.767e-04; learning_rate_next=2.741e-04; elapsed=384.0s
  negatives seen=100.0%; hard negatives=0
Epoch 020 train: loss=0.4460 AUROC=0.9635 AUPRC=0.7937 BalAcc=0.9075 F1=0.6624 MCC=0.6474
Epoch 020 val  : loss=0.1970 AUROC=0.9597 AUPRC=0.4153 BalAcc=0.8934 F1=0.2113 MCC=0.3061
  learning_rate_used=2.741e-04; learning_rate_next=2.714e-04; elapsed=381.2s
  saved new best checkpoint: /data/projects/SFB_A03/jan/AT_TFBS/human301/runs/MYF6/multitf_20261006_033507_932031_base_seed2/best_model.pt (objective=classification-auprc, score=0.415286)
  negatives seen=100.0%; hard negatives=0
Epoch 021 train: loss=0.4406 AUROC=0.9644 AUPRC=0.7990 BalAcc=0.9096 F1=0.6689 MCC=0.6539
Epoch 021 val  : loss=0.2608 AUROC=0.9604 AUPRC=0.4226 BalAcc=0.9006 F1=0.1618 MCC=0.2652
  learning_rate_used=2.714e-04; learning_rate_next=2.686e-04; elapsed=383.1s
  saved new best checkpoint: /data/projects/SFB_A03/jan/AT_TFBS/human301/runs/MYF6/multitf_20261006_033507_932031_base_seed2/best_model.pt (objective=classification-auprc, score=0.422600)
  negatives seen=100.0%; hard negatives=0
Epoch 022 train: loss=0.4373 AUROC=0.9648 AUPRC=0.7997 BalAcc=0.9096 F1=0.6693 MCC=0.6543
Epoch 022 val  : loss=0.2137 AUROC=0.9590 AUPRC=0.4225 BalAcc=0.8943 F1=0.2081 MCC=0.3037
  learning_rate_used=2.686e-04; learning_rate_next=2.657e-04; elapsed=382.1s
  negatives seen=100.0%; hard negatives=0
Epoch 023 train: loss=0.4330 AUROC=0.9656 AUPRC=0.8036 BalAcc=0.9099 F1=0.6725 MCC=0.6572
Epoch 023 val  : loss=0.2177 AUROC=0.9566 AUPRC=0.4036 BalAcc=0.8903 F1=0.1966 MCC=0.2925
  learning_rate_used=2.657e-04; learning_rate_next=2.626e-04; elapsed=384.7s
  negatives seen=100.0%; hard negatives=0
Epoch 024 train: loss=0.4282 AUROC=0.9665 AUPRC=0.8056 BalAcc=0.9108 F1=0.6747 MCC=0.6596
Epoch 024 val  : loss=0.1873 AUROC=0.9601 AUPRC=0.4162 BalAcc=0.8895 F1=0.2277 MCC=0.3184
  learning_rate_used=2.626e-04; learning_rate_next=2.595e-04; elapsed=380.8s
  negatives seen=100.0%; hard negatives=0
Epoch 025 train: loss=0.4281 AUROC=0.9666 AUPRC=0.8046 BalAcc=0.9115 F1=0.6775 MCC=0.6623
Epoch 025 val  : loss=0.1739 AUROC=0.9603 AUPRC=0.4083 BalAcc=0.8825 F1=0.2491 MCC=0.3333
  learning_rate_used=2.595e-04; learning_rate_next=2.562e-04; elapsed=383.8s
  negatives seen=100.0%; hard negatives=0
Epoch 026 train: loss=0.4226 AUROC=0.9670 AUPRC=0.8062 BalAcc=0.9134 F1=0.6808 MCC=0.6660
Epoch 026 val  : loss=0.1938 AUROC=0.9593 AUPRC=0.4184 BalAcc=0.8873 F1=0.2291 MCC=0.3187
  learning_rate_used=2.562e-04; learning_rate_next=2.528e-04; elapsed=386.0s
  negatives seen=100.0%; hard negatives=0
Epoch 027 train: loss=0.4205 AUROC=0.9675 AUPRC=0.8065 BalAcc=0.9137 F1=0.6835 MCC=0.6685
Epoch 027 val  : loss=0.2369 AUROC=0.9614 AUPRC=0.4256 BalAcc=0.9017 F1=0.1766 MCC=0.2790
  learning_rate_used=2.528e-04; learning_rate_next=2.494e-04; elapsed=384.7s
  saved new best checkpoint: /data/projects/SFB_A03/jan/AT_TFBS/human301/runs/MYF6/multitf_20261006_033507_932031_base_seed2/best_model.pt (objective=classification-auprc, score=0.425579)
  negatives seen=100.0%; hard negatives=0
Epoch 028 train: loss=0.4177 AUROC=0.9680 AUPRC=0.8128 BalAcc=0.9148 F1=0.6850 MCC=0.6702
Epoch 028 val  : loss=0.2030 AUROC=0.9613 AUPRC=0.4248 BalAcc=0.8953 F1=0.2077 MCC=0.3037
  learning_rate_used=2.494e-04; learning_rate_next=2.458e-04; elapsed=380.5s
  negatives seen=100.0%; hard negatives=0
Epoch 029 train: loss=0.4143 AUROC=0.9685 AUPRC=0.8116 BalAcc=0.9154 F1=0.6895 MCC=0.6745
Epoch 029 val  : loss=0.2132 AUROC=0.9605 AUPRC=0.4265 BalAcc=0.8981 F1=0.1997 MCC=0.2979
  learning_rate_used=2.458e-04; learning_rate_next=2.421e-04; elapsed=376.5s
  saved new best checkpoint: /data/projects/SFB_A03/jan/AT_TFBS/human301/runs/MYF6/multitf_20261006_033507_932031_base_seed2/best_model.pt (objective=classification-auprc, score=0.426529)
  negatives seen=100.0%; hard negatives=0
Epoch 030 train: loss=0.4127 AUROC=0.9689 AUPRC=0.8133 BalAcc=0.9149 F1=0.6867 MCC=0.6717
Epoch 030 val  : loss=0.1943 AUROC=0.9604 AUPRC=0.4312 BalAcc=0.8939 F1=0.2221 MCC=0.3153
  learning_rate_used=2.421e-04; learning_rate_next=2.384e-04; elapsed=382.7s
  saved new best checkpoint: /data/projects/SFB_A03/jan/AT_TFBS/human301/runs/MYF6/multitf_20261006_033507_932031_base_seed2/best_model.pt (objective=classification-auprc, score=0.431209)
  negatives seen=100.0%; hard negatives=0
Epoch 031 train: loss=0.4087 AUROC=0.9695 AUPRC=0.8160 BalAcc=0.9161 F1=0.6887 MCC=0.6740
Epoch 031 val  : loss=0.1799 AUROC=0.9597 AUPRC=0.4219 BalAcc=0.8877 F1=0.2452 MCC=0.3320
  learning_rate_used=2.384e-04; learning_rate_next=2.345e-04; elapsed=379.4s
  negatives seen=100.0%; hard negatives=0
Epoch 032 train: loss=0.4035 AUROC=0.9701 AUPRC=0.8199 BalAcc=0.9176 F1=0.6940 MCC=0.6793
Epoch 032 val  : loss=0.1985 AUROC=0.9610 AUPRC=0.4271 BalAcc=0.8949 F1=0.2139 MCC=0.3088
  learning_rate_used=2.345e-04; learning_rate_next=2.306e-04; elapsed=380.5s
  negatives seen=100.0%; hard negatives=0
Epoch 033 train: loss=0.4033 AUROC=0.9701 AUPRC=0.8166 BalAcc=0.9183 F1=0.6966 MCC=0.6819
Epoch 033 val  : loss=0.1878 AUROC=0.9609 AUPRC=0.4274 BalAcc=0.8921 F1=0.2273 MCC=0.3190
  learning_rate_used=2.306e-04; learning_rate_next=2.266e-04; elapsed=382.4s
  negatives seen=100.0%; hard negatives=0
Epoch 034 train: loss=0.3993 AUROC=0.9708 AUPRC=0.8192 BalAcc=0.9189 F1=0.6981 MCC=0.6834
Epoch 034 val  : loss=0.1849 AUROC=0.9607 AUPRC=0.4352 BalAcc=0.8904 F1=0.2424 MCC=0.3307
  learning_rate_used=2.266e-04; learning_rate_next=2.225e-04; elapsed=379.9s
  saved new best checkpoint: /data/projects/SFB_A03/jan/AT_TFBS/human301/runs/MYF6/multitf_20261006_033507_932031_base_seed2/best_model.pt (objective=classification-auprc, score=0.435228)
  negatives seen=100.0%; hard negatives=0
Epoch 035 train: loss=0.3976 AUROC=0.9709 AUPRC=0.8185 BalAcc=0.9190 F1=0.7003 MCC=0.6854
Epoch 035 val  : loss=0.1862 AUROC=0.9591 AUPRC=0.4262 BalAcc=0.8876 F1=0.2350 MCC=0.3237
  learning_rate_used=2.225e-04; learning_rate_next=2.184e-04; elapsed=384.2s
  negatives seen=100.0%; hard negatives=0
Epoch 036 train: loss=0.3943 AUROC=0.9716 AUPRC=0.8209 BalAcc=0.9193 F1=0.6984 MCC=0.6839
Epoch 036 val  : loss=0.1791 AUROC=0.9592 AUPRC=0.4280 BalAcc=0.8839 F1=0.2496 MCC=0.3341
  learning_rate_used=2.184e-04; learning_rate_next=2.142e-04; elapsed=384.9s
  negatives seen=100.0%; hard negatives=0
Epoch 037 train: loss=0.3923 AUROC=0.9719 AUPRC=0.8246 BalAcc=0.9204 F1=0.7034 MCC=0.6887
Epoch 037 val  : loss=0.2068 AUROC=0.9616 AUPRC=0.4291 BalAcc=0.8971 F1=0.2022 MCC=0.2997
  learning_rate_used=2.142e-04; learning_rate_next=2.099e-04; elapsed=384.4s
  negatives seen=100.0%; hard negatives=0
Epoch 038 train: loss=0.3867 AUROC=0.9726 AUPRC=0.8258 BalAcc=0.9216 F1=0.7060 MCC=0.6915
Epoch 038 val  : loss=0.1692 AUROC=0.9603 AUPRC=0.4311 BalAcc=0.8838 F1=0.2585 MCC=0.3413
  learning_rate_used=2.099e-04; learning_rate_next=2.055e-04; elapsed=383.5s
  negatives seen=100.0%; hard negatives=0
Epoch 039 train: loss=0.3847 AUROC=0.9730 AUPRC=0.8263 BalAcc=0.9222 F1=0.7077 MCC=0.6933
Epoch 039 val  : loss=0.1888 AUROC=0.9608 AUPRC=0.4370 BalAcc=0.8939 F1=0.2251 MCC=0.3178
  learning_rate_used=2.055e-04; learning_rate_next=2.011e-04; elapsed=382.1s
  saved new best checkpoint: /data/projects/SFB_A03/jan/AT_TFBS/human301/runs/MYF6/multitf_20261006_033507_932031_base_seed2/best_model.pt (objective=classification-auprc, score=0.437038)
  negatives seen=100.0%; hard negatives=0
Epoch 040 train: loss=0.3833 AUROC=0.9731 AUPRC=0.8267 BalAcc=0.9228 F1=0.7101 MCC=0.6957
Epoch 040 val  : loss=0.2183 AUROC=0.9594 AUPRC=0.4308 BalAcc=0.8951 F1=0.1986 MCC=0.2958
  learning_rate_used=2.011e-04; learning_rate_next=1.967e-04; elapsed=384.5s
  negatives seen=100.0%; hard negatives=0
Epoch 041 train: loss=0.3787 AUROC=0.9738 AUPRC=0.8284 BalAcc=0.9234 F1=0.7134 MCC=0.6988
Epoch 041 val  : loss=0.1866 AUROC=0.9611 AUPRC=0.4390 BalAcc=0.8939 F1=0.2277 MCC=0.3200
  learning_rate_used=1.967e-04; learning_rate_next=1.922e-04; elapsed=379.4s
  saved new best checkpoint: /data/projects/SFB_A03/jan/AT_TFBS/human301/runs/MYF6/multitf_20261006_033507_932031_base_seed2/best_model.pt (objective=classification-auprc, score=0.439033)
  negatives seen=100.0%; hard negatives=0
Epoch 042 train: loss=0.3777 AUROC=0.9740 AUPRC=0.8297 BalAcc=0.9235 F1=0.7115 MCC=0.6972
Epoch 042 val  : loss=0.2185 AUROC=0.9610 AUPRC=0.4314 BalAcc=0.8997 F1=0.1922 MCC=0.2919
  learning_rate_used=1.922e-04; learning_rate_next=1.877e-04; elapsed=376.1s
  negatives seen=100.0%; hard negatives=0
Epoch 043 train: loss=0.3768 AUROC=0.9741 AUPRC=0.8286 BalAcc=0.9234 F1=0.7107 MCC=0.6965
Epoch 043 val  : loss=0.2025 AUROC=0.9617 AUPRC=0.4347 BalAcc=0.8978 F1=0.2102 MCC=0.3067
  learning_rate_used=1.877e-04; learning_rate_next=1.831e-04; elapsed=381.7s
  negatives seen=100.0%; hard negatives=0
Epoch 044 train: loss=0.3691 AUROC=0.9752 AUPRC=0.8348 BalAcc=0.9255 F1=0.7182 MCC=0.7040
Epoch 044 val  : loss=0.1869 AUROC=0.9602 AUPRC=0.4336 BalAcc=0.8922 F1=0.2334 MCC=0.3241
  learning_rate_used=1.831e-04; learning_rate_next=1.785e-04; elapsed=381.9s
  negatives seen=100.0%; hard negatives=0
Epoch 045 train: loss=0.3682 AUROC=0.9752 AUPRC=0.8332 BalAcc=0.9266 F1=0.7208 MCC=0.7067
Epoch 045 val  : loss=0.1959 AUROC=0.9589 AUPRC=0.4297 BalAcc=0.8911 F1=0.2225 MCC=0.3146
  learning_rate_used=1.785e-04; learning_rate_next=1.739e-04; elapsed=377.9s
  negatives seen=100.0%; hard negatives=0
Epoch 046 train: loss=0.3638 AUROC=0.9759 AUPRC=0.8350 BalAcc=0.9271 F1=0.7247 MCC=0.7104
Epoch 046 val  : loss=0.1566 AUROC=0.9582 AUPRC=0.4329 BalAcc=0.8711 F1=0.2976 MCC=0.3673
  learning_rate_used=1.739e-04; learning_rate_next=1.692e-04; elapsed=383.4s
  negatives seen=100.0%; hard negatives=0
Epoch 047 train: loss=0.3598 AUROC=0.9764 AUPRC=0.8394 BalAcc=0.9272 F1=0.7270 MCC=0.7126
Epoch 047 val  : loss=0.1779 AUROC=0.9581 AUPRC=0.4290 BalAcc=0.8809 F1=0.2547 MCC=0.3371
  learning_rate_used=1.692e-04; learning_rate_next=1.646e-04; elapsed=382.5s
  negatives seen=100.0%; hard negatives=0
Epoch 048 train: loss=0.3615 AUROC=0.9763 AUPRC=0.8364 BalAcc=0.9271 F1=0.7257 MCC=0.7113
Epoch 048 val  : loss=0.2008 AUROC=0.9608 AUPRC=0.4361 BalAcc=0.8956 F1=0.2183 MCC=0.3128
  learning_rate_used=1.646e-04; learning_rate_next=1.599e-04; elapsed=379.6s
  negatives seen=100.0%; hard negatives=0
Epoch 049 train: loss=0.3571 AUROC=0.9766 AUPRC=0.8371 BalAcc=0.9286 F1=0.7279 MCC=0.7139
Epoch 049 val  : loss=0.1705 AUROC=0.9612 AUPRC=0.4380 BalAcc=0.8861 F1=0.2588 MCC=0.3424
  learning_rate_used=1.599e-04; learning_rate_next=1.552e-04; elapsed=382.3s
  negatives seen=100.0%; hard negatives=0
Epoch 050 train: loss=0.3532 AUROC=0.9773 AUPRC=0.8389 BalAcc=0.9298 F1=0.7314 MCC=0.7175
Epoch 050 val  : loss=0.1849 AUROC=0.9609 AUPRC=0.4307 BalAcc=0.8920 F1=0.2353 MCC=0.3256
  learning_rate_used=1.552e-04; learning_rate_next=1.505e-04; elapsed=383.8s
  negatives seen=100.0%; hard negatives=0
Epoch 051 train: loss=0.3523 AUROC=0.9774 AUPRC=0.8437 BalAcc=0.9296 F1=0.7309 MCC=0.7170
Epoch 051 val  : loss=0.1688 AUROC=0.9606 AUPRC=0.4328 BalAcc=0.8845 F1=0.2598 MCC=0.3426
  learning_rate_used=1.505e-04; learning_rate_next=1.458e-04; elapsed=378.0s
  negatives seen=100.0%; hard negatives=0
Epoch 052 train: loss=0.3499 AUROC=0.9776 AUPRC=0.8379 BalAcc=0.9300 F1=0.7345 MCC=0.7204
Epoch 052 val  : loss=0.1932 AUROC=0.9590 AUPRC=0.4353 BalAcc=0.8926 F1=0.2266 MCC=0.3185
  learning_rate_used=1.458e-04; learning_rate_next=1.411e-04; elapsed=379.1s
  negatives seen=100.0%; hard negatives=0
Epoch 053 train: loss=0.3446 AUROC=0.9784 AUPRC=0.8434 BalAcc=0.9314 F1=0.7343 MCC=0.7207
Epoch 053 val  : loss=0.1999 AUROC=0.9601 AUPRC=0.4346 BalAcc=0.8949 F1=0.2153 MCC=0.3100
  learning_rate_used=1.411e-04; learning_rate_next=1.364e-04; elapsed=379.2s
  negatives seen=100.0%; hard negatives=0
Epoch 054 train: loss=0.3430 AUROC=0.9787 AUPRC=0.8445 BalAcc=0.9318 F1=0.7366 MCC=0.7230
Epoch 054 val  : loss=0.1667 AUROC=0.9600 AUPRC=0.4328 BalAcc=0.8820 F1=0.2709 MCC=0.3505
  learning_rate_used=1.364e-04; learning_rate_next=1.318e-04; elapsed=382.7s
  negatives seen=100.0%; hard negatives=0
Epoch 055 train: loss=0.3396 AUROC=0.9789 AUPRC=0.8470 BalAcc=0.9326 F1=0.7419 MCC=0.7281
Epoch 055 val  : loss=0.1847 AUROC=0.9599 AUPRC=0.4315 BalAcc=0.8921 F1=0.2393 MCC=0.3289
  learning_rate_used=1.318e-04; learning_rate_next=1.271e-04; elapsed=384.0s
  negatives seen=100.0%; hard negatives=0
Epoch 056 train: loss=0.3339 AUROC=0.9798 AUPRC=0.8487 BalAcc=0.9335 F1=0.7444 MCC=0.7307
Epoch 056 val  : loss=0.1646 AUROC=0.9588 AUPRC=0.4325 BalAcc=0.8792 F1=0.2753 MCC=0.3529
  learning_rate_used=1.271e-04; learning_rate_next=1.225e-04; elapsed=383.0s
  negatives seen=100.0%; hard negatives=0
Epoch 057 train: loss=0.3354 AUROC=0.9795 AUPRC=0.8479 BalAcc=0.9331 F1=0.7429 MCC=0.7291
Epoch 057 val  : loss=0.1691 AUROC=0.9601 AUPRC=0.4360 BalAcc=0.8855 F1=0.2663 MCC=0.3482
  learning_rate_used=1.225e-04; learning_rate_next=1.179e-04; elapsed=382.4s
  negatives seen=100.0%; hard negatives=0
Epoch 058 train: loss=0.3302 AUROC=0.9801 AUPRC=0.8488 BalAcc=0.9348 F1=0.7446 MCC=0.7312
Epoch 058 val  : loss=0.1708 AUROC=0.9599 AUPRC=0.4367 BalAcc=0.8856 F1=0.2609 MCC=0.3439
  learning_rate_used=1.179e-04; learning_rate_next=1.133e-04; elapsed=382.0s
  negatives seen=100.0%; hard negatives=0
Epoch 059 train: loss=0.3278 AUROC=0.9803 AUPRC=0.8509 BalAcc=0.9351 F1=0.7477 MCC=0.7342
Epoch 059 val  : loss=0.1742 AUROC=0.9598 AUPRC=0.4415 BalAcc=0.8881 F1=0.2542 MCC=0.3394
  learning_rate_used=1.133e-04; learning_rate_next=1.088e-04; elapsed=385.6s
  saved new best checkpoint: /data/projects/SFB_A03/jan/AT_TFBS/human301/runs/MYF6/multitf_20261006_033507_932031_base_seed2/best_model.pt (objective=classification-auprc, score=0.441509)
  negatives seen=100.0%; hard negatives=0
Epoch 060 train: loss=0.3271 AUROC=0.9805 AUPRC=0.8507 BalAcc=0.9350 F1=0.7485 MCC=0.7349
Epoch 060 val  : loss=0.1751 AUROC=0.9593 AUPRC=0.4375 BalAcc=0.8863 F1=0.2586 MCC=0.3423
  learning_rate_used=1.088e-04; learning_rate_next=1.043e-04; elapsed=387.0s
  negatives seen=100.0%; hard negatives=0
Epoch 061 train: loss=0.3233 AUROC=0.9809 AUPRC=0.8527 BalAcc=0.9356 F1=0.7493 MCC=0.7358
Epoch 061 val  : loss=0.1830 AUROC=0.9590 AUPRC=0.4378 BalAcc=0.8887 F1=0.2488 MCC=0.3353
  learning_rate_used=1.043e-04; learning_rate_next=9.986e-05; elapsed=381.5s
  negatives seen=100.0%; hard negatives=0
Epoch 062 train: loss=0.3171 AUROC=0.9818 AUPRC=0.8579 BalAcc=0.9381 F1=0.7576 MCC=0.7443
Epoch 062 val  : loss=0.1641 AUROC=0.9605 AUPRC=0.4381 BalAcc=0.8826 F1=0.2795 MCC=0.3576
  learning_rate_used=9.986e-05; learning_rate_next=9.547e-05; elapsed=384.2s
  negatives seen=100.0%; hard negatives=0
Epoch 063 train: loss=0.3163 AUROC=0.9818 AUPRC=0.8552 BalAcc=0.9375 F1=0.7544 MCC=0.7413
Epoch 063 val  : loss=0.1564 AUROC=0.9576 AUPRC=0.4356 BalAcc=0.8691 F1=0.3074 MCC=0.3741
  learning_rate_used=9.547e-05; learning_rate_next=9.113e-05; elapsed=377.7s
  negatives seen=100.0%; hard negatives=0
Epoch 064 train: loss=0.3141 AUROC=0.9820 AUPRC=0.8567 BalAcc=0.9377 F1=0.7559 MCC=0.7426
Epoch 064 val  : loss=0.1718 AUROC=0.9595 AUPRC=0.4378 BalAcc=0.8843 F1=0.2641 MCC=0.3460
  learning_rate_used=9.113e-05; learning_rate_next=8.685e-05; elapsed=383.8s
  negatives seen=100.0%; hard negatives=0
Epoch 065 train: loss=0.3129 AUROC=0.9822 AUPRC=0.8589 BalAcc=0.9381 F1=0.7610 MCC=0.7475
Epoch 065 val  : loss=0.1761 AUROC=0.9602 AUPRC=0.4372 BalAcc=0.8908 F1=0.2538 MCC=0.3401
  learning_rate_used=8.685e-05; learning_rate_next=8.263e-05; elapsed=383.1s
  negatives seen=100.0%; hard negatives=0
Epoch 066 train: loss=0.3118 AUROC=0.9822 AUPRC=0.8572 BalAcc=0.9389 F1=0.7579 MCC=0.7449
Epoch 066 val  : loss=0.1614 AUROC=0.9596 AUPRC=0.4369 BalAcc=0.8796 F1=0.2869 MCC=0.3622
  learning_rate_used=8.263e-05; learning_rate_next=7.848e-05; elapsed=381.3s
  negatives seen=100.0%; hard negatives=0
Epoch 067 train: loss=0.3055 AUROC=0.9828 AUPRC=0.8581 BalAcc=0.9404 F1=0.7638 MCC=0.7509
Epoch 067 val  : loss=0.1666 AUROC=0.9599 AUPRC=0.4414 BalAcc=0.8822 F1=0.2742 MCC=0.3533
  learning_rate_used=7.848e-05; learning_rate_next=7.440e-05; elapsed=383.0s
  negatives seen=100.0%; hard negatives=0
Epoch 068 train: loss=0.3014 AUROC=0.9832 AUPRC=0.8617 BalAcc=0.9407 F1=0.7641 MCC=0.7513
Epoch 068 val  : loss=0.1673 AUROC=0.9574 AUPRC=0.4387 BalAcc=0.8780 F1=0.2781 MCC=0.3547
  learning_rate_used=7.440e-05; learning_rate_next=7.039e-05; elapsed=380.3s
  negatives seen=100.0%; hard negatives=0
Epoch 069 train: loss=0.3001 AUROC=0.9832 AUPRC=0.8609 BalAcc=0.9422 F1=0.7686 MCC=0.7559
Epoch 069 val  : loss=0.1600 AUROC=0.9580 AUPRC=0.4372 BalAcc=0.8722 F1=0.3012 MCC=0.3705
  learning_rate_used=7.039e-05; learning_rate_next=6.647e-05; elapsed=386.3s
  negatives seen=100.0%; hard negatives=0
Epoch 070 train: loss=0.2988 AUROC=0.9835 AUPRC=0.8649 BalAcc=0.9416 F1=0.7679 MCC=0.7550
Epoch 070 val  : loss=0.1655 AUROC=0.9603 AUPRC=0.4427 BalAcc=0.8849 F1=0.2747 MCC=0.3547
  learning_rate_used=6.647e-05; learning_rate_next=6.263e-05; elapsed=381.5s
  saved new best checkpoint: /data/projects/SFB_A03/jan/AT_TFBS/human301/runs/MYF6/multitf_20261006_033507_932031_base_seed2/best_model.pt (objective=classification-auprc, score=0.442702)
  negatives seen=100.0%; hard negatives=0
Epoch 071 train: loss=0.2936 AUROC=0.9841 AUPRC=0.8668 BalAcc=0.9423 F1=0.7722 MCC=0.7593
Epoch 071 val  : loss=0.1585 AUROC=0.9588 AUPRC=0.4377 BalAcc=0.8726 F1=0.3023 MCC=0.3716
  learning_rate_used=6.263e-05; learning_rate_next=5.887e-05; elapsed=385.5s
  negatives seen=100.0%; hard negatives=0
Epoch 072 train: loss=0.2969 AUROC=0.9838 AUPRC=0.8653 BalAcc=0.9413 F1=0.7670 MCC=0.7542
Epoch 072 val  : loss=0.1551 AUROC=0.9570 AUPRC=0.4362 BalAcc=0.8679 F1=0.3107 MCC=0.3762
  learning_rate_used=5.887e-05; learning_rate_next=5.521e-05; elapsed=382.2s
  negatives seen=100.0%; hard negatives=0
Epoch 073 train: loss=0.2896 AUROC=0.9845 AUPRC=0.8684 BalAcc=0.9430 F1=0.7739 MCC=0.7611
Epoch 073 val  : loss=0.1633 AUROC=0.9587 AUPRC=0.4400 BalAcc=0.8767 F1=0.2903 MCC=0.3638
  learning_rate_used=5.521e-05; learning_rate_next=5.163e-05; elapsed=378.8s
  negatives seen=100.0%; hard negatives=0
Epoch 074 train: loss=0.2908 AUROC=0.9842 AUPRC=0.8666 BalAcc=0.9437 F1=0.7745 MCC=0.7619
Epoch 074 val  : loss=0.1665 AUROC=0.9578 AUPRC=0.4371 BalAcc=0.8768 F1=0.2839 MCC=0.3588
  learning_rate_used=5.163e-05; learning_rate_next=4.816e-05; elapsed=382.7s
  negatives seen=100.0%; hard negatives=0
Epoch 075 train: loss=0.2859 AUROC=0.9848 AUPRC=0.8699 BalAcc=0.9446 F1=0.7793 MCC=0.7666
Epoch 075 val  : loss=0.1612 AUROC=0.9571 AUPRC=0.4365 BalAcc=0.8742 F1=0.2988 MCC=0.3694
  learning_rate_used=4.816e-05; learning_rate_next=4.479e-05; elapsed=378.3s
  negatives seen=100.0%; hard negatives=0
Epoch 076 train: loss=0.2862 AUROC=0.9847 AUPRC=0.8686 BalAcc=0.9443 F1=0.7778 MCC=0.7651
Epoch 076 val  : loss=0.1586 AUROC=0.9547 AUPRC=0.4392 BalAcc=0.8656 F1=0.3105 MCC=0.3752
  learning_rate_used=4.479e-05; learning_rate_next=4.152e-05; elapsed=382.1s
  negatives seen=100.0%; hard negatives=0
Epoch 077 train: loss=0.2832 AUROC=0.9850 AUPRC=0.8699 BalAcc=0.9446 F1=0.7784 MCC=0.7658
Epoch 077 val  : loss=0.1607 AUROC=0.9562 AUPRC=0.4406 BalAcc=0.8722 F1=0.2983 MCC=0.3683
  learning_rate_used=4.152e-05; learning_rate_next=3.836e-05; elapsed=382.0s
  negatives seen=100.0%; hard negatives=0
Epoch 078 train: loss=0.2845 AUROC=0.9849 AUPRC=0.8700 BalAcc=0.9445 F1=0.7784 MCC=0.7658
Epoch 078 val  : loss=0.1564 AUROC=0.9571 AUPRC=0.4416 BalAcc=0.8705 F1=0.3062 MCC=0.3738
  learning_rate_used=3.836e-05; learning_rate_next=3.531e-05; elapsed=381.0s
  negatives seen=100.0%; hard negatives=0
Epoch 079 train: loss=0.2772 AUROC=0.9855 AUPRC=0.8725 BalAcc=0.9458 F1=0.7802 MCC=0.7678
Epoch 079 val  : loss=0.1605 AUROC=0.9572 AUPRC=0.4411 BalAcc=0.8721 F1=0.2969 MCC=0.3671
  learning_rate_used=3.531e-05; learning_rate_next=3.237e-05; elapsed=378.5s
  negatives seen=100.0%; hard negatives=0
Epoch 080 train: loss=0.2782 AUROC=0.9854 AUPRC=0.8695 BalAcc=0.9464 F1=0.7821 MCC=0.7698
Epoch 080 val  : loss=0.1580 AUROC=0.9574 AUPRC=0.4415 BalAcc=0.8681 F1=0.3099 MCC=0.3757
  learning_rate_used=3.237e-05; learning_rate_next=2.955e-05; elapsed=387.2s
  negatives seen=100.0%; hard negatives=0
Epoch 081 train: loss=0.2769 AUROC=0.9856 AUPRC=0.8723 BalAcc=0.9468 F1=0.7847 MCC=0.7724
Epoch 081 val  : loss=0.1614 AUROC=0.9559 AUPRC=0.4395 BalAcc=0.8713 F1=0.3012 MCC=0.3702
  learning_rate_used=2.955e-05; learning_rate_next=2.685e-05; elapsed=382.5s
  negatives seen=100.0%; hard negatives=0
Epoch 082 train: loss=0.2735 AUROC=0.9860 AUPRC=0.8744 BalAcc=0.9466 F1=0.7863 MCC=0.7739
Epoch 082 val  : loss=0.1590 AUROC=0.9569 AUPRC=0.4424 BalAcc=0.8702 F1=0.3055 MCC=0.3731
  learning_rate_used=2.685e-05; learning_rate_next=2.427e-05; elapsed=377.4s
  negatives seen=100.0%; hard negatives=0
Epoch 083 train: loss=0.2766 AUROC=0.9854 AUPRC=0.8733 BalAcc=0.9465 F1=0.7832 MCC=0.7708
Epoch 083 val  : loss=0.1673 AUROC=0.9570 AUPRC=0.4408 BalAcc=0.8786 F1=0.2826 MCC=0.3585
  learning_rate_used=2.427e-05; learning_rate_next=2.182e-05; elapsed=383.8s
  negatives seen=100.0%; hard negatives=0
Epoch 084 train: loss=0.2719 AUROC=0.9859 AUPRC=0.8737 BalAcc=0.9470 F1=0.7874 MCC=0.7750
Epoch 084 val  : loss=0.1590 AUROC=0.9568 AUPRC=0.4391 BalAcc=0.8663 F1=0.3122 MCC=0.3767
  learning_rate_used=2.182e-05; learning_rate_next=1.949e-05; elapsed=380.4s
  negatives seen=100.0%; hard negatives=0
Epoch 085 train: loss=0.2712 AUROC=0.9862 AUPRC=0.8749 BalAcc=0.9472 F1=0.7867 MCC=0.7744
Epoch 085 val  : loss=0.1597 AUROC=0.9570 AUPRC=0.4391 BalAcc=0.8698 F1=0.3044 MCC=0.3721
  learning_rate_used=1.949e-05; learning_rate_next=1.729e-05; elapsed=376.8s
  negatives seen=100.0%; hard negatives=0
Epoch 086 train: loss=0.2731 AUROC=0.9859 AUPRC=0.8724 BalAcc=0.9478 F1=0.7866 MCC=0.7744
Epoch 086 val  : loss=0.1658 AUROC=0.9566 AUPRC=0.4405 BalAcc=0.8754 F1=0.2918 MCC=0.3645
  learning_rate_used=1.729e-05; learning_rate_next=1.523e-05; elapsed=383.7s
  negatives seen=100.0%; hard negatives=0
Epoch 087 train: loss=0.2683 AUROC=0.9862 AUPRC=0.8763 BalAcc=0.9480 F1=0.7901 MCC=0.7778
Epoch 087 val  : loss=0.1633 AUROC=0.9562 AUPRC=0.4387 BalAcc=0.8702 F1=0.3003 MCC=0.3691
  learning_rate_used=1.523e-05; learning_rate_next=1.330e-05; elapsed=380.5s
  negatives seen=100.0%; hard negatives=0
Epoch 088 train: loss=0.2670 AUROC=0.9864 AUPRC=0.8767 BalAcc=0.9484 F1=0.7901 MCC=0.7780
Epoch 088 val  : loss=0.1604 AUROC=0.9568 AUPRC=0.4399 BalAcc=0.8694 F1=0.3045 MCC=0.3720
  learning_rate_used=1.330e-05; learning_rate_next=1.150e-05; elapsed=379.4s
  negatives seen=100.0%; hard negatives=0
Epoch 089 train: loss=0.2681 AUROC=0.9864 AUPRC=0.8765 BalAcc=0.9480 F1=0.7905 MCC=0.7782
Epoch 089 val  : loss=0.1614 AUROC=0.9558 AUPRC=0.4381 BalAcc=0.8680 F1=0.3056 MCC=0.3723
  learning_rate_used=1.150e-05; learning_rate_next=9.838e-06; elapsed=384.7s
  negatives seen=100.0%; hard negatives=0
Epoch 090 train: loss=0.2681 AUROC=0.9862 AUPRC=0.8751 BalAcc=0.9488 F1=0.7897 MCC=0.7777
Epoch 090 val  : loss=0.1572 AUROC=0.9557 AUPRC=0.4390 BalAcc=0.8631 F1=0.3181 MCC=0.3800
  learning_rate_used=9.838e-06; learning_rate_next=8.317e-06; elapsed=379.9s
Early stopping after 90 epochs.
Binary threshold: 0.972442 (strategy=val-mcc, validation_score=0.460883)
TEST chr10,chr12,chr14,chr16,chr18,chr2,chr20,chr22,chr4,chr6,chr8: loss=0.1761 AUROC=0.9582 AUPRC=0.4338 BalAcc=0.7277 F1=0.4565 MCC=0.4510
Outputs written to /data/projects/SFB_A03/jan/AT_TFBS/human301/runs/MYF6/multitf_20261006_033507_932031_base_seed2
Binary predictions: binary_classification_results.tsv
Binary metrics: binary_classification_metrics.json
ROC plot: roc_curve.png
Precision-recall plot: precision_recall_curve.png
Confusion matrix: binary_confusion_matrix.tsv
