TF=MAX train=GHTS seed=5 model=hum301_motif64_local.py
/home/jbossenz/miniforge3/envs/at_env/bin/python -u /data/projects/SFB_A03/jan/AT_TFBS/human301/hum301_motif64_local.py train --cache /data/projects/SFB_A03/jan/AT_TFBS/raw_data/human/ArchThalia-ML/MAX/GHTS/dataset.npz --output-dir /data/projects/SFB_A03/jan/AT_TFBS/human301/runs/MAX/crossassay_archthalia_20261009_144503_1046783/GHTS_seed5 --input-length 256 --embed-channels 64 --encoder-channels 80 96 128 --heads 4 --ffn-channels 256 --classification-readout local-logsumexp --task-mode classification --checkpoint-objective classification-auprc --threshold-strategy val-mcc --negatives-per-positive 10 --batch-size 88 --hard-negative-fraction 0 --epochs 100 --patience 20 --learning-rate 0.0003 --min-learning-rate 0.000001 --weight-decay 0.0001 --dropout 0.1 --activation relu --reverse-complement-probability 0.5 --eval-crops multi --eval-rc --no-balanced-evaluation --eval-batch-size 128 --num-workers 2 --seed 5 --device cuda --skip-test
Window geometry: 256 bp from 301 bp; crop starts 0..45; shifts -22..+23; fresh uniform draw per access
Evaluation: crops (0, 22, 23, 45), reverse complement=True; all samples
train: n=1,148,673, positive=11,373, negative=1,137,300
  val: n=302,394, positive=2,994, negative=299,400
 test: n=1,265,934, positive=12,534, negative=1,253,400
Device: cuda
Hidden activation: RELU
Parameters: 1,032,981 total; 1,032,981 trainable
Architecture: motif kernels 9/12; encoder 128/64/64; original five-block bottleneck at 64; decoder 64/128/256
  negatives seen=10.0%; hard negatives=0
Epoch 001 train: loss=0.2287 AUROC=0.9909 AUPRC=0.9341 BalAcc=0.9565 F1=0.8365 MCC=0.8247
Epoch 001 val  : loss=0.1348 AUROC=0.9954 AUPRC=0.8607 BalAcc=0.9683 F1=0.2887 MCC=0.3978
  learning_rate_used=3.000e-04; learning_rate_next=2.999e-04; elapsed=143.1s
  saved new best checkpoint: /data/projects/SFB_A03/jan/AT_TFBS/human301/runs/MAX/crossassay_archthalia_20261009_144503_1046783/GHTS_seed5/best_model.pt (objective=classification-auprc, score=0.860667)
  negatives seen=20.0%; hard negatives=0
Epoch 002 train: loss=0.1615 AUROC=0.9951 AUPRC=0.9627 BalAcc=0.9715 F1=0.8922 MCC=0.8834
Epoch 002 val  : loss=0.0386 AUROC=0.9968 AUPRC=0.8892 BalAcc=0.9608 F1=0.7199 MCC=0.7357
  learning_rate_used=2.999e-04; learning_rate_next=2.997e-04; elapsed=140.8s
  saved new best checkpoint: /data/projects/SFB_A03/jan/AT_TFBS/human301/runs/MAX/crossassay_archthalia_20261009_144503_1046783/GHTS_seed5/best_model.pt (objective=classification-auprc, score=0.889250)
  negatives seen=30.0%; hard negatives=0
Epoch 003 train: loss=0.1466 AUROC=0.9957 AUPRC=0.9690 BalAcc=0.9750 F1=0.9041 MCC=0.8962
Epoch 003 val  : loss=0.0812 AUROC=0.9972 AUPRC=0.8964 BalAcc=0.9789 F1=0.3925 MCC=0.4842
  learning_rate_used=2.997e-04; learning_rate_next=2.993e-04; elapsed=142.7s
  saved new best checkpoint: /data/projects/SFB_A03/jan/AT_TFBS/human301/runs/MAX/crossassay_archthalia_20261009_144503_1046783/GHTS_seed5/best_model.pt (objective=classification-auprc, score=0.896364)
  negatives seen=40.0%; hard negatives=0
Epoch 004 train: loss=0.1391 AUROC=0.9960 AUPRC=0.9687 BalAcc=0.9765 F1=0.9067 MCC=0.8991
Epoch 004 val  : loss=0.0423 AUROC=0.9972 AUPRC=0.8910 BalAcc=0.9357 F1=0.7916 MCC=0.7930
  learning_rate_used=2.993e-04; learning_rate_next=2.988e-04; elapsed=141.9s
  negatives seen=50.0%; hard negatives=0
Epoch 005 train: loss=0.1320 AUROC=0.9964 AUPRC=0.9731 BalAcc=0.9772 F1=0.9104 MCC=0.9029
Epoch 005 val  : loss=0.0517 AUROC=0.9970 AUPRC=0.8971 BalAcc=0.9792 F1=0.5374 MCC=0.5961
  learning_rate_used=2.988e-04; learning_rate_next=2.982e-04; elapsed=140.7s
  saved new best checkpoint: /data/projects/SFB_A03/jan/AT_TFBS/human301/runs/MAX/crossassay_archthalia_20261009_144503_1046783/GHTS_seed5/best_model.pt (objective=classification-auprc, score=0.897051)
  negatives seen=60.0%; hard negatives=0
Epoch 006 train: loss=0.1300 AUROC=0.9966 AUPRC=0.9733 BalAcc=0.9776 F1=0.9109 MCC=0.9035
Epoch 006 val  : loss=0.0375 AUROC=0.9975 AUPRC=0.9108 BalAcc=0.9750 F1=0.6593 MCC=0.6905
  learning_rate_used=2.982e-04; learning_rate_next=2.974e-04; elapsed=140.1s
  saved new best checkpoint: /data/projects/SFB_A03/jan/AT_TFBS/human301/runs/MAX/crossassay_archthalia_20261009_144503_1046783/GHTS_seed5/best_model.pt (objective=classification-auprc, score=0.910829)
  negatives seen=70.0%; hard negatives=0
Epoch 007 train: loss=0.1255 AUROC=0.9966 AUPRC=0.9736 BalAcc=0.9790 F1=0.9140 MCC=0.9069
Epoch 007 val  : loss=0.0679 AUROC=0.9977 AUPRC=0.9095 BalAcc=0.9807 F1=0.4608 MCC=0.5377
  learning_rate_used=2.974e-04; learning_rate_next=2.964e-04; elapsed=141.9s
  negatives seen=80.0%; hard negatives=0
Epoch 008 train: loss=0.1195 AUROC=0.9970 AUPRC=0.9771 BalAcc=0.9792 F1=0.9170 MCC=0.9100
Epoch 008 val  : loss=0.0402 AUROC=0.9977 AUPRC=0.9136 BalAcc=0.9789 F1=0.6287 MCC=0.6673
  learning_rate_used=2.964e-04; learning_rate_next=2.953e-04; elapsed=142.7s
  saved new best checkpoint: /data/projects/SFB_A03/jan/AT_TFBS/human301/runs/MAX/crossassay_archthalia_20261009_144503_1046783/GHTS_seed5/best_model.pt (objective=classification-auprc, score=0.913606)
  negatives seen=90.0%; hard negatives=0
Epoch 009 train: loss=0.1162 AUROC=0.9970 AUPRC=0.9768 BalAcc=0.9803 F1=0.9207 MCC=0.9141
Epoch 009 val  : loss=0.0553 AUROC=0.9979 AUPRC=0.9152 BalAcc=0.9828 F1=0.5118 MCC=0.5777
  learning_rate_used=2.953e-04; learning_rate_next=2.941e-04; elapsed=142.7s
  saved new best checkpoint: /data/projects/SFB_A03/jan/AT_TFBS/human301/runs/MAX/crossassay_archthalia_20261009_144503_1046783/GHTS_seed5/best_model.pt (objective=classification-auprc, score=0.915203)
  negatives seen=100.0%; hard negatives=0
Epoch 010 train: loss=0.1174 AUROC=0.9970 AUPRC=0.9762 BalAcc=0.9799 F1=0.9180 MCC=0.9112
Epoch 010 val  : loss=0.0365 AUROC=0.9977 AUPRC=0.9021 BalAcc=0.9769 F1=0.6687 MCC=0.6987
  learning_rate_used=2.941e-04; learning_rate_next=2.927e-04; elapsed=140.3s
  negatives seen=100.0%; hard negatives=0
Epoch 011 train: loss=0.1139 AUROC=0.9973 AUPRC=0.9776 BalAcc=0.9803 F1=0.9210 MCC=0.9144
Epoch 011 val  : loss=0.0339 AUROC=0.9979 AUPRC=0.9148 BalAcc=0.9738 F1=0.7043 MCC=0.7268
  learning_rate_used=2.927e-04; learning_rate_next=2.912e-04; elapsed=140.4s
  negatives seen=100.0%; hard negatives=0
Epoch 012 train: loss=0.1113 AUROC=0.9972 AUPRC=0.9776 BalAcc=0.9813 F1=0.9244 MCC=0.9180
Epoch 012 val  : loss=0.0334 AUROC=0.9978 AUPRC=0.9089 BalAcc=0.9675 F1=0.7527 MCC=0.7656
  learning_rate_used=2.912e-04; learning_rate_next=2.895e-04; elapsed=142.4s
  negatives seen=100.0%; hard negatives=0
Epoch 013 train: loss=0.1116 AUROC=0.9974 AUPRC=0.9794 BalAcc=0.9806 F1=0.9234 MCC=0.9168
Epoch 013 val  : loss=0.0472 AUROC=0.9979 AUPRC=0.9162 BalAcc=0.9826 F1=0.5613 MCC=0.6159
  learning_rate_used=2.895e-04; learning_rate_next=2.877e-04; elapsed=140.1s
  saved new best checkpoint: /data/projects/SFB_A03/jan/AT_TFBS/human301/runs/MAX/crossassay_archthalia_20261009_144503_1046783/GHTS_seed5/best_model.pt (objective=classification-auprc, score=0.916222)
  negatives seen=100.0%; hard negatives=0
Epoch 014 train: loss=0.1075 AUROC=0.9975 AUPRC=0.9785 BalAcc=0.9812 F1=0.9249 MCC=0.9185
Epoch 014 val  : loss=0.0337 AUROC=0.9977 AUPRC=0.9032 BalAcc=0.9713 F1=0.7157 MCC=0.7354
  learning_rate_used=2.877e-04; learning_rate_next=2.858e-04; elapsed=142.0s
  negatives seen=100.0%; hard negatives=0
Epoch 015 train: loss=0.1067 AUROC=0.9976 AUPRC=0.9804 BalAcc=0.9816 F1=0.9264 MCC=0.9201
Epoch 015 val  : loss=0.0348 AUROC=0.9977 AUPRC=0.9159 BalAcc=0.9758 F1=0.6982 MCC=0.7224
  learning_rate_used=2.858e-04; learning_rate_next=2.837e-04; elapsed=142.6s
  negatives seen=100.0%; hard negatives=0
Epoch 016 train: loss=0.1050 AUROC=0.9976 AUPRC=0.9800 BalAcc=0.9825 F1=0.9284 MCC=0.9223
Epoch 016 val  : loss=0.0369 AUROC=0.9977 AUPRC=0.9077 BalAcc=0.9777 F1=0.6631 MCC=0.6944
  learning_rate_used=2.837e-04; learning_rate_next=2.815e-04; elapsed=140.8s
  negatives seen=100.0%; hard negatives=0
Epoch 017 train: loss=0.1035 AUROC=0.9977 AUPRC=0.9810 BalAcc=0.9825 F1=0.9283 MCC=0.9222
Epoch 017 val  : loss=0.0470 AUROC=0.9978 AUPRC=0.9157 BalAcc=0.9815 F1=0.5641 MCC=0.6176
  learning_rate_used=2.815e-04; learning_rate_next=2.792e-04; elapsed=141.4s
  negatives seen=100.0%; hard negatives=0
Epoch 018 train: loss=0.0992 AUROC=0.9978 AUPRC=0.9809 BalAcc=0.9838 F1=0.9315 MCC=0.9257
Epoch 018 val  : loss=0.0373 AUROC=0.9979 AUPRC=0.9191 BalAcc=0.9785 F1=0.6548 MCC=0.6881
  learning_rate_used=2.792e-04; learning_rate_next=2.767e-04; elapsed=140.3s
  saved new best checkpoint: /data/projects/SFB_A03/jan/AT_TFBS/human301/runs/MAX/crossassay_archthalia_20261009_144503_1046783/GHTS_seed5/best_model.pt (objective=classification-auprc, score=0.919079)
  negatives seen=100.0%; hard negatives=0
Epoch 019 train: loss=0.1036 AUROC=0.9976 AUPRC=0.9805 BalAcc=0.9828 F1=0.9277 MCC=0.9215
Epoch 019 val  : loss=0.0337 AUROC=0.9981 AUPRC=0.9141 BalAcc=0.9761 F1=0.6928 MCC=0.7180
  learning_rate_used=2.767e-04; learning_rate_next=2.741e-04; elapsed=141.6s
  negatives seen=100.0%; hard negatives=0
Epoch 020 train: loss=0.0995 AUROC=0.9977 AUPRC=0.9808 BalAcc=0.9827 F1=0.9292 MCC=0.9231
Epoch 020 val  : loss=0.0388 AUROC=0.9978 AUPRC=0.9106 BalAcc=0.9791 F1=0.6312 MCC=0.6694
  learning_rate_used=2.741e-04; learning_rate_next=2.714e-04; elapsed=142.3s
  negatives seen=100.0%; hard negatives=0
Epoch 021 train: loss=0.0988 AUROC=0.9979 AUPRC=0.9830 BalAcc=0.9835 F1=0.9338 MCC=0.9281
Epoch 021 val  : loss=0.0367 AUROC=0.9980 AUPRC=0.9133 BalAcc=0.9787 F1=0.6677 MCC=0.6985
  learning_rate_used=2.714e-04; learning_rate_next=2.686e-04; elapsed=140.9s
  negatives seen=100.0%; hard negatives=0
Epoch 022 train: loss=0.0976 AUROC=0.9979 AUPRC=0.9820 BalAcc=0.9832 F1=0.9321 MCC=0.9262
Epoch 022 val  : loss=0.0421 AUROC=0.9982 AUPRC=0.9172 BalAcc=0.9809 F1=0.6171 MCC=0.6589
  learning_rate_used=2.686e-04; learning_rate_next=2.657e-04; elapsed=140.5s
  negatives seen=100.0%; hard negatives=0
Epoch 023 train: loss=0.0937 AUROC=0.9981 AUPRC=0.9828 BalAcc=0.9840 F1=0.9348 MCC=0.9291
Epoch 023 val  : loss=0.0370 AUROC=0.9981 AUPRC=0.9128 BalAcc=0.9797 F1=0.6572 MCC=0.6904
  learning_rate_used=2.657e-04; learning_rate_next=2.626e-04; elapsed=141.7s
  negatives seen=100.0%; hard negatives=0
Epoch 024 train: loss=0.0909 AUROC=0.9981 AUPRC=0.9836 BalAcc=0.9845 F1=0.9361 MCC=0.9305
Epoch 024 val  : loss=0.0396 AUROC=0.9983 AUPRC=0.9182 BalAcc=0.9814 F1=0.6259 MCC=0.6661
  learning_rate_used=2.626e-04; learning_rate_next=2.595e-04; elapsed=139.4s
  negatives seen=100.0%; hard negatives=0
Epoch 025 train: loss=0.0931 AUROC=0.9981 AUPRC=0.9830 BalAcc=0.9844 F1=0.9353 MCC=0.9297
Epoch 025 val  : loss=0.0338 AUROC=0.9982 AUPRC=0.9131 BalAcc=0.9725 F1=0.7122 MCC=0.7329
  learning_rate_used=2.595e-04; learning_rate_next=2.562e-04; elapsed=141.4s
  negatives seen=100.0%; hard negatives=0
Epoch 026 train: loss=0.0910 AUROC=0.9982 AUPRC=0.9837 BalAcc=0.9840 F1=0.9359 MCC=0.9303
Epoch 026 val  : loss=0.0392 AUROC=0.9981 AUPRC=0.9142 BalAcc=0.9793 F1=0.6305 MCC=0.6689
  learning_rate_used=2.562e-04; learning_rate_next=2.528e-04; elapsed=140.5s
  negatives seen=100.0%; hard negatives=0
Epoch 027 train: loss=0.0863 AUROC=0.9985 AUPRC=0.9848 BalAcc=0.9846 F1=0.9381 MCC=0.9327
Epoch 027 val  : loss=0.0431 AUROC=0.9979 AUPRC=0.9139 BalAcc=0.9784 F1=0.6364 MCC=0.6733
  learning_rate_used=2.528e-04; learning_rate_next=2.494e-04; elapsed=140.3s
  negatives seen=100.0%; hard negatives=0
Epoch 028 train: loss=0.0844 AUROC=0.9985 AUPRC=0.9855 BalAcc=0.9848 F1=0.9393 MCC=0.9339
Epoch 028 val  : loss=0.0366 AUROC=0.9979 AUPRC=0.9118 BalAcc=0.9751 F1=0.6868 MCC=0.7128
  learning_rate_used=2.494e-04; learning_rate_next=2.458e-04; elapsed=141.8s
  negatives seen=100.0%; hard negatives=0
Epoch 029 train: loss=0.0863 AUROC=0.9984 AUPRC=0.9844 BalAcc=0.9853 F1=0.9402 MCC=0.9349
Epoch 029 val  : loss=0.0362 AUROC=0.9981 AUPRC=0.9141 BalAcc=0.9763 F1=0.6859 MCC=0.7124
  learning_rate_used=2.458e-04; learning_rate_next=2.421e-04; elapsed=141.2s
  negatives seen=100.0%; hard negatives=0
Epoch 030 train: loss=0.0838 AUROC=0.9985 AUPRC=0.9847 BalAcc=0.9860 F1=0.9416 MCC=0.9364
Epoch 030 val  : loss=0.0377 AUROC=0.9982 AUPRC=0.9182 BalAcc=0.9781 F1=0.6567 MCC=0.6894
  learning_rate_used=2.421e-04; learning_rate_next=2.384e-04; elapsed=139.4s
  negatives seen=100.0%; hard negatives=0
Epoch 031 train: loss=0.0783 AUROC=0.9987 AUPRC=0.9871 BalAcc=0.9865 F1=0.9448 MCC=0.9399
Epoch 031 val  : loss=0.0345 AUROC=0.9980 AUPRC=0.9110 BalAcc=0.9713 F1=0.7360 MCC=0.7524
  learning_rate_used=2.384e-04; learning_rate_next=2.345e-04; elapsed=142.0s
  negatives seen=100.0%; hard negatives=0
Epoch 032 train: loss=0.0813 AUROC=0.9985 AUPRC=0.9848 BalAcc=0.9856 F1=0.9410 MCC=0.9358
Epoch 032 val  : loss=0.0345 AUROC=0.9980 AUPRC=0.9129 BalAcc=0.9686 F1=0.7404 MCC=0.7554
  learning_rate_used=2.345e-04; learning_rate_next=2.306e-04; elapsed=140.8s
  negatives seen=100.0%; hard negatives=0
Epoch 033 train: loss=0.0763 AUROC=0.9987 AUPRC=0.9873 BalAcc=0.9867 F1=0.9471 MCC=0.9424
Epoch 033 val  : loss=0.0372 AUROC=0.9979 AUPRC=0.9112 BalAcc=0.9704 F1=0.7156 MCC=0.7350
  learning_rate_used=2.306e-04; learning_rate_next=2.266e-04; elapsed=140.4s
  negatives seen=100.0%; hard negatives=0
Epoch 034 train: loss=0.0736 AUROC=0.9988 AUPRC=0.9874 BalAcc=0.9868 F1=0.9462 MCC=0.9414
Epoch 034 val  : loss=0.0346 AUROC=0.9980 AUPRC=0.9135 BalAcc=0.9741 F1=0.7072 MCC=0.7292
  learning_rate_used=2.266e-04; learning_rate_next=2.225e-04; elapsed=139.0s
  negatives seen=100.0%; hard negatives=0
Epoch 035 train: loss=0.0755 AUROC=0.9988 AUPRC=0.9870 BalAcc=0.9867 F1=0.9482 MCC=0.9435
Epoch 035 val  : loss=0.0376 AUROC=0.9977 AUPRC=0.9121 BalAcc=0.9725 F1=0.7018 MCC=0.7242
  learning_rate_used=2.225e-04; learning_rate_next=2.184e-04; elapsed=140.8s
  negatives seen=100.0%; hard negatives=0
Epoch 036 train: loss=0.0718 AUROC=0.9988 AUPRC=0.9875 BalAcc=0.9878 F1=0.9497 MCC=0.9452
Epoch 036 val  : loss=0.0379 AUROC=0.9978 AUPRC=0.9058 BalAcc=0.9730 F1=0.6927 MCC=0.7169
  learning_rate_used=2.184e-04; learning_rate_next=2.142e-04; elapsed=140.4s
  negatives seen=100.0%; hard negatives=0
Epoch 037 train: loss=0.0708 AUROC=0.9989 AUPRC=0.9882 BalAcc=0.9877 F1=0.9485 MCC=0.9439
Epoch 037 val  : loss=0.0354 AUROC=0.9980 AUPRC=0.9090 BalAcc=0.9717 F1=0.7137 MCC=0.7339
  learning_rate_used=2.142e-04; learning_rate_next=2.099e-04; elapsed=140.9s
  negatives seen=100.0%; hard negatives=0
Epoch 038 train: loss=0.0734 AUROC=0.9989 AUPRC=0.9884 BalAcc=0.9874 F1=0.9497 MCC=0.9452
Epoch 038 val  : loss=0.0349 AUROC=0.9980 AUPRC=0.9138 BalAcc=0.9713 F1=0.7184 MCC=0.7376
  learning_rate_used=2.099e-04; learning_rate_next=2.055e-04; elapsed=141.3s
Early stopping after 38 epochs.
Binary threshold: 0.980547 (strategy=val-mcc, validation_score=0.851182)
Validation-only run completed; frozen model: /data/projects/SFB_A03/jan/AT_TFBS/human301/runs/MAX/crossassay_archthalia_20261009_144503_1046783/GHTS_seed5/model_for_prediction.pt
MAX: GHTS -> GHTS
TEST MAX GHTS -> GHTS: loss=0.0416 AUROC=0.9975 AUPRC=0.9145 BalAcc=0.9308 F1=0.8471 MCC=0.8457
MAX: GHTS -> CHIP
TEST MAX GHTS -> CHIP: loss=0.5301 AUROC=0.8183 AUPRC=0.0641 BalAcc=0.5312 F1=0.0870 MCC=0.0845
Completed MAX/GHTS: one model, both fixed test sets.
