TF=ZNF772 train=GHTS seed=1 model=hum301_motif64_local.py
/home/jbossenz/miniforge3/envs/at_env/bin/python -u /data/projects/SFB_A03/jan/AT_TFBS/human301/hum301_motif64_local.py train --cache /data/projects/SFB_A03/jan/AT_TFBS/raw_data/human/ArchThalia-ML/ZNF772/GHTS/dataset.npz --output-dir /data/projects/SFB_A03/jan/AT_TFBS/human301/runs/ZNF772/crossassay_archthalia_20261009_144503_1046783/GHTS_seed1 --input-length 256 --embed-channels 64 --encoder-channels 80 96 128 --heads 4 --ffn-channels 256 --classification-readout local-logsumexp --task-mode classification --checkpoint-objective classification-auprc --threshold-strategy val-mcc --negatives-per-positive 10 --batch-size 88 --hard-negative-fraction 0 --epochs 100 --patience 20 --learning-rate 0.0003 --min-learning-rate 0.000001 --weight-decay 0.0001 --dropout 0.1 --activation relu --reverse-complement-probability 0.5 --eval-crops multi --eval-rc --no-balanced-evaluation --eval-batch-size 128 --num-workers 2 --seed 1 --device cuda --skip-test
Window geometry: 256 bp from 301 bp; crop starts 0..45; shifts -22..+23; fresh uniform draw per access
Evaluation: crops (0, 22, 23, 45), reverse complement=True; all samples
train: n=38,683, positive=383, negative=38,300
  val: n=13,736, positive=136, negative=13,600
 test: n=53,429, positive=529, negative=52,900
Device: cuda
Hidden activation: RELU
Parameters: 1,032,981 total; 1,032,981 trainable
Architecture: motif kernels 9/12; encoder 128/64/64; original five-block bottleneck at 64; decoder 64/128/256
  negatives seen=10.0%; hard negatives=0
Epoch 001 train: loss=0.9731 AUROC=0.8130 AUPRC=0.5232 BalAcc=0.7383 F1=0.3625 MCC=0.3149
Epoch 001 val  : loss=0.1823 AUROC=0.9447 AUPRC=0.6690 BalAcc=0.8708 F1=0.5812 MCC=0.5916
  learning_rate_used=3.000e-04; learning_rate_next=2.999e-04; elapsed=7.7s
  saved new best checkpoint: /data/projects/SFB_A03/jan/AT_TFBS/human301/runs/ZNF772/crossassay_archthalia_20261009_144503_1046783/GHTS_seed1/best_model.pt (objective=classification-auprc, score=0.669012)
  negatives seen=20.0%; hard negatives=0
Epoch 002 train: loss=0.5017 AUROC=0.9463 AUPRC=0.8391 BalAcc=0.8949 F1=0.6907 MCC=0.6683
Epoch 002 val  : loss=0.1083 AUROC=0.9732 AUPRC=0.7120 BalAcc=0.8763 F1=0.6799 MCC=0.6800
  learning_rate_used=2.999e-04; learning_rate_next=2.997e-04; elapsed=6.4s
  saved new best checkpoint: /data/projects/SFB_A03/jan/AT_TFBS/human301/runs/ZNF772/crossassay_archthalia_20261009_144503_1046783/GHTS_seed1/best_model.pt (objective=classification-auprc, score=0.712043)
  negatives seen=30.0%; hard negatives=0
Epoch 003 train: loss=0.4227 AUROC=0.9615 AUPRC=0.8884 BalAcc=0.9202 F1=0.7664 MCC=0.7477
Epoch 003 val  : loss=0.0970 AUROC=0.9822 AUPRC=0.7894 BalAcc=0.9331 F1=0.6364 MCC=0.6573
  learning_rate_used=2.997e-04; learning_rate_next=2.993e-04; elapsed=6.5s
  saved new best checkpoint: /data/projects/SFB_A03/jan/AT_TFBS/human301/runs/ZNF772/crossassay_archthalia_20261009_144503_1046783/GHTS_seed1/best_model.pt (objective=classification-auprc, score=0.789371)
  negatives seen=40.0%; hard negatives=0
Epoch 004 train: loss=0.3353 AUROC=0.9763 AUPRC=0.9253 BalAcc=0.9407 F1=0.8251 MCC=0.8102
Epoch 004 val  : loss=0.0638 AUROC=0.9919 AUPRC=0.8475 BalAcc=0.8998 F1=0.8074 MCC=0.8055
  learning_rate_used=2.993e-04; learning_rate_next=2.988e-04; elapsed=6.4s
  saved new best checkpoint: /data/projects/SFB_A03/jan/AT_TFBS/human301/runs/ZNF772/crossassay_archthalia_20261009_144503_1046783/GHTS_seed1/best_model.pt (objective=classification-auprc, score=0.847508)
  negatives seen=50.0%; hard negatives=0
Epoch 005 train: loss=0.3550 AUROC=0.9741 AUPRC=0.9175 BalAcc=0.9354 F1=0.8356 MCC=0.8202
Epoch 005 val  : loss=0.3790 AUROC=0.9894 AUPRC=0.7978 BalAcc=0.9202 F1=0.1196 MCC=0.2310
  learning_rate_used=2.988e-04; learning_rate_next=2.982e-04; elapsed=6.5s
  negatives seen=60.0%; hard negatives=0
Epoch 006 train: loss=0.2975 AUROC=0.9839 AUPRC=0.9218 BalAcc=0.9466 F1=0.8530 MCC=0.8396
Epoch 006 val  : loss=0.0642 AUROC=0.9940 AUPRC=0.8704 BalAcc=0.9000 F1=0.8258 MCC=0.8245
  learning_rate_used=2.982e-04; learning_rate_next=2.974e-04; elapsed=6.4s
  saved new best checkpoint: /data/projects/SFB_A03/jan/AT_TFBS/human301/runs/ZNF772/crossassay_archthalia_20261009_144503_1046783/GHTS_seed1/best_model.pt (objective=classification-auprc, score=0.870351)
  negatives seen=70.0%; hard negatives=0
Epoch 007 train: loss=0.2527 AUROC=0.9869 AUPRC=0.9477 BalAcc=0.9572 F1=0.8742 MCC=0.8630
Epoch 007 val  : loss=0.0885 AUROC=0.9936 AUPRC=0.8587 BalAcc=0.9619 F1=0.5120 MCC=0.5695
  learning_rate_used=2.974e-04; learning_rate_next=2.964e-04; elapsed=6.5s
  negatives seen=80.0%; hard negatives=0
Epoch 008 train: loss=0.2332 AUROC=0.9899 AUPRC=0.9605 BalAcc=0.9602 F1=0.8897 MCC=0.8795
Epoch 008 val  : loss=0.0597 AUROC=0.9949 AUPRC=0.8586 BalAcc=0.9554 F1=0.6684 MCC=0.6911
  learning_rate_used=2.964e-04; learning_rate_next=2.953e-04; elapsed=6.5s
  negatives seen=90.0%; hard negatives=0
Epoch 009 train: loss=0.2103 AUROC=0.9936 AUPRC=0.9566 BalAcc=0.9594 F1=0.8928 MCC=0.8826
Epoch 009 val  : loss=0.0713 AUROC=0.9910 AUPRC=0.8520 BalAcc=0.9106 F1=0.8029 MCC=0.8011
  learning_rate_used=2.953e-04; learning_rate_next=2.941e-04; elapsed=6.5s
  negatives seen=100.0%; hard negatives=0
Epoch 010 train: loss=0.2456 AUROC=0.9890 AUPRC=0.9635 BalAcc=0.9599 F1=0.9072 MCC=0.8981
Epoch 010 val  : loss=0.0663 AUROC=0.9892 AUPRC=0.8303 BalAcc=0.9265 F1=0.6629 MCC=0.6773
  learning_rate_used=2.941e-04; learning_rate_next=2.927e-04; elapsed=6.5s
  negatives seen=100.0%; hard negatives=0
Epoch 011 train: loss=0.1686 AUROC=0.9958 AUPRC=0.9795 BalAcc=0.9688 F1=0.9354 MCC=0.9289
Epoch 011 val  : loss=0.1339 AUROC=0.9921 AUPRC=0.8698 BalAcc=0.9667 F1=0.3893 MCC=0.4768
  learning_rate_used=2.927e-04; learning_rate_next=2.912e-04; elapsed=6.5s
  negatives seen=100.0%; hard negatives=0
Epoch 012 train: loss=0.1355 AUROC=0.9962 AUPRC=0.9817 BalAcc=0.9789 F1=0.9322 MCC=0.9259
Epoch 012 val  : loss=0.0620 AUROC=0.9903 AUPRC=0.8663 BalAcc=0.9523 F1=0.6927 MCC=0.7102
  learning_rate_used=2.912e-04; learning_rate_next=2.895e-04; elapsed=6.5s
  negatives seen=100.0%; hard negatives=0
Epoch 013 train: loss=0.1382 AUROC=0.9973 AUPRC=0.9757 BalAcc=0.9721 F1=0.9335 MCC=0.9269
Epoch 013 val  : loss=0.0525 AUROC=0.9925 AUPRC=0.8729 BalAcc=0.9448 F1=0.6778 MCC=0.6954
  learning_rate_used=2.895e-04; learning_rate_next=2.877e-04; elapsed=6.5s
  saved new best checkpoint: /data/projects/SFB_A03/jan/AT_TFBS/human301/runs/ZNF772/crossassay_archthalia_20261009_144503_1046783/GHTS_seed1/best_model.pt (objective=classification-auprc, score=0.872914)
  negatives seen=100.0%; hard negatives=0
Epoch 014 train: loss=0.1209 AUROC=0.9984 AUPRC=0.9863 BalAcc=0.9770 F1=0.9365 MCC=0.9304
Epoch 014 val  : loss=0.0545 AUROC=0.9913 AUPRC=0.8540 BalAcc=0.9201 F1=0.7077 MCC=0.7141
  learning_rate_used=2.877e-04; learning_rate_next=2.858e-04; elapsed=6.4s
  negatives seen=100.0%; hard negatives=0
Epoch 015 train: loss=0.0712 AUROC=0.9990 AUPRC=0.9891 BalAcc=0.9872 F1=0.9449 MCC=0.9400
Epoch 015 val  : loss=0.0578 AUROC=0.9887 AUPRC=0.8839 BalAcc=0.9429 F1=0.7806 MCC=0.7842
  learning_rate_used=2.858e-04; learning_rate_next=2.837e-04; elapsed=6.4s
  saved new best checkpoint: /data/projects/SFB_A03/jan/AT_TFBS/human301/runs/ZNF772/crossassay_archthalia_20261009_144503_1046783/GHTS_seed1/best_model.pt (objective=classification-auprc, score=0.883936)
  negatives seen=100.0%; hard negatives=0
Epoch 016 train: loss=0.1429 AUROC=0.9954 AUPRC=0.9830 BalAcc=0.9868 F1=0.9628 MCC=0.9591
Epoch 016 val  : loss=0.0591 AUROC=0.9909 AUPRC=0.8738 BalAcc=0.9429 F1=0.7832 MCC=0.7865
  learning_rate_used=2.837e-04; learning_rate_next=2.815e-04; elapsed=6.5s
  negatives seen=100.0%; hard negatives=0
Epoch 017 train: loss=0.1260 AUROC=0.9978 AUPRC=0.9828 BalAcc=0.9722 F1=0.9347 MCC=0.9282
Epoch 017 val  : loss=0.0601 AUROC=0.9928 AUPRC=0.8842 BalAcc=0.9488 F1=0.6989 MCC=0.7143
  learning_rate_used=2.815e-04; learning_rate_next=2.792e-04; elapsed=6.5s
  saved new best checkpoint: /data/projects/SFB_A03/jan/AT_TFBS/human301/runs/ZNF772/crossassay_archthalia_20261009_144503_1046783/GHTS_seed1/best_model.pt (objective=classification-auprc, score=0.884204)
  negatives seen=100.0%; hard negatives=0
Epoch 018 train: loss=0.0972 AUROC=0.9988 AUPRC=0.9897 BalAcc=0.9819 F1=0.9490 MCC=0.9441
Epoch 018 val  : loss=0.0828 AUROC=0.9883 AUPRC=0.8826 BalAcc=0.9678 F1=0.5864 MCC=0.6297
  learning_rate_used=2.792e-04; learning_rate_next=2.767e-04; elapsed=6.4s
  negatives seen=100.0%; hard negatives=0
Epoch 019 train: loss=0.0838 AUROC=0.9989 AUPRC=0.9883 BalAcc=0.9845 F1=0.9517 MCC=0.9471
Epoch 019 val  : loss=0.0544 AUROC=0.9897 AUPRC=0.8786 BalAcc=0.9418 F1=0.7139 MCC=0.7251
  learning_rate_used=2.767e-04; learning_rate_next=2.741e-04; elapsed=6.5s
  negatives seen=100.0%; hard negatives=0
Epoch 020 train: loss=0.1229 AUROC=0.9980 AUPRC=0.9902 BalAcc=0.9800 F1=0.9536 MCC=0.9490
Epoch 020 val  : loss=0.0576 AUROC=0.9885 AUPRC=0.8742 BalAcc=0.9324 F1=0.8055 MCC=0.8055
  learning_rate_used=2.741e-04; learning_rate_next=2.714e-04; elapsed=6.4s
  negatives seen=100.0%; hard negatives=0
Epoch 021 train: loss=0.0810 AUROC=0.9990 AUPRC=0.9920 BalAcc=0.9881 F1=0.9641 MCC=0.9606
Epoch 021 val  : loss=0.0865 AUROC=0.9833 AUPRC=0.8687 BalAcc=0.9068 F1=0.7872 MCC=0.7855
  learning_rate_used=2.714e-04; learning_rate_next=2.686e-04; elapsed=6.6s
  negatives seen=100.0%; hard negatives=0
Epoch 022 train: loss=0.0943 AUROC=0.9987 AUPRC=0.9891 BalAcc=0.9863 F1=0.9689 MCC=0.9658
Epoch 022 val  : loss=0.1053 AUROC=0.9892 AUPRC=0.8801 BalAcc=0.9002 F1=0.8385 MCC=0.8378
  learning_rate_used=2.686e-04; learning_rate_next=2.657e-04; elapsed=6.5s
  negatives seen=100.0%; hard negatives=0
Epoch 023 train: loss=0.0947 AUROC=0.9991 AUPRC=0.9916 BalAcc=0.9866 F1=0.9603 MCC=0.9565
Epoch 023 val  : loss=0.0558 AUROC=0.9902 AUPRC=0.8906 BalAcc=0.9456 F1=0.7198 MCC=0.7312
  learning_rate_used=2.657e-04; learning_rate_next=2.626e-04; elapsed=6.4s
  saved new best checkpoint: /data/projects/SFB_A03/jan/AT_TFBS/human301/runs/ZNF772/crossassay_archthalia_20261009_144503_1046783/GHTS_seed1/best_model.pt (objective=classification-auprc, score=0.890601)
  negatives seen=100.0%; hard negatives=0
Epoch 024 train: loss=0.0708 AUROC=0.9991 AUPRC=0.9882 BalAcc=0.9845 F1=0.9517 MCC=0.9471
Epoch 024 val  : loss=0.0572 AUROC=0.9906 AUPRC=0.8798 BalAcc=0.9104 F1=0.7887 MCC=0.7872
  learning_rate_used=2.626e-04; learning_rate_next=2.595e-04; elapsed=6.4s
  negatives seen=100.0%; hard negatives=0
Epoch 025 train: loss=0.0555 AUROC=0.9994 AUPRC=0.9931 BalAcc=0.9911 F1=0.9705 MCC=0.9676
Epoch 025 val  : loss=0.0699 AUROC=0.9860 AUPRC=0.8737 BalAcc=0.9414 F1=0.6914 MCC=0.7058
  learning_rate_used=2.595e-04; learning_rate_next=2.562e-04; elapsed=6.5s
  negatives seen=100.0%; hard negatives=0
Epoch 026 train: loss=0.0895 AUROC=0.9992 AUPRC=0.9922 BalAcc=0.9847 F1=0.9541 MCC=0.9497
Epoch 026 val  : loss=0.0705 AUROC=0.9863 AUPRC=0.8769 BalAcc=0.9182 F1=0.8321 MCC=0.8304
  learning_rate_used=2.562e-04; learning_rate_next=2.528e-04; elapsed=6.4s
  negatives seen=100.0%; hard negatives=0
Epoch 027 train: loss=0.0539 AUROC=0.9997 AUPRC=0.9973 BalAcc=0.9911 F1=0.9705 MCC=0.9676
Epoch 027 val  : loss=0.0798 AUROC=0.9766 AUPRC=0.8816 BalAcc=0.9354 F1=0.7604 MCC=0.7644
  learning_rate_used=2.528e-04; learning_rate_next=2.494e-04; elapsed=6.4s
  negatives seen=100.0%; hard negatives=0
Epoch 028 train: loss=0.0718 AUROC=0.9993 AUPRC=0.9922 BalAcc=0.9905 F1=0.9754 MCC=0.9730
Epoch 028 val  : loss=0.0772 AUROC=0.9823 AUPRC=0.8758 BalAcc=0.9253 F1=0.8198 MCC=0.8185
  learning_rate_used=2.494e-04; learning_rate_next=2.458e-04; elapsed=6.4s
  negatives seen=100.0%; hard negatives=0
Epoch 029 train: loss=0.0710 AUROC=0.9995 AUPRC=0.9954 BalAcc=0.9867 F1=0.9615 MCC=0.9578
Epoch 029 val  : loss=0.0559 AUROC=0.9868 AUPRC=0.8905 BalAcc=0.9321 F1=0.7841 MCC=0.7854
  learning_rate_used=2.458e-04; learning_rate_next=2.421e-04; elapsed=6.4s
  negatives seen=100.0%; hard negatives=0
Epoch 030 train: loss=0.0294 AUROC=0.9996 AUPRC=0.9961 BalAcc=0.9958 F1=0.9708 MCC=0.9682
Epoch 030 val  : loss=0.1461 AUROC=0.9848 AUPRC=0.8634 BalAcc=0.8781 F1=0.8047 MCC=0.8045
  learning_rate_used=2.421e-04; learning_rate_next=2.384e-04; elapsed=6.4s
  negatives seen=100.0%; hard negatives=0
Epoch 031 train: loss=0.0417 AUROC=0.9996 AUPRC=0.9950 BalAcc=0.9924 F1=0.9831 MCC=0.9814
Epoch 031 val  : loss=0.0678 AUROC=0.9897 AUPRC=0.8915 BalAcc=0.9325 F1=0.8138 MCC=0.8134
  learning_rate_used=2.384e-04; learning_rate_next=2.345e-04; elapsed=6.4s
  saved new best checkpoint: /data/projects/SFB_A03/jan/AT_TFBS/human301/runs/ZNF772/crossassay_archthalia_20261009_144503_1046783/GHTS_seed1/best_model.pt (objective=classification-auprc, score=0.891457)
  negatives seen=100.0%; hard negatives=0
Epoch 032 train: loss=0.0193 AUROC=0.9998 AUPRC=0.9973 BalAcc=0.9961 F1=0.9845 MCC=0.9830
Epoch 032 val  : loss=0.0670 AUROC=0.9909 AUPRC=0.8715 BalAcc=0.9312 F1=0.7239 MCC=0.7310
  learning_rate_used=2.345e-04; learning_rate_next=2.306e-04; elapsed=6.5s
  negatives seen=100.0%; hard negatives=0
Epoch 033 train: loss=0.0126 AUROC=0.9999 AUPRC=0.9990 BalAcc=0.9977 F1=0.9884 MCC=0.9872
Epoch 033 val  : loss=0.0888 AUROC=0.9920 AUPRC=0.8849 BalAcc=0.9222 F1=0.8614 MCC=0.8602
  learning_rate_used=2.306e-04; learning_rate_next=2.266e-04; elapsed=6.4s
  negatives seen=100.0%; hard negatives=0
Epoch 034 train: loss=0.0726 AUROC=0.9992 AUPRC=0.9915 BalAcc=0.9916 F1=0.9755 MCC=0.9731
Epoch 034 val  : loss=0.0803 AUROC=0.9810 AUPRC=0.8879 BalAcc=0.9432 F1=0.8040 MCC=0.8057
  learning_rate_used=2.266e-04; learning_rate_next=2.225e-04; elapsed=6.5s
  negatives seen=100.0%; hard negatives=0
Epoch 035 train: loss=0.0370 AUROC=0.9996 AUPRC=0.9956 BalAcc=0.9931 F1=0.9781 MCC=0.9759
Epoch 035 val  : loss=0.0701 AUROC=0.9825 AUPRC=0.8895 BalAcc=0.9426 F1=0.7634 MCC=0.7687
  learning_rate_used=2.225e-04; learning_rate_next=2.184e-04; elapsed=6.5s
  negatives seen=100.0%; hard negatives=0
Epoch 036 train: loss=0.0312 AUROC=0.9998 AUPRC=0.9983 BalAcc=0.9963 F1=0.9870 MCC=0.9858
Epoch 036 val  : loss=0.0846 AUROC=0.9874 AUPRC=0.8994 BalAcc=0.9186 F1=0.8604 MCC=0.8593
  learning_rate_used=2.184e-04; learning_rate_next=2.142e-04; elapsed=6.5s
  saved new best checkpoint: /data/projects/SFB_A03/jan/AT_TFBS/human301/runs/ZNF772/crossassay_archthalia_20261009_144503_1046783/GHTS_seed1/best_model.pt (objective=classification-auprc, score=0.899444)
  negatives seen=100.0%; hard negatives=0
Epoch 037 train: loss=0.0237 AUROC=0.9999 AUPRC=0.9993 BalAcc=0.9977 F1=0.9884 MCC=0.9872
Epoch 037 val  : loss=0.0728 AUROC=0.9844 AUPRC=0.8942 BalAcc=0.9394 F1=0.7921 MCC=0.7940
  learning_rate_used=2.142e-04; learning_rate_next=2.099e-04; elapsed=6.4s
  negatives seen=100.0%; hard negatives=0
Epoch 038 train: loss=0.0182 AUROC=0.9998 AUPRC=0.9979 BalAcc=0.9980 F1=0.9808 MCC=0.9791
Epoch 038 val  : loss=0.0825 AUROC=0.9892 AUPRC=0.8995 BalAcc=0.9185 F1=0.8571 MCC=0.8560
  learning_rate_used=2.099e-04; learning_rate_next=2.055e-04; elapsed=6.4s
  negatives seen=100.0%; hard negatives=0
Epoch 039 train: loss=0.0357 AUROC=0.9995 AUPRC=0.9912 BalAcc=0.9941 F1=0.9769 MCC=0.9747
Epoch 039 val  : loss=0.1122 AUROC=0.9881 AUPRC=0.8885 BalAcc=0.9074 F1=0.8315 MCC=0.8300
  learning_rate_used=2.055e-04; learning_rate_next=2.011e-04; elapsed=6.4s
  negatives seen=100.0%; hard negatives=0
Epoch 040 train: loss=0.0482 AUROC=0.9997 AUPRC=0.9971 BalAcc=0.9924 F1=0.9831 MCC=0.9814
Epoch 040 val  : loss=0.1228 AUROC=0.9879 AUPRC=0.8823 BalAcc=0.9075 F1=0.8409 MCC=0.8398
  learning_rate_used=2.011e-04; learning_rate_next=1.967e-04; elapsed=6.4s
  negatives seen=100.0%; hard negatives=0
Epoch 041 train: loss=0.0161 AUROC=0.9999 AUPRC=0.9995 BalAcc=0.9963 F1=0.9870 MCC=0.9858
Epoch 041 val  : loss=0.0778 AUROC=0.9877 AUPRC=0.9005 BalAcc=0.9293 F1=0.8448 MCC=0.8433
  learning_rate_used=1.967e-04; learning_rate_next=1.922e-04; elapsed=6.4s
  saved new best checkpoint: /data/projects/SFB_A03/jan/AT_TFBS/human301/runs/ZNF772/crossassay_archthalia_20261009_144503_1046783/GHTS_seed1/best_model.pt (objective=classification-auprc, score=0.900503)
  negatives seen=100.0%; hard negatives=0
Epoch 042 train: loss=0.0471 AUROC=0.9993 AUPRC=0.9973 BalAcc=0.9953 F1=0.9883 MCC=0.9871
Epoch 042 val  : loss=0.0885 AUROC=0.9872 AUPRC=0.8930 BalAcc=0.9292 F1=0.8387 MCC=0.8373
  learning_rate_used=1.922e-04; learning_rate_next=1.877e-04; elapsed=6.4s
  negatives seen=100.0%; hard negatives=0
Epoch 043 train: loss=0.0156 AUROC=1.0000 AUPRC=0.9996 BalAcc=0.9978 F1=0.9896 MCC=0.9886
Epoch 043 val  : loss=0.0718 AUROC=0.9894 AUPRC=0.8797 BalAcc=0.9321 F1=0.7867 MCC=0.7878
  learning_rate_used=1.877e-04; learning_rate_next=1.831e-04; elapsed=6.4s
  negatives seen=100.0%; hard negatives=0
Epoch 044 train: loss=0.0191 AUROC=0.9998 AUPRC=0.9981 BalAcc=0.9966 F1=0.9896 MCC=0.9886
Epoch 044 val  : loss=0.1176 AUROC=0.9859 AUPRC=0.8955 BalAcc=0.9112 F1=0.8517 MCC=0.8508
  learning_rate_used=1.831e-04; learning_rate_next=1.785e-04; elapsed=6.4s
  negatives seen=100.0%; hard negatives=0
Epoch 045 train: loss=0.0276 AUROC=0.9999 AUPRC=0.9989 BalAcc=0.9963 F1=0.9870 MCC=0.9858
Epoch 045 val  : loss=0.0798 AUROC=0.9867 AUPRC=0.8922 BalAcc=0.9400 F1=0.8304 MCC=0.8301
  learning_rate_used=1.785e-04; learning_rate_next=1.739e-04; elapsed=6.4s
  negatives seen=100.0%; hard negatives=0
Epoch 046 train: loss=0.0115 AUROC=0.9999 AUPRC=0.9993 BalAcc=0.9957 F1=0.9922 MCC=0.9914
Epoch 046 val  : loss=0.1158 AUROC=0.9886 AUPRC=0.8848 BalAcc=0.9186 F1=0.8636 MCC=0.8627
  learning_rate_used=1.739e-04; learning_rate_next=1.692e-04; elapsed=6.5s
  negatives seen=100.0%; hard negatives=0
Epoch 047 train: loss=0.0066 AUROC=0.9999 AUPRC=0.9992 BalAcc=0.9995 F1=0.9948 MCC=0.9943
Epoch 047 val  : loss=0.1479 AUROC=0.9878 AUPRC=0.8765 BalAcc=0.9003 F1=0.8482 MCC=0.8483
  learning_rate_used=1.692e-04; learning_rate_next=1.646e-04; elapsed=6.4s
  negatives seen=100.0%; hard negatives=0
Epoch 048 train: loss=0.0129 AUROC=0.9998 AUPRC=0.9974 BalAcc=0.9982 F1=0.9935 MCC=0.9929
Epoch 048 val  : loss=0.1068 AUROC=0.9880 AUPRC=0.8892 BalAcc=0.9149 F1=0.8528 MCC=0.8517
  learning_rate_used=1.646e-04; learning_rate_next=1.599e-04; elapsed=6.4s
  negatives seen=100.0%; hard negatives=0
Epoch 049 train: loss=0.0127 AUROC=0.9999 AUPRC=0.9987 BalAcc=0.9969 F1=0.9922 MCC=0.9914
Epoch 049 val  : loss=0.1043 AUROC=0.9865 AUPRC=0.8777 BalAcc=0.9219 F1=0.8394 MCC=0.8378
  learning_rate_used=1.599e-04; learning_rate_next=1.552e-04; elapsed=6.4s
  negatives seen=100.0%; hard negatives=0
Epoch 050 train: loss=0.0091 AUROC=0.9999 AUPRC=0.9988 BalAcc=0.9992 F1=0.9922 MCC=0.9915
Epoch 050 val  : loss=0.0828 AUROC=0.9867 AUPRC=0.8811 BalAcc=0.9286 F1=0.7932 MCC=0.7935
  learning_rate_used=1.552e-04; learning_rate_next=1.505e-04; elapsed=6.4s
  negatives seen=100.0%; hard negatives=0
Epoch 051 train: loss=0.0104 AUROC=0.9999 AUPRC=0.9992 BalAcc=0.9991 F1=0.9909 MCC=0.9901
Epoch 051 val  : loss=0.0987 AUROC=0.9880 AUPRC=0.8795 BalAcc=0.9217 F1=0.8185 MCC=0.8171
  learning_rate_used=1.505e-04; learning_rate_next=1.458e-04; elapsed=6.3s
  negatives seen=100.0%; hard negatives=0
Epoch 052 train: loss=0.0097 AUROC=1.0000 AUPRC=0.9997 BalAcc=0.9978 F1=0.9896 MCC=0.9886
Epoch 052 val  : loss=0.0855 AUROC=0.9884 AUPRC=0.8919 BalAcc=0.9363 F1=0.8293 MCC=0.8286
  learning_rate_used=1.458e-04; learning_rate_next=1.411e-04; elapsed=6.4s
  negatives seen=100.0%; hard negatives=0
Epoch 053 train: loss=0.0161 AUROC=0.9996 AUPRC=0.9933 BalAcc=0.9979 F1=0.9909 MCC=0.9900
Epoch 053 val  : loss=0.1357 AUROC=0.9863 AUPRC=0.8769 BalAcc=0.9002 F1=0.8385 MCC=0.8378
  learning_rate_used=1.411e-04; learning_rate_next=1.364e-04; elapsed=6.4s
  negatives seen=100.0%; hard negatives=0
Epoch 054 train: loss=0.0170 AUROC=1.0000 AUPRC=0.9996 BalAcc=0.9954 F1=0.9896 MCC=0.9885
Epoch 054 val  : loss=0.0910 AUROC=0.9833 AUPRC=0.8932 BalAcc=0.9294 F1=0.8571 MCC=0.8557
  learning_rate_used=1.364e-04; learning_rate_next=1.318e-04; elapsed=6.4s
  negatives seen=100.0%; hard negatives=0
Epoch 055 train: loss=0.0110 AUROC=0.9997 AUPRC=0.9960 BalAcc=0.9995 F1=0.9948 MCC=0.9943
Epoch 055 val  : loss=0.1540 AUROC=0.9881 AUPRC=0.8746 BalAcc=0.8965 F1=0.8372 MCC=0.8369
  learning_rate_used=1.318e-04; learning_rate_next=1.271e-04; elapsed=6.4s
  negatives seen=100.0%; hard negatives=0
Epoch 056 train: loss=0.0093 AUROC=0.9999 AUPRC=0.9990 BalAcc=0.9979 F1=0.9909 MCC=0.9900
Epoch 056 val  : loss=0.1205 AUROC=0.9881 AUPRC=0.8823 BalAcc=0.9074 F1=0.8346 MCC=0.8332
  learning_rate_used=1.271e-04; learning_rate_next=1.225e-04; elapsed=6.5s
  negatives seen=100.0%; hard negatives=0
Epoch 057 train: loss=0.0040 AUROC=1.0000 AUPRC=0.9995 BalAcc=0.9993 F1=0.9935 MCC=0.9929
Epoch 057 val  : loss=0.1044 AUROC=0.9903 AUPRC=0.8887 BalAcc=0.9110 F1=0.8358 MCC=0.8343
  learning_rate_used=1.225e-04; learning_rate_next=1.179e-04; elapsed=6.4s
  negatives seen=100.0%; hard negatives=0
Epoch 058 train: loss=0.0057 AUROC=1.0000 AUPRC=0.9996 BalAcc=0.9995 F1=0.9948 MCC=0.9943
Epoch 058 val  : loss=0.1099 AUROC=0.9870 AUPRC=0.8928 BalAcc=0.9223 F1=0.8679 MCC=0.8669
  learning_rate_used=1.179e-04; learning_rate_next=1.133e-04; elapsed=6.4s
  negatives seen=100.0%; hard negatives=0
Epoch 059 train: loss=0.0049 AUROC=1.0000 AUPRC=1.0000 BalAcc=0.9984 F1=0.9961 MCC=0.9957
Epoch 059 val  : loss=0.1386 AUROC=0.9895 AUPRC=0.8893 BalAcc=0.9076 F1=0.8538 MCC=0.8534
  learning_rate_used=1.133e-04; learning_rate_next=1.088e-04; elapsed=6.5s
  negatives seen=100.0%; hard negatives=0
Epoch 060 train: loss=0.0035 AUROC=1.0000 AUPRC=1.0000 BalAcc=0.9996 F1=0.9961 MCC=0.9957
Epoch 060 val  : loss=0.1023 AUROC=0.9899 AUPRC=0.8960 BalAcc=0.9184 F1=0.8444 MCC=0.8429
  learning_rate_used=1.088e-04; learning_rate_next=1.043e-04; elapsed=6.4s
  negatives seen=100.0%; hard negatives=0
Epoch 061 train: loss=0.0049 AUROC=0.9999 AUPRC=0.9990 BalAcc=0.9996 F1=0.9961 MCC=0.9957
Epoch 061 val  : loss=0.1091 AUROC=0.9904 AUPRC=0.8881 BalAcc=0.9148 F1=0.8464 MCC=0.8451
  learning_rate_used=1.043e-04; learning_rate_next=9.986e-05; elapsed=6.5s
Early stopping after 61 epochs.
Binary threshold: 0.642567 (strategy=val-mcc, validation_score=0.869627)
Validation-only run completed; frozen model: /data/projects/SFB_A03/jan/AT_TFBS/human301/runs/ZNF772/crossassay_archthalia_20261009_144503_1046783/GHTS_seed1/model_for_prediction.pt
ZNF772: GHTS -> GHTS
TEST ZNF772 GHTS -> GHTS: loss=0.0916 AUROC=0.9842 AUPRC=0.8813 BalAcc=0.9142 F1=0.8418 MCC=0.8403
ZNF772: GHTS -> CHIP
TEST ZNF772 GHTS -> CHIP: loss=0.9306 AUROC=0.6562 AUPRC=0.1883 BalAcc=0.5954 F1=0.2774 MCC=0.3046
Completed ZNF772/GHTS: one model, both fixed test sets.
