TF=CTCF train=CHIP seed=4 model=hum301_motif64_local.py
/home/jbossenz/miniforge3/envs/at_env/bin/python -u /data/projects/SFB_A03/jan/AT_TFBS/human301/hum301_motif64_local.py train --cache /data/projects/SFB_A03/jan/AT_TFBS/raw_data/human/ArchThalia-ML/CTCF/CHIP/dataset.npz --output-dir /data/projects/SFB_A03/jan/AT_TFBS/human301/runs/CTCF/crossassay_archthalia_20261009_144503_1046783/CHIP_seed4 --input-length 256 --embed-channels 64 --encoder-channels 80 96 128 --heads 4 --ffn-channels 256 --classification-readout local-logsumexp --task-mode classification --checkpoint-objective classification-auprc --threshold-strategy val-mcc --negatives-per-positive 10 --batch-size 88 --hard-negative-fraction 0 --epochs 100 --patience 20 --learning-rate 0.0003 --min-learning-rate 0.000001 --weight-decay 0.0001 --dropout 0.1 --activation relu --reverse-complement-probability 0.5 --eval-crops multi --eval-rc --no-balanced-evaluation --eval-batch-size 128 --num-workers 2 --seed 4 --device cuda --skip-test
Window geometry: 256 bp from 301 bp; crop starts 0..45; shifts -22..+23; fresh uniform draw per access
Evaluation: crops (0, 22, 23, 45), reverse complement=True; all samples
train: n=4,464,503, positive=44,203, negative=4,420,300
  val: n=1,304,112, positive=12,912, negative=1,291,200
 test: n=5,206,247, positive=51,547, negative=5,154,700
Device: cuda
Hidden activation: RELU
Parameters: 1,032,981 total; 1,032,981 trainable
Architecture: motif kernels 9/12; encoder 128/64/64; original five-block bottleneck at 64; decoder 64/128/256
  negatives seen=10.0%; hard negatives=0
Epoch 001 train: loss=0.6087 AUROC=0.9292 AUPRC=0.7408 BalAcc=0.8597 F1=0.5725 MCC=0.5491
Epoch 001 val  : loss=0.1635 AUROC=0.9523 AUPRC=0.5745 BalAcc=0.8808 F1=0.2801 MCC=0.3573
  learning_rate_used=3.000e-04; learning_rate_next=2.999e-04; elapsed=599.3s
  saved new best checkpoint: /data/projects/SFB_A03/jan/AT_TFBS/human301/runs/CTCF/crossassay_archthalia_20261009_144503_1046783/CHIP_seed4/best_model.pt (objective=classification-auprc, score=0.574499)
  negatives seen=20.0%; hard negatives=0
Epoch 002 train: loss=0.5015 AUROC=0.9519 AUPRC=0.8119 BalAcc=0.8905 F1=0.6453 MCC=0.6255
Epoch 002 val  : loss=0.1588 AUROC=0.9621 AUPRC=0.5893 BalAcc=0.8969 F1=0.3050 MCC=0.3833
  learning_rate_used=2.999e-04; learning_rate_next=2.997e-04; elapsed=598.8s
  saved new best checkpoint: /data/projects/SFB_A03/jan/AT_TFBS/human301/runs/CTCF/crossassay_archthalia_20261009_144503_1046783/CHIP_seed4/best_model.pt (objective=classification-auprc, score=0.589341)
  negatives seen=30.0%; hard negatives=0
Epoch 003 train: loss=0.4705 AUROC=0.9576 AUPRC=0.8306 BalAcc=0.8994 F1=0.6670 MCC=0.6482
Epoch 003 val  : loss=0.1954 AUROC=0.9631 AUPRC=0.6261 BalAcc=0.9074 F1=0.2564 MCC=0.3486
  learning_rate_used=2.997e-04; learning_rate_next=2.993e-04; elapsed=599.4s
  saved new best checkpoint: /data/projects/SFB_A03/jan/AT_TFBS/human301/runs/CTCF/crossassay_archthalia_20261009_144503_1046783/CHIP_seed4/best_model.pt (objective=classification-auprc, score=0.626113)
  negatives seen=40.0%; hard negatives=0
Epoch 004 train: loss=0.4510 AUROC=0.9610 AUPRC=0.8415 BalAcc=0.9045 F1=0.6817 MCC=0.6633
Epoch 004 val  : loss=0.1771 AUROC=0.9651 AUPRC=0.6293 BalAcc=0.9080 F1=0.2647 MCC=0.3555
  learning_rate_used=2.993e-04; learning_rate_next=2.988e-04; elapsed=593.2s
  saved new best checkpoint: /data/projects/SFB_A03/jan/AT_TFBS/human301/runs/CTCF/crossassay_archthalia_20261009_144503_1046783/CHIP_seed4/best_model.pt (objective=classification-auprc, score=0.629298)
  negatives seen=50.0%; hard negatives=0
Epoch 005 train: loss=0.4336 AUROC=0.9641 AUPRC=0.8506 BalAcc=0.9093 F1=0.6950 MCC=0.6772
Epoch 005 val  : loss=0.2137 AUROC=0.9665 AUPRC=0.6498 BalAcc=0.9153 F1=0.2011 MCC=0.3052
  learning_rate_used=2.988e-04; learning_rate_next=2.982e-04; elapsed=593.1s
  saved new best checkpoint: /data/projects/SFB_A03/jan/AT_TFBS/human301/runs/CTCF/crossassay_archthalia_20261009_144503_1046783/CHIP_seed4/best_model.pt (objective=classification-auprc, score=0.649810)
  negatives seen=60.0%; hard negatives=0
Epoch 006 train: loss=0.4268 AUROC=0.9649 AUPRC=0.8552 BalAcc=0.9118 F1=0.7023 MCC=0.6846
Epoch 006 val  : loss=0.1547 AUROC=0.9658 AUPRC=0.6346 BalAcc=0.9011 F1=0.3341 MCC=0.4077
  learning_rate_used=2.982e-04; learning_rate_next=2.974e-04; elapsed=599.8s
  negatives seen=70.0%; hard negatives=0
Epoch 007 train: loss=0.4159 AUROC=0.9666 AUPRC=0.8621 BalAcc=0.9133 F1=0.7077 MCC=0.6901
Epoch 007 val  : loss=0.1648 AUROC=0.9681 AUPRC=0.6582 BalAcc=0.9122 F1=0.3038 MCC=0.3883
  learning_rate_used=2.974e-04; learning_rate_next=2.964e-04; elapsed=598.6s
  saved new best checkpoint: /data/projects/SFB_A03/jan/AT_TFBS/human301/runs/CTCF/crossassay_archthalia_20261009_144503_1046783/CHIP_seed4/best_model.pt (objective=classification-auprc, score=0.658185)
  negatives seen=80.0%; hard negatives=0
Epoch 008 train: loss=0.4120 AUROC=0.9673 AUPRC=0.8625 BalAcc=0.9150 F1=0.7143 MCC=0.6967
Epoch 008 val  : loss=0.1385 AUROC=0.9682 AUPRC=0.6548 BalAcc=0.9083 F1=0.3356 MCC=0.4117
  learning_rate_used=2.964e-04; learning_rate_next=2.953e-04; elapsed=598.7s
  negatives seen=90.0%; hard negatives=0
Epoch 009 train: loss=0.4070 AUROC=0.9680 AUPRC=0.8651 BalAcc=0.9169 F1=0.7179 MCC=0.7007
Epoch 009 val  : loss=0.1486 AUROC=0.9652 AUPRC=0.6598 BalAcc=0.9074 F1=0.3446 MCC=0.4184
  learning_rate_used=2.953e-04; learning_rate_next=2.941e-04; elapsed=599.4s
  saved new best checkpoint: /data/projects/SFB_A03/jan/AT_TFBS/human301/runs/CTCF/crossassay_archthalia_20261009_144503_1046783/CHIP_seed4/best_model.pt (objective=classification-auprc, score=0.659829)
  negatives seen=100.0%; hard negatives=0
Epoch 010 train: loss=0.4002 AUROC=0.9691 AUPRC=0.8693 BalAcc=0.9167 F1=0.7188 MCC=0.7015
Epoch 010 val  : loss=0.1372 AUROC=0.9682 AUPRC=0.6657 BalAcc=0.9085 F1=0.3513 MCC=0.4240
  learning_rate_used=2.941e-04; learning_rate_next=2.927e-04; elapsed=598.5s
  saved new best checkpoint: /data/projects/SFB_A03/jan/AT_TFBS/human301/runs/CTCF/crossassay_archthalia_20261009_144503_1046783/CHIP_seed4/best_model.pt (objective=classification-auprc, score=0.665718)
  negatives seen=100.0%; hard negatives=0
Epoch 011 train: loss=0.3958 AUROC=0.9697 AUPRC=0.8719 BalAcc=0.9189 F1=0.7215 MCC=0.7047
Epoch 011 val  : loss=0.1557 AUROC=0.9687 AUPRC=0.6680 BalAcc=0.9169 F1=0.2934 MCC=0.3819
  learning_rate_used=2.927e-04; learning_rate_next=2.912e-04; elapsed=596.2s
  saved new best checkpoint: /data/projects/SFB_A03/jan/AT_TFBS/human301/runs/CTCF/crossassay_archthalia_20261009_144503_1046783/CHIP_seed4/best_model.pt (objective=classification-auprc, score=0.667995)
  negatives seen=100.0%; hard negatives=0
Epoch 012 train: loss=0.3924 AUROC=0.9702 AUPRC=0.8732 BalAcc=0.9195 F1=0.7260 MCC=0.7090
Epoch 012 val  : loss=0.1289 AUROC=0.9692 AUPRC=0.6721 BalAcc=0.9085 F1=0.3622 MCC=0.4324
  learning_rate_used=2.912e-04; learning_rate_next=2.895e-04; elapsed=596.2s
  saved new best checkpoint: /data/projects/SFB_A03/jan/AT_TFBS/human301/runs/CTCF/crossassay_archthalia_20261009_144503_1046783/CHIP_seed4/best_model.pt (objective=classification-auprc, score=0.672098)
  negatives seen=100.0%; hard negatives=0
Epoch 013 train: loss=0.3900 AUROC=0.9706 AUPRC=0.8744 BalAcc=0.9201 F1=0.7268 MCC=0.7099
Epoch 013 val  : loss=0.1387 AUROC=0.9692 AUPRC=0.6675 BalAcc=0.9112 F1=0.3476 MCC=0.4222
  learning_rate_used=2.895e-04; learning_rate_next=2.877e-04; elapsed=597.6s
  negatives seen=100.0%; hard negatives=0
Epoch 014 train: loss=0.3858 AUROC=0.9713 AUPRC=0.8768 BalAcc=0.9214 F1=0.7307 MCC=0.7140
Epoch 014 val  : loss=0.1546 AUROC=0.9694 AUPRC=0.6699 BalAcc=0.9122 F1=0.3347 MCC=0.4126
  learning_rate_used=2.877e-04; learning_rate_next=2.858e-04; elapsed=596.9s
  negatives seen=100.0%; hard negatives=0
Epoch 015 train: loss=0.3836 AUROC=0.9715 AUPRC=0.8774 BalAcc=0.9217 F1=0.7318 MCC=0.7151
Epoch 015 val  : loss=0.1312 AUROC=0.9700 AUPRC=0.6765 BalAcc=0.9103 F1=0.3596 MCC=0.4311
  learning_rate_used=2.858e-04; learning_rate_next=2.837e-04; elapsed=594.1s
  saved new best checkpoint: /data/projects/SFB_A03/jan/AT_TFBS/human301/runs/CTCF/crossassay_archthalia_20261009_144503_1046783/CHIP_seed4/best_model.pt (objective=classification-auprc, score=0.676516)
  negatives seen=100.0%; hard negatives=0
Epoch 016 train: loss=0.3800 AUROC=0.9719 AUPRC=0.8796 BalAcc=0.9228 F1=0.7372 MCC=0.7205
Epoch 016 val  : loss=0.1390 AUROC=0.9693 AUPRC=0.6722 BalAcc=0.9132 F1=0.3428 MCC=0.4193
  learning_rate_used=2.837e-04; learning_rate_next=2.815e-04; elapsed=600.4s
  negatives seen=100.0%; hard negatives=0
Epoch 017 train: loss=0.3768 AUROC=0.9723 AUPRC=0.8798 BalAcc=0.9236 F1=0.7362 MCC=0.7198
Epoch 017 val  : loss=0.1350 AUROC=0.9691 AUPRC=0.6770 BalAcc=0.9101 F1=0.3664 MCC=0.4363
  learning_rate_used=2.815e-04; learning_rate_next=2.792e-04; elapsed=595.8s
  saved new best checkpoint: /data/projects/SFB_A03/jan/AT_TFBS/human301/runs/CTCF/crossassay_archthalia_20261009_144503_1046783/CHIP_seed4/best_model.pt (objective=classification-auprc, score=0.677006)
  negatives seen=100.0%; hard negatives=0
Epoch 018 train: loss=0.3725 AUROC=0.9729 AUPRC=0.8833 BalAcc=0.9242 F1=0.7408 MCC=0.7243
Epoch 018 val  : loss=0.1417 AUROC=0.9692 AUPRC=0.6798 BalAcc=0.9131 F1=0.3459 MCC=0.4216
  learning_rate_used=2.792e-04; learning_rate_next=2.767e-04; elapsed=597.6s
  saved new best checkpoint: /data/projects/SFB_A03/jan/AT_TFBS/human301/runs/CTCF/crossassay_archthalia_20261009_144503_1046783/CHIP_seed4/best_model.pt (objective=classification-auprc, score=0.679776)
  negatives seen=100.0%; hard negatives=0
Epoch 019 train: loss=0.3717 AUROC=0.9731 AUPRC=0.8830 BalAcc=0.9241 F1=0.7406 MCC=0.7241
Epoch 019 val  : loss=0.1621 AUROC=0.9692 AUPRC=0.6752 BalAcc=0.9166 F1=0.3132 MCC=0.3975
  learning_rate_used=2.767e-04; learning_rate_next=2.741e-04; elapsed=599.6s
  negatives seen=100.0%; hard negatives=0
Epoch 020 train: loss=0.3679 AUROC=0.9739 AUPRC=0.8841 BalAcc=0.9257 F1=0.7447 MCC=0.7284
Epoch 020 val  : loss=0.1388 AUROC=0.9704 AUPRC=0.6810 BalAcc=0.9123 F1=0.3545 MCC=0.4280
  learning_rate_used=2.741e-04; learning_rate_next=2.714e-04; elapsed=599.8s
  saved new best checkpoint: /data/projects/SFB_A03/jan/AT_TFBS/human301/runs/CTCF/crossassay_archthalia_20261009_144503_1046783/CHIP_seed4/best_model.pt (objective=classification-auprc, score=0.680969)
  negatives seen=100.0%; hard negatives=0
Epoch 021 train: loss=0.3659 AUROC=0.9739 AUPRC=0.8848 BalAcc=0.9259 F1=0.7445 MCC=0.7283
Epoch 021 val  : loss=0.1186 AUROC=0.9687 AUPRC=0.6723 BalAcc=0.8991 F1=0.4167 MCC=0.4707
  learning_rate_used=2.714e-04; learning_rate_next=2.686e-04; elapsed=595.8s
  negatives seen=100.0%; hard negatives=0
Epoch 022 train: loss=0.3645 AUROC=0.9741 AUPRC=0.8870 BalAcc=0.9264 F1=0.7479 MCC=0.7316
Epoch 022 val  : loss=0.1405 AUROC=0.9703 AUPRC=0.6827 BalAcc=0.9128 F1=0.3558 MCC=0.4292
  learning_rate_used=2.686e-04; learning_rate_next=2.657e-04; elapsed=602.0s
  saved new best checkpoint: /data/projects/SFB_A03/jan/AT_TFBS/human301/runs/CTCF/crossassay_archthalia_20261009_144503_1046783/CHIP_seed4/best_model.pt (objective=classification-auprc, score=0.682738)
  negatives seen=100.0%; hard negatives=0
Epoch 023 train: loss=0.3604 AUROC=0.9749 AUPRC=0.8864 BalAcc=0.9271 F1=0.7484 MCC=0.7323
Epoch 023 val  : loss=0.1168 AUROC=0.9701 AUPRC=0.6769 BalAcc=0.9051 F1=0.3991 MCC=0.4595
  learning_rate_used=2.657e-04; learning_rate_next=2.626e-04; elapsed=591.7s
  negatives seen=100.0%; hard negatives=0
Epoch 024 train: loss=0.3578 AUROC=0.9752 AUPRC=0.8879 BalAcc=0.9276 F1=0.7496 MCC=0.7336
Epoch 024 val  : loss=0.1373 AUROC=0.9702 AUPRC=0.6759 BalAcc=0.9131 F1=0.3557 MCC=0.4293
  learning_rate_used=2.626e-04; learning_rate_next=2.595e-04; elapsed=593.6s
  negatives seen=100.0%; hard negatives=0
Epoch 025 train: loss=0.3548 AUROC=0.9754 AUPRC=0.8903 BalAcc=0.9288 F1=0.7551 MCC=0.7391
Epoch 025 val  : loss=0.1644 AUROC=0.9700 AUPRC=0.6825 BalAcc=0.9191 F1=0.2952 MCC=0.3843
  learning_rate_used=2.595e-04; learning_rate_next=2.562e-04; elapsed=600.9s
  negatives seen=100.0%; hard negatives=0
Epoch 026 train: loss=0.3546 AUROC=0.9757 AUPRC=0.8904 BalAcc=0.9280 F1=0.7507 MCC=0.7347
Epoch 026 val  : loss=0.1466 AUROC=0.9704 AUPRC=0.6859 BalAcc=0.9167 F1=0.3313 MCC=0.4117
  learning_rate_used=2.562e-04; learning_rate_next=2.528e-04; elapsed=592.2s
  saved new best checkpoint: /data/projects/SFB_A03/jan/AT_TFBS/human301/runs/CTCF/crossassay_archthalia_20261009_144503_1046783/CHIP_seed4/best_model.pt (objective=classification-auprc, score=0.685910)
  negatives seen=100.0%; hard negatives=0
Epoch 027 train: loss=0.3526 AUROC=0.9758 AUPRC=0.8913 BalAcc=0.9293 F1=0.7559 MCC=0.7400
Epoch 027 val  : loss=0.1164 AUROC=0.9689 AUPRC=0.6761 BalAcc=0.8993 F1=0.4261 MCC=0.4780
  learning_rate_used=2.528e-04; learning_rate_next=2.494e-04; elapsed=596.0s
  negatives seen=100.0%; hard negatives=0
Epoch 028 train: loss=0.3508 AUROC=0.9764 AUPRC=0.8917 BalAcc=0.9294 F1=0.7567 MCC=0.7408
Epoch 028 val  : loss=0.1660 AUROC=0.9690 AUPRC=0.6732 BalAcc=0.9171 F1=0.2913 MCC=0.3803
  learning_rate_used=2.494e-04; learning_rate_next=2.458e-04; elapsed=599.3s
  negatives seen=100.0%; hard negatives=0
Epoch 029 train: loss=0.3469 AUROC=0.9767 AUPRC=0.8933 BalAcc=0.9304 F1=0.7594 MCC=0.7436
Epoch 029 val  : loss=0.1355 AUROC=0.9668 AUPRC=0.6704 BalAcc=0.9009 F1=0.3993 MCC=0.4580
  learning_rate_used=2.458e-04; learning_rate_next=2.421e-04; elapsed=599.4s
  negatives seen=100.0%; hard negatives=0
Epoch 030 train: loss=0.3472 AUROC=0.9768 AUPRC=0.8941 BalAcc=0.9299 F1=0.7571 MCC=0.7414
Epoch 030 val  : loss=0.1327 AUROC=0.9699 AUPRC=0.6838 BalAcc=0.9146 F1=0.3415 MCC=0.4188
  learning_rate_used=2.421e-04; learning_rate_next=2.384e-04; elapsed=599.4s
  negatives seen=100.0%; hard negatives=0
Epoch 031 train: loss=0.3425 AUROC=0.9774 AUPRC=0.8953 BalAcc=0.9314 F1=0.7607 MCC=0.7451
Epoch 031 val  : loss=0.1406 AUROC=0.9694 AUPRC=0.6783 BalAcc=0.9132 F1=0.3384 MCC=0.4159
  learning_rate_used=2.384e-04; learning_rate_next=2.345e-04; elapsed=596.5s
  negatives seen=100.0%; hard negatives=0
Epoch 032 train: loss=0.3421 AUROC=0.9775 AUPRC=0.8958 BalAcc=0.9311 F1=0.7615 MCC=0.7458
Epoch 032 val  : loss=0.1121 AUROC=0.9698 AUPRC=0.6792 BalAcc=0.8987 F1=0.4347 MCC=0.4844
  learning_rate_used=2.345e-04; learning_rate_next=2.306e-04; elapsed=599.7s
  negatives seen=100.0%; hard negatives=0
Epoch 033 train: loss=0.3386 AUROC=0.9779 AUPRC=0.8968 BalAcc=0.9325 F1=0.7626 MCC=0.7473
Epoch 033 val  : loss=0.1357 AUROC=0.9668 AUPRC=0.6802 BalAcc=0.9092 F1=0.3751 MCC=0.4427
  learning_rate_used=2.306e-04; learning_rate_next=2.266e-04; elapsed=597.4s
  negatives seen=100.0%; hard negatives=0
Epoch 034 train: loss=0.3371 AUROC=0.9781 AUPRC=0.8982 BalAcc=0.9326 F1=0.7637 MCC=0.7484
Epoch 034 val  : loss=0.1273 AUROC=0.9697 AUPRC=0.6866 BalAcc=0.9128 F1=0.3675 MCC=0.4383
  learning_rate_used=2.266e-04; learning_rate_next=2.225e-04; elapsed=597.6s
  saved new best checkpoint: /data/projects/SFB_A03/jan/AT_TFBS/human301/runs/CTCF/crossassay_archthalia_20261009_144503_1046783/CHIP_seed4/best_model.pt (objective=classification-auprc, score=0.686572)
  negatives seen=100.0%; hard negatives=0
Epoch 035 train: loss=0.3362 AUROC=0.9782 AUPRC=0.8980 BalAcc=0.9330 F1=0.7651 MCC=0.7498
Epoch 035 val  : loss=0.1467 AUROC=0.9703 AUPRC=0.6863 BalAcc=0.9183 F1=0.3282 MCC=0.4099
  learning_rate_used=2.225e-04; learning_rate_next=2.184e-04; elapsed=599.0s
  negatives seen=100.0%; hard negatives=0
Epoch 036 train: loss=0.3341 AUROC=0.9787 AUPRC=0.8980 BalAcc=0.9331 F1=0.7661 MCC=0.7508
Epoch 036 val  : loss=0.1207 AUROC=0.9695 AUPRC=0.6799 BalAcc=0.9072 F1=0.3950 MCC=0.4573
  learning_rate_used=2.184e-04; learning_rate_next=2.142e-04; elapsed=592.9s
  negatives seen=100.0%; hard negatives=0
Epoch 037 train: loss=0.3330 AUROC=0.9789 AUPRC=0.8987 BalAcc=0.9333 F1=0.7677 MCC=0.7523
Epoch 037 val  : loss=0.1285 AUROC=0.9700 AUPRC=0.6862 BalAcc=0.9155 F1=0.3489 MCC=0.4249
  learning_rate_used=2.142e-04; learning_rate_next=2.099e-04; elapsed=599.2s
  negatives seen=100.0%; hard negatives=0
Epoch 038 train: loss=0.3320 AUROC=0.9791 AUPRC=0.8981 BalAcc=0.9340 F1=0.7686 MCC=0.7534
Epoch 038 val  : loss=0.1334 AUROC=0.9687 AUPRC=0.6835 BalAcc=0.9128 F1=0.3685 MCC=0.4390
  learning_rate_used=2.099e-04; learning_rate_next=2.055e-04; elapsed=597.3s
  negatives seen=100.0%; hard negatives=0
Epoch 039 train: loss=0.3284 AUROC=0.9795 AUPRC=0.9009 BalAcc=0.9344 F1=0.7707 MCC=0.7555
Epoch 039 val  : loss=0.1222 AUROC=0.9694 AUPRC=0.6851 BalAcc=0.9098 F1=0.3920 MCC=0.4560
  learning_rate_used=2.055e-04; learning_rate_next=2.011e-04; elapsed=600.6s
  negatives seen=100.0%; hard negatives=0
Epoch 040 train: loss=0.3261 AUROC=0.9797 AUPRC=0.9020 BalAcc=0.9347 F1=0.7739 MCC=0.7586
Epoch 040 val  : loss=0.1234 AUROC=0.9686 AUPRC=0.6825 BalAcc=0.9080 F1=0.3985 MCC=0.4603
  learning_rate_used=2.011e-04; learning_rate_next=1.967e-04; elapsed=599.9s
  negatives seen=100.0%; hard negatives=0
Epoch 041 train: loss=0.3223 AUROC=0.9803 AUPRC=0.9020 BalAcc=0.9366 F1=0.7766 MCC=0.7618
Epoch 041 val  : loss=0.1219 AUROC=0.9692 AUPRC=0.6854 BalAcc=0.9095 F1=0.3975 MCC=0.4601
  learning_rate_used=1.967e-04; learning_rate_next=1.922e-04; elapsed=602.2s
  negatives seen=100.0%; hard negatives=0
Epoch 042 train: loss=0.3239 AUROC=0.9800 AUPRC=0.9026 BalAcc=0.9357 F1=0.7751 MCC=0.7600
Epoch 042 val  : loss=0.1130 AUROC=0.9689 AUPRC=0.6852 BalAcc=0.9006 F1=0.4436 MCC=0.4921
  learning_rate_used=1.922e-04; learning_rate_next=1.877e-04; elapsed=595.4s
  negatives seen=100.0%; hard negatives=0
Epoch 043 train: loss=0.3211 AUROC=0.9806 AUPRC=0.9035 BalAcc=0.9361 F1=0.7755 MCC=0.7605
Epoch 043 val  : loss=0.1215 AUROC=0.9683 AUPRC=0.6830 BalAcc=0.9081 F1=0.3975 MCC=0.4595
  learning_rate_used=1.877e-04; learning_rate_next=1.831e-04; elapsed=597.8s
  negatives seen=100.0%; hard negatives=0
Epoch 044 train: loss=0.3161 AUROC=0.9812 AUPRC=0.9055 BalAcc=0.9379 F1=0.7805 MCC=0.7659
Epoch 044 val  : loss=0.1331 AUROC=0.9698 AUPRC=0.6864 BalAcc=0.9162 F1=0.3527 MCC=0.4281
  learning_rate_used=1.831e-04; learning_rate_next=1.785e-04; elapsed=593.9s
  negatives seen=100.0%; hard negatives=0
Epoch 045 train: loss=0.3175 AUROC=0.9810 AUPRC=0.9045 BalAcc=0.9374 F1=0.7806 MCC=0.7658
Epoch 045 val  : loss=0.1123 AUROC=0.9689 AUPRC=0.6814 BalAcc=0.9004 F1=0.4330 MCC=0.4838
  learning_rate_used=1.785e-04; learning_rate_next=1.739e-04; elapsed=600.6s
  negatives seen=100.0%; hard negatives=0
Epoch 046 train: loss=0.3153 AUROC=0.9813 AUPRC=0.9065 BalAcc=0.9378 F1=0.7811 MCC=0.7664
Epoch 046 val  : loss=0.1165 AUROC=0.9682 AUPRC=0.6830 BalAcc=0.9043 F1=0.4180 MCC=0.4738
  learning_rate_used=1.739e-04; learning_rate_next=1.692e-04; elapsed=599.5s
  negatives seen=100.0%; hard negatives=0
Epoch 047 train: loss=0.3114 AUROC=0.9820 AUPRC=0.9070 BalAcc=0.9380 F1=0.7809 MCC=0.7662
Epoch 047 val  : loss=0.1237 AUROC=0.9672 AUPRC=0.6804 BalAcc=0.9037 F1=0.4073 MCC=0.4653
  learning_rate_used=1.692e-04; learning_rate_next=1.646e-04; elapsed=592.9s
  negatives seen=100.0%; hard negatives=0
Epoch 048 train: loss=0.3086 AUROC=0.9822 AUPRC=0.9080 BalAcc=0.9389 F1=0.7846 MCC=0.7700
Epoch 048 val  : loss=0.1130 AUROC=0.9684 AUPRC=0.6862 BalAcc=0.9009 F1=0.4421 MCC=0.4910
  learning_rate_used=1.646e-04; learning_rate_next=1.599e-04; elapsed=601.4s
  negatives seen=100.0%; hard negatives=0
Epoch 049 train: loss=0.3059 AUROC=0.9827 AUPRC=0.9090 BalAcc=0.9395 F1=0.7859 MCC=0.7714
Epoch 049 val  : loss=0.1160 AUROC=0.9682 AUPRC=0.6820 BalAcc=0.9042 F1=0.4165 MCC=0.4726
  learning_rate_used=1.599e-04; learning_rate_next=1.552e-04; elapsed=592.4s
  negatives seen=100.0%; hard negatives=0
Epoch 050 train: loss=0.3059 AUROC=0.9827 AUPRC=0.9100 BalAcc=0.9394 F1=0.7866 MCC=0.7721
Epoch 050 val  : loss=0.1169 AUROC=0.9687 AUPRC=0.6812 BalAcc=0.9022 F1=0.4206 MCC=0.4749
  learning_rate_used=1.552e-04; learning_rate_next=1.505e-04; elapsed=597.3s
  negatives seen=100.0%; hard negatives=0
Epoch 051 train: loss=0.3020 AUROC=0.9831 AUPRC=0.9108 BalAcc=0.9402 F1=0.7883 MCC=0.7739
Epoch 051 val  : loss=0.1334 AUROC=0.9681 AUPRC=0.6810 BalAcc=0.9112 F1=0.3689 MCC=0.4387
  learning_rate_used=1.505e-04; learning_rate_next=1.458e-04; elapsed=598.7s
  negatives seen=100.0%; hard negatives=0
Epoch 052 train: loss=0.2990 AUROC=0.9834 AUPRC=0.9118 BalAcc=0.9413 F1=0.7924 MCC=0.7781
Epoch 052 val  : loss=0.1094 AUROC=0.9673 AUPRC=0.6815 BalAcc=0.8916 F1=0.4723 MCC=0.5108
  learning_rate_used=1.458e-04; learning_rate_next=1.411e-04; elapsed=601.2s
  negatives seen=100.0%; hard negatives=0
Epoch 053 train: loss=0.2999 AUROC=0.9835 AUPRC=0.9115 BalAcc=0.9406 F1=0.7883 MCC=0.7740
Epoch 053 val  : loss=0.1398 AUROC=0.9684 AUPRC=0.6855 BalAcc=0.9155 F1=0.3427 MCC=0.4202
  learning_rate_used=1.411e-04; learning_rate_next=1.364e-04; elapsed=596.9s
  negatives seen=100.0%; hard negatives=0
Epoch 054 train: loss=0.2972 AUROC=0.9840 AUPRC=0.9127 BalAcc=0.9412 F1=0.7914 MCC=0.7772
Epoch 054 val  : loss=0.1108 AUROC=0.9658 AUPRC=0.6830 BalAcc=0.8938 F1=0.4744 MCC=0.5134
  learning_rate_used=1.364e-04; learning_rate_next=1.318e-04; elapsed=599.4s
Early stopping after 54 epochs.
Binary threshold: 0.979121 (strategy=val-mcc, validation_score=0.644256)
Validation-only run completed; frozen model: /data/projects/SFB_A03/jan/AT_TFBS/human301/runs/CTCF/crossassay_archthalia_20261009_144503_1046783/CHIP_seed4/model_for_prediction.pt
CTCF: CHIP -> CHIP
TEST CTCF CHIP -> CHIP: loss=0.1571 AUROC=0.9687 AUPRC=0.6632 BalAcc=0.7907 F1=0.6211 MCC=0.6188
CTCF: CHIP -> GHTS
TEST CTCF CHIP -> GHTS: loss=0.2944 AUROC=0.9949 AUPRC=0.9356 BalAcc=0.9736 F1=0.5692 MCC=0.6185
Completed CTCF/CHIP: one model, both fixed test sets.
