TF=RORB train=CHIP seed=1 model=hum301_motif64_local.py
/home/jbossenz/miniforge3/envs/at_env/bin/python -u /data/projects/SFB_A03/jan/AT_TFBS/human301/hum301_motif64_local.py train --cache /data/projects/SFB_A03/jan/AT_TFBS/raw_data/human/ArchThalia-ML/RORB/CHIP/dataset.npz --output-dir /data/projects/SFB_A03/jan/AT_TFBS/human301/runs/RORB/crossassay_archthalia_20261009_144503_1046783/CHIP_seed1 --input-length 256 --embed-channels 64 --encoder-channels 80 96 128 --heads 4 --ffn-channels 256 --classification-readout local-logsumexp --task-mode classification --checkpoint-objective classification-auprc --threshold-strategy val-mcc --negatives-per-positive 10 --batch-size 88 --hard-negative-fraction 0 --epochs 100 --patience 20 --learning-rate 0.0003 --min-learning-rate 0.000001 --weight-decay 0.0001 --dropout 0.1 --activation relu --reverse-complement-probability 0.5 --eval-crops multi --eval-rc --no-balanced-evaluation --eval-batch-size 128 --num-workers 2 --seed 1 --device cuda --skip-test
Window geometry: 256 bp from 301 bp; crop starts 0..45; shifts -22..+23; fresh uniform draw per access
Evaluation: crops (0, 22, 23, 45), reverse complement=True; all samples
train: n=48,884, positive=484, negative=48,400
  val: n=12,827, positive=127, negative=12,700
 test: n=45,248, positive=448, negative=44,800
Device: cuda
Hidden activation: RELU
Parameters: 1,032,981 total; 1,032,981 trainable
Architecture: motif kernels 9/12; encoder 128/64/64; original five-block bottleneck at 64; decoder 64/128/256
  negatives seen=10.0%; hard negatives=0
Epoch 001 train: loss=1.3111 AUROC=0.5528 AUPRC=0.0996 BalAcc=0.5523 F1=0.1832 MCC=0.0603
Epoch 001 val  : loss=0.6197 AUROC=0.6761 AUPRC=0.0182 BalAcc=0.5578 F1=0.0376 MCC=0.0371
  learning_rate_used=3.000e-04; learning_rate_next=2.999e-04; elapsed=8.1s
  saved new best checkpoint: /data/projects/SFB_A03/jan/AT_TFBS/human301/runs/RORB/crossassay_archthalia_20261009_144503_1046783/CHIP_seed1/best_model.pt (objective=classification-auprc, score=0.018176)
  negatives seen=20.0%; hard negatives=0
Epoch 002 train: loss=1.1755 AUROC=0.6763 AUPRC=0.1632 BalAcc=0.6221 F1=0.2316 MCC=0.1441
Epoch 002 val  : loss=0.5852 AUROC=0.7070 AUPRC=0.0187 BalAcc=0.6428 F1=0.0410 MCC=0.0658
  learning_rate_used=2.999e-04; learning_rate_next=2.997e-04; elapsed=6.2s
  saved new best checkpoint: /data/projects/SFB_A03/jan/AT_TFBS/human301/runs/RORB/crossassay_archthalia_20261009_144503_1046783/CHIP_seed1/best_model.pt (objective=classification-auprc, score=0.018679)
  negatives seen=30.0%; hard negatives=0
Epoch 003 train: loss=1.1042 AUROC=0.7401 AUPRC=0.2068 BalAcc=0.6800 F1=0.2740 MCC=0.2137
Epoch 003 val  : loss=0.9454 AUROC=0.7399 AUPRC=0.0233 BalAcc=0.6250 F1=0.0262 MCC=0.0552
  learning_rate_used=2.997e-04; learning_rate_next=2.993e-04; elapsed=6.2s
  saved new best checkpoint: /data/projects/SFB_A03/jan/AT_TFBS/human301/runs/RORB/crossassay_archthalia_20261009_144503_1046783/CHIP_seed1/best_model.pt (objective=classification-auprc, score=0.023342)
  negatives seen=40.0%; hard negatives=0
Epoch 004 train: loss=1.0598 AUROC=0.7601 AUPRC=0.2206 BalAcc=0.7039 F1=0.2896 MCC=0.2414
Epoch 004 val  : loss=0.5934 AUROC=0.7277 AUPRC=0.0210 BalAcc=0.6522 F1=0.0391 MCC=0.0665
  learning_rate_used=2.993e-04; learning_rate_next=2.988e-04; elapsed=6.3s
  negatives seen=50.0%; hard negatives=0
Epoch 005 train: loss=0.9966 AUROC=0.7960 AUPRC=0.2637 BalAcc=0.7274 F1=0.3177 MCC=0.2758
Epoch 005 val  : loss=0.5806 AUROC=0.7553 AUPRC=0.0269 BalAcc=0.6786 F1=0.0412 MCC=0.0766
  learning_rate_used=2.988e-04; learning_rate_next=2.982e-04; elapsed=6.3s
  saved new best checkpoint: /data/projects/SFB_A03/jan/AT_TFBS/human301/runs/RORB/crossassay_archthalia_20261009_144503_1046783/CHIP_seed1/best_model.pt (objective=classification-auprc, score=0.026941)
  negatives seen=60.0%; hard negatives=0
Epoch 006 train: loss=0.9961 AUROC=0.7958 AUPRC=0.2552 BalAcc=0.7335 F1=0.3174 MCC=0.2803
Epoch 006 val  : loss=0.5605 AUROC=0.7784 AUPRC=0.0372 BalAcc=0.6975 F1=0.0428 MCC=0.0840
  learning_rate_used=2.982e-04; learning_rate_next=2.974e-04; elapsed=6.3s
  saved new best checkpoint: /data/projects/SFB_A03/jan/AT_TFBS/human301/runs/RORB/crossassay_archthalia_20261009_144503_1046783/CHIP_seed1/best_model.pt (objective=classification-auprc, score=0.037176)
  negatives seen=70.0%; hard negatives=0
Epoch 007 train: loss=0.9636 AUROC=0.8101 AUPRC=0.2737 BalAcc=0.7438 F1=0.3271 MCC=0.2939
Epoch 007 val  : loss=0.4520 AUROC=0.7571 AUPRC=0.0338 BalAcc=0.6340 F1=0.0471 MCC=0.0697
  learning_rate_used=2.974e-04; learning_rate_next=2.964e-04; elapsed=6.3s
  negatives seen=80.0%; hard negatives=0
Epoch 008 train: loss=0.9100 AUROC=0.8284 AUPRC=0.3038 BalAcc=0.7485 F1=0.3342 MCC=0.3016
Epoch 008 val  : loss=0.3070 AUROC=0.7650 AUPRC=0.0352 BalAcc=0.5349 F1=0.0530 MCC=0.0439
  learning_rate_used=2.964e-04; learning_rate_next=2.953e-04; elapsed=6.2s
  negatives seen=90.0%; hard negatives=0
Epoch 009 train: loss=0.8872 AUROC=0.8423 AUPRC=0.3377 BalAcc=0.7671 F1=0.3583 MCC=0.3304
Epoch 009 val  : loss=0.6910 AUROC=0.7883 AUPRC=0.0377 BalAcc=0.7252 F1=0.0402 MCC=0.0906
  learning_rate_used=2.953e-04; learning_rate_next=2.941e-04; elapsed=6.3s
  saved new best checkpoint: /data/projects/SFB_A03/jan/AT_TFBS/human301/runs/RORB/crossassay_archthalia_20261009_144503_1046783/CHIP_seed1/best_model.pt (objective=classification-auprc, score=0.037680)
  negatives seen=100.0%; hard negatives=0
Epoch 010 train: loss=0.8674 AUROC=0.8489 AUPRC=0.3909 BalAcc=0.7661 F1=0.3584 MCC=0.3298
Epoch 010 val  : loss=0.6553 AUROC=0.7612 AUPRC=0.0368 BalAcc=0.6870 F1=0.0399 MCC=0.0779
  learning_rate_used=2.941e-04; learning_rate_next=2.927e-04; elapsed=6.3s
  negatives seen=100.0%; hard negatives=0
Epoch 011 train: loss=0.7979 AUROC=0.8736 AUPRC=0.4158 BalAcc=0.7969 F1=0.3934 MCC=0.3744
Epoch 011 val  : loss=0.9763 AUROC=0.8004 AUPRC=0.0375 BalAcc=0.7004 F1=0.0330 MCC=0.0802
  learning_rate_used=2.927e-04; learning_rate_next=2.912e-04; elapsed=6.3s
  negatives seen=100.0%; hard negatives=0
Epoch 012 train: loss=0.7858 AUROC=0.8818 AUPRC=0.4536 BalAcc=0.8027 F1=0.4081 MCC=0.3884
Epoch 012 val  : loss=0.5733 AUROC=0.7600 AUPRC=0.0372 BalAcc=0.6709 F1=0.0414 MCC=0.0745
  learning_rate_used=2.912e-04; learning_rate_next=2.895e-04; elapsed=6.3s
  negatives seen=100.0%; hard negatives=0
Epoch 013 train: loss=0.7271 AUROC=0.8988 AUPRC=0.4801 BalAcc=0.8129 F1=0.4358 MCC=0.4148
Epoch 013 val  : loss=0.6417 AUROC=0.7907 AUPRC=0.0351 BalAcc=0.7178 F1=0.0453 MCC=0.0927
  learning_rate_used=2.895e-04; learning_rate_next=2.877e-04; elapsed=6.3s
  negatives seen=100.0%; hard negatives=0
Epoch 014 train: loss=0.6788 AUROC=0.9105 AUPRC=0.5252 BalAcc=0.8331 F1=0.4581 MCC=0.4436
Epoch 014 val  : loss=0.3177 AUROC=0.7896 AUPRC=0.0491 BalAcc=0.6193 F1=0.0812 MCC=0.0971
  learning_rate_used=2.877e-04; learning_rate_next=2.858e-04; elapsed=6.3s
  saved new best checkpoint: /data/projects/SFB_A03/jan/AT_TFBS/human301/runs/RORB/crossassay_archthalia_20261009_144503_1046783/CHIP_seed1/best_model.pt (objective=classification-auprc, score=0.049117)
  negatives seen=100.0%; hard negatives=0
Epoch 015 train: loss=0.6459 AUROC=0.9185 AUPRC=0.5444 BalAcc=0.8430 F1=0.4782 MCC=0.4645
Epoch 015 val  : loss=0.4133 AUROC=0.7928 AUPRC=0.0427 BalAcc=0.6721 F1=0.0577 MCC=0.0922
  learning_rate_used=2.858e-04; learning_rate_next=2.837e-04; elapsed=6.3s
  negatives seen=100.0%; hard negatives=0
Epoch 016 train: loss=0.6574 AUROC=0.9190 AUPRC=0.5569 BalAcc=0.8396 F1=0.4729 MCC=0.4585
Epoch 016 val  : loss=0.2956 AUROC=0.7913 AUPRC=0.0438 BalAcc=0.5814 F1=0.0994 MCC=0.0981
  learning_rate_used=2.837e-04; learning_rate_next=2.815e-04; elapsed=6.3s
  negatives seen=100.0%; hard negatives=0
Epoch 017 train: loss=0.6054 AUROC=0.9313 AUPRC=0.6253 BalAcc=0.8614 F1=0.5074 MCC=0.4974
Epoch 017 val  : loss=0.3020 AUROC=0.7873 AUPRC=0.0419 BalAcc=0.5537 F1=0.0707 MCC=0.0649
  learning_rate_used=2.815e-04; learning_rate_next=2.792e-04; elapsed=6.3s
  negatives seen=100.0%; hard negatives=0
Epoch 018 train: loss=0.5652 AUROC=0.9396 AUPRC=0.6417 BalAcc=0.8663 F1=0.5246 MCC=0.5134
Epoch 018 val  : loss=0.5414 AUROC=0.8121 AUPRC=0.0463 BalAcc=0.7389 F1=0.0520 MCC=0.1060
  learning_rate_used=2.792e-04; learning_rate_next=2.767e-04; elapsed=6.3s
  negatives seen=100.0%; hard negatives=0
Epoch 019 train: loss=0.5780 AUROC=0.9388 AUPRC=0.6144 BalAcc=0.8707 F1=0.5488 MCC=0.5348
Epoch 019 val  : loss=0.3905 AUROC=0.7631 AUPRC=0.0341 BalAcc=0.5804 F1=0.0466 MCC=0.0530
  learning_rate_used=2.767e-04; learning_rate_next=2.741e-04; elapsed=6.3s
  negatives seen=100.0%; hard negatives=0
Epoch 020 train: loss=0.5415 AUROC=0.9452 AUPRC=0.6586 BalAcc=0.8779 F1=0.5553 MCC=0.5439
Epoch 020 val  : loss=0.4025 AUROC=0.7829 AUPRC=0.0431 BalAcc=0.6766 F1=0.0677 MCC=0.1038
  learning_rate_used=2.741e-04; learning_rate_next=2.714e-04; elapsed=6.3s
  negatives seen=100.0%; hard negatives=0
Epoch 021 train: loss=0.5540 AUROC=0.9430 AUPRC=0.6377 BalAcc=0.8644 F1=0.5427 MCC=0.5267
Epoch 021 val  : loss=0.3600 AUROC=0.8017 AUPRC=0.0432 BalAcc=0.6518 F1=0.0683 MCC=0.0965
  learning_rate_used=2.714e-04; learning_rate_next=2.686e-04; elapsed=6.3s
  negatives seen=100.0%; hard negatives=0
Epoch 022 train: loss=0.4933 AUROC=0.9554 AUPRC=0.7068 BalAcc=0.8839 F1=0.5860 MCC=0.5718
Epoch 022 val  : loss=0.3941 AUROC=0.8089 AUPRC=0.0411 BalAcc=0.6817 F1=0.0672 MCC=0.1049
  learning_rate_used=2.686e-04; learning_rate_next=2.657e-04; elapsed=6.4s
  negatives seen=100.0%; hard negatives=0
Epoch 023 train: loss=0.4396 AUROC=0.9638 AUPRC=0.7392 BalAcc=0.8969 F1=0.6233 MCC=0.6091
Epoch 023 val  : loss=0.6263 AUROC=0.8072 AUPRC=0.0514 BalAcc=0.7298 F1=0.0489 MCC=0.1000
  learning_rate_used=2.657e-04; learning_rate_next=2.626e-04; elapsed=6.3s
  saved new best checkpoint: /data/projects/SFB_A03/jan/AT_TFBS/human301/runs/RORB/crossassay_archthalia_20261009_144503_1046783/CHIP_seed1/best_model.pt (objective=classification-auprc, score=0.051416)
  negatives seen=100.0%; hard negatives=0
Epoch 024 train: loss=0.5290 AUROC=0.9499 AUPRC=0.6728 BalAcc=0.8732 F1=0.5691 MCC=0.5527
Epoch 024 val  : loss=0.4787 AUROC=0.8014 AUPRC=0.0449 BalAcc=0.7044 F1=0.0568 MCC=0.1009
  learning_rate_used=2.626e-04; learning_rate_next=2.595e-04; elapsed=6.4s
  negatives seen=100.0%; hard negatives=0
Epoch 025 train: loss=0.3997 AUROC=0.9689 AUPRC=0.7787 BalAcc=0.9106 F1=0.6375 MCC=0.6275
Epoch 025 val  : loss=0.4543 AUROC=0.8024 AUPRC=0.0453 BalAcc=0.7021 F1=0.0600 MCC=0.1036
  learning_rate_used=2.595e-04; learning_rate_next=2.562e-04; elapsed=6.3s
  negatives seen=100.0%; hard negatives=0
Epoch 026 train: loss=0.4067 AUROC=0.9690 AUPRC=0.7791 BalAcc=0.9150 F1=0.6535 MCC=0.6429
Epoch 026 val  : loss=0.2873 AUROC=0.8218 AUPRC=0.0666 BalAcc=0.5751 F1=0.0995 MCC=0.0961
  learning_rate_used=2.562e-04; learning_rate_next=2.528e-04; elapsed=6.3s
  saved new best checkpoint: /data/projects/SFB_A03/jan/AT_TFBS/human301/runs/RORB/crossassay_archthalia_20261009_144503_1046783/CHIP_seed1/best_model.pt (objective=classification-auprc, score=0.066608)
  negatives seen=100.0%; hard negatives=0
Epoch 027 train: loss=0.4149 AUROC=0.9694 AUPRC=0.7826 BalAcc=0.9112 F1=0.6548 MCC=0.6424
Epoch 027 val  : loss=0.3608 AUROC=0.7955 AUPRC=0.0402 BalAcc=0.6262 F1=0.0680 MCC=0.0879
  learning_rate_used=2.528e-04; learning_rate_next=2.494e-04; elapsed=6.3s
  negatives seen=100.0%; hard negatives=0
Epoch 028 train: loss=0.4293 AUROC=0.9663 AUPRC=0.7664 BalAcc=0.9054 F1=0.6394 MCC=0.6266
Epoch 028 val  : loss=0.3405 AUROC=0.7965 AUPRC=0.0442 BalAcc=0.5755 F1=0.0540 MCC=0.0582
  learning_rate_used=2.494e-04; learning_rate_next=2.458e-04; elapsed=6.3s
  negatives seen=100.0%; hard negatives=0
Epoch 029 train: loss=0.3827 AUROC=0.9728 AUPRC=0.8003 BalAcc=0.9125 F1=0.6572 MCC=0.6451
Epoch 029 val  : loss=0.3187 AUROC=0.7944 AUPRC=0.0378 BalAcc=0.5428 F1=0.0739 MCC=0.0646
  learning_rate_used=2.458e-04; learning_rate_next=2.421e-04; elapsed=6.2s
  negatives seen=100.0%; hard negatives=0
Epoch 030 train: loss=0.3893 AUROC=0.9733 AUPRC=0.8152 BalAcc=0.9132 F1=0.6687 MCC=0.6553
Epoch 030 val  : loss=0.3328 AUROC=0.7985 AUPRC=0.0363 BalAcc=0.5502 F1=0.0538 MCC=0.0494
  learning_rate_used=2.421e-04; learning_rate_next=2.384e-04; elapsed=6.3s
  negatives seen=100.0%; hard negatives=0
Epoch 031 train: loss=0.3397 AUROC=0.9779 AUPRC=0.8292 BalAcc=0.9274 F1=0.7027 MCC=0.6909
Epoch 031 val  : loss=0.3540 AUROC=0.8056 AUPRC=0.0476 BalAcc=0.6834 F1=0.0827 MCC=0.1204
  learning_rate_used=2.384e-04; learning_rate_next=2.345e-04; elapsed=6.3s
  negatives seen=100.0%; hard negatives=0
Epoch 032 train: loss=0.3357 AUROC=0.9784 AUPRC=0.8334 BalAcc=0.9253 F1=0.6963 MCC=0.6843
Epoch 032 val  : loss=0.4931 AUROC=0.7945 AUPRC=0.0459 BalAcc=0.6935 F1=0.0538 MCC=0.0945
  learning_rate_used=2.345e-04; learning_rate_next=2.306e-04; elapsed=6.2s
  negatives seen=100.0%; hard negatives=0
Epoch 033 train: loss=0.3066 AUROC=0.9831 AUPRC=0.8655 BalAcc=0.9323 F1=0.7454 MCC=0.7312
Epoch 033 val  : loss=0.8602 AUROC=0.8025 AUPRC=0.0398 BalAcc=0.7416 F1=0.0427 MCC=0.0978
  learning_rate_used=2.306e-04; learning_rate_next=2.266e-04; elapsed=6.3s
  negatives seen=100.0%; hard negatives=0
Epoch 034 train: loss=0.3448 AUROC=0.9775 AUPRC=0.8229 BalAcc=0.9205 F1=0.6972 MCC=0.6833
Epoch 034 val  : loss=0.3208 AUROC=0.7938 AUPRC=0.0465 BalAcc=0.6207 F1=0.0844 MCC=0.1004
  learning_rate_used=2.266e-04; learning_rate_next=2.225e-04; elapsed=6.3s
  negatives seen=100.0%; hard negatives=0
Epoch 035 train: loss=0.2997 AUROC=0.9830 AUPRC=0.8548 BalAcc=0.9371 F1=0.7430 MCC=0.7306
Epoch 035 val  : loss=0.3715 AUROC=0.7978 AUPRC=0.0552 BalAcc=0.5437 F1=0.0790 MCC=0.0696
  learning_rate_used=2.225e-04; learning_rate_next=2.184e-04; elapsed=6.2s
  negatives seen=100.0%; hard negatives=0
Epoch 036 train: loss=0.2949 AUROC=0.9842 AUPRC=0.8809 BalAcc=0.9362 F1=0.7426 MCC=0.7299
Epoch 036 val  : loss=0.3223 AUROC=0.7874 AUPRC=0.0488 BalAcc=0.6309 F1=0.1051 MCC=0.1213
  learning_rate_used=2.184e-04; learning_rate_next=2.142e-04; elapsed=6.4s
  negatives seen=100.0%; hard negatives=0
Epoch 037 train: loss=0.2795 AUROC=0.9844 AUPRC=0.8621 BalAcc=0.9432 F1=0.7537 MCC=0.7425
Epoch 037 val  : loss=0.3684 AUROC=0.8007 AUPRC=0.0564 BalAcc=0.6331 F1=0.0629 MCC=0.0854
  learning_rate_used=2.142e-04; learning_rate_next=2.099e-04; elapsed=6.3s
  negatives seen=100.0%; hard negatives=0
Epoch 038 train: loss=0.2755 AUROC=0.9858 AUPRC=0.8774 BalAcc=0.9417 F1=0.7607 MCC=0.7484
Epoch 038 val  : loss=0.3666 AUROC=0.8052 AUPRC=0.0494 BalAcc=0.6686 F1=0.0786 MCC=0.1117
  learning_rate_used=2.099e-04; learning_rate_next=2.055e-04; elapsed=6.3s
  negatives seen=100.0%; hard negatives=0
Epoch 039 train: loss=0.2603 AUROC=0.9868 AUPRC=0.8767 BalAcc=0.9417 F1=0.7607 MCC=0.7484
Epoch 039 val  : loss=0.3437 AUROC=0.8062 AUPRC=0.0529 BalAcc=0.5661 F1=0.0737 MCC=0.0716
  learning_rate_used=2.055e-04; learning_rate_next=2.011e-04; elapsed=6.3s
  negatives seen=100.0%; hard negatives=0
Epoch 040 train: loss=0.2314 AUROC=0.9896 AUPRC=0.9100 BalAcc=0.9572 F1=0.8045 MCC=0.7941
Epoch 040 val  : loss=0.4205 AUROC=0.7916 AUPRC=0.0385 BalAcc=0.5415 F1=0.0842 MCC=0.0745
  learning_rate_used=2.011e-04; learning_rate_next=1.967e-04; elapsed=6.3s
  negatives seen=100.0%; hard negatives=0
Epoch 041 train: loss=0.2345 AUROC=0.9911 AUPRC=0.9372 BalAcc=0.9519 F1=0.8161 MCC=0.8038
Epoch 041 val  : loss=0.3292 AUROC=0.7807 AUPRC=0.0461 BalAcc=0.5944 F1=0.0791 MCC=0.0864
  learning_rate_used=1.967e-04; learning_rate_next=1.922e-04; elapsed=6.3s
  negatives seen=100.0%; hard negatives=0
Epoch 042 train: loss=0.2291 AUROC=0.9902 AUPRC=0.9112 BalAcc=0.9537 F1=0.8046 MCC=0.7932
Epoch 042 val  : loss=0.3898 AUROC=0.7971 AUPRC=0.0563 BalAcc=0.5472 F1=0.1083 MCC=0.1001
  learning_rate_used=1.922e-04; learning_rate_next=1.877e-04; elapsed=6.2s
  negatives seen=100.0%; hard negatives=0
Epoch 043 train: loss=0.2220 AUROC=0.9902 AUPRC=0.9025 BalAcc=0.9568 F1=0.8138 MCC=0.8028
Epoch 043 val  : loss=0.4024 AUROC=0.8128 AUPRC=0.0544 BalAcc=0.5403 F1=0.1023 MCC=0.0966
  learning_rate_used=1.877e-04; learning_rate_next=1.831e-04; elapsed=6.3s
  negatives seen=100.0%; hard negatives=0
Epoch 044 train: loss=0.2423 AUROC=0.9909 AUPRC=0.9283 BalAcc=0.9488 F1=0.8129 MCC=0.7999
Epoch 044 val  : loss=0.3723 AUROC=0.7737 AUPRC=0.0475 BalAcc=0.6367 F1=0.0750 MCC=0.0978
  learning_rate_used=1.831e-04; learning_rate_next=1.785e-04; elapsed=6.4s
  negatives seen=100.0%; hard negatives=0
Epoch 045 train: loss=0.1935 AUROC=0.9920 AUPRC=0.9219 BalAcc=0.9588 F1=0.8213 MCC=0.8106
Epoch 045 val  : loss=0.3889 AUROC=0.8171 AUPRC=0.0577 BalAcc=0.5472 F1=0.1083 MCC=0.1001
  learning_rate_used=1.785e-04; learning_rate_next=1.739e-04; elapsed=6.3s
  negatives seen=100.0%; hard negatives=0
Epoch 046 train: loss=0.2111 AUROC=0.9925 AUPRC=0.9253 BalAcc=0.9543 F1=0.8341 MCC=0.8219
Epoch 046 val  : loss=0.3562 AUROC=0.8017 AUPRC=0.0459 BalAcc=0.5583 F1=0.0939 MCC=0.0862
  learning_rate_used=1.739e-04; learning_rate_next=1.692e-04; elapsed=6.2s
Early stopping after 46 epochs.
Binary threshold: 0.251212 (strategy=val-mcc, validation_score=0.129752)
Validation-only run completed; frozen model: /data/projects/SFB_A03/jan/AT_TFBS/human301/runs/RORB/crossassay_archthalia_20261009_144503_1046783/CHIP_seed1/model_for_prediction.pt
RORB: CHIP -> CHIP
TEST RORB CHIP -> CHIP: loss=0.3091 AUROC=0.7959 AUPRC=0.0544 BalAcc=0.6648 F1=0.0805 MCC=0.1121
RORB: CHIP -> GHTS
TEST RORB CHIP -> GHTS: loss=0.2942 AUROC=0.8145 AUPRC=0.1631 BalAcc=0.7283 F1=0.1161 MCC=0.1657
Completed RORB/CHIP: one model, both fixed test sets.
