CTCF/CHIP: reusing /data/projects/SFB_A03/jan/AT_TFBS/raw_data/human/CTCF/hum301_multitf_chr5_chr7/dataset.npz
{
  "train": {
    "positive": 44203,
    "negative": 4420300,
    "total": 4464503,
    "chromosomes": [
      "chr1",
      "chr11",
      "chr13",
      "chr15",
      "chr17",
      "chr19",
      "chr21",
      "chr3",
      "chr9"
    ],
    "sequences_with_N": 2,
    "max_N_fraction": 0.0033222591362126247,
    "mean_GC_fraction_ACGT_only": {
      "positive": 0.50709394808894,
      "negative": 0.4475993902489894
    }
  },
  "validation": {
    "positive": 12912,
    "negative": 1291200,
    "total": 1304112,
    "chromosomes": [
      "chr5",
      "chr7"
    ],
    "sequences_with_N": 0,
    "max_N_fraction": 0.0,
    "mean_GC_fraction_ACGT_only": {
      "positive": 0.47435309604087167,
      "negative": 0.4031380013750118
    }
  },
  "test": {
    "positive": 51547,
    "negative": 5154700,
    "total": 5206247,
    "chromosomes": [
      "chr10",
      "chr12",
      "chr14",
      "chr16",
      "chr18",
      "chr2",
      "chr20",
      "chr22",
      "chr4",
      "chr6",
      "chr8"
    ],
    "sequences_with_N": 0,
    "max_N_fraction": 0.0,
    "mean_GC_fraction_ACGT_only": {
      "positive": 0.48748589085585664,
      "negative": 0.44758607488298746
    }
  }
}
CTCF/GHTS: packing existing FASTAs into /data/projects/SFB_A03/jan/AT_TFBS/raw_data/human/CTCF/GHTS/dataset.npz; no genome extraction
Loaded train_positive: 13,383
Loaded train_negative: 1,338,300
Loaded test_positive: 11,114
Loaded test_negative: 1,111,400
{
  "train": {
    "positive": 10821,
    "negative": 1082100,
    "total": 1092921,
    "chromosomes": [
      "chr1",
      "chr11",
      "chr13",
      "chr15",
      "chr17",
      "chr19",
      "chr21",
      "chr3",
      "chr9"
    ],
    "sequences_with_N": 0,
    "max_N_fraction": 0.0,
    "mean_GC_fraction_ACGT_only": {
      "positive": 0.540023229103248,
      "negative": 0.511726647551626
    }
  },
  "validation": {
    "positive": 2562,
    "negative": 256200,
    "total": 258762,
    "chromosomes": [
      "chr5",
      "chr7"
    ],
    "sequences_with_N": 0,
    "max_N_fraction": 0.0,
    "mean_GC_fraction_ACGT_only": {
      "positive": 0.5144742609205329,
      "negative": 0.49500532961945737
    }
  },
  "test": {
    "positive": 11114,
    "negative": 1111400,
    "total": 1122514,
    "chromosomes": [
      "chr10",
      "chr12",
      "chr14",
      "chr16",
      "chr18",
      "chr2",
      "chr20",
      "chr22",
      "chr4",
      "chr6",
      "chr8"
    ],
    "sequences_with_N": 1,
    "max_N_fraction": 0.0033222591362126247,
    "mean_GC_fraction_ACGT_only": {
      "positive": 0.5216412231158769,
      "negative": 0.502316873692574
    }
  }
}
Sequence audit: {
  "train": {
    "duplicates_or_RC_duplicates_within_split": 21,
    "identical_or_RC_identical_sequences_with_both_labels": 0
  },
  "validation": {
    "duplicates_or_RC_duplicates_within_split": 7,
    "identical_or_RC_identical_sequences_with_both_labels": 0
  },
  "test": {
    "duplicates_or_RC_duplicates_within_split": 14,
    "identical_or_RC_identical_sequences_with_both_labels": 0
  },
  "train_validation_shared_sequences_or_RC": 2,
  "train_test_shared_sequences_or_RC": 10,
  "validation_test_shared_sequences_or_RC": 2
}
Saved: /data/projects/SFB_A03/jan/AT_TFBS/raw_data/human/CTCF/GHTS/dataset.npz
CTCF: caches ready for CHIP and GHTS; cross-test chromosomes are held out.
