TF=ELF3 train=GHTS seed=1 model=hum301_motif64_local.py
/home/jbossenz/miniforge3/envs/at_env/bin/python -u /data/projects/SFB_A03/jan/AT_TFBS/human301/hum301_motif64_local.py train --cache /data/projects/SFB_A03/jan/AT_TFBS/raw_data/human/ELF3/GHTS/dataset.npz --output-dir /data/projects/SFB_A03/jan/AT_TFBS/human301/runs/ELF3/crossassay_20261008_004647_1001695/GHTS_seed1 --input-length 256 --embed-channels 64 --encoder-channels 80 96 128 --heads 4 --ffn-channels 256 --classification-readout local-logsumexp --task-mode classification --checkpoint-objective classification-auprc --threshold-strategy val-mcc --negatives-per-positive 10 --batch-size 88 --hard-negative-fraction 0 --epochs 100 --patience 20 --learning-rate 0.0003 --min-learning-rate 0.000001 --weight-decay 0.0001 --dropout 0.1 --activation relu --reverse-complement-probability 0.5 --eval-crops multi --eval-rc --no-balanced-evaluation --eval-batch-size 128 --num-workers 2 --seed 1 --device cuda --skip-test
Window geometry: 256 bp from 301 bp; crop starts 0..45; shifts -22..+23; fresh uniform draw per access
Evaluation: crops (0, 22, 23, 45), reverse complement=True; all samples
train: n=1,592,265, positive=15,765, negative=1,576,500
  val: n=439,148, positive=4,348, negative=434,800
 test: n=1,835,574, positive=18,174, negative=1,817,400
Device: cuda
Hidden activation: RELU
Parameters: 1,032,981 total; 1,032,981 trainable
Architecture: motif kernels 9/12; encoder 128/64/64; original five-block bottleneck at 64; decoder 64/128/256
  negatives seen=10.0%; hard negatives=0
Epoch 001 train: loss=0.2581 AUROC=0.9875 AUPRC=0.9162 BalAcc=0.9514 F1=0.8110 MCC=0.7987
Epoch 001 val  : loss=0.0600 AUROC=0.9970 AUPRC=0.8842 BalAcc=0.9822 F1=0.4921 MCC=0.5623
  learning_rate_used=3.000e-04; learning_rate_next=2.999e-04; elapsed=199.8s
  saved new best checkpoint: /data/projects/SFB_A03/jan/AT_TFBS/human301/runs/ELF3/crossassay_20261008_004647_1001695/GHTS_seed1/best_model.pt (objective=classification-auprc, score=0.884209)
  negatives seen=20.0%; hard negatives=0
Epoch 002 train: loss=0.1509 AUROC=0.9950 AUPRC=0.9624 BalAcc=0.9748 F1=0.9061 MCC=0.8982
Epoch 002 val  : loss=0.0345 AUROC=0.9973 AUPRC=0.9003 BalAcc=0.9773 F1=0.6924 MCC=0.7181
  learning_rate_used=2.999e-04; learning_rate_next=2.997e-04; elapsed=200.0s
  saved new best checkpoint: /data/projects/SFB_A03/jan/AT_TFBS/human301/runs/ELF3/crossassay_20261008_004647_1001695/GHTS_seed1/best_model.pt (objective=classification-auprc, score=0.900282)
  negatives seen=30.0%; hard negatives=0
Epoch 003 train: loss=0.1358 AUROC=0.9958 AUPRC=0.9688 BalAcc=0.9783 F1=0.9178 MCC=0.9108
Epoch 003 val  : loss=0.0381 AUROC=0.9975 AUPRC=0.9162 BalAcc=0.9849 F1=0.6337 MCC=0.6736
  learning_rate_used=2.997e-04; learning_rate_next=2.993e-04; elapsed=199.4s
  saved new best checkpoint: /data/projects/SFB_A03/jan/AT_TFBS/human301/runs/ELF3/crossassay_20261008_004647_1001695/GHTS_seed1/best_model.pt (objective=classification-auprc, score=0.916167)
  negatives seen=40.0%; hard negatives=0
Epoch 004 train: loss=0.1226 AUROC=0.9966 AUPRC=0.9736 BalAcc=0.9802 F1=0.9247 MCC=0.9182
Epoch 004 val  : loss=0.0319 AUROC=0.9979 AUPRC=0.9198 BalAcc=0.9867 F1=0.6847 MCC=0.7151
  learning_rate_used=2.993e-04; learning_rate_next=2.988e-04; elapsed=202.4s
  saved new best checkpoint: /data/projects/SFB_A03/jan/AT_TFBS/human301/runs/ELF3/crossassay_20261008_004647_1001695/GHTS_seed1/best_model.pt (objective=classification-auprc, score=0.919806)
  negatives seen=50.0%; hard negatives=0
Epoch 005 train: loss=0.1129 AUROC=0.9972 AUPRC=0.9782 BalAcc=0.9820 F1=0.9320 MCC=0.9260
Epoch 005 val  : loss=0.0336 AUROC=0.9982 AUPRC=0.9313 BalAcc=0.9863 F1=0.6524 MCC=0.6890
  learning_rate_used=2.988e-04; learning_rate_next=2.982e-04; elapsed=201.9s
  saved new best checkpoint: /data/projects/SFB_A03/jan/AT_TFBS/human301/runs/ELF3/crossassay_20261008_004647_1001695/GHTS_seed1/best_model.pt (objective=classification-auprc, score=0.931348)
  negatives seen=60.0%; hard negatives=0
Epoch 006 train: loss=0.1051 AUROC=0.9975 AUPRC=0.9817 BalAcc=0.9827 F1=0.9371 MCC=0.9315
Epoch 006 val  : loss=0.0497 AUROC=0.9984 AUPRC=0.9310 BalAcc=0.9870 F1=0.5446 MCC=0.6047
  learning_rate_used=2.982e-04; learning_rate_next=2.974e-04; elapsed=201.2s
  negatives seen=70.0%; hard negatives=0
Epoch 007 train: loss=0.1051 AUROC=0.9975 AUPRC=0.9796 BalAcc=0.9829 F1=0.9359 MCC=0.9302
Epoch 007 val  : loss=0.0314 AUROC=0.9984 AUPRC=0.9330 BalAcc=0.9886 F1=0.6733 MCC=0.7066
  learning_rate_used=2.974e-04; learning_rate_next=2.964e-04; elapsed=202.1s
  saved new best checkpoint: /data/projects/SFB_A03/jan/AT_TFBS/human301/runs/ELF3/crossassay_20261008_004647_1001695/GHTS_seed1/best_model.pt (objective=classification-auprc, score=0.932980)
  negatives seen=80.0%; hard negatives=0
Epoch 008 train: loss=0.0990 AUROC=0.9978 AUPRC=0.9813 BalAcc=0.9840 F1=0.9378 MCC=0.9323
Epoch 008 val  : loss=0.0471 AUROC=0.9983 AUPRC=0.9403 BalAcc=0.9889 F1=0.5678 MCC=0.6235
  learning_rate_used=2.964e-04; learning_rate_next=2.953e-04; elapsed=200.3s
  saved new best checkpoint: /data/projects/SFB_A03/jan/AT_TFBS/human301/runs/ELF3/crossassay_20261008_004647_1001695/GHTS_seed1/best_model.pt (objective=classification-auprc, score=0.940260)
  negatives seen=90.0%; hard negatives=0
Epoch 009 train: loss=0.0902 AUROC=0.9978 AUPRC=0.9829 BalAcc=0.9861 F1=0.9435 MCC=0.9385
Epoch 009 val  : loss=0.0237 AUROC=0.9984 AUPRC=0.9395 BalAcc=0.9834 F1=0.7878 MCC=0.8001
  learning_rate_used=2.953e-04; learning_rate_next=2.941e-04; elapsed=201.7s
  negatives seen=100.0%; hard negatives=0
Epoch 010 train: loss=0.0882 AUROC=0.9980 AUPRC=0.9839 BalAcc=0.9863 F1=0.9462 MCC=0.9414
Epoch 010 val  : loss=0.0255 AUROC=0.9986 AUPRC=0.9366 BalAcc=0.9875 F1=0.7437 MCC=0.7638
  learning_rate_used=2.941e-04; learning_rate_next=2.927e-04; elapsed=204.8s
  negatives seen=100.0%; hard negatives=0
Epoch 011 train: loss=0.0890 AUROC=0.9982 AUPRC=0.9851 BalAcc=0.9852 F1=0.9451 MCC=0.9401
Epoch 011 val  : loss=0.0304 AUROC=0.9987 AUPRC=0.9435 BalAcc=0.9888 F1=0.6763 MCC=0.7090
  learning_rate_used=2.927e-04; learning_rate_next=2.912e-04; elapsed=202.5s
  saved new best checkpoint: /data/projects/SFB_A03/jan/AT_TFBS/human301/runs/ELF3/crossassay_20261008_004647_1001695/GHTS_seed1/best_model.pt (objective=classification-auprc, score=0.943474)
  negatives seen=100.0%; hard negatives=0
Epoch 012 train: loss=0.0854 AUROC=0.9982 AUPRC=0.9851 BalAcc=0.9863 F1=0.9491 MCC=0.9445
Epoch 012 val  : loss=0.0412 AUROC=0.9987 AUPRC=0.9415 BalAcc=0.9888 F1=0.5969 MCC=0.6461
  learning_rate_used=2.912e-04; learning_rate_next=2.895e-04; elapsed=201.3s
  negatives seen=100.0%; hard negatives=0
Epoch 013 train: loss=0.0842 AUROC=0.9983 AUPRC=0.9855 BalAcc=0.9866 F1=0.9468 MCC=0.9420
Epoch 013 val  : loss=0.0274 AUROC=0.9987 AUPRC=0.9414 BalAcc=0.9886 F1=0.7374 MCC=0.7589
  learning_rate_used=2.895e-04; learning_rate_next=2.877e-04; elapsed=211.7s
  negatives seen=100.0%; hard negatives=0
Epoch 014 train: loss=0.0835 AUROC=0.9984 AUPRC=0.9855 BalAcc=0.9860 F1=0.9449 MCC=0.9400
Epoch 014 val  : loss=0.0242 AUROC=0.9987 AUPRC=0.9453 BalAcc=0.9867 F1=0.7533 MCC=0.7716
  learning_rate_used=2.877e-04; learning_rate_next=2.858e-04; elapsed=216.4s
  saved new best checkpoint: /data/projects/SFB_A03/jan/AT_TFBS/human301/runs/ELF3/crossassay_20261008_004647_1001695/GHTS_seed1/best_model.pt (objective=classification-auprc, score=0.945270)
  negatives seen=100.0%; hard negatives=0
Epoch 015 train: loss=0.0783 AUROC=0.9986 AUPRC=0.9875 BalAcc=0.9876 F1=0.9508 MCC=0.9463
Epoch 015 val  : loss=0.0361 AUROC=0.9989 AUPRC=0.9470 BalAcc=0.9900 F1=0.6281 MCC=0.6710
  learning_rate_used=2.858e-04; learning_rate_next=2.837e-04; elapsed=215.1s
  saved new best checkpoint: /data/projects/SFB_A03/jan/AT_TFBS/human301/runs/ELF3/crossassay_20261008_004647_1001695/GHTS_seed1/best_model.pt (objective=classification-auprc, score=0.946986)
  negatives seen=100.0%; hard negatives=0
Epoch 016 train: loss=0.0761 AUROC=0.9987 AUPRC=0.9878 BalAcc=0.9876 F1=0.9513 MCC=0.9469
Epoch 016 val  : loss=0.0244 AUROC=0.9987 AUPRC=0.9420 BalAcc=0.9865 F1=0.7614 MCC=0.7784
  learning_rate_used=2.837e-04; learning_rate_next=2.815e-04; elapsed=216.2s
  negatives seen=100.0%; hard negatives=0
Epoch 017 train: loss=0.0735 AUROC=0.9987 AUPRC=0.9891 BalAcc=0.9873 F1=0.9524 MCC=0.9481
Epoch 017 val  : loss=0.0272 AUROC=0.9988 AUPRC=0.9473 BalAcc=0.9899 F1=0.6988 MCC=0.7276
  learning_rate_used=2.815e-04; learning_rate_next=2.792e-04; elapsed=216.4s
  saved new best checkpoint: /data/projects/SFB_A03/jan/AT_TFBS/human301/runs/ELF3/crossassay_20261008_004647_1001695/GHTS_seed1/best_model.pt (objective=classification-auprc, score=0.947261)
  negatives seen=100.0%; hard negatives=0
Epoch 018 train: loss=0.0712 AUROC=0.9988 AUPRC=0.9888 BalAcc=0.9885 F1=0.9556 MCC=0.9516
Epoch 018 val  : loss=0.0272 AUROC=0.9985 AUPRC=0.9477 BalAcc=0.9879 F1=0.7354 MCC=0.7571
  learning_rate_used=2.792e-04; learning_rate_next=2.767e-04; elapsed=215.3s
  saved new best checkpoint: /data/projects/SFB_A03/jan/AT_TFBS/human301/runs/ELF3/crossassay_20261008_004647_1001695/GHTS_seed1/best_model.pt (objective=classification-auprc, score=0.947698)
  negatives seen=100.0%; hard negatives=0
Epoch 019 train: loss=0.0691 AUROC=0.9988 AUPRC=0.9888 BalAcc=0.9887 F1=0.9546 MCC=0.9504
Epoch 019 val  : loss=0.0234 AUROC=0.9988 AUPRC=0.9407 BalAcc=0.9864 F1=0.7733 MCC=0.7885
  learning_rate_used=2.767e-04; learning_rate_next=2.741e-04; elapsed=216.2s
  negatives seen=100.0%; hard negatives=0
Epoch 020 train: loss=0.0717 AUROC=0.9988 AUPRC=0.9893 BalAcc=0.9880 F1=0.9529 MCC=0.9486
Epoch 020 val  : loss=0.0246 AUROC=0.9990 AUPRC=0.9472 BalAcc=0.9889 F1=0.7394 MCC=0.7607
  learning_rate_used=2.741e-04; learning_rate_next=2.714e-04; elapsed=215.2s
  negatives seen=100.0%; hard negatives=0
Epoch 021 train: loss=0.0676 AUROC=0.9989 AUPRC=0.9906 BalAcc=0.9884 F1=0.9559 MCC=0.9518
Epoch 021 val  : loss=0.0283 AUROC=0.9989 AUPRC=0.9506 BalAcc=0.9899 F1=0.7013 MCC=0.7297
  learning_rate_used=2.714e-04; learning_rate_next=2.686e-04; elapsed=216.8s
  saved new best checkpoint: /data/projects/SFB_A03/jan/AT_TFBS/human301/runs/ELF3/crossassay_20261008_004647_1001695/GHTS_seed1/best_model.pt (objective=classification-auprc, score=0.950576)
  negatives seen=100.0%; hard negatives=0
Epoch 022 train: loss=0.0675 AUROC=0.9989 AUPRC=0.9905 BalAcc=0.9891 F1=0.9574 MCC=0.9535
Epoch 022 val  : loss=0.0291 AUROC=0.9990 AUPRC=0.9443 BalAcc=0.9898 F1=0.7024 MCC=0.7306
  learning_rate_used=2.686e-04; learning_rate_next=2.657e-04; elapsed=215.8s
  negatives seen=100.0%; hard negatives=0
Epoch 023 train: loss=0.0640 AUROC=0.9990 AUPRC=0.9897 BalAcc=0.9895 F1=0.9583 MCC=0.9545
Epoch 023 val  : loss=0.0238 AUROC=0.9987 AUPRC=0.9447 BalAcc=0.9850 F1=0.7827 MCC=0.7962
  learning_rate_used=2.657e-04; learning_rate_next=2.626e-04; elapsed=219.3s
  negatives seen=100.0%; hard negatives=0
Epoch 024 train: loss=0.0624 AUROC=0.9990 AUPRC=0.9900 BalAcc=0.9899 F1=0.9583 MCC=0.9545
Epoch 024 val  : loss=0.0248 AUROC=0.9989 AUPRC=0.9464 BalAcc=0.9892 F1=0.7479 MCC=0.7679
  learning_rate_used=2.626e-04; learning_rate_next=2.595e-04; elapsed=219.1s
  negatives seen=100.0%; hard negatives=0
Epoch 025 train: loss=0.0637 AUROC=0.9990 AUPRC=0.9901 BalAcc=0.9894 F1=0.9569 MCC=0.9529
Epoch 025 val  : loss=0.0258 AUROC=0.9988 AUPRC=0.9481 BalAcc=0.9898 F1=0.7246 MCC=0.7488
  learning_rate_used=2.595e-04; learning_rate_next=2.562e-04; elapsed=215.0s
  negatives seen=100.0%; hard negatives=0
Epoch 026 train: loss=0.0608 AUROC=0.9990 AUPRC=0.9911 BalAcc=0.9902 F1=0.9600 MCC=0.9564
Epoch 026 val  : loss=0.0250 AUROC=0.9989 AUPRC=0.9492 BalAcc=0.9897 F1=0.7331 MCC=0.7557
  learning_rate_used=2.562e-04; learning_rate_next=2.528e-04; elapsed=216.9s
  negatives seen=100.0%; hard negatives=0
Epoch 027 train: loss=0.0577 AUROC=0.9992 AUPRC=0.9917 BalAcc=0.9903 F1=0.9612 MCC=0.9577
Epoch 027 val  : loss=0.0227 AUROC=0.9989 AUPRC=0.9477 BalAcc=0.9862 F1=0.7739 MCC=0.7890
  learning_rate_used=2.528e-04; learning_rate_next=2.494e-04; elapsed=216.6s
  negatives seen=100.0%; hard negatives=0
Epoch 028 train: loss=0.0569 AUROC=0.9991 AUPRC=0.9909 BalAcc=0.9904 F1=0.9604 MCC=0.9568
Epoch 028 val  : loss=0.0224 AUROC=0.9988 AUPRC=0.9461 BalAcc=0.9843 F1=0.7964 MCC=0.8078
  learning_rate_used=2.494e-04; learning_rate_next=2.458e-04; elapsed=216.4s
  negatives seen=100.0%; hard negatives=0
Epoch 029 train: loss=0.0560 AUROC=0.9992 AUPRC=0.9912 BalAcc=0.9907 F1=0.9604 MCC=0.9568
Epoch 029 val  : loss=0.0227 AUROC=0.9988 AUPRC=0.9488 BalAcc=0.9881 F1=0.7788 MCC=0.7936
  learning_rate_used=2.458e-04; learning_rate_next=2.421e-04; elapsed=216.8s
  negatives seen=100.0%; hard negatives=0
Epoch 030 train: loss=0.0546 AUROC=0.9993 AUPRC=0.9923 BalAcc=0.9907 F1=0.9624 MCC=0.9589
Epoch 030 val  : loss=0.0278 AUROC=0.9990 AUPRC=0.9487 BalAcc=0.9891 F1=0.7028 MCC=0.7307
  learning_rate_used=2.421e-04; learning_rate_next=2.384e-04; elapsed=218.7s
  negatives seen=100.0%; hard negatives=0
Epoch 031 train: loss=0.0538 AUROC=0.9993 AUPRC=0.9921 BalAcc=0.9909 F1=0.9630 MCC=0.9595
Epoch 031 val  : loss=0.0226 AUROC=0.9989 AUPRC=0.9474 BalAcc=0.9855 F1=0.7922 MCC=0.8044
  learning_rate_used=2.384e-04; learning_rate_next=2.345e-04; elapsed=215.6s
  negatives seen=100.0%; hard negatives=0
Epoch 032 train: loss=0.0527 AUROC=0.9993 AUPRC=0.9930 BalAcc=0.9911 F1=0.9651 MCC=0.9618
Epoch 032 val  : loss=0.0252 AUROC=0.9988 AUPRC=0.9478 BalAcc=0.9890 F1=0.7565 MCC=0.7751
  learning_rate_used=2.345e-04; learning_rate_next=2.306e-04; elapsed=218.8s
  negatives seen=100.0%; hard negatives=0
Epoch 033 train: loss=0.0522 AUROC=0.9993 AUPRC=0.9918 BalAcc=0.9913 F1=0.9645 MCC=0.9612
Epoch 033 val  : loss=0.0231 AUROC=0.9989 AUPRC=0.9457 BalAcc=0.9862 F1=0.7870 MCC=0.8002
  learning_rate_used=2.306e-04; learning_rate_next=2.266e-04; elapsed=216.9s
  negatives seen=100.0%; hard negatives=0
Epoch 034 train: loss=0.0520 AUROC=0.9993 AUPRC=0.9921 BalAcc=0.9911 F1=0.9642 MCC=0.9609
Epoch 034 val  : loss=0.0238 AUROC=0.9990 AUPRC=0.9493 BalAcc=0.9879 F1=0.7604 MCC=0.7780
  learning_rate_used=2.266e-04; learning_rate_next=2.225e-04; elapsed=215.3s
  negatives seen=100.0%; hard negatives=0
Epoch 035 train: loss=0.0492 AUROC=0.9993 AUPRC=0.9929 BalAcc=0.9920 F1=0.9661 MCC=0.9630
Epoch 035 val  : loss=0.0234 AUROC=0.9989 AUPRC=0.9503 BalAcc=0.9881 F1=0.7721 MCC=0.7880
  learning_rate_used=2.225e-04; learning_rate_next=2.184e-04; elapsed=216.5s
  negatives seen=100.0%; hard negatives=0
Epoch 036 train: loss=0.0475 AUROC=0.9994 AUPRC=0.9938 BalAcc=0.9917 F1=0.9672 MCC=0.9641
Epoch 036 val  : loss=0.0253 AUROC=0.9988 AUPRC=0.9428 BalAcc=0.9888 F1=0.7374 MCC=0.7590
  learning_rate_used=2.184e-04; learning_rate_next=2.142e-04; elapsed=218.6s
  negatives seen=100.0%; hard negatives=0
Epoch 037 train: loss=0.0466 AUROC=0.9994 AUPRC=0.9934 BalAcc=0.9920 F1=0.9675 MCC=0.9645
Epoch 037 val  : loss=0.0240 AUROC=0.9989 AUPRC=0.9486 BalAcc=0.9873 F1=0.7656 MCC=0.7822
  learning_rate_used=2.142e-04; learning_rate_next=2.099e-04; elapsed=217.1s
  negatives seen=100.0%; hard negatives=0
Epoch 038 train: loss=0.0467 AUROC=0.9995 AUPRC=0.9942 BalAcc=0.9923 F1=0.9690 MCC=0.9661
Epoch 038 val  : loss=0.0230 AUROC=0.9990 AUPRC=0.9495 BalAcc=0.9867 F1=0.7858 MCC=0.7993
  learning_rate_used=2.099e-04; learning_rate_next=2.055e-04; elapsed=215.9s
  negatives seen=100.0%; hard negatives=0
Epoch 039 train: loss=0.0461 AUROC=0.9995 AUPRC=0.9936 BalAcc=0.9919 F1=0.9683 MCC=0.9654
Epoch 039 val  : loss=0.0252 AUROC=0.9987 AUPRC=0.9443 BalAcc=0.9850 F1=0.7762 MCC=0.7906
  learning_rate_used=2.055e-04; learning_rate_next=2.011e-04; elapsed=219.3s
  negatives seen=100.0%; hard negatives=0
Epoch 040 train: loss=0.0432 AUROC=0.9995 AUPRC=0.9941 BalAcc=0.9932 F1=0.9714 MCC=0.9687
Epoch 040 val  : loss=0.0233 AUROC=0.9988 AUPRC=0.9474 BalAcc=0.9860 F1=0.7892 MCC=0.8020
  learning_rate_used=2.011e-04; learning_rate_next=1.967e-04; elapsed=217.2s
  negatives seen=100.0%; hard negatives=0
Epoch 041 train: loss=0.0469 AUROC=0.9995 AUPRC=0.9939 BalAcc=0.9918 F1=0.9692 MCC=0.9663
Epoch 041 val  : loss=0.0231 AUROC=0.9989 AUPRC=0.9500 BalAcc=0.9859 F1=0.7892 MCC=0.8020
  learning_rate_used=1.967e-04; learning_rate_next=1.922e-04; elapsed=217.9s
Early stopping after 41 epochs.
Binary threshold: 0.977329 (strategy=val-mcc, validation_score=0.891403)
Validation-only run completed; frozen model: /data/projects/SFB_A03/jan/AT_TFBS/human301/runs/ELF3/crossassay_20261008_004647_1001695/GHTS_seed1/model_for_prediction.pt
ELF3: GHTS -> GHTS
TEST ELF3 GHTS -> GHTS: loss=0.0290 AUROC=0.9989 AUPRC=0.9503 BalAcc=0.9552 F1=0.8898 MCC=0.8889
ELF3: GHTS -> CHIP
TEST ELF3 GHTS -> CHIP: loss=0.4091 AUROC=0.8848 AUPRC=0.1868 BalAcc=0.5546 F1=0.1710 MCC=0.1990
Completed ELF3/GHTS: one model, both fixed test sets.
