Summary: /data/projects/SFB_A03/jan/AT_TFBS/human301/runs/crossassay/crossassay_archthalia_20261009_144503_1046783/evaluation
TF	CHIP_to_CHIP	CHIP_to_GHTS	GHTS_to_CHIP	GHTS_to_GHTS
FLI1	0.5559	0.4722	0.2239	0.9537
FOSL2	0.6319	0.7915	0.2995	0.9724
GABPA	0.5427	0.2203	0.1732	0.9438
GLI4	0.5316	0.6324	0.3493	0.9328
LEF1	0.3983	0.5337	0.0919	0.9671
LEUTX	0.2461	0.2705	0.0303	0.9590
NR1H4	0.2255	0.1200	0.0457	0.8438
PAX7	0.4504	0.1395	0.0206	0.9853
RFX5	0.6619	0.3689	0.0797	0.7757
RORB	0.0544	0.1631	0.0256	0.9357
SOX2	0.4463	0.2346	0.0565	0.9466
USF3	0.5736	0.5654	0.2831	0.9653
VDR	0.2115	0.2298	0.0572	0.9596
YY1	0.4159	0.2986	0.0979	0.9572
ZBTB8A	0.4530	0.1255	0.0801	0.8057
ZFP3	0.8385	0.3791	0.5974	0.9124
ZNF696	0.7160	0.4812	0.6210	0.9105
ZNF772	0.6601	0.2764	0.1883	0.8813
ZNF773	0.4337	0.1699	0.2863	0.7503
TERF1	0.1717	0.5168	0.1364	0.9540
CTCF	0.6658	0.9305	0.5169	0.9626
CREB3L3	0.5519	0.4004	0.1315	0.8839
MAX	0.4163	0.0855	0.0673	0.9136
