SRY/CHIP: reusing /data/projects/SFB_A03/jan/AT_TFBS/raw_data/human/SRY/hum301_20261005_185818_tdUK1h/dataset.npz
{
  "train": {
    "positive": 3319,
    "negative": 331900,
    "total": 335219,
    "chromosomes": [
      "chr1",
      "chr11",
      "chr13",
      "chr15",
      "chr17",
      "chr19",
      "chr21",
      "chr3",
      "chr9"
    ],
    "sequences_with_N": 0,
    "max_N_fraction": 0.0,
    "mean_GC_fraction_ACGT_only": {
      "positive": 0.4581284239839282,
      "negative": 0.45812299866168704
    }
  },
  "validation": {
    "positive": 999,
    "negative": 99900,
    "total": 100899,
    "chromosomes": [
      "chr5",
      "chr7"
    ],
    "sequences_with_N": 0,
    "max_N_fraction": 0.0,
    "mean_GC_fraction_ACGT_only": {
      "positive": 0.43432136455392273,
      "negative": 0.43432319362551924
    }
  },
  "test": {
    "positive": 3678,
    "negative": 367800,
    "total": 371478,
    "chromosomes": [
      "chr10",
      "chr12",
      "chr14",
      "chr16",
      "chr18",
      "chr2",
      "chr20",
      "chr22",
      "chr4",
      "chr6",
      "chr8"
    ],
    "sequences_with_N": 0,
    "max_N_fraction": 0.0,
    "mean_GC_fraction_ACGT_only": {
      "positive": 0.44087227819539365,
      "negative": 0.44083662578427174
    }
  }
}
SRY/GHTS: packing existing FASTAs into /data/projects/SFB_A03/jan/AT_TFBS/raw_data/human/SRY/GHTS/dataset.npz; no genome extraction
Loaded train_positive: 1,966
Loaded train_negative: 196,600
Loaded test_positive: 1,852
Loaded test_negative: 185,200
{
  "train": {
    "positive": 1547,
    "negative": 154700,
    "total": 156247,
    "chromosomes": [
      "chr1",
      "chr11",
      "chr13",
      "chr15",
      "chr17",
      "chr19",
      "chr21",
      "chr3",
      "chr9"
    ],
    "sequences_with_N": 1,
    "max_N_fraction": 0.09966777408637874,
    "mean_GC_fraction_ACGT_only": {
      "positive": 0.4498439686392153,
      "negative": 0.44984075920171285
    }
  },
  "validation": {
    "positive": 419,
    "negative": 41900,
    "total": 42319,
    "chromosomes": [
      "chr5",
      "chr7"
    ],
    "sequences_with_N": 0,
    "max_N_fraction": 0.0,
    "mean_GC_fraction_ACGT_only": {
      "positive": 0.45439624481640356,
      "negative": 0.45439228030669443
    }
  },
  "test": {
    "positive": 1852,
    "negative": 185200,
    "total": 187052,
    "chromosomes": [
      "chr10",
      "chr12",
      "chr14",
      "chr16",
      "chr18",
      "chr2",
      "chr20",
      "chr22",
      "chr4",
      "chr6",
      "chr8"
    ],
    "sequences_with_N": 0,
    "max_N_fraction": 0.0,
    "mean_GC_fraction_ACGT_only": {
      "positive": 0.4506755738610679,
      "negative": 0.4506755738610679
    }
  }
}
Sequence audit: {
  "train": {
    "duplicates_or_RC_duplicates_within_split": 1,
    "identical_or_RC_identical_sequences_with_both_labels": 0
  },
  "validation": {
    "duplicates_or_RC_duplicates_within_split": 0,
    "identical_or_RC_identical_sequences_with_both_labels": 0
  },
  "test": {
    "duplicates_or_RC_duplicates_within_split": 0,
    "identical_or_RC_identical_sequences_with_both_labels": 0
  },
  "train_validation_shared_sequences_or_RC": 0,
  "train_test_shared_sequences_or_RC": 0,
  "validation_test_shared_sequences_or_RC": 0
}
Saved: /data/projects/SFB_A03/jan/AT_TFBS/raw_data/human/SRY/GHTS/dataset.npz
SRY: caches ready for CHIP and GHTS; cross-test chromosomes are held out.
