TERF1: reusing /data/projects/SFB_A03/jan/AT_TFBS/raw_data/human/TERF1/hum301_20261005_185818_tdUK1h/dataset.npz
{
  "train": {
    "positive": 709,
    "negative": 70900,
    "total": 71609,
    "chromosomes": [
      "chr1",
      "chr11",
      "chr13",
      "chr15",
      "chr17",
      "chr19",
      "chr21",
      "chr3",
      "chr9"
    ],
    "sequences_with_N": 0,
    "max_N_fraction": 0.0,
    "mean_GC_fraction_ACGT_only": {
      "positive": 0.6359619322521544,
      "negative": 0.6281450173141714
    }
  },
  "validation": {
    "positive": 186,
    "negative": 18600,
    "total": 18786,
    "chromosomes": [
      "chr5",
      "chr7"
    ],
    "sequences_with_N": 0,
    "max_N_fraction": 0.0,
    "mean_GC_fraction_ACGT_only": {
      "positive": 0.6246918872575287,
      "negative": 0.6148751473582681
    }
  },
  "test": {
    "positive": 664,
    "negative": 66400,
    "total": 67064,
    "chromosomes": [
      "chr10",
      "chr12",
      "chr14",
      "chr16",
      "chr18",
      "chr2",
      "chr20",
      "chr22",
      "chr4",
      "chr6",
      "chr8"
    ],
    "sequences_with_N": 0,
    "max_N_fraction": 0.0,
    "mean_GC_fraction_ACGT_only": {
      "positive": 0.6251501020694071,
      "negative": 0.6185894408197574
    }
  }
}
