FLI1/CHIP: packing existing FASTAs into /data/projects/SFB_A03/jan/AT_TFBS/raw_data/human/ArchThalia-ML/FLI1/CHIP/dataset.npz; no genome extraction
Loaded train_positive: 25,833
Loaded train_negative: 2,583,300
Loaded test_positive: 22,632
Loaded test_negative: 2,263,200
{
  "train": {
    "positive": 20605,
    "negative": 2060500,
    "total": 2081105,
    "chromosomes": [
      "chr1",
      "chr11",
      "chr13",
      "chr15",
      "chr17",
      "chr19",
      "chr21",
      "chr3",
      "chr9"
    ],
    "sequences_with_N": 0,
    "max_N_fraction": 0.0,
    "mean_GC_fraction_ACGT_only": {
      "positive": 0.5299849002878861,
      "negative": 0.48290946702772686
    }
  },
  "validation": {
    "positive": 5228,
    "negative": 522800,
    "total": 528028,
    "chromosomes": [
      "chr5",
      "chr7"
    ],
    "sequences_with_N": 0,
    "max_N_fraction": 0.0,
    "mean_GC_fraction_ACGT_only": {
      "positive": 0.5083958851774371,
      "negative": 0.472689396731629
    }
  },
  "test": {
    "positive": 22632,
    "negative": 2263200,
    "total": 2285832,
    "chromosomes": [
      "chr10",
      "chr12",
      "chr14",
      "chr16",
      "chr18",
      "chr2",
      "chr20",
      "chr22",
      "chr4",
      "chr6",
      "chr8"
    ],
    "sequences_with_N": 1,
    "max_N_fraction": 0.0033222591362126247,
    "mean_GC_fraction_ACGT_only": {
      "positive": 0.5147682247658819,
      "negative": 0.4754172098072995
    }
  }
}
Sequence audit: {
  "train": {
    "duplicates_or_RC_duplicates_within_split": 73,
    "identical_or_RC_identical_sequences_with_both_labels": 0
  },
  "validation": {
    "duplicates_or_RC_duplicates_within_split": 24,
    "identical_or_RC_identical_sequences_with_both_labels": 0
  },
  "test": {
    "duplicates_or_RC_duplicates_within_split": 45,
    "identical_or_RC_identical_sequences_with_both_labels": 0
  },
  "train_validation_shared_sequences_or_RC": 16,
  "train_test_shared_sequences_or_RC": 43,
  "validation_test_shared_sequences_or_RC": 9
}
Saved: /data/projects/SFB_A03/jan/AT_TFBS/raw_data/human/ArchThalia-ML/FLI1/CHIP/dataset.npz
FLI1/GHTS: packing existing FASTAs into /data/projects/SFB_A03/jan/AT_TFBS/raw_data/human/ArchThalia-ML/FLI1/GHTS/dataset.npz; no genome extraction
Loaded train_positive: 18,731
Loaded train_negative: 1,873,100
Loaded test_positive: 16,616
Loaded test_negative: 1,661,600
{
  "train": {
    "positive": 14885,
    "negative": 1488500,
    "total": 1503385,
    "chromosomes": [
      "chr1",
      "chr11",
      "chr13",
      "chr15",
      "chr17",
      "chr19",
      "chr21",
      "chr3",
      "chr9"
    ],
    "sequences_with_N": 1,
    "max_N_fraction": 0.3687707641196013,
    "mean_GC_fraction_ACGT_only": {
      "positive": 0.5397751156605843,
      "negative": 0.5027978443816771
    }
  },
  "validation": {
    "positive": 3846,
    "negative": 384600,
    "total": 388446,
    "chromosomes": [
      "chr5",
      "chr7"
    ],
    "sequences_with_N": 0,
    "max_N_fraction": 0.0,
    "mean_GC_fraction_ACGT_only": {
      "positive": 0.5242362518421002,
      "negative": 0.4949686691786609
    }
  },
  "test": {
    "positive": 16616,
    "negative": 1661600,
    "total": 1678216,
    "chromosomes": [
      "chr10",
      "chr12",
      "chr14",
      "chr16",
      "chr18",
      "chr2",
      "chr20",
      "chr22",
      "chr4",
      "chr6",
      "chr8"
    ],
    "sequences_with_N": 0,
    "max_N_fraction": 0.0,
    "mean_GC_fraction_ACGT_only": {
      "positive": 0.525993238714796,
      "negative": 0.497842774926141
    }
  }
}
Sequence audit: {
  "train": {
    "duplicates_or_RC_duplicates_within_split": 38,
    "identical_or_RC_identical_sequences_with_both_labels": 0
  },
  "validation": {
    "duplicates_or_RC_duplicates_within_split": 9,
    "identical_or_RC_identical_sequences_with_both_labels": 0
  },
  "test": {
    "duplicates_or_RC_duplicates_within_split": 29,
    "identical_or_RC_identical_sequences_with_both_labels": 0
  },
  "train_validation_shared_sequences_or_RC": 1,
  "train_test_shared_sequences_or_RC": 14,
  "validation_test_shared_sequences_or_RC": 10
}
Saved: /data/projects/SFB_A03/jan/AT_TFBS/raw_data/human/ArchThalia-ML/FLI1/GHTS/dataset.npz
FLI1: caches ready for CHIP and GHTS; cross-test chromosomes are held out.
