ELF3: preparing /data/projects/SFB_A03/jan/AT_TFBS/raw_data/human/ELF3/hum301_multitf_chr5_chr7/dataset.npz
Loaded train_positive: 41,123
Loaded train_negative: 4,112,300
Loaded test_positive: 37,515
Loaded test_negative: 3,751,500
{
  "train": {
    "positive": 31860,
    "negative": 3186000,
    "total": 3217860,
    "chromosomes": [
      "chr1",
      "chr11",
      "chr13",
      "chr15",
      "chr17",
      "chr19",
      "chr21",
      "chr3",
      "chr9"
    ],
    "sequences_with_N": 0,
    "max_N_fraction": 0.0,
    "mean_GC_fraction_ACGT_only": {
      "positive": 0.4783118835937125,
      "negative": 0.4468054674416519
    }
  },
  "validation": {
    "positive": 9263,
    "negative": 926300,
    "total": 935563,
    "chromosomes": [
      "chr5",
      "chr7"
    ],
    "sequences_with_N": 1,
    "max_N_fraction": 0.39867109634551495,
    "mean_GC_fraction_ACGT_only": {
      "positive": 0.452851239982456,
      "negative": 0.43368110114078695
    }
  },
  "test": {
    "positive": 37515,
    "negative": 3751500,
    "total": 3789015,
    "chromosomes": [
      "chr10",
      "chr12",
      "chr14",
      "chr16",
      "chr18",
      "chr2",
      "chr20",
      "chr22",
      "chr4",
      "chr6",
      "chr8"
    ],
    "sequences_with_N": 1,
    "max_N_fraction": 0.0033222591362126247,
    "mean_GC_fraction_ACGT_only": {
      "positive": 0.46277104307778544,
      "negative": 0.4393956012279473
    }
  }
}
Sequence audit: {
  "train": {
    "duplicates_or_RC_duplicates_within_split": 172,
    "identical_or_RC_identical_sequences_with_both_labels": 0
  },
  "validation": {
    "duplicates_or_RC_duplicates_within_split": 28,
    "identical_or_RC_identical_sequences_with_both_labels": 0
  },
  "test": {
    "duplicates_or_RC_duplicates_within_split": 127,
    "identical_or_RC_identical_sequences_with_both_labels": 0
  },
  "train_validation_shared_sequences_or_RC": 54,
  "train_test_shared_sequences_or_RC": 126,
  "validation_test_shared_sequences_or_RC": 38
}
Saved: /data/projects/SFB_A03/jan/AT_TFBS/raw_data/human/ELF3/hum301_multitf_chr5_chr7/dataset.npz
