TF=CREB3L3 train=GHTS seed=3 model=hum301_motif64_local.py
/home/jbossenz/miniforge3/envs/at_env/bin/python -u /data/projects/SFB_A03/jan/AT_TFBS/human301/hum301_motif64_local.py train --cache /data/projects/SFB_A03/jan/AT_TFBS/raw_data/human/ArchThalia-ML/CREB3L3/GHTS/dataset.npz --output-dir /data/projects/SFB_A03/jan/AT_TFBS/human301/runs/CREB3L3/crossassay_archthalia_20261009_144503_1046783/GHTS_seed3 --input-length 256 --embed-channels 64 --encoder-channels 80 96 128 --heads 4 --ffn-channels 256 --classification-readout local-logsumexp --task-mode classification --checkpoint-objective classification-auprc --threshold-strategy val-mcc --negatives-per-positive 10 --batch-size 88 --hard-negative-fraction 0 --epochs 100 --patience 20 --learning-rate 0.0003 --min-learning-rate 0.000001 --weight-decay 0.0001 --dropout 0.1 --activation relu --reverse-complement-probability 0.5 --eval-crops multi --eval-rc --no-balanced-evaluation --eval-batch-size 128 --num-workers 2 --seed 3 --device cuda --skip-test
Window geometry: 256 bp from 301 bp; crop starts 0..45; shifts -22..+23; fresh uniform draw per access
Evaluation: crops (0, 22, 23, 45), reverse complement=True; all samples
train: n=143,925, positive=1,425, negative=142,500
  val: n=41,915, positive=415, negative=41,500
 test: n=160,792, positive=1,592, negative=159,200
Device: cuda
Hidden activation: RELU
Parameters: 1,032,981 total; 1,032,981 trainable
Architecture: motif kernels 9/12; encoder 128/64/64; original five-block bottleneck at 64; decoder 64/128/256
  negatives seen=10.0%; hard negatives=0
Epoch 001 train: loss=0.5773 AUROC=0.9402 AUPRC=0.7555 BalAcc=0.8636 F1=0.5692 MCC=0.5482
Epoch 001 val  : loss=0.2328 AUROC=0.9904 AUPRC=0.6911 BalAcc=0.9542 F1=0.2127 MCC=0.3289
  learning_rate_used=3.000e-04; learning_rate_next=2.999e-04; elapsed=20.8s
  saved new best checkpoint: /data/projects/SFB_A03/jan/AT_TFBS/human301/runs/CREB3L3/crossassay_archthalia_20261009_144503_1046783/GHTS_seed3/best_model.pt (objective=classification-auprc, score=0.691135)
  negatives seen=20.0%; hard negatives=0
Epoch 002 train: loss=0.3662 AUROC=0.9751 AUPRC=0.8938 BalAcc=0.9348 F1=0.8069 MCC=0.7909
Epoch 002 val  : loss=0.0635 AUROC=0.9904 AUPRC=0.7227 BalAcc=0.9474 F1=0.6482 MCC=0.6718
  learning_rate_used=2.999e-04; learning_rate_next=2.997e-04; elapsed=19.5s
  saved new best checkpoint: /data/projects/SFB_A03/jan/AT_TFBS/human301/runs/CREB3L3/crossassay_archthalia_20261009_144503_1046783/GHTS_seed3/best_model.pt (objective=classification-auprc, score=0.722665)
  negatives seen=30.0%; hard negatives=0
Epoch 003 train: loss=0.3069 AUROC=0.9819 AUPRC=0.9219 BalAcc=0.9411 F1=0.8177 MCC=0.8029
Epoch 003 val  : loss=0.1019 AUROC=0.9922 AUPRC=0.8068 BalAcc=0.9694 F1=0.3914 MCC=0.4796
  learning_rate_used=2.997e-04; learning_rate_next=2.993e-04; elapsed=19.4s
  saved new best checkpoint: /data/projects/SFB_A03/jan/AT_TFBS/human301/runs/CREB3L3/crossassay_archthalia_20261009_144503_1046783/GHTS_seed3/best_model.pt (objective=classification-auprc, score=0.806786)
  negatives seen=40.0%; hard negatives=0
Epoch 004 train: loss=0.2879 AUROC=0.9836 AUPRC=0.9364 BalAcc=0.9484 F1=0.8475 MCC=0.8342
Epoch 004 val  : loss=0.3861 AUROC=0.9916 AUPRC=0.8281 BalAcc=0.9173 F1=0.1141 MCC=0.2245
  learning_rate_used=2.993e-04; learning_rate_next=2.988e-04; elapsed=19.5s
  saved new best checkpoint: /data/projects/SFB_A03/jan/AT_TFBS/human301/runs/CREB3L3/crossassay_archthalia_20261009_144503_1046783/GHTS_seed3/best_model.pt (objective=classification-auprc, score=0.828104)
  negatives seen=50.0%; hard negatives=0
Epoch 005 train: loss=0.2660 AUROC=0.9865 AUPRC=0.9369 BalAcc=0.9507 F1=0.8472 MCC=0.8343
Epoch 005 val  : loss=0.0530 AUROC=0.9929 AUPRC=0.8436 BalAcc=0.9487 F1=0.6568 MCC=0.6793
  learning_rate_used=2.988e-04; learning_rate_next=2.982e-04; elapsed=19.8s
  saved new best checkpoint: /data/projects/SFB_A03/jan/AT_TFBS/human301/runs/CREB3L3/crossassay_archthalia_20261009_144503_1046783/GHTS_seed3/best_model.pt (objective=classification-auprc, score=0.843635)
  negatives seen=60.0%; hard negatives=0
Epoch 006 train: loss=0.2506 AUROC=0.9892 AUPRC=0.9460 BalAcc=0.9531 F1=0.8636 MCC=0.8514
Epoch 006 val  : loss=0.0702 AUROC=0.9926 AUPRC=0.8448 BalAcc=0.9703 F1=0.5376 MCC=0.5926
  learning_rate_used=2.982e-04; learning_rate_next=2.974e-04; elapsed=20.7s
  saved new best checkpoint: /data/projects/SFB_A03/jan/AT_TFBS/human301/runs/CREB3L3/crossassay_archthalia_20261009_144503_1046783/GHTS_seed3/best_model.pt (objective=classification-auprc, score=0.844755)
  negatives seen=70.0%; hard negatives=0
Epoch 007 train: loss=0.2543 AUROC=0.9884 AUPRC=0.9492 BalAcc=0.9533 F1=0.8697 MCC=0.8577
Epoch 007 val  : loss=0.0713 AUROC=0.9922 AUPRC=0.8549 BalAcc=0.9653 F1=0.5296 MCC=0.5845
  learning_rate_used=2.974e-04; learning_rate_next=2.964e-04; elapsed=20.9s
  saved new best checkpoint: /data/projects/SFB_A03/jan/AT_TFBS/human301/runs/CREB3L3/crossassay_archthalia_20261009_144503_1046783/GHTS_seed3/best_model.pt (objective=classification-auprc, score=0.854940)
  negatives seen=80.0%; hard negatives=0
Epoch 008 train: loss=0.2549 AUROC=0.9891 AUPRC=0.9489 BalAcc=0.9512 F1=0.8699 MCC=0.8578
Epoch 008 val  : loss=0.0824 AUROC=0.9922 AUPRC=0.8856 BalAcc=0.9711 F1=0.4678 MCC=0.5392
  learning_rate_used=2.964e-04; learning_rate_next=2.953e-04; elapsed=21.2s
  saved new best checkpoint: /data/projects/SFB_A03/jan/AT_TFBS/human301/runs/CREB3L3/crossassay_archthalia_20261009_144503_1046783/GHTS_seed3/best_model.pt (objective=classification-auprc, score=0.885558)
  negatives seen=90.0%; hard negatives=0
Epoch 009 train: loss=0.2304 AUROC=0.9910 AUPRC=0.9542 BalAcc=0.9554 F1=0.8645 MCC=0.8527
Epoch 009 val  : loss=0.0519 AUROC=0.9928 AUPRC=0.8830 BalAcc=0.9559 F1=0.6620 MCC=0.6860
  learning_rate_used=2.953e-04; learning_rate_next=2.941e-04; elapsed=20.7s
  negatives seen=100.0%; hard negatives=0
Epoch 010 train: loss=0.2082 AUROC=0.9927 AUPRC=0.9624 BalAcc=0.9625 F1=0.8855 MCC=0.8753
Epoch 010 val  : loss=0.0800 AUROC=0.9928 AUPRC=0.8793 BalAcc=0.9707 F1=0.4839 MCC=0.5514
  learning_rate_used=2.941e-04; learning_rate_next=2.927e-04; elapsed=20.5s
  negatives seen=100.0%; hard negatives=0
Epoch 011 train: loss=0.1917 AUROC=0.9939 AUPRC=0.9666 BalAcc=0.9617 F1=0.8864 MCC=0.8761
Epoch 011 val  : loss=0.0515 AUROC=0.9926 AUPRC=0.8860 BalAcc=0.9632 F1=0.6701 MCC=0.6951
  learning_rate_used=2.927e-04; learning_rate_next=2.912e-04; elapsed=20.6s
  saved new best checkpoint: /data/projects/SFB_A03/jan/AT_TFBS/human301/runs/CREB3L3/crossassay_archthalia_20261009_144503_1046783/GHTS_seed3/best_model.pt (objective=classification-auprc, score=0.886041)
  negatives seen=100.0%; hard negatives=0
Epoch 012 train: loss=0.1991 AUROC=0.9934 AUPRC=0.9612 BalAcc=0.9641 F1=0.8861 MCC=0.8762
Epoch 012 val  : loss=0.0902 AUROC=0.9928 AUPRC=0.8826 BalAcc=0.9714 F1=0.4485 MCC=0.5244
  learning_rate_used=2.912e-04; learning_rate_next=2.895e-04; elapsed=20.9s
  negatives seen=100.0%; hard negatives=0
Epoch 013 train: loss=0.1876 AUROC=0.9941 AUPRC=0.9667 BalAcc=0.9648 F1=0.8914 MCC=0.8817
Epoch 013 val  : loss=0.0788 AUROC=0.9922 AUPRC=0.8873 BalAcc=0.9720 F1=0.4890 MCC=0.5558
  learning_rate_used=2.895e-04; learning_rate_next=2.877e-04; elapsed=20.7s
  saved new best checkpoint: /data/projects/SFB_A03/jan/AT_TFBS/human301/runs/CREB3L3/crossassay_archthalia_20261009_144503_1046783/GHTS_seed3/best_model.pt (objective=classification-auprc, score=0.887307)
  negatives seen=100.0%; hard negatives=0
Epoch 014 train: loss=0.1684 AUROC=0.9956 AUPRC=0.9726 BalAcc=0.9688 F1=0.9047 MCC=0.8961
Epoch 014 val  : loss=0.0500 AUROC=0.9923 AUPRC=0.8710 BalAcc=0.9375 F1=0.7526 MCC=0.7579
  learning_rate_used=2.877e-04; learning_rate_next=2.858e-04; elapsed=20.7s
  negatives seen=100.0%; hard negatives=0
Epoch 015 train: loss=0.1555 AUROC=0.9964 AUPRC=0.9733 BalAcc=0.9726 F1=0.9058 MCC=0.8976
Epoch 015 val  : loss=0.0523 AUROC=0.9942 AUPRC=0.8668 BalAcc=0.9643 F1=0.6644 MCC=0.6908
  learning_rate_used=2.858e-04; learning_rate_next=2.837e-04; elapsed=20.8s
  negatives seen=100.0%; hard negatives=0
Epoch 016 train: loss=0.1783 AUROC=0.9947 AUPRC=0.9684 BalAcc=0.9702 F1=0.9145 MCC=0.9065
Epoch 016 val  : loss=0.0460 AUROC=0.9944 AUPRC=0.8996 BalAcc=0.9618 F1=0.6615 MCC=0.6876
  learning_rate_used=2.837e-04; learning_rate_next=2.815e-04; elapsed=20.6s
  saved new best checkpoint: /data/projects/SFB_A03/jan/AT_TFBS/human301/runs/CREB3L3/crossassay_archthalia_20261009_144503_1046783/GHTS_seed3/best_model.pt (objective=classification-auprc, score=0.899610)
  negatives seen=100.0%; hard negatives=0
Epoch 017 train: loss=0.1606 AUROC=0.9959 AUPRC=0.9763 BalAcc=0.9710 F1=0.9102 MCC=0.9020
Epoch 017 val  : loss=0.0535 AUROC=0.9929 AUPRC=0.8882 BalAcc=0.9618 F1=0.6077 MCC=0.6443
  learning_rate_used=2.815e-04; learning_rate_next=2.792e-04; elapsed=20.6s
  negatives seen=100.0%; hard negatives=0
Epoch 018 train: loss=0.1484 AUROC=0.9969 AUPRC=0.9762 BalAcc=0.9736 F1=0.9173 MCC=0.9097
Epoch 018 val  : loss=0.0494 AUROC=0.9929 AUPRC=0.8716 BalAcc=0.9473 F1=0.7063 MCC=0.7202
  learning_rate_used=2.792e-04; learning_rate_next=2.767e-04; elapsed=20.5s
  negatives seen=100.0%; hard negatives=0
Epoch 019 train: loss=0.1594 AUROC=0.9956 AUPRC=0.9740 BalAcc=0.9743 F1=0.9228 MCC=0.9156
Epoch 019 val  : loss=0.0520 AUROC=0.9940 AUPRC=0.9013 BalAcc=0.9636 F1=0.6361 MCC=0.6677
  learning_rate_used=2.767e-04; learning_rate_next=2.741e-04; elapsed=20.5s
  saved new best checkpoint: /data/projects/SFB_A03/jan/AT_TFBS/human301/runs/CREB3L3/crossassay_archthalia_20261009_144503_1046783/GHTS_seed3/best_model.pt (objective=classification-auprc, score=0.901312)
  negatives seen=100.0%; hard negatives=0
Epoch 020 train: loss=0.1536 AUROC=0.9964 AUPRC=0.9732 BalAcc=0.9718 F1=0.9068 MCC=0.8986
Epoch 020 val  : loss=0.0727 AUROC=0.9937 AUPRC=0.8998 BalAcc=0.9673 F1=0.4862 MCC=0.5517
  learning_rate_used=2.741e-04; learning_rate_next=2.714e-04; elapsed=20.8s
  negatives seen=100.0%; hard negatives=0
Epoch 021 train: loss=0.1198 AUROC=0.9981 AUPRC=0.9849 BalAcc=0.9754 F1=0.9276 MCC=0.9208
Epoch 021 val  : loss=0.0595 AUROC=0.9945 AUPRC=0.9026 BalAcc=0.9704 F1=0.5798 MCC=0.6256
  learning_rate_used=2.714e-04; learning_rate_next=2.686e-04; elapsed=21.4s
  saved new best checkpoint: /data/projects/SFB_A03/jan/AT_TFBS/human301/runs/CREB3L3/crossassay_archthalia_20261009_144503_1046783/GHTS_seed3/best_model.pt (objective=classification-auprc, score=0.902567)
  negatives seen=100.0%; hard negatives=0
Epoch 022 train: loss=0.1265 AUROC=0.9973 AUPRC=0.9827 BalAcc=0.9781 F1=0.9351 MCC=0.9290
Epoch 022 val  : loss=0.0769 AUROC=0.9939 AUPRC=0.9074 BalAcc=0.9721 F1=0.4636 MCC=0.5363
  learning_rate_used=2.686e-04; learning_rate_next=2.657e-04; elapsed=20.7s
  saved new best checkpoint: /data/projects/SFB_A03/jan/AT_TFBS/human301/runs/CREB3L3/crossassay_archthalia_20261009_144503_1046783/GHTS_seed3/best_model.pt (objective=classification-auprc, score=0.907436)
  negatives seen=100.0%; hard negatives=0
Epoch 023 train: loss=0.1131 AUROC=0.9981 AUPRC=0.9828 BalAcc=0.9806 F1=0.9324 MCC=0.9263
Epoch 023 val  : loss=0.0559 AUROC=0.9928 AUPRC=0.8488 BalAcc=0.9558 F1=0.6575 MCC=0.6823
  learning_rate_used=2.657e-04; learning_rate_next=2.626e-04; elapsed=20.9s
  negatives seen=100.0%; hard negatives=0
Epoch 024 train: loss=0.1284 AUROC=0.9971 AUPRC=0.9793 BalAcc=0.9785 F1=0.9327 MCC=0.9264
Epoch 024 val  : loss=0.0503 AUROC=0.9926 AUPRC=0.8826 BalAcc=0.9467 F1=0.7386 MCC=0.7478
  learning_rate_used=2.626e-04; learning_rate_next=2.595e-04; elapsed=20.7s
  negatives seen=100.0%; hard negatives=0
Epoch 025 train: loss=0.1191 AUROC=0.9980 AUPRC=0.9838 BalAcc=0.9804 F1=0.9361 MCC=0.9302
Epoch 025 val  : loss=0.0560 AUROC=0.9928 AUPRC=0.8974 BalAcc=0.9618 F1=0.6582 MCC=0.6848
  learning_rate_used=2.595e-04; learning_rate_next=2.562e-04; elapsed=20.9s
  negatives seen=100.0%; hard negatives=0
Epoch 026 train: loss=0.1236 AUROC=0.9981 AUPRC=0.9833 BalAcc=0.9798 F1=0.9360 MCC=0.9300
Epoch 026 val  : loss=0.0501 AUROC=0.9938 AUPRC=0.8933 BalAcc=0.9613 F1=0.6942 MCC=0.7144
  learning_rate_used=2.562e-04; learning_rate_next=2.528e-04; elapsed=20.9s
  negatives seen=100.0%; hard negatives=0
Epoch 027 train: loss=0.0992 AUROC=0.9985 AUPRC=0.9851 BalAcc=0.9820 F1=0.9416 MCC=0.9362
Epoch 027 val  : loss=0.0476 AUROC=0.9937 AUPRC=0.8943 BalAcc=0.9514 F1=0.7349 MCC=0.7458
  learning_rate_used=2.528e-04; learning_rate_next=2.494e-04; elapsed=20.9s
  negatives seen=100.0%; hard negatives=0
Epoch 028 train: loss=0.1035 AUROC=0.9985 AUPRC=0.9862 BalAcc=0.9802 F1=0.9370 MCC=0.9311
Epoch 028 val  : loss=0.0644 AUROC=0.9945 AUPRC=0.8918 BalAcc=0.9723 F1=0.5649 MCC=0.6147
  learning_rate_used=2.494e-04; learning_rate_next=2.458e-04; elapsed=20.9s
  negatives seen=100.0%; hard negatives=0
Epoch 029 train: loss=0.0995 AUROC=0.9984 AUPRC=0.9854 BalAcc=0.9834 F1=0.9380 MCC=0.9325
Epoch 029 val  : loss=0.0484 AUROC=0.9946 AUPRC=0.9034 BalAcc=0.9615 F1=0.6482 MCC=0.6767
  learning_rate_used=2.458e-04; learning_rate_next=2.421e-04; elapsed=20.8s
  negatives seen=100.0%; hard negatives=0
Epoch 030 train: loss=0.0986 AUROC=0.9985 AUPRC=0.9852 BalAcc=0.9834 F1=0.9434 MCC=0.9381
Epoch 030 val  : loss=0.0488 AUROC=0.9937 AUPRC=0.9020 BalAcc=0.9655 F1=0.7312 MCC=0.7467
  learning_rate_used=2.421e-04; learning_rate_next=2.384e-04; elapsed=20.8s
  negatives seen=100.0%; hard negatives=0
Epoch 031 train: loss=0.0847 AUROC=0.9989 AUPRC=0.9890 BalAcc=0.9858 F1=0.9535 MCC=0.9491
Epoch 031 val  : loss=0.0514 AUROC=0.9935 AUPRC=0.8934 BalAcc=0.9545 F1=0.7096 MCC=0.7251
  learning_rate_used=2.384e-04; learning_rate_next=2.345e-04; elapsed=20.9s
  negatives seen=100.0%; hard negatives=0
Epoch 032 train: loss=0.0824 AUROC=0.9991 AUPRC=0.9906 BalAcc=0.9876 F1=0.9592 MCC=0.9553
Epoch 032 val  : loss=0.0502 AUROC=0.9933 AUPRC=0.8998 BalAcc=0.9593 F1=0.7131 MCC=0.7295
  learning_rate_used=2.345e-04; learning_rate_next=2.306e-04; elapsed=20.9s
  negatives seen=100.0%; hard negatives=0
Epoch 033 train: loss=0.1002 AUROC=0.9988 AUPRC=0.9898 BalAcc=0.9828 F1=0.9468 MCC=0.9418
Epoch 033 val  : loss=0.0574 AUROC=0.9927 AUPRC=0.8749 BalAcc=0.9455 F1=0.7352 MCC=0.7445
  learning_rate_used=2.306e-04; learning_rate_next=2.266e-04; elapsed=20.8s
  negatives seen=100.0%; hard negatives=0
Epoch 034 train: loss=0.0884 AUROC=0.9988 AUPRC=0.9893 BalAcc=0.9853 F1=0.9554 MCC=0.9511
Epoch 034 val  : loss=0.0510 AUROC=0.9935 AUPRC=0.8963 BalAcc=0.9604 F1=0.7103 MCC=0.7275
  learning_rate_used=2.266e-04; learning_rate_next=2.225e-04; elapsed=20.8s
  negatives seen=100.0%; hard negatives=0
Epoch 035 train: loss=0.0797 AUROC=0.9989 AUPRC=0.9900 BalAcc=0.9871 F1=0.9598 MCC=0.9560
Epoch 035 val  : loss=0.0551 AUROC=0.9927 AUPRC=0.8952 BalAcc=0.9677 F1=0.6610 MCC=0.6893
  learning_rate_used=2.225e-04; learning_rate_next=2.184e-04; elapsed=20.6s
  negatives seen=100.0%; hard negatives=0
Epoch 036 train: loss=0.0652 AUROC=0.9994 AUPRC=0.9941 BalAcc=0.9873 F1=0.9592 MCC=0.9553
Epoch 036 val  : loss=0.0642 AUROC=0.9926 AUPRC=0.8904 BalAcc=0.9299 F1=0.8063 MCC=0.8060
  learning_rate_used=2.184e-04; learning_rate_next=2.142e-04; elapsed=20.9s
  negatives seen=100.0%; hard negatives=0
Epoch 037 train: loss=0.0837 AUROC=0.9989 AUPRC=0.9876 BalAcc=0.9867 F1=0.9568 MCC=0.9528
Epoch 037 val  : loss=0.0578 AUROC=0.9932 AUPRC=0.9022 BalAcc=0.9510 F1=0.7842 MCC=0.7890
  learning_rate_used=2.142e-04; learning_rate_next=2.099e-04; elapsed=20.7s
  negatives seen=100.0%; hard negatives=0
Epoch 038 train: loss=0.0726 AUROC=0.9991 AUPRC=0.9904 BalAcc=0.9871 F1=0.9598 MCC=0.9560
Epoch 038 val  : loss=0.0535 AUROC=0.9929 AUPRC=0.8940 BalAcc=0.9537 F1=0.7281 MCC=0.7406
  learning_rate_used=2.099e-04; learning_rate_next=2.055e-04; elapsed=20.9s
  negatives seen=100.0%; hard negatives=0
Epoch 039 train: loss=0.0566 AUROC=0.9992 AUPRC=0.9908 BalAcc=0.9917 F1=0.9651 MCC=0.9619
Epoch 039 val  : loss=0.0562 AUROC=0.9933 AUPRC=0.9043 BalAcc=0.9664 F1=0.6549 MCC=0.6839
  learning_rate_used=2.055e-04; learning_rate_next=2.011e-04; elapsed=20.8s
  negatives seen=100.0%; hard negatives=0
Epoch 040 train: loss=0.0812 AUROC=0.9989 AUPRC=0.9894 BalAcc=0.9897 F1=0.9610 MCC=0.9574
Epoch 040 val  : loss=0.0541 AUROC=0.9940 AUPRC=0.8927 BalAcc=0.9578 F1=0.6957 MCC=0.7145
  learning_rate_used=2.011e-04; learning_rate_next=1.967e-04; elapsed=20.9s
  negatives seen=100.0%; hard negatives=0
Epoch 041 train: loss=0.0623 AUROC=0.9994 AUPRC=0.9936 BalAcc=0.9884 F1=0.9635 MCC=0.9600
Epoch 041 val  : loss=0.0535 AUROC=0.9934 AUPRC=0.9023 BalAcc=0.9529 F1=0.7568 MCC=0.7652
  learning_rate_used=1.967e-04; learning_rate_next=1.922e-04; elapsed=20.8s
  negatives seen=100.0%; hard negatives=0
Epoch 042 train: loss=0.0415 AUROC=0.9996 AUPRC=0.9950 BalAcc=0.9927 F1=0.9714 MCC=0.9687
Epoch 042 val  : loss=0.0687 AUROC=0.9900 AUPRC=0.8944 BalAcc=0.9418 F1=0.8079 MCC=0.8091
  learning_rate_used=1.922e-04; learning_rate_next=1.877e-04; elapsed=20.6s
Early stopping after 42 epochs.
Binary threshold: 0.997183 (strategy=val-mcc, validation_score=0.855495)
Validation-only run completed; frozen model: /data/projects/SFB_A03/jan/AT_TFBS/human301/runs/CREB3L3/crossassay_archthalia_20261009_144503_1046783/GHTS_seed3/model_for_prediction.pt
CREB3L3: GHTS -> GHTS
TEST CREB3L3 GHTS -> GHTS: loss=0.0869 AUROC=0.9910 AUPRC=0.8874 BalAcc=0.9066 F1=0.8274 MCC=0.8258
CREB3L3: GHTS -> CHIP
TEST CREB3L3 GHTS -> CHIP: loss=0.5225 AUROC=0.7384 AUPRC=0.1249 BalAcc=0.5407 F1=0.1350 MCC=0.1697
Completed CREB3L3/GHTS: one model, both fixed test sets.
