TF=CREB3L3 train=CHIP seed=4 model=hum301_motif64_local.py
/home/jbossenz/miniforge3/envs/at_env/bin/python -u /data/projects/SFB_A03/jan/AT_TFBS/human301/hum301_motif64_local.py train --cache /data/projects/SFB_A03/jan/AT_TFBS/raw_data/human/ArchThalia-ML/CREB3L3/CHIP/dataset.npz --output-dir /data/projects/SFB_A03/jan/AT_TFBS/human301/runs/CREB3L3/crossassay_archthalia_20261009_144503_1046783/CHIP_seed4 --input-length 256 --embed-channels 64 --encoder-channels 80 96 128 --heads 4 --ffn-channels 256 --classification-readout local-logsumexp --task-mode classification --checkpoint-objective classification-auprc --threshold-strategy val-mcc --negatives-per-positive 10 --batch-size 88 --hard-negative-fraction 0 --epochs 100 --patience 20 --learning-rate 0.0003 --min-learning-rate 0.000001 --weight-decay 0.0001 --dropout 0.1 --activation relu --reverse-complement-probability 0.5 --eval-crops multi --eval-rc --no-balanced-evaluation --eval-batch-size 128 --num-workers 2 --seed 4 --device cuda --skip-test
Window geometry: 256 bp from 301 bp; crop starts 0..45; shifts -22..+23; fresh uniform draw per access
Evaluation: crops (0, 22, 23, 45), reverse complement=True; all samples
train: n=36,663, positive=363, negative=36,300
  val: n=12,524, positive=124, negative=12,400
 test: n=40,198, positive=398, negative=39,800
Device: cuda
Hidden activation: RELU
Parameters: 1,032,981 total; 1,032,981 trainable
Architecture: motif kernels 9/12; encoder 128/64/64; original five-block bottleneck at 64; decoder 64/128/256
  negatives seen=10.0%; hard negatives=0
Epoch 001 train: loss=1.1782 AUROC=0.6798 AUPRC=0.2005 BalAcc=0.6251 F1=0.2347 MCC=0.1483
Epoch 001 val  : loss=0.9093 AUROC=0.8566 AUPRC=0.1008 BalAcc=0.6960 F1=0.0329 MCC=0.0782
  learning_rate_used=3.000e-04; learning_rate_next=2.999e-04; elapsed=7.1s
  saved new best checkpoint: /data/projects/SFB_A03/jan/AT_TFBS/human301/runs/CREB3L3/crossassay_archthalia_20261009_144503_1046783/CHIP_seed4/best_model.pt (objective=classification-auprc, score=0.100817)
  negatives seen=20.0%; hard negatives=0
Epoch 002 train: loss=0.9324 AUROC=0.8290 AUPRC=0.3936 BalAcc=0.7459 F1=0.3644 MCC=0.3208
Epoch 002 val  : loss=0.6253 AUROC=0.8997 AUPRC=0.1687 BalAcc=0.8115 F1=0.0573 MCC=0.1333
  learning_rate_used=2.999e-04; learning_rate_next=2.997e-04; elapsed=5.8s
  saved new best checkpoint: /data/projects/SFB_A03/jan/AT_TFBS/human301/runs/CREB3L3/crossassay_archthalia_20261009_144503_1046783/CHIP_seed4/best_model.pt (objective=classification-auprc, score=0.168718)
  negatives seen=30.0%; hard negatives=0
Epoch 003 train: loss=0.7672 AUROC=0.8911 AUPRC=0.5634 BalAcc=0.8113 F1=0.4707 MCC=0.4409
Epoch 003 val  : loss=0.2279 AUROC=0.8815 AUPRC=0.1584 BalAcc=0.7338 F1=0.2112 MCC=0.2454
  learning_rate_used=2.997e-04; learning_rate_next=2.993e-04; elapsed=5.8s
  negatives seen=40.0%; hard negatives=0
Epoch 004 train: loss=0.6614 AUROC=0.9204 AUPRC=0.6330 BalAcc=0.8284 F1=0.4875 MCC=0.4634
Epoch 004 val  : loss=0.2462 AUROC=0.9221 AUPRC=0.2823 BalAcc=0.8436 F1=0.1714 MCC=0.2542
  learning_rate_used=2.993e-04; learning_rate_next=2.988e-04; elapsed=5.8s
  saved new best checkpoint: /data/projects/SFB_A03/jan/AT_TFBS/human301/runs/CREB3L3/crossassay_archthalia_20261009_144503_1046783/CHIP_seed4/best_model.pt (objective=classification-auprc, score=0.282337)
  negatives seen=50.0%; hard negatives=0
Epoch 005 train: loss=0.6126 AUROC=0.9361 AUPRC=0.6544 BalAcc=0.8583 F1=0.5572 MCC=0.5355
Epoch 005 val  : loss=0.2834 AUROC=0.9254 AUPRC=0.3041 BalAcc=0.8603 F1=0.1553 MCC=0.2457
  learning_rate_used=2.988e-04; learning_rate_next=2.982e-04; elapsed=5.8s
  saved new best checkpoint: /data/projects/SFB_A03/jan/AT_TFBS/human301/runs/CREB3L3/crossassay_archthalia_20261009_144503_1046783/CHIP_seed4/best_model.pt (objective=classification-auprc, score=0.304121)
  negatives seen=60.0%; hard negatives=0
Epoch 006 train: loss=0.5507 AUROC=0.9450 AUPRC=0.7165 BalAcc=0.8775 F1=0.5836 MCC=0.5668
Epoch 006 val  : loss=0.2460 AUROC=0.9366 AUPRC=0.3755 BalAcc=0.8741 F1=0.1777 MCC=0.2704
  learning_rate_used=2.982e-04; learning_rate_next=2.974e-04; elapsed=5.8s
  saved new best checkpoint: /data/projects/SFB_A03/jan/AT_TFBS/human301/runs/CREB3L3/crossassay_archthalia_20261009_144503_1046783/CHIP_seed4/best_model.pt (objective=classification-auprc, score=0.375537)
  negatives seen=70.0%; hard negatives=0
Epoch 007 train: loss=0.4104 AUROC=0.9692 AUPRC=0.7908 BalAcc=0.9135 F1=0.6770 MCC=0.6626
Epoch 007 val  : loss=0.1705 AUROC=0.9434 AUPRC=0.4434 BalAcc=0.8730 F1=0.2891 MCC=0.3614
  learning_rate_used=2.974e-04; learning_rate_next=2.964e-04; elapsed=5.7s
  saved new best checkpoint: /data/projects/SFB_A03/jan/AT_TFBS/human301/runs/CREB3L3/crossassay_archthalia_20261009_144503_1046783/CHIP_seed4/best_model.pt (objective=classification-auprc, score=0.443383)
  negatives seen=80.0%; hard negatives=0
Epoch 008 train: loss=0.3727 AUROC=0.9756 AUPRC=0.8291 BalAcc=0.9165 F1=0.6927 MCC=0.6777
Epoch 008 val  : loss=0.1776 AUROC=0.9381 AUPRC=0.3829 BalAcc=0.7880 F1=0.4124 MCC=0.4248
  learning_rate_used=2.964e-04; learning_rate_next=2.953e-04; elapsed=5.9s
  negatives seen=90.0%; hard negatives=0
Epoch 009 train: loss=0.4022 AUROC=0.9737 AUPRC=0.8038 BalAcc=0.9178 F1=0.6994 MCC=0.6842
Epoch 009 val  : loss=0.4575 AUROC=0.9406 AUPRC=0.4371 BalAcc=0.8647 F1=0.0879 MCC=0.1815
  learning_rate_used=2.953e-04; learning_rate_next=2.941e-04; elapsed=5.8s
  negatives seen=100.0%; hard negatives=0
Epoch 010 train: loss=0.3729 AUROC=0.9756 AUPRC=0.8108 BalAcc=0.9143 F1=0.6929 MCC=0.6770
Epoch 010 val  : loss=0.1944 AUROC=0.9325 AUPRC=0.3854 BalAcc=0.7267 F1=0.4385 MCC=0.4331
  learning_rate_used=2.941e-04; learning_rate_next=2.927e-04; elapsed=5.7s
  negatives seen=100.0%; hard negatives=0
Epoch 011 train: loss=0.3138 AUROC=0.9837 AUPRC=0.8838 BalAcc=0.9307 F1=0.7696 MCC=0.7534
Epoch 011 val  : loss=0.4153 AUROC=0.9343 AUPRC=0.4018 BalAcc=0.8629 F1=0.0950 MCC=0.1884
  learning_rate_used=2.927e-04; learning_rate_next=2.912e-04; elapsed=5.8s
  negatives seen=100.0%; hard negatives=0
Epoch 012 train: loss=0.3507 AUROC=0.9812 AUPRC=0.8645 BalAcc=0.9295 F1=0.7616 MCC=0.7455
Epoch 012 val  : loss=0.1398 AUROC=0.9531 AUPRC=0.4886 BalAcc=0.8651 F1=0.4026 MCC=0.4462
  learning_rate_used=2.912e-04; learning_rate_next=2.895e-04; elapsed=5.7s
  saved new best checkpoint: /data/projects/SFB_A03/jan/AT_TFBS/human301/runs/CREB3L3/crossassay_archthalia_20261009_144503_1046783/CHIP_seed4/best_model.pt (objective=classification-auprc, score=0.488557)
  negatives seen=100.0%; hard negatives=0
Epoch 013 train: loss=0.3104 AUROC=0.9837 AUPRC=0.8584 BalAcc=0.9416 F1=0.7581 MCC=0.7460
Epoch 013 val  : loss=0.1448 AUROC=0.9545 AUPRC=0.4762 BalAcc=0.8471 F1=0.4356 MCC=0.4649
  learning_rate_used=2.895e-04; learning_rate_next=2.877e-04; elapsed=5.8s
  negatives seen=100.0%; hard negatives=0
Epoch 014 train: loss=0.2487 AUROC=0.9878 AUPRC=0.8986 BalAcc=0.9585 F1=0.8074 MCC=0.7973
Epoch 014 val  : loss=0.2796 AUROC=0.9532 AUPRC=0.4558 BalAcc=0.9101 F1=0.1553 MCC=0.2624
  learning_rate_used=2.877e-04; learning_rate_next=2.858e-04; elapsed=5.7s
  negatives seen=100.0%; hard negatives=0
Epoch 015 train: loss=0.2346 AUROC=0.9896 AUPRC=0.9017 BalAcc=0.9548 F1=0.7982 MCC=0.7874
Epoch 015 val  : loss=0.1500 AUROC=0.9536 AUPRC=0.5060 BalAcc=0.8796 F1=0.3218 MCC=0.3895
  learning_rate_used=2.858e-04; learning_rate_next=2.837e-04; elapsed=5.7s
  saved new best checkpoint: /data/projects/SFB_A03/jan/AT_TFBS/human301/runs/CREB3L3/crossassay_archthalia_20261009_144503_1046783/CHIP_seed4/best_model.pt (objective=classification-auprc, score=0.506045)
  negatives seen=100.0%; hard negatives=0
Epoch 016 train: loss=0.2274 AUROC=0.9906 AUPRC=0.9269 BalAcc=0.9558 F1=0.8210 MCC=0.8095
Epoch 016 val  : loss=0.1392 AUROC=0.9576 AUPRC=0.4931 BalAcc=0.8134 F1=0.4788 MCC=0.4880
  learning_rate_used=2.837e-04; learning_rate_next=2.815e-04; elapsed=5.7s
  negatives seen=100.0%; hard negatives=0
Epoch 017 train: loss=0.1941 AUROC=0.9934 AUPRC=0.9410 BalAcc=0.9599 F1=0.8425 MCC=0.8314
Epoch 017 val  : loss=0.2126 AUROC=0.9409 AUPRC=0.4246 BalAcc=0.6994 F1=0.4348 MCC=0.4309
  learning_rate_used=2.815e-04; learning_rate_next=2.792e-04; elapsed=5.8s
  negatives seen=100.0%; hard negatives=0
Epoch 018 train: loss=0.2097 AUROC=0.9918 AUPRC=0.9214 BalAcc=0.9612 F1=0.8429 MCC=0.8321
Epoch 018 val  : loss=0.1554 AUROC=0.9560 AUPRC=0.4562 BalAcc=0.7812 F1=0.4437 MCC=0.4487
  learning_rate_used=2.792e-04; learning_rate_next=2.767e-04; elapsed=5.8s
  negatives seen=100.0%; hard negatives=0
Epoch 019 train: loss=0.2427 AUROC=0.9900 AUPRC=0.9170 BalAcc=0.9595 F1=0.8394 MCC=0.8283
Epoch 019 val  : loss=0.3350 AUROC=0.9476 AUPRC=0.4731 BalAcc=0.8917 F1=0.1447 MCC=0.2465
  learning_rate_used=2.767e-04; learning_rate_next=2.741e-04; elapsed=5.8s
  negatives seen=100.0%; hard negatives=0
Epoch 020 train: loss=0.2147 AUROC=0.9911 AUPRC=0.9198 BalAcc=0.9506 F1=0.8009 MCC=0.7888
Epoch 020 val  : loss=0.1616 AUROC=0.9483 AUPRC=0.4820 BalAcc=0.8470 F1=0.3511 MCC=0.3991
  learning_rate_used=2.741e-04; learning_rate_next=2.714e-04; elapsed=5.8s
  negatives seen=100.0%; hard negatives=0
Epoch 021 train: loss=0.1797 AUROC=0.9945 AUPRC=0.9552 BalAcc=0.9653 F1=0.8561 MCC=0.8460
Epoch 021 val  : loss=0.1844 AUROC=0.9563 AUPRC=0.5054 BalAcc=0.7317 F1=0.4915 MCC=0.4873
  learning_rate_used=2.714e-04; learning_rate_next=2.686e-04; elapsed=6.0s
  negatives seen=100.0%; hard negatives=0
Epoch 022 train: loss=0.2014 AUROC=0.9926 AUPRC=0.9404 BalAcc=0.9675 F1=0.8733 MCC=0.8636
Epoch 022 val  : loss=0.1410 AUROC=0.9582 AUPRC=0.5168 BalAcc=0.8139 F1=0.4953 MCC=0.5020
  learning_rate_used=2.686e-04; learning_rate_next=2.657e-04; elapsed=5.8s
  saved new best checkpoint: /data/projects/SFB_A03/jan/AT_TFBS/human301/runs/CREB3L3/crossassay_archthalia_20261009_144503_1046783/CHIP_seed4/best_model.pt (objective=classification-auprc, score=0.516792)
  negatives seen=100.0%; hard negatives=0
Epoch 023 train: loss=0.1718 AUROC=0.9946 AUPRC=0.9474 BalAcc=0.9683 F1=0.8703 MCC=0.8608
Epoch 023 val  : loss=0.3437 AUROC=0.9614 AUPRC=0.5027 BalAcc=0.9029 F1=0.1316 MCC=0.2375
  learning_rate_used=2.657e-04; learning_rate_next=2.626e-04; elapsed=5.8s
  negatives seen=100.0%; hard negatives=0
Epoch 024 train: loss=0.1827 AUROC=0.9941 AUPRC=0.9403 BalAcc=0.9647 F1=0.8704 MCC=0.8602
Epoch 024 val  : loss=0.3028 AUROC=0.9612 AUPRC=0.5197 BalAcc=0.8960 F1=0.1465 MCC=0.2495
  learning_rate_used=2.626e-04; learning_rate_next=2.595e-04; elapsed=5.8s
  saved new best checkpoint: /data/projects/SFB_A03/jan/AT_TFBS/human301/runs/CREB3L3/crossassay_archthalia_20261009_144503_1046783/CHIP_seed4/best_model.pt (objective=classification-auprc, score=0.519696)
  negatives seen=100.0%; hard negatives=0
Epoch 025 train: loss=0.1500 AUROC=0.9960 AUPRC=0.9648 BalAcc=0.9680 F1=0.8777 MCC=0.8681
Epoch 025 val  : loss=0.1488 AUROC=0.9590 AUPRC=0.5228 BalAcc=0.8055 F1=0.4738 MCC=0.4814
  learning_rate_used=2.595e-04; learning_rate_next=2.562e-04; elapsed=5.8s
  saved new best checkpoint: /data/projects/SFB_A03/jan/AT_TFBS/human301/runs/CREB3L3/crossassay_archthalia_20261009_144503_1046783/CHIP_seed4/best_model.pt (objective=classification-auprc, score=0.522756)
  negatives seen=100.0%; hard negatives=0
Epoch 026 train: loss=0.1491 AUROC=0.9951 AUPRC=0.9444 BalAcc=0.9751 F1=0.8858 MCC=0.8776
Epoch 026 val  : loss=0.1465 AUROC=0.9639 AUPRC=0.5380 BalAcc=0.8907 F1=0.3181 MCC=0.3911
  learning_rate_used=2.562e-04; learning_rate_next=2.528e-04; elapsed=5.8s
  saved new best checkpoint: /data/projects/SFB_A03/jan/AT_TFBS/human301/runs/CREB3L3/crossassay_archthalia_20261009_144503_1046783/CHIP_seed4/best_model.pt (objective=classification-auprc, score=0.537955)
  negatives seen=100.0%; hard negatives=0
Epoch 027 train: loss=0.1249 AUROC=0.9967 AUPRC=0.9670 BalAcc=0.9729 F1=0.8875 MCC=0.8789
Epoch 027 val  : loss=0.2579 AUROC=0.9646 AUPRC=0.5246 BalAcc=0.6405 F1=0.4023 MCC=0.4413
  learning_rate_used=2.528e-04; learning_rate_next=2.494e-04; elapsed=5.8s
  negatives seen=100.0%; hard negatives=0
Epoch 028 train: loss=0.1744 AUROC=0.9945 AUPRC=0.9570 BalAcc=0.9711 F1=0.9027 MCC=0.8942
Epoch 028 val  : loss=0.2107 AUROC=0.9590 AUPRC=0.5433 BalAcc=0.7642 F1=0.5546 MCC=0.5509
  learning_rate_used=2.494e-04; learning_rate_next=2.458e-04; elapsed=5.8s
  saved new best checkpoint: /data/projects/SFB_A03/jan/AT_TFBS/human301/runs/CREB3L3/crossassay_archthalia_20261009_144503_1046783/CHIP_seed4/best_model.pt (objective=classification-auprc, score=0.543269)
  negatives seen=100.0%; hard negatives=0
Epoch 029 train: loss=0.1671 AUROC=0.9953 AUPRC=0.9511 BalAcc=0.9686 F1=0.8821 MCC=0.8727
Epoch 029 val  : loss=0.2077 AUROC=0.9599 AUPRC=0.5649 BalAcc=0.7368 F1=0.5592 MCC=0.5645
  learning_rate_used=2.458e-04; learning_rate_next=2.421e-04; elapsed=5.9s
  saved new best checkpoint: /data/projects/SFB_A03/jan/AT_TFBS/human301/runs/CREB3L3/crossassay_archthalia_20261009_144503_1046783/CHIP_seed4/best_model.pt (objective=classification-auprc, score=0.564920)
  negatives seen=100.0%; hard negatives=0
Epoch 030 train: loss=0.1424 AUROC=0.9967 AUPRC=0.9640 BalAcc=0.9704 F1=0.8969 MCC=0.8881
Epoch 030 val  : loss=0.1615 AUROC=0.9522 AUPRC=0.4828 BalAcc=0.8332 F1=0.4884 MCC=0.5023
  learning_rate_used=2.421e-04; learning_rate_next=2.384e-04; elapsed=5.8s
  negatives seen=100.0%; hard negatives=0
Epoch 031 train: loss=0.1131 AUROC=0.9969 AUPRC=0.9628 BalAcc=0.9799 F1=0.9159 MCC=0.9090
Epoch 031 val  : loss=0.1544 AUROC=0.9518 AUPRC=0.5454 BalAcc=0.8610 F1=0.3983 MCC=0.4412
  learning_rate_used=2.384e-04; learning_rate_next=2.345e-04; elapsed=5.8s
  negatives seen=100.0%; hard negatives=0
Epoch 032 train: loss=0.1051 AUROC=0.9982 AUPRC=0.9807 BalAcc=0.9818 F1=0.9328 MCC=0.9268
Epoch 032 val  : loss=0.1644 AUROC=0.9668 AUPRC=0.5667 BalAcc=0.8966 F1=0.2981 MCC=0.3778
  learning_rate_used=2.345e-04; learning_rate_next=2.306e-04; elapsed=5.8s
  saved new best checkpoint: /data/projects/SFB_A03/jan/AT_TFBS/human301/runs/CREB3L3/crossassay_archthalia_20261009_144503_1046783/CHIP_seed4/best_model.pt (objective=classification-auprc, score=0.566736)
  negatives seen=100.0%; hard negatives=0
Epoch 033 train: loss=0.1269 AUROC=0.9971 AUPRC=0.9700 BalAcc=0.9763 F1=0.9060 MCC=0.8983
Epoch 033 val  : loss=0.3086 AUROC=0.9419 AUPRC=0.4962 BalAcc=0.6929 F1=0.5079 MCC=0.5315
  learning_rate_used=2.306e-04; learning_rate_next=2.266e-04; elapsed=5.8s
  negatives seen=100.0%; hard negatives=0
Epoch 034 train: loss=0.1307 AUROC=0.9974 AUPRC=0.9743 BalAcc=0.9727 F1=0.9065 MCC=0.8983
Epoch 034 val  : loss=0.1937 AUROC=0.9596 AUPRC=0.5348 BalAcc=0.7794 F1=0.5263 MCC=0.5225
  learning_rate_used=2.266e-04; learning_rate_next=2.225e-04; elapsed=5.8s
  negatives seen=100.0%; hard negatives=0
Epoch 035 train: loss=0.1247 AUROC=0.9977 AUPRC=0.9801 BalAcc=0.9720 F1=0.9110 MCC=0.9030
Epoch 035 val  : loss=0.2721 AUROC=0.9505 AUPRC=0.5297 BalAcc=0.7008 F1=0.5155 MCC=0.5334
  learning_rate_used=2.225e-04; learning_rate_next=2.184e-04; elapsed=5.8s
  negatives seen=100.0%; hard negatives=0
Epoch 036 train: loss=0.1285 AUROC=0.9969 AUPRC=0.9569 BalAcc=0.9726 F1=0.8951 MCC=0.8866
Epoch 036 val  : loss=0.1501 AUROC=0.9615 AUPRC=0.5520 BalAcc=0.8149 F1=0.5392 MCC=0.5405
  learning_rate_used=2.184e-04; learning_rate_next=2.142e-04; elapsed=5.7s
  negatives seen=100.0%; hard negatives=0
Epoch 037 train: loss=0.1202 AUROC=0.9984 AUPRC=0.9833 BalAcc=0.9775 F1=0.9273 MCC=0.9207
Epoch 037 val  : loss=0.1909 AUROC=0.9609 AUPRC=0.5726 BalAcc=0.9143 F1=0.2538 MCC=0.3490
  learning_rate_used=2.142e-04; learning_rate_next=2.099e-04; elapsed=5.7s
  saved new best checkpoint: /data/projects/SFB_A03/jan/AT_TFBS/human301/runs/CREB3L3/crossassay_archthalia_20261009_144503_1046783/CHIP_seed4/best_model.pt (objective=classification-auprc, score=0.572627)
  negatives seen=100.0%; hard negatives=0
Epoch 038 train: loss=0.1017 AUROC=0.9977 AUPRC=0.9726 BalAcc=0.9811 F1=0.9267 MCC=0.9204
Epoch 038 val  : loss=0.1330 AUROC=0.9687 AUPRC=0.5720 BalAcc=0.8619 F1=0.4163 MCC=0.4555
  learning_rate_used=2.099e-04; learning_rate_next=2.055e-04; elapsed=5.8s
  negatives seen=100.0%; hard negatives=0
Epoch 039 train: loss=0.1325 AUROC=0.9981 AUPRC=0.9817 BalAcc=0.9785 F1=0.9251 MCC=0.9184
Epoch 039 val  : loss=0.1652 AUROC=0.9547 AUPRC=0.5059 BalAcc=0.8413 F1=0.3901 MCC=0.4271
  learning_rate_used=2.055e-04; learning_rate_next=2.011e-04; elapsed=6.1s
  negatives seen=100.0%; hard negatives=0
Epoch 040 train: loss=0.0766 AUROC=0.9989 AUPRC=0.9890 BalAcc=0.9796 F1=0.9241 MCC=0.9175
Epoch 040 val  : loss=0.1561 AUROC=0.9628 AUPRC=0.5605 BalAcc=0.8217 F1=0.4954 MCC=0.5045
  learning_rate_used=2.011e-04; learning_rate_next=1.967e-04; elapsed=5.9s
  negatives seen=100.0%; hard negatives=0
Epoch 041 train: loss=0.0870 AUROC=0.9989 AUPRC=0.9881 BalAcc=0.9825 F1=0.9390 MCC=0.9334
Epoch 041 val  : loss=0.2301 AUROC=0.9561 AUPRC=0.5439 BalAcc=0.7642 F1=0.5523 MCC=0.5484
  learning_rate_used=1.967e-04; learning_rate_next=1.922e-04; elapsed=5.8s
  negatives seen=100.0%; hard negatives=0
Epoch 042 train: loss=0.0674 AUROC=0.9989 AUPRC=0.9888 BalAcc=0.9868 F1=0.9444 MCC=0.9395
Epoch 042 val  : loss=0.1866 AUROC=0.9699 AUPRC=0.5435 BalAcc=0.7798 F1=0.5469 MCC=0.5425
  learning_rate_used=1.922e-04; learning_rate_next=1.877e-04; elapsed=5.8s
  negatives seen=100.0%; hard negatives=0
Epoch 043 train: loss=0.0788 AUROC=0.9983 AUPRC=0.9805 BalAcc=0.9890 F1=0.9423 MCC=0.9375
Epoch 043 val  : loss=0.1616 AUROC=0.9631 AUPRC=0.5751 BalAcc=0.8187 F1=0.5333 MCC=0.5362
  learning_rate_used=1.877e-04; learning_rate_next=1.831e-04; elapsed=5.8s
  saved new best checkpoint: /data/projects/SFB_A03/jan/AT_TFBS/human301/runs/CREB3L3/crossassay_archthalia_20261009_144503_1046783/CHIP_seed4/best_model.pt (objective=classification-auprc, score=0.575090)
  negatives seen=100.0%; hard negatives=0
Epoch 044 train: loss=0.0574 AUROC=0.9990 AUPRC=0.9867 BalAcc=0.9899 F1=0.9510 MCC=0.9467
Epoch 044 val  : loss=0.1902 AUROC=0.9628 AUPRC=0.5583 BalAcc=0.7873 F1=0.5314 MCC=0.5282
  learning_rate_used=1.831e-04; learning_rate_next=1.785e-04; elapsed=5.8s
  negatives seen=100.0%; hard negatives=0
Epoch 045 train: loss=0.0741 AUROC=0.9987 AUPRC=0.9848 BalAcc=0.9893 F1=0.9447 MCC=0.9401
Epoch 045 val  : loss=0.1766 AUROC=0.9611 AUPRC=0.5383 BalAcc=0.8333 F1=0.4898 MCC=0.5035
  learning_rate_used=1.785e-04; learning_rate_next=1.739e-04; elapsed=5.8s
  negatives seen=100.0%; hard negatives=0
Epoch 046 train: loss=0.0909 AUROC=0.9987 AUPRC=0.9896 BalAcc=0.9832 F1=0.9453 MCC=0.9401
Epoch 046 val  : loss=0.2829 AUROC=0.9537 AUPRC=0.5428 BalAcc=0.7483 F1=0.5463 MCC=0.5445
  learning_rate_used=1.739e-04; learning_rate_next=1.692e-04; elapsed=5.8s
  negatives seen=100.0%; hard negatives=0
Epoch 047 train: loss=0.0731 AUROC=0.9987 AUPRC=0.9849 BalAcc=0.9904 F1=0.9548 MCC=0.9508
Epoch 047 val  : loss=0.2906 AUROC=0.9534 AUPRC=0.5371 BalAcc=0.7367 F1=0.5514 MCC=0.5548
  learning_rate_used=1.692e-04; learning_rate_next=1.646e-04; elapsed=5.8s
  negatives seen=100.0%; hard negatives=0
Epoch 048 train: loss=0.0727 AUROC=0.9991 AUPRC=0.9908 BalAcc=0.9905 F1=0.9561 MCC=0.9521
Epoch 048 val  : loss=0.3458 AUROC=0.9555 AUPRC=0.5394 BalAcc=0.6768 F1=0.4809 MCC=0.5113
  learning_rate_used=1.646e-04; learning_rate_next=1.599e-04; elapsed=5.8s
  negatives seen=100.0%; hard negatives=0
Epoch 049 train: loss=0.0506 AUROC=0.9990 AUPRC=0.9873 BalAcc=0.9934 F1=0.9601 MCC=0.9567
Epoch 049 val  : loss=0.2091 AUROC=0.9629 AUPRC=0.5514 BalAcc=0.7840 F1=0.5635 MCC=0.5591
  learning_rate_used=1.599e-04; learning_rate_next=1.552e-04; elapsed=5.8s
  negatives seen=100.0%; hard negatives=0
Epoch 050 train: loss=0.0486 AUROC=0.9994 AUPRC=0.9935 BalAcc=0.9860 F1=0.9595 MCC=0.9555
Epoch 050 val  : loss=0.2604 AUROC=0.9633 AUPRC=0.5796 BalAcc=0.7365 F1=0.5438 MCC=0.5456
  learning_rate_used=1.552e-04; learning_rate_next=1.505e-04; elapsed=5.8s
  saved new best checkpoint: /data/projects/SFB_A03/jan/AT_TFBS/human301/runs/CREB3L3/crossassay_archthalia_20261009_144503_1046783/CHIP_seed4/best_model.pt (objective=classification-auprc, score=0.579638)
  negatives seen=100.0%; hard negatives=0
Epoch 051 train: loss=0.0592 AUROC=0.9995 AUPRC=0.9952 BalAcc=0.9888 F1=0.9636 MCC=0.9601
Epoch 051 val  : loss=0.1708 AUROC=0.9646 AUPRC=0.5559 BalAcc=0.8382 F1=0.5280 MCC=0.5369
  learning_rate_used=1.505e-04; learning_rate_next=1.458e-04; elapsed=5.8s
  negatives seen=100.0%; hard negatives=0
Epoch 052 train: loss=0.0467 AUROC=0.9995 AUPRC=0.9943 BalAcc=0.9912 F1=0.9741 MCC=0.9716
Epoch 052 val  : loss=0.2503 AUROC=0.9647 AUPRC=0.5645 BalAcc=0.7522 F1=0.5431 MCC=0.5402
  learning_rate_used=1.458e-04; learning_rate_next=1.411e-04; elapsed=5.7s
  negatives seen=100.0%; hard negatives=0
Epoch 053 train: loss=0.0648 AUROC=0.9990 AUPRC=0.9893 BalAcc=0.9926 F1=0.9639 MCC=0.9606
Epoch 053 val  : loss=0.2093 AUROC=0.9585 AUPRC=0.5472 BalAcc=0.7948 F1=0.5157 MCC=0.5151
  learning_rate_used=1.411e-04; learning_rate_next=1.364e-04; elapsed=5.8s
  negatives seen=100.0%; hard negatives=0
Epoch 054 train: loss=0.0595 AUROC=0.9992 AUPRC=0.9904 BalAcc=0.9897 F1=0.9598 MCC=0.9561
Epoch 054 val  : loss=0.2557 AUROC=0.9650 AUPRC=0.5755 BalAcc=0.7683 F1=0.5678 MCC=0.5644
  learning_rate_used=1.364e-04; learning_rate_next=1.318e-04; elapsed=5.9s
  negatives seen=100.0%; hard negatives=0
Epoch 055 train: loss=0.0546 AUROC=0.9991 AUPRC=0.9892 BalAcc=0.9938 F1=0.9640 MCC=0.9608
Epoch 055 val  : loss=0.1763 AUROC=0.9675 AUPRC=0.5648 BalAcc=0.7995 F1=0.5515 MCC=0.5488
  learning_rate_used=1.318e-04; learning_rate_next=1.271e-04; elapsed=5.8s
  negatives seen=100.0%; hard negatives=0
Epoch 056 train: loss=0.0238 AUROC=0.9997 AUPRC=0.9971 BalAcc=0.9948 F1=0.9730 MCC=0.9706
Epoch 056 val  : loss=0.5206 AUROC=0.9624 AUPRC=0.5646 BalAcc=0.6248 F1=0.3899 MCC=0.4683
  learning_rate_used=1.271e-04; learning_rate_next=1.225e-04; elapsed=5.8s
  negatives seen=100.0%; hard negatives=0
Epoch 057 train: loss=0.0541 AUROC=0.9996 AUPRC=0.9955 BalAcc=0.9921 F1=0.9716 MCC=0.9689
Epoch 057 val  : loss=0.2451 AUROC=0.9599 AUPRC=0.5599 BalAcc=0.7796 F1=0.5385 MCC=0.5342
  learning_rate_used=1.225e-04; learning_rate_next=1.179e-04; elapsed=5.7s
  negatives seen=100.0%; hard negatives=0
Epoch 058 train: loss=0.0461 AUROC=0.9992 AUPRC=0.9894 BalAcc=0.9921 F1=0.9716 MCC=0.9689
Epoch 058 val  : loss=0.4496 AUROC=0.9602 AUPRC=0.5450 BalAcc=0.6730 F1=0.4886 MCC=0.5328
  learning_rate_used=1.179e-04; learning_rate_next=1.133e-04; elapsed=5.8s
  negatives seen=100.0%; hard negatives=0
Epoch 059 train: loss=0.0523 AUROC=0.9996 AUPRC=0.9959 BalAcc=0.9916 F1=0.9664 MCC=0.9632
Epoch 059 val  : loss=0.2051 AUROC=0.9609 AUPRC=0.5590 BalAcc=0.8102 F1=0.5065 MCC=0.5106
  learning_rate_used=1.133e-04; learning_rate_next=1.088e-04; elapsed=5.8s
  negatives seen=100.0%; hard negatives=0
Epoch 060 train: loss=0.0242 AUROC=0.9999 AUPRC=0.9987 BalAcc=0.9967 F1=0.9797 MCC=0.9778
Epoch 060 val  : loss=0.3818 AUROC=0.9683 AUPRC=0.5646 BalAcc=0.6810 F1=0.4972 MCC=0.5324
  learning_rate_used=1.088e-04; learning_rate_next=1.043e-04; elapsed=5.8s
  negatives seen=100.0%; hard negatives=0
Epoch 061 train: loss=0.0520 AUROC=0.9998 AUPRC=0.9980 BalAcc=0.9891 F1=0.9780 MCC=0.9758
Epoch 061 val  : loss=0.2265 AUROC=0.9623 AUPRC=0.5717 BalAcc=0.7877 F1=0.5517 MCC=0.5477
  learning_rate_used=1.043e-04; learning_rate_next=9.986e-05; elapsed=5.8s
  negatives seen=100.0%; hard negatives=0
Epoch 062 train: loss=0.0335 AUROC=0.9996 AUPRC=0.9935 BalAcc=0.9921 F1=0.9716 MCC=0.9689
Epoch 062 val  : loss=0.4322 AUROC=0.9546 AUPRC=0.5529 BalAcc=0.6728 F1=0.4751 MCC=0.5084
  learning_rate_used=9.986e-05; learning_rate_next=9.547e-05; elapsed=5.8s
  negatives seen=100.0%; hard negatives=0
Epoch 063 train: loss=0.0228 AUROC=0.9999 AUPRC=0.9985 BalAcc=0.9944 F1=0.9809 MCC=0.9791
Epoch 063 val  : loss=0.3911 AUROC=0.9612 AUPRC=0.5651 BalAcc=0.7049 F1=0.5258 MCC=0.5442
  learning_rate_used=9.547e-05; learning_rate_next=9.113e-05; elapsed=5.7s
  negatives seen=100.0%; hard negatives=0
Epoch 064 train: loss=0.0257 AUROC=0.9997 AUPRC=0.9966 BalAcc=0.9949 F1=0.9744 MCC=0.9720
Epoch 064 val  : loss=0.3357 AUROC=0.9605 AUPRC=0.5645 BalAcc=0.7248 F1=0.5437 MCC=0.5518
  learning_rate_used=9.113e-05; learning_rate_next=8.685e-05; elapsed=5.8s
  negatives seen=100.0%; hard negatives=0
Epoch 065 train: loss=0.0138 AUROC=0.9998 AUPRC=0.9964 BalAcc=0.9986 F1=0.9864 MCC=0.9851
Epoch 065 val  : loss=0.4739 AUROC=0.9650 AUPRC=0.5527 BalAcc=0.6528 F1=0.4419 MCC=0.4898
  learning_rate_used=8.685e-05; learning_rate_next=8.263e-05; elapsed=5.8s
  negatives seen=100.0%; hard negatives=0
Epoch 066 train: loss=0.0144 AUROC=0.9999 AUPRC=0.9989 BalAcc=0.9972 F1=0.9850 MCC=0.9836
Epoch 066 val  : loss=0.2763 AUROC=0.9673 AUPRC=0.5712 BalAcc=0.7367 F1=0.5566 MCC=0.5612
  learning_rate_used=8.263e-05; learning_rate_next=7.848e-05; elapsed=5.8s
  negatives seen=100.0%; hard negatives=0
Epoch 067 train: loss=0.0175 AUROC=0.9999 AUPRC=0.9984 BalAcc=0.9986 F1=0.9864 MCC=0.9851
Epoch 067 val  : loss=0.4239 AUROC=0.9619 AUPRC=0.5495 BalAcc=0.6969 F1=0.5158 MCC=0.5385
  learning_rate_used=7.848e-05; learning_rate_next=7.440e-05; elapsed=5.8s
  negatives seen=100.0%; hard negatives=0
Epoch 068 train: loss=0.0258 AUROC=0.9996 AUPRC=0.9910 BalAcc=0.9959 F1=0.9837 MCC=0.9821
Epoch 068 val  : loss=0.4368 AUROC=0.9617 AUPRC=0.5540 BalAcc=0.6851 F1=0.5111 MCC=0.5493
  learning_rate_used=7.440e-05; learning_rate_next=7.039e-05; elapsed=5.8s
  negatives seen=100.0%; hard negatives=0
Epoch 069 train: loss=0.0127 AUROC=0.9999 AUPRC=0.9988 BalAcc=0.9978 F1=0.9904 MCC=0.9895
Epoch 069 val  : loss=0.3593 AUROC=0.9659 AUPRC=0.5721 BalAcc=0.7129 F1=0.5381 MCC=0.5538
  learning_rate_used=7.039e-05; learning_rate_next=6.647e-05; elapsed=5.7s
  negatives seen=100.0%; hard negatives=0
Epoch 070 train: loss=0.0197 AUROC=0.9998 AUPRC=0.9982 BalAcc=0.9970 F1=0.9824 MCC=0.9807
Epoch 070 val  : loss=0.3533 AUROC=0.9636 AUPRC=0.5697 BalAcc=0.7207 F1=0.5340 MCC=0.5418
  learning_rate_used=6.647e-05; learning_rate_next=6.263e-05; elapsed=5.8s
Early stopping after 70 epochs.
Binary threshold: 0.396985 (strategy=val-mcc, validation_score=0.581273)
Validation-only run completed; frozen model: /data/projects/SFB_A03/jan/AT_TFBS/human301/runs/CREB3L3/crossassay_archthalia_20261009_144503_1046783/CHIP_seed4/model_for_prediction.pt
CREB3L3: CHIP -> CHIP
TEST CREB3L3 CHIP -> CHIP: loss=0.2273 AUROC=0.9736 AUPRC=0.5407 BalAcc=0.7890 F1=0.5597 MCC=0.5556
CREB3L3: CHIP -> GHTS
TEST CREB3L3 CHIP -> GHTS: loss=0.5108 AUROC=0.8296 AUPRC=0.4482 BalAcc=0.7502 F1=0.5116 MCC=0.5068
Completed CREB3L3/CHIP: one model, both fixed test sets.
