TF=NR1H4 train=GHTS seed=1 model=hum301_motif64_local.py
/home/jbossenz/miniforge3/envs/at_env/bin/python -u /data/projects/SFB_A03/jan/AT_TFBS/human301/hum301_motif64_local.py train --cache /data/projects/SFB_A03/jan/AT_TFBS/raw_data/human/ArchThalia-ML/NR1H4/GHTS/dataset.npz --output-dir /data/projects/SFB_A03/jan/AT_TFBS/human301/runs/NR1H4/crossassay_archthalia_20261009_144503_1046783/GHTS_seed1 --input-length 256 --embed-channels 64 --encoder-channels 80 96 128 --heads 4 --ffn-channels 256 --classification-readout local-logsumexp --task-mode classification --checkpoint-objective classification-auprc --threshold-strategy val-mcc --negatives-per-positive 10 --batch-size 88 --hard-negative-fraction 0 --epochs 100 --patience 20 --learning-rate 0.0003 --min-learning-rate 0.000001 --weight-decay 0.0001 --dropout 0.1 --activation relu --reverse-complement-probability 0.5 --eval-crops multi --eval-rc --no-balanced-evaluation --eval-batch-size 128 --num-workers 2 --seed 1 --device cuda --skip-test
Window geometry: 256 bp from 301 bp; crop starts 0..45; shifts -22..+23; fresh uniform draw per access
Evaluation: crops (0, 22, 23, 45), reverse complement=True; all samples
train: n=76,356, positive=756, negative=75,600
  val: n=18,483, positive=183, negative=18,300
 test: n=70,801, positive=701, negative=70,100
Device: cuda
Hidden activation: RELU
Parameters: 1,032,981 total; 1,032,981 trainable
Architecture: motif kernels 9/12; encoder 128/64/64; original five-block bottleneck at 64; decoder 64/128/256
  negatives seen=10.0%; hard negatives=0
Epoch 001 train: loss=0.7695 AUROC=0.8945 AUPRC=0.6197 BalAcc=0.8146 F1=0.4665 MCC=0.4393
Epoch 001 val  : loss=0.1192 AUROC=0.9772 AUPRC=0.6552 BalAcc=0.7586 F1=0.6032 MCC=0.6080
  learning_rate_used=3.000e-04; learning_rate_next=2.999e-04; elapsed=10.4s
  saved new best checkpoint: /data/projects/SFB_A03/jan/AT_TFBS/human301/runs/NR1H4/crossassay_archthalia_20261009_144503_1046783/GHTS_seed1/best_model.pt (objective=classification-auprc, score=0.655229)
  negatives seen=20.0%; hard negatives=0
Epoch 002 train: loss=0.4483 AUROC=0.9633 AUPRC=0.8343 BalAcc=0.9070 F1=0.6967 MCC=0.6779
Epoch 002 val  : loss=0.1635 AUROC=0.9813 AUPRC=0.6719 BalAcc=0.9443 F1=0.2864 MCC=0.3869
  learning_rate_used=2.999e-04; learning_rate_next=2.997e-04; elapsed=9.1s
  saved new best checkpoint: /data/projects/SFB_A03/jan/AT_TFBS/human301/runs/NR1H4/crossassay_archthalia_20261009_144503_1046783/GHTS_seed1/best_model.pt (objective=classification-auprc, score=0.671851)
  negatives seen=30.0%; hard negatives=0
Epoch 003 train: loss=0.3551 AUROC=0.9794 AUPRC=0.8794 BalAcc=0.9214 F1=0.7358 MCC=0.7187
Epoch 003 val  : loss=0.1426 AUROC=0.9843 AUPRC=0.6645 BalAcc=0.9402 F1=0.3962 MCC=0.4715
  learning_rate_used=2.997e-04; learning_rate_next=2.993e-04; elapsed=9.0s
  negatives seen=40.0%; hard negatives=0
Epoch 004 train: loss=0.3668 AUROC=0.9775 AUPRC=0.8815 BalAcc=0.9301 F1=0.7488 MCC=0.7336
Epoch 004 val  : loss=0.0821 AUROC=0.9826 AUPRC=0.7691 BalAcc=0.8796 F1=0.6497 MCC=0.6533
  learning_rate_used=2.993e-04; learning_rate_next=2.988e-04; elapsed=9.0s
  saved new best checkpoint: /data/projects/SFB_A03/jan/AT_TFBS/human301/runs/NR1H4/crossassay_archthalia_20261009_144503_1046783/GHTS_seed1/best_model.pt (objective=classification-auprc, score=0.769055)
  negatives seen=50.0%; hard negatives=0
Epoch 005 train: loss=0.3198 AUROC=0.9826 AUPRC=0.8936 BalAcc=0.9353 F1=0.7861 MCC=0.7705
Epoch 005 val  : loss=0.1092 AUROC=0.9784 AUPRC=0.7759 BalAcc=0.9283 F1=0.4198 MCC=0.4849
  learning_rate_used=2.988e-04; learning_rate_next=2.982e-04; elapsed=9.0s
  saved new best checkpoint: /data/projects/SFB_A03/jan/AT_TFBS/human301/runs/NR1H4/crossassay_archthalia_20261009_144503_1046783/GHTS_seed1/best_model.pt (objective=classification-auprc, score=0.775914)
  negatives seen=60.0%; hard negatives=0
Epoch 006 train: loss=0.3087 AUROC=0.9849 AUPRC=0.9131 BalAcc=0.9405 F1=0.8108 MCC=0.7959
Epoch 006 val  : loss=0.0822 AUROC=0.9816 AUPRC=0.7881 BalAcc=0.9056 F1=0.6148 MCC=0.6305
  learning_rate_used=2.982e-04; learning_rate_next=2.974e-04; elapsed=9.0s
  saved new best checkpoint: /data/projects/SFB_A03/jan/AT_TFBS/human301/runs/NR1H4/crossassay_archthalia_20261009_144503_1046783/GHTS_seed1/best_model.pt (objective=classification-auprc, score=0.788117)
  negatives seen=70.0%; hard negatives=0
Epoch 007 train: loss=0.2658 AUROC=0.9882 AUPRC=0.9216 BalAcc=0.9450 F1=0.8147 MCC=0.8007
Epoch 007 val  : loss=0.1590 AUROC=0.9859 AUPRC=0.8070 BalAcc=0.9610 F1=0.2764 MCC=0.3850
  learning_rate_used=2.974e-04; learning_rate_next=2.964e-04; elapsed=9.0s
  saved new best checkpoint: /data/projects/SFB_A03/jan/AT_TFBS/human301/runs/NR1H4/crossassay_archthalia_20261009_144503_1046783/GHTS_seed1/best_model.pt (objective=classification-auprc, score=0.806951)
  negatives seen=80.0%; hard negatives=0
Epoch 008 train: loss=0.2635 AUROC=0.9893 AUPRC=0.9346 BalAcc=0.9507 F1=0.8526 MCC=0.8398
Epoch 008 val  : loss=0.1197 AUROC=0.9852 AUPRC=0.7666 BalAcc=0.9556 F1=0.3523 MCC=0.4436
  learning_rate_used=2.964e-04; learning_rate_next=2.953e-04; elapsed=9.0s
  negatives seen=90.0%; hard negatives=0
Epoch 009 train: loss=0.2324 AUROC=0.9917 AUPRC=0.9406 BalAcc=0.9580 F1=0.8563 MCC=0.8448
Epoch 009 val  : loss=0.0786 AUROC=0.9873 AUPRC=0.7789 BalAcc=0.9538 F1=0.5265 MCC=0.5775
  learning_rate_used=2.953e-04; learning_rate_next=2.941e-04; elapsed=9.2s
  negatives seen=100.0%; hard negatives=0
Epoch 010 train: loss=0.2002 AUROC=0.9936 AUPRC=0.9514 BalAcc=0.9599 F1=0.8573 MCC=0.8461
Epoch 010 val  : loss=0.0820 AUROC=0.9867 AUPRC=0.7810 BalAcc=0.9090 F1=0.6481 MCC=0.6595
  learning_rate_used=2.941e-04; learning_rate_next=2.927e-04; elapsed=9.1s
  negatives seen=100.0%; hard negatives=0
Epoch 011 train: loss=0.2212 AUROC=0.9930 AUPRC=0.9507 BalAcc=0.9579 F1=0.8558 MCC=0.8442
Epoch 011 val  : loss=0.0925 AUROC=0.9858 AUPRC=0.8126 BalAcc=0.9275 F1=0.4591 MCC=0.5148
  learning_rate_used=2.927e-04; learning_rate_next=2.912e-04; elapsed=9.0s
  saved new best checkpoint: /data/projects/SFB_A03/jan/AT_TFBS/human301/runs/NR1H4/crossassay_archthalia_20261009_144503_1046783/GHTS_seed1/best_model.pt (objective=classification-auprc, score=0.812561)
  negatives seen=100.0%; hard negatives=0
Epoch 012 train: loss=0.2030 AUROC=0.9934 AUPRC=0.9422 BalAcc=0.9569 F1=0.8610 MCC=0.8493
Epoch 012 val  : loss=0.0850 AUROC=0.9874 AUPRC=0.7949 BalAcc=0.9583 F1=0.5015 MCC=0.5599
  learning_rate_used=2.912e-04; learning_rate_next=2.895e-04; elapsed=9.0s
  negatives seen=100.0%; hard negatives=0
Epoch 013 train: loss=0.2049 AUROC=0.9941 AUPRC=0.9605 BalAcc=0.9558 F1=0.8709 MCC=0.8594
Epoch 013 val  : loss=0.0989 AUROC=0.9870 AUPRC=0.7957 BalAcc=0.9539 F1=0.4067 MCC=0.4851
  learning_rate_used=2.895e-04; learning_rate_next=2.877e-04; elapsed=9.0s
  negatives seen=100.0%; hard negatives=0
Epoch 014 train: loss=0.1756 AUROC=0.9948 AUPRC=0.9555 BalAcc=0.9676 F1=0.8918 MCC=0.8825
Epoch 014 val  : loss=0.0756 AUROC=0.9859 AUPRC=0.8121 BalAcc=0.9288 F1=0.5814 MCC=0.6111
  learning_rate_used=2.877e-04; learning_rate_next=2.858e-04; elapsed=9.0s
  negatives seen=100.0%; hard negatives=0
Epoch 015 train: loss=0.1613 AUROC=0.9956 AUPRC=0.9565 BalAcc=0.9667 F1=0.8748 MCC=0.8649
Epoch 015 val  : loss=0.0902 AUROC=0.9874 AUPRC=0.8001 BalAcc=0.9545 F1=0.4722 MCC=0.5358
  learning_rate_used=2.858e-04; learning_rate_next=2.837e-04; elapsed=9.0s
  negatives seen=100.0%; hard negatives=0
Epoch 016 train: loss=0.1420 AUROC=0.9969 AUPRC=0.9771 BalAcc=0.9722 F1=0.9058 MCC=0.8976
Epoch 016 val  : loss=0.0680 AUROC=0.9880 AUPRC=0.7893 BalAcc=0.9163 F1=0.6135 MCC=0.6329
  learning_rate_used=2.837e-04; learning_rate_next=2.815e-04; elapsed=9.0s
  negatives seen=100.0%; hard negatives=0
Epoch 017 train: loss=0.1524 AUROC=0.9963 AUPRC=0.9656 BalAcc=0.9708 F1=0.8946 MCC=0.8859
Epoch 017 val  : loss=0.1033 AUROC=0.9851 AUPRC=0.7448 BalAcc=0.8851 F1=0.6620 MCC=0.6655
  learning_rate_used=2.815e-04; learning_rate_next=2.792e-04; elapsed=9.0s
  negatives seen=100.0%; hard negatives=0
Epoch 018 train: loss=0.1594 AUROC=0.9956 AUPRC=0.9601 BalAcc=0.9716 F1=0.8916 MCC=0.8829
Epoch 018 val  : loss=0.0699 AUROC=0.9892 AUPRC=0.8006 BalAcc=0.9166 F1=0.6299 MCC=0.6465
  learning_rate_used=2.792e-04; learning_rate_next=2.767e-04; elapsed=9.0s
  negatives seen=100.0%; hard negatives=0
Epoch 019 train: loss=0.1321 AUROC=0.9973 AUPRC=0.9732 BalAcc=0.9733 F1=0.9110 MCC=0.9031
Epoch 019 val  : loss=0.0867 AUROC=0.9840 AUPRC=0.8177 BalAcc=0.9346 F1=0.5086 MCC=0.5560
  learning_rate_used=2.767e-04; learning_rate_next=2.741e-04; elapsed=9.0s
  saved new best checkpoint: /data/projects/SFB_A03/jan/AT_TFBS/human301/runs/NR1H4/crossassay_archthalia_20261009_144503_1046783/GHTS_seed1/best_model.pt (objective=classification-auprc, score=0.817723)
  negatives seen=100.0%; hard negatives=0
Epoch 020 train: loss=0.1221 AUROC=0.9978 AUPRC=0.9753 BalAcc=0.9749 F1=0.9243 MCC=0.9173
Epoch 020 val  : loss=0.0896 AUROC=0.9865 AUPRC=0.7900 BalAcc=0.9173 F1=0.6638 MCC=0.6753
  learning_rate_used=2.741e-04; learning_rate_next=2.714e-04; elapsed=9.1s
  negatives seen=100.0%; hard negatives=0
Epoch 021 train: loss=0.1550 AUROC=0.9971 AUPRC=0.9726 BalAcc=0.9698 F1=0.9109 MCC=0.9027
Epoch 021 val  : loss=0.0770 AUROC=0.9901 AUPRC=0.8297 BalAcc=0.9652 F1=0.4761 MCC=0.5431
  learning_rate_used=2.714e-04; learning_rate_next=2.686e-04; elapsed=9.0s
  saved new best checkpoint: /data/projects/SFB_A03/jan/AT_TFBS/human301/runs/NR1H4/crossassay_archthalia_20261009_144503_1046783/GHTS_seed1/best_model.pt (objective=classification-auprc, score=0.829659)
  negatives seen=100.0%; hard negatives=0
Epoch 022 train: loss=0.1222 AUROC=0.9980 AUPRC=0.9804 BalAcc=0.9782 F1=0.9232 MCC=0.9164
Epoch 022 val  : loss=0.0767 AUROC=0.9884 AUPRC=0.8049 BalAcc=0.9311 F1=0.5664 MCC=0.6000
  learning_rate_used=2.686e-04; learning_rate_next=2.657e-04; elapsed=9.1s
  negatives seen=100.0%; hard negatives=0
Epoch 023 train: loss=0.1172 AUROC=0.9976 AUPRC=0.9753 BalAcc=0.9790 F1=0.9143 MCC=0.9072
Epoch 023 val  : loss=0.1050 AUROC=0.9873 AUPRC=0.7536 BalAcc=0.8644 F1=0.7053 MCC=0.7027
  learning_rate_used=2.657e-04; learning_rate_next=2.626e-04; elapsed=9.0s
  negatives seen=100.0%; hard negatives=0
Epoch 024 train: loss=0.1029 AUROC=0.9981 AUPRC=0.9809 BalAcc=0.9835 F1=0.9384 MCC=0.9329
Epoch 024 val  : loss=0.0799 AUROC=0.9893 AUPRC=0.7983 BalAcc=0.8914 F1=0.7200 MCC=0.7196
  learning_rate_used=2.626e-04; learning_rate_next=2.595e-04; elapsed=9.0s
  negatives seen=100.0%; hard negatives=0
Epoch 025 train: loss=0.1169 AUROC=0.9981 AUPRC=0.9790 BalAcc=0.9799 F1=0.9327 MCC=0.9265
Epoch 025 val  : loss=0.0944 AUROC=0.9890 AUPRC=0.7726 BalAcc=0.8639 F1=0.6700 MCC=0.6689
  learning_rate_used=2.595e-04; learning_rate_next=2.562e-04; elapsed=9.0s
  negatives seen=100.0%; hard negatives=0
Epoch 026 train: loss=0.1141 AUROC=0.9975 AUPRC=0.9707 BalAcc=0.9807 F1=0.9241 MCC=0.9176
Epoch 026 val  : loss=0.0794 AUROC=0.9870 AUPRC=0.8083 BalAcc=0.9061 F1=0.6410 MCC=0.6527
  learning_rate_used=2.562e-04; learning_rate_next=2.528e-04; elapsed=9.0s
  negatives seen=100.0%; hard negatives=0
Epoch 027 train: loss=0.1178 AUROC=0.9981 AUPRC=0.9806 BalAcc=0.9803 F1=0.9362 MCC=0.9303
Epoch 027 val  : loss=0.0793 AUROC=0.9890 AUPRC=0.8327 BalAcc=0.9626 F1=0.4772 MCC=0.5429
  learning_rate_used=2.528e-04; learning_rate_next=2.494e-04; elapsed=9.0s
  saved new best checkpoint: /data/projects/SFB_A03/jan/AT_TFBS/human301/runs/NR1H4/crossassay_archthalia_20261009_144503_1046783/GHTS_seed1/best_model.pt (objective=classification-auprc, score=0.832724)
  negatives seen=100.0%; hard negatives=0
Epoch 028 train: loss=0.1036 AUROC=0.9984 AUPRC=0.9833 BalAcc=0.9784 F1=0.9295 MCC=0.9231
Epoch 028 val  : loss=0.0734 AUROC=0.9892 AUPRC=0.7998 BalAcc=0.9313 F1=0.5745 MCC=0.6066
  learning_rate_used=2.494e-04; learning_rate_next=2.458e-04; elapsed=9.0s
  negatives seen=100.0%; hard negatives=0
Epoch 029 train: loss=0.0655 AUROC=0.9991 AUPRC=0.9905 BalAcc=0.9885 F1=0.9521 MCC=0.9478
Epoch 029 val  : loss=0.0770 AUROC=0.9873 AUPRC=0.8238 BalAcc=0.9369 F1=0.5838 MCC=0.6160
  learning_rate_used=2.458e-04; learning_rate_next=2.421e-04; elapsed=9.0s
  negatives seen=100.0%; hard negatives=0
Epoch 030 train: loss=0.1085 AUROC=0.9987 AUPRC=0.9861 BalAcc=0.9837 F1=0.9408 MCC=0.9354
Epoch 030 val  : loss=0.0943 AUROC=0.9866 AUPRC=0.7829 BalAcc=0.9013 F1=0.6697 MCC=0.6761
  learning_rate_used=2.421e-04; learning_rate_next=2.384e-04; elapsed=9.1s
  negatives seen=100.0%; hard negatives=0
Epoch 031 train: loss=0.0684 AUROC=0.9988 AUPRC=0.9862 BalAcc=0.9856 F1=0.9470 MCC=0.9421
Epoch 031 val  : loss=0.1006 AUROC=0.9830 AUPRC=0.8198 BalAcc=0.9241 F1=0.5097 MCC=0.5527
  learning_rate_used=2.384e-04; learning_rate_next=2.345e-04; elapsed=9.0s
  negatives seen=100.0%; hard negatives=0
Epoch 032 train: loss=0.0935 AUROC=0.9988 AUPRC=0.9903 BalAcc=0.9812 F1=0.9447 MCC=0.9394
Epoch 032 val  : loss=0.1017 AUROC=0.9862 AUPRC=0.7638 BalAcc=0.8640 F1=0.6819 MCC=0.6802
  learning_rate_used=2.345e-04; learning_rate_next=2.306e-04; elapsed=9.0s
  negatives seen=100.0%; hard negatives=0
Epoch 033 train: loss=0.0800 AUROC=0.9988 AUPRC=0.9861 BalAcc=0.9819 F1=0.9406 MCC=0.9351
Epoch 033 val  : loss=0.0827 AUROC=0.9857 AUPRC=0.7838 BalAcc=0.9597 F1=0.5446 MCC=0.5939
  learning_rate_used=2.306e-04; learning_rate_next=2.266e-04; elapsed=9.0s
  negatives seen=100.0%; hard negatives=0
Epoch 034 train: loss=0.0725 AUROC=0.9987 AUPRC=0.9851 BalAcc=0.9895 F1=0.9558 MCC=0.9518
Epoch 034 val  : loss=0.0803 AUROC=0.9845 AUPRC=0.8069 BalAcc=0.9320 F1=0.6015 MCC=0.6285
  learning_rate_used=2.266e-04; learning_rate_next=2.225e-04; elapsed=9.0s
  negatives seen=100.0%; hard negatives=0
Epoch 035 train: loss=0.0784 AUROC=0.9990 AUPRC=0.9913 BalAcc=0.9886 F1=0.9588 MCC=0.9549
Epoch 035 val  : loss=0.0851 AUROC=0.9872 AUPRC=0.8336 BalAcc=0.9459 F1=0.5278 MCC=0.5754
  learning_rate_used=2.225e-04; learning_rate_next=2.184e-04; elapsed=8.9s
  saved new best checkpoint: /data/projects/SFB_A03/jan/AT_TFBS/human301/runs/NR1H4/crossassay_archthalia_20261009_144503_1046783/GHTS_seed1/best_model.pt (objective=classification-auprc, score=0.833590)
  negatives seen=100.0%; hard negatives=0
Epoch 036 train: loss=0.0871 AUROC=0.9991 AUPRC=0.9902 BalAcc=0.9876 F1=0.9544 MCC=0.9502
Epoch 036 val  : loss=0.1177 AUROC=0.9887 AUPRC=0.8105 BalAcc=0.8784 F1=0.7453 MCC=0.7428
  learning_rate_used=2.184e-04; learning_rate_next=2.142e-04; elapsed=9.0s
  negatives seen=100.0%; hard negatives=0
Epoch 037 train: loss=0.0694 AUROC=0.9991 AUPRC=0.9897 BalAcc=0.9877 F1=0.9556 MCC=0.9515
Epoch 037 val  : loss=0.1156 AUROC=0.9862 AUPRC=0.8140 BalAcc=0.9020 F1=0.7115 MCC=0.7136
  learning_rate_used=2.142e-04; learning_rate_next=2.099e-04; elapsed=9.0s
  negatives seen=100.0%; hard negatives=0
Epoch 038 train: loss=0.0639 AUROC=0.9990 AUPRC=0.9890 BalAcc=0.9898 F1=0.9534 MCC=0.9493
Epoch 038 val  : loss=0.1170 AUROC=0.9856 AUPRC=0.8080 BalAcc=0.8701 F1=0.7292 MCC=0.7266
  learning_rate_used=2.099e-04; learning_rate_next=2.055e-04; elapsed=9.0s
  negatives seen=100.0%; hard negatives=0
Epoch 039 train: loss=0.1058 AUROC=0.9988 AUPRC=0.9853 BalAcc=0.9856 F1=0.9530 MCC=0.9486
Epoch 039 val  : loss=0.0863 AUROC=0.9864 AUPRC=0.8224 BalAcc=0.9150 F1=0.6830 MCC=0.6912
  learning_rate_used=2.055e-04; learning_rate_next=2.011e-04; elapsed=9.1s
  negatives seen=100.0%; hard negatives=0
Epoch 040 train: loss=0.0700 AUROC=0.9992 AUPRC=0.9890 BalAcc=0.9891 F1=0.9576 MCC=0.9537
Epoch 040 val  : loss=0.0964 AUROC=0.9861 AUPRC=0.8227 BalAcc=0.9181 F1=0.7097 MCC=0.7154
  learning_rate_used=2.011e-04; learning_rate_next=1.967e-04; elapsed=9.2s
  negatives seen=100.0%; hard negatives=0
Epoch 041 train: loss=0.0560 AUROC=0.9991 AUPRC=0.9875 BalAcc=0.9932 F1=0.9628 MCC=0.9595
Epoch 041 val  : loss=0.0909 AUROC=0.9857 AUPRC=0.8114 BalAcc=0.9013 F1=0.6697 MCC=0.6761
  learning_rate_used=1.967e-04; learning_rate_next=1.922e-04; elapsed=9.0s
  negatives seen=100.0%; hard negatives=0
Epoch 042 train: loss=0.0482 AUROC=0.9994 AUPRC=0.9928 BalAcc=0.9918 F1=0.9664 MCC=0.9633
Epoch 042 val  : loss=0.1011 AUROC=0.9837 AUPRC=0.8217 BalAcc=0.9021 F1=0.7133 MCC=0.7152
  learning_rate_used=1.922e-04; learning_rate_next=1.877e-04; elapsed=9.1s
  negatives seen=100.0%; hard negatives=0
Epoch 043 train: loss=0.0598 AUROC=0.9993 AUPRC=0.9910 BalAcc=0.9901 F1=0.9613 MCC=0.9578
Epoch 043 val  : loss=0.1292 AUROC=0.9880 AUPRC=0.7918 BalAcc=0.8671 F1=0.7068 MCC=0.7044
  learning_rate_used=1.877e-04; learning_rate_next=1.831e-04; elapsed=9.2s
  negatives seen=100.0%; hard negatives=0
Epoch 044 train: loss=0.0504 AUROC=0.9994 AUPRC=0.9931 BalAcc=0.9884 F1=0.9618 MCC=0.9582
Epoch 044 val  : loss=0.1410 AUROC=0.9856 AUPRC=0.7994 BalAcc=0.8514 F1=0.7350 MCC=0.7332
  learning_rate_used=1.831e-04; learning_rate_next=1.785e-04; elapsed=9.0s
  negatives seen=100.0%; hard negatives=0
Epoch 045 train: loss=0.0655 AUROC=0.9991 AUPRC=0.9902 BalAcc=0.9903 F1=0.9583 MCC=0.9545
Epoch 045 val  : loss=0.1141 AUROC=0.9846 AUPRC=0.8130 BalAcc=0.8858 F1=0.7012 MCC=0.7013
  learning_rate_used=1.785e-04; learning_rate_next=1.739e-04; elapsed=9.0s
  negatives seen=100.0%; hard negatives=0
Epoch 046 train: loss=0.0375 AUROC=0.9994 AUPRC=0.9922 BalAcc=0.9937 F1=0.9672 MCC=0.9642
Epoch 046 val  : loss=0.1289 AUROC=0.9842 AUPRC=0.8090 BalAcc=0.8961 F1=0.6744 MCC=0.6790
  learning_rate_used=1.739e-04; learning_rate_next=1.692e-04; elapsed=9.0s
  negatives seen=100.0%; hard negatives=0
Epoch 047 train: loss=0.0280 AUROC=0.9997 AUPRC=0.9972 BalAcc=0.9952 F1=0.9760 MCC=0.9737
Epoch 047 val  : loss=0.1597 AUROC=0.9853 AUPRC=0.7911 BalAcc=0.8754 F1=0.7206 MCC=0.7184
  learning_rate_used=1.692e-04; learning_rate_next=1.646e-04; elapsed=9.0s
  negatives seen=100.0%; hard negatives=0
Epoch 048 train: loss=0.0754 AUROC=0.9995 AUPRC=0.9946 BalAcc=0.9871 F1=0.9667 MCC=0.9634
Epoch 048 val  : loss=0.1414 AUROC=0.9859 AUPRC=0.7731 BalAcc=0.8487 F1=0.7314 MCC=0.7296
  learning_rate_used=1.646e-04; learning_rate_next=1.599e-04; elapsed=9.0s
  negatives seen=100.0%; hard negatives=0
Epoch 049 train: loss=0.0536 AUROC=0.9995 AUPRC=0.9946 BalAcc=0.9899 F1=0.9650 MCC=0.9617
Epoch 049 val  : loss=0.1043 AUROC=0.9854 AUPRC=0.8111 BalAcc=0.9043 F1=0.6851 MCC=0.6903
  learning_rate_used=1.599e-04; learning_rate_next=1.552e-04; elapsed=9.0s
  negatives seen=100.0%; hard negatives=0
Epoch 050 train: loss=0.0373 AUROC=0.9994 AUPRC=0.9914 BalAcc=0.9944 F1=0.9747 MCC=0.9723
Epoch 050 val  : loss=0.1005 AUROC=0.9833 AUPRC=0.8216 BalAcc=0.9177 F1=0.5647 MCC=0.5937
  learning_rate_used=1.552e-04; learning_rate_next=1.505e-04; elapsed=9.1s
  negatives seen=100.0%; hard negatives=0
Epoch 051 train: loss=0.0362 AUROC=0.9994 AUPRC=0.9935 BalAcc=0.9954 F1=0.9722 MCC=0.9697
Epoch 051 val  : loss=0.1286 AUROC=0.9836 AUPRC=0.8176 BalAcc=0.8992 F1=0.6983 MCC=0.7011
  learning_rate_used=1.505e-04; learning_rate_next=1.458e-04; elapsed=9.0s
  negatives seen=100.0%; hard negatives=0
Epoch 052 train: loss=0.0238 AUROC=0.9998 AUPRC=0.9974 BalAcc=0.9957 F1=0.9754 MCC=0.9731
Epoch 052 val  : loss=0.1320 AUROC=0.9861 AUPRC=0.7905 BalAcc=0.8620 F1=0.7228 MCC=0.7200
  learning_rate_used=1.458e-04; learning_rate_next=1.411e-04; elapsed=9.1s
  negatives seen=100.0%; hard negatives=0
Epoch 053 train: loss=0.0349 AUROC=0.9995 AUPRC=0.9939 BalAcc=0.9941 F1=0.9715 MCC=0.9689
Epoch 053 val  : loss=0.1302 AUROC=0.9856 AUPRC=0.8183 BalAcc=0.9098 F1=0.6959 MCC=0.7012
  learning_rate_used=1.411e-04; learning_rate_next=1.364e-04; elapsed=8.9s
  negatives seen=100.0%; hard negatives=0
Epoch 054 train: loss=0.0341 AUROC=0.9997 AUPRC=0.9970 BalAcc=0.9937 F1=0.9728 MCC=0.9702
Epoch 054 val  : loss=0.1353 AUROC=0.9869 AUPRC=0.7906 BalAcc=0.8857 F1=0.6961 MCC=0.6965
  learning_rate_used=1.364e-04; learning_rate_next=1.318e-04; elapsed=9.0s
  negatives seen=100.0%; hard negatives=0
Epoch 055 train: loss=0.0231 AUROC=0.9996 AUPRC=0.9947 BalAcc=0.9974 F1=0.9799 MCC=0.9780
Epoch 055 val  : loss=0.1076 AUROC=0.9847 AUPRC=0.8213 BalAcc=0.8969 F1=0.7282 MCC=0.7281
  learning_rate_used=1.318e-04; learning_rate_next=1.271e-04; elapsed=8.9s
Early stopping after 55 epochs.
Binary threshold: 0.999113 (strategy=val-mcc, validation_score=0.774366)
Validation-only run completed; frozen model: /data/projects/SFB_A03/jan/AT_TFBS/human301/runs/NR1H4/crossassay_archthalia_20261009_144503_1046783/GHTS_seed1/model_for_prediction.pt
NR1H4: GHTS -> GHTS
TEST NR1H4 GHTS -> GHTS: loss=0.0919 AUROC=0.9865 AUPRC=0.8438 BalAcc=0.8200 F1=0.7578 MCC=0.7691
NR1H4: GHTS -> CHIP
TEST NR1H4 GHTS -> CHIP: loss=0.8183 AUROC=0.6643 AUPRC=0.0457 BalAcc=0.5136 F1=0.0508 MCC=0.0892
Completed NR1H4/GHTS: one model, both fixed test sets.
