TF=TERF1 train=GHTS seed=5 model=hum301_motif64_local.py
/home/jbossenz/miniforge3/envs/at_env/bin/python -u /data/projects/SFB_A03/jan/AT_TFBS/human301/hum301_motif64_local.py train --cache /data/projects/SFB_A03/jan/AT_TFBS/raw_data/human/ArchThalia-ML/TERF1/GHTS/dataset.npz --output-dir /data/projects/SFB_A03/jan/AT_TFBS/human301/runs/TERF1/crossassay_archthalia_20261009_144503_1046783/GHTS_seed5 --input-length 256 --embed-channels 64 --encoder-channels 80 96 128 --heads 4 --ffn-channels 256 --classification-readout local-logsumexp --task-mode classification --checkpoint-objective classification-auprc --threshold-strategy val-mcc --negatives-per-positive 10 --batch-size 88 --hard-negative-fraction 0 --epochs 100 --patience 20 --learning-rate 0.0003 --min-learning-rate 0.000001 --weight-decay 0.0001 --dropout 0.1 --activation relu --reverse-complement-probability 0.5 --eval-crops multi --eval-rc --no-balanced-evaluation --eval-batch-size 128 --num-workers 2 --seed 5 --device cuda --skip-test
Window geometry: 256 bp from 301 bp; crop starts 0..45; shifts -22..+23; fresh uniform draw per access
Evaluation: crops (0, 22, 23, 45), reverse complement=True; all samples
train: n=58,883, positive=583, negative=58,300
  val: n=15,655, positive=155, negative=15,500
 test: n=70,195, positive=695, negative=69,500
Device: cuda
Hidden activation: RELU
Parameters: 1,032,981 total; 1,032,981 trainable
Architecture: motif kernels 9/12; encoder 128/64/64; original five-block bottleneck at 64; decoder 64/128/256
  negatives seen=10.0%; hard negatives=0
Epoch 001 train: loss=0.5632 AUROC=0.9436 AUPRC=0.7773 BalAcc=0.8629 F1=0.5776 MCC=0.5549
Epoch 001 val  : loss=0.0719 AUROC=0.9885 AUPRC=0.8699 BalAcc=0.9054 F1=0.8000 MCC=0.7981
  learning_rate_used=3.000e-04; learning_rate_next=2.999e-04; elapsed=8.8s
  saved new best checkpoint: /data/projects/SFB_A03/jan/AT_TFBS/human301/runs/TERF1/crossassay_archthalia_20261009_144503_1046783/GHTS_seed5/best_model.pt (objective=classification-auprc, score=0.869941)
  negatives seen=20.0%; hard negatives=0
Epoch 002 train: loss=0.2848 AUROC=0.9852 AUPRC=0.9344 BalAcc=0.9525 F1=0.8372 MCC=0.8246
Epoch 002 val  : loss=0.1033 AUROC=0.9896 AUPRC=0.8886 BalAcc=0.8354 F1=0.7909 MCC=0.8023
  learning_rate_used=2.999e-04; learning_rate_next=2.997e-04; elapsed=7.6s
  saved new best checkpoint: /data/projects/SFB_A03/jan/AT_TFBS/human301/runs/TERF1/crossassay_archthalia_20261009_144503_1046783/GHTS_seed5/best_model.pt (objective=classification-auprc, score=0.888625)
  negatives seen=30.0%; hard negatives=0
Epoch 003 train: loss=0.2503 AUROC=0.9890 AUPRC=0.9499 BalAcc=0.9567 F1=0.8760 MCC=0.8648
Epoch 003 val  : loss=0.0436 AUROC=0.9958 AUPRC=0.9179 BalAcc=0.9442 F1=0.8545 MCC=0.8537
  learning_rate_used=2.997e-04; learning_rate_next=2.993e-04; elapsed=7.8s
  saved new best checkpoint: /data/projects/SFB_A03/jan/AT_TFBS/human301/runs/TERF1/crossassay_archthalia_20261009_144503_1046783/GHTS_seed5/best_model.pt (objective=classification-auprc, score=0.917909)
  negatives seen=40.0%; hard negatives=0
Epoch 004 train: loss=0.2233 AUROC=0.9915 AUPRC=0.9555 BalAcc=0.9572 F1=0.8741 MCC=0.8628
Epoch 004 val  : loss=0.0493 AUROC=0.9984 AUPRC=0.9282 BalAcc=0.9156 F1=0.8600 MCC=0.8591
  learning_rate_used=2.993e-04; learning_rate_next=2.988e-04; elapsed=7.7s
  saved new best checkpoint: /data/projects/SFB_A03/jan/AT_TFBS/human301/runs/TERF1/crossassay_archthalia_20261009_144503_1046783/GHTS_seed5/best_model.pt (objective=classification-auprc, score=0.928174)
  negatives seen=50.0%; hard negatives=0
Epoch 005 train: loss=0.1688 AUROC=0.9955 AUPRC=0.9733 BalAcc=0.9672 F1=0.9080 MCC=0.8994
Epoch 005 val  : loss=0.0367 AUROC=0.9978 AUPRC=0.9400 BalAcc=0.9810 F1=0.7634 MCC=0.7785
  learning_rate_used=2.988e-04; learning_rate_next=2.982e-04; elapsed=7.6s
  saved new best checkpoint: /data/projects/SFB_A03/jan/AT_TFBS/human301/runs/TERF1/crossassay_archthalia_20261009_144503_1046783/GHTS_seed5/best_model.pt (objective=classification-auprc, score=0.940010)
  negatives seen=60.0%; hard negatives=0
Epoch 006 train: loss=0.1084 AUROC=0.9985 AUPRC=0.9894 BalAcc=0.9768 F1=0.9389 MCC=0.9330
Epoch 006 val  : loss=0.0300 AUROC=0.9982 AUPRC=0.9425 BalAcc=0.9696 F1=0.8513 MCC=0.8537
  learning_rate_used=2.982e-04; learning_rate_next=2.974e-04; elapsed=7.7s
  saved new best checkpoint: /data/projects/SFB_A03/jan/AT_TFBS/human301/runs/TERF1/crossassay_archthalia_20261009_144503_1046783/GHTS_seed5/best_model.pt (objective=classification-auprc, score=0.942499)
  negatives seen=70.0%; hard negatives=0
Epoch 007 train: loss=0.1329 AUROC=0.9969 AUPRC=0.9852 BalAcc=0.9820 F1=0.9450 MCC=0.9398
Epoch 007 val  : loss=0.0317 AUROC=0.9985 AUPRC=0.9545 BalAcc=0.9575 F1=0.8987 MCC=0.8979
  learning_rate_used=2.974e-04; learning_rate_next=2.964e-04; elapsed=7.7s
  saved new best checkpoint: /data/projects/SFB_A03/jan/AT_TFBS/human301/runs/TERF1/crossassay_archthalia_20261009_144503_1046783/GHTS_seed5/best_model.pt (objective=classification-auprc, score=0.954475)
  negatives seen=80.0%; hard negatives=0
Epoch 008 train: loss=0.1070 AUROC=0.9968 AUPRC=0.9881 BalAcc=0.9820 F1=0.9521 MCC=0.9474
Epoch 008 val  : loss=0.0342 AUROC=0.9987 AUPRC=0.9452 BalAcc=0.9445 F1=0.8846 MCC=0.8835
  learning_rate_used=2.964e-04; learning_rate_next=2.953e-04; elapsed=7.7s
  negatives seen=90.0%; hard negatives=0
Epoch 009 train: loss=0.1258 AUROC=0.9972 AUPRC=0.9864 BalAcc=0.9813 F1=0.9528 MCC=0.9481
Epoch 009 val  : loss=0.0400 AUROC=0.9979 AUPRC=0.9447 BalAcc=0.9832 F1=0.7056 MCC=0.7309
  learning_rate_used=2.953e-04; learning_rate_next=2.941e-04; elapsed=7.7s
  negatives seen=100.0%; hard negatives=0
Epoch 010 train: loss=0.1046 AUROC=0.9984 AUPRC=0.9890 BalAcc=0.9795 F1=0.9502 MCC=0.9453
Epoch 010 val  : loss=0.0402 AUROC=0.9990 AUPRC=0.9539 BalAcc=0.9852 F1=0.6524 MCC=0.6885
  learning_rate_used=2.941e-04; learning_rate_next=2.927e-04; elapsed=7.7s
  negatives seen=100.0%; hard negatives=0
Epoch 011 train: loss=0.0846 AUROC=0.9989 AUPRC=0.9898 BalAcc=0.9866 F1=0.9597 MCC=0.9558
Epoch 011 val  : loss=0.0281 AUROC=0.9988 AUPRC=0.9541 BalAcc=0.9873 F1=0.7600 MCC=0.7775
  learning_rate_used=2.927e-04; learning_rate_next=2.912e-04; elapsed=7.7s
  negatives seen=100.0%; hard negatives=0
Epoch 012 train: loss=0.1031 AUROC=0.9987 AUPRC=0.9877 BalAcc=0.9822 F1=0.9545 MCC=0.9500
Epoch 012 val  : loss=0.0323 AUROC=0.9981 AUPRC=0.9475 BalAcc=0.9604 F1=0.8773 MCC=0.8771
  learning_rate_used=2.912e-04; learning_rate_next=2.895e-04; elapsed=7.6s
  negatives seen=100.0%; hard negatives=0
Epoch 013 train: loss=0.0826 AUROC=0.9984 AUPRC=0.9924 BalAcc=0.9899 F1=0.9688 MCC=0.9657
Epoch 013 val  : loss=0.0271 AUROC=0.9992 AUPRC=0.9561 BalAcc=0.9812 F1=0.7712 MCC=0.7852
  learning_rate_used=2.895e-04; learning_rate_next=2.877e-04; elapsed=7.5s
  saved new best checkpoint: /data/projects/SFB_A03/jan/AT_TFBS/human301/runs/TERF1/crossassay_archthalia_20261009_144503_1046783/GHTS_seed5/best_model.pt (objective=classification-auprc, score=0.956104)
  negatives seen=100.0%; hard negatives=0
Epoch 014 train: loss=0.0958 AUROC=0.9986 AUPRC=0.9898 BalAcc=0.9850 F1=0.9516 MCC=0.9470
Epoch 014 val  : loss=0.0285 AUROC=0.9992 AUPRC=0.9570 BalAcc=0.9638 F1=0.8944 MCC=0.8939
  learning_rate_used=2.877e-04; learning_rate_next=2.858e-04; elapsed=7.6s
  saved new best checkpoint: /data/projects/SFB_A03/jan/AT_TFBS/human301/runs/TERF1/crossassay_archthalia_20261009_144503_1046783/GHTS_seed5/best_model.pt (objective=classification-auprc, score=0.956990)
  negatives seen=100.0%; hard negatives=0
Epoch 015 train: loss=0.0871 AUROC=0.9991 AUPRC=0.9915 BalAcc=0.9854 F1=0.9628 MCC=0.9591
Epoch 015 val  : loss=0.0341 AUROC=0.9985 AUPRC=0.9467 BalAcc=0.9702 F1=0.8985 MCC=0.8984
  learning_rate_used=2.858e-04; learning_rate_next=2.837e-04; elapsed=7.5s
  negatives seen=100.0%; hard negatives=0
Epoch 016 train: loss=0.0714 AUROC=0.9994 AUPRC=0.9941 BalAcc=0.9883 F1=0.9687 MCC=0.9656
Epoch 016 val  : loss=0.0373 AUROC=0.9989 AUPRC=0.9606 BalAcc=0.9864 F1=0.7086 MCC=0.7345
  learning_rate_used=2.837e-04; learning_rate_next=2.815e-04; elapsed=7.6s
  saved new best checkpoint: /data/projects/SFB_A03/jan/AT_TFBS/human301/runs/TERF1/crossassay_archthalia_20261009_144503_1046783/GHTS_seed5/best_model.pt (objective=classification-auprc, score=0.960561)
  negatives seen=100.0%; hard negatives=0
Epoch 017 train: loss=0.0669 AUROC=0.9994 AUPRC=0.9944 BalAcc=0.9887 F1=0.9720 MCC=0.9692
Epoch 017 val  : loss=0.0241 AUROC=0.9992 AUPRC=0.9589 BalAcc=0.9752 F1=0.7978 MCC=0.8067
  learning_rate_used=2.815e-04; learning_rate_next=2.792e-04; elapsed=7.6s
  negatives seen=100.0%; hard negatives=0
Epoch 018 train: loss=0.0555 AUROC=0.9995 AUPRC=0.9940 BalAcc=0.9912 F1=0.9738 MCC=0.9712
Epoch 018 val  : loss=0.0233 AUROC=0.9992 AUPRC=0.9597 BalAcc=0.9699 F1=0.8769 MCC=0.8777
  learning_rate_used=2.792e-04; learning_rate_next=2.767e-04; elapsed=7.7s
  negatives seen=100.0%; hard negatives=0
Epoch 019 train: loss=0.0748 AUROC=0.9993 AUPRC=0.9945 BalAcc=0.9896 F1=0.9663 MCC=0.9631
Epoch 019 val  : loss=0.0228 AUROC=0.9992 AUPRC=0.9556 BalAcc=0.9703 F1=0.9040 MCC=0.9038
  learning_rate_used=2.767e-04; learning_rate_next=2.741e-04; elapsed=7.5s
  negatives seen=100.0%; hard negatives=0
Epoch 020 train: loss=0.0799 AUROC=0.9984 AUPRC=0.9946 BalAcc=0.9902 F1=0.9721 MCC=0.9693
Epoch 020 val  : loss=0.0217 AUROC=0.9988 AUPRC=0.9627 BalAcc=0.9794 F1=0.8663 MCC=0.8692
  learning_rate_used=2.741e-04; learning_rate_next=2.714e-04; elapsed=7.7s
  saved new best checkpoint: /data/projects/SFB_A03/jan/AT_TFBS/human301/runs/TERF1/crossassay_archthalia_20261009_144503_1046783/GHTS_seed5/best_model.pt (objective=classification-auprc, score=0.962745)
  negatives seen=100.0%; hard negatives=0
Epoch 021 train: loss=0.0571 AUROC=0.9993 AUPRC=0.9912 BalAcc=0.9899 F1=0.9688 MCC=0.9657
Epoch 021 val  : loss=0.0375 AUROC=0.9978 AUPRC=0.9564 BalAcc=0.9802 F1=0.7177 MCC=0.7399
  learning_rate_used=2.714e-04; learning_rate_next=2.686e-04; elapsed=7.7s
  negatives seen=100.0%; hard negatives=0
Epoch 022 train: loss=0.0344 AUROC=0.9996 AUPRC=0.9977 BalAcc=0.9955 F1=0.9864 MCC=0.9850
Epoch 022 val  : loss=0.0298 AUROC=0.9984 AUPRC=0.9568 BalAcc=0.9670 F1=0.9006 MCC=0.9002
  learning_rate_used=2.686e-04; learning_rate_next=2.657e-04; elapsed=7.6s
  negatives seen=100.0%; hard negatives=0
Epoch 023 train: loss=0.0427 AUROC=0.9995 AUPRC=0.9940 BalAcc=0.9918 F1=0.9722 MCC=0.9695
Epoch 023 val  : loss=0.0250 AUROC=0.9982 AUPRC=0.9538 BalAcc=0.9791 F1=0.8466 MCC=0.8511
  learning_rate_used=2.657e-04; learning_rate_next=2.626e-04; elapsed=7.7s
  negatives seen=100.0%; hard negatives=0
Epoch 024 train: loss=0.0505 AUROC=0.9997 AUPRC=0.9974 BalAcc=0.9931 F1=0.9771 MCC=0.9749
Epoch 024 val  : loss=0.0317 AUROC=0.9988 AUPRC=0.9511 BalAcc=0.9635 F1=0.8727 MCC=0.8730
  learning_rate_used=2.626e-04; learning_rate_next=2.595e-04; elapsed=7.7s
  negatives seen=100.0%; hard negatives=0
Epoch 025 train: loss=0.0478 AUROC=0.9998 AUPRC=0.9977 BalAcc=0.9936 F1=0.9821 MCC=0.9804
Epoch 025 val  : loss=0.0301 AUROC=0.9990 AUPRC=0.9540 BalAcc=0.9752 F1=0.7936 MCC=0.8030
  learning_rate_used=2.595e-04; learning_rate_next=2.562e-04; elapsed=7.8s
  negatives seen=100.0%; hard negatives=0
Epoch 026 train: loss=0.0343 AUROC=0.9997 AUPRC=0.9969 BalAcc=0.9940 F1=0.9788 MCC=0.9768
Epoch 026 val  : loss=0.0243 AUROC=0.9993 AUPRC=0.9621 BalAcc=0.9704 F1=0.9154 MCC=0.9149
  learning_rate_used=2.562e-04; learning_rate_next=2.528e-04; elapsed=7.6s
  negatives seen=100.0%; hard negatives=0
Epoch 027 train: loss=0.0311 AUROC=0.9997 AUPRC=0.9962 BalAcc=0.9941 F1=0.9797 MCC=0.9777
Epoch 027 val  : loss=0.0446 AUROC=0.9991 AUPRC=0.9611 BalAcc=0.9159 F1=0.8897 MCC=0.8908
  learning_rate_used=2.528e-04; learning_rate_next=2.494e-04; elapsed=7.6s
  negatives seen=100.0%; hard negatives=0
Epoch 028 train: loss=0.0534 AUROC=0.9994 AUPRC=0.9955 BalAcc=0.9924 F1=0.9779 MCC=0.9758
Epoch 028 val  : loss=0.0211 AUROC=0.9988 AUPRC=0.9656 BalAcc=0.9858 F1=0.8728 MCC=0.8763
  learning_rate_used=2.494e-04; learning_rate_next=2.458e-04; elapsed=7.6s
  saved new best checkpoint: /data/projects/SFB_A03/jan/AT_TFBS/human301/runs/TERF1/crossassay_archthalia_20261009_144503_1046783/GHTS_seed5/best_model.pt (objective=classification-auprc, score=0.965589)
  negatives seen=100.0%; hard negatives=0
Epoch 029 train: loss=0.0138 AUROC=0.9999 AUPRC=0.9985 BalAcc=0.9980 F1=0.9881 MCC=0.9870
Epoch 029 val  : loss=0.0212 AUROC=0.9990 AUPRC=0.9715 BalAcc=0.9855 F1=0.8483 MCC=0.8539
  learning_rate_used=2.458e-04; learning_rate_next=2.421e-04; elapsed=7.6s
  saved new best checkpoint: /data/projects/SFB_A03/jan/AT_TFBS/human301/runs/TERF1/crossassay_archthalia_20261009_144503_1046783/GHTS_seed5/best_model.pt (objective=classification-auprc, score=0.971503)
  negatives seen=100.0%; hard negatives=0
Epoch 030 train: loss=0.0326 AUROC=0.9998 AUPRC=0.9981 BalAcc=0.9936 F1=0.9821 MCC=0.9804
Epoch 030 val  : loss=0.0256 AUROC=0.9987 AUPRC=0.9648 BalAcc=0.9876 F1=0.7775 MCC=0.7924
  learning_rate_used=2.421e-04; learning_rate_next=2.384e-04; elapsed=7.6s
  negatives seen=100.0%; hard negatives=0
Epoch 031 train: loss=0.0341 AUROC=0.9997 AUPRC=0.9985 BalAcc=0.9973 F1=0.9881 MCC=0.9869
Epoch 031 val  : loss=0.0230 AUROC=0.9988 AUPRC=0.9626 BalAcc=0.9731 F1=0.8776 MCC=0.8788
  learning_rate_used=2.384e-04; learning_rate_next=2.345e-04; elapsed=7.6s
  negatives seen=100.0%; hard negatives=0
Epoch 032 train: loss=0.0436 AUROC=0.9998 AUPRC=0.9974 BalAcc=0.9931 F1=0.9780 MCC=0.9758
Epoch 032 val  : loss=0.0256 AUROC=0.9986 AUPRC=0.9626 BalAcc=0.9827 F1=0.8798 MCC=0.8822
  learning_rate_used=2.345e-04; learning_rate_next=2.306e-04; elapsed=7.6s
  negatives seen=100.0%; hard negatives=0
Epoch 033 train: loss=0.0257 AUROC=0.9997 AUPRC=0.9971 BalAcc=0.9957 F1=0.9806 MCC=0.9787
Epoch 033 val  : loss=0.0371 AUROC=0.9989 AUPRC=0.9583 BalAcc=0.9606 F1=0.8966 MCC=0.8959
  learning_rate_used=2.306e-04; learning_rate_next=2.266e-04; elapsed=7.7s
  negatives seen=100.0%; hard negatives=0
Epoch 034 train: loss=0.0159 AUROC=0.9999 AUPRC=0.9989 BalAcc=0.9972 F1=0.9873 MCC=0.9860
Epoch 034 val  : loss=0.0239 AUROC=0.9993 AUPRC=0.9634 BalAcc=0.9762 F1=0.8706 MCC=0.8727
  learning_rate_used=2.266e-04; learning_rate_next=2.225e-04; elapsed=7.7s
  negatives seen=100.0%; hard negatives=0
Epoch 035 train: loss=0.0294 AUROC=0.9999 AUPRC=0.9994 BalAcc=0.9947 F1=0.9855 MCC=0.9841
Epoch 035 val  : loss=0.0437 AUROC=0.9981 AUPRC=0.9595 BalAcc=0.9543 F1=0.9010 MCC=0.9000
  learning_rate_used=2.225e-04; learning_rate_next=2.184e-04; elapsed=7.7s
  negatives seen=100.0%; hard negatives=0
Epoch 036 train: loss=0.0125 AUROC=1.0000 AUPRC=0.9998 BalAcc=0.9985 F1=0.9932 MCC=0.9925
Epoch 036 val  : loss=0.0267 AUROC=0.9992 AUPRC=0.9689 BalAcc=0.9797 F1=0.8976 MCC=0.8985
  learning_rate_used=2.184e-04; learning_rate_next=2.142e-04; elapsed=7.7s
  negatives seen=100.0%; hard negatives=0
Epoch 037 train: loss=0.0233 AUROC=1.0000 AUPRC=0.9997 BalAcc=0.9961 F1=0.9914 MCC=0.9906
Epoch 037 val  : loss=0.0236 AUROC=0.9989 AUPRC=0.9679 BalAcc=0.9797 F1=0.8922 MCC=0.8934
  learning_rate_used=2.142e-04; learning_rate_next=2.099e-04; elapsed=7.6s
  negatives seen=100.0%; hard negatives=0
Epoch 038 train: loss=0.0328 AUROC=0.9998 AUPRC=0.9974 BalAcc=0.9940 F1=0.9788 MCC=0.9768
Epoch 038 val  : loss=0.0431 AUROC=0.9978 AUPRC=0.9521 BalAcc=0.9635 F1=0.8727 MCC=0.8730
  learning_rate_used=2.099e-04; learning_rate_next=2.055e-04; elapsed=7.7s
  negatives seen=100.0%; hard negatives=0
Epoch 039 train: loss=0.0271 AUROC=0.9997 AUPRC=0.9948 BalAcc=0.9968 F1=0.9839 MCC=0.9824
Epoch 039 val  : loss=0.0335 AUROC=0.9989 AUPRC=0.9609 BalAcc=0.9823 F1=0.8499 MCC=0.8547
  learning_rate_used=2.055e-04; learning_rate_next=2.011e-04; elapsed=7.7s
  negatives seen=100.0%; hard negatives=0
Epoch 040 train: loss=0.0179 AUROC=0.9998 AUPRC=0.9977 BalAcc=0.9961 F1=0.9847 MCC=0.9832
Epoch 040 val  : loss=0.0371 AUROC=0.9989 AUPRC=0.9601 BalAcc=0.9672 F1=0.9119 MCC=0.9113
  learning_rate_used=2.011e-04; learning_rate_next=1.967e-04; elapsed=7.7s
  negatives seen=100.0%; hard negatives=0
Epoch 041 train: loss=0.0170 AUROC=0.9999 AUPRC=0.9990 BalAcc=0.9973 F1=0.9889 MCC=0.9879
Epoch 041 val  : loss=0.0233 AUROC=0.9992 AUPRC=0.9640 BalAcc=0.9796 F1=0.8896 MCC=0.8909
  learning_rate_used=1.967e-04; learning_rate_next=1.922e-04; elapsed=7.6s
  negatives seen=100.0%; hard negatives=0
Epoch 042 train: loss=0.0102 AUROC=0.9999 AUPRC=0.9994 BalAcc=0.9985 F1=0.9932 MCC=0.9925
Epoch 042 val  : loss=0.0262 AUROC=0.9993 AUPRC=0.9559 BalAcc=0.9639 F1=0.9028 MCC=0.9022
  learning_rate_used=1.922e-04; learning_rate_next=1.877e-04; elapsed=7.6s
  negatives seen=100.0%; hard negatives=0
Epoch 043 train: loss=0.0108 AUROC=1.0000 AUPRC=0.9995 BalAcc=0.9985 F1=0.9923 MCC=0.9916
Epoch 043 val  : loss=0.0360 AUROC=0.9982 AUPRC=0.9582 BalAcc=0.9700 F1=0.8848 MCC=0.8853
  learning_rate_used=1.877e-04; learning_rate_next=1.831e-04; elapsed=7.8s
  negatives seen=100.0%; hard negatives=0
Epoch 044 train: loss=0.0136 AUROC=0.9999 AUPRC=0.9983 BalAcc=0.9981 F1=0.9890 MCC=0.9879
Epoch 044 val  : loss=0.0390 AUROC=0.9971 AUPRC=0.9505 BalAcc=0.9508 F1=0.8777 MCC=0.8768
  learning_rate_used=1.831e-04; learning_rate_next=1.785e-04; elapsed=7.7s
  negatives seen=100.0%; hard negatives=0
Epoch 045 train: loss=0.0345 AUROC=0.9998 AUPRC=0.9978 BalAcc=0.9948 F1=0.9863 MCC=0.9850
Epoch 045 val  : loss=0.0239 AUROC=0.9985 AUPRC=0.9616 BalAcc=0.9889 F1=0.8686 MCC=0.8730
  learning_rate_used=1.785e-04; learning_rate_next=1.739e-04; elapsed=7.7s
  negatives seen=100.0%; hard negatives=0
Epoch 046 train: loss=0.0110 AUROC=0.9999 AUPRC=0.9993 BalAcc=0.9988 F1=0.9881 MCC=0.9870
Epoch 046 val  : loss=0.0313 AUROC=0.9992 AUPRC=0.9614 BalAcc=0.9575 F1=0.9073 MCC=0.9065
  learning_rate_used=1.739e-04; learning_rate_next=1.692e-04; elapsed=7.7s
  negatives seen=100.0%; hard negatives=0
Epoch 047 train: loss=0.0110 AUROC=0.9999 AUPRC=0.9989 BalAcc=0.9990 F1=0.9898 MCC=0.9888
Epoch 047 val  : loss=0.0255 AUROC=0.9992 AUPRC=0.9676 BalAcc=0.9911 F1=0.7969 MCC=0.8100
  learning_rate_used=1.692e-04; learning_rate_next=1.646e-04; elapsed=7.8s
  negatives seen=100.0%; hard negatives=0
Epoch 048 train: loss=0.0188 AUROC=0.9999 AUPRC=0.9995 BalAcc=0.9948 F1=0.9863 MCC=0.9850
Epoch 048 val  : loss=0.0576 AUROC=0.9984 AUPRC=0.9562 BalAcc=0.9512 F1=0.9121 MCC=0.9112
  learning_rate_used=1.646e-04; learning_rate_next=1.599e-04; elapsed=7.7s
  negatives seen=100.0%; hard negatives=0
Epoch 049 train: loss=0.0126 AUROC=0.9998 AUPRC=0.9975 BalAcc=0.9977 F1=0.9923 MCC=0.9916
Epoch 049 val  : loss=0.0269 AUROC=0.9985 AUPRC=0.9594 BalAcc=0.9575 F1=0.8987 MCC=0.8979
  learning_rate_used=1.599e-04; learning_rate_next=1.552e-04; elapsed=7.7s
Early stopping after 49 epochs.
Binary threshold: 0.965233 (strategy=val-mcc, validation_score=0.930964)
Validation-only run completed; frozen model: /data/projects/SFB_A03/jan/AT_TFBS/human301/runs/TERF1/crossassay_archthalia_20261009_144503_1046783/GHTS_seed5/model_for_prediction.pt
TERF1: GHTS -> GHTS
TEST TERF1 GHTS -> GHTS: loss=0.0318 AUROC=0.9952 AUPRC=0.9629 BalAcc=0.9507 F1=0.9120 MCC=0.9112
TERF1: GHTS -> CHIP
TEST TERF1 GHTS -> CHIP: loss=0.8704 AUROC=0.6686 AUPRC=0.1403 BalAcc=0.5579 F1=0.1820 MCC=0.2139
Completed TERF1/GHTS: one model, both fixed test sets.
