ZNF773/CHIP: packing existing FASTAs into /data/projects/SFB_A03/jan/AT_TFBS/raw_data/human/ArchThalia-ML/ZNF773/CHIP/dataset.npz; no genome extraction
Loaded train_positive: 224
Loaded train_negative: 22,400
Loaded test_positive: 163
Loaded test_negative: 16,300
{
  "train": {
    "positive": 186,
    "negative": 18600,
    "total": 18786,
    "chromosomes": [
      "chr1",
      "chr11",
      "chr13",
      "chr15",
      "chr17",
      "chr19",
      "chr21",
      "chr3",
      "chr9"
    ],
    "sequences_with_N": 0,
    "max_N_fraction": 0.0,
    "mean_GC_fraction_ACGT_only": {
      "positive": 0.4872825349194441,
      "negative": 0.4871953702711392
    }
  },
  "validation": {
    "positive": 38,
    "negative": 3800,
    "total": 3838,
    "chromosomes": [
      "chr5",
      "chr7"
    ],
    "sequences_with_N": 0,
    "max_N_fraction": 0.0,
    "mean_GC_fraction_ACGT_only": {
      "positive": 0.5258786501136562,
      "negative": 0.5257378912397273
    }
  },
  "test": {
    "positive": 163,
    "negative": 16300,
    "total": 16463,
    "chromosomes": [
      "chr10",
      "chr12",
      "chr14",
      "chr16",
      "chr18",
      "chr2",
      "chr20",
      "chr22",
      "chr4",
      "chr6",
      "chr8"
    ],
    "sequences_with_N": 0,
    "max_N_fraction": 0.0,
    "mean_GC_fraction_ACGT_only": {
      "positive": 0.4992356765790922,
      "negative": 0.4992128487862544
    }
  }
}
Sequence audit: {
  "train": {
    "duplicates_or_RC_duplicates_within_split": 0,
    "identical_or_RC_identical_sequences_with_both_labels": 0
  },
  "validation": {
    "duplicates_or_RC_duplicates_within_split": 0,
    "identical_or_RC_identical_sequences_with_both_labels": 0
  },
  "test": {
    "duplicates_or_RC_duplicates_within_split": 0,
    "identical_or_RC_identical_sequences_with_both_labels": 0
  },
  "train_validation_shared_sequences_or_RC": 0,
  "train_test_shared_sequences_or_RC": 0,
  "validation_test_shared_sequences_or_RC": 0
}
Saved: /data/projects/SFB_A03/jan/AT_TFBS/raw_data/human/ArchThalia-ML/ZNF773/CHIP/dataset.npz
ZNF773/GHTS: packing existing FASTAs into /data/projects/SFB_A03/jan/AT_TFBS/raw_data/human/ArchThalia-ML/ZNF773/GHTS/dataset.npz; no genome extraction
Loaded train_positive: 200
Loaded train_negative: 20,000
Loaded test_positive: 187
Loaded test_negative: 18,700
{
  "train": {
    "positive": 148,
    "negative": 14800,
    "total": 14948,
    "chromosomes": [
      "chr1",
      "chr11",
      "chr13",
      "chr15",
      "chr17",
      "chr19",
      "chr21",
      "chr3",
      "chr9"
    ],
    "sequences_with_N": 1,
    "max_N_fraction": 0.016611295681063124,
    "mean_GC_fraction_ACGT_only": {
      "positive": 0.5192336568632923,
      "negative": 0.5191974948370297
    }
  },
  "validation": {
    "positive": 52,
    "negative": 5200,
    "total": 5252,
    "chromosomes": [
      "chr5",
      "chr7"
    ],
    "sequences_with_N": 1,
    "max_N_fraction": 0.38870431893687707,
    "mean_GC_fraction_ACGT_only": {
      "positive": 0.5065667396304404,
      "negative": 0.507411193457705
    }
  },
  "test": {
    "positive": 187,
    "negative": 18700,
    "total": 18887,
    "chromosomes": [
      "chr10",
      "chr12",
      "chr14",
      "chr16",
      "chr18",
      "chr2",
      "chr20",
      "chr22",
      "chr4",
      "chr6",
      "chr8"
    ],
    "sequences_with_N": 0,
    "max_N_fraction": 0.0,
    "mean_GC_fraction_ACGT_only": {
      "positive": 0.5104375788370317,
      "negative": 0.5104359798887843
    }
  }
}
Sequence audit: {
  "train": {
    "duplicates_or_RC_duplicates_within_split": 0,
    "identical_or_RC_identical_sequences_with_both_labels": 0
  },
  "validation": {
    "duplicates_or_RC_duplicates_within_split": 0,
    "identical_or_RC_identical_sequences_with_both_labels": 0
  },
  "test": {
    "duplicates_or_RC_duplicates_within_split": 0,
    "identical_or_RC_identical_sequences_with_both_labels": 0
  },
  "train_validation_shared_sequences_or_RC": 0,
  "train_test_shared_sequences_or_RC": 0,
  "validation_test_shared_sequences_or_RC": 0
}
Saved: /data/projects/SFB_A03/jan/AT_TFBS/raw_data/human/ArchThalia-ML/ZNF773/GHTS/dataset.npz
ZNF773: caches ready for CHIP and GHTS; cross-test chromosomes are held out.
