TF=MYF6 variant=base seed=1
/home/jbossenz/miniforge3/envs/at_env/bin/python -u /data/projects/SFB_A03/jan/AT_TFBS/human301/hum301_motif64.py train --cache /data/projects/SFB_A03/jan/AT_TFBS/raw_data/human/MYF6/hum301_multitf_chr5_chr7/dataset.npz --output-dir /data/projects/SFB_A03/jan/AT_TFBS/human301/runs/MYF6/multitf_20261006_033507_932031_base_seed1 --input-length 256 --embed-channels 64 --encoder-channels 80 96 128 --heads 4 --ffn-channels 256 --classification-readout center --task-mode classification --checkpoint-objective classification-auprc --threshold-strategy val-mcc --negatives-per-positive 10 --batch-size 88 --hard-negative-fraction 0 --epochs 100 --patience 20 --learning-rate 0.0003 --min-learning-rate 0.000001 --weight-decay 0.0001 --dropout 0.1 --activation relu --reverse-complement-probability 0.5 --eval-crops multi --eval-rc --no-balanced-evaluation --eval-batch-size 128 --num-workers 2 --seed 1 --device cuda
Window geometry: 256 bp from 301 bp; crop starts 0..45; shifts -22..+23; fresh uniform draw per access
Evaluation: crops (0, 22, 23, 45), reverse complement=True; all samples
train: n=3,222,304, positive=31,904, negative=3,190,400
  val: n=786,891, positive=7,791, negative=779,100
 test: n=3,353,604, positive=33,204, negative=3,320,400
Device: cuda
Hidden activation: RELU
Parameters: 1,032,981 total; 1,032,981 trainable
Architecture: motif kernels 9/12; encoder 128/64/64; original five-block bottleneck at 64; decoder 64/128/256
  negatives seen=10.0%; hard negatives=0
Epoch 001 train: loss=0.6871 AUROC=0.9145 AUPRC=0.6025 BalAcc=0.8415 F1=0.5019 MCC=0.4820
Epoch 001 val  : loss=0.4769 AUROC=0.9412 AUPRC=0.2909 BalAcc=0.8599 F1=0.0814 MCC=0.1732
  learning_rate_used=3.000e-04; learning_rate_next=2.999e-04; elapsed=400.8s
  saved new best checkpoint: /data/projects/SFB_A03/jan/AT_TFBS/human301/runs/MYF6/multitf_20261006_033507_932031_base_seed1/best_model.pt (objective=classification-auprc, score=0.290916)
  negatives seen=20.0%; hard negatives=0
Epoch 002 train: loss=0.5817 AUROC=0.9381 AUPRC=0.6923 BalAcc=0.8712 F1=0.5662 MCC=0.5493
Epoch 002 val  : loss=0.2714 AUROC=0.9449 AUPRC=0.3056 BalAcc=0.8773 F1=0.1482 MCC=0.2450
  learning_rate_used=2.999e-04; learning_rate_next=2.997e-04; elapsed=391.8s
  saved new best checkpoint: /data/projects/SFB_A03/jan/AT_TFBS/human301/runs/MYF6/multitf_20261006_033507_932031_base_seed1/best_model.pt (objective=classification-auprc, score=0.305568)
  negatives seen=30.0%; hard negatives=0
Epoch 003 train: loss=0.5556 AUROC=0.9438 AUPRC=0.7165 BalAcc=0.8788 F1=0.5836 MCC=0.5674
Epoch 003 val  : loss=0.2900 AUROC=0.9458 AUPRC=0.3223 BalAcc=0.8813 F1=0.1361 MCC=0.2349
  learning_rate_used=2.997e-04; learning_rate_next=2.993e-04; elapsed=371.1s
  saved new best checkpoint: /data/projects/SFB_A03/jan/AT_TFBS/human301/runs/MYF6/multitf_20261006_033507_932031_base_seed1/best_model.pt (objective=classification-auprc, score=0.322311)
  negatives seen=40.0%; hard negatives=0
Epoch 004 train: loss=0.5395 AUROC=0.9469 AUPRC=0.7289 BalAcc=0.8827 F1=0.5911 MCC=0.5755
Epoch 004 val  : loss=0.6197 AUROC=0.9511 AUPRC=0.3458 BalAcc=0.8393 F1=0.0635 MCC=0.1481
  learning_rate_used=2.993e-04; learning_rate_next=2.988e-04; elapsed=372.6s
  saved new best checkpoint: /data/projects/SFB_A03/jan/AT_TFBS/human301/runs/MYF6/multitf_20261006_033507_932031_base_seed1/best_model.pt (objective=classification-auprc, score=0.345766)
  negatives seen=50.0%; hard negatives=0
Epoch 005 train: loss=0.5238 AUROC=0.9501 AUPRC=0.7431 BalAcc=0.8871 F1=0.6048 MCC=0.5890
Epoch 005 val  : loss=0.1639 AUROC=0.9519 AUPRC=0.3609 BalAcc=0.8519 F1=0.2716 MCC=0.3393
  learning_rate_used=2.988e-04; learning_rate_next=2.982e-04; elapsed=370.8s
  saved new best checkpoint: /data/projects/SFB_A03/jan/AT_TFBS/human301/runs/MYF6/multitf_20261006_033507_932031_base_seed1/best_model.pt (objective=classification-auprc, score=0.360904)
  negatives seen=60.0%; hard negatives=0
Epoch 006 train: loss=0.5153 AUROC=0.9517 AUPRC=0.7487 BalAcc=0.8890 F1=0.6076 MCC=0.5923
Epoch 006 val  : loss=0.1941 AUROC=0.9532 AUPRC=0.3663 BalAcc=0.8766 F1=0.2174 MCC=0.3051
  learning_rate_used=2.982e-04; learning_rate_next=2.974e-04; elapsed=370.7s
  saved new best checkpoint: /data/projects/SFB_A03/jan/AT_TFBS/human301/runs/MYF6/multitf_20261006_033507_932031_base_seed1/best_model.pt (objective=classification-auprc, score=0.366315)
  negatives seen=70.0%; hard negatives=0
Epoch 007 train: loss=0.5077 AUROC=0.9529 AUPRC=0.7518 BalAcc=0.8925 F1=0.6166 MCC=0.6015
Epoch 007 val  : loss=0.2395 AUROC=0.9510 AUPRC=0.3533 BalAcc=0.8823 F1=0.1738 MCC=0.2698
  learning_rate_used=2.974e-04; learning_rate_next=2.964e-04; elapsed=371.2s
  negatives seen=80.0%; hard negatives=0
Epoch 008 train: loss=0.4973 AUROC=0.9548 AUPRC=0.7609 BalAcc=0.8947 F1=0.6223 MCC=0.6073
Epoch 008 val  : loss=0.2766 AUROC=0.9545 AUPRC=0.3628 BalAcc=0.8933 F1=0.1550 MCC=0.2565
  learning_rate_used=2.964e-04; learning_rate_next=2.953e-04; elapsed=371.5s
  negatives seen=90.0%; hard negatives=0
Epoch 009 train: loss=0.4914 AUROC=0.9560 AUPRC=0.7657 BalAcc=0.8956 F1=0.6290 MCC=0.6135
Epoch 009 val  : loss=0.3797 AUROC=0.9561 AUPRC=0.3793 BalAcc=0.8889 F1=0.1111 MCC=0.2128
  learning_rate_used=2.953e-04; learning_rate_next=2.941e-04; elapsed=373.1s
  saved new best checkpoint: /data/projects/SFB_A03/jan/AT_TFBS/human301/runs/MYF6/multitf_20261006_033507_932031_base_seed1/best_model.pt (objective=classification-auprc, score=0.379324)
  negatives seen=100.0%; hard negatives=0
Epoch 010 train: loss=0.4876 AUROC=0.9567 AUPRC=0.7698 BalAcc=0.8971 F1=0.6346 MCC=0.6189
Epoch 010 val  : loss=0.2725 AUROC=0.9564 AUPRC=0.3870 BalAcc=0.8956 F1=0.1582 MCC=0.2603
  learning_rate_used=2.941e-04; learning_rate_next=2.927e-04; elapsed=371.2s
  saved new best checkpoint: /data/projects/SFB_A03/jan/AT_TFBS/human301/runs/MYF6/multitf_20261006_033507_932031_base_seed1/best_model.pt (objective=classification-auprc, score=0.387045)
  negatives seen=100.0%; hard negatives=0
Epoch 011 train: loss=0.4805 AUROC=0.9580 AUPRC=0.7725 BalAcc=0.8988 F1=0.6373 MCC=0.6220
Epoch 011 val  : loss=0.2488 AUROC=0.9568 AUPRC=0.3891 BalAcc=0.8952 F1=0.1702 MCC=0.2710
  learning_rate_used=2.927e-04; learning_rate_next=2.912e-04; elapsed=371.0s
  saved new best checkpoint: /data/projects/SFB_A03/jan/AT_TFBS/human301/runs/MYF6/multitf_20261006_033507_932031_base_seed1/best_model.pt (objective=classification-auprc, score=0.389120)
  negatives seen=100.0%; hard negatives=0
Epoch 012 train: loss=0.4756 AUROC=0.9589 AUPRC=0.7800 BalAcc=0.8993 F1=0.6414 MCC=0.6257
Epoch 012 val  : loss=0.2184 AUROC=0.9549 AUPRC=0.3907 BalAcc=0.8883 F1=0.1898 MCC=0.2859
  learning_rate_used=2.912e-04; learning_rate_next=2.895e-04; elapsed=371.3s
  saved new best checkpoint: /data/projects/SFB_A03/jan/AT_TFBS/human301/runs/MYF6/multitf_20261006_033507_932031_base_seed1/best_model.pt (objective=classification-auprc, score=0.390702)
  negatives seen=100.0%; hard negatives=0
Epoch 013 train: loss=0.4673 AUROC=0.9600 AUPRC=0.7798 BalAcc=0.9014 F1=0.6458 MCC=0.6304
Epoch 013 val  : loss=0.2029 AUROC=0.9576 AUPRC=0.3950 BalAcc=0.8908 F1=0.2094 MCC=0.3035
  learning_rate_used=2.895e-04; learning_rate_next=2.877e-04; elapsed=371.6s
  saved new best checkpoint: /data/projects/SFB_A03/jan/AT_TFBS/human301/runs/MYF6/multitf_20261006_033507_932031_base_seed1/best_model.pt (objective=classification-auprc, score=0.395030)
  negatives seen=100.0%; hard negatives=0
Epoch 014 train: loss=0.4663 AUROC=0.9602 AUPRC=0.7807 BalAcc=0.9019 F1=0.6464 MCC=0.6311
Epoch 014 val  : loss=0.2810 AUROC=0.9583 AUPRC=0.4037 BalAcc=0.8982 F1=0.1475 MCC=0.2511
  learning_rate_used=2.877e-04; learning_rate_next=2.858e-04; elapsed=371.4s
  saved new best checkpoint: /data/projects/SFB_A03/jan/AT_TFBS/human301/runs/MYF6/multitf_20261006_033507_932031_base_seed1/best_model.pt (objective=classification-auprc, score=0.403741)
  negatives seen=100.0%; hard negatives=0
Epoch 015 train: loss=0.4637 AUROC=0.9608 AUPRC=0.7851 BalAcc=0.9029 F1=0.6486 MCC=0.6335
Epoch 015 val  : loss=0.2236 AUROC=0.9589 AUPRC=0.4053 BalAcc=0.8963 F1=0.1937 MCC=0.2921
  learning_rate_used=2.858e-04; learning_rate_next=2.837e-04; elapsed=372.9s
  saved new best checkpoint: /data/projects/SFB_A03/jan/AT_TFBS/human301/runs/MYF6/multitf_20261006_033507_932031_base_seed1/best_model.pt (objective=classification-auprc, score=0.405262)
  negatives seen=100.0%; hard negatives=0
Epoch 016 train: loss=0.4586 AUROC=0.9615 AUPRC=0.7863 BalAcc=0.9034 F1=0.6517 MCC=0.6364
Epoch 016 val  : loss=0.2204 AUROC=0.9580 AUPRC=0.4050 BalAcc=0.8936 F1=0.1910 MCC=0.2888
  learning_rate_used=2.837e-04; learning_rate_next=2.815e-04; elapsed=372.2s
  negatives seen=100.0%; hard negatives=0
Epoch 017 train: loss=0.4522 AUROC=0.9627 AUPRC=0.7905 BalAcc=0.9053 F1=0.6556 MCC=0.6406
Epoch 017 val  : loss=0.2096 AUROC=0.9591 AUPRC=0.4122 BalAcc=0.8950 F1=0.1996 MCC=0.2967
  learning_rate_used=2.815e-04; learning_rate_next=2.792e-04; elapsed=373.2s
  saved new best checkpoint: /data/projects/SFB_A03/jan/AT_TFBS/human301/runs/MYF6/multitf_20261006_033507_932031_base_seed1/best_model.pt (objective=classification-auprc, score=0.412201)
  negatives seen=100.0%; hard negatives=0
Epoch 018 train: loss=0.4488 AUROC=0.9631 AUPRC=0.7948 BalAcc=0.9062 F1=0.6596 MCC=0.6444
Epoch 018 val  : loss=0.1874 AUROC=0.9589 AUPRC=0.4142 BalAcc=0.8882 F1=0.2303 MCC=0.3200
  learning_rate_used=2.792e-04; learning_rate_next=2.767e-04; elapsed=377.3s
  saved new best checkpoint: /data/projects/SFB_A03/jan/AT_TFBS/human301/runs/MYF6/multitf_20261006_033507_932031_base_seed1/best_model.pt (objective=classification-auprc, score=0.414234)
  negatives seen=100.0%; hard negatives=0
Epoch 019 train: loss=0.4460 AUROC=0.9637 AUPRC=0.7956 BalAcc=0.9076 F1=0.6621 MCC=0.6471
Epoch 019 val  : loss=0.1642 AUROC=0.9570 AUPRC=0.4083 BalAcc=0.8729 F1=0.2740 MCC=0.3495
  learning_rate_used=2.767e-04; learning_rate_next=2.741e-04; elapsed=375.0s
  negatives seen=100.0%; hard negatives=0
Epoch 020 train: loss=0.4417 AUROC=0.9641 AUPRC=0.7995 BalAcc=0.9085 F1=0.6677 MCC=0.6524
Epoch 020 val  : loss=0.2155 AUROC=0.9600 AUPRC=0.4200 BalAcc=0.8983 F1=0.1932 MCC=0.2923
  learning_rate_used=2.741e-04; learning_rate_next=2.714e-04; elapsed=372.5s
  saved new best checkpoint: /data/projects/SFB_A03/jan/AT_TFBS/human301/runs/MYF6/multitf_20261006_033507_932031_base_seed1/best_model.pt (objective=classification-auprc, score=0.419954)
  negatives seen=100.0%; hard negatives=0
Epoch 021 train: loss=0.4382 AUROC=0.9650 AUPRC=0.8015 BalAcc=0.9092 F1=0.6700 MCC=0.6547
Epoch 021 val  : loss=0.1817 AUROC=0.9596 AUPRC=0.4229 BalAcc=0.8870 F1=0.2393 MCC=0.3269
  learning_rate_used=2.714e-04; learning_rate_next=2.686e-04; elapsed=369.2s
  saved new best checkpoint: /data/projects/SFB_A03/jan/AT_TFBS/human301/runs/MYF6/multitf_20261006_033507_932031_base_seed1/best_model.pt (objective=classification-auprc, score=0.422938)
  negatives seen=100.0%; hard negatives=0
Epoch 022 train: loss=0.4342 AUROC=0.9656 AUPRC=0.7995 BalAcc=0.9097 F1=0.6682 MCC=0.6533
Epoch 022 val  : loss=0.2770 AUROC=0.9606 AUPRC=0.4113 BalAcc=0.9024 F1=0.1521 MCC=0.2569
  learning_rate_used=2.686e-04; learning_rate_next=2.657e-04; elapsed=372.5s
  negatives seen=100.0%; hard negatives=0
Epoch 023 train: loss=0.4304 AUROC=0.9661 AUPRC=0.8042 BalAcc=0.9111 F1=0.6747 MCC=0.6596
Epoch 023 val  : loss=0.1899 AUROC=0.9596 AUPRC=0.4220 BalAcc=0.8900 F1=0.2249 MCC=0.3162
  learning_rate_used=2.657e-04; learning_rate_next=2.626e-04; elapsed=373.6s
  negatives seen=100.0%; hard negatives=0
Epoch 024 train: loss=0.4289 AUROC=0.9664 AUPRC=0.8032 BalAcc=0.9118 F1=0.6759 MCC=0.6610
Epoch 024 val  : loss=0.2326 AUROC=0.9604 AUPRC=0.4186 BalAcc=0.8995 F1=0.1833 MCC=0.2841
  learning_rate_used=2.626e-04; learning_rate_next=2.595e-04; elapsed=375.4s
  negatives seen=100.0%; hard negatives=0
Epoch 025 train: loss=0.4245 AUROC=0.9670 AUPRC=0.8053 BalAcc=0.9120 F1=0.6766 MCC=0.6617
Epoch 025 val  : loss=0.2354 AUROC=0.9599 AUPRC=0.4259 BalAcc=0.8993 F1=0.1884 MCC=0.2885
  learning_rate_used=2.595e-04; learning_rate_next=2.562e-04; elapsed=370.0s
  saved new best checkpoint: /data/projects/SFB_A03/jan/AT_TFBS/human301/runs/MYF6/multitf_20261006_033507_932031_base_seed1/best_model.pt (objective=classification-auprc, score=0.425898)
  negatives seen=100.0%; hard negatives=0
Epoch 026 train: loss=0.4233 AUROC=0.9674 AUPRC=0.8072 BalAcc=0.9128 F1=0.6800 MCC=0.6650
Epoch 026 val  : loss=0.1997 AUROC=0.9605 AUPRC=0.4263 BalAcc=0.8959 F1=0.2174 MCC=0.3121
  learning_rate_used=2.562e-04; learning_rate_next=2.528e-04; elapsed=377.0s
  saved new best checkpoint: /data/projects/SFB_A03/jan/AT_TFBS/human301/runs/MYF6/multitf_20261006_033507_932031_base_seed1/best_model.pt (objective=classification-auprc, score=0.426310)
  negatives seen=100.0%; hard negatives=0
Epoch 027 train: loss=0.4193 AUROC=0.9680 AUPRC=0.8120 BalAcc=0.9135 F1=0.6830 MCC=0.6679
Epoch 027 val  : loss=0.1658 AUROC=0.9596 AUPRC=0.4256 BalAcc=0.8805 F1=0.2613 MCC=0.3423
  learning_rate_used=2.528e-04; learning_rate_next=2.494e-04; elapsed=373.6s
  negatives seen=100.0%; hard negatives=0
Epoch 028 train: loss=0.4155 AUROC=0.9683 AUPRC=0.8130 BalAcc=0.9146 F1=0.6856 MCC=0.6707
Epoch 028 val  : loss=0.2400 AUROC=0.9617 AUPRC=0.4318 BalAcc=0.9028 F1=0.1797 MCC=0.2821
  learning_rate_used=2.494e-04; learning_rate_next=2.458e-04; elapsed=372.0s
  saved new best checkpoint: /data/projects/SFB_A03/jan/AT_TFBS/human301/runs/MYF6/multitf_20261006_033507_932031_base_seed1/best_model.pt (objective=classification-auprc, score=0.431835)
  negatives seen=100.0%; hard negatives=0
Epoch 029 train: loss=0.4113 AUROC=0.9689 AUPRC=0.8115 BalAcc=0.9161 F1=0.6878 MCC=0.6732
Epoch 029 val  : loss=0.2017 AUROC=0.9605 AUPRC=0.4296 BalAcc=0.8943 F1=0.2152 MCC=0.3097
  learning_rate_used=2.458e-04; learning_rate_next=2.421e-04; elapsed=368.2s
  negatives seen=100.0%; hard negatives=0
Epoch 030 train: loss=0.4094 AUROC=0.9692 AUPRC=0.8145 BalAcc=0.9160 F1=0.6895 MCC=0.6747
Epoch 030 val  : loss=0.1849 AUROC=0.9593 AUPRC=0.4260 BalAcc=0.8870 F1=0.2308 MCC=0.3200
  learning_rate_used=2.421e-04; learning_rate_next=2.384e-04; elapsed=368.8s
  negatives seen=100.0%; hard negatives=0
Epoch 031 train: loss=0.4056 AUROC=0.9700 AUPRC=0.8192 BalAcc=0.9164 F1=0.6917 MCC=0.6768
Epoch 031 val  : loss=0.2206 AUROC=0.9605 AUPRC=0.4258 BalAcc=0.8979 F1=0.1930 MCC=0.2920
  learning_rate_used=2.384e-04; learning_rate_next=2.345e-04; elapsed=367.9s
  negatives seen=100.0%; hard negatives=0
Epoch 032 train: loss=0.4006 AUROC=0.9707 AUPRC=0.8180 BalAcc=0.9182 F1=0.6944 MCC=0.6799
Epoch 032 val  : loss=0.1921 AUROC=0.9618 AUPRC=0.4265 BalAcc=0.8954 F1=0.2225 MCC=0.3162
  learning_rate_used=2.345e-04; learning_rate_next=2.306e-04; elapsed=372.2s
  negatives seen=100.0%; hard negatives=0
Epoch 033 train: loss=0.3996 AUROC=0.9708 AUPRC=0.8173 BalAcc=0.9190 F1=0.6986 MCC=0.6839
Epoch 033 val  : loss=0.2339 AUROC=0.9620 AUPRC=0.4300 BalAcc=0.9044 F1=0.1842 MCC=0.2866
  learning_rate_used=2.306e-04; learning_rate_next=2.266e-04; elapsed=372.6s
  negatives seen=100.0%; hard negatives=0
Epoch 034 train: loss=0.3968 AUROC=0.9713 AUPRC=0.8210 BalAcc=0.9189 F1=0.6981 MCC=0.6834
Epoch 034 val  : loss=0.1830 AUROC=0.9608 AUPRC=0.4290 BalAcc=0.8894 F1=0.2377 MCC=0.3265
  learning_rate_used=2.266e-04; learning_rate_next=2.225e-04; elapsed=370.6s
  negatives seen=100.0%; hard negatives=0
Epoch 035 train: loss=0.3952 AUROC=0.9714 AUPRC=0.8217 BalAcc=0.9197 F1=0.7026 MCC=0.6878
Epoch 035 val  : loss=0.2005 AUROC=0.9608 AUPRC=0.4357 BalAcc=0.8944 F1=0.2165 MCC=0.3108
  learning_rate_used=2.225e-04; learning_rate_next=2.184e-04; elapsed=369.3s
  saved new best checkpoint: /data/projects/SFB_A03/jan/AT_TFBS/human301/runs/MYF6/multitf_20261006_033507_932031_base_seed1/best_model.pt (objective=classification-auprc, score=0.435652)
  negatives seen=100.0%; hard negatives=0
Epoch 036 train: loss=0.3930 AUROC=0.9720 AUPRC=0.8214 BalAcc=0.9197 F1=0.7006 MCC=0.6860
Epoch 036 val  : loss=0.1942 AUROC=0.9602 AUPRC=0.4267 BalAcc=0.8945 F1=0.2220 MCC=0.3155
  learning_rate_used=2.184e-04; learning_rate_next=2.142e-04; elapsed=373.4s
  negatives seen=100.0%; hard negatives=0
Epoch 037 train: loss=0.3910 AUROC=0.9721 AUPRC=0.8210 BalAcc=0.9201 F1=0.7002 MCC=0.6858
Epoch 037 val  : loss=0.2376 AUROC=0.9590 AUPRC=0.4373 BalAcc=0.9003 F1=0.1805 MCC=0.2819
  learning_rate_used=2.142e-04; learning_rate_next=2.099e-04; elapsed=371.6s
  saved new best checkpoint: /data/projects/SFB_A03/jan/AT_TFBS/human301/runs/MYF6/multitf_20261006_033507_932031_base_seed1/best_model.pt (objective=classification-auprc, score=0.437331)
  negatives seen=100.0%; hard negatives=0
Epoch 038 train: loss=0.3863 AUROC=0.9729 AUPRC=0.8251 BalAcc=0.9214 F1=0.7054 MCC=0.6909
Epoch 038 val  : loss=0.2285 AUROC=0.9618 AUPRC=0.4324 BalAcc=0.9028 F1=0.1906 MCC=0.2916
  learning_rate_used=2.099e-04; learning_rate_next=2.055e-04; elapsed=369.6s
  negatives seen=100.0%; hard negatives=0
Epoch 039 train: loss=0.3834 AUROC=0.9732 AUPRC=0.8270 BalAcc=0.9229 F1=0.7102 MCC=0.6958
Epoch 039 val  : loss=0.2017 AUROC=0.9605 AUPRC=0.4279 BalAcc=0.8953 F1=0.2139 MCC=0.3090
  learning_rate_used=2.055e-04; learning_rate_next=2.011e-04; elapsed=368.7s
  negatives seen=100.0%; hard negatives=0
Epoch 040 train: loss=0.3803 AUROC=0.9737 AUPRC=0.8286 BalAcc=0.9226 F1=0.7115 MCC=0.6969
Epoch 040 val  : loss=0.1664 AUROC=0.9610 AUPRC=0.4335 BalAcc=0.8834 F1=0.2708 MCC=0.3509
  learning_rate_used=2.011e-04; learning_rate_next=1.967e-04; elapsed=373.1s
  negatives seen=100.0%; hard negatives=0
Epoch 041 train: loss=0.3778 AUROC=0.9740 AUPRC=0.8301 BalAcc=0.9233 F1=0.7133 MCC=0.6988
Epoch 041 val  : loss=0.1905 AUROC=0.9601 AUPRC=0.4375 BalAcc=0.8952 F1=0.2299 MCC=0.3223
  learning_rate_used=1.967e-04; learning_rate_next=1.922e-04; elapsed=372.2s
  saved new best checkpoint: /data/projects/SFB_A03/jan/AT_TFBS/human301/runs/MYF6/multitf_20261006_033507_932031_base_seed1/best_model.pt (objective=classification-auprc, score=0.437498)
  negatives seen=100.0%; hard negatives=0
Epoch 042 train: loss=0.3749 AUROC=0.9743 AUPRC=0.8274 BalAcc=0.9244 F1=0.7128 MCC=0.6987
Epoch 042 val  : loss=0.2326 AUROC=0.9595 AUPRC=0.4237 BalAcc=0.8992 F1=0.1853 MCC=0.2858
  learning_rate_used=1.922e-04; learning_rate_next=1.877e-04; elapsed=368.9s
  negatives seen=100.0%; hard negatives=0
Epoch 043 train: loss=0.3739 AUROC=0.9745 AUPRC=0.8285 BalAcc=0.9244 F1=0.7145 MCC=0.7003
Epoch 043 val  : loss=0.1812 AUROC=0.9606 AUPRC=0.4315 BalAcc=0.8928 F1=0.2369 MCC=0.3271
  learning_rate_used=1.877e-04; learning_rate_next=1.831e-04; elapsed=377.2s
  negatives seen=100.0%; hard negatives=0
Epoch 044 train: loss=0.3705 AUROC=0.9750 AUPRC=0.8337 BalAcc=0.9257 F1=0.7188 MCC=0.7045
Epoch 044 val  : loss=0.1606 AUROC=0.9591 AUPRC=0.4276 BalAcc=0.8730 F1=0.2836 MCC=0.3571
  learning_rate_used=1.831e-04; learning_rate_next=1.785e-04; elapsed=377.9s
  negatives seen=100.0%; hard negatives=0
Epoch 045 train: loss=0.3666 AUROC=0.9756 AUPRC=0.8348 BalAcc=0.9252 F1=0.7190 MCC=0.7046
Epoch 045 val  : loss=0.1755 AUROC=0.9619 AUPRC=0.4369 BalAcc=0.8908 F1=0.2498 MCC=0.3370
  learning_rate_used=1.785e-04; learning_rate_next=1.739e-04; elapsed=377.4s
  negatives seen=100.0%; hard negatives=0
Epoch 046 train: loss=0.3619 AUROC=0.9764 AUPRC=0.8381 BalAcc=0.9259 F1=0.7203 MCC=0.7060
Epoch 046 val  : loss=0.1868 AUROC=0.9612 AUPRC=0.4312 BalAcc=0.8942 F1=0.2348 MCC=0.3260
  learning_rate_used=1.739e-04; learning_rate_next=1.692e-04; elapsed=378.4s
  negatives seen=100.0%; hard negatives=0
Epoch 047 train: loss=0.3643 AUROC=0.9759 AUPRC=0.8339 BalAcc=0.9269 F1=0.7230 MCC=0.7088
Epoch 047 val  : loss=0.1779 AUROC=0.9614 AUPRC=0.4318 BalAcc=0.8904 F1=0.2471 MCC=0.3346
  learning_rate_used=1.692e-04; learning_rate_next=1.646e-04; elapsed=379.3s
  negatives seen=100.0%; hard negatives=0
Epoch 048 train: loss=0.3547 AUROC=0.9770 AUPRC=0.8400 BalAcc=0.9286 F1=0.7270 MCC=0.7130
Epoch 048 val  : loss=0.1681 AUROC=0.9613 AUPRC=0.4356 BalAcc=0.8853 F1=0.2618 MCC=0.3445
  learning_rate_used=1.646e-04; learning_rate_next=1.599e-04; elapsed=372.8s
  negatives seen=100.0%; hard negatives=0
Epoch 049 train: loss=0.3599 AUROC=0.9767 AUPRC=0.8357 BalAcc=0.9278 F1=0.7255 MCC=0.7114
Epoch 049 val  : loss=0.1670 AUROC=0.9583 AUPRC=0.4352 BalAcc=0.8796 F1=0.2743 MCC=0.3523
  learning_rate_used=1.599e-04; learning_rate_next=1.552e-04; elapsed=375.6s
  negatives seen=100.0%; hard negatives=0
Epoch 050 train: loss=0.3498 AUROC=0.9778 AUPRC=0.8414 BalAcc=0.9290 F1=0.7285 MCC=0.7146
Epoch 050 val  : loss=0.1745 AUROC=0.9615 AUPRC=0.4362 BalAcc=0.8892 F1=0.2478 MCC=0.3347
  learning_rate_used=1.552e-04; learning_rate_next=1.505e-04; elapsed=375.4s
  negatives seen=100.0%; hard negatives=0
Epoch 051 train: loss=0.3490 AUROC=0.9781 AUPRC=0.8430 BalAcc=0.9297 F1=0.7307 MCC=0.7168
Epoch 051 val  : loss=0.1887 AUROC=0.9605 AUPRC=0.4349 BalAcc=0.8953 F1=0.2353 MCC=0.3267
  learning_rate_used=1.505e-04; learning_rate_next=1.458e-04; elapsed=375.1s
  negatives seen=100.0%; hard negatives=0
Epoch 052 train: loss=0.3498 AUROC=0.9780 AUPRC=0.8418 BalAcc=0.9305 F1=0.7329 MCC=0.7191
Epoch 052 val  : loss=0.1859 AUROC=0.9606 AUPRC=0.4388 BalAcc=0.8937 F1=0.2353 MCC=0.3262
  learning_rate_used=1.458e-04; learning_rate_next=1.411e-04; elapsed=376.3s
  saved new best checkpoint: /data/projects/SFB_A03/jan/AT_TFBS/human301/runs/MYF6/multitf_20261006_033507_932031_base_seed1/best_model.pt (objective=classification-auprc, score=0.438791)
  negatives seen=100.0%; hard negatives=0
Epoch 053 train: loss=0.3411 AUROC=0.9790 AUPRC=0.8447 BalAcc=0.9319 F1=0.7369 MCC=0.7232
Epoch 053 val  : loss=0.1680 AUROC=0.9601 AUPRC=0.4349 BalAcc=0.8828 F1=0.2680 MCC=0.3485
  learning_rate_used=1.411e-04; learning_rate_next=1.364e-04; elapsed=373.4s
  negatives seen=100.0%; hard negatives=0
Epoch 054 train: loss=0.3386 AUROC=0.9792 AUPRC=0.8459 BalAcc=0.9322 F1=0.7377 MCC=0.7241
Epoch 054 val  : loss=0.1601 AUROC=0.9599 AUPRC=0.4295 BalAcc=0.8767 F1=0.2834 MCC=0.3583
  learning_rate_used=1.364e-04; learning_rate_next=1.318e-04; elapsed=373.1s
  negatives seen=100.0%; hard negatives=0
Epoch 055 train: loss=0.3351 AUROC=0.9796 AUPRC=0.8467 BalAcc=0.9332 F1=0.7433 MCC=0.7296
Epoch 055 val  : loss=0.1674 AUROC=0.9607 AUPRC=0.4312 BalAcc=0.8853 F1=0.2690 MCC=0.3503
  learning_rate_used=1.318e-04; learning_rate_next=1.271e-04; elapsed=375.6s
  negatives seen=100.0%; hard negatives=0
Epoch 056 train: loss=0.3345 AUROC=0.9798 AUPRC=0.8495 BalAcc=0.9333 F1=0.7412 MCC=0.7276
Epoch 056 val  : loss=0.1771 AUROC=0.9597 AUPRC=0.4269 BalAcc=0.8863 F1=0.2480 MCC=0.3337
  learning_rate_used=1.271e-04; learning_rate_next=1.225e-04; elapsed=377.0s
  negatives seen=100.0%; hard negatives=0
Epoch 057 train: loss=0.3324 AUROC=0.9799 AUPRC=0.8470 BalAcc=0.9340 F1=0.7453 MCC=0.7316
Epoch 057 val  : loss=0.1950 AUROC=0.9609 AUPRC=0.4392 BalAcc=0.8967 F1=0.2238 MCC=0.3178
  learning_rate_used=1.225e-04; learning_rate_next=1.179e-04; elapsed=375.2s
  saved new best checkpoint: /data/projects/SFB_A03/jan/AT_TFBS/human301/runs/MYF6/multitf_20261006_033507_932031_base_seed1/best_model.pt (objective=classification-auprc, score=0.439171)
  negatives seen=100.0%; hard negatives=0
Epoch 058 train: loss=0.3299 AUROC=0.9804 AUPRC=0.8511 BalAcc=0.9331 F1=0.7445 MCC=0.7306
Epoch 058 val  : loss=0.1637 AUROC=0.9572 AUPRC=0.4335 BalAcc=0.8741 F1=0.2838 MCC=0.3576
  learning_rate_used=1.179e-04; learning_rate_next=1.133e-04; elapsed=369.4s
  negatives seen=100.0%; hard negatives=0
Epoch 059 train: loss=0.3279 AUROC=0.9806 AUPRC=0.8490 BalAcc=0.9350 F1=0.7458 MCC=0.7325
Epoch 059 val  : loss=0.1555 AUROC=0.9599 AUPRC=0.4373 BalAcc=0.8735 F1=0.2990 MCC=0.3693
  learning_rate_used=1.133e-04; learning_rate_next=1.088e-04; elapsed=373.0s
  negatives seen=100.0%; hard negatives=0
Epoch 060 train: loss=0.3253 AUROC=0.9808 AUPRC=0.8533 BalAcc=0.9354 F1=0.7470 MCC=0.7336
Epoch 060 val  : loss=0.1794 AUROC=0.9606 AUPRC=0.4395 BalAcc=0.8890 F1=0.2505 MCC=0.3368
  learning_rate_used=1.088e-04; learning_rate_next=1.043e-04; elapsed=376.5s
  saved new best checkpoint: /data/projects/SFB_A03/jan/AT_TFBS/human301/runs/MYF6/multitf_20261006_033507_932031_base_seed1/best_model.pt (objective=classification-auprc, score=0.439465)
  negatives seen=100.0%; hard negatives=0
Epoch 061 train: loss=0.3201 AUROC=0.9814 AUPRC=0.8545 BalAcc=0.9369 F1=0.7519 MCC=0.7386
Epoch 061 val  : loss=0.1766 AUROC=0.9593 AUPRC=0.4344 BalAcc=0.8859 F1=0.2566 MCC=0.3406
  learning_rate_used=1.043e-04; learning_rate_next=9.986e-05; elapsed=375.8s
  negatives seen=100.0%; hard negatives=0
Epoch 062 train: loss=0.3184 AUROC=0.9817 AUPRC=0.8555 BalAcc=0.9368 F1=0.7551 MCC=0.7416
Epoch 062 val  : loss=0.1856 AUROC=0.9601 AUPRC=0.4359 BalAcc=0.8907 F1=0.2417 MCC=0.3303
  learning_rate_used=9.986e-05; learning_rate_next=9.547e-05; elapsed=374.6s
  negatives seen=100.0%; hard negatives=0
Epoch 063 train: loss=0.3191 AUROC=0.9815 AUPRC=0.8539 BalAcc=0.9370 F1=0.7530 MCC=0.7397
Epoch 063 val  : loss=0.1533 AUROC=0.9578 AUPRC=0.4403 BalAcc=0.8691 F1=0.3077 MCC=0.3744
  learning_rate_used=9.547e-05; learning_rate_next=9.113e-05; elapsed=375.1s
  saved new best checkpoint: /data/projects/SFB_A03/jan/AT_TFBS/human301/runs/MYF6/multitf_20261006_033507_932031_base_seed1/best_model.pt (objective=classification-auprc, score=0.440324)
  negatives seen=100.0%; hard negatives=0
Epoch 064 train: loss=0.3116 AUROC=0.9823 AUPRC=0.8593 BalAcc=0.9385 F1=0.7593 MCC=0.7461
Epoch 064 val  : loss=0.1738 AUROC=0.9599 AUPRC=0.4395 BalAcc=0.8873 F1=0.2583 MCC=0.3424
  learning_rate_used=9.113e-05; learning_rate_next=8.685e-05; elapsed=375.4s
  negatives seen=100.0%; hard negatives=0
Epoch 065 train: loss=0.3096 AUROC=0.9825 AUPRC=0.8573 BalAcc=0.9385 F1=0.7574 MCC=0.7443
Epoch 065 val  : loss=0.1814 AUROC=0.9596 AUPRC=0.4344 BalAcc=0.8887 F1=0.2491 MCC=0.3356
  learning_rate_used=8.685e-05; learning_rate_next=8.263e-05; elapsed=375.4s
  negatives seen=100.0%; hard negatives=0
Epoch 066 train: loss=0.3059 AUROC=0.9829 AUPRC=0.8604 BalAcc=0.9392 F1=0.7601 MCC=0.7471
Epoch 066 val  : loss=0.1646 AUROC=0.9582 AUPRC=0.4396 BalAcc=0.8802 F1=0.2810 MCC=0.3578
  learning_rate_used=8.263e-05; learning_rate_next=7.848e-05; elapsed=368.9s
  negatives seen=100.0%; hard negatives=0
Epoch 067 train: loss=0.3037 AUROC=0.9831 AUPRC=0.8608 BalAcc=0.9402 F1=0.7629 MCC=0.7499
Epoch 067 val  : loss=0.1551 AUROC=0.9579 AUPRC=0.4368 BalAcc=0.8700 F1=0.3084 MCC=0.3753
  learning_rate_used=7.848e-05; learning_rate_next=7.440e-05; elapsed=374.4s
  negatives seen=100.0%; hard negatives=0
Epoch 068 train: loss=0.3023 AUROC=0.9832 AUPRC=0.8603 BalAcc=0.9401 F1=0.7636 MCC=0.7505
Epoch 068 val  : loss=0.1643 AUROC=0.9583 AUPRC=0.4339 BalAcc=0.8772 F1=0.2829 MCC=0.3582
  learning_rate_used=7.440e-05; learning_rate_next=7.039e-05; elapsed=374.4s
  negatives seen=100.0%; hard negatives=0
Epoch 069 train: loss=0.2999 AUROC=0.9835 AUPRC=0.8630 BalAcc=0.9412 F1=0.7654 MCC=0.7526
Epoch 069 val  : loss=0.1614 AUROC=0.9588 AUPRC=0.4405 BalAcc=0.8787 F1=0.2899 MCC=0.3643
  learning_rate_used=7.039e-05; learning_rate_next=6.647e-05; elapsed=376.1s
  saved new best checkpoint: /data/projects/SFB_A03/jan/AT_TFBS/human301/runs/MYF6/multitf_20261006_033507_932031_base_seed1/best_model.pt (objective=classification-auprc, score=0.440544)
  negatives seen=100.0%; hard negatives=0
Epoch 070 train: loss=0.2979 AUROC=0.9836 AUPRC=0.8612 BalAcc=0.9414 F1=0.7660 MCC=0.7532
Epoch 070 val  : loss=0.1556 AUROC=0.9587 AUPRC=0.4378 BalAcc=0.8701 F1=0.3052 MCC=0.3728
  learning_rate_used=6.647e-05; learning_rate_next=6.263e-05; elapsed=375.3s
  negatives seen=100.0%; hard negatives=0
Epoch 071 train: loss=0.2947 AUROC=0.9841 AUPRC=0.8658 BalAcc=0.9421 F1=0.7725 MCC=0.7595
Epoch 071 val  : loss=0.1559 AUROC=0.9599 AUPRC=0.4382 BalAcc=0.8707 F1=0.3051 MCC=0.3730
  learning_rate_used=6.263e-05; learning_rate_next=5.887e-05; elapsed=378.4s
  negatives seen=100.0%; hard negatives=0
Epoch 072 train: loss=0.2938 AUROC=0.9841 AUPRC=0.8653 BalAcc=0.9423 F1=0.7714 MCC=0.7585
Epoch 072 val  : loss=0.1719 AUROC=0.9586 AUPRC=0.4384 BalAcc=0.8831 F1=0.2718 MCC=0.3516
  learning_rate_used=5.887e-05; learning_rate_next=5.521e-05; elapsed=373.3s
  negatives seen=100.0%; hard negatives=0
Epoch 073 train: loss=0.2938 AUROC=0.9841 AUPRC=0.8639 BalAcc=0.9426 F1=0.7723 MCC=0.7595
Epoch 073 val  : loss=0.1668 AUROC=0.9575 AUPRC=0.4368 BalAcc=0.8797 F1=0.2784 MCC=0.3556
  learning_rate_used=5.521e-05; learning_rate_next=5.163e-05; elapsed=375.5s
  negatives seen=100.0%; hard negatives=0
Epoch 074 train: loss=0.2903 AUROC=0.9845 AUPRC=0.8664 BalAcc=0.9427 F1=0.7736 MCC=0.7607
Epoch 074 val  : loss=0.1721 AUROC=0.9588 AUPRC=0.4381 BalAcc=0.8846 F1=0.2669 MCC=0.3483
  learning_rate_used=5.163e-05; learning_rate_next=4.816e-05; elapsed=376.2s
  negatives seen=100.0%; hard negatives=0
Epoch 075 train: loss=0.2841 AUROC=0.9851 AUPRC=0.8713 BalAcc=0.9448 F1=0.7793 MCC=0.7667
Epoch 075 val  : loss=0.1610 AUROC=0.9587 AUPRC=0.4400 BalAcc=0.8748 F1=0.2931 MCC=0.3652
  learning_rate_used=4.816e-05; learning_rate_next=4.479e-05; elapsed=377.4s
  negatives seen=100.0%; hard negatives=0
Epoch 076 train: loss=0.2858 AUROC=0.9848 AUPRC=0.8675 BalAcc=0.9440 F1=0.7781 MCC=0.7653
Epoch 076 val  : loss=0.1631 AUROC=0.9574 AUPRC=0.4389 BalAcc=0.8747 F1=0.2902 MCC=0.3629
  learning_rate_used=4.479e-05; learning_rate_next=4.152e-05; elapsed=375.6s
  negatives seen=100.0%; hard negatives=0
Epoch 077 train: loss=0.2801 AUROC=0.9853 AUPRC=0.8699 BalAcc=0.9456 F1=0.7808 MCC=0.7683
Epoch 077 val  : loss=0.1678 AUROC=0.9586 AUPRC=0.4408 BalAcc=0.8807 F1=0.2794 MCC=0.3568
  learning_rate_used=4.152e-05; learning_rate_next=3.836e-05; elapsed=377.3s
  saved new best checkpoint: /data/projects/SFB_A03/jan/AT_TFBS/human301/runs/MYF6/multitf_20261006_033507_932031_base_seed1/best_model.pt (objective=classification-auprc, score=0.440831)
  negatives seen=100.0%; hard negatives=0
Epoch 078 train: loss=0.2791 AUROC=0.9854 AUPRC=0.8711 BalAcc=0.9456 F1=0.7798 MCC=0.7674
Epoch 078 val  : loss=0.1623 AUROC=0.9589 AUPRC=0.4396 BalAcc=0.8756 F1=0.2955 MCC=0.3674
  learning_rate_used=3.836e-05; learning_rate_next=3.531e-05; elapsed=374.9s
  negatives seen=100.0%; hard negatives=0
Epoch 079 train: loss=0.2798 AUROC=0.9853 AUPRC=0.8697 BalAcc=0.9458 F1=0.7790 MCC=0.7667
Epoch 079 val  : loss=0.1651 AUROC=0.9589 AUPRC=0.4408 BalAcc=0.8799 F1=0.2840 MCC=0.3601
  learning_rate_used=3.531e-05; learning_rate_next=3.237e-05; elapsed=377.1s
  negatives seen=100.0%; hard negatives=0
Epoch 080 train: loss=0.2783 AUROC=0.9855 AUPRC=0.8710 BalAcc=0.9456 F1=0.7795 MCC=0.7671
Epoch 080 val  : loss=0.1648 AUROC=0.9582 AUPRC=0.4408 BalAcc=0.8784 F1=0.2840 MCC=0.3595
  learning_rate_used=3.237e-05; learning_rate_next=2.955e-05; elapsed=376.1s
  negatives seen=100.0%; hard negatives=0
Epoch 081 train: loss=0.2751 AUROC=0.9857 AUPRC=0.8727 BalAcc=0.9474 F1=0.7863 MCC=0.7741
Epoch 081 val  : loss=0.1619 AUROC=0.9576 AUPRC=0.4393 BalAcc=0.8728 F1=0.2937 MCC=0.3649
  learning_rate_used=2.955e-05; learning_rate_next=2.685e-05; elapsed=377.8s
  negatives seen=100.0%; hard negatives=0
Epoch 082 train: loss=0.2768 AUROC=0.9857 AUPRC=0.8728 BalAcc=0.9462 F1=0.7828 MCC=0.7704
Epoch 082 val  : loss=0.1569 AUROC=0.9573 AUPRC=0.4388 BalAcc=0.8647 F1=0.3150 MCC=0.3783
  learning_rate_used=2.685e-05; learning_rate_next=2.427e-05; elapsed=372.2s
  negatives seen=100.0%; hard negatives=0
Epoch 083 train: loss=0.2691 AUROC=0.9862 AUPRC=0.8773 BalAcc=0.9476 F1=0.7879 MCC=0.7756
Epoch 083 val  : loss=0.1573 AUROC=0.9581 AUPRC=0.4397 BalAcc=0.8658 F1=0.3138 MCC=0.3778
  learning_rate_used=2.427e-05; learning_rate_next=2.182e-05; elapsed=377.6s
  negatives seen=100.0%; hard negatives=0
Epoch 084 train: loss=0.2712 AUROC=0.9863 AUPRC=0.8751 BalAcc=0.9481 F1=0.7900 MCC=0.7778
Epoch 084 val  : loss=0.1576 AUROC=0.9570 AUPRC=0.4373 BalAcc=0.8676 F1=0.3081 MCC=0.3741
  learning_rate_used=2.182e-05; learning_rate_next=1.949e-05; elapsed=375.7s
  negatives seen=100.0%; hard negatives=0
Epoch 085 train: loss=0.2730 AUROC=0.9861 AUPRC=0.8745 BalAcc=0.9465 F1=0.7861 MCC=0.7736
Epoch 085 val  : loss=0.1526 AUROC=0.9578 AUPRC=0.4394 BalAcc=0.8631 F1=0.3218 MCC=0.3829
  learning_rate_used=1.949e-05; learning_rate_next=1.729e-05; elapsed=377.9s
  negatives seen=100.0%; hard negatives=0
Epoch 086 train: loss=0.2687 AUROC=0.9863 AUPRC=0.8732 BalAcc=0.9478 F1=0.7900 MCC=0.7776
Epoch 086 val  : loss=0.1599 AUROC=0.9576 AUPRC=0.4392 BalAcc=0.8713 F1=0.2991 MCC=0.3686
  learning_rate_used=1.729e-05; learning_rate_next=1.523e-05; elapsed=378.1s
  negatives seen=100.0%; hard negatives=0
Epoch 087 train: loss=0.2671 AUROC=0.9865 AUPRC=0.8760 BalAcc=0.9483 F1=0.7904 MCC=0.7782
Epoch 087 val  : loss=0.1583 AUROC=0.9570 AUPRC=0.4390 BalAcc=0.8672 F1=0.3093 MCC=0.3748
  learning_rate_used=1.523e-05; learning_rate_next=1.330e-05; elapsed=375.8s
  negatives seen=100.0%; hard negatives=0
Epoch 088 train: loss=0.2686 AUROC=0.9862 AUPRC=0.8744 BalAcc=0.9484 F1=0.7890 MCC=0.7769
Epoch 088 val  : loss=0.1555 AUROC=0.9581 AUPRC=0.4387 BalAcc=0.8655 F1=0.3152 MCC=0.3788
  learning_rate_used=1.330e-05; learning_rate_next=1.150e-05; elapsed=376.5s
  negatives seen=100.0%; hard negatives=0
Epoch 089 train: loss=0.2657 AUROC=0.9865 AUPRC=0.8750 BalAcc=0.9492 F1=0.7914 MCC=0.7794
Epoch 089 val  : loss=0.1578 AUROC=0.9573 AUPRC=0.4387 BalAcc=0.8680 F1=0.3091 MCC=0.3750
  learning_rate_used=1.150e-05; learning_rate_next=9.838e-06; elapsed=375.4s
  negatives seen=100.0%; hard negatives=0
Epoch 090 train: loss=0.2646 AUROC=0.9865 AUPRC=0.8751 BalAcc=0.9487 F1=0.7900 MCC=0.7779
Epoch 090 val  : loss=0.1595 AUROC=0.9570 AUPRC=0.4398 BalAcc=0.8692 F1=0.3042 MCC=0.3717
  learning_rate_used=9.838e-06; learning_rate_next=8.317e-06; elapsed=377.2s
  negatives seen=100.0%; hard negatives=0
Epoch 091 train: loss=0.2623 AUROC=0.9870 AUPRC=0.8794 BalAcc=0.9494 F1=0.7922 MCC=0.7802
Epoch 091 val  : loss=0.1591 AUROC=0.9569 AUPRC=0.4390 BalAcc=0.8662 F1=0.3127 MCC=0.3771
  learning_rate_used=8.317e-06; learning_rate_next=6.936e-06; elapsed=373.7s
  negatives seen=100.0%; hard negatives=0
Epoch 092 train: loss=0.2616 AUROC=0.9869 AUPRC=0.8794 BalAcc=0.9498 F1=0.7937 MCC=0.7817
Epoch 092 val  : loss=0.1648 AUROC=0.9573 AUPRC=0.4383 BalAcc=0.8741 F1=0.2904 MCC=0.3628
  learning_rate_used=6.936e-06; learning_rate_next=5.697e-06; elapsed=378.4s
  negatives seen=100.0%; hard negatives=0
Epoch 093 train: loss=0.2663 AUROC=0.9867 AUPRC=0.8765 BalAcc=0.9488 F1=0.7930 MCC=0.7808
Epoch 093 val  : loss=0.1577 AUROC=0.9579 AUPRC=0.4405 BalAcc=0.8679 F1=0.3103 MCC=0.3759
  learning_rate_used=5.697e-06; learning_rate_next=4.600e-06; elapsed=373.0s
  negatives seen=100.0%; hard negatives=0
Epoch 094 train: loss=0.2645 AUROC=0.9867 AUPRC=0.8776 BalAcc=0.9498 F1=0.7940 MCC=0.7820
Epoch 094 val  : loss=0.1572 AUROC=0.9575 AUPRC=0.4398 BalAcc=0.8657 F1=0.3144 MCC=0.3782
  learning_rate_used=4.600e-06; learning_rate_next=3.648e-06; elapsed=377.6s
  negatives seen=100.0%; hard negatives=0
Epoch 095 train: loss=0.2645 AUROC=0.9867 AUPRC=0.8764 BalAcc=0.9489 F1=0.7915 MCC=0.7794
Epoch 095 val  : loss=0.1635 AUROC=0.9573 AUPRC=0.4393 BalAcc=0.8729 F1=0.2947 MCC=0.3657
  learning_rate_used=3.648e-06; learning_rate_next=2.841e-06; elapsed=374.7s
  negatives seen=100.0%; hard negatives=0
Epoch 096 train: loss=0.2564 AUROC=0.9872 AUPRC=0.8784 BalAcc=0.9507 F1=0.7963 MCC=0.7845
Epoch 096 val  : loss=0.1557 AUROC=0.9573 AUPRC=0.4398 BalAcc=0.8630 F1=0.3184 MCC=0.3803
  learning_rate_used=2.841e-06; learning_rate_next=2.179e-06; elapsed=374.6s
  negatives seen=100.0%; hard negatives=0
Epoch 097 train: loss=0.2640 AUROC=0.9867 AUPRC=0.8761 BalAcc=0.9493 F1=0.7945 MCC=0.7824
Epoch 097 val  : loss=0.1549 AUROC=0.9568 AUPRC=0.4392 BalAcc=0.8589 F1=0.3283 MCC=0.3863
  learning_rate_used=2.179e-06; learning_rate_next=1.663e-06; elapsed=374.3s
Early stopping after 97 epochs.
Binary threshold: 0.980713 (strategy=val-mcc, validation_score=0.460537)
TEST chr10,chr12,chr14,chr16,chr18,chr2,chr20,chr22,chr4,chr6,chr8: loss=0.1786 AUROC=0.9563 AUPRC=0.4326 BalAcc=0.7167 F1=0.4566 MCC=0.4518
Outputs written to /data/projects/SFB_A03/jan/AT_TFBS/human301/runs/MYF6/multitf_20261006_033507_932031_base_seed1
Binary predictions: binary_classification_results.tsv
Binary metrics: binary_classification_metrics.json
ROC plot: roc_curve.png
Precision-recall plot: precision_recall_curve.png
Confusion matrix: binary_confusion_matrix.tsv
