TF=ZNF773 train=CHIP seed=1 model=hum301_motif64_local.py
/home/jbossenz/miniforge3/envs/at_env/bin/python -u /data/projects/SFB_A03/jan/AT_TFBS/human301/hum301_motif64_local.py train --cache /data/projects/SFB_A03/jan/AT_TFBS/raw_data/human/ArchThalia-ML/ZNF773/CHIP/dataset.npz --output-dir /data/projects/SFB_A03/jan/AT_TFBS/human301/runs/ZNF773/crossassay_archthalia_20261009_144503_1046783/CHIP_seed1 --input-length 256 --embed-channels 64 --encoder-channels 80 96 128 --heads 4 --ffn-channels 256 --classification-readout local-logsumexp --task-mode classification --checkpoint-objective classification-auprc --threshold-strategy val-mcc --negatives-per-positive 10 --batch-size 88 --hard-negative-fraction 0 --epochs 100 --patience 20 --learning-rate 0.0003 --min-learning-rate 0.000001 --weight-decay 0.0001 --dropout 0.1 --activation relu --reverse-complement-probability 0.5 --eval-crops multi --eval-rc --no-balanced-evaluation --eval-batch-size 128 --num-workers 2 --seed 1 --device cuda --skip-test
Window geometry: 256 bp from 301 bp; crop starts 0..45; shifts -22..+23; fresh uniform draw per access
Evaluation: crops (0, 22, 23, 45), reverse complement=True; all samples
train: n=18,786, positive=186, negative=18,600
  val: n=3,838, positive=38, negative=3,800
 test: n=16,463, positive=163, negative=16,300
Device: cuda
Hidden activation: RELU
Parameters: 1,032,981 total; 1,032,981 trainable
Architecture: motif kernels 9/12; encoder 128/64/64; original five-block bottleneck at 64; decoder 64/128/256
  negatives seen=10.0%; hard negatives=0
Epoch 001 train: loss=1.3507 AUROC=0.5684 AUPRC=0.1136 BalAcc=0.5538 F1=0.1842 MCC=0.0626
Epoch 001 val  : loss=0.6660 AUROC=0.7291 AUPRC=0.0390 BalAcc=0.6676 F1=0.0510 MCC=0.0839
  learning_rate_used=3.000e-04; learning_rate_next=2.999e-04; elapsed=3.4s
  saved new best checkpoint: /data/projects/SFB_A03/jan/AT_TFBS/human301/runs/ZNF773/crossassay_archthalia_20261009_144503_1046783/CHIP_seed1/best_model.pt (objective=classification-auprc, score=0.038968)
  negatives seen=20.0%; hard negatives=0
Epoch 002 train: loss=1.0728 AUROC=0.7374 AUPRC=0.3605 BalAcc=0.6742 F1=0.2850 MCC=0.2171
Epoch 002 val  : loss=0.5987 AUROC=0.7798 AUPRC=0.0949 BalAcc=0.7396 F1=0.0536 MCC=0.1079
  learning_rate_used=2.999e-04; learning_rate_next=2.997e-04; elapsed=2.2s
  saved new best checkpoint: /data/projects/SFB_A03/jan/AT_TFBS/human301/runs/ZNF773/crossassay_archthalia_20261009_144503_1046783/CHIP_seed1/best_model.pt (objective=classification-auprc, score=0.094893)
  negatives seen=30.0%; hard negatives=0
Epoch 003 train: loss=0.9663 AUROC=0.8078 AUPRC=0.4593 BalAcc=0.7288 F1=0.3470 MCC=0.2974
Epoch 003 val  : loss=0.3246 AUROC=0.7901 AUPRC=0.0887 BalAcc=0.6046 F1=0.1184 MCC=0.1220
  learning_rate_used=2.997e-04; learning_rate_next=2.993e-04; elapsed=2.3s
  negatives seen=40.0%; hard negatives=0
Epoch 004 train: loss=0.8766 AUROC=0.8509 AUPRC=0.5516 BalAcc=0.7901 F1=0.4371 MCC=0.4026
Epoch 004 val  : loss=0.4941 AUROC=0.8205 AUPRC=0.1363 BalAcc=0.7355 F1=0.0647 MCC=0.1185
  learning_rate_used=2.993e-04; learning_rate_next=2.988e-04; elapsed=2.2s
  saved new best checkpoint: /data/projects/SFB_A03/jan/AT_TFBS/human301/runs/ZNF773/crossassay_archthalia_20261009_144503_1046783/CHIP_seed1/best_model.pt (objective=classification-auprc, score=0.136345)
  negatives seen=50.0%; hard negatives=0
Epoch 005 train: loss=0.7979 AUROC=0.8782 AUPRC=0.6147 BalAcc=0.7992 F1=0.4472 MCC=0.4156
Epoch 005 val  : loss=0.5287 AUROC=0.8083 AUPRC=0.1163 BalAcc=0.7489 F1=0.0619 MCC=0.1195
  learning_rate_used=2.988e-04; learning_rate_next=2.982e-04; elapsed=2.3s
  negatives seen=60.0%; hard negatives=0
Epoch 006 train: loss=0.7090 AUROC=0.9055 AUPRC=0.6710 BalAcc=0.8387 F1=0.5145 MCC=0.4906
Epoch 006 val  : loss=0.5193 AUROC=0.8389 AUPRC=0.1426 BalAcc=0.7589 F1=0.0624 MCC=0.1230
  learning_rate_used=2.982e-04; learning_rate_next=2.974e-04; elapsed=2.3s
  saved new best checkpoint: /data/projects/SFB_A03/jan/AT_TFBS/human301/runs/ZNF773/crossassay_archthalia_20261009_144503_1046783/CHIP_seed1/best_model.pt (objective=classification-auprc, score=0.142633)
  negatives seen=70.0%; hard negatives=0
Epoch 007 train: loss=0.7104 AUROC=0.9038 AUPRC=0.6816 BalAcc=0.8223 F1=0.4983 MCC=0.4691
Epoch 007 val  : loss=0.9468 AUROC=0.8162 AUPRC=0.1503 BalAcc=0.6832 F1=0.0321 MCC=0.0730
  learning_rate_used=2.974e-04; learning_rate_next=2.964e-04; elapsed=2.3s
  saved new best checkpoint: /data/projects/SFB_A03/jan/AT_TFBS/human301/runs/ZNF773/crossassay_archthalia_20261009_144503_1046783/CHIP_seed1/best_model.pt (objective=classification-auprc, score=0.150254)
  negatives seen=80.0%; hard negatives=0
Epoch 008 train: loss=0.7482 AUROC=0.8984 AUPRC=0.6508 BalAcc=0.8228 F1=0.5192 MCC=0.4870
Epoch 008 val  : loss=0.2620 AUROC=0.8247 AUPRC=0.1483 BalAcc=0.6096 F1=0.1579 MCC=0.1558
  learning_rate_used=2.964e-04; learning_rate_next=2.953e-04; elapsed=2.2s
  negatives seen=90.0%; hard negatives=0
Epoch 009 train: loss=0.6913 AUROC=0.9118 AUPRC=0.7134 BalAcc=0.8398 F1=0.5180 MCC=0.4940
Epoch 009 val  : loss=0.2997 AUROC=0.8291 AUPRC=0.1926 BalAcc=0.6542 F1=0.1453 MCC=0.1623
  learning_rate_used=2.953e-04; learning_rate_next=2.941e-04; elapsed=2.2s
  saved new best checkpoint: /data/projects/SFB_A03/jan/AT_TFBS/human301/runs/ZNF773/crossassay_archthalia_20261009_144503_1046783/CHIP_seed1/best_model.pt (objective=classification-auprc, score=0.192592)
  negatives seen=100.0%; hard negatives=0
Epoch 010 train: loss=0.6198 AUROC=0.9283 AUPRC=0.7024 BalAcc=0.8583 F1=0.5631 MCC=0.5405
Epoch 010 val  : loss=0.3696 AUROC=0.8386 AUPRC=0.1670 BalAcc=0.7175 F1=0.1250 MCC=0.1696
  learning_rate_used=2.941e-04; learning_rate_next=2.927e-04; elapsed=2.3s
  negatives seen=100.0%; hard negatives=0
Epoch 011 train: loss=0.5255 AUROC=0.9493 AUPRC=0.7855 BalAcc=0.8777 F1=0.6089 MCC=0.5883
Epoch 011 val  : loss=0.2423 AUROC=0.8569 AUPRC=0.1457 BalAcc=0.6499 F1=0.2162 MCC=0.2173
  learning_rate_used=2.927e-04; learning_rate_next=2.912e-04; elapsed=2.3s
  negatives seen=100.0%; hard negatives=0
Epoch 012 train: loss=0.4105 AUROC=0.9695 AUPRC=0.8376 BalAcc=0.8922 F1=0.6365 MCC=0.6185
Epoch 012 val  : loss=0.2691 AUROC=0.8493 AUPRC=0.1585 BalAcc=0.7136 F1=0.1545 MCC=0.1926
  learning_rate_used=2.912e-04; learning_rate_next=2.895e-04; elapsed=2.3s
  negatives seen=100.0%; hard negatives=0
Epoch 013 train: loss=0.4626 AUROC=0.9632 AUPRC=0.8314 BalAcc=0.9048 F1=0.6777 MCC=0.6599
Epoch 013 val  : loss=0.2992 AUROC=0.8362 AUPRC=0.1984 BalAcc=0.5911 F1=0.2642 MCC=0.2890
  learning_rate_used=2.895e-04; learning_rate_next=2.877e-04; elapsed=2.3s
  saved new best checkpoint: /data/projects/SFB_A03/jan/AT_TFBS/human301/runs/ZNF773/crossassay_archthalia_20261009_144503_1046783/CHIP_seed1/best_model.pt (objective=classification-auprc, score=0.198417)
  negatives seen=100.0%; hard negatives=0
Epoch 014 train: loss=0.4330 AUROC=0.9673 AUPRC=0.8291 BalAcc=0.9003 F1=0.6653 MCC=0.6470
Epoch 014 val  : loss=0.4958 AUROC=0.8038 AUPRC=0.0430 BalAcc=0.7509 F1=0.0687 MCC=0.1273
  learning_rate_used=2.877e-04; learning_rate_next=2.858e-04; elapsed=2.2s
  negatives seen=100.0%; hard negatives=0
Epoch 015 train: loss=0.3526 AUROC=0.9780 AUPRC=0.8622 BalAcc=0.9253 F1=0.7434 MCC=0.7270
Epoch 015 val  : loss=0.2877 AUROC=0.8570 AUPRC=0.2437 BalAcc=0.6172 F1=0.3214 MCC=0.3398
  learning_rate_used=2.858e-04; learning_rate_next=2.837e-04; elapsed=2.3s
  saved new best checkpoint: /data/projects/SFB_A03/jan/AT_TFBS/human301/runs/ZNF773/crossassay_archthalia_20261009_144503_1046783/CHIP_seed1/best_model.pt (objective=classification-auprc, score=0.243665)
  negatives seen=100.0%; hard negatives=0
Epoch 016 train: loss=0.4636 AUROC=0.9692 AUPRC=0.8572 BalAcc=0.9140 F1=0.7158 MCC=0.6978
Epoch 016 val  : loss=0.5282 AUROC=0.7814 AUPRC=0.2044 BalAcc=0.7047 F1=0.0530 MCC=0.0969
  learning_rate_used=2.837e-04; learning_rate_next=2.815e-04; elapsed=2.2s
  negatives seen=100.0%; hard negatives=0
Epoch 017 train: loss=0.3435 AUROC=0.9796 AUPRC=0.8859 BalAcc=0.9199 F1=0.7378 MCC=0.7202
Epoch 017 val  : loss=0.3087 AUROC=0.8260 AUPRC=0.1512 BalAcc=0.6272 F1=0.2469 MCC=0.2394
  learning_rate_used=2.815e-04; learning_rate_next=2.792e-04; elapsed=2.3s
  negatives seen=100.0%; hard negatives=0
Epoch 018 train: loss=0.3169 AUROC=0.9856 AUPRC=0.9229 BalAcc=0.9309 F1=0.7796 MCC=0.7631
Epoch 018 val  : loss=0.2551 AUROC=0.8416 AUPRC=0.2391 BalAcc=0.6414 F1=0.2973 MCC=0.2906
  learning_rate_used=2.792e-04; learning_rate_next=2.767e-04; elapsed=2.3s
  negatives seen=100.0%; hard negatives=0
Epoch 019 train: loss=0.3379 AUROC=0.9806 AUPRC=0.8992 BalAcc=0.9446 F1=0.7954 MCC=0.7819
Epoch 019 val  : loss=0.5194 AUROC=0.8646 AUPRC=0.2246 BalAcc=0.7972 F1=0.0681 MCC=0.1405
  learning_rate_used=2.767e-04; learning_rate_next=2.741e-04; elapsed=2.3s
  negatives seen=100.0%; hard negatives=0
Epoch 020 train: loss=0.2658 AUROC=0.9875 AUPRC=0.9269 BalAcc=0.9349 F1=0.7478 MCC=0.7343
Epoch 020 val  : loss=0.2776 AUROC=0.8450 AUPRC=0.2154 BalAcc=0.6289 F1=0.2941 MCC=0.2899
  learning_rate_used=2.741e-04; learning_rate_next=2.714e-04; elapsed=2.3s
  negatives seen=100.0%; hard negatives=0
Epoch 021 train: loss=0.2590 AUROC=0.9883 AUPRC=0.9321 BalAcc=0.9508 F1=0.8227 MCC=0.8099
Epoch 021 val  : loss=0.2632 AUROC=0.8547 AUPRC=0.2116 BalAcc=0.6759 F1=0.1389 MCC=0.1656
  learning_rate_used=2.714e-04; learning_rate_next=2.686e-04; elapsed=2.2s
  negatives seen=100.0%; hard negatives=0
Epoch 022 train: loss=0.2463 AUROC=0.9896 AUPRC=0.9162 BalAcc=0.9503 F1=0.8357 MCC=0.8227
Epoch 022 val  : loss=0.3922 AUROC=0.8399 AUPRC=0.2346 BalAcc=0.5784 F1=0.2500 MCC=0.3046
  learning_rate_used=2.686e-04; learning_rate_next=2.657e-04; elapsed=2.3s
  negatives seen=100.0%; hard negatives=0
Epoch 023 train: loss=0.2313 AUROC=0.9915 AUPRC=0.9497 BalAcc=0.9454 F1=0.8171 MCC=0.8032
Epoch 023 val  : loss=0.3577 AUROC=0.8475 AUPRC=0.2057 BalAcc=0.5908 F1=0.2545 MCC=0.2707
  learning_rate_used=2.657e-04; learning_rate_next=2.626e-04; elapsed=2.3s
  negatives seen=100.0%; hard negatives=0
Epoch 024 train: loss=0.1805 AUROC=0.9960 AUPRC=0.9657 BalAcc=0.9565 F1=0.8849 MCC=0.8740
Epoch 024 val  : loss=0.3204 AUROC=0.8249 AUPRC=0.1463 BalAcc=0.6334 F1=0.1017 MCC=0.1194
  learning_rate_used=2.626e-04; learning_rate_next=2.595e-04; elapsed=2.3s
  negatives seen=100.0%; hard negatives=0
Epoch 025 train: loss=0.2526 AUROC=0.9889 AUPRC=0.9379 BalAcc=0.9478 F1=0.8350 MCC=0.8215
Epoch 025 val  : loss=0.2550 AUROC=0.8618 AUPRC=0.1993 BalAcc=0.6391 F1=0.2391 MCC=0.2338
  learning_rate_used=2.595e-04; learning_rate_next=2.562e-04; elapsed=2.3s
  negatives seen=100.0%; hard negatives=0
Epoch 026 train: loss=0.2548 AUROC=0.9901 AUPRC=0.9444 BalAcc=0.9457 F1=0.8362 MCC=0.8223
Epoch 026 val  : loss=0.2841 AUROC=0.8302 AUPRC=0.2596 BalAcc=0.6587 F1=0.1793 MCC=0.1909
  learning_rate_used=2.562e-04; learning_rate_next=2.528e-04; elapsed=2.2s
  saved new best checkpoint: /data/projects/SFB_A03/jan/AT_TFBS/human301/runs/ZNF773/crossassay_archthalia_20261009_144503_1046783/CHIP_seed1/best_model.pt (objective=classification-auprc, score=0.259611)
  negatives seen=100.0%; hard negatives=0
Epoch 027 train: loss=0.1665 AUROC=0.9951 AUPRC=0.9640 BalAcc=0.9691 F1=0.8732 MCC=0.8638
Epoch 027 val  : loss=0.3380 AUROC=0.8389 AUPRC=0.2399 BalAcc=0.6301 F1=0.3390 MCC=0.3493
  learning_rate_used=2.528e-04; learning_rate_next=2.494e-04; elapsed=2.2s
  negatives seen=100.0%; hard negatives=0
Epoch 028 train: loss=0.1893 AUROC=0.9955 AUPRC=0.9684 BalAcc=0.9715 F1=0.8928 MCC=0.8840
Epoch 028 val  : loss=0.3171 AUROC=0.8250 AUPRC=0.1950 BalAcc=0.6661 F1=0.2921 MCC=0.2872
  learning_rate_used=2.494e-04; learning_rate_next=2.458e-04; elapsed=2.3s
  negatives seen=100.0%; hard negatives=0
Epoch 029 train: loss=0.1904 AUROC=0.9959 AUPRC=0.9705 BalAcc=0.9578 F1=0.8766 MCC=0.8655
Epoch 029 val  : loss=0.2630 AUROC=0.8487 AUPRC=0.2088 BalAcc=0.6653 F1=0.2737 MCC=0.2706
  learning_rate_used=2.458e-04; learning_rate_next=2.421e-04; elapsed=2.3s
  negatives seen=100.0%; hard negatives=0
Epoch 030 train: loss=0.1613 AUROC=0.9953 AUPRC=0.9643 BalAcc=0.9712 F1=0.8717 MCC=0.8627
Epoch 030 val  : loss=0.5126 AUROC=0.8491 AUPRC=0.2550 BalAcc=0.6049 F1=0.3265 MCC=0.3884
  learning_rate_used=2.421e-04; learning_rate_next=2.384e-04; elapsed=2.2s
  negatives seen=100.0%; hard negatives=0
Epoch 031 train: loss=0.2035 AUROC=0.9944 AUPRC=0.9686 BalAcc=0.9637 F1=0.9067 MCC=0.8978
Epoch 031 val  : loss=0.2763 AUROC=0.8373 AUPRC=0.2429 BalAcc=0.6916 F1=0.1616 MCC=0.1898
  learning_rate_used=2.384e-04; learning_rate_next=2.345e-04; elapsed=2.3s
  negatives seen=100.0%; hard negatives=0
Epoch 032 train: loss=0.0699 AUROC=0.9989 AUPRC=0.9884 BalAcc=0.9914 F1=0.9415 MCC=0.9369
Epoch 032 val  : loss=0.7988 AUROC=0.8667 AUPRC=0.2843 BalAcc=0.5788 F1=0.2667 MCC=0.3658
  learning_rate_used=2.345e-04; learning_rate_next=2.306e-04; elapsed=2.3s
  saved new best checkpoint: /data/projects/SFB_A03/jan/AT_TFBS/human301/runs/ZNF773/crossassay_archthalia_20261009_144503_1046783/CHIP_seed1/best_model.pt (objective=classification-auprc, score=0.284329)
  negatives seen=100.0%; hard negatives=0
Epoch 033 train: loss=0.1808 AUROC=0.9960 AUPRC=0.9767 BalAcc=0.9782 F1=0.9302 MCC=0.9238
Epoch 033 val  : loss=0.3305 AUROC=0.8382 AUPRC=0.2137 BalAcc=0.6521 F1=0.2553 MCC=0.2512
  learning_rate_used=2.306e-04; learning_rate_next=2.266e-04; elapsed=2.3s
  negatives seen=100.0%; hard negatives=0
Epoch 034 train: loss=0.1826 AUROC=0.9965 AUPRC=0.9660 BalAcc=0.9645 F1=0.8934 MCC=0.8838
Epoch 034 val  : loss=0.5656 AUROC=0.8542 AUPRC=0.3197 BalAcc=0.5921 F1=0.3111 MCC=0.4275
  learning_rate_used=2.266e-04; learning_rate_next=2.225e-04; elapsed=2.3s
  saved new best checkpoint: /data/projects/SFB_A03/jan/AT_TFBS/human301/runs/ZNF773/crossassay_archthalia_20261009_144503_1046783/CHIP_seed1/best_model.pt (objective=classification-auprc, score=0.319665)
  negatives seen=100.0%; hard negatives=0
Epoch 035 train: loss=0.1884 AUROC=0.9962 AUPRC=0.9756 BalAcc=0.9696 F1=0.9171 MCC=0.9092
Epoch 035 val  : loss=0.2766 AUROC=0.8806 AUPRC=0.3197 BalAcc=0.6425 F1=0.3333 MCC=0.3316
  learning_rate_used=2.225e-04; learning_rate_next=2.184e-04; elapsed=2.2s
  negatives seen=100.0%; hard negatives=0
Epoch 036 train: loss=0.0579 AUROC=0.9994 AUPRC=0.9947 BalAcc=0.9911 F1=0.9608 MCC=0.9573
Epoch 036 val  : loss=0.3833 AUROC=0.8641 AUPRC=0.2667 BalAcc=0.6166 F1=0.2951 MCC=0.2991
  learning_rate_used=2.184e-04; learning_rate_next=2.142e-04; elapsed=2.3s
  negatives seen=100.0%; hard negatives=0
Epoch 037 train: loss=0.1002 AUROC=0.9988 AUPRC=0.9879 BalAcc=0.9796 F1=0.9424 MCC=0.9369
Epoch 037 val  : loss=0.3982 AUROC=0.8393 AUPRC=0.1889 BalAcc=0.6461 F1=0.1714 MCC=0.1798
  learning_rate_used=2.142e-04; learning_rate_next=2.099e-04; elapsed=2.3s
  negatives seen=100.0%; hard negatives=0
Epoch 038 train: loss=0.1574 AUROC=0.9966 AUPRC=0.9804 BalAcc=0.9742 F1=0.9156 MCC=0.9080
Epoch 038 val  : loss=0.2841 AUROC=0.8494 AUPRC=0.2253 BalAcc=0.6813 F1=0.1714 MCC=0.1935
  learning_rate_used=2.099e-04; learning_rate_next=2.055e-04; elapsed=2.2s
  negatives seen=100.0%; hard negatives=0
Epoch 039 train: loss=0.1983 AUROC=0.9965 AUPRC=0.9752 BalAcc=0.9613 F1=0.9062 MCC=0.8971
Epoch 039 val  : loss=0.7895 AUROC=0.8452 AUPRC=0.2707 BalAcc=0.5525 F1=0.1860 MCC=0.2882
  learning_rate_used=2.055e-04; learning_rate_next=2.011e-04; elapsed=2.3s
  negatives seen=100.0%; hard negatives=0
Epoch 040 train: loss=0.1272 AUROC=0.9983 AUPRC=0.9853 BalAcc=0.9758 F1=0.9299 MCC=0.9232
Epoch 040 val  : loss=0.4865 AUROC=0.8268 AUPRC=0.1605 BalAcc=0.6301 F1=0.3390 MCC=0.3493
  learning_rate_used=2.011e-04; learning_rate_next=1.967e-04; elapsed=2.3s
  negatives seen=100.0%; hard negatives=0
Epoch 041 train: loss=0.0965 AUROC=0.9988 AUPRC=0.9815 BalAcc=0.9804 F1=0.9499 MCC=0.9449
Epoch 041 val  : loss=0.4566 AUROC=0.8406 AUPRC=0.2477 BalAcc=0.6299 F1=0.3279 MCC=0.3332
  learning_rate_used=1.967e-04; learning_rate_next=1.922e-04; elapsed=2.4s
  negatives seen=100.0%; hard negatives=0
Epoch 042 train: loss=0.1384 AUROC=0.9985 AUPRC=0.9853 BalAcc=0.9694 F1=0.9362 MCC=0.9298
Epoch 042 val  : loss=0.2747 AUROC=0.8472 AUPRC=0.2402 BalAcc=0.6992 F1=0.2286 MCC=0.2453
  learning_rate_used=1.922e-04; learning_rate_next=1.877e-04; elapsed=2.2s
  negatives seen=100.0%; hard negatives=0
Epoch 043 train: loss=0.1223 AUROC=0.9982 AUPRC=0.9842 BalAcc=0.9718 F1=0.9152 MCC=0.9073
Epoch 043 val  : loss=0.4660 AUROC=0.8614 AUPRC=0.2849 BalAcc=0.6051 F1=0.3404 MCC=0.4304
  learning_rate_used=1.877e-04; learning_rate_next=1.831e-04; elapsed=2.3s
  negatives seen=100.0%; hard negatives=0
Epoch 044 train: loss=0.0663 AUROC=0.9996 AUPRC=0.9962 BalAcc=0.9823 F1=0.9677 MCC=0.9645
Epoch 044 val  : loss=0.3758 AUROC=0.8382 AUPRC=0.3024 BalAcc=0.6428 F1=0.3438 MCC=0.3446
  learning_rate_used=1.831e-04; learning_rate_next=1.785e-04; elapsed=2.2s
  negatives seen=100.0%; hard negatives=0
Epoch 045 train: loss=0.0702 AUROC=0.9994 AUPRC=0.9940 BalAcc=0.9882 F1=0.9556 MCC=0.9515
Epoch 045 val  : loss=0.6622 AUROC=0.8460 AUPRC=0.2515 BalAcc=0.5918 F1=0.2979 MCC=0.3760
  learning_rate_used=1.785e-04; learning_rate_next=1.739e-04; elapsed=2.2s
  negatives seen=100.0%; hard negatives=0
Epoch 046 train: loss=0.1297 AUROC=0.9980 AUPRC=0.9791 BalAcc=0.9747 F1=0.9418 MCC=0.9360
Epoch 046 val  : loss=0.5203 AUROC=0.8239 AUPRC=0.2487 BalAcc=0.6171 F1=0.3158 MCC=0.3304
  learning_rate_used=1.739e-04; learning_rate_next=1.692e-04; elapsed=2.3s
  negatives seen=100.0%; hard negatives=0
Epoch 047 train: loss=0.0647 AUROC=0.9997 AUPRC=0.9971 BalAcc=0.9876 F1=0.9733 MCC=0.9706
Epoch 047 val  : loss=0.3876 AUROC=0.8131 AUPRC=0.2174 BalAcc=0.6399 F1=0.2558 MCC=0.2492
  learning_rate_used=1.692e-04; learning_rate_next=1.646e-04; elapsed=2.3s
  negatives seen=100.0%; hard negatives=0
Epoch 048 train: loss=0.0526 AUROC=0.9996 AUPRC=0.9958 BalAcc=0.9901 F1=0.9734 MCC=0.9708
Epoch 048 val  : loss=0.7159 AUROC=0.8420 AUPRC=0.2882 BalAcc=0.5789 F1=0.2727 MCC=0.3957
  learning_rate_used=1.646e-04; learning_rate_next=1.599e-04; elapsed=2.2s
  negatives seen=100.0%; hard negatives=0
Epoch 049 train: loss=0.0991 AUROC=0.9993 AUPRC=0.9933 BalAcc=0.9868 F1=0.9655 MCC=0.9621
Epoch 049 val  : loss=0.5277 AUROC=0.8276 AUPRC=0.2942 BalAcc=0.6307 F1=0.3636 MCC=0.3896
  learning_rate_used=1.599e-04; learning_rate_next=1.552e-04; elapsed=2.2s
  negatives seen=100.0%; hard negatives=0
Epoch 050 train: loss=0.0667 AUROC=0.9995 AUPRC=0.9956 BalAcc=0.9782 F1=0.9521 MCC=0.9473
Epoch 050 val  : loss=0.5323 AUROC=0.8200 AUPRC=0.2865 BalAcc=0.6307 F1=0.3636 MCC=0.3896
  learning_rate_used=1.552e-04; learning_rate_next=1.505e-04; elapsed=2.3s
  negatives seen=100.0%; hard negatives=0
Epoch 051 train: loss=0.0460 AUROC=0.9998 AUPRC=0.9986 BalAcc=0.9906 F1=0.9786 MCC=0.9765
Epoch 051 val  : loss=0.6467 AUROC=0.8475 AUPRC=0.3142 BalAcc=0.6308 F1=0.3704 MCC=0.4020
  learning_rate_used=1.505e-04; learning_rate_next=1.458e-04; elapsed=2.2s
  negatives seen=100.0%; hard negatives=0
Epoch 052 train: loss=0.0509 AUROC=0.9997 AUPRC=0.9974 BalAcc=0.9871 F1=0.9681 MCC=0.9649
Epoch 052 val  : loss=0.4782 AUROC=0.8432 AUPRC=0.2508 BalAcc=0.6305 F1=0.3571 MCC=0.3783
  learning_rate_used=1.458e-04; learning_rate_next=1.411e-04; elapsed=2.3s
  negatives seen=100.0%; hard negatives=0
Epoch 053 train: loss=0.0556 AUROC=0.9995 AUPRC=0.9954 BalAcc=0.9949 F1=0.9737 MCC=0.9713
Epoch 053 val  : loss=0.3278 AUROC=0.8418 AUPRC=0.2671 BalAcc=0.6763 F1=0.2500 MCC=0.2539
  learning_rate_used=1.411e-04; learning_rate_next=1.364e-04; elapsed=2.4s
  negatives seen=100.0%; hard negatives=0
Epoch 054 train: loss=0.1076 AUROC=0.9990 AUPRC=0.9863 BalAcc=0.9844 F1=0.9653 MCC=0.9619
Epoch 054 val  : loss=0.3781 AUROC=0.8494 AUPRC=0.2513 BalAcc=0.6284 F1=0.2778 MCC=0.2714
  learning_rate_used=1.364e-04; learning_rate_next=1.318e-04; elapsed=2.2s
Early stopping after 54 epochs.
Binary threshold: 0.489428 (strategy=val-mcc, validation_score=0.484818)
Validation-only run completed; frozen model: /data/projects/SFB_A03/jan/AT_TFBS/human301/runs/ZNF773/crossassay_archthalia_20261009_144503_1046783/CHIP_seed1/model_for_prediction.pt
ZNF773: CHIP -> CHIP
TEST ZNF773 CHIP -> CHIP: loss=0.4497 AUROC=0.8875 AUPRC=0.4337 BalAcc=0.6590 F1=0.4483 MCC=0.4873
ZNF773: CHIP -> GHTS
TEST ZNF773 CHIP -> GHTS: loss=0.9059 AUROC=0.6176 AUPRC=0.1699 BalAcc=0.5825 F1=0.2684 MCC=0.3390
Completed ZNF773/CHIP: one model, both fixed test sets.
