TF=LEUTX train=GHTS seed=1 model=hum301_motif64_local.py
/home/jbossenz/miniforge3/envs/at_env/bin/python -u /data/projects/SFB_A03/jan/AT_TFBS/human301/hum301_motif64_local.py train --cache /data/projects/SFB_A03/jan/AT_TFBS/raw_data/human/ArchThalia-ML/LEUTX/GHTS/dataset.npz --output-dir /data/projects/SFB_A03/jan/AT_TFBS/human301/runs/LEUTX/crossassay_archthalia_20261009_144503_1046783/GHTS_seed1 --input-length 256 --embed-channels 64 --encoder-channels 80 96 128 --heads 4 --ffn-channels 256 --classification-readout local-logsumexp --task-mode classification --checkpoint-objective classification-auprc --threshold-strategy val-mcc --negatives-per-positive 10 --batch-size 88 --hard-negative-fraction 0 --epochs 100 --patience 20 --learning-rate 0.0003 --min-learning-rate 0.000001 --weight-decay 0.0001 --dropout 0.1 --activation relu --reverse-complement-probability 0.5 --eval-crops multi --eval-rc --no-balanced-evaluation --eval-batch-size 128 --num-workers 2 --seed 1 --device cuda --skip-test
Window geometry: 256 bp from 301 bp; crop starts 0..45; shifts -22..+23; fresh uniform draw per access
Evaluation: crops (0, 22, 23, 45), reverse complement=True; all samples
train: n=611,454, positive=6,054, negative=605,400
  val: n=182,507, positive=1,807, negative=180,700
 test: n=729,523, positive=7,223, negative=722,300
Device: cuda
Hidden activation: RELU
Parameters: 1,032,981 total; 1,032,981 trainable
Architecture: motif kernels 9/12; encoder 128/64/64; original five-block bottleneck at 64; decoder 64/128/256
  negatives seen=10.0%; hard negatives=0
Epoch 001 train: loss=0.3431 AUROC=0.9798 AUPRC=0.8774 BalAcc=0.9292 F1=0.7326 MCC=0.7184
Epoch 001 val  : loss=0.0391 AUROC=0.9970 AUPRC=0.9132 BalAcc=0.9803 F1=0.7048 MCC=0.7293
  learning_rate_used=3.000e-04; learning_rate_next=2.999e-04; elapsed=83.2s
  saved new best checkpoint: /data/projects/SFB_A03/jan/AT_TFBS/human301/runs/LEUTX/crossassay_archthalia_20261009_144503_1046783/GHTS_seed1/best_model.pt (objective=classification-auprc, score=0.913244)
  negatives seen=20.0%; hard negatives=0
Epoch 002 train: loss=0.1711 AUROC=0.9943 AUPRC=0.9633 BalAcc=0.9725 F1=0.9116 MCC=0.9036
Epoch 002 val  : loss=0.0321 AUROC=0.9984 AUPRC=0.9329 BalAcc=0.9743 F1=0.7967 MCC=0.8055
  learning_rate_used=2.999e-04; learning_rate_next=2.997e-04; elapsed=82.0s
  saved new best checkpoint: /data/projects/SFB_A03/jan/AT_TFBS/human301/runs/LEUTX/crossassay_archthalia_20261009_144503_1046783/GHTS_seed1/best_model.pt (objective=classification-auprc, score=0.932929)
  negatives seen=30.0%; hard negatives=0
Epoch 003 train: loss=0.1486 AUROC=0.9957 AUPRC=0.9739 BalAcc=0.9754 F1=0.9221 MCC=0.9150
Epoch 003 val  : loss=0.0251 AUROC=0.9987 AUPRC=0.9384 BalAcc=0.9746 F1=0.8344 MCC=0.8392
  learning_rate_used=2.997e-04; learning_rate_next=2.993e-04; elapsed=82.0s
  saved new best checkpoint: /data/projects/SFB_A03/jan/AT_TFBS/human301/runs/LEUTX/crossassay_archthalia_20261009_144503_1046783/GHTS_seed1/best_model.pt (objective=classification-auprc, score=0.938411)
  negatives seen=40.0%; hard negatives=0
Epoch 004 train: loss=0.1309 AUROC=0.9966 AUPRC=0.9769 BalAcc=0.9785 F1=0.9345 MCC=0.9283
Epoch 004 val  : loss=0.0554 AUROC=0.9985 AUPRC=0.9393 BalAcc=0.9859 F1=0.5132 MCC=0.5801
  learning_rate_used=2.993e-04; learning_rate_next=2.988e-04; elapsed=81.5s
  saved new best checkpoint: /data/projects/SFB_A03/jan/AT_TFBS/human301/runs/LEUTX/crossassay_archthalia_20261009_144503_1046783/GHTS_seed1/best_model.pt (objective=classification-auprc, score=0.939323)
  negatives seen=50.0%; hard negatives=0
Epoch 005 train: loss=0.1228 AUROC=0.9966 AUPRC=0.9791 BalAcc=0.9802 F1=0.9383 MCC=0.9325
Epoch 005 val  : loss=0.0255 AUROC=0.9986 AUPRC=0.9453 BalAcc=0.9811 F1=0.7816 MCC=0.7941
  learning_rate_used=2.988e-04; learning_rate_next=2.982e-04; elapsed=81.0s
  saved new best checkpoint: /data/projects/SFB_A03/jan/AT_TFBS/human301/runs/LEUTX/crossassay_archthalia_20261009_144503_1046783/GHTS_seed1/best_model.pt (objective=classification-auprc, score=0.945295)
  negatives seen=60.0%; hard negatives=0
Epoch 006 train: loss=0.1173 AUROC=0.9972 AUPRC=0.9829 BalAcc=0.9799 F1=0.9422 MCC=0.9367
Epoch 006 val  : loss=0.0252 AUROC=0.9987 AUPRC=0.9461 BalAcc=0.9829 F1=0.7924 MCC=0.8040
  learning_rate_used=2.982e-04; learning_rate_next=2.974e-04; elapsed=81.7s
  saved new best checkpoint: /data/projects/SFB_A03/jan/AT_TFBS/human301/runs/LEUTX/crossassay_archthalia_20261009_144503_1046783/GHTS_seed1/best_model.pt (objective=classification-auprc, score=0.946118)
  negatives seen=70.0%; hard negatives=0
Epoch 007 train: loss=0.1149 AUROC=0.9970 AUPRC=0.9801 BalAcc=0.9818 F1=0.9402 MCC=0.9347
Epoch 007 val  : loss=0.0266 AUROC=0.9980 AUPRC=0.9392 BalAcc=0.9794 F1=0.8095 MCC=0.8180
  learning_rate_used=2.974e-04; learning_rate_next=2.964e-04; elapsed=81.1s
  negatives seen=80.0%; hard negatives=0
Epoch 008 train: loss=0.1088 AUROC=0.9974 AUPRC=0.9825 BalAcc=0.9822 F1=0.9430 MCC=0.9377
Epoch 008 val  : loss=0.0297 AUROC=0.9988 AUPRC=0.9492 BalAcc=0.9872 F1=0.7211 MCC=0.7450
  learning_rate_used=2.964e-04; learning_rate_next=2.953e-04; elapsed=81.1s
  saved new best checkpoint: /data/projects/SFB_A03/jan/AT_TFBS/human301/runs/LEUTX/crossassay_archthalia_20261009_144503_1046783/GHTS_seed1/best_model.pt (objective=classification-auprc, score=0.949154)
  negatives seen=90.0%; hard negatives=0
Epoch 009 train: loss=0.1055 AUROC=0.9973 AUPRC=0.9826 BalAcc=0.9831 F1=0.9440 MCC=0.9388
Epoch 009 val  : loss=0.0324 AUROC=0.9987 AUPRC=0.9534 BalAcc=0.9888 F1=0.6813 MCC=0.7131
  learning_rate_used=2.953e-04; learning_rate_next=2.941e-04; elapsed=82.1s
  saved new best checkpoint: /data/projects/SFB_A03/jan/AT_TFBS/human301/runs/LEUTX/crossassay_archthalia_20261009_144503_1046783/GHTS_seed1/best_model.pt (objective=classification-auprc, score=0.953379)
  negatives seen=100.0%; hard negatives=0
Epoch 010 train: loss=0.1014 AUROC=0.9974 AUPRC=0.9841 BalAcc=0.9834 F1=0.9456 MCC=0.9405
Epoch 010 val  : loss=0.0281 AUROC=0.9989 AUPRC=0.9425 BalAcc=0.9852 F1=0.7200 MCC=0.7435
  learning_rate_used=2.941e-04; learning_rate_next=2.927e-04; elapsed=81.9s
  negatives seen=100.0%; hard negatives=0
Epoch 011 train: loss=0.0945 AUROC=0.9979 AUPRC=0.9854 BalAcc=0.9850 F1=0.9516 MCC=0.9470
Epoch 011 val  : loss=0.0247 AUROC=0.9987 AUPRC=0.9503 BalAcc=0.9836 F1=0.7682 MCC=0.7833
  learning_rate_used=2.927e-04; learning_rate_next=2.912e-04; elapsed=82.3s
  negatives seen=100.0%; hard negatives=0
Epoch 012 train: loss=0.0928 AUROC=0.9981 AUPRC=0.9874 BalAcc=0.9846 F1=0.9497 MCC=0.9449
Epoch 012 val  : loss=0.0244 AUROC=0.9987 AUPRC=0.9461 BalAcc=0.9751 F1=0.8578 MCC=0.8606
  learning_rate_used=2.912e-04; learning_rate_next=2.895e-04; elapsed=81.5s
  negatives seen=100.0%; hard negatives=0
Epoch 013 train: loss=0.0938 AUROC=0.9978 AUPRC=0.9868 BalAcc=0.9853 F1=0.9525 MCC=0.9481
Epoch 013 val  : loss=0.0224 AUROC=0.9990 AUPRC=0.9538 BalAcc=0.9841 F1=0.7989 MCC=0.8099
  learning_rate_used=2.895e-04; learning_rate_next=2.877e-04; elapsed=81.1s
  saved new best checkpoint: /data/projects/SFB_A03/jan/AT_TFBS/human301/runs/LEUTX/crossassay_archthalia_20261009_144503_1046783/GHTS_seed1/best_model.pt (objective=classification-auprc, score=0.953750)
  negatives seen=100.0%; hard negatives=0
Epoch 014 train: loss=0.0863 AUROC=0.9980 AUPRC=0.9871 BalAcc=0.9866 F1=0.9561 MCC=0.9519
Epoch 014 val  : loss=0.0265 AUROC=0.9988 AUPRC=0.9496 BalAcc=0.9875 F1=0.7413 MCC=0.7619
  learning_rate_used=2.877e-04; learning_rate_next=2.858e-04; elapsed=82.4s
  negatives seen=100.0%; hard negatives=0
Epoch 015 train: loss=0.0837 AUROC=0.9982 AUPRC=0.9872 BalAcc=0.9872 F1=0.9555 MCC=0.9513
Epoch 015 val  : loss=0.0267 AUROC=0.9989 AUPRC=0.9545 BalAcc=0.9881 F1=0.7423 MCC=0.7629
  learning_rate_used=2.858e-04; learning_rate_next=2.837e-04; elapsed=81.7s
  saved new best checkpoint: /data/projects/SFB_A03/jan/AT_TFBS/human301/runs/LEUTX/crossassay_archthalia_20261009_144503_1046783/GHTS_seed1/best_model.pt (objective=classification-auprc, score=0.954458)
  negatives seen=100.0%; hard negatives=0
Epoch 016 train: loss=0.0844 AUROC=0.9982 AUPRC=0.9889 BalAcc=0.9865 F1=0.9581 MCC=0.9541
Epoch 016 val  : loss=0.0299 AUROC=0.9990 AUPRC=0.9552 BalAcc=0.9887 F1=0.7013 MCC=0.7293
  learning_rate_used=2.837e-04; learning_rate_next=2.815e-04; elapsed=82.3s
  saved new best checkpoint: /data/projects/SFB_A03/jan/AT_TFBS/human301/runs/LEUTX/crossassay_archthalia_20261009_144503_1046783/GHTS_seed1/best_model.pt (objective=classification-auprc, score=0.955173)
  negatives seen=100.0%; hard negatives=0
Epoch 017 train: loss=0.0811 AUROC=0.9984 AUPRC=0.9880 BalAcc=0.9872 F1=0.9565 MCC=0.9524
Epoch 017 val  : loss=0.0222 AUROC=0.9989 AUPRC=0.9506 BalAcc=0.9795 F1=0.8202 MCC=0.8275
  learning_rate_used=2.815e-04; learning_rate_next=2.792e-04; elapsed=82.0s
  negatives seen=100.0%; hard negatives=0
Epoch 018 train: loss=0.0755 AUROC=0.9988 AUPRC=0.9898 BalAcc=0.9873 F1=0.9570 MCC=0.9529
Epoch 018 val  : loss=0.0237 AUROC=0.9984 AUPRC=0.9514 BalAcc=0.9837 F1=0.8048 MCC=0.8149
  learning_rate_used=2.792e-04; learning_rate_next=2.767e-04; elapsed=81.0s
  negatives seen=100.0%; hard negatives=0
Epoch 019 train: loss=0.0745 AUROC=0.9989 AUPRC=0.9904 BalAcc=0.9882 F1=0.9601 MCC=0.9563
Epoch 019 val  : loss=0.0276 AUROC=0.9988 AUPRC=0.9596 BalAcc=0.9897 F1=0.7242 MCC=0.7484
  learning_rate_used=2.767e-04; learning_rate_next=2.741e-04; elapsed=81.8s
  saved new best checkpoint: /data/projects/SFB_A03/jan/AT_TFBS/human301/runs/LEUTX/crossassay_archthalia_20261009_144503_1046783/GHTS_seed1/best_model.pt (objective=classification-auprc, score=0.959631)
  negatives seen=100.0%; hard negatives=0
Epoch 020 train: loss=0.0713 AUROC=0.9988 AUPRC=0.9900 BalAcc=0.9885 F1=0.9609 MCC=0.9571
Epoch 020 val  : loss=0.0221 AUROC=0.9989 AUPRC=0.9565 BalAcc=0.9837 F1=0.8035 MCC=0.8138
  learning_rate_used=2.741e-04; learning_rate_next=2.714e-04; elapsed=82.0s
  negatives seen=100.0%; hard negatives=0
Epoch 021 train: loss=0.0751 AUROC=0.9988 AUPRC=0.9906 BalAcc=0.9881 F1=0.9606 MCC=0.9568
Epoch 021 val  : loss=0.0232 AUROC=0.9989 AUPRC=0.9580 BalAcc=0.9861 F1=0.7838 MCC=0.7974
  learning_rate_used=2.714e-04; learning_rate_next=2.686e-04; elapsed=81.3s
  negatives seen=100.0%; hard negatives=0
Epoch 022 train: loss=0.0695 AUROC=0.9990 AUPRC=0.9911 BalAcc=0.9880 F1=0.9629 MCC=0.9593
Epoch 022 val  : loss=0.0238 AUROC=0.9987 AUPRC=0.9561 BalAcc=0.9876 F1=0.7794 MCC=0.7941
  learning_rate_used=2.686e-04; learning_rate_next=2.657e-04; elapsed=80.9s
  negatives seen=100.0%; hard negatives=0
Epoch 023 train: loss=0.0653 AUROC=0.9992 AUPRC=0.9922 BalAcc=0.9887 F1=0.9637 MCC=0.9603
Epoch 023 val  : loss=0.0229 AUROC=0.9986 AUPRC=0.9530 BalAcc=0.9828 F1=0.8185 MCC=0.8267
  learning_rate_used=2.657e-04; learning_rate_next=2.626e-04; elapsed=82.2s
  negatives seen=100.0%; hard negatives=0
Epoch 024 train: loss=0.0628 AUROC=0.9991 AUPRC=0.9918 BalAcc=0.9900 F1=0.9644 MCC=0.9610
Epoch 024 val  : loss=0.0232 AUROC=0.9986 AUPRC=0.9523 BalAcc=0.9781 F1=0.8321 MCC=0.8378
  learning_rate_used=2.626e-04; learning_rate_next=2.595e-04; elapsed=82.1s
  negatives seen=100.0%; hard negatives=0
Epoch 025 train: loss=0.0600 AUROC=0.9993 AUPRC=0.9915 BalAcc=0.9896 F1=0.9647 MCC=0.9613
Epoch 025 val  : loss=0.0226 AUROC=0.9988 AUPRC=0.9568 BalAcc=0.9820 F1=0.8223 MCC=0.8299
  learning_rate_used=2.595e-04; learning_rate_next=2.562e-04; elapsed=81.3s
  negatives seen=100.0%; hard negatives=0
Epoch 026 train: loss=0.0589 AUROC=0.9992 AUPRC=0.9915 BalAcc=0.9907 F1=0.9658 MCC=0.9626
Epoch 026 val  : loss=0.0229 AUROC=0.9988 AUPRC=0.9560 BalAcc=0.9852 F1=0.8004 MCC=0.8115
  learning_rate_used=2.562e-04; learning_rate_next=2.528e-04; elapsed=81.5s
  negatives seen=100.0%; hard negatives=0
Epoch 027 train: loss=0.0605 AUROC=0.9992 AUPRC=0.9915 BalAcc=0.9900 F1=0.9662 MCC=0.9630
Epoch 027 val  : loss=0.0282 AUROC=0.9984 AUPRC=0.9549 BalAcc=0.9872 F1=0.7360 MCC=0.7573
  learning_rate_used=2.528e-04; learning_rate_next=2.494e-04; elapsed=82.9s
  negatives seen=100.0%; hard negatives=0
Epoch 028 train: loss=0.0563 AUROC=0.9992 AUPRC=0.9929 BalAcc=0.9910 F1=0.9668 MCC=0.9636
Epoch 028 val  : loss=0.0239 AUROC=0.9986 AUPRC=0.9571 BalAcc=0.9873 F1=0.7785 MCC=0.7932
  learning_rate_used=2.494e-04; learning_rate_next=2.458e-04; elapsed=81.5s
  negatives seen=100.0%; hard negatives=0
Epoch 029 train: loss=0.0547 AUROC=0.9993 AUPRC=0.9928 BalAcc=0.9913 F1=0.9681 MCC=0.9651
Epoch 029 val  : loss=0.0263 AUROC=0.9986 AUPRC=0.9562 BalAcc=0.9873 F1=0.7457 MCC=0.7655
  learning_rate_used=2.458e-04; learning_rate_next=2.421e-04; elapsed=82.1s
  negatives seen=100.0%; hard negatives=0
Epoch 030 train: loss=0.0545 AUROC=0.9993 AUPRC=0.9927 BalAcc=0.9911 F1=0.9702 MCC=0.9673
Epoch 030 val  : loss=0.0225 AUROC=0.9988 AUPRC=0.9552 BalAcc=0.9818 F1=0.8284 MCC=0.8353
  learning_rate_used=2.421e-04; learning_rate_next=2.384e-04; elapsed=82.4s
  negatives seen=100.0%; hard negatives=0
Epoch 031 train: loss=0.0490 AUROC=0.9994 AUPRC=0.9930 BalAcc=0.9923 F1=0.9722 MCC=0.9696
Epoch 031 val  : loss=0.0278 AUROC=0.9983 AUPRC=0.9521 BalAcc=0.9858 F1=0.7530 MCC=0.7712
  learning_rate_used=2.384e-04; learning_rate_next=2.345e-04; elapsed=81.0s
  negatives seen=100.0%; hard negatives=0
Epoch 032 train: loss=0.0477 AUROC=0.9995 AUPRC=0.9944 BalAcc=0.9921 F1=0.9710 MCC=0.9683
Epoch 032 val  : loss=0.0239 AUROC=0.9987 AUPRC=0.9549 BalAcc=0.9752 F1=0.8653 MCC=0.8676
  learning_rate_used=2.345e-04; learning_rate_next=2.306e-04; elapsed=81.4s
  negatives seen=100.0%; hard negatives=0
Epoch 033 train: loss=0.0510 AUROC=0.9994 AUPRC=0.9946 BalAcc=0.9916 F1=0.9713 MCC=0.9685
Epoch 033 val  : loss=0.0321 AUROC=0.9981 AUPRC=0.9489 BalAcc=0.9568 F1=0.8726 MCC=0.8722
  learning_rate_used=2.306e-04; learning_rate_next=2.266e-04; elapsed=81.4s
  negatives seen=100.0%; hard negatives=0
Epoch 034 train: loss=0.0435 AUROC=0.9996 AUPRC=0.9949 BalAcc=0.9926 F1=0.9741 MCC=0.9717
Epoch 034 val  : loss=0.0276 AUROC=0.9988 AUPRC=0.9552 BalAcc=0.9874 F1=0.7363 MCC=0.7576
  learning_rate_used=2.266e-04; learning_rate_next=2.225e-04; elapsed=81.0s
  negatives seen=100.0%; hard negatives=0
Epoch 035 train: loss=0.0466 AUROC=0.9994 AUPRC=0.9931 BalAcc=0.9923 F1=0.9716 MCC=0.9689
Epoch 035 val  : loss=0.0216 AUROC=0.9988 AUPRC=0.9582 BalAcc=0.9831 F1=0.8238 MCC=0.8315
  learning_rate_used=2.225e-04; learning_rate_next=2.184e-04; elapsed=81.6s
  negatives seen=100.0%; hard negatives=0
Epoch 036 train: loss=0.0449 AUROC=0.9995 AUPRC=0.9943 BalAcc=0.9923 F1=0.9722 MCC=0.9696
Epoch 036 val  : loss=0.0236 AUROC=0.9986 AUPRC=0.9591 BalAcc=0.9850 F1=0.8034 MCC=0.8140
  learning_rate_used=2.184e-04; learning_rate_next=2.142e-04; elapsed=82.6s
  negatives seen=100.0%; hard negatives=0
Epoch 037 train: loss=0.0442 AUROC=0.9995 AUPRC=0.9939 BalAcc=0.9927 F1=0.9726 MCC=0.9700
Epoch 037 val  : loss=0.0240 AUROC=0.9988 AUPRC=0.9609 BalAcc=0.9889 F1=0.7585 MCC=0.7767
  learning_rate_used=2.142e-04; learning_rate_next=2.099e-04; elapsed=82.1s
  saved new best checkpoint: /data/projects/SFB_A03/jan/AT_TFBS/human301/runs/LEUTX/crossassay_archthalia_20261009_144503_1046783/GHTS_seed1/best_model.pt (objective=classification-auprc, score=0.960862)
  negatives seen=100.0%; hard negatives=0
Epoch 038 train: loss=0.0421 AUROC=0.9995 AUPRC=0.9941 BalAcc=0.9932 F1=0.9738 MCC=0.9713
Epoch 038 val  : loss=0.0263 AUROC=0.9984 AUPRC=0.9539 BalAcc=0.9712 F1=0.8672 MCC=0.8687
  learning_rate_used=2.099e-04; learning_rate_next=2.055e-04; elapsed=82.1s
  negatives seen=100.0%; hard negatives=0
Epoch 039 train: loss=0.0401 AUROC=0.9996 AUPRC=0.9948 BalAcc=0.9933 F1=0.9740 MCC=0.9715
Epoch 039 val  : loss=0.0226 AUROC=0.9984 AUPRC=0.9579 BalAcc=0.9826 F1=0.8440 MCC=0.8494
  learning_rate_used=2.055e-04; learning_rate_next=2.011e-04; elapsed=81.8s
  negatives seen=100.0%; hard negatives=0
Epoch 040 train: loss=0.0421 AUROC=0.9996 AUPRC=0.9950 BalAcc=0.9925 F1=0.9730 MCC=0.9704
Epoch 040 val  : loss=0.0243 AUROC=0.9986 AUPRC=0.9586 BalAcc=0.9884 F1=0.7738 MCC=0.7894
  learning_rate_used=2.011e-04; learning_rate_next=1.967e-04; elapsed=82.2s
  negatives seen=100.0%; hard negatives=0
Epoch 041 train: loss=0.0360 AUROC=0.9996 AUPRC=0.9949 BalAcc=0.9938 F1=0.9744 MCC=0.9720
Epoch 041 val  : loss=0.0253 AUROC=0.9986 AUPRC=0.9575 BalAcc=0.9833 F1=0.8322 MCC=0.8390
  learning_rate_used=1.967e-04; learning_rate_next=1.922e-04; elapsed=80.9s
  negatives seen=100.0%; hard negatives=0
Epoch 042 train: loss=0.0333 AUROC=0.9996 AUPRC=0.9946 BalAcc=0.9948 F1=0.9773 MCC=0.9752
Epoch 042 val  : loss=0.0254 AUROC=0.9984 AUPRC=0.9539 BalAcc=0.9741 F1=0.8648 MCC=0.8670
  learning_rate_used=1.922e-04; learning_rate_next=1.877e-04; elapsed=82.2s
  negatives seen=100.0%; hard negatives=0
Epoch 043 train: loss=0.0375 AUROC=0.9997 AUPRC=0.9962 BalAcc=0.9936 F1=0.9768 MCC=0.9746
Epoch 043 val  : loss=0.0242 AUROC=0.9986 AUPRC=0.9582 BalAcc=0.9791 F1=0.8502 MCC=0.8544
  learning_rate_used=1.877e-04; learning_rate_next=1.831e-04; elapsed=81.5s
  negatives seen=100.0%; hard negatives=0
Epoch 044 train: loss=0.0342 AUROC=0.9996 AUPRC=0.9944 BalAcc=0.9949 F1=0.9767 MCC=0.9745
Epoch 044 val  : loss=0.0262 AUROC=0.9988 AUPRC=0.9583 BalAcc=0.9845 F1=0.8213 MCC=0.8296
  learning_rate_used=1.831e-04; learning_rate_next=1.785e-04; elapsed=82.1s
  negatives seen=100.0%; hard negatives=0
Epoch 045 train: loss=0.0385 AUROC=0.9996 AUPRC=0.9959 BalAcc=0.9939 F1=0.9778 MCC=0.9756
Epoch 045 val  : loss=0.0229 AUROC=0.9984 AUPRC=0.9567 BalAcc=0.9848 F1=0.8272 MCC=0.8349
  learning_rate_used=1.785e-04; learning_rate_next=1.739e-04; elapsed=81.8s
  negatives seen=100.0%; hard negatives=0
Epoch 046 train: loss=0.0326 AUROC=0.9996 AUPRC=0.9949 BalAcc=0.9950 F1=0.9781 MCC=0.9760
Epoch 046 val  : loss=0.0253 AUROC=0.9988 AUPRC=0.9577 BalAcc=0.9873 F1=0.7759 MCC=0.7910
  learning_rate_used=1.739e-04; learning_rate_next=1.692e-04; elapsed=81.8s
  negatives seen=100.0%; hard negatives=0
Epoch 047 train: loss=0.0322 AUROC=0.9996 AUPRC=0.9948 BalAcc=0.9945 F1=0.9788 MCC=0.9768
Epoch 047 val  : loss=0.0260 AUROC=0.9986 AUPRC=0.9569 BalAcc=0.9873 F1=0.7740 MCC=0.7894
  learning_rate_used=1.692e-04; learning_rate_next=1.646e-04; elapsed=82.0s
  negatives seen=100.0%; hard negatives=0
Epoch 048 train: loss=0.0304 AUROC=0.9997 AUPRC=0.9959 BalAcc=0.9950 F1=0.9796 MCC=0.9777
Epoch 048 val  : loss=0.0253 AUROC=0.9987 AUPRC=0.9549 BalAcc=0.9846 F1=0.8127 MCC=0.8220
  learning_rate_used=1.646e-04; learning_rate_next=1.599e-04; elapsed=81.5s
  negatives seen=100.0%; hard negatives=0
Epoch 049 train: loss=0.0336 AUROC=0.9997 AUPRC=0.9967 BalAcc=0.9944 F1=0.9782 MCC=0.9761
Epoch 049 val  : loss=0.0248 AUROC=0.9986 AUPRC=0.9547 BalAcc=0.9780 F1=0.8478 MCC=0.8520
  learning_rate_used=1.599e-04; learning_rate_next=1.552e-04; elapsed=80.8s
  negatives seen=100.0%; hard negatives=0
Epoch 050 train: loss=0.0292 AUROC=0.9997 AUPRC=0.9970 BalAcc=0.9957 F1=0.9819 MCC=0.9802
Epoch 050 val  : loss=0.0297 AUROC=0.9986 AUPRC=0.9551 BalAcc=0.9656 F1=0.8788 MCC=0.8790
  learning_rate_used=1.552e-04; learning_rate_next=1.505e-04; elapsed=82.5s
  negatives seen=100.0%; hard negatives=0
Epoch 051 train: loss=0.0248 AUROC=0.9997 AUPRC=0.9964 BalAcc=0.9959 F1=0.9821 MCC=0.9804
Epoch 051 val  : loss=0.0257 AUROC=0.9988 AUPRC=0.9566 BalAcc=0.9776 F1=0.8578 MCC=0.8610
  learning_rate_used=1.505e-04; learning_rate_next=1.458e-04; elapsed=81.5s
  negatives seen=100.0%; hard negatives=0
Epoch 052 train: loss=0.0276 AUROC=0.9997 AUPRC=0.9959 BalAcc=0.9952 F1=0.9801 MCC=0.9782
Epoch 052 val  : loss=0.0244 AUROC=0.9988 AUPRC=0.9583 BalAcc=0.9835 F1=0.8337 MCC=0.8404
  learning_rate_used=1.458e-04; learning_rate_next=1.411e-04; elapsed=81.0s
  negatives seen=100.0%; hard negatives=0
Epoch 053 train: loss=0.0296 AUROC=0.9997 AUPRC=0.9959 BalAcc=0.9956 F1=0.9825 MCC=0.9808
Epoch 053 val  : loss=0.0241 AUROC=0.9988 AUPRC=0.9574 BalAcc=0.9803 F1=0.8534 MCC=0.8575
  learning_rate_used=1.411e-04; learning_rate_next=1.364e-04; elapsed=81.4s
  negatives seen=100.0%; hard negatives=0
Epoch 054 train: loss=0.0263 AUROC=0.9998 AUPRC=0.9973 BalAcc=0.9950 F1=0.9824 MCC=0.9806
Epoch 054 val  : loss=0.0292 AUROC=0.9988 AUPRC=0.9525 BalAcc=0.9677 F1=0.8768 MCC=0.8774
  learning_rate_used=1.364e-04; learning_rate_next=1.318e-04; elapsed=81.7s
  negatives seen=100.0%; hard negatives=0
Epoch 055 train: loss=0.0272 AUROC=0.9996 AUPRC=0.9946 BalAcc=0.9962 F1=0.9812 MCC=0.9794
Epoch 055 val  : loss=0.0272 AUROC=0.9987 AUPRC=0.9561 BalAcc=0.9753 F1=0.8684 MCC=0.8705
  learning_rate_used=1.318e-04; learning_rate_next=1.271e-04; elapsed=81.4s
  negatives seen=100.0%; hard negatives=0
Epoch 056 train: loss=0.0293 AUROC=0.9997 AUPRC=0.9957 BalAcc=0.9957 F1=0.9807 MCC=0.9789
Epoch 056 val  : loss=0.0260 AUROC=0.9987 AUPRC=0.9573 BalAcc=0.9807 F1=0.8457 MCC=0.8506
  learning_rate_used=1.271e-04; learning_rate_next=1.225e-04; elapsed=82.9s
  negatives seen=100.0%; hard negatives=0
Epoch 057 train: loss=0.0238 AUROC=0.9998 AUPRC=0.9976 BalAcc=0.9963 F1=0.9840 MCC=0.9825
Epoch 057 val  : loss=0.0284 AUROC=0.9988 AUPRC=0.9566 BalAcc=0.9756 F1=0.8724 MCC=0.8743
  learning_rate_used=1.225e-04; learning_rate_next=1.179e-04; elapsed=82.2s
Early stopping after 57 epochs.
Binary threshold: 0.963091 (strategy=val-mcc, validation_score=0.911842)
Validation-only run completed; frozen model: /data/projects/SFB_A03/jan/AT_TFBS/human301/runs/LEUTX/crossassay_archthalia_20261009_144503_1046783/GHTS_seed1/model_for_prediction.pt
LEUTX: GHTS -> GHTS
TEST LEUTX GHTS -> GHTS: loss=0.0251 AUROC=0.9981 AUPRC=0.9590 BalAcc=0.9668 F1=0.9083 MCC=0.9077
LEUTX: GHTS -> CHIP
TEST LEUTX GHTS -> CHIP: loss=0.6783 AUROC=0.6862 AUPRC=0.0303 BalAcc=0.5119 F1=0.0425 MCC=0.0530
Completed LEUTX/GHTS: one model, both fixed test sets.
