MGA: preparing /data/projects/SFB_A03/jan/AT_TFBS/raw_data/human/MGA/hum301_multitf_chr5_chr7/dataset.npz
Loaded train_positive: 10,437
Loaded train_negative: 1,043,700
Loaded test_positive: 8,313
Loaded test_negative: 831,300
{
  "train": {
    "positive": 8442,
    "negative": 844200,
    "total": 852642,
    "chromosomes": [
      "chr1",
      "chr11",
      "chr13",
      "chr15",
      "chr17",
      "chr19",
      "chr21",
      "chr3",
      "chr9"
    ],
    "sequences_with_N": 0,
    "max_N_fraction": 0.0,
    "mean_GC_fraction_ACGT_only": {
      "positive": 0.6023265258897728,
      "negative": 0.5343370593638358
    }
  },
  "validation": {
    "positive": 1995,
    "negative": 199500,
    "total": 201495,
    "chromosomes": [
      "chr5",
      "chr7"
    ],
    "sequences_with_N": 0,
    "max_N_fraction": 0.0,
    "mean_GC_fraction_ACGT_only": {
      "positive": 0.591014080050625,
      "negative": 0.5263069134630597
    }
  },
  "test": {
    "positive": 8313,
    "negative": 831300,
    "total": 839613,
    "chromosomes": [
      "chr10",
      "chr12",
      "chr14",
      "chr16",
      "chr18",
      "chr2",
      "chr20",
      "chr22",
      "chr4",
      "chr6",
      "chr8"
    ],
    "sequences_with_N": 1,
    "max_N_fraction": 0.0033222591362126247,
    "mean_GC_fraction_ACGT_only": {
      "positive": 0.5994412053117247,
      "negative": 0.5335921722091604
    }
  }
}
Sequence audit: {
  "train": {
    "duplicates_or_RC_duplicates_within_split": 23,
    "identical_or_RC_identical_sequences_with_both_labels": 0
  },
  "validation": {
    "duplicates_or_RC_duplicates_within_split": 5,
    "identical_or_RC_identical_sequences_with_both_labels": 0
  },
  "test": {
    "duplicates_or_RC_duplicates_within_split": 13,
    "identical_or_RC_identical_sequences_with_both_labels": 0
  },
  "train_validation_shared_sequences_or_RC": 0,
  "train_test_shared_sequences_or_RC": 5,
  "validation_test_shared_sequences_or_RC": 3
}
Saved: /data/projects/SFB_A03/jan/AT_TFBS/raw_data/human/MGA/hum301_multitf_chr5_chr7/dataset.npz
