TF=CTCF variant=local seed=2
/home/jbossenz/miniforge3/envs/at_env/bin/python -u /data/projects/SFB_A03/jan/AT_TFBS/human301/hum301_motif64_local.py train --cache /data/projects/SFB_A03/jan/AT_TFBS/raw_data/human/CTCF/hum301_multitf_chr5_chr7/dataset.npz --output-dir /data/projects/SFB_A03/jan/AT_TFBS/human301/runs/CTCF/multitf_20261006_033507_932031_local_seed2 --input-length 256 --embed-channels 64 --encoder-channels 80 96 128 --heads 4 --ffn-channels 256 --classification-readout local-logsumexp --task-mode classification --checkpoint-objective classification-auprc --threshold-strategy val-mcc --negatives-per-positive 10 --batch-size 88 --hard-negative-fraction 0 --epochs 100 --patience 20 --learning-rate 0.0003 --min-learning-rate 0.000001 --weight-decay 0.0001 --dropout 0.1 --activation relu --reverse-complement-probability 0.5 --eval-crops multi --eval-rc --no-balanced-evaluation --eval-batch-size 128 --num-workers 2 --seed 2 --device cuda
Window geometry: 256 bp from 301 bp; crop starts 0..45; shifts -22..+23; fresh uniform draw per access
Evaluation: crops (0, 22, 23, 45), reverse complement=True; all samples
train: n=4,464,503, positive=44,203, negative=4,420,300
  val: n=1,304,112, positive=12,912, negative=1,291,200
 test: n=5,206,247, positive=51,547, negative=5,154,700
Device: cuda
Hidden activation: RELU
Parameters: 1,032,981 total; 1,032,981 trainable
Architecture: motif kernels 9/12; encoder 128/64/64; original five-block bottleneck at 64; decoder 64/128/256
  negatives seen=10.0%; hard negatives=0
Epoch 001 train: loss=0.6187 AUROC=0.9269 AUPRC=0.7338 BalAcc=0.8577 F1=0.5675 MCC=0.5439
Epoch 001 val  : loss=0.1947 AUROC=0.9516 AUPRC=0.5449 BalAcc=0.8768 F1=0.2588 MCC=0.3388
  learning_rate_used=3.000e-04; learning_rate_next=2.999e-04; elapsed=596.7s
  saved new best checkpoint: /data/projects/SFB_A03/jan/AT_TFBS/human301/runs/CTCF/multitf_20261006_033507_932031_local_seed2/best_model.pt (objective=classification-auprc, score=0.544859)
  negatives seen=20.0%; hard negatives=0
Epoch 002 train: loss=0.5105 AUROC=0.9503 AUPRC=0.8065 BalAcc=0.8877 F1=0.6376 MCC=0.6175
Epoch 002 val  : loss=0.2032 AUROC=0.9606 AUPRC=0.6119 BalAcc=0.9045 F1=0.2357 MCC=0.3306
  learning_rate_used=2.999e-04; learning_rate_next=2.997e-04; elapsed=593.8s
  saved new best checkpoint: /data/projects/SFB_A03/jan/AT_TFBS/human301/runs/CTCF/multitf_20261006_033507_932031_local_seed2/best_model.pt (objective=classification-auprc, score=0.611889)
  negatives seen=30.0%; hard negatives=0
Epoch 003 train: loss=0.4717 AUROC=0.9573 AUPRC=0.8290 BalAcc=0.8989 F1=0.6639 MCC=0.6453
Epoch 003 val  : loss=0.1950 AUROC=0.9633 AUPRC=0.6275 BalAcc=0.9082 F1=0.2511 MCC=0.3446
  learning_rate_used=2.997e-04; learning_rate_next=2.993e-04; elapsed=594.1s
  saved new best checkpoint: /data/projects/SFB_A03/jan/AT_TFBS/human301/runs/CTCF/multitf_20261006_033507_932031_local_seed2/best_model.pt (objective=classification-auprc, score=0.627488)
  negatives seen=40.0%; hard negatives=0
Epoch 004 train: loss=0.4522 AUROC=0.9608 AUPRC=0.8411 BalAcc=0.9046 F1=0.6798 MCC=0.6617
Epoch 004 val  : loss=0.1648 AUROC=0.9654 AUPRC=0.6450 BalAcc=0.9102 F1=0.2910 MCC=0.3774
  learning_rate_used=2.993e-04; learning_rate_next=2.988e-04; elapsed=596.1s
  saved new best checkpoint: /data/projects/SFB_A03/jan/AT_TFBS/human301/runs/CTCF/multitf_20261006_033507_932031_local_seed2/best_model.pt (objective=classification-auprc, score=0.645033)
  negatives seen=50.0%; hard negatives=0
Epoch 005 train: loss=0.4364 AUROC=0.9634 AUPRC=0.8496 BalAcc=0.9084 F1=0.6888 MCC=0.6711
Epoch 005 val  : loss=0.1578 AUROC=0.9662 AUPRC=0.6370 BalAcc=0.9083 F1=0.2923 MCC=0.3777
  learning_rate_used=2.988e-04; learning_rate_next=2.982e-04; elapsed=595.0s
  negatives seen=60.0%; hard negatives=0
Epoch 006 train: loss=0.4279 AUROC=0.9648 AUPRC=0.8549 BalAcc=0.9109 F1=0.6970 MCC=0.6795
Epoch 006 val  : loss=0.1589 AUROC=0.9669 AUPRC=0.6444 BalAcc=0.9071 F1=0.3228 MCC=0.4012
  learning_rate_used=2.982e-04; learning_rate_next=2.974e-04; elapsed=596.0s
  negatives seen=70.0%; hard negatives=0
Epoch 007 train: loss=0.4175 AUROC=0.9663 AUPRC=0.8602 BalAcc=0.9133 F1=0.7035 MCC=0.6862
Epoch 007 val  : loss=0.1867 AUROC=0.9669 AUPRC=0.6548 BalAcc=0.9171 F1=0.2463 MCC=0.3440
  learning_rate_used=2.974e-04; learning_rate_next=2.964e-04; elapsed=594.8s
  saved new best checkpoint: /data/projects/SFB_A03/jan/AT_TFBS/human301/runs/CTCF/multitf_20261006_033507_932031_local_seed2/best_model.pt (objective=classification-auprc, score=0.654789)
  negatives seen=80.0%; hard negatives=0
Epoch 008 train: loss=0.4143 AUROC=0.9669 AUPRC=0.8623 BalAcc=0.9153 F1=0.7094 MCC=0.6923
Epoch 008 val  : loss=0.1481 AUROC=0.9675 AUPRC=0.6569 BalAcc=0.9065 F1=0.3566 MCC=0.4273
  learning_rate_used=2.964e-04; learning_rate_next=2.953e-04; elapsed=596.1s
  saved new best checkpoint: /data/projects/SFB_A03/jan/AT_TFBS/human301/runs/CTCF/multitf_20261006_033507_932031_local_seed2/best_model.pt (objective=classification-auprc, score=0.656901)
  negatives seen=90.0%; hard negatives=0
Epoch 009 train: loss=0.4078 AUROC=0.9679 AUPRC=0.8655 BalAcc=0.9164 F1=0.7132 MCC=0.6962
Epoch 009 val  : loss=0.1798 AUROC=0.9668 AUPRC=0.6631 BalAcc=0.9136 F1=0.3052 MCC=0.3900
  learning_rate_used=2.953e-04; learning_rate_next=2.941e-04; elapsed=593.4s
  saved new best checkpoint: /data/projects/SFB_A03/jan/AT_TFBS/human301/runs/CTCF/multitf_20261006_033507_932031_local_seed2/best_model.pt (objective=classification-auprc, score=0.663059)
  negatives seen=100.0%; hard negatives=0
Epoch 010 train: loss=0.3997 AUROC=0.9692 AUPRC=0.8692 BalAcc=0.9182 F1=0.7198 MCC=0.7028
Epoch 010 val  : loss=0.1964 AUROC=0.9683 AUPRC=0.6689 BalAcc=0.9185 F1=0.2476 MCC=0.3455
  learning_rate_used=2.941e-04; learning_rate_next=2.927e-04; elapsed=594.3s
  saved new best checkpoint: /data/projects/SFB_A03/jan/AT_TFBS/human301/runs/CTCF/multitf_20261006_033507_932031_local_seed2/best_model.pt (objective=classification-auprc, score=0.668892)
  negatives seen=100.0%; hard negatives=0
Epoch 011 train: loss=0.3977 AUROC=0.9693 AUPRC=0.8707 BalAcc=0.9189 F1=0.7222 MCC=0.7053
Epoch 011 val  : loss=0.1620 AUROC=0.9687 AUPRC=0.6614 BalAcc=0.9170 F1=0.2878 MCC=0.3775
  learning_rate_used=2.927e-04; learning_rate_next=2.912e-04; elapsed=597.6s
  negatives seen=100.0%; hard negatives=0
Epoch 012 train: loss=0.3934 AUROC=0.9699 AUPRC=0.8731 BalAcc=0.9201 F1=0.7264 MCC=0.7096
Epoch 012 val  : loss=0.1556 AUROC=0.9686 AUPRC=0.6672 BalAcc=0.9173 F1=0.2884 MCC=0.3782
  learning_rate_used=2.912e-04; learning_rate_next=2.895e-04; elapsed=598.0s
  negatives seen=100.0%; hard negatives=0
Epoch 013 train: loss=0.3884 AUROC=0.9707 AUPRC=0.8746 BalAcc=0.9213 F1=0.7284 MCC=0.7118
Epoch 013 val  : loss=0.1247 AUROC=0.9686 AUPRC=0.6543 BalAcc=0.9043 F1=0.3640 MCC=0.4322
  learning_rate_used=2.895e-04; learning_rate_next=2.877e-04; elapsed=596.1s
  negatives seen=100.0%; hard negatives=0
Epoch 014 train: loss=0.3868 AUROC=0.9710 AUPRC=0.8767 BalAcc=0.9217 F1=0.7311 MCC=0.7144
Epoch 014 val  : loss=0.1154 AUROC=0.9685 AUPRC=0.6531 BalAcc=0.8922 F1=0.4367 MCC=0.4834
  learning_rate_used=2.877e-04; learning_rate_next=2.858e-04; elapsed=595.9s
  negatives seen=100.0%; hard negatives=0
Epoch 015 train: loss=0.3818 AUROC=0.9719 AUPRC=0.8789 BalAcc=0.9219 F1=0.7320 MCC=0.7154
Epoch 015 val  : loss=0.1629 AUROC=0.9672 AUPRC=0.6702 BalAcc=0.9175 F1=0.2961 MCC=0.3843
  learning_rate_used=2.858e-04; learning_rate_next=2.837e-04; elapsed=596.0s
  saved new best checkpoint: /data/projects/SFB_A03/jan/AT_TFBS/human301/runs/CTCF/multitf_20261006_033507_932031_local_seed2/best_model.pt (objective=classification-auprc, score=0.670172)
  negatives seen=100.0%; hard negatives=0
Epoch 016 train: loss=0.3789 AUROC=0.9721 AUPRC=0.8802 BalAcc=0.9235 F1=0.7347 MCC=0.7184
Epoch 016 val  : loss=0.1486 AUROC=0.9699 AUPRC=0.6670 BalAcc=0.9169 F1=0.3054 MCC=0.3914
  learning_rate_used=2.837e-04; learning_rate_next=2.815e-04; elapsed=595.5s
  negatives seen=100.0%; hard negatives=0
Epoch 017 train: loss=0.3736 AUROC=0.9728 AUPRC=0.8823 BalAcc=0.9243 F1=0.7386 MCC=0.7222
Epoch 017 val  : loss=0.1340 AUROC=0.9704 AUPRC=0.6748 BalAcc=0.9161 F1=0.3317 MCC=0.4118
  learning_rate_used=2.815e-04; learning_rate_next=2.792e-04; elapsed=596.0s
  saved new best checkpoint: /data/projects/SFB_A03/jan/AT_TFBS/human301/runs/CTCF/multitf_20261006_033507_932031_local_seed2/best_model.pt (objective=classification-auprc, score=0.674801)
  negatives seen=100.0%; hard negatives=0
Epoch 018 train: loss=0.3738 AUROC=0.9729 AUPRC=0.8819 BalAcc=0.9241 F1=0.7380 MCC=0.7217
Epoch 018 val  : loss=0.1406 AUROC=0.9696 AUPRC=0.6764 BalAcc=0.9105 F1=0.3635 MCC=0.4342
  learning_rate_used=2.792e-04; learning_rate_next=2.767e-04; elapsed=596.0s
  saved new best checkpoint: /data/projects/SFB_A03/jan/AT_TFBS/human301/runs/CTCF/multitf_20261006_033507_932031_local_seed2/best_model.pt (objective=classification-auprc, score=0.676411)
  negatives seen=100.0%; hard negatives=0
Epoch 019 train: loss=0.3725 AUROC=0.9730 AUPRC=0.8824 BalAcc=0.9249 F1=0.7396 MCC=0.7234
Epoch 019 val  : loss=0.1199 AUROC=0.9690 AUPRC=0.6754 BalAcc=0.9038 F1=0.3957 MCC=0.4564
  learning_rate_used=2.767e-04; learning_rate_next=2.741e-04; elapsed=593.4s
  negatives seen=100.0%; hard negatives=0
Epoch 020 train: loss=0.3671 AUROC=0.9739 AUPRC=0.8843 BalAcc=0.9259 F1=0.7416 MCC=0.7256
Epoch 020 val  : loss=0.1209 AUROC=0.9695 AUPRC=0.6805 BalAcc=0.9094 F1=0.3815 MCC=0.4477
  learning_rate_used=2.741e-04; learning_rate_next=2.714e-04; elapsed=596.8s
  saved new best checkpoint: /data/projects/SFB_A03/jan/AT_TFBS/human301/runs/CTCF/multitf_20261006_033507_932031_local_seed2/best_model.pt (objective=classification-auprc, score=0.680470)
  negatives seen=100.0%; hard negatives=0
Epoch 021 train: loss=0.3661 AUROC=0.9741 AUPRC=0.8844 BalAcc=0.9266 F1=0.7431 MCC=0.7272
Epoch 021 val  : loss=0.1175 AUROC=0.9681 AUPRC=0.6729 BalAcc=0.8952 F1=0.4451 MCC=0.4911
  learning_rate_used=2.714e-04; learning_rate_next=2.686e-04; elapsed=596.1s
  negatives seen=100.0%; hard negatives=0
Epoch 022 train: loss=0.3636 AUROC=0.9743 AUPRC=0.8869 BalAcc=0.9269 F1=0.7438 MCC=0.7280
Epoch 022 val  : loss=0.1317 AUROC=0.9676 AUPRC=0.6751 BalAcc=0.9098 F1=0.3764 MCC=0.4440
  learning_rate_used=2.686e-04; learning_rate_next=2.657e-04; elapsed=595.7s
  negatives seen=100.0%; hard negatives=0
Epoch 023 train: loss=0.3606 AUROC=0.9747 AUPRC=0.8885 BalAcc=0.9276 F1=0.7491 MCC=0.7331
Epoch 023 val  : loss=0.1507 AUROC=0.9690 AUPRC=0.6737 BalAcc=0.9129 F1=0.3443 MCC=0.4203
  learning_rate_used=2.657e-04; learning_rate_next=2.626e-04; elapsed=596.6s
  negatives seen=100.0%; hard negatives=0
Epoch 024 train: loss=0.3566 AUROC=0.9752 AUPRC=0.8896 BalAcc=0.9282 F1=0.7494 MCC=0.7336
Epoch 024 val  : loss=0.1192 AUROC=0.9704 AUPRC=0.6801 BalAcc=0.9075 F1=0.3944 MCC=0.4569
  learning_rate_used=2.626e-04; learning_rate_next=2.595e-04; elapsed=595.2s
  negatives seen=100.0%; hard negatives=0
Epoch 025 train: loss=0.3592 AUROC=0.9752 AUPRC=0.8873 BalAcc=0.9279 F1=0.7463 MCC=0.7306
Epoch 025 val  : loss=0.1318 AUROC=0.9668 AUPRC=0.6735 BalAcc=0.9078 F1=0.3744 MCC=0.4416
  learning_rate_used=2.595e-04; learning_rate_next=2.562e-04; elapsed=594.3s
  negatives seen=100.0%; hard negatives=0
Epoch 026 train: loss=0.3557 AUROC=0.9755 AUPRC=0.8894 BalAcc=0.9287 F1=0.7499 MCC=0.7342
Epoch 026 val  : loss=0.1222 AUROC=0.9698 AUPRC=0.6814 BalAcc=0.9066 F1=0.3982 MCC=0.4594
  learning_rate_used=2.562e-04; learning_rate_next=2.528e-04; elapsed=595.3s
  saved new best checkpoint: /data/projects/SFB_A03/jan/AT_TFBS/human301/runs/CTCF/multitf_20261006_033507_932031_local_seed2/best_model.pt (objective=classification-auprc, score=0.681438)
  negatives seen=100.0%; hard negatives=0
Epoch 027 train: loss=0.3526 AUROC=0.9759 AUPRC=0.8916 BalAcc=0.9292 F1=0.7539 MCC=0.7381
Epoch 027 val  : loss=0.1279 AUROC=0.9705 AUPRC=0.6853 BalAcc=0.9131 F1=0.3711 MCC=0.4412
  learning_rate_used=2.528e-04; learning_rate_next=2.494e-04; elapsed=596.0s
  saved new best checkpoint: /data/projects/SFB_A03/jan/AT_TFBS/human301/runs/CTCF/multitf_20261006_033507_932031_local_seed2/best_model.pt (objective=classification-auprc, score=0.685349)
  negatives seen=100.0%; hard negatives=0
Epoch 028 train: loss=0.3503 AUROC=0.9764 AUPRC=0.8925 BalAcc=0.9295 F1=0.7556 MCC=0.7399
Epoch 028 val  : loss=0.1151 AUROC=0.9683 AUPRC=0.6722 BalAcc=0.8944 F1=0.4552 MCC=0.4986
  learning_rate_used=2.494e-04; learning_rate_next=2.458e-04; elapsed=597.7s
  negatives seen=100.0%; hard negatives=0
Epoch 029 train: loss=0.3485 AUROC=0.9766 AUPRC=0.8924 BalAcc=0.9299 F1=0.7555 MCC=0.7398
Epoch 029 val  : loss=0.1551 AUROC=0.9700 AUPRC=0.6820 BalAcc=0.9193 F1=0.3083 MCC=0.3947
  learning_rate_used=2.458e-04; learning_rate_next=2.421e-04; elapsed=594.7s
  negatives seen=100.0%; hard negatives=0
Epoch 030 train: loss=0.3456 AUROC=0.9772 AUPRC=0.8944 BalAcc=0.9309 F1=0.7564 MCC=0.7410
Epoch 030 val  : loss=0.1398 AUROC=0.9688 AUPRC=0.6808 BalAcc=0.9115 F1=0.3676 MCC=0.4378
  learning_rate_used=2.421e-04; learning_rate_next=2.384e-04; elapsed=597.4s
  negatives seen=100.0%; hard negatives=0
Epoch 031 train: loss=0.3426 AUROC=0.9775 AUPRC=0.8953 BalAcc=0.9312 F1=0.7589 MCC=0.7434
Epoch 031 val  : loss=0.1157 AUROC=0.9696 AUPRC=0.6826 BalAcc=0.9058 F1=0.4171 MCC=0.4737
  learning_rate_used=2.384e-04; learning_rate_next=2.345e-04; elapsed=595.6s
  negatives seen=100.0%; hard negatives=0
Epoch 032 train: loss=0.3418 AUROC=0.9776 AUPRC=0.8953 BalAcc=0.9316 F1=0.7616 MCC=0.7461
Epoch 032 val  : loss=0.1396 AUROC=0.9700 AUPRC=0.6850 BalAcc=0.9159 F1=0.3420 MCC=0.4197
  learning_rate_used=2.345e-04; learning_rate_next=2.306e-04; elapsed=595.4s
  negatives seen=100.0%; hard negatives=0
Epoch 033 train: loss=0.3404 AUROC=0.9778 AUPRC=0.8957 BalAcc=0.9319 F1=0.7613 MCC=0.7459
Epoch 033 val  : loss=0.1139 AUROC=0.9703 AUPRC=0.6830 BalAcc=0.9027 F1=0.4220 MCC=0.4762
  learning_rate_used=2.306e-04; learning_rate_next=2.266e-04; elapsed=596.0s
  negatives seen=100.0%; hard negatives=0
Epoch 034 train: loss=0.3377 AUROC=0.9783 AUPRC=0.8965 BalAcc=0.9327 F1=0.7633 MCC=0.7480
Epoch 034 val  : loss=0.1102 AUROC=0.9699 AUPRC=0.6843 BalAcc=0.9007 F1=0.4428 MCC=0.4915
  learning_rate_used=2.266e-04; learning_rate_next=2.225e-04; elapsed=596.7s
  negatives seen=100.0%; hard negatives=0
Epoch 035 train: loss=0.3345 AUROC=0.9785 AUPRC=0.8991 BalAcc=0.9337 F1=0.7663 MCC=0.7512
Epoch 035 val  : loss=0.1135 AUROC=0.9696 AUPRC=0.6819 BalAcc=0.9019 F1=0.4358 MCC=0.4866
  learning_rate_used=2.225e-04; learning_rate_next=2.184e-04; elapsed=596.0s
  negatives seen=100.0%; hard negatives=0
Epoch 036 train: loss=0.3372 AUROC=0.9783 AUPRC=0.8976 BalAcc=0.9331 F1=0.7659 MCC=0.7506
Epoch 036 val  : loss=0.1372 AUROC=0.9691 AUPRC=0.6853 BalAcc=0.9146 F1=0.3526 MCC=0.4275
  learning_rate_used=2.184e-04; learning_rate_next=2.142e-04; elapsed=595.4s
  negatives seen=100.0%; hard negatives=0
Epoch 037 train: loss=0.3308 AUROC=0.9791 AUPRC=0.9000 BalAcc=0.9342 F1=0.7695 MCC=0.7544
Epoch 037 val  : loss=0.1328 AUROC=0.9696 AUPRC=0.6832 BalAcc=0.9141 F1=0.3595 MCC=0.4326
  learning_rate_used=2.142e-04; learning_rate_next=2.099e-04; elapsed=597.5s
  negatives seen=100.0%; hard negatives=0
Epoch 038 train: loss=0.3287 AUROC=0.9794 AUPRC=0.9004 BalAcc=0.9351 F1=0.7701 MCC=0.7552
Epoch 038 val  : loss=0.1214 AUROC=0.9697 AUPRC=0.6797 BalAcc=0.9067 F1=0.3976 MCC=0.4590
  learning_rate_used=2.099e-04; learning_rate_next=2.055e-04; elapsed=596.0s
  negatives seen=100.0%; hard negatives=0
Epoch 039 train: loss=0.3275 AUROC=0.9796 AUPRC=0.8999 BalAcc=0.9345 F1=0.7694 MCC=0.7543
Epoch 039 val  : loss=0.1261 AUROC=0.9699 AUPRC=0.6826 BalAcc=0.9105 F1=0.3763 MCC=0.4442
  learning_rate_used=2.055e-04; learning_rate_next=2.011e-04; elapsed=593.4s
  negatives seen=100.0%; hard negatives=0
Epoch 040 train: loss=0.3249 AUROC=0.9800 AUPRC=0.9020 BalAcc=0.9354 F1=0.7719 MCC=0.7570
Epoch 040 val  : loss=0.1291 AUROC=0.9697 AUPRC=0.6832 BalAcc=0.9109 F1=0.3790 MCC=0.4464
  learning_rate_used=2.011e-04; learning_rate_next=1.967e-04; elapsed=595.4s
  negatives seen=100.0%; hard negatives=0
Epoch 041 train: loss=0.3239 AUROC=0.9801 AUPRC=0.9023 BalAcc=0.9359 F1=0.7735 MCC=0.7586
Epoch 041 val  : loss=0.1285 AUROC=0.9687 AUPRC=0.6789 BalAcc=0.9060 F1=0.3964 MCC=0.4578
  learning_rate_used=1.967e-04; learning_rate_next=1.922e-04; elapsed=594.8s
  negatives seen=100.0%; hard negatives=0
Epoch 042 train: loss=0.3206 AUROC=0.9807 AUPRC=0.9038 BalAcc=0.9366 F1=0.7760 MCC=0.7612
Epoch 042 val  : loss=0.1203 AUROC=0.9702 AUPRC=0.6857 BalAcc=0.9112 F1=0.3896 MCC=0.4547
  learning_rate_used=1.922e-04; learning_rate_next=1.877e-04; elapsed=594.9s
  saved new best checkpoint: /data/projects/SFB_A03/jan/AT_TFBS/human301/runs/CTCF/multitf_20261006_033507_932031_local_seed2/best_model.pt (objective=classification-auprc, score=0.685710)
  negatives seen=100.0%; hard negatives=0
Epoch 043 train: loss=0.3191 AUROC=0.9808 AUPRC=0.9041 BalAcc=0.9368 F1=0.7757 MCC=0.7610
Epoch 043 val  : loss=0.1304 AUROC=0.9681 AUPRC=0.6790 BalAcc=0.9071 F1=0.3884 MCC=0.4521
  learning_rate_used=1.877e-04; learning_rate_next=1.831e-04; elapsed=596.0s
  negatives seen=100.0%; hard negatives=0
Epoch 044 train: loss=0.3174 AUROC=0.9811 AUPRC=0.9046 BalAcc=0.9365 F1=0.7759 MCC=0.7610
Epoch 044 val  : loss=0.1232 AUROC=0.9680 AUPRC=0.6805 BalAcc=0.9072 F1=0.4003 MCC=0.4613
  learning_rate_used=1.831e-04; learning_rate_next=1.785e-04; elapsed=597.0s
  negatives seen=100.0%; hard negatives=0
Epoch 045 train: loss=0.3168 AUROC=0.9813 AUPRC=0.9049 BalAcc=0.9367 F1=0.7761 MCC=0.7613
Epoch 045 val  : loss=0.1117 AUROC=0.9691 AUPRC=0.6848 BalAcc=0.8993 F1=0.4438 MCC=0.4917
  learning_rate_used=1.785e-04; learning_rate_next=1.739e-04; elapsed=595.0s
  negatives seen=100.0%; hard negatives=0
Epoch 046 train: loss=0.3112 AUROC=0.9820 AUPRC=0.9071 BalAcc=0.9387 F1=0.7818 MCC=0.7673
Epoch 046 val  : loss=0.1166 AUROC=0.9679 AUPRC=0.6862 BalAcc=0.9044 F1=0.4208 MCC=0.4760
  learning_rate_used=1.739e-04; learning_rate_next=1.692e-04; elapsed=596.1s
  saved new best checkpoint: /data/projects/SFB_A03/jan/AT_TFBS/human301/runs/CTCF/multitf_20261006_033507_932031_local_seed2/best_model.pt (objective=classification-auprc, score=0.686171)
  negatives seen=100.0%; hard negatives=0
Epoch 047 train: loss=0.3130 AUROC=0.9818 AUPRC=0.9066 BalAcc=0.9376 F1=0.7811 MCC=0.7663
Epoch 047 val  : loss=0.1217 AUROC=0.9690 AUPRC=0.6861 BalAcc=0.9099 F1=0.3955 MCC=0.4587
  learning_rate_used=1.692e-04; learning_rate_next=1.646e-04; elapsed=595.9s
  negatives seen=100.0%; hard negatives=0
Epoch 048 train: loss=0.3105 AUROC=0.9821 AUPRC=0.9075 BalAcc=0.9386 F1=0.7819 MCC=0.7674
Epoch 048 val  : loss=0.1260 AUROC=0.9661 AUPRC=0.6746 BalAcc=0.8987 F1=0.4176 MCC=0.4712
  learning_rate_used=1.646e-04; learning_rate_next=1.599e-04; elapsed=596.9s
  negatives seen=100.0%; hard negatives=0
Epoch 049 train: loss=0.3057 AUROC=0.9827 AUPRC=0.9091 BalAcc=0.9394 F1=0.7847 MCC=0.7703
Epoch 049 val  : loss=0.1084 AUROC=0.9696 AUPRC=0.6857 BalAcc=0.8973 F1=0.4560 MCC=0.5004
  learning_rate_used=1.599e-04; learning_rate_next=1.552e-04; elapsed=595.8s
  negatives seen=100.0%; hard negatives=0
Epoch 050 train: loss=0.3044 AUROC=0.9829 AUPRC=0.9098 BalAcc=0.9402 F1=0.7891 MCC=0.7747
Epoch 050 val  : loss=0.1340 AUROC=0.9689 AUPRC=0.6838 BalAcc=0.9138 F1=0.3659 MCC=0.4374
  learning_rate_used=1.552e-04; learning_rate_next=1.505e-04; elapsed=597.3s
  negatives seen=100.0%; hard negatives=0
Epoch 051 train: loss=0.3011 AUROC=0.9834 AUPRC=0.9107 BalAcc=0.9403 F1=0.7874 MCC=0.7731
Epoch 051 val  : loss=0.1103 AUROC=0.9688 AUPRC=0.6857 BalAcc=0.8988 F1=0.4526 MCC=0.4983
  learning_rate_used=1.505e-04; learning_rate_next=1.458e-04; elapsed=597.5s
  negatives seen=100.0%; hard negatives=0
Epoch 052 train: loss=0.3020 AUROC=0.9833 AUPRC=0.9111 BalAcc=0.9401 F1=0.7874 MCC=0.7730
Epoch 052 val  : loss=0.1243 AUROC=0.9679 AUPRC=0.6865 BalAcc=0.9094 F1=0.3893 MCC=0.4537
  learning_rate_used=1.458e-04; learning_rate_next=1.411e-04; elapsed=595.4s
  saved new best checkpoint: /data/projects/SFB_A03/jan/AT_TFBS/human301/runs/CTCF/multitf_20261006_033507_932031_local_seed2/best_model.pt (objective=classification-auprc, score=0.686462)
  negatives seen=100.0%; hard negatives=0
Epoch 053 train: loss=0.2994 AUROC=0.9836 AUPRC=0.9111 BalAcc=0.9406 F1=0.7885 MCC=0.7742
Epoch 053 val  : loss=0.1125 AUROC=0.9688 AUPRC=0.6839 BalAcc=0.9024 F1=0.4361 MCC=0.4870
  learning_rate_used=1.411e-04; learning_rate_next=1.364e-04; elapsed=596.3s
  negatives seen=100.0%; hard negatives=0
Epoch 054 train: loss=0.2965 AUROC=0.9839 AUPRC=0.9127 BalAcc=0.9416 F1=0.7928 MCC=0.7786
Epoch 054 val  : loss=0.1266 AUROC=0.9685 AUPRC=0.6838 BalAcc=0.9109 F1=0.3816 MCC=0.4484
  learning_rate_used=1.364e-04; learning_rate_next=1.318e-04; elapsed=597.3s
  negatives seen=100.0%; hard negatives=0
Epoch 055 train: loss=0.2937 AUROC=0.9843 AUPRC=0.9133 BalAcc=0.9420 F1=0.7932 MCC=0.7791
Epoch 055 val  : loss=0.1129 AUROC=0.9678 AUPRC=0.6821 BalAcc=0.8999 F1=0.4446 MCC=0.4926
  learning_rate_used=1.318e-04; learning_rate_next=1.271e-04; elapsed=597.3s
  negatives seen=100.0%; hard negatives=0
Epoch 056 train: loss=0.2931 AUROC=0.9843 AUPRC=0.9132 BalAcc=0.9423 F1=0.7935 MCC=0.7795
Epoch 056 val  : loss=0.1142 AUROC=0.9653 AUPRC=0.6799 BalAcc=0.8961 F1=0.4546 MCC=0.4988
  learning_rate_used=1.271e-04; learning_rate_next=1.225e-04; elapsed=597.9s
  negatives seen=100.0%; hard negatives=0
Epoch 057 train: loss=0.2924 AUROC=0.9846 AUPRC=0.9138 BalAcc=0.9426 F1=0.7934 MCC=0.7795
Epoch 057 val  : loss=0.1177 AUROC=0.9689 AUPRC=0.6871 BalAcc=0.9071 F1=0.4088 MCC=0.4678
  learning_rate_used=1.225e-04; learning_rate_next=1.179e-04; elapsed=599.6s
  saved new best checkpoint: /data/projects/SFB_A03/jan/AT_TFBS/human301/runs/CTCF/multitf_20261006_033507_932031_local_seed2/best_model.pt (objective=classification-auprc, score=0.687084)
  negatives seen=100.0%; hard negatives=0
Epoch 058 train: loss=0.2900 AUROC=0.9848 AUPRC=0.9142 BalAcc=0.9424 F1=0.7951 MCC=0.7811
Epoch 058 val  : loss=0.1116 AUROC=0.9678 AUPRC=0.6847 BalAcc=0.8982 F1=0.4596 MCC=0.5035
  learning_rate_used=1.179e-04; learning_rate_next=1.133e-04; elapsed=598.9s
  negatives seen=100.0%; hard negatives=0
Epoch 059 train: loss=0.2869 AUROC=0.9852 AUPRC=0.9160 BalAcc=0.9433 F1=0.7967 MCC=0.7828
Epoch 059 val  : loss=0.1113 AUROC=0.9663 AUPRC=0.6804 BalAcc=0.8933 F1=0.4660 MCC=0.5066
  learning_rate_used=1.133e-04; learning_rate_next=1.088e-04; elapsed=601.4s
  negatives seen=100.0%; hard negatives=0
Epoch 060 train: loss=0.2886 AUROC=0.9851 AUPRC=0.9150 BalAcc=0.9434 F1=0.7973 MCC=0.7834
Epoch 060 val  : loss=0.1323 AUROC=0.9636 AUPRC=0.6771 BalAcc=0.9031 F1=0.3914 MCC=0.4528
  learning_rate_used=1.088e-04; learning_rate_next=1.043e-04; elapsed=598.0s
  negatives seen=100.0%; hard negatives=0
Epoch 061 train: loss=0.2850 AUROC=0.9853 AUPRC=0.9164 BalAcc=0.9441 F1=0.7996 MCC=0.7858
Epoch 061 val  : loss=0.1169 AUROC=0.9676 AUPRC=0.6813 BalAcc=0.9020 F1=0.4289 MCC=0.4813
  learning_rate_used=1.043e-04; learning_rate_next=9.986e-05; elapsed=598.9s
  negatives seen=100.0%; hard negatives=0
Epoch 062 train: loss=0.2820 AUROC=0.9857 AUPRC=0.9164 BalAcc=0.9449 F1=0.8015 MCC=0.7878
Epoch 062 val  : loss=0.1151 AUROC=0.9666 AUPRC=0.6818 BalAcc=0.8984 F1=0.4464 MCC=0.4933
  learning_rate_used=9.986e-05; learning_rate_next=9.547e-05; elapsed=597.9s
  negatives seen=100.0%; hard negatives=0
Epoch 063 train: loss=0.2774 AUROC=0.9863 AUPRC=0.9190 BalAcc=0.9452 F1=0.8040 MCC=0.7904
Epoch 063 val  : loss=0.1162 AUROC=0.9666 AUPRC=0.6819 BalAcc=0.9009 F1=0.4317 MCC=0.4830
  learning_rate_used=9.547e-05; learning_rate_next=9.113e-05; elapsed=599.2s
  negatives seen=100.0%; hard negatives=0
Epoch 064 train: loss=0.2782 AUROC=0.9863 AUPRC=0.9186 BalAcc=0.9455 F1=0.8038 MCC=0.7902
Epoch 064 val  : loss=0.1185 AUROC=0.9657 AUPRC=0.6811 BalAcc=0.9001 F1=0.4321 MCC=0.4830
  learning_rate_used=9.113e-05; learning_rate_next=8.685e-05; elapsed=598.8s
  negatives seen=100.0%; hard negatives=0
Epoch 065 train: loss=0.2757 AUROC=0.9865 AUPRC=0.9193 BalAcc=0.9461 F1=0.8072 MCC=0.7936
Epoch 065 val  : loss=0.1137 AUROC=0.9666 AUPRC=0.6829 BalAcc=0.8994 F1=0.4412 MCC=0.4898
  learning_rate_used=8.685e-05; learning_rate_next=8.263e-05; elapsed=600.1s
  negatives seen=100.0%; hard negatives=0
Epoch 066 train: loss=0.2722 AUROC=0.9868 AUPRC=0.9212 BalAcc=0.9467 F1=0.8093 MCC=0.7959
Epoch 066 val  : loss=0.1182 AUROC=0.9666 AUPRC=0.6851 BalAcc=0.9031 F1=0.4291 MCC=0.4819
  learning_rate_used=8.263e-05; learning_rate_next=7.848e-05; elapsed=596.2s
  negatives seen=100.0%; hard negatives=0
Epoch 067 train: loss=0.2732 AUROC=0.9868 AUPRC=0.9204 BalAcc=0.9461 F1=0.8065 MCC=0.7930
Epoch 067 val  : loss=0.1080 AUROC=0.9674 AUPRC=0.6865 BalAcc=0.8908 F1=0.4965 MCC=0.5295
  learning_rate_used=7.848e-05; learning_rate_next=7.440e-05; elapsed=598.0s
  negatives seen=100.0%; hard negatives=0
Epoch 068 train: loss=0.2714 AUROC=0.9870 AUPRC=0.9207 BalAcc=0.9467 F1=0.8080 MCC=0.7946
Epoch 068 val  : loss=0.1147 AUROC=0.9672 AUPRC=0.6828 BalAcc=0.8997 F1=0.4458 MCC=0.4934
  learning_rate_used=7.440e-05; learning_rate_next=7.039e-05; elapsed=600.1s
  negatives seen=100.0%; hard negatives=0
Epoch 069 train: loss=0.2688 AUROC=0.9871 AUPRC=0.9223 BalAcc=0.9477 F1=0.8112 MCC=0.7979
Epoch 069 val  : loss=0.1153 AUROC=0.9663 AUPRC=0.6810 BalAcc=0.8996 F1=0.4398 MCC=0.4887
  learning_rate_used=7.039e-05; learning_rate_next=6.647e-05; elapsed=595.8s
  negatives seen=100.0%; hard negatives=0
Epoch 070 train: loss=0.2693 AUROC=0.9873 AUPRC=0.9212 BalAcc=0.9471 F1=0.8099 MCC=0.7965
Epoch 070 val  : loss=0.1165 AUROC=0.9666 AUPRC=0.6843 BalAcc=0.9022 F1=0.4369 MCC=0.4875
  learning_rate_used=6.647e-05; learning_rate_next=6.263e-05; elapsed=599.0s
  negatives seen=100.0%; hard negatives=0
Epoch 071 train: loss=0.2664 AUROC=0.9876 AUPRC=0.9235 BalAcc=0.9485 F1=0.8141 MCC=0.8010
Epoch 071 val  : loss=0.1104 AUROC=0.9658 AUPRC=0.6830 BalAcc=0.8928 F1=0.4802 MCC=0.5174
  learning_rate_used=6.263e-05; learning_rate_next=5.887e-05; elapsed=606.6s
  negatives seen=100.0%; hard negatives=0
Epoch 072 train: loss=0.2652 AUROC=0.9876 AUPRC=0.9228 BalAcc=0.9482 F1=0.8128 MCC=0.7997
Epoch 072 val  : loss=0.1152 AUROC=0.9669 AUPRC=0.6841 BalAcc=0.8999 F1=0.4450 MCC=0.4929
  learning_rate_used=5.887e-05; learning_rate_next=5.521e-05; elapsed=610.2s
  negatives seen=100.0%; hard negatives=0
Epoch 073 train: loss=0.2619 AUROC=0.9880 AUPRC=0.9237 BalAcc=0.9482 F1=0.8142 MCC=0.8010
Epoch 073 val  : loss=0.1133 AUROC=0.9672 AUPRC=0.6837 BalAcc=0.8993 F1=0.4471 MCC=0.4942
  learning_rate_used=5.521e-05; learning_rate_next=5.163e-05; elapsed=602.2s
  negatives seen=100.0%; hard negatives=0
Epoch 074 train: loss=0.2626 AUROC=0.9880 AUPRC=0.9248 BalAcc=0.9485 F1=0.8139 MCC=0.8008
Epoch 074 val  : loss=0.1166 AUROC=0.9653 AUPRC=0.6835 BalAcc=0.9003 F1=0.4397 MCC=0.4889
  learning_rate_used=5.163e-05; learning_rate_next=4.816e-05; elapsed=598.2s
  negatives seen=100.0%; hard negatives=0
Epoch 075 train: loss=0.2588 AUROC=0.9883 AUPRC=0.9255 BalAcc=0.9493 F1=0.8169 MCC=0.8039
Epoch 075 val  : loss=0.1140 AUROC=0.9639 AUPRC=0.6806 BalAcc=0.8932 F1=0.4664 MCC=0.5069
  learning_rate_used=4.816e-05; learning_rate_next=4.479e-05; elapsed=595.3s
  negatives seen=100.0%; hard negatives=0
Epoch 076 train: loss=0.2565 AUROC=0.9885 AUPRC=0.9249 BalAcc=0.9500 F1=0.8175 MCC=0.8047
Epoch 076 val  : loss=0.1125 AUROC=0.9655 AUPRC=0.6816 BalAcc=0.8930 F1=0.4707 MCC=0.5101
  learning_rate_used=4.479e-05; learning_rate_next=4.152e-05; elapsed=596.7s
  negatives seen=100.0%; hard negatives=0
Epoch 077 train: loss=0.2564 AUROC=0.9887 AUPRC=0.9262 BalAcc=0.9500 F1=0.8197 MCC=0.8068
Epoch 077 val  : loss=0.1156 AUROC=0.9655 AUPRC=0.6811 BalAcc=0.8975 F1=0.4440 MCC=0.4911
  learning_rate_used=4.152e-05; learning_rate_next=3.836e-05; elapsed=596.0s
Early stopping after 77 epochs.
Binary threshold: 0.978297 (strategy=val-mcc, validation_score=0.643000)
TEST chr10,chr12,chr14,chr16,chr18,chr2,chr20,chr22,chr4,chr6,chr8: loss=0.1441 AUROC=0.9659 AUPRC=0.6656 BalAcc=0.7934 F1=0.6258 MCC=0.6235
Outputs written to /data/projects/SFB_A03/jan/AT_TFBS/human301/runs/CTCF/multitf_20261006_033507_932031_local_seed2
Binary predictions: binary_classification_results.tsv
Binary metrics: binary_classification_metrics.json
ROC plot: roc_curve.png
Precision-recall plot: precision_recall_curve.png
Confusion matrix: binary_confusion_matrix.tsv
