TF=MYF6 variant=local seed=2
/home/jbossenz/miniforge3/envs/at_env/bin/python -u /data/projects/SFB_A03/jan/AT_TFBS/human301/hum301_motif64_local.py train --cache /data/projects/SFB_A03/jan/AT_TFBS/raw_data/human/MYF6/hum301_multitf_chr5_chr7/dataset.npz --output-dir /data/projects/SFB_A03/jan/AT_TFBS/human301/runs/MYF6/multitf_20261006_033507_932031_local_seed2 --input-length 256 --embed-channels 64 --encoder-channels 80 96 128 --heads 4 --ffn-channels 256 --classification-readout local-logsumexp --task-mode classification --checkpoint-objective classification-auprc --threshold-strategy val-mcc --negatives-per-positive 10 --batch-size 88 --hard-negative-fraction 0 --epochs 100 --patience 20 --learning-rate 0.0003 --min-learning-rate 0.000001 --weight-decay 0.0001 --dropout 0.1 --activation relu --reverse-complement-probability 0.5 --eval-crops multi --eval-rc --no-balanced-evaluation --eval-batch-size 128 --num-workers 2 --seed 2 --device cuda
Window geometry: 256 bp from 301 bp; crop starts 0..45; shifts -22..+23; fresh uniform draw per access
Evaluation: crops (0, 22, 23, 45), reverse complement=True; all samples
train: n=3,222,304, positive=31,904, negative=3,190,400
  val: n=786,891, positive=7,791, negative=779,100
 test: n=3,353,604, positive=33,204, negative=3,320,400
Device: cuda
Hidden activation: RELU
Parameters: 1,032,981 total; 1,032,981 trainable
Architecture: motif kernels 9/12; encoder 128/64/64; original five-block bottleneck at 64; decoder 64/128/256
  negatives seen=10.0%; hard negatives=0
Epoch 001 train: loss=0.6503 AUROC=0.9226 AUPRC=0.6283 BalAcc=0.8515 F1=0.5222 MCC=0.5035
Epoch 001 val  : loss=0.3687 AUROC=0.9422 AUPRC=0.2963 BalAcc=0.8760 F1=0.1157 MCC=0.2135
  learning_rate_used=3.000e-04; learning_rate_next=2.999e-04; elapsed=365.5s
  saved new best checkpoint: /data/projects/SFB_A03/jan/AT_TFBS/human301/runs/MYF6/multitf_20261006_033507_932031_local_seed2/best_model.pt (objective=classification-auprc, score=0.296338)
  negatives seen=20.0%; hard negatives=0
Epoch 002 train: loss=0.5716 AUROC=0.9402 AUPRC=0.6983 BalAcc=0.8730 F1=0.5714 MCC=0.5544
Epoch 002 val  : loss=0.3206 AUROC=0.9432 AUPRC=0.3109 BalAcc=0.8787 F1=0.1235 MCC=0.2220
  learning_rate_used=2.999e-04; learning_rate_next=2.997e-04; elapsed=363.5s
  saved new best checkpoint: /data/projects/SFB_A03/jan/AT_TFBS/human301/runs/MYF6/multitf_20261006_033507_932031_local_seed2/best_model.pt (objective=classification-auprc, score=0.310916)
  negatives seen=30.0%; hard negatives=0
Epoch 003 train: loss=0.5482 AUROC=0.9449 AUPRC=0.7213 BalAcc=0.8799 F1=0.5876 MCC=0.5712
Epoch 003 val  : loss=0.2513 AUROC=0.9497 AUPRC=0.3341 BalAcc=0.8840 F1=0.1699 MCC=0.2669
  learning_rate_used=2.997e-04; learning_rate_next=2.993e-04; elapsed=365.7s
  saved new best checkpoint: /data/projects/SFB_A03/jan/AT_TFBS/human301/runs/MYF6/multitf_20261006_033507_932031_local_seed2/best_model.pt (objective=classification-auprc, score=0.334078)
  negatives seen=40.0%; hard negatives=0
Epoch 004 train: loss=0.5315 AUROC=0.9483 AUPRC=0.7318 BalAcc=0.8846 F1=0.5980 MCC=0.5821
Epoch 004 val  : loss=0.2071 AUROC=0.9505 AUPRC=0.3469 BalAcc=0.8735 F1=0.2102 MCC=0.2979
  learning_rate_used=2.993e-04; learning_rate_next=2.988e-04; elapsed=369.6s
  saved new best checkpoint: /data/projects/SFB_A03/jan/AT_TFBS/human301/runs/MYF6/multitf_20261006_033507_932031_local_seed2/best_model.pt (objective=classification-auprc, score=0.346919)
  negatives seen=50.0%; hard negatives=0
Epoch 005 train: loss=0.5189 AUROC=0.9508 AUPRC=0.7484 BalAcc=0.8879 F1=0.6077 MCC=0.5918
Epoch 005 val  : loss=0.2719 AUROC=0.9487 AUPRC=0.3316 BalAcc=0.8837 F1=0.1490 MCC=0.2479
  learning_rate_used=2.988e-04; learning_rate_next=2.982e-04; elapsed=371.2s
  negatives seen=60.0%; hard negatives=0
Epoch 006 train: loss=0.5105 AUROC=0.9524 AUPRC=0.7511 BalAcc=0.8902 F1=0.6129 MCC=0.5973
Epoch 006 val  : loss=0.2162 AUROC=0.9534 AUPRC=0.3607 BalAcc=0.8853 F1=0.1906 MCC=0.2855
  learning_rate_used=2.982e-04; learning_rate_next=2.974e-04; elapsed=363.7s
  saved new best checkpoint: /data/projects/SFB_A03/jan/AT_TFBS/human301/runs/MYF6/multitf_20261006_033507_932031_local_seed2/best_model.pt (objective=classification-auprc, score=0.360743)
  negatives seen=70.0%; hard negatives=0
Epoch 007 train: loss=0.5002 AUROC=0.9543 AUPRC=0.7568 BalAcc=0.8931 F1=0.6227 MCC=0.6070
Epoch 007 val  : loss=0.2384 AUROC=0.9495 AUPRC=0.3269 BalAcc=0.8791 F1=0.1750 MCC=0.2697
  learning_rate_used=2.974e-04; learning_rate_next=2.964e-04; elapsed=369.0s
  negatives seen=80.0%; hard negatives=0
Epoch 008 train: loss=0.4933 AUROC=0.9556 AUPRC=0.7637 BalAcc=0.8943 F1=0.6258 MCC=0.6101
Epoch 008 val  : loss=0.2718 AUROC=0.9549 AUPRC=0.3874 BalAcc=0.8932 F1=0.1539 MCC=0.2555
  learning_rate_used=2.964e-04; learning_rate_next=2.953e-04; elapsed=368.1s
  saved new best checkpoint: /data/projects/SFB_A03/jan/AT_TFBS/human301/runs/MYF6/multitf_20261006_033507_932031_local_seed2/best_model.pt (objective=classification-auprc, score=0.387390)
  negatives seen=90.0%; hard negatives=0
Epoch 009 train: loss=0.4885 AUROC=0.9564 AUPRC=0.7638 BalAcc=0.8970 F1=0.6314 MCC=0.6161
Epoch 009 val  : loss=0.2172 AUROC=0.9566 AUPRC=0.3834 BalAcc=0.8918 F1=0.1914 MCC=0.2885
  learning_rate_used=2.953e-04; learning_rate_next=2.941e-04; elapsed=366.9s
  negatives seen=100.0%; hard negatives=0
Epoch 010 train: loss=0.4792 AUROC=0.9581 AUPRC=0.7750 BalAcc=0.8983 F1=0.6382 MCC=0.6225
Epoch 010 val  : loss=0.1991 AUROC=0.9565 AUPRC=0.3847 BalAcc=0.8865 F1=0.2122 MCC=0.3043
  learning_rate_used=2.941e-04; learning_rate_next=2.927e-04; elapsed=364.4s
  negatives seen=100.0%; hard negatives=0
Epoch 011 train: loss=0.4749 AUROC=0.9588 AUPRC=0.7785 BalAcc=0.8993 F1=0.6411 MCC=0.6254
Epoch 011 val  : loss=0.2453 AUROC=0.9586 AUPRC=0.4060 BalAcc=0.8958 F1=0.1703 MCC=0.2712
  learning_rate_used=2.927e-04; learning_rate_next=2.912e-04; elapsed=368.0s
  saved new best checkpoint: /data/projects/SFB_A03/jan/AT_TFBS/human301/runs/MYF6/multitf_20261006_033507_932031_local_seed2/best_model.pt (objective=classification-auprc, score=0.406041)
  negatives seen=100.0%; hard negatives=0
Epoch 012 train: loss=0.4667 AUROC=0.9601 AUPRC=0.7864 BalAcc=0.9017 F1=0.6495 MCC=0.6337
Epoch 012 val  : loss=0.2007 AUROC=0.9576 AUPRC=0.3980 BalAcc=0.8903 F1=0.2127 MCC=0.3062
  learning_rate_used=2.912e-04; learning_rate_next=2.895e-04; elapsed=367.5s
  negatives seen=100.0%; hard negatives=0
Epoch 013 train: loss=0.4685 AUROC=0.9599 AUPRC=0.7794 BalAcc=0.9009 F1=0.6453 MCC=0.6298
Epoch 013 val  : loss=0.1950 AUROC=0.9573 AUPRC=0.3933 BalAcc=0.8851 F1=0.2252 MCC=0.3147
  learning_rate_used=2.895e-04; learning_rate_next=2.877e-04; elapsed=364.5s
  negatives seen=100.0%; hard negatives=0
Epoch 014 train: loss=0.4593 AUROC=0.9614 AUPRC=0.7858 BalAcc=0.9038 F1=0.6523 MCC=0.6370
Epoch 014 val  : loss=0.2244 AUROC=0.9599 AUPRC=0.3997 BalAcc=0.8988 F1=0.1869 MCC=0.2870
  learning_rate_used=2.877e-04; learning_rate_next=2.858e-04; elapsed=370.7s
  negatives seen=100.0%; hard negatives=0
Epoch 015 train: loss=0.4551 AUROC=0.9621 AUPRC=0.7885 BalAcc=0.9049 F1=0.6565 MCC=0.6412
Epoch 015 val  : loss=0.2081 AUROC=0.9592 AUPRC=0.4112 BalAcc=0.8944 F1=0.2020 MCC=0.2985
  learning_rate_used=2.858e-04; learning_rate_next=2.837e-04; elapsed=371.6s
  saved new best checkpoint: /data/projects/SFB_A03/jan/AT_TFBS/human301/runs/MYF6/multitf_20261006_033507_932031_local_seed2/best_model.pt (objective=classification-auprc, score=0.411207)
  negatives seen=100.0%; hard negatives=0
Epoch 016 train: loss=0.4482 AUROC=0.9633 AUPRC=0.7944 BalAcc=0.9060 F1=0.6608 MCC=0.6454
Epoch 016 val  : loss=0.2396 AUROC=0.9594 AUPRC=0.4160 BalAcc=0.8967 F1=0.1784 MCC=0.2788
  learning_rate_used=2.837e-04; learning_rate_next=2.815e-04; elapsed=365.1s
  saved new best checkpoint: /data/projects/SFB_A03/jan/AT_TFBS/human301/runs/MYF6/multitf_20261006_033507_932031_local_seed2/best_model.pt (objective=classification-auprc, score=0.416011)
  negatives seen=100.0%; hard negatives=0
Epoch 017 train: loss=0.4471 AUROC=0.9634 AUPRC=0.7937 BalAcc=0.9067 F1=0.6617 MCC=0.6464
Epoch 017 val  : loss=0.1990 AUROC=0.9592 AUPRC=0.4165 BalAcc=0.8902 F1=0.2224 MCC=0.3142
  learning_rate_used=2.815e-04; learning_rate_next=2.792e-04; elapsed=364.3s
  saved new best checkpoint: /data/projects/SFB_A03/jan/AT_TFBS/human301/runs/MYF6/multitf_20261006_033507_932031_local_seed2/best_model.pt (objective=classification-auprc, score=0.416537)
  negatives seen=100.0%; hard negatives=0
Epoch 018 train: loss=0.4430 AUROC=0.9640 AUPRC=0.7981 BalAcc=0.9077 F1=0.6679 MCC=0.6523
Epoch 018 val  : loss=0.2387 AUROC=0.9595 AUPRC=0.4181 BalAcc=0.8981 F1=0.1705 MCC=0.2723
  learning_rate_used=2.792e-04; learning_rate_next=2.767e-04; elapsed=368.2s
  saved new best checkpoint: /data/projects/SFB_A03/jan/AT_TFBS/human301/runs/MYF6/multitf_20261006_033507_932031_local_seed2/best_model.pt (objective=classification-auprc, score=0.418079)
  negatives seen=100.0%; hard negatives=0
Epoch 019 train: loss=0.4402 AUROC=0.9645 AUPRC=0.7985 BalAcc=0.9087 F1=0.6698 MCC=0.6543
Epoch 019 val  : loss=0.2058 AUROC=0.9591 AUPRC=0.4125 BalAcc=0.8925 F1=0.2092 MCC=0.3040
  learning_rate_used=2.767e-04; learning_rate_next=2.741e-04; elapsed=364.3s
  negatives seen=100.0%; hard negatives=0
Epoch 020 train: loss=0.4378 AUROC=0.9650 AUPRC=0.7989 BalAcc=0.9087 F1=0.6708 MCC=0.6553
Epoch 020 val  : loss=0.2062 AUROC=0.9602 AUPRC=0.4234 BalAcc=0.8957 F1=0.2035 MCC=0.3002
  learning_rate_used=2.741e-04; learning_rate_next=2.714e-04; elapsed=369.4s
  saved new best checkpoint: /data/projects/SFB_A03/jan/AT_TFBS/human301/runs/MYF6/multitf_20261006_033507_932031_local_seed2/best_model.pt (objective=classification-auprc, score=0.423426)
  negatives seen=100.0%; hard negatives=0
Epoch 021 train: loss=0.4337 AUROC=0.9654 AUPRC=0.8025 BalAcc=0.9096 F1=0.6724 MCC=0.6570
Epoch 021 val  : loss=0.2630 AUROC=0.9612 AUPRC=0.4188 BalAcc=0.9022 F1=0.1557 MCC=0.2601
  learning_rate_used=2.714e-04; learning_rate_next=2.686e-04; elapsed=367.9s
  negatives seen=100.0%; hard negatives=0
Epoch 022 train: loss=0.4307 AUROC=0.9661 AUPRC=0.8051 BalAcc=0.9104 F1=0.6750 MCC=0.6597
Epoch 022 val  : loss=0.2275 AUROC=0.9592 AUPRC=0.4278 BalAcc=0.8973 F1=0.1943 MCC=0.2930
  learning_rate_used=2.686e-04; learning_rate_next=2.657e-04; elapsed=366.9s
  saved new best checkpoint: /data/projects/SFB_A03/jan/AT_TFBS/human301/runs/MYF6/multitf_20261006_033507_932031_local_seed2/best_model.pt (objective=classification-auprc, score=0.427799)
  negatives seen=100.0%; hard negatives=0
Epoch 023 train: loss=0.4251 AUROC=0.9670 AUPRC=0.8072 BalAcc=0.9118 F1=0.6779 MCC=0.6628
Epoch 023 val  : loss=0.2122 AUROC=0.9563 AUPRC=0.4129 BalAcc=0.8885 F1=0.2053 MCC=0.2992
  learning_rate_used=2.657e-04; learning_rate_next=2.626e-04; elapsed=364.4s
  negatives seen=100.0%; hard negatives=0
Epoch 024 train: loss=0.4201 AUROC=0.9678 AUPRC=0.8109 BalAcc=0.9129 F1=0.6842 MCC=0.6688
Epoch 024 val  : loss=0.2052 AUROC=0.9614 AUPRC=0.4310 BalAcc=0.8961 F1=0.2121 MCC=0.3077
  learning_rate_used=2.626e-04; learning_rate_next=2.595e-04; elapsed=367.0s
  saved new best checkpoint: /data/projects/SFB_A03/jan/AT_TFBS/human301/runs/MYF6/multitf_20261006_033507_932031_local_seed2/best_model.pt (objective=classification-auprc, score=0.431015)
  negatives seen=100.0%; hard negatives=0
Epoch 025 train: loss=0.4192 AUROC=0.9680 AUPRC=0.8085 BalAcc=0.9133 F1=0.6830 MCC=0.6679
Epoch 025 val  : loss=0.2023 AUROC=0.9612 AUPRC=0.4089 BalAcc=0.8957 F1=0.2107 MCC=0.3064
  learning_rate_used=2.595e-04; learning_rate_next=2.562e-04; elapsed=364.4s
  negatives seen=100.0%; hard negatives=0
Epoch 026 train: loss=0.4141 AUROC=0.9686 AUPRC=0.8098 BalAcc=0.9143 F1=0.6863 MCC=0.6711
Epoch 026 val  : loss=0.2026 AUROC=0.9589 AUPRC=0.4208 BalAcc=0.8899 F1=0.2195 MCC=0.3117
  learning_rate_used=2.562e-04; learning_rate_next=2.528e-04; elapsed=364.4s
  negatives seen=100.0%; hard negatives=0
Epoch 027 train: loss=0.4122 AUROC=0.9690 AUPRC=0.8118 BalAcc=0.9148 F1=0.6873 MCC=0.6723
Epoch 027 val  : loss=0.2108 AUROC=0.9619 AUPRC=0.4338 BalAcc=0.9004 F1=0.2022 MCC=0.3009
  learning_rate_used=2.528e-04; learning_rate_next=2.494e-04; elapsed=371.7s
  saved new best checkpoint: /data/projects/SFB_A03/jan/AT_TFBS/human301/runs/MYF6/multitf_20261006_033507_932031_local_seed2/best_model.pt (objective=classification-auprc, score=0.433782)
  negatives seen=100.0%; hard negatives=0
Epoch 028 train: loss=0.4092 AUROC=0.9694 AUPRC=0.8158 BalAcc=0.9158 F1=0.6906 MCC=0.6756
Epoch 028 val  : loss=0.1910 AUROC=0.9610 AUPRC=0.4353 BalAcc=0.8932 F1=0.2254 MCC=0.3178
  learning_rate_used=2.494e-04; learning_rate_next=2.458e-04; elapsed=363.4s
  saved new best checkpoint: /data/projects/SFB_A03/jan/AT_TFBS/human301/runs/MYF6/multitf_20261006_033507_932031_local_seed2/best_model.pt (objective=classification-auprc, score=0.435276)
  negatives seen=100.0%; hard negatives=0
Epoch 029 train: loss=0.4055 AUROC=0.9699 AUPRC=0.8154 BalAcc=0.9170 F1=0.6939 MCC=0.6789
Epoch 029 val  : loss=0.1753 AUROC=0.9581 AUPRC=0.4248 BalAcc=0.8839 F1=0.2562 MCC=0.3395
  learning_rate_used=2.458e-04; learning_rate_next=2.421e-04; elapsed=369.0s
  negatives seen=100.0%; hard negatives=0
Epoch 030 train: loss=0.4053 AUROC=0.9702 AUPRC=0.8169 BalAcc=0.9154 F1=0.6907 MCC=0.6755
Epoch 030 val  : loss=0.1944 AUROC=0.9617 AUPRC=0.4391 BalAcc=0.8964 F1=0.2184 MCC=0.3131
  learning_rate_used=2.421e-04; learning_rate_next=2.384e-04; elapsed=368.1s
  saved new best checkpoint: /data/projects/SFB_A03/jan/AT_TFBS/human301/runs/MYF6/multitf_20261006_033507_932031_local_seed2/best_model.pt (objective=classification-auprc, score=0.439052)
  negatives seen=100.0%; hard negatives=0
Epoch 031 train: loss=0.3978 AUROC=0.9712 AUPRC=0.8196 BalAcc=0.9185 F1=0.6967 MCC=0.6820
Epoch 031 val  : loss=0.1791 AUROC=0.9608 AUPRC=0.4227 BalAcc=0.8883 F1=0.2411 MCC=0.3289
  learning_rate_used=2.384e-04; learning_rate_next=2.345e-04; elapsed=367.8s
  negatives seen=100.0%; hard negatives=0
Epoch 032 train: loss=0.3963 AUROC=0.9715 AUPRC=0.8226 BalAcc=0.9196 F1=0.7000 MCC=0.6854
Epoch 032 val  : loss=0.2137 AUROC=0.9606 AUPRC=0.4365 BalAcc=0.8973 F1=0.2041 MCC=0.3013
  learning_rate_used=2.345e-04; learning_rate_next=2.306e-04; elapsed=373.7s
  negatives seen=100.0%; hard negatives=0
Epoch 033 train: loss=0.3948 AUROC=0.9716 AUPRC=0.8194 BalAcc=0.9195 F1=0.7018 MCC=0.6870
Epoch 033 val  : loss=0.1792 AUROC=0.9609 AUPRC=0.4289 BalAcc=0.8878 F1=0.2384 MCC=0.3265
  learning_rate_used=2.306e-04; learning_rate_next=2.266e-04; elapsed=373.5s
  negatives seen=100.0%; hard negatives=0
Epoch 034 train: loss=0.3891 AUROC=0.9725 AUPRC=0.8243 BalAcc=0.9205 F1=0.7062 MCC=0.6913
Epoch 034 val  : loss=0.2037 AUROC=0.9604 AUPRC=0.4333 BalAcc=0.8949 F1=0.2193 MCC=0.3133
  learning_rate_used=2.266e-04; learning_rate_next=2.225e-04; elapsed=376.0s
  negatives seen=100.0%; hard negatives=0
Epoch 035 train: loss=0.3870 AUROC=0.9728 AUPRC=0.8239 BalAcc=0.9209 F1=0.7058 MCC=0.6911
Epoch 035 val  : loss=0.1961 AUROC=0.9599 AUPRC=0.4343 BalAcc=0.8930 F1=0.2219 MCC=0.3148
  learning_rate_used=2.225e-04; learning_rate_next=2.184e-04; elapsed=376.0s
  negatives seen=100.0%; hard negatives=0
Epoch 036 train: loss=0.3844 AUROC=0.9732 AUPRC=0.8258 BalAcc=0.9214 F1=0.7041 MCC=0.6898
Epoch 036 val  : loss=0.1963 AUROC=0.9596 AUPRC=0.4260 BalAcc=0.8898 F1=0.2198 MCC=0.3119
  learning_rate_used=2.184e-04; learning_rate_next=2.142e-04; elapsed=406.1s
  negatives seen=100.0%; hard negatives=0
Epoch 037 train: loss=0.3805 AUROC=0.9738 AUPRC=0.8288 BalAcc=0.9225 F1=0.7100 MCC=0.6955
Epoch 037 val  : loss=0.1967 AUROC=0.9618 AUPRC=0.4389 BalAcc=0.8956 F1=0.2136 MCC=0.3088
  learning_rate_used=2.142e-04; learning_rate_next=2.099e-04; elapsed=404.8s
  negatives seen=100.0%; hard negatives=0
Epoch 038 train: loss=0.3781 AUROC=0.9741 AUPRC=0.8296 BalAcc=0.9225 F1=0.7093 MCC=0.6948
Epoch 038 val  : loss=0.1759 AUROC=0.9623 AUPRC=0.4451 BalAcc=0.8903 F1=0.2432 MCC=0.3314
  learning_rate_used=2.099e-04; learning_rate_next=2.055e-04; elapsed=406.9s
  saved new best checkpoint: /data/projects/SFB_A03/jan/AT_TFBS/human301/runs/MYF6/multitf_20261006_033507_932031_local_seed2/best_model.pt (objective=classification-auprc, score=0.445146)
  negatives seen=100.0%; hard negatives=0
Epoch 039 train: loss=0.3724 AUROC=0.9749 AUPRC=0.8324 BalAcc=0.9246 F1=0.7164 MCC=0.7020
Epoch 039 val  : loss=0.1853 AUROC=0.9607 AUPRC=0.4412 BalAcc=0.8894 F1=0.2399 MCC=0.3284
  learning_rate_used=2.055e-04; learning_rate_next=2.011e-04; elapsed=405.5s
  negatives seen=100.0%; hard negatives=0
Epoch 040 train: loss=0.3709 AUROC=0.9752 AUPRC=0.8321 BalAcc=0.9244 F1=0.7154 MCC=0.7010
Epoch 040 val  : loss=0.2043 AUROC=0.9605 AUPRC=0.4351 BalAcc=0.8955 F1=0.2159 MCC=0.3107
  learning_rate_used=2.011e-04; learning_rate_next=1.967e-04; elapsed=400.0s
  negatives seen=100.0%; hard negatives=0
Epoch 041 train: loss=0.3690 AUROC=0.9754 AUPRC=0.8337 BalAcc=0.9255 F1=0.7185 MCC=0.7043
Epoch 041 val  : loss=0.1862 AUROC=0.9615 AUPRC=0.4419 BalAcc=0.8931 F1=0.2308 MCC=0.3222
  learning_rate_used=1.967e-04; learning_rate_next=1.922e-04; elapsed=395.3s
  negatives seen=100.0%; hard negatives=0
Epoch 042 train: loss=0.3670 AUROC=0.9758 AUPRC=0.8360 BalAcc=0.9253 F1=0.7196 MCC=0.7052
Epoch 042 val  : loss=0.2364 AUROC=0.9617 AUPRC=0.4267 BalAcc=0.9022 F1=0.1763 MCC=0.2788
  learning_rate_used=1.922e-04; learning_rate_next=1.877e-04; elapsed=395.5s
  negatives seen=100.0%; hard negatives=0
Epoch 043 train: loss=0.3655 AUROC=0.9760 AUPRC=0.8326 BalAcc=0.9252 F1=0.7175 MCC=0.7033
Epoch 043 val  : loss=0.1919 AUROC=0.9619 AUPRC=0.4414 BalAcc=0.8952 F1=0.2224 MCC=0.3161
  learning_rate_used=1.877e-04; learning_rate_next=1.831e-04; elapsed=392.4s
  negatives seen=100.0%; hard negatives=0
Epoch 044 train: loss=0.3590 AUROC=0.9769 AUPRC=0.8386 BalAcc=0.9272 F1=0.7239 MCC=0.7098
Epoch 044 val  : loss=0.1759 AUROC=0.9612 AUPRC=0.4429 BalAcc=0.8884 F1=0.2493 MCC=0.3356
  learning_rate_used=1.831e-04; learning_rate_next=1.785e-04; elapsed=394.0s
  negatives seen=100.0%; hard negatives=0
Epoch 045 train: loss=0.3547 AUROC=0.9773 AUPRC=0.8393 BalAcc=0.9280 F1=0.7241 MCC=0.7102
Epoch 045 val  : loss=0.1863 AUROC=0.9598 AUPRC=0.4407 BalAcc=0.8887 F1=0.2376 MCC=0.3262
  learning_rate_used=1.785e-04; learning_rate_next=1.739e-04; elapsed=396.5s
  negatives seen=100.0%; hard negatives=0
Epoch 046 train: loss=0.3488 AUROC=0.9782 AUPRC=0.8421 BalAcc=0.9290 F1=0.7280 MCC=0.7142
Epoch 046 val  : loss=0.1650 AUROC=0.9601 AUPRC=0.4405 BalAcc=0.8812 F1=0.2701 MCC=0.3496
  learning_rate_used=1.739e-04; learning_rate_next=1.692e-04; elapsed=391.9s
  negatives seen=100.0%; hard negatives=0
Epoch 047 train: loss=0.3477 AUROC=0.9784 AUPRC=0.8437 BalAcc=0.9298 F1=0.7313 MCC=0.7174
Epoch 047 val  : loss=0.1768 AUROC=0.9596 AUPRC=0.4368 BalAcc=0.8860 F1=0.2500 MCC=0.3353
  learning_rate_used=1.692e-04; learning_rate_next=1.646e-04; elapsed=396.6s
  negatives seen=100.0%; hard negatives=0
Epoch 048 train: loss=0.3487 AUROC=0.9783 AUPRC=0.8399 BalAcc=0.9284 F1=0.7278 MCC=0.7137
Epoch 048 val  : loss=0.1868 AUROC=0.9621 AUPRC=0.4441 BalAcc=0.8937 F1=0.2259 MCC=0.3184
  learning_rate_used=1.646e-04; learning_rate_next=1.599e-04; elapsed=389.3s
  negatives seen=100.0%; hard negatives=0
Epoch 049 train: loss=0.3402 AUROC=0.9791 AUPRC=0.8454 BalAcc=0.9314 F1=0.7353 MCC=0.7216
Epoch 049 val  : loss=0.1842 AUROC=0.9620 AUPRC=0.4471 BalAcc=0.8934 F1=0.2348 MCC=0.3256
  learning_rate_used=1.599e-04; learning_rate_next=1.552e-04; elapsed=395.0s
  saved new best checkpoint: /data/projects/SFB_A03/jan/AT_TFBS/human301/runs/MYF6/multitf_20261006_033507_932031_local_seed2/best_model.pt (objective=classification-auprc, score=0.447089)
  negatives seen=100.0%; hard negatives=0
Epoch 050 train: loss=0.3388 AUROC=0.9793 AUPRC=0.8448 BalAcc=0.9318 F1=0.7380 MCC=0.7242
Epoch 050 val  : loss=0.1739 AUROC=0.9614 AUPRC=0.4440 BalAcc=0.8894 F1=0.2508 MCC=0.3372
  learning_rate_used=1.552e-04; learning_rate_next=1.505e-04; elapsed=396.0s
  negatives seen=100.0%; hard negatives=0
Epoch 051 train: loss=0.3342 AUROC=0.9799 AUPRC=0.8487 BalAcc=0.9333 F1=0.7425 MCC=0.7288
Epoch 051 val  : loss=0.1831 AUROC=0.9610 AUPRC=0.4459 BalAcc=0.8900 F1=0.2384 MCC=0.3273
  learning_rate_used=1.505e-04; learning_rate_next=1.458e-04; elapsed=395.5s
  negatives seen=100.0%; hard negatives=0
Epoch 052 train: loss=0.3359 AUROC=0.9796 AUPRC=0.8445 BalAcc=0.9327 F1=0.7385 MCC=0.7250
Epoch 052 val  : loss=0.1852 AUROC=0.9611 AUPRC=0.4491 BalAcc=0.8915 F1=0.2361 MCC=0.3260
  learning_rate_used=1.458e-04; learning_rate_next=1.411e-04; elapsed=396.6s
  saved new best checkpoint: /data/projects/SFB_A03/jan/AT_TFBS/human301/runs/MYF6/multitf_20261006_033507_932031_local_seed2/best_model.pt (objective=classification-auprc, score=0.449063)
  negatives seen=100.0%; hard negatives=0
Epoch 053 train: loss=0.3270 AUROC=0.9807 AUPRC=0.8516 BalAcc=0.9344 F1=0.7435 MCC=0.7301
Epoch 053 val  : loss=0.1751 AUROC=0.9605 AUPRC=0.4448 BalAcc=0.8874 F1=0.2515 MCC=0.3371
  learning_rate_used=1.411e-04; learning_rate_next=1.364e-04; elapsed=394.7s
  negatives seen=100.0%; hard negatives=0
Epoch 054 train: loss=0.3275 AUROC=0.9806 AUPRC=0.8493 BalAcc=0.9342 F1=0.7441 MCC=0.7307
Epoch 054 val  : loss=0.1714 AUROC=0.9605 AUPRC=0.4469 BalAcc=0.8849 F1=0.2638 MCC=0.3460
  learning_rate_used=1.364e-04; learning_rate_next=1.318e-04; elapsed=394.9s
  negatives seen=100.0%; hard negatives=0
Epoch 055 train: loss=0.3228 AUROC=0.9812 AUPRC=0.8542 BalAcc=0.9353 F1=0.7499 MCC=0.7364
Epoch 055 val  : loss=0.1778 AUROC=0.9607 AUPRC=0.4480 BalAcc=0.8884 F1=0.2499 MCC=0.3361
  learning_rate_used=1.318e-04; learning_rate_next=1.271e-04; elapsed=394.6s
  negatives seen=100.0%; hard negatives=0
Epoch 056 train: loss=0.3163 AUROC=0.9818 AUPRC=0.8563 BalAcc=0.9369 F1=0.7508 MCC=0.7377
Epoch 056 val  : loss=0.1613 AUROC=0.9580 AUPRC=0.4390 BalAcc=0.8718 F1=0.2895 MCC=0.3612
  learning_rate_used=1.271e-04; learning_rate_next=1.225e-04; elapsed=394.6s
  negatives seen=100.0%; hard negatives=0
Epoch 057 train: loss=0.3170 AUROC=0.9818 AUPRC=0.8554 BalAcc=0.9364 F1=0.7512 MCC=0.7379
Epoch 057 val  : loss=0.1713 AUROC=0.9596 AUPRC=0.4445 BalAcc=0.8825 F1=0.2627 MCC=0.3442
  learning_rate_used=1.225e-04; learning_rate_next=1.179e-04; elapsed=396.5s
  negatives seen=100.0%; hard negatives=0
Epoch 058 train: loss=0.3153 AUROC=0.9820 AUPRC=0.8551 BalAcc=0.9371 F1=0.7521 MCC=0.7389
Epoch 058 val  : loss=0.1682 AUROC=0.9601 AUPRC=0.4462 BalAcc=0.8843 F1=0.2704 MCC=0.3510
  learning_rate_used=1.179e-04; learning_rate_next=1.133e-04; elapsed=394.3s
  negatives seen=100.0%; hard negatives=0
Epoch 059 train: loss=0.3126 AUROC=0.9823 AUPRC=0.8568 BalAcc=0.9377 F1=0.7547 MCC=0.7415
Epoch 059 val  : loss=0.1723 AUROC=0.9601 AUPRC=0.4463 BalAcc=0.8866 F1=0.2630 MCC=0.3460
  learning_rate_used=1.133e-04; learning_rate_next=1.088e-04; elapsed=391.5s
  negatives seen=100.0%; hard negatives=0
Epoch 060 train: loss=0.3092 AUROC=0.9824 AUPRC=0.8574 BalAcc=0.9391 F1=0.7575 MCC=0.7446
Epoch 060 val  : loss=0.1693 AUROC=0.9600 AUPRC=0.4458 BalAcc=0.8850 F1=0.2703 MCC=0.3512
  learning_rate_used=1.088e-04; learning_rate_next=1.043e-04; elapsed=392.9s
  negatives seen=100.0%; hard negatives=0
Epoch 061 train: loss=0.3053 AUROC=0.9830 AUPRC=0.8611 BalAcc=0.9399 F1=0.7609 MCC=0.7480
Epoch 061 val  : loss=0.1726 AUROC=0.9596 AUPRC=0.4461 BalAcc=0.8832 F1=0.2691 MCC=0.3496
  learning_rate_used=1.043e-04; learning_rate_next=9.986e-05; elapsed=395.5s
  negatives seen=100.0%; hard negatives=0
Epoch 062 train: loss=0.3015 AUROC=0.9835 AUPRC=0.8627 BalAcc=0.9405 F1=0.7642 MCC=0.7513
Epoch 062 val  : loss=0.1721 AUROC=0.9606 AUPRC=0.4438 BalAcc=0.8835 F1=0.2699 MCC=0.3503
  learning_rate_used=9.986e-05; learning_rate_next=9.547e-05; elapsed=394.8s
  negatives seen=100.0%; hard negatives=0
Epoch 063 train: loss=0.2960 AUROC=0.9840 AUPRC=0.8637 BalAcc=0.9416 F1=0.7647 MCC=0.7521
Epoch 063 val  : loss=0.1692 AUROC=0.9609 AUPRC=0.4471 BalAcc=0.8855 F1=0.2690 MCC=0.3503
  learning_rate_used=9.547e-05; learning_rate_next=9.113e-05; elapsed=394.8s
  negatives seen=100.0%; hard negatives=0
Epoch 064 train: loss=0.2925 AUROC=0.9841 AUPRC=0.8631 BalAcc=0.9420 F1=0.7669 MCC=0.7542
Epoch 064 val  : loss=0.1661 AUROC=0.9599 AUPRC=0.4473 BalAcc=0.8821 F1=0.2750 MCC=0.3538
  learning_rate_used=9.113e-05; learning_rate_next=8.685e-05; elapsed=395.4s
  negatives seen=100.0%; hard negatives=0
Epoch 065 train: loss=0.2923 AUROC=0.9843 AUPRC=0.8657 BalAcc=0.9431 F1=0.7684 MCC=0.7560
Epoch 065 val  : loss=0.1643 AUROC=0.9595 AUPRC=0.4455 BalAcc=0.8790 F1=0.2790 MCC=0.3557
  learning_rate_used=8.685e-05; learning_rate_next=8.263e-05; elapsed=396.9s
  negatives seen=100.0%; hard negatives=0
Epoch 066 train: loss=0.2919 AUROC=0.9844 AUPRC=0.8646 BalAcc=0.9426 F1=0.7695 MCC=0.7568
Epoch 066 val  : loss=0.1546 AUROC=0.9595 AUPRC=0.4438 BalAcc=0.8664 F1=0.3089 MCC=0.3743
  learning_rate_used=8.263e-05; learning_rate_next=7.848e-05; elapsed=397.9s
  negatives seen=100.0%; hard negatives=0
Epoch 067 train: loss=0.2817 AUROC=0.9850 AUPRC=0.8675 BalAcc=0.9452 F1=0.7754 MCC=0.7632
Epoch 067 val  : loss=0.1571 AUROC=0.9602 AUPRC=0.4476 BalAcc=0.8712 F1=0.3095 MCC=0.3766
  learning_rate_used=7.848e-05; learning_rate_next=7.440e-05; elapsed=394.9s
  negatives seen=100.0%; hard negatives=0
Epoch 068 train: loss=0.2844 AUROC=0.9851 AUPRC=0.8673 BalAcc=0.9442 F1=0.7733 MCC=0.7609
Epoch 068 val  : loss=0.1586 AUROC=0.9588 AUPRC=0.4429 BalAcc=0.8711 F1=0.3012 MCC=0.3701
  learning_rate_used=7.440e-05; learning_rate_next=7.039e-05; elapsed=394.4s
  negatives seen=100.0%; hard negatives=0
Epoch 069 train: loss=0.2789 AUROC=0.9852 AUPRC=0.8665 BalAcc=0.9453 F1=0.7753 MCC=0.7631
Epoch 069 val  : loss=0.1573 AUROC=0.9596 AUPRC=0.4464 BalAcc=0.8681 F1=0.3135 MCC=0.3785
  learning_rate_used=7.039e-05; learning_rate_next=6.647e-05; elapsed=397.1s
  negatives seen=100.0%; hard negatives=0
Epoch 070 train: loss=0.2766 AUROC=0.9855 AUPRC=0.8706 BalAcc=0.9464 F1=0.7775 MCC=0.7655
Epoch 070 val  : loss=0.1680 AUROC=0.9604 AUPRC=0.4508 BalAcc=0.8832 F1=0.2718 MCC=0.3517
  learning_rate_used=6.647e-05; learning_rate_next=6.263e-05; elapsed=396.4s
  saved new best checkpoint: /data/projects/SFB_A03/jan/AT_TFBS/human301/runs/MYF6/multitf_20261006_033507_932031_local_seed2/best_model.pt (objective=classification-auprc, score=0.450829)
  negatives seen=100.0%; hard negatives=0
Epoch 071 train: loss=0.2761 AUROC=0.9858 AUPRC=0.8738 BalAcc=0.9461 F1=0.7805 MCC=0.7683
Epoch 071 val  : loss=0.1555 AUROC=0.9594 AUPRC=0.4483 BalAcc=0.8677 F1=0.3187 MCC=0.3824
  learning_rate_used=6.263e-05; learning_rate_next=5.887e-05; elapsed=394.2s
  negatives seen=100.0%; hard negatives=0
Epoch 072 train: loss=0.2721 AUROC=0.9861 AUPRC=0.8735 BalAcc=0.9468 F1=0.7820 MCC=0.7699
Epoch 072 val  : loss=0.1612 AUROC=0.9591 AUPRC=0.4482 BalAcc=0.8734 F1=0.2943 MCC=0.3656
  learning_rate_used=5.887e-05; learning_rate_next=5.521e-05; elapsed=396.9s
  negatives seen=100.0%; hard negatives=0
Epoch 073 train: loss=0.2698 AUROC=0.9862 AUPRC=0.8742 BalAcc=0.9484 F1=0.7853 MCC=0.7734
Epoch 073 val  : loss=0.1621 AUROC=0.9595 AUPRC=0.4513 BalAcc=0.8762 F1=0.2952 MCC=0.3674
  learning_rate_used=5.521e-05; learning_rate_next=5.163e-05; elapsed=394.0s
  saved new best checkpoint: /data/projects/SFB_A03/jan/AT_TFBS/human301/runs/MYF6/multitf_20261006_033507_932031_local_seed2/best_model.pt (objective=classification-auprc, score=0.451336)
  negatives seen=100.0%; hard negatives=0
Epoch 074 train: loss=0.2716 AUROC=0.9861 AUPRC=0.8723 BalAcc=0.9473 F1=0.7847 MCC=0.7725
Epoch 074 val  : loss=0.1621 AUROC=0.9594 AUPRC=0.4479 BalAcc=0.8746 F1=0.2957 MCC=0.3672
  learning_rate_used=5.163e-05; learning_rate_next=4.816e-05; elapsed=394.2s
  negatives seen=100.0%; hard negatives=0
Epoch 075 train: loss=0.2659 AUROC=0.9867 AUPRC=0.8785 BalAcc=0.9481 F1=0.7877 MCC=0.7756
Epoch 075 val  : loss=0.1570 AUROC=0.9579 AUPRC=0.4476 BalAcc=0.8652 F1=0.3176 MCC=0.3806
  learning_rate_used=4.816e-05; learning_rate_next=4.479e-05; elapsed=392.4s
  negatives seen=100.0%; hard negatives=0
Epoch 076 train: loss=0.2657 AUROC=0.9867 AUPRC=0.8771 BalAcc=0.9484 F1=0.7882 MCC=0.7762
Epoch 076 val  : loss=0.1577 AUROC=0.9573 AUPRC=0.4486 BalAcc=0.8672 F1=0.3155 MCC=0.3797
  learning_rate_used=4.479e-05; learning_rate_next=4.152e-05; elapsed=395.5s
  negatives seen=100.0%; hard negatives=0
Epoch 077 train: loss=0.2627 AUROC=0.9868 AUPRC=0.8771 BalAcc=0.9489 F1=0.7890 MCC=0.7770
Epoch 077 val  : loss=0.1552 AUROC=0.9572 AUPRC=0.4499 BalAcc=0.8635 F1=0.3252 MCC=0.3857
  learning_rate_used=4.152e-05; learning_rate_next=3.836e-05; elapsed=394.7s
  negatives seen=100.0%; hard negatives=0
Epoch 078 train: loss=0.2617 AUROC=0.9869 AUPRC=0.8787 BalAcc=0.9488 F1=0.7881 MCC=0.7762
Epoch 078 val  : loss=0.1574 AUROC=0.9588 AUPRC=0.4513 BalAcc=0.8691 F1=0.3086 MCC=0.3750
  learning_rate_used=3.836e-05; learning_rate_next=3.531e-05; elapsed=396.1s
  negatives seen=100.0%; hard negatives=0
Epoch 079 train: loss=0.2595 AUROC=0.9870 AUPRC=0.8781 BalAcc=0.9499 F1=0.7904 MCC=0.7786
Epoch 079 val  : loss=0.1603 AUROC=0.9589 AUPRC=0.4495 BalAcc=0.8722 F1=0.2994 MCC=0.3692
  learning_rate_used=3.531e-05; learning_rate_next=3.237e-05; elapsed=394.0s
  negatives seen=100.0%; hard negatives=0
Epoch 080 train: loss=0.2546 AUROC=0.9874 AUPRC=0.8786 BalAcc=0.9508 F1=0.7935 MCC=0.7818
Epoch 080 val  : loss=0.1581 AUROC=0.9579 AUPRC=0.4495 BalAcc=0.8660 F1=0.3212 MCC=0.3836
  learning_rate_used=3.237e-05; learning_rate_next=2.955e-05; elapsed=397.0s
  negatives seen=100.0%; hard negatives=0
Epoch 081 train: loss=0.2572 AUROC=0.9873 AUPRC=0.8787 BalAcc=0.9504 F1=0.7941 MCC=0.7823
Epoch 081 val  : loss=0.1605 AUROC=0.9577 AUPRC=0.4511 BalAcc=0.8702 F1=0.3108 MCC=0.3772
  learning_rate_used=2.955e-05; learning_rate_next=2.685e-05; elapsed=396.4s
  negatives seen=100.0%; hard negatives=0
Epoch 082 train: loss=0.2512 AUROC=0.9878 AUPRC=0.8823 BalAcc=0.9517 F1=0.7991 MCC=0.7874
Epoch 082 val  : loss=0.1603 AUROC=0.9582 AUPRC=0.4489 BalAcc=0.8670 F1=0.3150 MCC=0.3792
  learning_rate_used=2.685e-05; learning_rate_next=2.427e-05; elapsed=391.6s
  negatives seen=100.0%; hard negatives=0
Epoch 083 train: loss=0.2570 AUROC=0.9874 AUPRC=0.8791 BalAcc=0.9505 F1=0.7939 MCC=0.7821
Epoch 083 val  : loss=0.1606 AUROC=0.9582 AUPRC=0.4505 BalAcc=0.8707 F1=0.3090 MCC=0.3760
  learning_rate_used=2.427e-05; learning_rate_next=2.182e-05; elapsed=394.2s
  negatives seen=100.0%; hard negatives=0
Epoch 084 train: loss=0.2533 AUROC=0.9876 AUPRC=0.8799 BalAcc=0.9516 F1=0.7979 MCC=0.7863
Epoch 084 val  : loss=0.1576 AUROC=0.9585 AUPRC=0.4510 BalAcc=0.8666 F1=0.3194 MCC=0.3825
  learning_rate_used=2.182e-05; learning_rate_next=1.949e-05; elapsed=394.1s
  negatives seen=100.0%; hard negatives=0
Epoch 085 train: loss=0.2472 AUROC=0.9880 AUPRC=0.8822 BalAcc=0.9523 F1=0.7991 MCC=0.7876
Epoch 085 val  : loss=0.1604 AUROC=0.9584 AUPRC=0.4510 BalAcc=0.8687 F1=0.3117 MCC=0.3773
  learning_rate_used=1.949e-05; learning_rate_next=1.729e-05; elapsed=393.9s
  negatives seen=100.0%; hard negatives=0
Epoch 086 train: loss=0.2486 AUROC=0.9879 AUPRC=0.8825 BalAcc=0.9529 F1=0.8009 MCC=0.7895
Epoch 086 val  : loss=0.1630 AUROC=0.9586 AUPRC=0.4524 BalAcc=0.8728 F1=0.2989 MCC=0.3689
  learning_rate_used=1.729e-05; learning_rate_next=1.523e-05; elapsed=394.4s
  saved new best checkpoint: /data/projects/SFB_A03/jan/AT_TFBS/human301/runs/MYF6/multitf_20261006_033507_932031_local_seed2/best_model.pt (objective=classification-auprc, score=0.452365)
  negatives seen=100.0%; hard negatives=0
Epoch 087 train: loss=0.2489 AUROC=0.9879 AUPRC=0.8823 BalAcc=0.9520 F1=0.7992 MCC=0.7876
Epoch 087 val  : loss=0.1594 AUROC=0.9577 AUPRC=0.4513 BalAcc=0.8680 F1=0.3160 MCC=0.3804
  learning_rate_used=1.523e-05; learning_rate_next=1.330e-05; elapsed=393.5s
  negatives seen=100.0%; hard negatives=0
Epoch 088 train: loss=0.2455 AUROC=0.9881 AUPRC=0.8825 BalAcc=0.9526 F1=0.8000 MCC=0.7885
Epoch 088 val  : loss=0.1592 AUROC=0.9580 AUPRC=0.4513 BalAcc=0.8652 F1=0.3255 MCC=0.3866
  learning_rate_used=1.330e-05; learning_rate_next=1.150e-05; elapsed=396.5s
  negatives seen=100.0%; hard negatives=0
Epoch 089 train: loss=0.2461 AUROC=0.9882 AUPRC=0.8840 BalAcc=0.9529 F1=0.8028 MCC=0.7912
Epoch 089 val  : loss=0.1602 AUROC=0.9571 AUPRC=0.4492 BalAcc=0.8648 F1=0.3203 MCC=0.3825
  learning_rate_used=1.150e-05; learning_rate_next=9.838e-06; elapsed=395.2s
  negatives seen=100.0%; hard negatives=0
Epoch 090 train: loss=0.2450 AUROC=0.9883 AUPRC=0.8852 BalAcc=0.9534 F1=0.8035 MCC=0.7921
Epoch 090 val  : loss=0.1556 AUROC=0.9580 AUPRC=0.4502 BalAcc=0.8603 F1=0.3345 MCC=0.3916
  learning_rate_used=9.838e-06; learning_rate_next=8.317e-06; elapsed=396.1s
  negatives seen=100.0%; hard negatives=0
Epoch 091 train: loss=0.2401 AUROC=0.9885 AUPRC=0.8865 BalAcc=0.9540 F1=0.8040 MCC=0.7927
Epoch 091 val  : loss=0.1623 AUROC=0.9582 AUPRC=0.4515 BalAcc=0.8703 F1=0.3084 MCC=0.3754
  learning_rate_used=8.317e-06; learning_rate_next=6.936e-06; elapsed=396.6s
  negatives seen=100.0%; hard negatives=0
Epoch 092 train: loss=0.2419 AUROC=0.9885 AUPRC=0.8867 BalAcc=0.9537 F1=0.8046 MCC=0.7932
Epoch 092 val  : loss=0.1609 AUROC=0.9579 AUPRC=0.4505 BalAcc=0.8684 F1=0.3140 MCC=0.3790
  learning_rate_used=6.936e-06; learning_rate_next=5.697e-06; elapsed=396.2s
  negatives seen=100.0%; hard negatives=0
Epoch 093 train: loss=0.2398 AUROC=0.9886 AUPRC=0.8879 BalAcc=0.9538 F1=0.8043 MCC=0.7929
Epoch 093 val  : loss=0.1595 AUROC=0.9579 AUPRC=0.4493 BalAcc=0.8650 F1=0.3239 MCC=0.3854
  learning_rate_used=5.697e-06; learning_rate_next=4.600e-06; elapsed=394.5s
  negatives seen=100.0%; hard negatives=0
Epoch 094 train: loss=0.2426 AUROC=0.9883 AUPRC=0.8843 BalAcc=0.9538 F1=0.8027 MCC=0.7914
Epoch 094 val  : loss=0.1595 AUROC=0.9574 AUPRC=0.4488 BalAcc=0.8645 F1=0.3231 MCC=0.3845
  learning_rate_used=4.600e-06; learning_rate_next=3.648e-06; elapsed=395.3s
  negatives seen=100.0%; hard negatives=0
Epoch 095 train: loss=0.2394 AUROC=0.9885 AUPRC=0.8854 BalAcc=0.9544 F1=0.8055 MCC=0.7942
Epoch 095 val  : loss=0.1617 AUROC=0.9580 AUPRC=0.4511 BalAcc=0.8693 F1=0.3120 MCC=0.3778
  learning_rate_used=3.648e-06; learning_rate_next=2.841e-06; elapsed=395.0s
  negatives seen=100.0%; hard negatives=0
Epoch 096 train: loss=0.2393 AUROC=0.9885 AUPRC=0.8855 BalAcc=0.9548 F1=0.8056 MCC=0.7945
Epoch 096 val  : loss=0.1630 AUROC=0.9582 AUPRC=0.4512 BalAcc=0.8707 F1=0.3080 MCC=0.3753
  learning_rate_used=2.841e-06; learning_rate_next=2.179e-06; elapsed=394.9s
  negatives seen=100.0%; hard negatives=0
Epoch 097 train: loss=0.2443 AUROC=0.9883 AUPRC=0.8844 BalAcc=0.9537 F1=0.8046 MCC=0.7931
Epoch 097 val  : loss=0.1582 AUROC=0.9574 AUPRC=0.4500 BalAcc=0.8615 F1=0.3300 MCC=0.3887
  learning_rate_used=2.179e-06; learning_rate_next=1.663e-06; elapsed=395.1s
  negatives seen=100.0%; hard negatives=0
Epoch 098 train: loss=0.2400 AUROC=0.9886 AUPRC=0.8861 BalAcc=0.9540 F1=0.8056 MCC=0.7943
Epoch 098 val  : loss=0.1609 AUROC=0.9579 AUPRC=0.4510 BalAcc=0.8684 F1=0.3166 MCC=0.3810
  learning_rate_used=1.663e-06; learning_rate_next=1.295e-06; elapsed=393.2s
  negatives seen=100.0%; hard negatives=0
Epoch 099 train: loss=0.2446 AUROC=0.9884 AUPRC=0.8852 BalAcc=0.9539 F1=0.8058 MCC=0.7943
Epoch 099 val  : loss=0.1629 AUROC=0.9577 AUPRC=0.4507 BalAcc=0.8703 F1=0.3099 MCC=0.3766
  learning_rate_used=1.295e-06; learning_rate_next=1.074e-06; elapsed=393.7s
  negatives seen=100.0%; hard negatives=0
Epoch 100 train: loss=0.2377 AUROC=0.9887 AUPRC=0.8873 BalAcc=0.9548 F1=0.8078 MCC=0.7966
Epoch 100 val  : loss=0.1597 AUROC=0.9576 AUPRC=0.4499 BalAcc=0.8641 F1=0.3250 MCC=0.3858
  learning_rate_used=1.074e-06; learning_rate_next=1.000e-06; elapsed=394.4s
Binary threshold: 0.973971 (strategy=val-mcc, validation_score=0.465758)
TEST chr10,chr12,chr14,chr16,chr18,chr2,chr20,chr22,chr4,chr6,chr8: loss=0.1730 AUROC=0.9554 AUPRC=0.4406 BalAcc=0.7336 F1=0.4602 MCC=0.4548
Outputs written to /data/projects/SFB_A03/jan/AT_TFBS/human301/runs/MYF6/multitf_20261006_033507_932031_local_seed2
Binary predictions: binary_classification_results.tsv
Binary metrics: binary_classification_metrics.json
ROC plot: roc_curve.png
Precision-recall plot: precision_recall_curve.png
Confusion matrix: binary_confusion_matrix.tsv
