LEF1/CHIP: packing existing FASTAs into /data/projects/SFB_A03/jan/AT_TFBS/raw_data/human/ArchThalia-ML/LEF1/CHIP/dataset.npz; no genome extraction
Loaded train_positive: 13,962
Loaded train_negative: 1,396,200
Loaded test_positive: 12,304
Loaded test_negative: 1,230,400
{
  "train": {
    "positive": 10692,
    "negative": 1069200,
    "total": 1079892,
    "chromosomes": [
      "chr1",
      "chr11",
      "chr13",
      "chr15",
      "chr17",
      "chr19",
      "chr21",
      "chr3",
      "chr9"
    ],
    "sequences_with_N": 1,
    "max_N_fraction": 0.016611295681063124,
    "mean_GC_fraction_ACGT_only": {
      "positive": 0.46740096102176204,
      "negative": 0.45899772923028737
    }
  },
  "validation": {
    "positive": 3270,
    "negative": 327000,
    "total": 330270,
    "chromosomes": [
      "chr5",
      "chr7"
    ],
    "sequences_with_N": 0,
    "max_N_fraction": 0.0,
    "mean_GC_fraction_ACGT_only": {
      "positive": 0.440522417629309,
      "negative": 0.4340673189267173
    }
  },
  "test": {
    "positive": 12304,
    "negative": 1230400,
    "total": 1242704,
    "chromosomes": [
      "chr10",
      "chr12",
      "chr14",
      "chr16",
      "chr18",
      "chr2",
      "chr20",
      "chr22",
      "chr4",
      "chr6",
      "chr8"
    ],
    "sequences_with_N": 1,
    "max_N_fraction": 0.0033222591362126247,
    "mean_GC_fraction_ACGT_only": {
      "positive": 0.4484503090406634,
      "negative": 0.4429361086149765
    }
  }
}
Sequence audit: {
  "train": {
    "duplicates_or_RC_duplicates_within_split": 23,
    "identical_or_RC_identical_sequences_with_both_labels": 0
  },
  "validation": {
    "duplicates_or_RC_duplicates_within_split": 5,
    "identical_or_RC_identical_sequences_with_both_labels": 0
  },
  "test": {
    "duplicates_or_RC_duplicates_within_split": 24,
    "identical_or_RC_identical_sequences_with_both_labels": 0
  },
  "train_validation_shared_sequences_or_RC": 7,
  "train_test_shared_sequences_or_RC": 20,
  "validation_test_shared_sequences_or_RC": 3
}
Saved: /data/projects/SFB_A03/jan/AT_TFBS/raw_data/human/ArchThalia-ML/LEF1/CHIP/dataset.npz
LEF1/GHTS: packing existing FASTAs into /data/projects/SFB_A03/jan/AT_TFBS/raw_data/human/ArchThalia-ML/LEF1/GHTS/dataset.npz; no genome extraction
Loaded train_positive: 6,044
Loaded train_negative: 604,400
Loaded test_positive: 5,752
Loaded test_negative: 575,200
{
  "train": {
    "positive": 4567,
    "negative": 456700,
    "total": 461267,
    "chromosomes": [
      "chr1",
      "chr11",
      "chr13",
      "chr15",
      "chr17",
      "chr19",
      "chr21",
      "chr3",
      "chr9"
    ],
    "sequences_with_N": 1,
    "max_N_fraction": 0.03322259136212625,
    "mean_GC_fraction_ACGT_only": {
      "positive": 0.437926181470198,
      "negative": 0.4379252720840756
    }
  },
  "validation": {
    "positive": 1477,
    "negative": 147700,
    "total": 149177,
    "chromosomes": [
      "chr5",
      "chr7"
    ],
    "sequences_with_N": 0,
    "max_N_fraction": 0.0,
    "mean_GC_fraction_ACGT_only": {
      "positive": 0.4240435290174705,
      "negative": 0.4240429216986034
    }
  },
  "test": {
    "positive": 5752,
    "negative": 575200,
    "total": 580952,
    "chromosomes": [
      "chr10",
      "chr12",
      "chr14",
      "chr16",
      "chr18",
      "chr2",
      "chr20",
      "chr22",
      "chr4",
      "chr6",
      "chr8"
    ],
    "sequences_with_N": 0,
    "max_N_fraction": 0.0,
    "mean_GC_fraction_ACGT_only": {
      "positive": 0.43200054061796783,
      "negative": 0.4320009449262773
    }
  }
}
Sequence audit: {
  "train": {
    "duplicates_or_RC_duplicates_within_split": 7,
    "identical_or_RC_identical_sequences_with_both_labels": 0
  },
  "validation": {
    "duplicates_or_RC_duplicates_within_split": 0,
    "identical_or_RC_identical_sequences_with_both_labels": 0
  },
  "test": {
    "duplicates_or_RC_duplicates_within_split": 6,
    "identical_or_RC_identical_sequences_with_both_labels": 0
  },
  "train_validation_shared_sequences_or_RC": 2,
  "train_test_shared_sequences_or_RC": 4,
  "validation_test_shared_sequences_or_RC": 2
}
Saved: /data/projects/SFB_A03/jan/AT_TFBS/raw_data/human/ArchThalia-ML/LEF1/GHTS/dataset.npz
LEF1: caches ready for CHIP and GHTS; cross-test chromosomes are held out.
