ZFP3/CHIP: packing existing FASTAs into /data/projects/SFB_A03/jan/AT_TFBS/raw_data/human/ArchThalia-ML/ZFP3/CHIP/dataset.npz; no genome extraction
Loaded train_positive: 839
Loaded train_negative: 83,900
Loaded test_positive: 610
Loaded test_negative: 61,000
{
  "train": {
    "positive": 716,
    "negative": 71600,
    "total": 72316,
    "chromosomes": [
      "chr1",
      "chr11",
      "chr13",
      "chr15",
      "chr17",
      "chr19",
      "chr21",
      "chr3",
      "chr9"
    ],
    "sequences_with_N": 2,
    "max_N_fraction": 0.05647840531561462,
    "mean_GC_fraction_ACGT_only": {
      "positive": 0.4937955812916562,
      "negative": 0.4938204124055755
    }
  },
  "validation": {
    "positive": 123,
    "negative": 12300,
    "total": 12423,
    "chromosomes": [
      "chr5",
      "chr7"
    ],
    "sequences_with_N": 2,
    "max_N_fraction": 0.38870431893687707,
    "mean_GC_fraction_ACGT_only": {
      "positive": 0.473012046068039,
      "negative": 0.47336925694838344
    }
  },
  "test": {
    "positive": 610,
    "negative": 61000,
    "total": 61610,
    "chromosomes": [
      "chr10",
      "chr12",
      "chr14",
      "chr16",
      "chr18",
      "chr2",
      "chr20",
      "chr22",
      "chr4",
      "chr6",
      "chr8"
    ],
    "sequences_with_N": 2,
    "max_N_fraction": 0.07641196013289037,
    "mean_GC_fraction_ACGT_only": {
      "positive": 0.48181356597636765,
      "negative": 0.4818589946081368
    }
  }
}
Sequence audit: {
  "train": {
    "duplicates_or_RC_duplicates_within_split": 0,
    "identical_or_RC_identical_sequences_with_both_labels": 0
  },
  "validation": {
    "duplicates_or_RC_duplicates_within_split": 0,
    "identical_or_RC_identical_sequences_with_both_labels": 0
  },
  "test": {
    "duplicates_or_RC_duplicates_within_split": 1,
    "identical_or_RC_identical_sequences_with_both_labels": 0
  },
  "train_validation_shared_sequences_or_RC": 0,
  "train_test_shared_sequences_or_RC": 0,
  "validation_test_shared_sequences_or_RC": 0
}
Saved: /data/projects/SFB_A03/jan/AT_TFBS/raw_data/human/ArchThalia-ML/ZFP3/CHIP/dataset.npz
ZFP3/GHTS: packing existing FASTAs into /data/projects/SFB_A03/jan/AT_TFBS/raw_data/human/ArchThalia-ML/ZFP3/GHTS/dataset.npz; no genome extraction
Loaded train_positive: 173
Loaded train_negative: 17,300
Loaded test_positive: 115
Loaded test_negative: 11,500
{
  "train": {
    "positive": 154,
    "negative": 15400,
    "total": 15554,
    "chromosomes": [
      "chr1",
      "chr11",
      "chr13",
      "chr15",
      "chr17",
      "chr19",
      "chr21",
      "chr3",
      "chr9"
    ],
    "sequences_with_N": 0,
    "max_N_fraction": 0.0,
    "mean_GC_fraction_ACGT_only": {
      "positive": 0.4950381844069552,
      "negative": 0.4950381844069552
    }
  },
  "validation": {
    "positive": 19,
    "negative": 1900,
    "total": 1919,
    "chromosomes": [
      "chr5",
      "chr7"
    ],
    "sequences_with_N": 0,
    "max_N_fraction": 0.0,
    "mean_GC_fraction_ACGT_only": {
      "positive": 0.4761321909424724,
      "negative": 0.4761321909424725
    }
  },
  "test": {
    "positive": 115,
    "negative": 11500,
    "total": 11615,
    "chromosomes": [
      "chr10",
      "chr12",
      "chr14",
      "chr16",
      "chr18",
      "chr2",
      "chr20",
      "chr22",
      "chr4",
      "chr6",
      "chr8"
    ],
    "sequences_with_N": 0,
    "max_N_fraction": 0.0,
    "mean_GC_fraction_ACGT_only": {
      "positive": 0.48747652751697235,
      "negative": 0.48747652751697235
    }
  }
}
Sequence audit: {
  "train": {
    "duplicates_or_RC_duplicates_within_split": 0,
    "identical_or_RC_identical_sequences_with_both_labels": 0
  },
  "validation": {
    "duplicates_or_RC_duplicates_within_split": 0,
    "identical_or_RC_identical_sequences_with_both_labels": 0
  },
  "test": {
    "duplicates_or_RC_duplicates_within_split": 0,
    "identical_or_RC_identical_sequences_with_both_labels": 0
  },
  "train_validation_shared_sequences_or_RC": 0,
  "train_test_shared_sequences_or_RC": 0,
  "validation_test_shared_sequences_or_RC": 0
}
Saved: /data/projects/SFB_A03/jan/AT_TFBS/raw_data/human/ArchThalia-ML/ZFP3/GHTS/dataset.npz
ZFP3: caches ready for CHIP and GHTS; cross-test chromosomes are held out.
