TF=MGA train=GHTS seed=1 model=hum301_motif64_local.py
/home/jbossenz/miniforge3/envs/at_env/bin/python -u /data/projects/SFB_A03/jan/AT_TFBS/human301/hum301_motif64_local.py train --cache /data/projects/SFB_A03/jan/AT_TFBS/raw_data/human/MGA/GHTS/dataset.npz --output-dir /data/projects/SFB_A03/jan/AT_TFBS/human301/runs/MGA/crossassay_20261008_004647_1001695/GHTS_seed1 --input-length 256 --embed-channels 64 --encoder-channels 80 96 128 --heads 4 --ffn-channels 256 --classification-readout local-logsumexp --task-mode classification --checkpoint-objective classification-auprc --threshold-strategy val-mcc --negatives-per-positive 10 --batch-size 88 --hard-negative-fraction 0 --epochs 100 --patience 20 --learning-rate 0.0003 --min-learning-rate 0.000001 --weight-decay 0.0001 --dropout 0.1 --activation relu --reverse-complement-probability 0.5 --eval-crops multi --eval-rc --no-balanced-evaluation --eval-batch-size 128 --num-workers 2 --seed 1 --device cuda --skip-test
Window geometry: 256 bp from 301 bp; crop starts 0..45; shifts -22..+23; fresh uniform draw per access
Evaluation: crops (0, 22, 23, 45), reverse complement=True; all samples
train: n=211,797, positive=2,097, negative=209,700
  val: n=61,509, positive=609, negative=60,900
 test: n=258,156, positive=2,556, negative=255,600
Device: cuda
Hidden activation: RELU
Parameters: 1,032,981 total; 1,032,981 trainable
Architecture: motif kernels 9/12; encoder 128/64/64; original five-block bottleneck at 64; decoder 64/128/256
  negatives seen=10.0%; hard negatives=0
Epoch 001 train: loss=0.4277 AUROC=0.9694 AUPRC=0.8476 BalAcc=0.9034 F1=0.6665 MCC=0.6494
Epoch 001 val  : loss=0.0856 AUROC=0.9970 AUPRC=0.8649 BalAcc=0.9821 F1=0.4630 MCC=0.5399
  learning_rate_used=3.000e-04; learning_rate_next=2.999e-04; elapsed=29.8s
  saved new best checkpoint: /data/projects/SFB_A03/jan/AT_TFBS/human301/runs/MGA/crossassay_20261008_004647_1001695/GHTS_seed1/best_model.pt (objective=classification-auprc, score=0.864908)
  negatives seen=20.0%; hard negatives=0
Epoch 002 train: loss=0.1877 AUROC=0.9946 AUPRC=0.9620 BalAcc=0.9654 F1=0.8869 MCC=0.8771
Epoch 002 val  : loss=0.0351 AUROC=0.9972 AUPRC=0.8874 BalAcc=0.9728 F1=0.7689 MCC=0.7809
  learning_rate_used=2.999e-04; learning_rate_next=2.997e-04; elapsed=28.4s
  saved new best checkpoint: /data/projects/SFB_A03/jan/AT_TFBS/human301/runs/MGA/crossassay_20261008_004647_1001695/GHTS_seed1/best_model.pt (objective=classification-auprc, score=0.887360)
  negatives seen=30.0%; hard negatives=0
Epoch 003 train: loss=0.1561 AUROC=0.9961 AUPRC=0.9729 BalAcc=0.9737 F1=0.9202 MCC=0.9128
Epoch 003 val  : loss=0.0450 AUROC=0.9973 AUPRC=0.9402 BalAcc=0.9918 F1=0.6025 MCC=0.6516
  learning_rate_used=2.997e-04; learning_rate_next=2.993e-04; elapsed=28.5s
  saved new best checkpoint: /data/projects/SFB_A03/jan/AT_TFBS/human301/runs/MGA/crossassay_20261008_004647_1001695/GHTS_seed1/best_model.pt (objective=classification-auprc, score=0.940165)
  negatives seen=40.0%; hard negatives=0
Epoch 004 train: loss=0.1375 AUROC=0.9969 AUPRC=0.9765 BalAcc=0.9788 F1=0.9300 MCC=0.9236
Epoch 004 val  : loss=0.0280 AUROC=0.9973 AUPRC=0.9403 BalAcc=0.9879 F1=0.7560 MCC=0.7743
  learning_rate_used=2.993e-04; learning_rate_next=2.988e-04; elapsed=28.4s
  saved new best checkpoint: /data/projects/SFB_A03/jan/AT_TFBS/human301/runs/MGA/crossassay_20261008_004647_1001695/GHTS_seed1/best_model.pt (objective=classification-auprc, score=0.940271)
  negatives seen=50.0%; hard negatives=0
Epoch 005 train: loss=0.1192 AUROC=0.9976 AUPRC=0.9842 BalAcc=0.9805 F1=0.9397 MCC=0.9341
Epoch 005 val  : loss=0.0327 AUROC=0.9975 AUPRC=0.9454 BalAcc=0.9885 F1=0.7026 MCC=0.7302
  learning_rate_used=2.988e-04; learning_rate_next=2.982e-04; elapsed=28.3s
  saved new best checkpoint: /data/projects/SFB_A03/jan/AT_TFBS/human301/runs/MGA/crossassay_20261008_004647_1001695/GHTS_seed1/best_model.pt (objective=classification-auprc, score=0.945383)
  negatives seen=60.0%; hard negatives=0
Epoch 006 train: loss=0.1165 AUROC=0.9979 AUPRC=0.9843 BalAcc=0.9809 F1=0.9419 MCC=0.9364
Epoch 006 val  : loss=0.0250 AUROC=0.9977 AUPRC=0.9508 BalAcc=0.9877 F1=0.7918 MCC=0.8047
  learning_rate_used=2.982e-04; learning_rate_next=2.974e-04; elapsed=28.4s
  saved new best checkpoint: /data/projects/SFB_A03/jan/AT_TFBS/human301/runs/MGA/crossassay_20261008_004647_1001695/GHTS_seed1/best_model.pt (objective=classification-auprc, score=0.950794)
  negatives seen=70.0%; hard negatives=0
Epoch 007 train: loss=0.1084 AUROC=0.9983 AUPRC=0.9878 BalAcc=0.9821 F1=0.9468 MCC=0.9418
Epoch 007 val  : loss=0.0215 AUROC=0.9977 AUPRC=0.9551 BalAcc=0.9856 F1=0.8187 MCC=0.8276
  learning_rate_used=2.974e-04; learning_rate_next=2.964e-04; elapsed=28.4s
  saved new best checkpoint: /data/projects/SFB_A03/jan/AT_TFBS/human301/runs/MGA/crossassay_20261008_004647_1001695/GHTS_seed1/best_model.pt (objective=classification-auprc, score=0.955105)
  negatives seen=80.0%; hard negatives=0
Epoch 008 train: loss=0.0863 AUROC=0.9984 AUPRC=0.9866 BalAcc=0.9866 F1=0.9530 MCC=0.9486
Epoch 008 val  : loss=0.0276 AUROC=0.9975 AUPRC=0.9250 BalAcc=0.9679 F1=0.8236 MCC=0.8281
  learning_rate_used=2.964e-04; learning_rate_next=2.953e-04; elapsed=28.8s
  negatives seen=90.0%; hard negatives=0
Epoch 009 train: loss=0.0866 AUROC=0.9986 AUPRC=0.9879 BalAcc=0.9848 F1=0.9559 MCC=0.9516
Epoch 009 val  : loss=0.0240 AUROC=0.9975 AUPRC=0.9518 BalAcc=0.9877 F1=0.7960 MCC=0.8083
  learning_rate_used=2.953e-04; learning_rate_next=2.941e-04; elapsed=28.4s
  negatives seen=100.0%; hard negatives=0
Epoch 010 train: loss=0.0899 AUROC=0.9982 AUPRC=0.9888 BalAcc=0.9862 F1=0.9571 MCC=0.9530
Epoch 010 val  : loss=0.0237 AUROC=0.9980 AUPRC=0.9508 BalAcc=0.9883 F1=0.7822 MCC=0.7966
  learning_rate_used=2.941e-04; learning_rate_next=2.927e-04; elapsed=28.5s
  negatives seen=100.0%; hard negatives=0
Epoch 011 train: loss=0.0816 AUROC=0.9989 AUPRC=0.9924 BalAcc=0.9869 F1=0.9601 MCC=0.9562
Epoch 011 val  : loss=0.0278 AUROC=0.9981 AUPRC=0.9364 BalAcc=0.9852 F1=0.7904 MCC=0.8028
  learning_rate_used=2.927e-04; learning_rate_next=2.912e-04; elapsed=28.3s
  negatives seen=100.0%; hard negatives=0
Epoch 012 train: loss=0.0762 AUROC=0.9987 AUPRC=0.9895 BalAcc=0.9888 F1=0.9640 MCC=0.9605
Epoch 012 val  : loss=0.0227 AUROC=0.9980 AUPRC=0.9510 BalAcc=0.9853 F1=0.8514 MCC=0.8567
  learning_rate_used=2.912e-04; learning_rate_next=2.895e-04; elapsed=28.2s
  negatives seen=100.0%; hard negatives=0
Epoch 013 train: loss=0.0937 AUROC=0.9983 AUPRC=0.9896 BalAcc=0.9852 F1=0.9564 MCC=0.9522
Epoch 013 val  : loss=0.0200 AUROC=0.9978 AUPRC=0.9611 BalAcc=0.9890 F1=0.8243 MCC=0.8333
  learning_rate_used=2.895e-04; learning_rate_next=2.877e-04; elapsed=28.3s
  saved new best checkpoint: /data/projects/SFB_A03/jan/AT_TFBS/human301/runs/MGA/crossassay_20261008_004647_1001695/GHTS_seed1/best_model.pt (objective=classification-auprc, score=0.961110)
  negatives seen=100.0%; hard negatives=0
Epoch 014 train: loss=0.0719 AUROC=0.9991 AUPRC=0.9923 BalAcc=0.9873 F1=0.9619 MCC=0.9582
Epoch 014 val  : loss=0.0243 AUROC=0.9982 AUPRC=0.9467 BalAcc=0.9669 F1=0.8722 MCC=0.8729
  learning_rate_used=2.877e-04; learning_rate_next=2.858e-04; elapsed=28.5s
  negatives seen=100.0%; hard negatives=0
Epoch 015 train: loss=0.0828 AUROC=0.9990 AUPRC=0.9917 BalAcc=0.9861 F1=0.9600 MCC=0.9561
Epoch 015 val  : loss=0.0205 AUROC=0.9981 AUPRC=0.9577 BalAcc=0.9888 F1=0.8147 MCC=0.8249
  learning_rate_used=2.858e-04; learning_rate_next=2.837e-04; elapsed=28.7s
  negatives seen=100.0%; hard negatives=0
Epoch 016 train: loss=0.0622 AUROC=0.9993 AUPRC=0.9926 BalAcc=0.9892 F1=0.9654 MCC=0.9620
Epoch 016 val  : loss=0.0309 AUROC=0.9979 AUPRC=0.9646 BalAcc=0.9918 F1=0.7081 MCC=0.7359
  learning_rate_used=2.837e-04; learning_rate_next=2.815e-04; elapsed=28.6s
  saved new best checkpoint: /data/projects/SFB_A03/jan/AT_TFBS/human301/runs/MGA/crossassay_20261008_004647_1001695/GHTS_seed1/best_model.pt (objective=classification-auprc, score=0.964589)
  negatives seen=100.0%; hard negatives=0
Epoch 017 train: loss=0.0703 AUROC=0.9992 AUPRC=0.9914 BalAcc=0.9886 F1=0.9655 MCC=0.9622
Epoch 017 val  : loss=0.0231 AUROC=0.9982 AUPRC=0.9478 BalAcc=0.9744 F1=0.8860 MCC=0.8869
  learning_rate_used=2.815e-04; learning_rate_next=2.792e-04; elapsed=28.4s
  negatives seen=100.0%; hard negatives=0
Epoch 018 train: loss=0.0629 AUROC=0.9991 AUPRC=0.9921 BalAcc=0.9907 F1=0.9655 MCC=0.9622
Epoch 018 val  : loss=0.0232 AUROC=0.9981 AUPRC=0.9615 BalAcc=0.9905 F1=0.7646 MCC=0.7823
  learning_rate_used=2.792e-04; learning_rate_next=2.767e-04; elapsed=28.6s
  negatives seen=100.0%; hard negatives=0
Epoch 019 train: loss=0.0595 AUROC=0.9993 AUPRC=0.9939 BalAcc=0.9902 F1=0.9688 MCC=0.9658
Epoch 019 val  : loss=0.0303 AUROC=0.9981 AUPRC=0.9614 BalAcc=0.9943 F1=0.7108 MCC=0.7389
  learning_rate_used=2.767e-04; learning_rate_next=2.741e-04; elapsed=28.5s
  negatives seen=100.0%; hard negatives=0
Epoch 020 train: loss=0.0645 AUROC=0.9993 AUPRC=0.9931 BalAcc=0.9897 F1=0.9661 MCC=0.9628
Epoch 020 val  : loss=0.0202 AUROC=0.9981 AUPRC=0.9546 BalAcc=0.9891 F1=0.8358 MCC=0.8435
  learning_rate_used=2.741e-04; learning_rate_next=2.714e-04; elapsed=28.5s
  negatives seen=100.0%; hard negatives=0
Epoch 021 train: loss=0.0591 AUROC=0.9994 AUPRC=0.9954 BalAcc=0.9916 F1=0.9739 MCC=0.9713
Epoch 021 val  : loss=0.0364 AUROC=0.9980 AUPRC=0.9698 BalAcc=0.9923 F1=0.6548 MCC=0.6931
  learning_rate_used=2.714e-04; learning_rate_next=2.686e-04; elapsed=28.1s
  saved new best checkpoint: /data/projects/SFB_A03/jan/AT_TFBS/human301/runs/MGA/crossassay_20261008_004647_1001695/GHTS_seed1/best_model.pt (objective=classification-auprc, score=0.969763)
  negatives seen=100.0%; hard negatives=0
Epoch 022 train: loss=0.0549 AUROC=0.9994 AUPRC=0.9941 BalAcc=0.9903 F1=0.9700 MCC=0.9670
Epoch 022 val  : loss=0.0203 AUROC=0.9978 AUPRC=0.9608 BalAcc=0.9875 F1=0.8336 MCC=0.8412
  learning_rate_used=2.686e-04; learning_rate_next=2.657e-04; elapsed=28.7s
  negatives seen=100.0%; hard negatives=0
Epoch 023 train: loss=0.0491 AUROC=0.9996 AUPRC=0.9957 BalAcc=0.9913 F1=0.9693 MCC=0.9664
Epoch 023 val  : loss=0.0195 AUROC=0.9981 AUPRC=0.9623 BalAcc=0.9908 F1=0.8397 MCC=0.8474
  learning_rate_used=2.657e-04; learning_rate_next=2.626e-04; elapsed=28.8s
  negatives seen=100.0%; hard negatives=0
Epoch 024 train: loss=0.0489 AUROC=0.9993 AUPRC=0.9936 BalAcc=0.9937 F1=0.9783 MCC=0.9762
Epoch 024 val  : loss=0.0274 AUROC=0.9980 AUPRC=0.9572 BalAcc=0.9575 F1=0.8949 MCC=0.8941
  learning_rate_used=2.626e-04; learning_rate_next=2.595e-04; elapsed=28.5s
  negatives seen=100.0%; hard negatives=0
Epoch 025 train: loss=0.0539 AUROC=0.9995 AUPRC=0.9950 BalAcc=0.9923 F1=0.9748 MCC=0.9724
Epoch 025 val  : loss=0.0193 AUROC=0.9981 AUPRC=0.9696 BalAcc=0.9922 F1=0.8247 MCC=0.8344
  learning_rate_used=2.595e-04; learning_rate_next=2.562e-04; elapsed=28.5s
  negatives seen=100.0%; hard negatives=0
Epoch 026 train: loss=0.0486 AUROC=0.9996 AUPRC=0.9963 BalAcc=0.9913 F1=0.9759 MCC=0.9736
Epoch 026 val  : loss=0.0210 AUROC=0.9974 AUPRC=0.9629 BalAcc=0.9884 F1=0.8385 MCC=0.8457
  learning_rate_used=2.562e-04; learning_rate_next=2.528e-04; elapsed=28.5s
  negatives seen=100.0%; hard negatives=0
Epoch 027 train: loss=0.0482 AUROC=0.9996 AUPRC=0.9957 BalAcc=0.9924 F1=0.9778 MCC=0.9756
Epoch 027 val  : loss=0.0281 AUROC=0.9979 AUPRC=0.9673 BalAcc=0.9900 F1=0.7392 MCC=0.7609
  learning_rate_used=2.528e-04; learning_rate_next=2.494e-04; elapsed=28.6s
  negatives seen=100.0%; hard negatives=0
Epoch 028 train: loss=0.0486 AUROC=0.9996 AUPRC=0.9962 BalAcc=0.9928 F1=0.9740 MCC=0.9715
Epoch 028 val  : loss=0.0195 AUROC=0.9978 AUPRC=0.9668 BalAcc=0.9898 F1=0.8251 MCC=0.8342
  learning_rate_used=2.494e-04; learning_rate_next=2.458e-04; elapsed=28.4s
  negatives seen=100.0%; hard negatives=0
Epoch 029 train: loss=0.0477 AUROC=0.9995 AUPRC=0.9944 BalAcc=0.9924 F1=0.9735 MCC=0.9709
Epoch 029 val  : loss=0.0240 AUROC=0.9979 AUPRC=0.9697 BalAcc=0.9908 F1=0.7882 MCC=0.8025
  learning_rate_used=2.458e-04; learning_rate_next=2.421e-04; elapsed=28.5s
  negatives seen=100.0%; hard negatives=0
Epoch 030 train: loss=0.0414 AUROC=0.9994 AUPRC=0.9956 BalAcc=0.9937 F1=0.9779 MCC=0.9757
Epoch 030 val  : loss=0.0183 AUROC=0.9981 AUPRC=0.9732 BalAcc=0.9764 F1=0.9171 MCC=0.9170
  learning_rate_used=2.421e-04; learning_rate_next=2.384e-04; elapsed=28.7s
  saved new best checkpoint: /data/projects/SFB_A03/jan/AT_TFBS/human301/runs/MGA/crossassay_20261008_004647_1001695/GHTS_seed1/best_model.pt (objective=classification-auprc, score=0.973206)
  negatives seen=100.0%; hard negatives=0
Epoch 031 train: loss=0.0444 AUROC=0.9995 AUPRC=0.9943 BalAcc=0.9924 F1=0.9760 MCC=0.9736
Epoch 031 val  : loss=0.0215 AUROC=0.9983 AUPRC=0.9682 BalAcc=0.9754 F1=0.9055 MCC=0.9057
  learning_rate_used=2.384e-04; learning_rate_next=2.345e-04; elapsed=28.7s
  negatives seen=100.0%; hard negatives=0
Epoch 032 train: loss=0.0339 AUROC=0.9997 AUPRC=0.9963 BalAcc=0.9943 F1=0.9781 MCC=0.9760
Epoch 032 val  : loss=0.0209 AUROC=0.9979 AUPRC=0.9660 BalAcc=0.9811 F1=0.9003 MCC=0.9012
  learning_rate_used=2.345e-04; learning_rate_next=2.306e-04; elapsed=28.5s
  negatives seen=100.0%; hard negatives=0
Epoch 033 train: loss=0.0406 AUROC=0.9998 AUPRC=0.9977 BalAcc=0.9938 F1=0.9816 MCC=0.9798
Epoch 033 val  : loss=0.0192 AUROC=0.9983 AUPRC=0.9707 BalAcc=0.9913 F1=0.8210 MCC=0.8310
  learning_rate_used=2.306e-04; learning_rate_next=2.266e-04; elapsed=28.4s
  negatives seen=100.0%; hard negatives=0
Epoch 034 train: loss=0.0385 AUROC=0.9996 AUPRC=0.9970 BalAcc=0.9932 F1=0.9815 MCC=0.9797
Epoch 034 val  : loss=0.0176 AUROC=0.9978 AUPRC=0.9714 BalAcc=0.9912 F1=0.8696 MCC=0.8743
  learning_rate_used=2.266e-04; learning_rate_next=2.225e-04; elapsed=28.4s
  negatives seen=100.0%; hard negatives=0
Epoch 035 train: loss=0.0375 AUROC=0.9997 AUPRC=0.9968 BalAcc=0.9931 F1=0.9804 MCC=0.9784
Epoch 035 val  : loss=0.0178 AUROC=0.9979 AUPRC=0.9692 BalAcc=0.9803 F1=0.9022 MCC=0.9030
  learning_rate_used=2.225e-04; learning_rate_next=2.184e-04; elapsed=28.4s
  negatives seen=100.0%; hard negatives=0
Epoch 036 train: loss=0.0352 AUROC=0.9997 AUPRC=0.9962 BalAcc=0.9948 F1=0.9800 MCC=0.9781
Epoch 036 val  : loss=0.0237 AUROC=0.9979 AUPRC=0.9635 BalAcc=0.9731 F1=0.9115 MCC=0.9113
  learning_rate_used=2.184e-04; learning_rate_next=2.142e-04; elapsed=28.5s
  negatives seen=100.0%; hard negatives=0
Epoch 037 train: loss=0.0348 AUROC=0.9997 AUPRC=0.9968 BalAcc=0.9941 F1=0.9797 MCC=0.9778
Epoch 037 val  : loss=0.0180 AUROC=0.9982 AUPRC=0.9725 BalAcc=0.9938 F1=0.8809 MCC=0.8851
  learning_rate_used=2.142e-04; learning_rate_next=2.099e-04; elapsed=28.5s
  negatives seen=100.0%; hard negatives=0
Epoch 038 train: loss=0.0310 AUROC=0.9998 AUPRC=0.9975 BalAcc=0.9941 F1=0.9795 MCC=0.9775
Epoch 038 val  : loss=0.0181 AUROC=0.9981 AUPRC=0.9715 BalAcc=0.9911 F1=0.8639 MCC=0.8692
  learning_rate_used=2.099e-04; learning_rate_next=2.055e-04; elapsed=28.3s
  negatives seen=100.0%; hard negatives=0
Epoch 039 train: loss=0.0288 AUROC=0.9998 AUPRC=0.9975 BalAcc=0.9958 F1=0.9842 MCC=0.9826
Epoch 039 val  : loss=0.0222 AUROC=0.9981 AUPRC=0.9706 BalAcc=0.9771 F1=0.9108 MCC=0.9109
  learning_rate_used=2.055e-04; learning_rate_next=2.011e-04; elapsed=28.3s
  negatives seen=100.0%; hard negatives=0
Epoch 040 train: loss=0.0308 AUROC=0.9998 AUPRC=0.9973 BalAcc=0.9945 F1=0.9793 MCC=0.9773
Epoch 040 val  : loss=0.0222 AUROC=0.9980 AUPRC=0.9741 BalAcc=0.9919 F1=0.8011 MCC=0.8138
  learning_rate_used=2.011e-04; learning_rate_next=1.967e-04; elapsed=28.3s
  saved new best checkpoint: /data/projects/SFB_A03/jan/AT_TFBS/human301/runs/MGA/crossassay_20261008_004647_1001695/GHTS_seed1/best_model.pt (objective=classification-auprc, score=0.974126)
  negatives seen=100.0%; hard negatives=0
Epoch 041 train: loss=0.0281 AUROC=0.9998 AUPRC=0.9982 BalAcc=0.9945 F1=0.9798 MCC=0.9778
Epoch 041 val  : loss=0.0185 AUROC=0.9981 AUPRC=0.9705 BalAcc=0.9906 F1=0.8861 MCC=0.8893
  learning_rate_used=1.967e-04; learning_rate_next=1.922e-04; elapsed=28.2s
  negatives seen=100.0%; hard negatives=0
Epoch 042 train: loss=0.0284 AUROC=0.9998 AUPRC=0.9977 BalAcc=0.9957 F1=0.9846 MCC=0.9831
Epoch 042 val  : loss=0.0380 AUROC=0.9985 AUPRC=0.9655 BalAcc=0.9414 F1=0.9057 MCC=0.9051
  learning_rate_used=1.922e-04; learning_rate_next=1.877e-04; elapsed=28.3s
  negatives seen=100.0%; hard negatives=0
Epoch 043 train: loss=0.0250 AUROC=0.9998 AUPRC=0.9981 BalAcc=0.9962 F1=0.9861 MCC=0.9847
Epoch 043 val  : loss=0.0194 AUROC=0.9982 AUPRC=0.9741 BalAcc=0.9889 F1=0.8805 MCC=0.8839
  learning_rate_used=1.877e-04; learning_rate_next=1.831e-04; elapsed=28.4s
  negatives seen=100.0%; hard negatives=0
Epoch 044 train: loss=0.0255 AUROC=0.9998 AUPRC=0.9981 BalAcc=0.9954 F1=0.9863 MCC=0.9849
Epoch 044 val  : loss=0.0215 AUROC=0.9979 AUPRC=0.9697 BalAcc=0.9834 F1=0.8906 MCC=0.8924
  learning_rate_used=1.831e-04; learning_rate_next=1.785e-04; elapsed=28.6s
  negatives seen=100.0%; hard negatives=0
Epoch 045 train: loss=0.0210 AUROC=0.9999 AUPRC=0.9985 BalAcc=0.9957 F1=0.9853 MCC=0.9839
Epoch 045 val  : loss=0.0185 AUROC=0.9977 AUPRC=0.9726 BalAcc=0.9912 F1=0.8658 MCC=0.8709
  learning_rate_used=1.785e-04; learning_rate_next=1.739e-04; elapsed=28.6s
  negatives seen=100.0%; hard negatives=0
Epoch 046 train: loss=0.0245 AUROC=0.9998 AUPRC=0.9971 BalAcc=0.9962 F1=0.9858 MCC=0.9844
Epoch 046 val  : loss=0.0179 AUROC=0.9982 AUPRC=0.9739 BalAcc=0.9866 F1=0.8872 MCC=0.8897
  learning_rate_used=1.739e-04; learning_rate_next=1.692e-04; elapsed=28.3s
  negatives seen=100.0%; hard negatives=0
Epoch 047 train: loss=0.0173 AUROC=0.9999 AUPRC=0.9993 BalAcc=0.9968 F1=0.9896 MCC=0.9885
Epoch 047 val  : loss=0.0227 AUROC=0.9979 AUPRC=0.9757 BalAcc=0.9922 F1=0.8213 MCC=0.8315
  learning_rate_used=1.692e-04; learning_rate_next=1.646e-04; elapsed=28.3s
  saved new best checkpoint: /data/projects/SFB_A03/jan/AT_TFBS/human301/runs/MGA/crossassay_20261008_004647_1001695/GHTS_seed1/best_model.pt (objective=classification-auprc, score=0.975744)
  negatives seen=100.0%; hard negatives=0
Epoch 048 train: loss=0.0328 AUROC=0.9998 AUPRC=0.9983 BalAcc=0.9946 F1=0.9823 MCC=0.9806
Epoch 048 val  : loss=0.0211 AUROC=0.9980 AUPRC=0.9727 BalAcc=0.9915 F1=0.8284 MCC=0.8375
  learning_rate_used=1.646e-04; learning_rate_next=1.599e-04; elapsed=28.5s
  negatives seen=100.0%; hard negatives=0
Epoch 049 train: loss=0.0245 AUROC=0.9999 AUPRC=0.9984 BalAcc=0.9957 F1=0.9851 MCC=0.9837
Epoch 049 val  : loss=0.0218 AUROC=0.9986 AUPRC=0.9678 BalAcc=0.9754 F1=0.8985 MCC=0.8989
  learning_rate_used=1.599e-04; learning_rate_next=1.552e-04; elapsed=28.5s
  negatives seen=100.0%; hard negatives=0
Epoch 050 train: loss=0.0291 AUROC=0.9998 AUPRC=0.9973 BalAcc=0.9955 F1=0.9833 MCC=0.9816
Epoch 050 val  : loss=0.0175 AUROC=0.9987 AUPRC=0.9735 BalAcc=0.9859 F1=0.8985 MCC=0.9001
  learning_rate_used=1.552e-04; learning_rate_next=1.505e-04; elapsed=28.3s
  negatives seen=100.0%; hard negatives=0
Epoch 051 train: loss=0.0181 AUROC=0.9999 AUPRC=0.9986 BalAcc=0.9972 F1=0.9891 MCC=0.9880
Epoch 051 val  : loss=0.0192 AUROC=0.9985 AUPRC=0.9728 BalAcc=0.9859 F1=0.8958 MCC=0.8976
  learning_rate_used=1.505e-04; learning_rate_next=1.458e-04; elapsed=28.5s
  negatives seen=100.0%; hard negatives=0
Epoch 052 train: loss=0.0189 AUROC=0.9999 AUPRC=0.9987 BalAcc=0.9973 F1=0.9879 MCC=0.9868
Epoch 052 val  : loss=0.0221 AUROC=0.9981 AUPRC=0.9702 BalAcc=0.9794 F1=0.8993 MCC=0.9001
  learning_rate_used=1.458e-04; learning_rate_next=1.411e-04; elapsed=28.5s
  negatives seen=100.0%; hard negatives=0
Epoch 053 train: loss=0.0184 AUROC=0.9998 AUPRC=0.9975 BalAcc=0.9969 F1=0.9882 MCC=0.9870
Epoch 053 val  : loss=0.0255 AUROC=0.9986 AUPRC=0.9699 BalAcc=0.9698 F1=0.9052 MCC=0.9049
  learning_rate_used=1.411e-04; learning_rate_next=1.364e-04; elapsed=28.3s
  negatives seen=100.0%; hard negatives=0
Epoch 054 train: loss=0.0136 AUROC=0.9999 AUPRC=0.9994 BalAcc=0.9976 F1=0.9910 MCC=0.9901
Epoch 054 val  : loss=0.0191 AUROC=0.9980 AUPRC=0.9757 BalAcc=0.9848 F1=0.8790 MCC=0.8818
  learning_rate_used=1.364e-04; learning_rate_next=1.318e-04; elapsed=28.4s
  negatives seen=100.0%; hard negatives=0
Epoch 055 train: loss=0.0144 AUROC=0.9999 AUPRC=0.9991 BalAcc=0.9978 F1=0.9891 MCC=0.9881
Epoch 055 val  : loss=0.0235 AUROC=0.9983 AUPRC=0.9709 BalAcc=0.9755 F1=0.9084 MCC=0.9084
  learning_rate_used=1.318e-04; learning_rate_next=1.271e-04; elapsed=28.4s
  negatives seen=100.0%; hard negatives=0
Epoch 056 train: loss=0.0131 AUROC=0.9999 AUPRC=0.9993 BalAcc=0.9978 F1=0.9926 MCC=0.9919
Epoch 056 val  : loss=0.0181 AUROC=0.9985 AUPRC=0.9775 BalAcc=0.9906 F1=0.8848 MCC=0.8881
  learning_rate_used=1.271e-04; learning_rate_next=1.225e-04; elapsed=28.2s
  saved new best checkpoint: /data/projects/SFB_A03/jan/AT_TFBS/human301/runs/MGA/crossassay_20261008_004647_1001695/GHTS_seed1/best_model.pt (objective=classification-auprc, score=0.977548)
  negatives seen=100.0%; hard negatives=0
Epoch 057 train: loss=0.0202 AUROC=0.9999 AUPRC=0.9989 BalAcc=0.9978 F1=0.9912 MCC=0.9904
Epoch 057 val  : loss=0.0217 AUROC=0.9985 AUPRC=0.9764 BalAcc=0.9764 F1=0.9200 MCC=0.9198
  learning_rate_used=1.225e-04; learning_rate_next=1.179e-04; elapsed=28.2s
  negatives seen=100.0%; hard negatives=0
Epoch 058 train: loss=0.0160 AUROC=0.9999 AUPRC=0.9993 BalAcc=0.9973 F1=0.9898 MCC=0.9888
Epoch 058 val  : loss=0.0204 AUROC=0.9983 AUPRC=0.9764 BalAcc=0.9836 F1=0.9063 MCC=0.9072
  learning_rate_used=1.179e-04; learning_rate_next=1.133e-04; elapsed=28.3s
  negatives seen=100.0%; hard negatives=0
Epoch 059 train: loss=0.0160 AUROC=0.9999 AUPRC=0.9990 BalAcc=0.9980 F1=0.9910 MCC=0.9901
Epoch 059 val  : loss=0.0193 AUROC=0.9985 AUPRC=0.9763 BalAcc=0.9844 F1=0.9113 MCC=0.9121
  learning_rate_used=1.133e-04; learning_rate_next=1.088e-04; elapsed=28.4s
  negatives seen=100.0%; hard negatives=0
Epoch 060 train: loss=0.0133 AUROC=0.9999 AUPRC=0.9989 BalAcc=0.9984 F1=0.9905 MCC=0.9896
Epoch 060 val  : loss=0.0259 AUROC=0.9986 AUPRC=0.9712 BalAcc=0.9779 F1=0.9116 MCC=0.9118
  learning_rate_used=1.088e-04; learning_rate_next=1.043e-04; elapsed=28.6s
  negatives seen=100.0%; hard negatives=0
Epoch 061 train: loss=0.0159 AUROC=0.9999 AUPRC=0.9984 BalAcc=0.9975 F1=0.9898 MCC=0.9888
Epoch 061 val  : loss=0.0231 AUROC=0.9983 AUPRC=0.9736 BalAcc=0.9748 F1=0.9190 MCC=0.9187
  learning_rate_used=1.043e-04; learning_rate_next=9.986e-05; elapsed=28.4s
  negatives seen=100.0%; hard negatives=0
Epoch 062 train: loss=0.0078 AUROC=0.9999 AUPRC=0.9979 BalAcc=0.9993 F1=0.9931 MCC=0.9925
Epoch 062 val  : loss=0.0274 AUROC=0.9981 AUPRC=0.9694 BalAcc=0.9723 F1=0.9179 MCC=0.9175
  learning_rate_used=9.986e-05; learning_rate_next=9.547e-05; elapsed=28.7s
  negatives seen=100.0%; hard negatives=0
Epoch 063 train: loss=0.0158 AUROC=0.9999 AUPRC=0.9993 BalAcc=0.9972 F1=0.9910 MCC=0.9901
Epoch 063 val  : loss=0.0226 AUROC=0.9982 AUPRC=0.9732 BalAcc=0.9811 F1=0.9045 MCC=0.9052
  learning_rate_used=9.547e-05; learning_rate_next=9.113e-05; elapsed=28.3s
  negatives seen=100.0%; hard negatives=0
Epoch 064 train: loss=0.0135 AUROC=0.9999 AUPRC=0.9994 BalAcc=0.9979 F1=0.9922 MCC=0.9914
Epoch 064 val  : loss=0.0263 AUROC=0.9983 AUPRC=0.9705 BalAcc=0.9706 F1=0.9111 MCC=0.9107
  learning_rate_used=9.113e-05; learning_rate_next=8.685e-05; elapsed=28.5s
  negatives seen=100.0%; hard negatives=0
Epoch 065 train: loss=0.0107 AUROC=0.9999 AUPRC=0.9990 BalAcc=0.9979 F1=0.9919 MCC=0.9911
Epoch 065 val  : loss=0.0259 AUROC=0.9983 AUPRC=0.9669 BalAcc=0.9721 F1=0.8986 MCC=0.8987
  learning_rate_used=8.685e-05; learning_rate_next=8.263e-05; elapsed=28.5s
  negatives seen=100.0%; hard negatives=0
Epoch 066 train: loss=0.0167 AUROC=0.9999 AUPRC=0.9992 BalAcc=0.9978 F1=0.9912 MCC=0.9904
Epoch 066 val  : loss=0.0286 AUROC=0.9982 AUPRC=0.9708 BalAcc=0.9715 F1=0.9185 MCC=0.9180
  learning_rate_used=8.263e-05; learning_rate_next=7.848e-05; elapsed=28.2s
  negatives seen=100.0%; hard negatives=0
Epoch 067 train: loss=0.0097 AUROC=0.9999 AUPRC=0.9994 BalAcc=0.9986 F1=0.9929 MCC=0.9922
Epoch 067 val  : loss=0.0221 AUROC=0.9981 AUPRC=0.9726 BalAcc=0.9803 F1=0.9050 MCC=0.9056
  learning_rate_used=7.848e-05; learning_rate_next=7.440e-05; elapsed=29.1s
  negatives seen=100.0%; hard negatives=0
Epoch 068 train: loss=0.0093 AUROC=0.9999 AUPRC=0.9988 BalAcc=0.9985 F1=0.9936 MCC=0.9930
Epoch 068 val  : loss=0.0212 AUROC=0.9983 AUPRC=0.9738 BalAcc=0.9788 F1=0.9139 MCC=0.9141
  learning_rate_used=7.440e-05; learning_rate_next=7.039e-05; elapsed=28.2s
  negatives seen=100.0%; hard negatives=0
Epoch 069 train: loss=0.0060 AUROC=0.9999 AUPRC=0.9992 BalAcc=0.9991 F1=0.9950 MCC=0.9945
Epoch 069 val  : loss=0.0245 AUROC=0.9985 AUPRC=0.9730 BalAcc=0.9787 F1=0.9097 MCC=0.9099
  learning_rate_used=7.039e-05; learning_rate_next=6.647e-05; elapsed=28.7s
  negatives seen=100.0%; hard negatives=0
Epoch 070 train: loss=0.0103 AUROC=1.0000 AUPRC=0.9996 BalAcc=0.9984 F1=0.9924 MCC=0.9917
Epoch 070 val  : loss=0.0224 AUROC=0.9982 AUPRC=0.9726 BalAcc=0.9826 F1=0.8931 MCC=0.8946
  learning_rate_used=6.647e-05; learning_rate_next=6.263e-05; elapsed=28.1s
  negatives seen=100.0%; hard negatives=0
Epoch 071 train: loss=0.0052 AUROC=1.0000 AUPRC=0.9995 BalAcc=0.9995 F1=0.9948 MCC=0.9943
Epoch 071 val  : loss=0.0261 AUROC=0.9984 AUPRC=0.9720 BalAcc=0.9756 F1=0.9177 MCC=0.9175
  learning_rate_used=6.263e-05; learning_rate_next=5.887e-05; elapsed=28.3s
  negatives seen=100.0%; hard negatives=0
Epoch 072 train: loss=0.0121 AUROC=0.9999 AUPRC=0.9987 BalAcc=0.9987 F1=0.9934 MCC=0.9927
Epoch 072 val  : loss=0.0226 AUROC=0.9984 AUPRC=0.9704 BalAcc=0.9754 F1=0.9027 MCC=0.9030
  learning_rate_used=5.887e-05; learning_rate_next=5.521e-05; elapsed=28.4s
  negatives seen=100.0%; hard negatives=0
Epoch 073 train: loss=0.0045 AUROC=1.0000 AUPRC=0.9999 BalAcc=0.9994 F1=0.9957 MCC=0.9953
Epoch 073 val  : loss=0.0314 AUROC=0.9985 AUPRC=0.9708 BalAcc=0.9675 F1=0.9179 MCC=0.9172
  learning_rate_used=5.521e-05; learning_rate_next=5.163e-05; elapsed=28.2s
  negatives seen=100.0%; hard negatives=0
Epoch 074 train: loss=0.0032 AUROC=1.0000 AUPRC=0.9999 BalAcc=0.9997 F1=0.9969 MCC=0.9966
Epoch 074 val  : loss=0.0311 AUROC=0.9983 AUPRC=0.9698 BalAcc=0.9699 F1=0.9175 MCC=0.9170
  learning_rate_used=5.163e-05; learning_rate_next=4.816e-05; elapsed=28.5s
  negatives seen=100.0%; hard negatives=0
Epoch 075 train: loss=0.0112 AUROC=1.0000 AUPRC=0.9998 BalAcc=0.9982 F1=0.9945 MCC=0.9940
Epoch 075 val  : loss=0.0274 AUROC=0.9983 AUPRC=0.9733 BalAcc=0.9755 F1=0.9134 MCC=0.9133
  learning_rate_used=4.816e-05; learning_rate_next=4.479e-05; elapsed=28.5s
  negatives seen=100.0%; hard negatives=0
Epoch 076 train: loss=0.0078 AUROC=1.0000 AUPRC=0.9998 BalAcc=0.9986 F1=0.9950 MCC=0.9945
Epoch 076 val  : loss=0.0321 AUROC=0.9985 AUPRC=0.9714 BalAcc=0.9691 F1=0.9218 MCC=0.9212
  learning_rate_used=4.479e-05; learning_rate_next=4.152e-05; elapsed=28.7s
Early stopping after 76 epochs.
Binary threshold: 0.944812 (strategy=val-mcc, validation_score=0.929167)
Validation-only run completed; frozen model: /data/projects/SFB_A03/jan/AT_TFBS/human301/runs/MGA/crossassay_20261008_004647_1001695/GHTS_seed1/model_for_prediction.pt
MGA: GHTS -> GHTS
TEST MGA GHTS -> GHTS: loss=0.0225 AUROC=0.9989 AUPRC=0.9662 BalAcc=0.9631 F1=0.9117 MCC=0.9109
MGA: GHTS -> CHIP
TEST MGA GHTS -> CHIP: loss=1.1968 AUROC=0.7206 AUPRC=0.0479 BalAcc=0.5183 F1=0.0615 MCC=0.0714
Completed MGA/GHTS: one model, both fixed test sets.
