TF=MGA variant=local seed=1
/home/jbossenz/miniforge3/envs/at_env/bin/python -u /data/projects/SFB_A03/jan/AT_TFBS/human301/hum301_motif64_local.py train --cache /data/projects/SFB_A03/jan/AT_TFBS/raw_data/human/MGA/hum301_multitf_chr5_chr7/dataset.npz --output-dir /data/projects/SFB_A03/jan/AT_TFBS/human301/runs/MGA/multitf_20261006_033507_932031_local_seed1 --input-length 256 --embed-channels 64 --encoder-channels 80 96 128 --heads 4 --ffn-channels 256 --classification-readout local-logsumexp --task-mode classification --checkpoint-objective classification-auprc --threshold-strategy val-mcc --negatives-per-positive 10 --batch-size 88 --hard-negative-fraction 0 --epochs 100 --patience 20 --learning-rate 0.0003 --min-learning-rate 0.000001 --weight-decay 0.0001 --dropout 0.1 --activation relu --reverse-complement-probability 0.5 --eval-crops multi --eval-rc --no-balanced-evaluation --eval-batch-size 128 --num-workers 2 --seed 1 --device cuda
Window geometry: 256 bp from 301 bp; crop starts 0..45; shifts -22..+23; fresh uniform draw per access
Evaluation: crops (0, 22, 23, 45), reverse complement=True; all samples
train: n=852,642, positive=8,442, negative=844,200
  val: n=201,495, positive=1,995, negative=199,500
 test: n=839,613, positive=8,313, negative=831,300
Device: cuda
Hidden activation: RELU
Parameters: 1,032,981 total; 1,032,981 trainable
Architecture: motif kernels 9/12; encoder 128/64/64; original five-block bottleneck at 64; decoder 64/128/256
  negatives seen=10.0%; hard negatives=0
Epoch 001 train: loss=0.8351 AUROC=0.8634 AUPRC=0.5379 BalAcc=0.7827 F1=0.4333 MCC=0.3956
Epoch 001 val  : loss=0.6084 AUROC=0.9046 AUPRC=0.1824 BalAcc=0.8002 F1=0.0588 MCC=0.1314
  learning_rate_used=3.000e-04; learning_rate_next=2.999e-04; elapsed=99.3s
  saved new best checkpoint: /data/projects/SFB_A03/jan/AT_TFBS/human301/runs/MGA/multitf_20261006_033507_932031_local_seed1/best_model.pt (objective=classification-auprc, score=0.182446)
  negatives seen=20.0%; hard negatives=0
Epoch 002 train: loss=0.7138 AUROC=0.9038 AUPRC=0.6126 BalAcc=0.8288 F1=0.5020 MCC=0.4754
Epoch 002 val  : loss=0.2969 AUROC=0.9187 AUPRC=0.2042 BalAcc=0.8294 F1=0.1566 MCC=0.2363
  learning_rate_used=2.999e-04; learning_rate_next=2.997e-04; elapsed=98.3s
  saved new best checkpoint: /data/projects/SFB_A03/jan/AT_TFBS/human301/runs/MGA/multitf_20261006_033507_932031_local_seed1/best_model.pt (objective=classification-auprc, score=0.204202)
  negatives seen=30.0%; hard negatives=0
Epoch 003 train: loss=0.6696 AUROC=0.9163 AUPRC=0.6377 BalAcc=0.8448 F1=0.5287 MCC=0.5053
Epoch 003 val  : loss=0.8855 AUROC=0.9244 AUPRC=0.2218 BalAcc=0.7660 F1=0.0426 MCC=0.1061
  learning_rate_used=2.997e-04; learning_rate_next=2.993e-04; elapsed=97.7s
  saved new best checkpoint: /data/projects/SFB_A03/jan/AT_TFBS/human301/runs/MGA/multitf_20261006_033507_932031_local_seed1/best_model.pt (objective=classification-auprc, score=0.221750)
  negatives seen=40.0%; hard negatives=0
Epoch 004 train: loss=0.6480 AUROC=0.9219 AUPRC=0.6510 BalAcc=0.8491 F1=0.5420 MCC=0.5184
Epoch 004 val  : loss=0.2371 AUROC=0.9291 AUPRC=0.2367 BalAcc=0.8245 F1=0.2097 MCC=0.2793
  learning_rate_used=2.993e-04; learning_rate_next=2.988e-04; elapsed=97.8s
  saved new best checkpoint: /data/projects/SFB_A03/jan/AT_TFBS/human301/runs/MGA/multitf_20261006_033507_932031_local_seed1/best_model.pt (objective=classification-auprc, score=0.236673)
  negatives seen=50.0%; hard negatives=0
Epoch 005 train: loss=0.6273 AUROC=0.9273 AUPRC=0.6657 BalAcc=0.8530 F1=0.5452 MCC=0.5230
Epoch 005 val  : loss=0.2476 AUROC=0.9290 AUPRC=0.2430 BalAcc=0.8371 F1=0.1885 MCC=0.2664
  learning_rate_used=2.988e-04; learning_rate_next=2.982e-04; elapsed=97.1s
  saved new best checkpoint: /data/projects/SFB_A03/jan/AT_TFBS/human301/runs/MGA/multitf_20261006_033507_932031_local_seed1/best_model.pt (objective=classification-auprc, score=0.242961)
  negatives seen=60.0%; hard negatives=0
Epoch 006 train: loss=0.6074 AUROC=0.9322 AUPRC=0.6799 BalAcc=0.8586 F1=0.5568 MCC=0.5353
Epoch 006 val  : loss=0.2906 AUROC=0.9270 AUPRC=0.2341 BalAcc=0.8341 F1=0.1575 MCC=0.2388
  learning_rate_used=2.982e-04; learning_rate_next=2.974e-04; elapsed=98.5s
  negatives seen=70.0%; hard negatives=0
Epoch 007 train: loss=0.5976 AUROC=0.9345 AUPRC=0.6843 BalAcc=0.8641 F1=0.5655 MCC=0.5453
Epoch 007 val  : loss=0.3528 AUROC=0.9305 AUPRC=0.2626 BalAcc=0.8570 F1=0.1117 MCC=0.2035
  learning_rate_used=2.974e-04; learning_rate_next=2.964e-04; elapsed=98.2s
  saved new best checkpoint: /data/projects/SFB_A03/jan/AT_TFBS/human301/runs/MGA/multitf_20261006_033507_932031_local_seed1/best_model.pt (objective=classification-auprc, score=0.262599)
  negatives seen=80.0%; hard negatives=0
Epoch 008 train: loss=0.5817 AUROC=0.9382 AUPRC=0.6898 BalAcc=0.8678 F1=0.5723 MCC=0.5526
Epoch 008 val  : loss=0.3049 AUROC=0.9347 AUPRC=0.2477 BalAcc=0.8515 F1=0.1391 MCC=0.2280
  learning_rate_used=2.964e-04; learning_rate_next=2.953e-04; elapsed=98.3s
  negatives seen=90.0%; hard negatives=0
Epoch 009 train: loss=0.5690 AUROC=0.9411 AUPRC=0.6955 BalAcc=0.8717 F1=0.5790 MCC=0.5602
Epoch 009 val  : loss=0.4189 AUROC=0.9262 AUPRC=0.2562 BalAcc=0.8471 F1=0.0968 MCC=0.1855
  learning_rate_used=2.953e-04; learning_rate_next=2.941e-04; elapsed=97.9s
  negatives seen=100.0%; hard negatives=0
Epoch 010 train: loss=0.5604 AUROC=0.9430 AUPRC=0.7074 BalAcc=0.8711 F1=0.5825 MCC=0.5628
Epoch 010 val  : loss=0.3240 AUROC=0.9390 AUPRC=0.2902 BalAcc=0.8670 F1=0.1304 MCC=0.2249
  learning_rate_used=2.941e-04; learning_rate_next=2.927e-04; elapsed=98.2s
  saved new best checkpoint: /data/projects/SFB_A03/jan/AT_TFBS/human301/runs/MGA/multitf_20261006_033507_932031_local_seed1/best_model.pt (objective=classification-auprc, score=0.290200)
  negatives seen=100.0%; hard negatives=0
Epoch 011 train: loss=0.5490 AUROC=0.9456 AUPRC=0.7082 BalAcc=0.8755 F1=0.5857 MCC=0.5675
Epoch 011 val  : loss=0.2667 AUROC=0.9398 AUPRC=0.2778 BalAcc=0.8614 F1=0.1611 MCC=0.2513
  learning_rate_used=2.927e-04; learning_rate_next=2.912e-04; elapsed=97.8s
  negatives seen=100.0%; hard negatives=0
Epoch 012 train: loss=0.5390 AUROC=0.9475 AUPRC=0.7196 BalAcc=0.8789 F1=0.5970 MCC=0.5786
Epoch 012 val  : loss=0.2158 AUROC=0.9360 AUPRC=0.2934 BalAcc=0.8411 F1=0.2113 MCC=0.2869
  learning_rate_used=2.912e-04; learning_rate_next=2.895e-04; elapsed=97.2s
  saved new best checkpoint: /data/projects/SFB_A03/jan/AT_TFBS/human301/runs/MGA/multitf_20261006_033507_932031_local_seed1/best_model.pt (objective=classification-auprc, score=0.293426)
  negatives seen=100.0%; hard negatives=0
Epoch 013 train: loss=0.5295 AUROC=0.9494 AUPRC=0.7162 BalAcc=0.8814 F1=0.5967 MCC=0.5796
Epoch 013 val  : loss=0.3552 AUROC=0.9402 AUPRC=0.2841 BalAcc=0.8708 F1=0.1199 MCC=0.2159
  learning_rate_used=2.895e-04; learning_rate_next=2.877e-04; elapsed=96.9s
  negatives seen=100.0%; hard negatives=0
Epoch 014 train: loss=0.5262 AUROC=0.9499 AUPRC=0.7254 BalAcc=0.8817 F1=0.5978 MCC=0.5806
Epoch 014 val  : loss=0.2314 AUROC=0.9385 AUPRC=0.2942 BalAcc=0.8526 F1=0.1967 MCC=0.2790
  learning_rate_used=2.877e-04; learning_rate_next=2.858e-04; elapsed=97.9s
  saved new best checkpoint: /data/projects/SFB_A03/jan/AT_TFBS/human301/runs/MGA/multitf_20261006_033507_932031_local_seed1/best_model.pt (objective=classification-auprc, score=0.294217)
  negatives seen=100.0%; hard negatives=0
Epoch 015 train: loss=0.5098 AUROC=0.9527 AUPRC=0.7339 BalAcc=0.8887 F1=0.6124 MCC=0.5962
Epoch 015 val  : loss=0.2069 AUROC=0.9373 AUPRC=0.2958 BalAcc=0.8385 F1=0.2185 MCC=0.2917
  learning_rate_used=2.858e-04; learning_rate_next=2.837e-04; elapsed=97.6s
  saved new best checkpoint: /data/projects/SFB_A03/jan/AT_TFBS/human301/runs/MGA/multitf_20261006_033507_932031_local_seed1/best_model.pt (objective=classification-auprc, score=0.295780)
  negatives seen=100.0%; hard negatives=0
Epoch 016 train: loss=0.5079 AUROC=0.9537 AUPRC=0.7302 BalAcc=0.8870 F1=0.6152 MCC=0.5978
Epoch 016 val  : loss=0.2426 AUROC=0.9397 AUPRC=0.2918 BalAcc=0.8532 F1=0.1835 MCC=0.2680
  learning_rate_used=2.837e-04; learning_rate_next=2.815e-04; elapsed=100.3s
  negatives seen=100.0%; hard negatives=0
Epoch 017 train: loss=0.4957 AUROC=0.9561 AUPRC=0.7381 BalAcc=0.8902 F1=0.6175 MCC=0.6012
Epoch 017 val  : loss=0.2608 AUROC=0.9398 AUPRC=0.2820 BalAcc=0.8629 F1=0.1656 MCC=0.2558
  learning_rate_used=2.815e-04; learning_rate_next=2.792e-04; elapsed=99.9s
  negatives seen=100.0%; hard negatives=0
Epoch 018 train: loss=0.4946 AUROC=0.9563 AUPRC=0.7362 BalAcc=0.8921 F1=0.6248 MCC=0.6083
Epoch 018 val  : loss=0.2213 AUROC=0.9370 AUPRC=0.3043 BalAcc=0.8469 F1=0.2002 MCC=0.2798
  learning_rate_used=2.792e-04; learning_rate_next=2.767e-04; elapsed=101.2s
  saved new best checkpoint: /data/projects/SFB_A03/jan/AT_TFBS/human301/runs/MGA/multitf_20261006_033507_932031_local_seed1/best_model.pt (objective=classification-auprc, score=0.304277)
  negatives seen=100.0%; hard negatives=0
Epoch 019 train: loss=0.4803 AUROC=0.9587 AUPRC=0.7417 BalAcc=0.8959 F1=0.6335 MCC=0.6174
Epoch 019 val  : loss=0.3602 AUROC=0.9401 AUPRC=0.3044 BalAcc=0.8693 F1=0.1101 MCC=0.2057
  learning_rate_used=2.767e-04; learning_rate_next=2.741e-04; elapsed=100.9s
  saved new best checkpoint: /data/projects/SFB_A03/jan/AT_TFBS/human301/runs/MGA/multitf_20261006_033507_932031_local_seed1/best_model.pt (objective=classification-auprc, score=0.304438)
  negatives seen=100.0%; hard negatives=0
Epoch 020 train: loss=0.4737 AUROC=0.9600 AUPRC=0.7514 BalAcc=0.8979 F1=0.6360 MCC=0.6204
Epoch 020 val  : loss=0.3689 AUROC=0.9405 AUPRC=0.3109 BalAcc=0.8704 F1=0.1153 MCC=0.2113
  learning_rate_used=2.741e-04; learning_rate_next=2.714e-04; elapsed=100.4s
  saved new best checkpoint: /data/projects/SFB_A03/jan/AT_TFBS/human301/runs/MGA/multitf_20261006_033507_932031_local_seed1/best_model.pt (objective=classification-auprc, score=0.310944)
  negatives seen=100.0%; hard negatives=0
Epoch 021 train: loss=0.4650 AUROC=0.9614 AUPRC=0.7488 BalAcc=0.9001 F1=0.6374 MCC=0.6226
Epoch 021 val  : loss=0.3250 AUROC=0.9386 AUPRC=0.3008 BalAcc=0.8653 F1=0.1258 MCC=0.2200
  learning_rate_used=2.714e-04; learning_rate_next=2.686e-04; elapsed=100.7s
  negatives seen=100.0%; hard negatives=0
Epoch 022 train: loss=0.4594 AUROC=0.9623 AUPRC=0.7549 BalAcc=0.9001 F1=0.6440 MCC=0.6283
Epoch 022 val  : loss=0.3089 AUROC=0.9395 AUPRC=0.2935 BalAcc=0.8682 F1=0.1362 MCC=0.2307
  learning_rate_used=2.686e-04; learning_rate_next=2.657e-04; elapsed=100.6s
  negatives seen=100.0%; hard negatives=0
Epoch 023 train: loss=0.4578 AUROC=0.9626 AUPRC=0.7534 BalAcc=0.9032 F1=0.6480 MCC=0.6330
Epoch 023 val  : loss=0.2314 AUROC=0.9400 AUPRC=0.3124 BalAcc=0.8585 F1=0.1965 MCC=0.2809
  learning_rate_used=2.657e-04; learning_rate_next=2.626e-04; elapsed=100.6s
  saved new best checkpoint: /data/projects/SFB_A03/jan/AT_TFBS/human301/runs/MGA/multitf_20261006_033507_932031_local_seed1/best_model.pt (objective=classification-auprc, score=0.312403)
  negatives seen=100.0%; hard negatives=0
Epoch 024 train: loss=0.4419 AUROC=0.9650 AUPRC=0.7693 BalAcc=0.9042 F1=0.6555 MCC=0.6400
Epoch 024 val  : loss=0.2533 AUROC=0.9392 AUPRC=0.3140 BalAcc=0.8601 F1=0.1715 MCC=0.2601
  learning_rate_used=2.626e-04; learning_rate_next=2.595e-04; elapsed=100.4s
  saved new best checkpoint: /data/projects/SFB_A03/jan/AT_TFBS/human301/runs/MGA/multitf_20261006_033507_932031_local_seed1/best_model.pt (objective=classification-auprc, score=0.314038)
  negatives seen=100.0%; hard negatives=0
Epoch 025 train: loss=0.4374 AUROC=0.9655 AUPRC=0.7674 BalAcc=0.9073 F1=0.6610 MCC=0.6461
Epoch 025 val  : loss=0.2117 AUROC=0.9376 AUPRC=0.3069 BalAcc=0.8355 F1=0.2279 MCC=0.2982
  learning_rate_used=2.595e-04; learning_rate_next=2.562e-04; elapsed=100.3s
  negatives seen=100.0%; hard negatives=0
Epoch 026 train: loss=0.4292 AUROC=0.9670 AUPRC=0.7723 BalAcc=0.9090 F1=0.6645 MCC=0.6499
Epoch 026 val  : loss=0.2247 AUROC=0.9374 AUPRC=0.3081 BalAcc=0.8546 F1=0.1952 MCC=0.2784
  learning_rate_used=2.562e-04; learning_rate_next=2.528e-04; elapsed=99.9s
  negatives seen=100.0%; hard negatives=0
Epoch 027 train: loss=0.4235 AUROC=0.9676 AUPRC=0.7704 BalAcc=0.9102 F1=0.6684 MCC=0.6537
Epoch 027 val  : loss=0.3324 AUROC=0.9386 AUPRC=0.2969 BalAcc=0.8666 F1=0.1350 MCC=0.2291
  learning_rate_used=2.528e-04; learning_rate_next=2.494e-04; elapsed=100.1s
  negatives seen=100.0%; hard negatives=0
Epoch 028 train: loss=0.4213 AUROC=0.9680 AUPRC=0.7681 BalAcc=0.9094 F1=0.6659 MCC=0.6512
Epoch 028 val  : loss=0.2766 AUROC=0.9398 AUPRC=0.3041 BalAcc=0.8689 F1=0.1509 MCC=0.2446
  learning_rate_used=2.494e-04; learning_rate_next=2.458e-04; elapsed=101.1s
  negatives seen=100.0%; hard negatives=0
Epoch 029 train: loss=0.4168 AUROC=0.9688 AUPRC=0.7862 BalAcc=0.9139 F1=0.6778 MCC=0.6635
Epoch 029 val  : loss=0.2866 AUROC=0.9401 AUPRC=0.2991 BalAcc=0.8680 F1=0.1545 MCC=0.2477
  learning_rate_used=2.458e-04; learning_rate_next=2.421e-04; elapsed=100.5s
  negatives seen=100.0%; hard negatives=0
Epoch 030 train: loss=0.4044 AUROC=0.9704 AUPRC=0.7873 BalAcc=0.9158 F1=0.6839 MCC=0.6696
Epoch 030 val  : loss=0.2418 AUROC=0.9376 AUPRC=0.3085 BalAcc=0.8533 F1=0.1891 MCC=0.2729
  learning_rate_used=2.421e-04; learning_rate_next=2.384e-04; elapsed=99.9s
  negatives seen=100.0%; hard negatives=0
Epoch 031 train: loss=0.4009 AUROC=0.9712 AUPRC=0.7877 BalAcc=0.9162 F1=0.6892 MCC=0.6745
Epoch 031 val  : loss=0.2134 AUROC=0.9310 AUPRC=0.2947 BalAcc=0.8317 F1=0.2268 MCC=0.2959
  learning_rate_used=2.384e-04; learning_rate_next=2.345e-04; elapsed=100.2s
  negatives seen=100.0%; hard negatives=0
Epoch 032 train: loss=0.3979 AUROC=0.9714 AUPRC=0.7811 BalAcc=0.9167 F1=0.6864 MCC=0.6722
Epoch 032 val  : loss=0.1953 AUROC=0.9385 AUPRC=0.3125 BalAcc=0.8361 F1=0.2409 MCC=0.3089
  learning_rate_used=2.345e-04; learning_rate_next=2.306e-04; elapsed=101.6s
  negatives seen=100.0%; hard negatives=0
Epoch 033 train: loss=0.3885 AUROC=0.9725 AUPRC=0.7867 BalAcc=0.9195 F1=0.6916 MCC=0.6779
Epoch 033 val  : loss=0.2365 AUROC=0.9392 AUPRC=0.2969 BalAcc=0.8555 F1=0.1908 MCC=0.2751
  learning_rate_used=2.306e-04; learning_rate_next=2.266e-04; elapsed=100.5s
  negatives seen=100.0%; hard negatives=0
Epoch 034 train: loss=0.3860 AUROC=0.9731 AUPRC=0.7895 BalAcc=0.9200 F1=0.6943 MCC=0.6805
Epoch 034 val  : loss=0.2378 AUROC=0.9367 AUPRC=0.3106 BalAcc=0.8547 F1=0.1843 MCC=0.2693
  learning_rate_used=2.266e-04; learning_rate_next=2.225e-04; elapsed=99.7s
  negatives seen=100.0%; hard negatives=0
Epoch 035 train: loss=0.3711 AUROC=0.9747 AUPRC=0.7959 BalAcc=0.9226 F1=0.7034 MCC=0.6896
Epoch 035 val  : loss=0.1996 AUROC=0.9356 AUPRC=0.3110 BalAcc=0.8280 F1=0.2540 MCC=0.3161
  learning_rate_used=2.225e-04; learning_rate_next=2.184e-04; elapsed=102.1s
  negatives seen=100.0%; hard negatives=0
Epoch 036 train: loss=0.3798 AUROC=0.9737 AUPRC=0.7961 BalAcc=0.9217 F1=0.6992 MCC=0.6855
Epoch 036 val  : loss=0.2186 AUROC=0.9375 AUPRC=0.3035 BalAcc=0.8495 F1=0.2057 MCC=0.2854
  learning_rate_used=2.184e-04; learning_rate_next=2.142e-04; elapsed=100.3s
  negatives seen=100.0%; hard negatives=0
Epoch 037 train: loss=0.3614 AUROC=0.9762 AUPRC=0.8053 BalAcc=0.9253 F1=0.7097 MCC=0.6963
Epoch 037 val  : loss=0.2150 AUROC=0.9361 AUPRC=0.3129 BalAcc=0.8454 F1=0.2167 MCC=0.2929
  learning_rate_used=2.142e-04; learning_rate_next=2.099e-04; elapsed=100.1s
  negatives seen=100.0%; hard negatives=0
Epoch 038 train: loss=0.3577 AUROC=0.9764 AUPRC=0.8057 BalAcc=0.9261 F1=0.7155 MCC=0.7017
Epoch 038 val  : loss=0.2357 AUROC=0.9375 AUPRC=0.3185 BalAcc=0.8532 F1=0.2011 MCC=0.2829
  learning_rate_used=2.099e-04; learning_rate_next=2.055e-04; elapsed=100.6s
  saved new best checkpoint: /data/projects/SFB_A03/jan/AT_TFBS/human301/runs/MGA/multitf_20261006_033507_932031_local_seed1/best_model.pt (objective=classification-auprc, score=0.318524)
  negatives seen=100.0%; hard negatives=0
Epoch 039 train: loss=0.3516 AUROC=0.9773 AUPRC=0.8088 BalAcc=0.9283 F1=0.7189 MCC=0.7057
Epoch 039 val  : loss=0.2197 AUROC=0.9347 AUPRC=0.3004 BalAcc=0.8348 F1=0.2262 MCC=0.2966
  learning_rate_used=2.055e-04; learning_rate_next=2.011e-04; elapsed=98.9s
  negatives seen=100.0%; hard negatives=0
Epoch 040 train: loss=0.3437 AUROC=0.9781 AUPRC=0.8121 BalAcc=0.9289 F1=0.7199 MCC=0.7067
Epoch 040 val  : loss=0.1983 AUROC=0.9359 AUPRC=0.3055 BalAcc=0.8244 F1=0.2591 MCC=0.3187
  learning_rate_used=2.011e-04; learning_rate_next=1.967e-04; elapsed=98.8s
  negatives seen=100.0%; hard negatives=0
Epoch 041 train: loss=0.3435 AUROC=0.9782 AUPRC=0.8108 BalAcc=0.9304 F1=0.7293 MCC=0.7158
Epoch 041 val  : loss=0.2194 AUROC=0.9322 AUPRC=0.3147 BalAcc=0.8384 F1=0.2162 MCC=0.2898
  learning_rate_used=1.967e-04; learning_rate_next=1.922e-04; elapsed=98.4s
  negatives seen=100.0%; hard negatives=0
Epoch 042 train: loss=0.3364 AUROC=0.9790 AUPRC=0.8178 BalAcc=0.9302 F1=0.7276 MCC=0.7142
Epoch 042 val  : loss=0.2069 AUROC=0.9368 AUPRC=0.3165 BalAcc=0.8387 F1=0.2311 MCC=0.3021
  learning_rate_used=1.922e-04; learning_rate_next=1.877e-04; elapsed=97.8s
  negatives seen=100.0%; hard negatives=0
Epoch 043 train: loss=0.3254 AUROC=0.9800 AUPRC=0.8224 BalAcc=0.9351 F1=0.7359 MCC=0.7235
Epoch 043 val  : loss=0.2056 AUROC=0.9356 AUPRC=0.3178 BalAcc=0.8403 F1=0.2224 MCC=0.2956
  learning_rate_used=1.877e-04; learning_rate_next=1.831e-04; elapsed=97.6s
  negatives seen=100.0%; hard negatives=0
Epoch 044 train: loss=0.3224 AUROC=0.9804 AUPRC=0.8218 BalAcc=0.9349 F1=0.7398 MCC=0.7269
Epoch 044 val  : loss=0.2195 AUROC=0.9356 AUPRC=0.3158 BalAcc=0.8459 F1=0.2114 MCC=0.2888
  learning_rate_used=1.831e-04; learning_rate_next=1.785e-04; elapsed=98.6s
  negatives seen=100.0%; hard negatives=0
Epoch 045 train: loss=0.3083 AUROC=0.9820 AUPRC=0.8358 BalAcc=0.9369 F1=0.7475 MCC=0.7347
Epoch 045 val  : loss=0.2258 AUROC=0.9348 AUPRC=0.2950 BalAcc=0.8322 F1=0.2306 MCC=0.2991
  learning_rate_used=1.785e-04; learning_rate_next=1.739e-04; elapsed=97.2s
  negatives seen=100.0%; hard negatives=0
Epoch 046 train: loss=0.3114 AUROC=0.9818 AUPRC=0.8353 BalAcc=0.9383 F1=0.7518 MCC=0.7391
Epoch 046 val  : loss=0.1950 AUROC=0.9348 AUPRC=0.3201 BalAcc=0.8165 F1=0.2802 MCC=0.3319
  learning_rate_used=1.739e-04; learning_rate_next=1.692e-04; elapsed=98.1s
  saved new best checkpoint: /data/projects/SFB_A03/jan/AT_TFBS/human301/runs/MGA/multitf_20261006_033507_932031_local_seed1/best_model.pt (objective=classification-auprc, score=0.320086)
  negatives seen=100.0%; hard negatives=0
Epoch 047 train: loss=0.3078 AUROC=0.9820 AUPRC=0.8320 BalAcc=0.9381 F1=0.7504 MCC=0.7378
Epoch 047 val  : loss=0.2273 AUROC=0.9348 AUPRC=0.3141 BalAcc=0.8446 F1=0.2024 MCC=0.2808
  learning_rate_used=1.692e-04; learning_rate_next=1.646e-04; elapsed=97.9s
  negatives seen=100.0%; hard negatives=0
Epoch 048 train: loss=0.3072 AUROC=0.9819 AUPRC=0.8303 BalAcc=0.9388 F1=0.7541 MCC=0.7413
Epoch 048 val  : loss=0.2171 AUROC=0.9344 AUPRC=0.3104 BalAcc=0.8407 F1=0.2282 MCC=0.3005
  learning_rate_used=1.646e-04; learning_rate_next=1.599e-04; elapsed=96.9s
  negatives seen=100.0%; hard negatives=0
Epoch 049 train: loss=0.2986 AUROC=0.9829 AUPRC=0.8387 BalAcc=0.9405 F1=0.7587 MCC=0.7461
Epoch 049 val  : loss=0.1938 AUROC=0.9340 AUPRC=0.3148 BalAcc=0.8191 F1=0.2726 MCC=0.3271
  learning_rate_used=1.599e-04; learning_rate_next=1.552e-04; elapsed=98.3s
  negatives seen=100.0%; hard negatives=0
Epoch 050 train: loss=0.2935 AUROC=0.9834 AUPRC=0.8400 BalAcc=0.9405 F1=0.7623 MCC=0.7496
Epoch 050 val  : loss=0.1999 AUROC=0.9325 AUPRC=0.3149 BalAcc=0.8238 F1=0.2585 MCC=0.3180
  learning_rate_used=1.552e-04; learning_rate_next=1.505e-04; elapsed=98.0s
  negatives seen=100.0%; hard negatives=0
Epoch 051 train: loss=0.2821 AUROC=0.9842 AUPRC=0.8430 BalAcc=0.9434 F1=0.7660 MCC=0.7539
Epoch 051 val  : loss=0.2147 AUROC=0.9365 AUPRC=0.3163 BalAcc=0.8333 F1=0.2355 MCC=0.3035
  learning_rate_used=1.505e-04; learning_rate_next=1.458e-04; elapsed=96.9s
  negatives seen=100.0%; hard negatives=0
Epoch 052 train: loss=0.2782 AUROC=0.9848 AUPRC=0.8482 BalAcc=0.9468 F1=0.7773 MCC=0.7654
Epoch 052 val  : loss=0.2077 AUROC=0.9336 AUPRC=0.3094 BalAcc=0.8110 F1=0.2940 MCC=0.3405
  learning_rate_used=1.458e-04; learning_rate_next=1.411e-04; elapsed=97.6s
  negatives seen=100.0%; hard negatives=0
Epoch 053 train: loss=0.2739 AUROC=0.9851 AUPRC=0.8490 BalAcc=0.9459 F1=0.7734 MCC=0.7616
Epoch 053 val  : loss=0.2213 AUROC=0.9353 AUPRC=0.3166 BalAcc=0.8434 F1=0.2101 MCC=0.2867
  learning_rate_used=1.411e-04; learning_rate_next=1.364e-04; elapsed=97.9s
  negatives seen=100.0%; hard negatives=0
Epoch 054 train: loss=0.2761 AUROC=0.9850 AUPRC=0.8495 BalAcc=0.9469 F1=0.7743 MCC=0.7627
Epoch 054 val  : loss=0.1993 AUROC=0.9357 AUPRC=0.3081 BalAcc=0.8296 F1=0.2537 MCC=0.3165
  learning_rate_used=1.364e-04; learning_rate_next=1.318e-04; elapsed=97.4s
  negatives seen=100.0%; hard negatives=0
Epoch 055 train: loss=0.2616 AUROC=0.9861 AUPRC=0.8573 BalAcc=0.9479 F1=0.7840 MCC=0.7721
Epoch 055 val  : loss=0.2110 AUROC=0.9382 AUPRC=0.3334 BalAcc=0.8368 F1=0.2338 MCC=0.3035
  learning_rate_used=1.318e-04; learning_rate_next=1.271e-04; elapsed=97.9s
  saved new best checkpoint: /data/projects/SFB_A03/jan/AT_TFBS/human301/runs/MGA/multitf_20261006_033507_932031_local_seed1/best_model.pt (objective=classification-auprc, score=0.333434)
  negatives seen=100.0%; hard negatives=0
Epoch 056 train: loss=0.2651 AUROC=0.9861 AUPRC=0.8591 BalAcc=0.9481 F1=0.7874 MCC=0.7753
Epoch 056 val  : loss=0.2324 AUROC=0.9362 AUPRC=0.3255 BalAcc=0.8370 F1=0.2218 MCC=0.2938
  learning_rate_used=1.271e-04; learning_rate_next=1.225e-04; elapsed=97.6s
  negatives seen=100.0%; hard negatives=0
Epoch 057 train: loss=0.2541 AUROC=0.9869 AUPRC=0.8615 BalAcc=0.9498 F1=0.7877 MCC=0.7761
Epoch 057 val  : loss=0.2116 AUROC=0.9348 AUPRC=0.3163 BalAcc=0.8191 F1=0.2700 MCC=0.3251
  learning_rate_used=1.225e-04; learning_rate_next=1.179e-04; elapsed=97.4s
  negatives seen=100.0%; hard negatives=0
Epoch 058 train: loss=0.2541 AUROC=0.9872 AUPRC=0.8658 BalAcc=0.9516 F1=0.7985 MCC=0.7868
Epoch 058 val  : loss=0.2012 AUROC=0.9360 AUPRC=0.3357 BalAcc=0.8278 F1=0.2635 MCC=0.3235
  learning_rate_used=1.179e-04; learning_rate_next=1.133e-04; elapsed=97.6s
  saved new best checkpoint: /data/projects/SFB_A03/jan/AT_TFBS/human301/runs/MGA/multitf_20261006_033507_932031_local_seed1/best_model.pt (objective=classification-auprc, score=0.335734)
  negatives seen=100.0%; hard negatives=0
Epoch 059 train: loss=0.2496 AUROC=0.9873 AUPRC=0.8657 BalAcc=0.9507 F1=0.7962 MCC=0.7844
Epoch 059 val  : loss=0.2082 AUROC=0.9354 AUPRC=0.3210 BalAcc=0.8312 F1=0.2492 MCC=0.3135
  learning_rate_used=1.133e-04; learning_rate_next=1.088e-04; elapsed=97.9s
  negatives seen=100.0%; hard negatives=0
Epoch 060 train: loss=0.2476 AUROC=0.9873 AUPRC=0.8651 BalAcc=0.9536 F1=0.7972 MCC=0.7862
Epoch 060 val  : loss=0.2054 AUROC=0.9345 AUPRC=0.3316 BalAcc=0.8280 F1=0.2627 MCC=0.3229
  learning_rate_used=1.088e-04; learning_rate_next=1.043e-04; elapsed=98.3s
  negatives seen=100.0%; hard negatives=0
Epoch 061 train: loss=0.2420 AUROC=0.9879 AUPRC=0.8697 BalAcc=0.9542 F1=0.8055 MCC=0.7942
Epoch 061 val  : loss=0.2072 AUROC=0.9333 AUPRC=0.3225 BalAcc=0.8140 F1=0.2869 MCC=0.3362
  learning_rate_used=1.043e-04; learning_rate_next=9.986e-05; elapsed=97.5s
  negatives seen=100.0%; hard negatives=0
Epoch 062 train: loss=0.2333 AUROC=0.9886 AUPRC=0.8747 BalAcc=0.9548 F1=0.8094 MCC=0.7981
Epoch 062 val  : loss=0.2103 AUROC=0.9317 AUPRC=0.3291 BalAcc=0.8211 F1=0.2736 MCC=0.3287
  learning_rate_used=9.986e-05; learning_rate_next=9.547e-05; elapsed=98.1s
  negatives seen=100.0%; hard negatives=0
Epoch 063 train: loss=0.2376 AUROC=0.9881 AUPRC=0.8710 BalAcc=0.9546 F1=0.8076 MCC=0.7963
Epoch 063 val  : loss=0.2196 AUROC=0.9346 AUPRC=0.3298 BalAcc=0.8262 F1=0.2634 MCC=0.3228
  learning_rate_used=9.547e-05; learning_rate_next=9.113e-05; elapsed=97.4s
  negatives seen=100.0%; hard negatives=0
Epoch 064 train: loss=0.2262 AUROC=0.9891 AUPRC=0.8783 BalAcc=0.9569 F1=0.8158 MCC=0.8047
Epoch 064 val  : loss=0.2204 AUROC=0.9307 AUPRC=0.3192 BalAcc=0.8191 F1=0.2554 MCC=0.3137
  learning_rate_used=9.113e-05; learning_rate_next=8.685e-05; elapsed=97.5s
  negatives seen=100.0%; hard negatives=0
Epoch 065 train: loss=0.2287 AUROC=0.9892 AUPRC=0.8811 BalAcc=0.9568 F1=0.8176 MCC=0.8065
Epoch 065 val  : loss=0.2197 AUROC=0.9335 AUPRC=0.3183 BalAcc=0.8216 F1=0.2548 MCC=0.3142
  learning_rate_used=8.685e-05; learning_rate_next=8.263e-05; elapsed=98.0s
  negatives seen=100.0%; hard negatives=0
Epoch 066 train: loss=0.2155 AUROC=0.9896 AUPRC=0.8822 BalAcc=0.9582 F1=0.8182 MCC=0.8074
Epoch 066 val  : loss=0.2187 AUROC=0.9318 AUPRC=0.3219 BalAcc=0.8210 F1=0.2654 MCC=0.3222
  learning_rate_used=8.263e-05; learning_rate_next=7.848e-05; elapsed=98.5s
  negatives seen=100.0%; hard negatives=0
Epoch 067 train: loss=0.2211 AUROC=0.9896 AUPRC=0.8834 BalAcc=0.9583 F1=0.8222 MCC=0.8113
Epoch 067 val  : loss=0.2231 AUROC=0.9291 AUPRC=0.3135 BalAcc=0.7952 F1=0.3088 MCC=0.3456
  learning_rate_used=7.848e-05; learning_rate_next=7.440e-05; elapsed=97.8s
  negatives seen=100.0%; hard negatives=0
Epoch 068 train: loss=0.2133 AUROC=0.9899 AUPRC=0.8843 BalAcc=0.9605 F1=0.8260 MCC=0.8156
Epoch 068 val  : loss=0.2144 AUROC=0.9309 AUPRC=0.3177 BalAcc=0.8031 F1=0.3105 MCC=0.3501
  learning_rate_used=7.440e-05; learning_rate_next=7.039e-05; elapsed=97.6s
  negatives seen=100.0%; hard negatives=0
Epoch 069 train: loss=0.2110 AUROC=0.9903 AUPRC=0.8897 BalAcc=0.9616 F1=0.8282 MCC=0.8179
Epoch 069 val  : loss=0.2212 AUROC=0.9285 AUPRC=0.3094 BalAcc=0.8059 F1=0.2991 MCC=0.3424
  learning_rate_used=7.039e-05; learning_rate_next=6.647e-05; elapsed=97.5s
  negatives seen=100.0%; hard negatives=0
Epoch 070 train: loss=0.2202 AUROC=0.9893 AUPRC=0.8755 BalAcc=0.9596 F1=0.8256 MCC=0.8148
Epoch 070 val  : loss=0.2118 AUROC=0.9340 AUPRC=0.3281 BalAcc=0.8240 F1=0.2676 MCC=0.3252
  learning_rate_used=6.647e-05; learning_rate_next=6.263e-05; elapsed=97.7s
  negatives seen=100.0%; hard negatives=0
Epoch 071 train: loss=0.2058 AUROC=0.9905 AUPRC=0.8870 BalAcc=0.9615 F1=0.8344 MCC=0.8239
Epoch 071 val  : loss=0.2173 AUROC=0.9333 AUPRC=0.3285 BalAcc=0.8144 F1=0.2932 MCC=0.3413
  learning_rate_used=6.263e-05; learning_rate_next=5.887e-05; elapsed=97.8s
  negatives seen=100.0%; hard negatives=0
Epoch 072 train: loss=0.2033 AUROC=0.9908 AUPRC=0.8903 BalAcc=0.9616 F1=0.8375 MCC=0.8269
Epoch 072 val  : loss=0.2137 AUROC=0.9314 AUPRC=0.3294 BalAcc=0.8138 F1=0.2875 MCC=0.3366
  learning_rate_used=5.887e-05; learning_rate_next=5.521e-05; elapsed=97.8s
  negatives seen=100.0%; hard negatives=0
Epoch 073 train: loss=0.1969 AUROC=0.9912 AUPRC=0.8951 BalAcc=0.9630 F1=0.8396 MCC=0.8293
Epoch 073 val  : loss=0.2235 AUROC=0.9330 AUPRC=0.3296 BalAcc=0.8133 F1=0.2932 MCC=0.3408
  learning_rate_used=5.521e-05; learning_rate_next=5.163e-05; elapsed=96.9s
  negatives seen=100.0%; hard negatives=0
Epoch 074 train: loss=0.1920 AUROC=0.9916 AUPRC=0.8970 BalAcc=0.9647 F1=0.8441 MCC=0.8341
Epoch 074 val  : loss=0.2161 AUROC=0.9306 AUPRC=0.3293 BalAcc=0.7941 F1=0.3220 MCC=0.3554
  learning_rate_used=5.163e-05; learning_rate_next=4.816e-05; elapsed=97.3s
  negatives seen=100.0%; hard negatives=0
Epoch 075 train: loss=0.1940 AUROC=0.9911 AUPRC=0.8918 BalAcc=0.9640 F1=0.8399 MCC=0.8299
Epoch 075 val  : loss=0.2225 AUROC=0.9319 AUPRC=0.3264 BalAcc=0.8135 F1=0.2933 MCC=0.3410
  learning_rate_used=4.816e-05; learning_rate_next=4.479e-05; elapsed=96.6s
  negatives seen=100.0%; hard negatives=0
Epoch 076 train: loss=0.1919 AUROC=0.9914 AUPRC=0.8969 BalAcc=0.9655 F1=0.8457 MCC=0.8358
Epoch 076 val  : loss=0.2182 AUROC=0.9294 AUPRC=0.3240 BalAcc=0.7980 F1=0.3155 MCC=0.3519
  learning_rate_used=4.479e-05; learning_rate_next=4.152e-05; elapsed=98.2s
  negatives seen=100.0%; hard negatives=0
Epoch 077 train: loss=0.1860 AUROC=0.9915 AUPRC=0.8961 BalAcc=0.9662 F1=0.8467 MCC=0.8370
Epoch 077 val  : loss=0.2253 AUROC=0.9325 AUPRC=0.3293 BalAcc=0.8011 F1=0.3081 MCC=0.3474
  learning_rate_used=4.152e-05; learning_rate_next=3.836e-05; elapsed=97.5s
  negatives seen=100.0%; hard negatives=0
Epoch 078 train: loss=0.1895 AUROC=0.9918 AUPRC=0.9024 BalAcc=0.9659 F1=0.8509 MCC=0.8410
Epoch 078 val  : loss=0.2174 AUROC=0.9308 AUPRC=0.3279 BalAcc=0.8049 F1=0.3018 MCC=0.3441
  learning_rate_used=3.836e-05; learning_rate_next=3.531e-05; elapsed=98.4s
Early stopping after 78 epochs.
Binary threshold: 0.968484 (strategy=val-mcc, validation_score=0.387125)
TEST chr10,chr12,chr14,chr16,chr18,chr2,chr20,chr22,chr4,chr6,chr8: loss=0.2022 AUROC=0.9347 AUPRC=0.3230 BalAcc=0.6866 F1=0.3833 MCC=0.3773
Outputs written to /data/projects/SFB_A03/jan/AT_TFBS/human301/runs/MGA/multitf_20261006_033507_932031_local_seed1
Binary predictions: binary_classification_results.tsv
Binary metrics: binary_classification_metrics.json
ROC plot: roc_curve.png
Precision-recall plot: precision_recall_curve.png
Confusion matrix: binary_confusion_matrix.tsv
