NR1H4/CHIP: packing existing FASTAs into /data/projects/SFB_A03/jan/AT_TFBS/raw_data/human/ArchThalia-ML/NR1H4/CHIP/dataset.npz; no genome extraction
Loaded train_positive: 1,597
Loaded train_negative: 159,700
Loaded test_positive: 1,189
Loaded test_negative: 118,900
{
  "train": {
    "positive": 1292,
    "negative": 129200,
    "total": 130492,
    "chromosomes": [
      "chr1",
      "chr11",
      "chr13",
      "chr15",
      "chr17",
      "chr19",
      "chr21",
      "chr3",
      "chr9"
    ],
    "sequences_with_N": 0,
    "max_N_fraction": 0.0,
    "mean_GC_fraction_ACGT_only": {
      "positive": 0.6358140563446921,
      "negative": 0.6077315038622548
    }
  },
  "validation": {
    "positive": 305,
    "negative": 30500,
    "total": 30805,
    "chromosomes": [
      "chr5",
      "chr7"
    ],
    "sequences_with_N": 0,
    "max_N_fraction": 0.0,
    "mean_GC_fraction_ACGT_only": {
      "positive": 0.6209030009258755,
      "negative": 0.5940434616850935
    }
  },
  "test": {
    "positive": 1189,
    "negative": 118900,
    "total": 120089,
    "chromosomes": [
      "chr10",
      "chr12",
      "chr14",
      "chr16",
      "chr18",
      "chr2",
      "chr20",
      "chr22",
      "chr4",
      "chr6",
      "chr8"
    ],
    "sequences_with_N": 0,
    "max_N_fraction": 0.0,
    "mean_GC_fraction_ACGT_only": {
      "positive": 0.6265238663384457,
      "negative": 0.6021341812684939
    }
  }
}
Sequence audit: {
  "train": {
    "duplicates_or_RC_duplicates_within_split": 4,
    "identical_or_RC_identical_sequences_with_both_labels": 0
  },
  "validation": {
    "duplicates_or_RC_duplicates_within_split": 1,
    "identical_or_RC_identical_sequences_with_both_labels": 0
  },
  "test": {
    "duplicates_or_RC_duplicates_within_split": 0,
    "identical_or_RC_identical_sequences_with_both_labels": 0
  },
  "train_validation_shared_sequences_or_RC": 0,
  "train_test_shared_sequences_or_RC": 0,
  "validation_test_shared_sequences_or_RC": 1
}
Saved: /data/projects/SFB_A03/jan/AT_TFBS/raw_data/human/ArchThalia-ML/NR1H4/CHIP/dataset.npz
NR1H4/GHTS: packing existing FASTAs into /data/projects/SFB_A03/jan/AT_TFBS/raw_data/human/ArchThalia-ML/NR1H4/GHTS/dataset.npz; no genome extraction
Loaded train_positive: 939
Loaded train_negative: 93,900
Loaded test_positive: 701
Loaded test_negative: 70,100
{
  "train": {
    "positive": 756,
    "negative": 75600,
    "total": 76356,
    "chromosomes": [
      "chr1",
      "chr11",
      "chr13",
      "chr15",
      "chr17",
      "chr19",
      "chr21",
      "chr3",
      "chr9"
    ],
    "sequences_with_N": 2,
    "max_N_fraction": 0.03322259136212625,
    "mean_GC_fraction_ACGT_only": {
      "positive": 0.5273036678286932,
      "negative": 0.5272992582045738
    }
  },
  "validation": {
    "positive": 183,
    "negative": 18300,
    "total": 18483,
    "chromosomes": [
      "chr5",
      "chr7"
    ],
    "sequences_with_N": 0,
    "max_N_fraction": 0.0,
    "mean_GC_fraction_ACGT_only": {
      "positive": 0.5238458326525426,
      "negative": 0.5238445618430368
    }
  },
  "test": {
    "positive": 701,
    "negative": 70100,
    "total": 70801,
    "chromosomes": [
      "chr10",
      "chr12",
      "chr14",
      "chr16",
      "chr18",
      "chr2",
      "chr20",
      "chr22",
      "chr4",
      "chr6",
      "chr8"
    ],
    "sequences_with_N": 0,
    "max_N_fraction": 0.0,
    "mean_GC_fraction_ACGT_only": {
      "positive": 0.5265567461765583,
      "negative": 0.526560300662082
    }
  }
}
Sequence audit: {
  "train": {
    "duplicates_or_RC_duplicates_within_split": 0,
    "identical_or_RC_identical_sequences_with_both_labels": 0
  },
  "validation": {
    "duplicates_or_RC_duplicates_within_split": 0,
    "identical_or_RC_identical_sequences_with_both_labels": 0
  },
  "test": {
    "duplicates_or_RC_duplicates_within_split": 0,
    "identical_or_RC_identical_sequences_with_both_labels": 0
  },
  "train_validation_shared_sequences_or_RC": 0,
  "train_test_shared_sequences_or_RC": 0,
  "validation_test_shared_sequences_or_RC": 0
}
Saved: /data/projects/SFB_A03/jan/AT_TFBS/raw_data/human/ArchThalia-ML/NR1H4/GHTS/dataset.npz
NR1H4: caches ready for CHIP and GHTS; cross-test chromosomes are held out.
