SRY: reusing /data/projects/SFB_A03/jan/AT_TFBS/raw_data/human/SRY/hum301_20261005_185818_tdUK1h/dataset.npz
{
  "train": {
    "positive": 3319,
    "negative": 331900,
    "total": 335219,
    "chromosomes": [
      "chr1",
      "chr11",
      "chr13",
      "chr15",
      "chr17",
      "chr19",
      "chr21",
      "chr3",
      "chr9"
    ],
    "sequences_with_N": 0,
    "max_N_fraction": 0.0,
    "mean_GC_fraction_ACGT_only": {
      "positive": 0.4581284239839282,
      "negative": 0.45812299866168704
    }
  },
  "validation": {
    "positive": 999,
    "negative": 99900,
    "total": 100899,
    "chromosomes": [
      "chr5",
      "chr7"
    ],
    "sequences_with_N": 0,
    "max_N_fraction": 0.0,
    "mean_GC_fraction_ACGT_only": {
      "positive": 0.43432136455392273,
      "negative": 0.43432319362551924
    }
  },
  "test": {
    "positive": 3678,
    "negative": 367800,
    "total": 371478,
    "chromosomes": [
      "chr10",
      "chr12",
      "chr14",
      "chr16",
      "chr18",
      "chr2",
      "chr20",
      "chr22",
      "chr4",
      "chr6",
      "chr8"
    ],
    "sequences_with_N": 0,
    "max_N_fraction": 0.0,
    "mean_GC_fraction_ACGT_only": {
      "positive": 0.44087227819539365,
      "negative": 0.44083662578427174
    }
  }
}
