PAX7/CHIP: packing existing FASTAs into /data/projects/SFB_A03/jan/AT_TFBS/raw_data/human/ArchThalia-ML/PAX7/CHIP/dataset.npz; no genome extraction
Loaded train_positive: 28,874
Loaded train_negative: 2,887,400
Loaded test_positive: 26,424
Loaded test_negative: 2,642,400
{
  "train": {
    "positive": 22285,
    "negative": 2228500,
    "total": 2250785,
    "chromosomes": [
      "chr1",
      "chr11",
      "chr13",
      "chr15",
      "chr17",
      "chr19",
      "chr21",
      "chr3",
      "chr9"
    ],
    "sequences_with_N": 0,
    "max_N_fraction": 0.0,
    "mean_GC_fraction_ACGT_only": {
      "positive": 0.44247527313412693,
      "negative": 0.4393735637024741
    }
  },
  "validation": {
    "positive": 6589,
    "negative": 658900,
    "total": 665489,
    "chromosomes": [
      "chr5",
      "chr7"
    ],
    "sequences_with_N": 0,
    "max_N_fraction": 0.0,
    "mean_GC_fraction_ACGT_only": {
      "positive": 0.42062906616231927,
      "negative": 0.41868979760387914
    }
  },
  "test": {
    "positive": 26424,
    "negative": 2642400,
    "total": 2668824,
    "chromosomes": [
      "chr10",
      "chr12",
      "chr14",
      "chr16",
      "chr18",
      "chr2",
      "chr20",
      "chr22",
      "chr4",
      "chr6",
      "chr8"
    ],
    "sequences_with_N": 1,
    "max_N_fraction": 0.0033222591362126247,
    "mean_GC_fraction_ACGT_only": {
      "positive": 0.4296125288296253,
      "negative": 0.42779798366128446
    }
  }
}
Sequence audit: {
  "train": {
    "duplicates_or_RC_duplicates_within_split": 80,
    "identical_or_RC_identical_sequences_with_both_labels": 0
  },
  "validation": {
    "duplicates_or_RC_duplicates_within_split": 9,
    "identical_or_RC_identical_sequences_with_both_labels": 0
  },
  "test": {
    "duplicates_or_RC_duplicates_within_split": 69,
    "identical_or_RC_identical_sequences_with_both_labels": 0
  },
  "train_validation_shared_sequences_or_RC": 21,
  "train_test_shared_sequences_or_RC": 78,
  "validation_test_shared_sequences_or_RC": 34
}
Saved: /data/projects/SFB_A03/jan/AT_TFBS/raw_data/human/ArchThalia-ML/PAX7/CHIP/dataset.npz
PAX7/GHTS: packing existing FASTAs into /data/projects/SFB_A03/jan/AT_TFBS/raw_data/human/ArchThalia-ML/PAX7/GHTS/dataset.npz; no genome extraction
Loaded train_positive: 4,142
Loaded train_negative: 414,200
Loaded test_positive: 3,945
Loaded test_negative: 394,500
{
  "train": {
    "positive": 3079,
    "negative": 307900,
    "total": 310979,
    "chromosomes": [
      "chr1",
      "chr11",
      "chr13",
      "chr15",
      "chr17",
      "chr19",
      "chr21",
      "chr3",
      "chr9"
    ],
    "sequences_with_N": 0,
    "max_N_fraction": 0.0,
    "mean_GC_fraction_ACGT_only": {
      "positive": 0.36937177040049457,
      "negative": 0.3693715761794344
    }
  },
  "validation": {
    "positive": 1063,
    "negative": 106300,
    "total": 107363,
    "chromosomes": [
      "chr5",
      "chr7"
    ],
    "sequences_with_N": 0,
    "max_N_fraction": 0.0,
    "mean_GC_fraction_ACGT_only": {
      "positive": 0.3660048193072324,
      "negative": 0.3660032253729337
    }
  },
  "test": {
    "positive": 3945,
    "negative": 394500,
    "total": 398445,
    "chromosomes": [
      "chr10",
      "chr12",
      "chr14",
      "chr16",
      "chr18",
      "chr2",
      "chr20",
      "chr22",
      "chr4",
      "chr6",
      "chr8"
    ],
    "sequences_with_N": 0,
    "max_N_fraction": 0.0,
    "mean_GC_fraction_ACGT_only": {
      "positive": 0.3694655331404823,
      "negative": 0.36946653529216095
    }
  }
}
Sequence audit: {
  "train": {
    "duplicates_or_RC_duplicates_within_split": 2,
    "identical_or_RC_identical_sequences_with_both_labels": 0
  },
  "validation": {
    "duplicates_or_RC_duplicates_within_split": 0,
    "identical_or_RC_identical_sequences_with_both_labels": 0
  },
  "test": {
    "duplicates_or_RC_duplicates_within_split": 1,
    "identical_or_RC_identical_sequences_with_both_labels": 0
  },
  "train_validation_shared_sequences_or_RC": 1,
  "train_test_shared_sequences_or_RC": 2,
  "validation_test_shared_sequences_or_RC": 0
}
Saved: /data/projects/SFB_A03/jan/AT_TFBS/raw_data/human/ArchThalia-ML/PAX7/GHTS/dataset.npz
PAX7: caches ready for CHIP and GHTS; cross-test chromosomes are held out.
