TF=MAX train=GHTS seed=3 model=hum301_motif64_local.py
/home/jbossenz/miniforge3/envs/at_env/bin/python -u /data/projects/SFB_A03/jan/AT_TFBS/human301/hum301_motif64_local.py train --cache /data/projects/SFB_A03/jan/AT_TFBS/raw_data/human/ArchThalia-ML/MAX/GHTS/dataset.npz --output-dir /data/projects/SFB_A03/jan/AT_TFBS/human301/runs/MAX/crossassay_archthalia_20261009_144503_1046783/GHTS_seed3 --input-length 256 --embed-channels 64 --encoder-channels 80 96 128 --heads 4 --ffn-channels 256 --classification-readout local-logsumexp --task-mode classification --checkpoint-objective classification-auprc --threshold-strategy val-mcc --negatives-per-positive 10 --batch-size 88 --hard-negative-fraction 0 --epochs 100 --patience 20 --learning-rate 0.0003 --min-learning-rate 0.000001 --weight-decay 0.0001 --dropout 0.1 --activation relu --reverse-complement-probability 0.5 --eval-crops multi --eval-rc --no-balanced-evaluation --eval-batch-size 128 --num-workers 2 --seed 3 --device cuda --skip-test
Window geometry: 256 bp from 301 bp; crop starts 0..45; shifts -22..+23; fresh uniform draw per access
Evaluation: crops (0, 22, 23, 45), reverse complement=True; all samples
train: n=1,148,673, positive=11,373, negative=1,137,300
  val: n=302,394, positive=2,994, negative=299,400
 test: n=1,265,934, positive=12,534, negative=1,253,400
Device: cuda
Hidden activation: RELU
Parameters: 1,032,981 total; 1,032,981 trainable
Architecture: motif kernels 9/12; encoder 128/64/64; original five-block bottleneck at 64; decoder 64/128/256
  negatives seen=10.0%; hard negatives=0
Epoch 001 train: loss=0.2250 AUROC=0.9913 AUPRC=0.9325 BalAcc=0.9582 F1=0.8382 MCC=0.8268
Epoch 001 val  : loss=0.0480 AUROC=0.9966 AUPRC=0.8751 BalAcc=0.9760 F1=0.5742 MCC=0.6234
  learning_rate_used=3.000e-04; learning_rate_next=2.999e-04; elapsed=140.3s
  saved new best checkpoint: /data/projects/SFB_A03/jan/AT_TFBS/human301/runs/MAX/crossassay_archthalia_20261009_144503_1046783/GHTS_seed3/best_model.pt (objective=classification-auprc, score=0.875100)
  negatives seen=20.0%; hard negatives=0
Epoch 002 train: loss=0.1681 AUROC=0.9946 AUPRC=0.9597 BalAcc=0.9710 F1=0.8895 MCC=0.8806
Epoch 002 val  : loss=0.0664 AUROC=0.9969 AUPRC=0.8967 BalAcc=0.9798 F1=0.4663 MCC=0.5415
  learning_rate_used=2.999e-04; learning_rate_next=2.997e-04; elapsed=140.5s
  saved new best checkpoint: /data/projects/SFB_A03/jan/AT_TFBS/human301/runs/MAX/crossassay_archthalia_20261009_144503_1046783/GHTS_seed3/best_model.pt (objective=classification-auprc, score=0.896722)
  negatives seen=30.0%; hard negatives=0
Epoch 003 train: loss=0.1488 AUROC=0.9956 AUPRC=0.9654 BalAcc=0.9737 F1=0.8985 MCC=0.8902
Epoch 003 val  : loss=0.0456 AUROC=0.9967 AUPRC=0.8799 BalAcc=0.9327 F1=0.7803 MCC=0.7821
  learning_rate_used=2.997e-04; learning_rate_next=2.993e-04; elapsed=140.4s
  negatives seen=40.0%; hard negatives=0
Epoch 004 train: loss=0.1436 AUROC=0.9958 AUPRC=0.9688 BalAcc=0.9755 F1=0.9055 MCC=0.8977
Epoch 004 val  : loss=0.0388 AUROC=0.9969 AUPRC=0.8865 BalAcc=0.9523 F1=0.7355 MCC=0.7465
  learning_rate_used=2.993e-04; learning_rate_next=2.988e-04; elapsed=139.0s
  negatives seen=50.0%; hard negatives=0
Epoch 005 train: loss=0.1355 AUROC=0.9962 AUPRC=0.9718 BalAcc=0.9757 F1=0.9066 MCC=0.8989
Epoch 005 val  : loss=0.0406 AUROC=0.9970 AUPRC=0.8957 BalAcc=0.9721 F1=0.6443 MCC=0.6773
  learning_rate_used=2.988e-04; learning_rate_next=2.982e-04; elapsed=138.8s
  negatives seen=60.0%; hard negatives=0
Epoch 006 train: loss=0.1351 AUROC=0.9963 AUPRC=0.9723 BalAcc=0.9766 F1=0.9117 MCC=0.9042
Epoch 006 val  : loss=0.0501 AUROC=0.9976 AUPRC=0.9100 BalAcc=0.9818 F1=0.5410 MCC=0.5998
  learning_rate_used=2.982e-04; learning_rate_next=2.974e-04; elapsed=140.4s
  saved new best checkpoint: /data/projects/SFB_A03/jan/AT_TFBS/human301/runs/MAX/crossassay_archthalia_20261009_144503_1046783/GHTS_seed3/best_model.pt (objective=classification-auprc, score=0.909958)
  negatives seen=70.0%; hard negatives=0
Epoch 007 train: loss=0.1295 AUROC=0.9965 AUPRC=0.9737 BalAcc=0.9774 F1=0.9117 MCC=0.9043
Epoch 007 val  : loss=0.0355 AUROC=0.9974 AUPRC=0.9061 BalAcc=0.9727 F1=0.6976 MCC=0.7209
  learning_rate_used=2.974e-04; learning_rate_next=2.964e-04; elapsed=140.4s
  negatives seen=80.0%; hard negatives=0
Epoch 008 train: loss=0.1224 AUROC=0.9968 AUPRC=0.9755 BalAcc=0.9794 F1=0.9183 MCC=0.9114
Epoch 008 val  : loss=0.0456 AUROC=0.9975 AUPRC=0.9161 BalAcc=0.9815 F1=0.5724 MCC=0.6241
  learning_rate_used=2.964e-04; learning_rate_next=2.953e-04; elapsed=140.3s
  saved new best checkpoint: /data/projects/SFB_A03/jan/AT_TFBS/human301/runs/MAX/crossassay_archthalia_20261009_144503_1046783/GHTS_seed3/best_model.pt (objective=classification-auprc, score=0.916140)
  negatives seen=90.0%; hard negatives=0
Epoch 009 train: loss=0.1213 AUROC=0.9969 AUPRC=0.9773 BalAcc=0.9793 F1=0.9202 MCC=0.9133
Epoch 009 val  : loss=0.0394 AUROC=0.9972 AUPRC=0.9114 BalAcc=0.9759 F1=0.6488 MCC=0.6823
  learning_rate_used=2.953e-04; learning_rate_next=2.941e-04; elapsed=140.4s
  negatives seen=100.0%; hard negatives=0
Epoch 010 train: loss=0.1216 AUROC=0.9969 AUPRC=0.9748 BalAcc=0.9790 F1=0.9155 MCC=0.9085
Epoch 010 val  : loss=0.0367 AUROC=0.9977 AUPRC=0.9006 BalAcc=0.9717 F1=0.6782 MCC=0.7046
  learning_rate_used=2.941e-04; learning_rate_next=2.927e-04; elapsed=138.8s
  negatives seen=100.0%; hard negatives=0
Epoch 011 train: loss=0.1156 AUROC=0.9971 AUPRC=0.9777 BalAcc=0.9802 F1=0.9240 MCC=0.9174
Epoch 011 val  : loss=0.0560 AUROC=0.9971 AUPRC=0.9126 BalAcc=0.9809 F1=0.5252 MCC=0.5873
  learning_rate_used=2.927e-04; learning_rate_next=2.912e-04; elapsed=137.9s
  negatives seen=100.0%; hard negatives=0
Epoch 012 train: loss=0.1149 AUROC=0.9971 AUPRC=0.9778 BalAcc=0.9804 F1=0.9221 MCC=0.9154
Epoch 012 val  : loss=0.0342 AUROC=0.9977 AUPRC=0.9155 BalAcc=0.9748 F1=0.7009 MCC=0.7242
  learning_rate_used=2.912e-04; learning_rate_next=2.895e-04; elapsed=140.0s
  negatives seen=100.0%; hard negatives=0
Epoch 013 train: loss=0.1126 AUROC=0.9972 AUPRC=0.9785 BalAcc=0.9805 F1=0.9218 MCC=0.9152
Epoch 013 val  : loss=0.0408 AUROC=0.9977 AUPRC=0.9190 BalAcc=0.9810 F1=0.6141 MCC=0.6566
  learning_rate_used=2.895e-04; learning_rate_next=2.877e-04; elapsed=137.8s
  saved new best checkpoint: /data/projects/SFB_A03/jan/AT_TFBS/human301/runs/MAX/crossassay_archthalia_20261009_144503_1046783/GHTS_seed3/best_model.pt (objective=classification-auprc, score=0.918985)
  negatives seen=100.0%; hard negatives=0
Epoch 014 train: loss=0.1100 AUROC=0.9973 AUPRC=0.9794 BalAcc=0.9809 F1=0.9251 MCC=0.9186
Epoch 014 val  : loss=0.0351 AUROC=0.9974 AUPRC=0.9120 BalAcc=0.9763 F1=0.6802 MCC=0.7078
  learning_rate_used=2.877e-04; learning_rate_next=2.858e-04; elapsed=141.2s
  negatives seen=100.0%; hard negatives=0
Epoch 015 train: loss=0.1116 AUROC=0.9972 AUPRC=0.9789 BalAcc=0.9807 F1=0.9246 MCC=0.9181
Epoch 015 val  : loss=0.0345 AUROC=0.9977 AUPRC=0.9033 BalAcc=0.9709 F1=0.7113 MCC=0.7316
  learning_rate_used=2.858e-04; learning_rate_next=2.837e-04; elapsed=138.8s
  negatives seen=100.0%; hard negatives=0
Epoch 016 train: loss=0.1092 AUROC=0.9974 AUPRC=0.9800 BalAcc=0.9807 F1=0.9234 MCC=0.9168
Epoch 016 val  : loss=0.0389 AUROC=0.9974 AUPRC=0.9129 BalAcc=0.9757 F1=0.6535 MCC=0.6860
  learning_rate_used=2.837e-04; learning_rate_next=2.815e-04; elapsed=139.8s
  negatives seen=100.0%; hard negatives=0
Epoch 017 train: loss=0.1061 AUROC=0.9973 AUPRC=0.9796 BalAcc=0.9822 F1=0.9290 MCC=0.9229
Epoch 017 val  : loss=0.0388 AUROC=0.9977 AUPRC=0.9091 BalAcc=0.9796 F1=0.6356 MCC=0.6731
  learning_rate_used=2.815e-04; learning_rate_next=2.792e-04; elapsed=138.2s
  negatives seen=100.0%; hard negatives=0
Epoch 018 train: loss=0.1042 AUROC=0.9976 AUPRC=0.9809 BalAcc=0.9821 F1=0.9279 MCC=0.9217
Epoch 018 val  : loss=0.0456 AUROC=0.9978 AUPRC=0.9153 BalAcc=0.9807 F1=0.5928 MCC=0.6397
  learning_rate_used=2.792e-04; learning_rate_next=2.767e-04; elapsed=137.4s
  negatives seen=100.0%; hard negatives=0
Epoch 019 train: loss=0.1030 AUROC=0.9977 AUPRC=0.9809 BalAcc=0.9818 F1=0.9264 MCC=0.9201
Epoch 019 val  : loss=0.0361 AUROC=0.9976 AUPRC=0.8996 BalAcc=0.9689 F1=0.6966 MCC=0.7188
  learning_rate_used=2.767e-04; learning_rate_next=2.741e-04; elapsed=139.3s
  negatives seen=100.0%; hard negatives=0
Epoch 020 train: loss=0.1041 AUROC=0.9976 AUPRC=0.9805 BalAcc=0.9821 F1=0.9287 MCC=0.9225
Epoch 020 val  : loss=0.0402 AUROC=0.9976 AUPRC=0.9159 BalAcc=0.9803 F1=0.6192 MCC=0.6603
  learning_rate_used=2.741e-04; learning_rate_next=2.714e-04; elapsed=137.6s
  negatives seen=100.0%; hard negatives=0
Epoch 021 train: loss=0.1028 AUROC=0.9978 AUPRC=0.9806 BalAcc=0.9825 F1=0.9288 MCC=0.9227
Epoch 021 val  : loss=0.0367 AUROC=0.9976 AUPRC=0.9110 BalAcc=0.9790 F1=0.6534 MCC=0.6871
  learning_rate_used=2.714e-04; learning_rate_next=2.686e-04; elapsed=138.1s
  negatives seen=100.0%; hard negatives=0
Epoch 022 train: loss=0.0961 AUROC=0.9980 AUPRC=0.9830 BalAcc=0.9836 F1=0.9335 MCC=0.9278
Epoch 022 val  : loss=0.0441 AUROC=0.9977 AUPRC=0.9059 BalAcc=0.9798 F1=0.5878 MCC=0.6355
  learning_rate_used=2.686e-04; learning_rate_next=2.657e-04; elapsed=140.9s
  negatives seen=100.0%; hard negatives=0
Epoch 023 train: loss=0.0978 AUROC=0.9980 AUPRC=0.9831 BalAcc=0.9830 F1=0.9342 MCC=0.9284
Epoch 023 val  : loss=0.0337 AUROC=0.9981 AUPRC=0.9188 BalAcc=0.9766 F1=0.6876 MCC=0.7140
  learning_rate_used=2.657e-04; learning_rate_next=2.626e-04; elapsed=138.0s
  negatives seen=100.0%; hard negatives=0
Epoch 024 train: loss=0.0939 AUROC=0.9981 AUPRC=0.9828 BalAcc=0.9835 F1=0.9335 MCC=0.9278
Epoch 024 val  : loss=0.0378 AUROC=0.9980 AUPRC=0.9151 BalAcc=0.9797 F1=0.6404 MCC=0.6770
  learning_rate_used=2.626e-04; learning_rate_next=2.595e-04; elapsed=138.5s
  negatives seen=100.0%; hard negatives=0
Epoch 025 train: loss=0.0969 AUROC=0.9979 AUPRC=0.9824 BalAcc=0.9839 F1=0.9347 MCC=0.9291
Epoch 025 val  : loss=0.0339 AUROC=0.9978 AUPRC=0.9078 BalAcc=0.9706 F1=0.7241 MCC=0.7422
  learning_rate_used=2.595e-04; learning_rate_next=2.562e-04; elapsed=139.1s
  negatives seen=100.0%; hard negatives=0
Epoch 026 train: loss=0.0947 AUROC=0.9980 AUPRC=0.9823 BalAcc=0.9838 F1=0.9334 MCC=0.9277
Epoch 026 val  : loss=0.0401 AUROC=0.9979 AUPRC=0.9185 BalAcc=0.9796 F1=0.6223 MCC=0.6625
  learning_rate_used=2.562e-04; learning_rate_next=2.528e-04; elapsed=140.9s
  negatives seen=100.0%; hard negatives=0
Epoch 027 train: loss=0.0914 AUROC=0.9981 AUPRC=0.9835 BalAcc=0.9845 F1=0.9366 MCC=0.9311
Epoch 027 val  : loss=0.0344 AUROC=0.9980 AUPRC=0.9139 BalAcc=0.9756 F1=0.6961 MCC=0.7206
  learning_rate_used=2.528e-04; learning_rate_next=2.494e-04; elapsed=138.3s
  negatives seen=100.0%; hard negatives=0
Epoch 028 train: loss=0.0904 AUROC=0.9982 AUPRC=0.9836 BalAcc=0.9843 F1=0.9351 MCC=0.9295
Epoch 028 val  : loss=0.0373 AUROC=0.9979 AUPRC=0.9132 BalAcc=0.9742 F1=0.6753 MCC=0.7031
  learning_rate_used=2.494e-04; learning_rate_next=2.458e-04; elapsed=139.9s
  negatives seen=100.0%; hard negatives=0
Epoch 029 train: loss=0.0887 AUROC=0.9983 AUPRC=0.9836 BalAcc=0.9847 F1=0.9372 MCC=0.9317
Epoch 029 val  : loss=0.0348 AUROC=0.9979 AUPRC=0.9118 BalAcc=0.9730 F1=0.7139 MCC=0.7344
  learning_rate_used=2.458e-04; learning_rate_next=2.421e-04; elapsed=139.2s
  negatives seen=100.0%; hard negatives=0
Epoch 030 train: loss=0.0867 AUROC=0.9983 AUPRC=0.9843 BalAcc=0.9851 F1=0.9398 MCC=0.9346
Epoch 030 val  : loss=0.0378 AUROC=0.9979 AUPRC=0.9202 BalAcc=0.9802 F1=0.6426 MCC=0.6789
  learning_rate_used=2.421e-04; learning_rate_next=2.384e-04; elapsed=139.8s
  saved new best checkpoint: /data/projects/SFB_A03/jan/AT_TFBS/human301/runs/MAX/crossassay_archthalia_20261009_144503_1046783/GHTS_seed3/best_model.pt (objective=classification-auprc, score=0.920244)
  negatives seen=100.0%; hard negatives=0
Epoch 031 train: loss=0.0850 AUROC=0.9984 AUPRC=0.9849 BalAcc=0.9855 F1=0.9414 MCC=0.9362
Epoch 031 val  : loss=0.0421 AUROC=0.9979 AUPRC=0.9111 BalAcc=0.9800 F1=0.6221 MCC=0.6626
  learning_rate_used=2.384e-04; learning_rate_next=2.345e-04; elapsed=137.9s
  negatives seen=100.0%; hard negatives=0
Epoch 032 train: loss=0.0844 AUROC=0.9984 AUPRC=0.9840 BalAcc=0.9852 F1=0.9391 MCC=0.9338
Epoch 032 val  : loss=0.0341 AUROC=0.9978 AUPRC=0.9152 BalAcc=0.9730 F1=0.7186 MCC=0.7384
  learning_rate_used=2.345e-04; learning_rate_next=2.306e-04; elapsed=137.2s
  negatives seen=100.0%; hard negatives=0
Epoch 033 train: loss=0.0836 AUROC=0.9984 AUPRC=0.9843 BalAcc=0.9862 F1=0.9423 MCC=0.9372
Epoch 033 val  : loss=0.0347 AUROC=0.9980 AUPRC=0.9183 BalAcc=0.9779 F1=0.6875 MCC=0.7144
  learning_rate_used=2.306e-04; learning_rate_next=2.266e-04; elapsed=138.5s
  negatives seen=100.0%; hard negatives=0
Epoch 034 train: loss=0.0805 AUROC=0.9986 AUPRC=0.9860 BalAcc=0.9860 F1=0.9423 MCC=0.9372
Epoch 034 val  : loss=0.0335 AUROC=0.9980 AUPRC=0.9156 BalAcc=0.9727 F1=0.7389 MCC=0.7553
  learning_rate_used=2.266e-04; learning_rate_next=2.225e-04; elapsed=141.6s
  negatives seen=100.0%; hard negatives=0
Epoch 035 train: loss=0.0817 AUROC=0.9986 AUPRC=0.9855 BalAcc=0.9856 F1=0.9425 MCC=0.9374
Epoch 035 val  : loss=0.0356 AUROC=0.9978 AUPRC=0.9153 BalAcc=0.9745 F1=0.6950 MCC=0.7193
  learning_rate_used=2.225e-04; learning_rate_next=2.184e-04; elapsed=139.9s
  negatives seen=100.0%; hard negatives=0
Epoch 036 train: loss=0.0752 AUROC=0.9987 AUPRC=0.9858 BalAcc=0.9867 F1=0.9458 MCC=0.9409
Epoch 036 val  : loss=0.0376 AUROC=0.9978 AUPRC=0.9172 BalAcc=0.9776 F1=0.6696 MCC=0.6996
  learning_rate_used=2.184e-04; learning_rate_next=2.142e-04; elapsed=138.7s
  negatives seen=100.0%; hard negatives=0
Epoch 037 train: loss=0.0718 AUROC=0.9988 AUPRC=0.9874 BalAcc=0.9875 F1=0.9489 MCC=0.9443
Epoch 037 val  : loss=0.0355 AUROC=0.9979 AUPRC=0.9118 BalAcc=0.9716 F1=0.7140 MCC=0.7341
  learning_rate_used=2.142e-04; learning_rate_next=2.099e-04; elapsed=137.6s
  negatives seen=100.0%; hard negatives=0
Epoch 038 train: loss=0.0756 AUROC=0.9987 AUPRC=0.9866 BalAcc=0.9872 F1=0.9466 MCC=0.9419
Epoch 038 val  : loss=0.0359 AUROC=0.9979 AUPRC=0.9106 BalAcc=0.9643 F1=0.7503 MCC=0.7626
  learning_rate_used=2.099e-04; learning_rate_next=2.055e-04; elapsed=137.8s
  negatives seen=100.0%; hard negatives=0
Epoch 039 train: loss=0.0760 AUROC=0.9987 AUPRC=0.9866 BalAcc=0.9865 F1=0.9452 MCC=0.9403
Epoch 039 val  : loss=0.0342 AUROC=0.9980 AUPRC=0.9129 BalAcc=0.9725 F1=0.7098 MCC=0.7309
  learning_rate_used=2.055e-04; learning_rate_next=2.011e-04; elapsed=138.8s
  negatives seen=100.0%; hard negatives=0
Epoch 040 train: loss=0.0716 AUROC=0.9987 AUPRC=0.9864 BalAcc=0.9877 F1=0.9480 MCC=0.9434
Epoch 040 val  : loss=0.0350 AUROC=0.9979 AUPRC=0.9136 BalAcc=0.9714 F1=0.7236 MCC=0.7420
  learning_rate_used=2.011e-04; learning_rate_next=1.967e-04; elapsed=140.8s
  negatives seen=100.0%; hard negatives=0
Epoch 041 train: loss=0.0724 AUROC=0.9988 AUPRC=0.9871 BalAcc=0.9874 F1=0.9489 MCC=0.9443
Epoch 041 val  : loss=0.0382 AUROC=0.9977 AUPRC=0.9128 BalAcc=0.9755 F1=0.6830 MCC=0.7098
  learning_rate_used=1.967e-04; learning_rate_next=1.922e-04; elapsed=137.1s
  negatives seen=100.0%; hard negatives=0
Epoch 042 train: loss=0.0690 AUROC=0.9989 AUPRC=0.9881 BalAcc=0.9883 F1=0.9514 MCC=0.9470
Epoch 042 val  : loss=0.0372 AUROC=0.9975 AUPRC=0.9094 BalAcc=0.9671 F1=0.7293 MCC=0.7455
  learning_rate_used=1.922e-04; learning_rate_next=1.877e-04; elapsed=140.2s
  negatives seen=100.0%; hard negatives=0
Epoch 043 train: loss=0.0699 AUROC=0.9988 AUPRC=0.9867 BalAcc=0.9877 F1=0.9483 MCC=0.9437
Epoch 043 val  : loss=0.0407 AUROC=0.9974 AUPRC=0.9114 BalAcc=0.9742 F1=0.6809 MCC=0.7077
  learning_rate_used=1.877e-04; learning_rate_next=1.831e-04; elapsed=141.2s
  negatives seen=100.0%; hard negatives=0
Epoch 044 train: loss=0.0663 AUROC=0.9988 AUPRC=0.9867 BalAcc=0.9882 F1=0.9497 MCC=0.9453
Epoch 044 val  : loss=0.0352 AUROC=0.9979 AUPRC=0.9158 BalAcc=0.9725 F1=0.7228 MCC=0.7417
  learning_rate_used=1.831e-04; learning_rate_next=1.785e-04; elapsed=141.7s
  negatives seen=100.0%; hard negatives=0
Epoch 045 train: loss=0.0668 AUROC=0.9989 AUPRC=0.9880 BalAcc=0.9892 F1=0.9541 MCC=0.9500
Epoch 045 val  : loss=0.0383 AUROC=0.9977 AUPRC=0.9149 BalAcc=0.9755 F1=0.6956 MCC=0.7201
  learning_rate_used=1.785e-04; learning_rate_next=1.739e-04; elapsed=139.9s
  negatives seen=100.0%; hard negatives=0
Epoch 046 train: loss=0.0638 AUROC=0.9990 AUPRC=0.9881 BalAcc=0.9893 F1=0.9535 MCC=0.9494
Epoch 046 val  : loss=0.0386 AUROC=0.9976 AUPRC=0.9119 BalAcc=0.9675 F1=0.7325 MCC=0.7483
  learning_rate_used=1.739e-04; learning_rate_next=1.692e-04; elapsed=140.0s
  negatives seen=100.0%; hard negatives=0
Epoch 047 train: loss=0.0655 AUROC=0.9989 AUPRC=0.9880 BalAcc=0.9888 F1=0.9528 MCC=0.9486
Epoch 047 val  : loss=0.0353 AUROC=0.9978 AUPRC=0.9118 BalAcc=0.9681 F1=0.7285 MCC=0.7452
  learning_rate_used=1.692e-04; learning_rate_next=1.646e-04; elapsed=138.2s
  negatives seen=100.0%; hard negatives=0
Epoch 048 train: loss=0.0603 AUROC=0.9990 AUPRC=0.9886 BalAcc=0.9898 F1=0.9555 MCC=0.9515
Epoch 048 val  : loss=0.0381 AUROC=0.9976 AUPRC=0.9125 BalAcc=0.9719 F1=0.6998 MCC=0.7224
  learning_rate_used=1.646e-04; learning_rate_next=1.599e-04; elapsed=139.3s
  negatives seen=100.0%; hard negatives=0
Epoch 049 train: loss=0.0595 AUROC=0.9991 AUPRC=0.9891 BalAcc=0.9899 F1=0.9575 MCC=0.9536
Epoch 049 val  : loss=0.0382 AUROC=0.9977 AUPRC=0.9131 BalAcc=0.9751 F1=0.6771 MCC=0.7049
  learning_rate_used=1.599e-04; learning_rate_next=1.552e-04; elapsed=139.3s
  negatives seen=100.0%; hard negatives=0
Epoch 050 train: loss=0.0584 AUROC=0.9991 AUPRC=0.9894 BalAcc=0.9900 F1=0.9560 MCC=0.9520
Epoch 050 val  : loss=0.0379 AUROC=0.9975 AUPRC=0.9098 BalAcc=0.9751 F1=0.6923 MCC=0.7173
  learning_rate_used=1.552e-04; learning_rate_next=1.505e-04; elapsed=139.4s
Early stopping after 50 epochs.
Binary threshold: 0.971633 (strategy=val-mcc, validation_score=0.849948)
Validation-only run completed; frozen model: /data/projects/SFB_A03/jan/AT_TFBS/human301/runs/MAX/crossassay_archthalia_20261009_144503_1046783/GHTS_seed3/model_for_prediction.pt
MAX: GHTS -> GHTS
TEST MAX GHTS -> GHTS: loss=0.0420 AUROC=0.9977 AUPRC=0.9141 BalAcc=0.9396 F1=0.8447 MCC=0.8438
MAX: GHTS -> CHIP
TEST MAX GHTS -> CHIP: loss=0.5187 AUROC=0.8215 AUPRC=0.0628 BalAcc=0.5334 F1=0.0910 MCC=0.0876
Completed MAX/GHTS: one model, both fixed test sets.
