TF=MAX variant=base seed=1
/home/jbossenz/miniforge3/envs/at_env/bin/python -u /data/projects/SFB_A03/jan/AT_TFBS/human301/hum301_motif64.py train --cache /data/projects/SFB_A03/jan/AT_TFBS/raw_data/human/MAX/hum301_multitf_chr5_chr7/dataset.npz --output-dir /data/projects/SFB_A03/jan/AT_TFBS/human301/runs/MAX/multitf_20261006_033507_932031_base_seed1 --input-length 256 --embed-channels 64 --encoder-channels 80 96 128 --heads 4 --ffn-channels 256 --classification-readout center --task-mode classification --checkpoint-objective classification-auprc --threshold-strategy val-mcc --negatives-per-positive 10 --batch-size 88 --hard-negative-fraction 0 --epochs 100 --patience 20 --learning-rate 0.0003 --min-learning-rate 0.000001 --weight-decay 0.0001 --dropout 0.1 --activation relu --reverse-complement-probability 0.5 --eval-crops multi --eval-rc --no-balanced-evaluation --eval-batch-size 128 --num-workers 2 --seed 1 --device cuda
Window geometry: 256 bp from 301 bp; crop starts 0..45; shifts -22..+23; fresh uniform draw per access
Evaluation: crops (0, 22, 23, 45), reverse complement=True; all samples
train: n=998,082, positive=9,882, negative=988,200
  val: n=211,494, positive=2,094, negative=209,400
 test: n=938,189, positive=9,289, negative=928,900
Device: cuda
Hidden activation: RELU
Parameters: 1,032,981 total; 1,032,981 trainable
Architecture: motif kernels 9/12; encoder 128/64/64; original five-block bottleneck at 64; decoder 64/128/256
  negatives seen=10.0%; hard negatives=0
Epoch 001 train: loss=0.7846 AUROC=0.8839 AUPRC=0.6200 BalAcc=0.8099 F1=0.4744 MCC=0.4432
Epoch 001 val  : loss=0.2071 AUROC=0.9175 AUPRC=0.3005 BalAcc=0.8029 F1=0.2750 MCC=0.3225
  learning_rate_used=3.000e-04; learning_rate_next=2.999e-04; elapsed=101.3s
  saved new best checkpoint: /data/projects/SFB_A03/jan/AT_TFBS/human301/runs/MAX/multitf_20261006_033507_932031_base_seed1/best_model.pt (objective=classification-auprc, score=0.300518)
  negatives seen=20.0%; hard negatives=0
Epoch 002 train: loss=0.6631 AUROC=0.9174 AUPRC=0.6890 BalAcc=0.8467 F1=0.5488 MCC=0.5230
Epoch 002 val  : loss=0.2101 AUROC=0.9381 AUPRC=0.3432 BalAcc=0.8368 F1=0.2716 MCC=0.3334
  learning_rate_used=2.999e-04; learning_rate_next=2.997e-04; elapsed=101.2s
  saved new best checkpoint: /data/projects/SFB_A03/jan/AT_TFBS/human301/runs/MAX/multitf_20261006_033507_932031_base_seed1/best_model.pt (objective=classification-auprc, score=0.343184)
  negatives seen=30.0%; hard negatives=0
Epoch 003 train: loss=0.6125 AUROC=0.9294 AUPRC=0.7245 BalAcc=0.8584 F1=0.5725 MCC=0.5485
Epoch 003 val  : loss=0.1958 AUROC=0.9363 AUPRC=0.3403 BalAcc=0.8457 F1=0.2508 MCC=0.3205
  learning_rate_used=2.997e-04; learning_rate_next=2.993e-04; elapsed=100.4s
  negatives seen=40.0%; hard negatives=0
Epoch 004 train: loss=0.5881 AUROC=0.9356 AUPRC=0.7347 BalAcc=0.8632 F1=0.5824 MCC=0.5592
Epoch 004 val  : loss=0.1994 AUROC=0.9385 AUPRC=0.3648 BalAcc=0.8520 F1=0.2625 MCC=0.3322
  learning_rate_used=2.993e-04; learning_rate_next=2.988e-04; elapsed=100.9s
  saved new best checkpoint: /data/projects/SFB_A03/jan/AT_TFBS/human301/runs/MAX/multitf_20261006_033507_932031_base_seed1/best_model.pt (objective=classification-auprc, score=0.364760)
  negatives seen=50.0%; hard negatives=0
Epoch 005 train: loss=0.5746 AUROC=0.9384 AUPRC=0.7468 BalAcc=0.8682 F1=0.5909 MCC=0.5687
Epoch 005 val  : loss=0.4615 AUROC=0.9296 AUPRC=0.3650 BalAcc=0.8482 F1=0.0884 MCC=0.1771
  learning_rate_used=2.988e-04; learning_rate_next=2.982e-04; elapsed=101.0s
  saved new best checkpoint: /data/projects/SFB_A03/jan/AT_TFBS/human301/runs/MAX/multitf_20261006_033507_932031_base_seed1/best_model.pt (objective=classification-auprc, score=0.365049)
  negatives seen=60.0%; hard negatives=0
Epoch 006 train: loss=0.5648 AUROC=0.9406 AUPRC=0.7493 BalAcc=0.8713 F1=0.5989 MCC=0.5769
Epoch 006 val  : loss=0.2693 AUROC=0.9461 AUPRC=0.3799 BalAcc=0.8794 F1=0.1612 MCC=0.2575
  learning_rate_used=2.982e-04; learning_rate_next=2.974e-04; elapsed=100.7s
  saved new best checkpoint: /data/projects/SFB_A03/jan/AT_TFBS/human301/runs/MAX/multitf_20261006_033507_932031_base_seed1/best_model.pt (objective=classification-auprc, score=0.379855)
  negatives seen=70.0%; hard negatives=0
Epoch 007 train: loss=0.5495 AUROC=0.9439 AUPRC=0.7600 BalAcc=0.8752 F1=0.6097 MCC=0.5880
Epoch 007 val  : loss=0.1684 AUROC=0.9447 AUPRC=0.3788 BalAcc=0.8454 F1=0.3069 MCC=0.3643
  learning_rate_used=2.974e-04; learning_rate_next=2.964e-04; elapsed=101.0s
  negatives seen=80.0%; hard negatives=0
Epoch 008 train: loss=0.5400 AUROC=0.9458 AUPRC=0.7703 BalAcc=0.8770 F1=0.6093 MCC=0.5883
Epoch 008 val  : loss=0.3626 AUROC=0.9485 AUPRC=0.3804 BalAcc=0.8761 F1=0.1144 MCC=0.2122
  learning_rate_used=2.964e-04; learning_rate_next=2.953e-04; elapsed=100.8s
  saved new best checkpoint: /data/projects/SFB_A03/jan/AT_TFBS/human301/runs/MAX/multitf_20261006_033507_932031_base_seed1/best_model.pt (objective=classification-auprc, score=0.380398)
  negatives seen=90.0%; hard negatives=0
Epoch 009 train: loss=0.5318 AUROC=0.9475 AUPRC=0.7743 BalAcc=0.8816 F1=0.6193 MCC=0.5990
Epoch 009 val  : loss=0.3906 AUROC=0.9477 AUPRC=0.3957 BalAcc=0.8720 F1=0.1068 MCC=0.2032
  learning_rate_used=2.953e-04; learning_rate_next=2.941e-04; elapsed=101.0s
  saved new best checkpoint: /data/projects/SFB_A03/jan/AT_TFBS/human301/runs/MAX/multitf_20261006_033507_932031_base_seed1/best_model.pt (objective=classification-auprc, score=0.395677)
  negatives seen=100.0%; hard negatives=0
Epoch 010 train: loss=0.5196 AUROC=0.9505 AUPRC=0.7785 BalAcc=0.8830 F1=0.6203 MCC=0.6005
Epoch 010 val  : loss=0.2866 AUROC=0.9477 AUPRC=0.3996 BalAcc=0.8788 F1=0.1581 MCC=0.2545
  learning_rate_used=2.941e-04; learning_rate_next=2.927e-04; elapsed=100.7s
  saved new best checkpoint: /data/projects/SFB_A03/jan/AT_TFBS/human301/runs/MAX/multitf_20261006_033507_932031_base_seed1/best_model.pt (objective=classification-auprc, score=0.399629)
  negatives seen=100.0%; hard negatives=0
Epoch 011 train: loss=0.5195 AUROC=0.9505 AUPRC=0.7739 BalAcc=0.8835 F1=0.6224 MCC=0.6025
Epoch 011 val  : loss=0.2188 AUROC=0.9489 AUPRC=0.3906 BalAcc=0.8740 F1=0.2070 MCC=0.2954
  learning_rate_used=2.927e-04; learning_rate_next=2.912e-04; elapsed=101.4s
  negatives seen=100.0%; hard negatives=0
Epoch 012 train: loss=0.5087 AUROC=0.9531 AUPRC=0.7800 BalAcc=0.8859 F1=0.6266 MCC=0.6072
Epoch 012 val  : loss=0.2117 AUROC=0.9501 AUPRC=0.4040 BalAcc=0.8783 F1=0.2237 MCC=0.3109
  learning_rate_used=2.912e-04; learning_rate_next=2.895e-04; elapsed=101.1s
  saved new best checkpoint: /data/projects/SFB_A03/jan/AT_TFBS/human301/runs/MAX/multitf_20261006_033507_932031_base_seed1/best_model.pt (objective=classification-auprc, score=0.404000)
  negatives seen=100.0%; hard negatives=0
Epoch 013 train: loss=0.5031 AUROC=0.9538 AUPRC=0.7856 BalAcc=0.8893 F1=0.6312 MCC=0.6126
Epoch 013 val  : loss=0.3984 AUROC=0.9487 AUPRC=0.4060 BalAcc=0.8737 F1=0.1003 MCC=0.1971
  learning_rate_used=2.895e-04; learning_rate_next=2.877e-04; elapsed=101.9s
  saved new best checkpoint: /data/projects/SFB_A03/jan/AT_TFBS/human301/runs/MAX/multitf_20261006_033507_932031_base_seed1/best_model.pt (objective=classification-auprc, score=0.405991)
  negatives seen=100.0%; hard negatives=0
Epoch 014 train: loss=0.4998 AUROC=0.9546 AUPRC=0.7842 BalAcc=0.8906 F1=0.6334 MCC=0.6150
Epoch 014 val  : loss=0.2705 AUROC=0.9471 AUPRC=0.3909 BalAcc=0.8777 F1=0.1738 MCC=0.2682
  learning_rate_used=2.877e-04; learning_rate_next=2.858e-04; elapsed=101.5s
  negatives seen=100.0%; hard negatives=0
Epoch 015 train: loss=0.4906 AUROC=0.9562 AUPRC=0.7900 BalAcc=0.8921 F1=0.6379 MCC=0.6196
Epoch 015 val  : loss=0.2812 AUROC=0.9501 AUPRC=0.4127 BalAcc=0.8840 F1=0.1597 MCC=0.2577
  learning_rate_used=2.858e-04; learning_rate_next=2.837e-04; elapsed=102.5s
  saved new best checkpoint: /data/projects/SFB_A03/jan/AT_TFBS/human301/runs/MAX/multitf_20261006_033507_932031_base_seed1/best_model.pt (objective=classification-auprc, score=0.412749)
  negatives seen=100.0%; hard negatives=0
Epoch 016 train: loss=0.4870 AUROC=0.9574 AUPRC=0.7964 BalAcc=0.8916 F1=0.6411 MCC=0.6222
Epoch 016 val  : loss=0.1493 AUROC=0.9500 AUPRC=0.4140 BalAcc=0.8402 F1=0.3713 MCC=0.4120
  learning_rate_used=2.837e-04; learning_rate_next=2.815e-04; elapsed=101.4s
  saved new best checkpoint: /data/projects/SFB_A03/jan/AT_TFBS/human301/runs/MAX/multitf_20261006_033507_932031_base_seed1/best_model.pt (objective=classification-auprc, score=0.413965)
  negatives seen=100.0%; hard negatives=0
Epoch 017 train: loss=0.4802 AUROC=0.9585 AUPRC=0.7973 BalAcc=0.8954 F1=0.6509 MCC=0.6324
Epoch 017 val  : loss=0.4422 AUROC=0.9490 AUPRC=0.4104 BalAcc=0.8651 F1=0.0911 MCC=0.1850
  learning_rate_used=2.815e-04; learning_rate_next=2.792e-04; elapsed=101.7s
  negatives seen=100.0%; hard negatives=0
Epoch 018 train: loss=0.4698 AUROC=0.9602 AUPRC=0.8001 BalAcc=0.8964 F1=0.6463 MCC=0.6288
Epoch 018 val  : loss=0.2473 AUROC=0.9489 AUPRC=0.4153 BalAcc=0.8821 F1=0.1843 MCC=0.2789
  learning_rate_used=2.792e-04; learning_rate_next=2.767e-04; elapsed=101.8s
  saved new best checkpoint: /data/projects/SFB_A03/jan/AT_TFBS/human301/runs/MAX/multitf_20261006_033507_932031_base_seed1/best_model.pt (objective=classification-auprc, score=0.415306)
  negatives seen=100.0%; hard negatives=0
Epoch 019 train: loss=0.4652 AUROC=0.9614 AUPRC=0.8046 BalAcc=0.8997 F1=0.6573 MCC=0.6397
Epoch 019 val  : loss=0.1641 AUROC=0.9496 AUPRC=0.4088 BalAcc=0.8574 F1=0.3093 MCC=0.3710
  learning_rate_used=2.767e-04; learning_rate_next=2.741e-04; elapsed=101.6s
  negatives seen=100.0%; hard negatives=0
Epoch 020 train: loss=0.4556 AUROC=0.9627 AUPRC=0.8035 BalAcc=0.9009 F1=0.6599 MCC=0.6425
Epoch 020 val  : loss=0.2025 AUROC=0.9492 AUPRC=0.4057 BalAcc=0.8759 F1=0.2375 MCC=0.3213
  learning_rate_used=2.741e-04; learning_rate_next=2.714e-04; elapsed=102.2s
  negatives seen=100.0%; hard negatives=0
Epoch 021 train: loss=0.4518 AUROC=0.9633 AUPRC=0.8046 BalAcc=0.9020 F1=0.6613 MCC=0.6442
Epoch 021 val  : loss=0.3225 AUROC=0.9502 AUPRC=0.4174 BalAcc=0.8817 F1=0.1365 MCC=0.2354
  learning_rate_used=2.714e-04; learning_rate_next=2.686e-04; elapsed=101.5s
  saved new best checkpoint: /data/projects/SFB_A03/jan/AT_TFBS/human301/runs/MAX/multitf_20261006_033507_932031_base_seed1/best_model.pt (objective=classification-auprc, score=0.417352)
  negatives seen=100.0%; hard negatives=0
Epoch 022 train: loss=0.4465 AUROC=0.9645 AUPRC=0.8067 BalAcc=0.9036 F1=0.6649 MCC=0.6480
Epoch 022 val  : loss=0.2485 AUROC=0.9497 AUPRC=0.4172 BalAcc=0.8846 F1=0.1755 MCC=0.2721
  learning_rate_used=2.686e-04; learning_rate_next=2.657e-04; elapsed=101.7s
  negatives seen=100.0%; hard negatives=0
Epoch 023 train: loss=0.4397 AUROC=0.9654 AUPRC=0.8147 BalAcc=0.9066 F1=0.6727 MCC=0.6561
Epoch 023 val  : loss=0.2690 AUROC=0.9470 AUPRC=0.4136 BalAcc=0.8818 F1=0.1646 MCC=0.2614
  learning_rate_used=2.657e-04; learning_rate_next=2.626e-04; elapsed=102.4s
  negatives seen=100.0%; hard negatives=0
Epoch 024 train: loss=0.4327 AUROC=0.9668 AUPRC=0.8190 BalAcc=0.9069 F1=0.6778 MCC=0.6607
Epoch 024 val  : loss=0.4193 AUROC=0.9462 AUPRC=0.4161 BalAcc=0.8674 F1=0.0961 MCC=0.1909
  learning_rate_used=2.626e-04; learning_rate_next=2.595e-04; elapsed=103.7s
  negatives seen=100.0%; hard negatives=0
Epoch 025 train: loss=0.4263 AUROC=0.9678 AUPRC=0.8181 BalAcc=0.9084 F1=0.6842 MCC=0.6671
Epoch 025 val  : loss=0.2334 AUROC=0.9490 AUPRC=0.4081 BalAcc=0.8818 F1=0.1911 MCC=0.2847
  learning_rate_used=2.595e-04; learning_rate_next=2.562e-04; elapsed=101.9s
  negatives seen=100.0%; hard negatives=0
Epoch 026 train: loss=0.4226 AUROC=0.9684 AUPRC=0.8173 BalAcc=0.9103 F1=0.6880 MCC=0.6712
Epoch 026 val  : loss=0.2330 AUROC=0.9494 AUPRC=0.4197 BalAcc=0.8828 F1=0.1946 MCC=0.2881
  learning_rate_used=2.562e-04; learning_rate_next=2.528e-04; elapsed=101.9s
  saved new best checkpoint: /data/projects/SFB_A03/jan/AT_TFBS/human301/runs/MAX/multitf_20261006_033507_932031_base_seed1/best_model.pt (objective=classification-auprc, score=0.419697)
  negatives seen=100.0%; hard negatives=0
Epoch 027 train: loss=0.4189 AUROC=0.9689 AUPRC=0.8172 BalAcc=0.9115 F1=0.6856 MCC=0.6694
Epoch 027 val  : loss=0.2294 AUROC=0.9477 AUPRC=0.4085 BalAcc=0.8794 F1=0.1979 MCC=0.2896
  learning_rate_used=2.528e-04; learning_rate_next=2.494e-04; elapsed=101.9s
  negatives seen=100.0%; hard negatives=0
Epoch 028 train: loss=0.4175 AUROC=0.9697 AUPRC=0.8231 BalAcc=0.9118 F1=0.6912 MCC=0.6745
Epoch 028 val  : loss=0.2010 AUROC=0.9483 AUPRC=0.4233 BalAcc=0.8725 F1=0.2380 MCC=0.3204
  learning_rate_used=2.494e-04; learning_rate_next=2.458e-04; elapsed=102.0s
  saved new best checkpoint: /data/projects/SFB_A03/jan/AT_TFBS/human301/runs/MAX/multitf_20261006_033507_932031_base_seed1/best_model.pt (objective=classification-auprc, score=0.423299)
  negatives seen=100.0%; hard negatives=0
Epoch 029 train: loss=0.4051 AUROC=0.9711 AUPRC=0.8247 BalAcc=0.9141 F1=0.6973 MCC=0.6809
Epoch 029 val  : loss=0.1965 AUROC=0.9454 AUPRC=0.4177 BalAcc=0.8715 F1=0.2475 MCC=0.3277
  learning_rate_used=2.458e-04; learning_rate_next=2.421e-04; elapsed=101.8s
  negatives seen=100.0%; hard negatives=0
Epoch 030 train: loss=0.3954 AUROC=0.9722 AUPRC=0.8273 BalAcc=0.9165 F1=0.7013 MCC=0.6854
Epoch 030 val  : loss=0.3102 AUROC=0.9491 AUPRC=0.4143 BalAcc=0.8844 F1=0.1402 MCC=0.2398
  learning_rate_used=2.421e-04; learning_rate_next=2.384e-04; elapsed=101.7s
  negatives seen=100.0%; hard negatives=0
Epoch 031 train: loss=0.3957 AUROC=0.9722 AUPRC=0.8269 BalAcc=0.9189 F1=0.7074 MCC=0.6918
Epoch 031 val  : loss=0.2615 AUROC=0.9484 AUPRC=0.4270 BalAcc=0.8825 F1=0.1721 MCC=0.2684
  learning_rate_used=2.384e-04; learning_rate_next=2.345e-04; elapsed=101.8s
  saved new best checkpoint: /data/projects/SFB_A03/jan/AT_TFBS/human301/runs/MAX/multitf_20261006_033507_932031_base_seed1/best_model.pt (objective=classification-auprc, score=0.427031)
  negatives seen=100.0%; hard negatives=0
Epoch 032 train: loss=0.3876 AUROC=0.9735 AUPRC=0.8352 BalAcc=0.9201 F1=0.7094 MCC=0.6941
Epoch 032 val  : loss=0.1783 AUROC=0.9438 AUPRC=0.4084 BalAcc=0.8601 F1=0.2809 MCC=0.3498
  learning_rate_used=2.345e-04; learning_rate_next=2.306e-04; elapsed=102.4s
  negatives seen=100.0%; hard negatives=0
Epoch 033 train: loss=0.3819 AUROC=0.9743 AUPRC=0.8394 BalAcc=0.9216 F1=0.7241 MCC=0.7080
Epoch 033 val  : loss=0.1729 AUROC=0.9476 AUPRC=0.4159 BalAcc=0.8561 F1=0.3053 MCC=0.3673
  learning_rate_used=2.306e-04; learning_rate_next=2.266e-04; elapsed=102.0s
  negatives seen=100.0%; hard negatives=0
Epoch 034 train: loss=0.3759 AUROC=0.9752 AUPRC=0.8353 BalAcc=0.9219 F1=0.7218 MCC=0.7060
Epoch 034 val  : loss=0.2320 AUROC=0.9446 AUPRC=0.4025 BalAcc=0.8728 F1=0.2050 MCC=0.2933
  learning_rate_used=2.266e-04; learning_rate_next=2.225e-04; elapsed=101.5s
  negatives seen=100.0%; hard negatives=0
Epoch 035 train: loss=0.3721 AUROC=0.9757 AUPRC=0.8396 BalAcc=0.9234 F1=0.7212 MCC=0.7059
Epoch 035 val  : loss=0.1965 AUROC=0.9471 AUPRC=0.4225 BalAcc=0.8763 F1=0.2497 MCC=0.3313
  learning_rate_used=2.225e-04; learning_rate_next=2.184e-04; elapsed=102.0s
  negatives seen=100.0%; hard negatives=0
Epoch 036 train: loss=0.3668 AUROC=0.9766 AUPRC=0.8457 BalAcc=0.9250 F1=0.7291 MCC=0.7137
Epoch 036 val  : loss=0.2283 AUROC=0.9416 AUPRC=0.4164 BalAcc=0.8738 F1=0.2167 MCC=0.3034
  learning_rate_used=2.184e-04; learning_rate_next=2.142e-04; elapsed=102.1s
  negatives seen=100.0%; hard negatives=0
Epoch 037 train: loss=0.3702 AUROC=0.9757 AUPRC=0.8355 BalAcc=0.9234 F1=0.7251 MCC=0.7095
Epoch 037 val  : loss=0.1807 AUROC=0.9465 AUPRC=0.4154 BalAcc=0.8642 F1=0.2994 MCC=0.3660
  learning_rate_used=2.142e-04; learning_rate_next=2.099e-04; elapsed=101.9s
  negatives seen=100.0%; hard negatives=0
Epoch 038 train: loss=0.3541 AUROC=0.9777 AUPRC=0.8485 BalAcc=0.9275 F1=0.7317 MCC=0.7170
Epoch 038 val  : loss=0.1785 AUROC=0.9459 AUPRC=0.4164 BalAcc=0.8642 F1=0.2939 MCC=0.3617
  learning_rate_used=2.099e-04; learning_rate_next=2.055e-04; elapsed=101.8s
  negatives seen=100.0%; hard negatives=0
Epoch 039 train: loss=0.3537 AUROC=0.9779 AUPRC=0.8440 BalAcc=0.9285 F1=0.7374 MCC=0.7226
Epoch 039 val  : loss=0.1951 AUROC=0.9445 AUPRC=0.4075 BalAcc=0.8643 F1=0.2636 MCC=0.3379
  learning_rate_used=2.055e-04; learning_rate_next=2.011e-04; elapsed=102.1s
  negatives seen=100.0%; hard negatives=0
Epoch 040 train: loss=0.3496 AUROC=0.9785 AUPRC=0.8426 BalAcc=0.9283 F1=0.7426 MCC=0.7273
Epoch 040 val  : loss=0.1942 AUROC=0.9478 AUPRC=0.4225 BalAcc=0.8754 F1=0.2449 MCC=0.3271
  learning_rate_used=2.011e-04; learning_rate_next=1.967e-04; elapsed=101.9s
  negatives seen=100.0%; hard negatives=0
Epoch 041 train: loss=0.3378 AUROC=0.9797 AUPRC=0.8516 BalAcc=0.9311 F1=0.7457 MCC=0.7311
Epoch 041 val  : loss=0.2262 AUROC=0.9426 AUPRC=0.4169 BalAcc=0.8754 F1=0.2159 MCC=0.3033
  learning_rate_used=1.967e-04; learning_rate_next=1.922e-04; elapsed=101.7s
  negatives seen=100.0%; hard negatives=0
Epoch 042 train: loss=0.3337 AUROC=0.9803 AUPRC=0.8519 BalAcc=0.9329 F1=0.7467 MCC=0.7326
Epoch 042 val  : loss=0.2357 AUROC=0.9428 AUPRC=0.4193 BalAcc=0.8724 F1=0.1966 MCC=0.2861
  learning_rate_used=1.922e-04; learning_rate_next=1.877e-04; elapsed=101.9s
  negatives seen=100.0%; hard negatives=0
Epoch 043 train: loss=0.3290 AUROC=0.9808 AUPRC=0.8547 BalAcc=0.9338 F1=0.7536 MCC=0.7392
Epoch 043 val  : loss=0.2023 AUROC=0.9439 AUPRC=0.4182 BalAcc=0.8731 F1=0.2406 MCC=0.3228
  learning_rate_used=1.877e-04; learning_rate_next=1.831e-04; elapsed=102.3s
  negatives seen=100.0%; hard negatives=0
Epoch 044 train: loss=0.3265 AUROC=0.9812 AUPRC=0.8566 BalAcc=0.9336 F1=0.7531 MCC=0.7387
Epoch 044 val  : loss=0.1900 AUROC=0.9443 AUPRC=0.4250 BalAcc=0.8685 F1=0.2732 MCC=0.3470
  learning_rate_used=1.831e-04; learning_rate_next=1.785e-04; elapsed=102.2s
  negatives seen=100.0%; hard negatives=0
Epoch 045 train: loss=0.3165 AUROC=0.9821 AUPRC=0.8622 BalAcc=0.9364 F1=0.7631 MCC=0.7490
Epoch 045 val  : loss=0.1899 AUROC=0.9471 AUPRC=0.4161 BalAcc=0.8682 F1=0.2662 MCC=0.3414
  learning_rate_used=1.785e-04; learning_rate_next=1.739e-04; elapsed=101.6s
  negatives seen=100.0%; hard negatives=0
Epoch 046 train: loss=0.3164 AUROC=0.9822 AUPRC=0.8608 BalAcc=0.9357 F1=0.7600 MCC=0.7458
Epoch 046 val  : loss=0.1910 AUROC=0.9433 AUPRC=0.4142 BalAcc=0.8642 F1=0.2648 MCC=0.3388
  learning_rate_used=1.739e-04; learning_rate_next=1.692e-04; elapsed=102.2s
  negatives seen=100.0%; hard negatives=0
Epoch 047 train: loss=0.3179 AUROC=0.9820 AUPRC=0.8589 BalAcc=0.9370 F1=0.7639 MCC=0.7499
Epoch 047 val  : loss=0.1957 AUROC=0.9420 AUPRC=0.4176 BalAcc=0.8708 F1=0.2472 MCC=0.3273
  learning_rate_used=1.692e-04; learning_rate_next=1.646e-04; elapsed=101.5s
  negatives seen=100.0%; hard negatives=0
Epoch 048 train: loss=0.3009 AUROC=0.9836 AUPRC=0.8636 BalAcc=0.9406 F1=0.7747 MCC=0.7611
Epoch 048 val  : loss=0.1692 AUROC=0.9450 AUPRC=0.4214 BalAcc=0.8529 F1=0.3356 MCC=0.3895
  learning_rate_used=1.646e-04; learning_rate_next=1.599e-04; elapsed=101.7s
  negatives seen=100.0%; hard negatives=0
Epoch 049 train: loss=0.3005 AUROC=0.9839 AUPRC=0.8682 BalAcc=0.9402 F1=0.7742 MCC=0.7605
Epoch 049 val  : loss=0.2002 AUROC=0.9437 AUPRC=0.4204 BalAcc=0.8729 F1=0.2361 MCC=0.3191
  learning_rate_used=1.599e-04; learning_rate_next=1.552e-04; elapsed=102.2s
  negatives seen=100.0%; hard negatives=0
Epoch 050 train: loss=0.2944 AUROC=0.9846 AUPRC=0.8696 BalAcc=0.9410 F1=0.7798 MCC=0.7660
Epoch 050 val  : loss=0.1961 AUROC=0.9403 AUPRC=0.4171 BalAcc=0.8636 F1=0.2757 MCC=0.3471
  learning_rate_used=1.552e-04; learning_rate_next=1.505e-04; elapsed=102.0s
  negatives seen=100.0%; hard negatives=0
Epoch 051 train: loss=0.2911 AUROC=0.9849 AUPRC=0.8723 BalAcc=0.9425 F1=0.7812 MCC=0.7678
Epoch 051 val  : loss=0.1876 AUROC=0.9437 AUPRC=0.4212 BalAcc=0.8643 F1=0.2759 MCC=0.3476
  learning_rate_used=1.505e-04; learning_rate_next=1.458e-04; elapsed=102.0s
Early stopping after 51 epochs.
Binary threshold: 0.983540 (strategy=val-mcc, validation_score=0.481888)
TEST chr10,chr12,chr14,chr16,chr18,chr2,chr20,chr22,chr4,chr6,chr8: loss=0.2669 AUROC=0.9420 AUPRC=0.4087 BalAcc=0.7617 F1=0.4724 MCC=0.4695
Outputs written to /data/projects/SFB_A03/jan/AT_TFBS/human301/runs/MAX/multitf_20261006_033507_932031_base_seed1
Binary predictions: binary_classification_results.tsv
Binary metrics: binary_classification_metrics.json
ROC plot: roc_curve.png
Precision-recall plot: precision_recall_curve.png
Confusion matrix: binary_confusion_matrix.tsv
