MGA/CHIP: reusing /data/projects/SFB_A03/jan/AT_TFBS/raw_data/human/MGA/hum301_multitf_chr5_chr7/dataset.npz
{
  "train": {
    "positive": 8442,
    "negative": 844200,
    "total": 852642,
    "chromosomes": [
      "chr1",
      "chr11",
      "chr13",
      "chr15",
      "chr17",
      "chr19",
      "chr21",
      "chr3",
      "chr9"
    ],
    "sequences_with_N": 0,
    "max_N_fraction": 0.0,
    "mean_GC_fraction_ACGT_only": {
      "positive": 0.6023265258897728,
      "negative": 0.5343370593638358
    }
  },
  "validation": {
    "positive": 1995,
    "negative": 199500,
    "total": 201495,
    "chromosomes": [
      "chr5",
      "chr7"
    ],
    "sequences_with_N": 0,
    "max_N_fraction": 0.0,
    "mean_GC_fraction_ACGT_only": {
      "positive": 0.591014080050625,
      "negative": 0.5263069134630597
    }
  },
  "test": {
    "positive": 8313,
    "negative": 831300,
    "total": 839613,
    "chromosomes": [
      "chr10",
      "chr12",
      "chr14",
      "chr16",
      "chr18",
      "chr2",
      "chr20",
      "chr22",
      "chr4",
      "chr6",
      "chr8"
    ],
    "sequences_with_N": 1,
    "max_N_fraction": 0.0033222591362126247,
    "mean_GC_fraction_ACGT_only": {
      "positive": 0.5994412053117247,
      "negative": 0.5335921722091604
    }
  }
}
MGA/GHTS: packing existing FASTAs into /data/projects/SFB_A03/jan/AT_TFBS/raw_data/human/MGA/GHTS/dataset.npz; no genome extraction
Loaded train_positive: 2,706
Loaded train_negative: 270,600
Loaded test_positive: 2,556
Loaded test_negative: 255,600
{
  "train": {
    "positive": 2097,
    "negative": 209700,
    "total": 211797,
    "chromosomes": [
      "chr1",
      "chr11",
      "chr13",
      "chr15",
      "chr17",
      "chr19",
      "chr21",
      "chr3",
      "chr9"
    ],
    "sequences_with_N": 2,
    "max_N_fraction": 0.34219269102990035,
    "mean_GC_fraction_ACGT_only": {
      "positive": 0.4712041479530578,
      "negative": 0.47119761342338445
    }
  },
  "validation": {
    "positive": 609,
    "negative": 60900,
    "total": 61509,
    "chromosomes": [
      "chr5",
      "chr7"
    ],
    "sequences_with_N": 1,
    "max_N_fraction": 0.3787375415282392,
    "mean_GC_fraction_ACGT_only": {
      "positive": 0.462085891439028,
      "negative": 0.46215390406363027
    }
  },
  "test": {
    "positive": 2556,
    "negative": 255600,
    "total": 258156,
    "chromosomes": [
      "chr10",
      "chr12",
      "chr14",
      "chr16",
      "chr18",
      "chr2",
      "chr20",
      "chr22",
      "chr4",
      "chr6",
      "chr8"
    ],
    "sequences_with_N": 2,
    "max_N_fraction": 0.11627906976744186,
    "mean_GC_fraction_ACGT_only": {
      "positive": 0.4665147950580312,
      "negative": 0.46651404551339043
    }
  }
}
Sequence audit: {
  "train": {
    "duplicates_or_RC_duplicates_within_split": 1,
    "identical_or_RC_identical_sequences_with_both_labels": 0
  },
  "validation": {
    "duplicates_or_RC_duplicates_within_split": 1,
    "identical_or_RC_identical_sequences_with_both_labels": 0
  },
  "test": {
    "duplicates_or_RC_duplicates_within_split": 0,
    "identical_or_RC_identical_sequences_with_both_labels": 0
  },
  "train_validation_shared_sequences_or_RC": 0,
  "train_test_shared_sequences_or_RC": 0,
  "validation_test_shared_sequences_or_RC": 0
}
Saved: /data/projects/SFB_A03/jan/AT_TFBS/raw_data/human/MGA/GHTS/dataset.npz
MGA: caches ready for CHIP and GHTS; cross-test chromosomes are held out.
