TF=ELF3 variant=base seed=2
/home/jbossenz/miniforge3/envs/at_env/bin/python -u /data/projects/SFB_A03/jan/AT_TFBS/human301/hum301_motif64.py train --cache /data/projects/SFB_A03/jan/AT_TFBS/raw_data/human/ELF3/hum301_multitf_chr5_chr7/dataset.npz --output-dir /data/projects/SFB_A03/jan/AT_TFBS/human301/runs/ELF3/multitf_20261006_033507_932031_base_seed2 --input-length 256 --embed-channels 64 --encoder-channels 80 96 128 --heads 4 --ffn-channels 256 --classification-readout center --task-mode classification --checkpoint-objective classification-auprc --threshold-strategy val-mcc --negatives-per-positive 10 --batch-size 88 --hard-negative-fraction 0 --epochs 100 --patience 20 --learning-rate 0.0003 --min-learning-rate 0.000001 --weight-decay 0.0001 --dropout 0.1 --activation relu --reverse-complement-probability 0.5 --eval-crops multi --eval-rc --no-balanced-evaluation --eval-batch-size 128 --num-workers 2 --seed 2 --device cuda
Window geometry: 256 bp from 301 bp; crop starts 0..45; shifts -22..+23; fresh uniform draw per access
Evaluation: crops (0, 22, 23, 45), reverse complement=True; all samples
train: n=3,217,860, positive=31,860, negative=3,186,000
  val: n=935,563, positive=9,263, negative=926,300
 test: n=3,789,015, positive=37,515, negative=3,751,500
Device: cuda
Hidden activation: RELU
Parameters: 1,032,981 total; 1,032,981 trainable
Architecture: motif kernels 9/12; encoder 128/64/64; original five-block bottleneck at 64; decoder 64/128/256
  negatives seen=10.0%; hard negatives=0
Epoch 001 train: loss=0.6909 AUROC=0.9132 AUPRC=0.6128 BalAcc=0.8352 F1=0.4929 MCC=0.4714
Epoch 001 val  : loss=0.3997 AUROC=0.9449 AUPRC=0.3468 BalAcc=0.8671 F1=0.0932 MCC=0.1877
  learning_rate_used=3.000e-04; learning_rate_next=2.999e-04; elapsed=422.5s
  saved new best checkpoint: /data/projects/SFB_A03/jan/AT_TFBS/human301/runs/ELF3/multitf_20261006_033507_932031_base_seed2/best_model.pt (objective=classification-auprc, score=0.346784)
  negatives seen=20.0%; hard negatives=0
Epoch 002 train: loss=0.5655 AUROC=0.9417 AUPRC=0.7102 BalAcc=0.8749 F1=0.5784 MCC=0.5611
Epoch 002 val  : loss=0.2715 AUROC=0.9502 AUPRC=0.3694 BalAcc=0.8841 F1=0.1480 MCC=0.2470
  learning_rate_used=2.999e-04; learning_rate_next=2.997e-04; elapsed=427.8s
  saved new best checkpoint: /data/projects/SFB_A03/jan/AT_TFBS/human301/runs/ELF3/multitf_20261006_033507_932031_base_seed2/best_model.pt (objective=classification-auprc, score=0.369416)
  negatives seen=30.0%; hard negatives=0
Epoch 003 train: loss=0.5329 AUROC=0.9479 AUPRC=0.7372 BalAcc=0.8835 F1=0.6011 MCC=0.5842
Epoch 003 val  : loss=0.3717 AUROC=0.9531 AUPRC=0.3729 BalAcc=0.8837 F1=0.1083 MCC=0.2084
  learning_rate_used=2.997e-04; learning_rate_next=2.993e-04; elapsed=427.8s
  saved new best checkpoint: /data/projects/SFB_A03/jan/AT_TFBS/human301/runs/ELF3/multitf_20261006_033507_932031_base_seed2/best_model.pt (objective=classification-auprc, score=0.372896)
  negatives seen=40.0%; hard negatives=0
Epoch 004 train: loss=0.5178 AUROC=0.9510 AUPRC=0.7484 BalAcc=0.8875 F1=0.6049 MCC=0.5894
Epoch 004 val  : loss=0.2734 AUROC=0.9558 AUPRC=0.3999 BalAcc=0.8926 F1=0.1544 MCC=0.2557
  learning_rate_used=2.993e-04; learning_rate_next=2.988e-04; elapsed=422.0s
  saved new best checkpoint: /data/projects/SFB_A03/jan/AT_TFBS/human301/runs/ELF3/multitf_20261006_033507_932031_base_seed2/best_model.pt (objective=classification-auprc, score=0.399949)
  negatives seen=50.0%; hard negatives=0
Epoch 005 train: loss=0.5081 AUROC=0.9529 AUPRC=0.7607 BalAcc=0.8903 F1=0.6131 MCC=0.5975
Epoch 005 val  : loss=0.1745 AUROC=0.9564 AUPRC=0.3918 BalAcc=0.8763 F1=0.2376 MCC=0.3216
  learning_rate_used=2.988e-04; learning_rate_next=2.982e-04; elapsed=426.6s
  negatives seen=60.0%; hard negatives=0
Epoch 006 train: loss=0.5002 AUROC=0.9546 AUPRC=0.7652 BalAcc=0.8923 F1=0.6207 MCC=0.6049
Epoch 006 val  : loss=0.2290 AUROC=0.9566 AUPRC=0.4038 BalAcc=0.8899 F1=0.1844 MCC=0.2817
  learning_rate_used=2.982e-04; learning_rate_next=2.974e-04; elapsed=422.6s
  saved new best checkpoint: /data/projects/SFB_A03/jan/AT_TFBS/human301/runs/ELF3/multitf_20261006_033507_932031_base_seed2/best_model.pt (objective=classification-auprc, score=0.403819)
  negatives seen=70.0%; hard negatives=0
Epoch 007 train: loss=0.4950 AUROC=0.9553 AUPRC=0.7665 BalAcc=0.8943 F1=0.6241 MCC=0.6086
Epoch 007 val  : loss=0.2243 AUROC=0.9565 AUPRC=0.4001 BalAcc=0.8902 F1=0.1750 MCC=0.2736
  learning_rate_used=2.974e-04; learning_rate_next=2.964e-04; elapsed=421.8s
  negatives seen=80.0%; hard negatives=0
Epoch 008 train: loss=0.4892 AUROC=0.9567 AUPRC=0.7723 BalAcc=0.8961 F1=0.6249 MCC=0.6101
Epoch 008 val  : loss=0.2006 AUROC=0.9577 AUPRC=0.4048 BalAcc=0.8858 F1=0.2041 MCC=0.2972
  learning_rate_used=2.964e-04; learning_rate_next=2.953e-04; elapsed=420.2s
  saved new best checkpoint: /data/projects/SFB_A03/jan/AT_TFBS/human301/runs/ELF3/multitf_20261006_033507_932031_base_seed2/best_model.pt (objective=classification-auprc, score=0.404827)
  negatives seen=90.0%; hard negatives=0
Epoch 009 train: loss=0.4845 AUROC=0.9574 AUPRC=0.7783 BalAcc=0.8968 F1=0.6287 MCC=0.6137
Epoch 009 val  : loss=0.2275 AUROC=0.9586 AUPRC=0.4132 BalAcc=0.8936 F1=0.1840 MCC=0.2827
  learning_rate_used=2.953e-04; learning_rate_next=2.941e-04; elapsed=435.7s
  saved new best checkpoint: /data/projects/SFB_A03/jan/AT_TFBS/human301/runs/ELF3/multitf_20261006_033507_932031_base_seed2/best_model.pt (objective=classification-auprc, score=0.413222)
  negatives seen=100.0%; hard negatives=0
Epoch 010 train: loss=0.4766 AUROC=0.9588 AUPRC=0.7792 BalAcc=0.8985 F1=0.6354 MCC=0.6201
Epoch 010 val  : loss=0.2662 AUROC=0.9584 AUPRC=0.4195 BalAcc=0.8964 F1=0.1513 MCC=0.2542
  learning_rate_used=2.941e-04; learning_rate_next=2.927e-04; elapsed=429.4s
  saved new best checkpoint: /data/projects/SFB_A03/jan/AT_TFBS/human301/runs/ELF3/multitf_20261006_033507_932031_base_seed2/best_model.pt (objective=classification-auprc, score=0.419527)
  negatives seen=100.0%; hard negatives=0
Epoch 011 train: loss=0.4769 AUROC=0.9587 AUPRC=0.7819 BalAcc=0.8982 F1=0.6351 MCC=0.6198
Epoch 011 val  : loss=0.2849 AUROC=0.9579 AUPRC=0.4138 BalAcc=0.8952 F1=0.1460 MCC=0.2488
  learning_rate_used=2.927e-04; learning_rate_next=2.912e-04; elapsed=427.4s
  negatives seen=100.0%; hard negatives=0
Epoch 012 train: loss=0.4707 AUROC=0.9599 AUPRC=0.7848 BalAcc=0.9000 F1=0.6397 MCC=0.6245
Epoch 012 val  : loss=0.2318 AUROC=0.9580 AUPRC=0.4124 BalAcc=0.8924 F1=0.1788 MCC=0.2777
  learning_rate_used=2.912e-04; learning_rate_next=2.895e-04; elapsed=427.3s
  negatives seen=100.0%; hard negatives=0
Epoch 013 train: loss=0.4663 AUROC=0.9604 AUPRC=0.7882 BalAcc=0.9011 F1=0.6422 MCC=0.6272
Epoch 013 val  : loss=0.2093 AUROC=0.9596 AUPRC=0.4205 BalAcc=0.8923 F1=0.1955 MCC=0.2922
  learning_rate_used=2.895e-04; learning_rate_next=2.877e-04; elapsed=428.1s
  saved new best checkpoint: /data/projects/SFB_A03/jan/AT_TFBS/human301/runs/ELF3/multitf_20261006_033507_932031_base_seed2/best_model.pt (objective=classification-auprc, score=0.420528)
  negatives seen=100.0%; hard negatives=0
Epoch 014 train: loss=0.4653 AUROC=0.9606 AUPRC=0.7903 BalAcc=0.9022 F1=0.6435 MCC=0.6288
Epoch 014 val  : loss=0.2466 AUROC=0.9591 AUPRC=0.4281 BalAcc=0.8954 F1=0.1672 MCC=0.2683
  learning_rate_used=2.877e-04; learning_rate_next=2.858e-04; elapsed=421.2s
  saved new best checkpoint: /data/projects/SFB_A03/jan/AT_TFBS/human301/runs/ELF3/multitf_20261006_033507_932031_base_seed2/best_model.pt (objective=classification-auprc, score=0.428074)
  negatives seen=100.0%; hard negatives=0
Epoch 015 train: loss=0.4630 AUROC=0.9611 AUPRC=0.7943 BalAcc=0.9023 F1=0.6465 MCC=0.6314
Epoch 015 val  : loss=0.2757 AUROC=0.9591 AUPRC=0.4270 BalAcc=0.8970 F1=0.1528 MCC=0.2558
  learning_rate_used=2.858e-04; learning_rate_next=2.837e-04; elapsed=424.5s
  negatives seen=100.0%; hard negatives=0
Epoch 016 train: loss=0.4540 AUROC=0.9625 AUPRC=0.7952 BalAcc=0.9055 F1=0.6516 MCC=0.6372
Epoch 016 val  : loss=0.2341 AUROC=0.9600 AUPRC=0.4249 BalAcc=0.8975 F1=0.1799 MCC=0.2804
  learning_rate_used=2.837e-04; learning_rate_next=2.815e-04; elapsed=425.8s
  negatives seen=100.0%; hard negatives=0
Epoch 017 train: loss=0.4555 AUROC=0.9625 AUPRC=0.7948 BalAcc=0.9045 F1=0.6497 MCC=0.6351
Epoch 017 val  : loss=0.2475 AUROC=0.9596 AUPRC=0.4151 BalAcc=0.8961 F1=0.1679 MCC=0.2692
  learning_rate_used=2.815e-04; learning_rate_next=2.792e-04; elapsed=422.2s
  negatives seen=100.0%; hard negatives=0
Epoch 018 train: loss=0.4497 AUROC=0.9634 AUPRC=0.7994 BalAcc=0.9058 F1=0.6551 MCC=0.6403
Epoch 018 val  : loss=0.2144 AUROC=0.9597 AUPRC=0.4262 BalAcc=0.8932 F1=0.1918 MCC=0.2893
  learning_rate_used=2.792e-04; learning_rate_next=2.767e-04; elapsed=426.8s
  negatives seen=100.0%; hard negatives=0
Epoch 019 train: loss=0.4498 AUROC=0.9635 AUPRC=0.7989 BalAcc=0.9058 F1=0.6555 MCC=0.6407
Epoch 019 val  : loss=0.2018 AUROC=0.9604 AUPRC=0.4287 BalAcc=0.8923 F1=0.2062 MCC=0.3013
  learning_rate_used=2.767e-04; learning_rate_next=2.741e-04; elapsed=427.3s
  saved new best checkpoint: /data/projects/SFB_A03/jan/AT_TFBS/human301/runs/ELF3/multitf_20261006_033507_932031_base_seed2/best_model.pt (objective=classification-auprc, score=0.428664)
  negatives seen=100.0%; hard negatives=0
Epoch 020 train: loss=0.4492 AUROC=0.9633 AUPRC=0.7976 BalAcc=0.9062 F1=0.6583 MCC=0.6432
Epoch 020 val  : loss=0.1851 AUROC=0.9599 AUPRC=0.4223 BalAcc=0.8874 F1=0.2294 MCC=0.3190
  learning_rate_used=2.741e-04; learning_rate_next=2.714e-04; elapsed=421.0s
  negatives seen=100.0%; hard negatives=0
Epoch 021 train: loss=0.4443 AUROC=0.9643 AUPRC=0.7977 BalAcc=0.9068 F1=0.6582 MCC=0.6434
Epoch 021 val  : loss=0.2428 AUROC=0.9598 AUPRC=0.4283 BalAcc=0.8966 F1=0.1732 MCC=0.2741
  learning_rate_used=2.714e-04; learning_rate_next=2.686e-04; elapsed=425.7s
  negatives seen=100.0%; hard negatives=0
Epoch 022 train: loss=0.4417 AUROC=0.9647 AUPRC=0.8014 BalAcc=0.9073 F1=0.6609 MCC=0.6460
Epoch 022 val  : loss=0.2375 AUROC=0.9605 AUPRC=0.4302 BalAcc=0.8967 F1=0.1713 MCC=0.2725
  learning_rate_used=2.686e-04; learning_rate_next=2.657e-04; elapsed=426.8s
  saved new best checkpoint: /data/projects/SFB_A03/jan/AT_TFBS/human301/runs/ELF3/multitf_20261006_033507_932031_base_seed2/best_model.pt (objective=classification-auprc, score=0.430169)
  negatives seen=100.0%; hard negatives=0
Epoch 023 train: loss=0.4367 AUROC=0.9655 AUPRC=0.8064 BalAcc=0.9080 F1=0.6625 MCC=0.6477
Epoch 023 val  : loss=0.1723 AUROC=0.9602 AUPRC=0.4312 BalAcc=0.8794 F1=0.2524 MCC=0.3347
  learning_rate_used=2.657e-04; learning_rate_next=2.626e-04; elapsed=425.6s
  saved new best checkpoint: /data/projects/SFB_A03/jan/AT_TFBS/human301/runs/ELF3/multitf_20261006_033507_932031_base_seed2/best_model.pt (objective=classification-auprc, score=0.431244)
  negatives seen=100.0%; hard negatives=0
Epoch 024 train: loss=0.4356 AUROC=0.9656 AUPRC=0.8040 BalAcc=0.9089 F1=0.6652 MCC=0.6505
Epoch 024 val  : loss=0.1951 AUROC=0.9612 AUPRC=0.4342 BalAcc=0.8915 F1=0.2151 MCC=0.3086
  learning_rate_used=2.626e-04; learning_rate_next=2.595e-04; elapsed=426.9s
  saved new best checkpoint: /data/projects/SFB_A03/jan/AT_TFBS/human301/runs/ELF3/multitf_20261006_033507_932031_base_seed2/best_model.pt (objective=classification-auprc, score=0.434244)
  negatives seen=100.0%; hard negatives=0
Epoch 025 train: loss=0.4350 AUROC=0.9658 AUPRC=0.8074 BalAcc=0.9096 F1=0.6699 MCC=0.6548
Epoch 025 val  : loss=0.2267 AUROC=0.9601 AUPRC=0.4347 BalAcc=0.8961 F1=0.1887 MCC=0.2876
  learning_rate_used=2.595e-04; learning_rate_next=2.562e-04; elapsed=425.2s
  saved new best checkpoint: /data/projects/SFB_A03/jan/AT_TFBS/human301/runs/ELF3/multitf_20261006_033507_932031_base_seed2/best_model.pt (objective=classification-auprc, score=0.434740)
  negatives seen=100.0%; hard negatives=0
Epoch 026 train: loss=0.4315 AUROC=0.9663 AUPRC=0.8075 BalAcc=0.9103 F1=0.6694 MCC=0.6547
Epoch 026 val  : loss=0.1946 AUROC=0.9614 AUPRC=0.4336 BalAcc=0.8895 F1=0.2263 MCC=0.3172
  learning_rate_used=2.562e-04; learning_rate_next=2.528e-04; elapsed=425.5s
  negatives seen=100.0%; hard negatives=0
Epoch 027 train: loss=0.4296 AUROC=0.9665 AUPRC=0.8097 BalAcc=0.9107 F1=0.6710 MCC=0.6562
Epoch 027 val  : loss=0.2467 AUROC=0.9609 AUPRC=0.4373 BalAcc=0.8972 F1=0.1742 MCC=0.2753
  learning_rate_used=2.528e-04; learning_rate_next=2.494e-04; elapsed=418.4s
  saved new best checkpoint: /data/projects/SFB_A03/jan/AT_TFBS/human301/runs/ELF3/multitf_20261006_033507_932031_base_seed2/best_model.pt (objective=classification-auprc, score=0.437302)
  negatives seen=100.0%; hard negatives=0
Epoch 028 train: loss=0.4243 AUROC=0.9674 AUPRC=0.8121 BalAcc=0.9122 F1=0.6742 MCC=0.6596
Epoch 028 val  : loss=0.1942 AUROC=0.9609 AUPRC=0.4375 BalAcc=0.8921 F1=0.2153 MCC=0.3089
  learning_rate_used=2.494e-04; learning_rate_next=2.458e-04; elapsed=423.6s
  saved new best checkpoint: /data/projects/SFB_A03/jan/AT_TFBS/human301/runs/ELF3/multitf_20261006_033507_932031_base_seed2/best_model.pt (objective=classification-auprc, score=0.437497)
  negatives seen=100.0%; hard negatives=0
Epoch 029 train: loss=0.4226 AUROC=0.9678 AUPRC=0.8112 BalAcc=0.9118 F1=0.6743 MCC=0.6596
Epoch 029 val  : loss=0.1976 AUROC=0.9609 AUPRC=0.4385 BalAcc=0.8931 F1=0.2130 MCC=0.3074
  learning_rate_used=2.458e-04; learning_rate_next=2.421e-04; elapsed=427.3s
  saved new best checkpoint: /data/projects/SFB_A03/jan/AT_TFBS/human301/runs/ELF3/multitf_20261006_033507_932031_base_seed2/best_model.pt (objective=classification-auprc, score=0.438466)
  negatives seen=100.0%; hard negatives=0
Epoch 030 train: loss=0.4188 AUROC=0.9684 AUPRC=0.8141 BalAcc=0.9134 F1=0.6790 MCC=0.6643
Epoch 030 val  : loss=0.2235 AUROC=0.9606 AUPRC=0.4358 BalAcc=0.8952 F1=0.1909 MCC=0.2892
  learning_rate_used=2.421e-04; learning_rate_next=2.384e-04; elapsed=427.3s
  negatives seen=100.0%; hard negatives=0
Epoch 031 train: loss=0.4160 AUROC=0.9688 AUPRC=0.8141 BalAcc=0.9137 F1=0.6810 MCC=0.6663
Epoch 031 val  : loss=0.1661 AUROC=0.9609 AUPRC=0.4396 BalAcc=0.8779 F1=0.2677 MCC=0.3464
  learning_rate_used=2.384e-04; learning_rate_next=2.345e-04; elapsed=428.9s
  saved new best checkpoint: /data/projects/SFB_A03/jan/AT_TFBS/human301/runs/ELF3/multitf_20261006_033507_932031_base_seed2/best_model.pt (objective=classification-auprc, score=0.439613)
  negatives seen=100.0%; hard negatives=0
Epoch 032 train: loss=0.4150 AUROC=0.9689 AUPRC=0.8138 BalAcc=0.9146 F1=0.6828 MCC=0.6681
Epoch 032 val  : loss=0.2040 AUROC=0.9613 AUPRC=0.4401 BalAcc=0.8941 F1=0.2074 MCC=0.3030
  learning_rate_used=2.345e-04; learning_rate_next=2.306e-04; elapsed=426.8s
  saved new best checkpoint: /data/projects/SFB_A03/jan/AT_TFBS/human301/runs/ELF3/multitf_20261006_033507_932031_base_seed2/best_model.pt (objective=classification-auprc, score=0.440132)
  negatives seen=100.0%; hard negatives=0
Epoch 033 train: loss=0.4140 AUROC=0.9691 AUPRC=0.8161 BalAcc=0.9139 F1=0.6817 MCC=0.6669
Epoch 033 val  : loss=0.2035 AUROC=0.9610 AUPRC=0.4344 BalAcc=0.8938 F1=0.2066 MCC=0.3023
  learning_rate_used=2.306e-04; learning_rate_next=2.266e-04; elapsed=424.2s
  negatives seen=100.0%; hard negatives=0
Epoch 034 train: loss=0.4104 AUROC=0.9695 AUPRC=0.8169 BalAcc=0.9148 F1=0.6833 MCC=0.6687
Epoch 034 val  : loss=0.1848 AUROC=0.9615 AUPRC=0.4381 BalAcc=0.8901 F1=0.2300 MCC=0.3204
  learning_rate_used=2.266e-04; learning_rate_next=2.225e-04; elapsed=421.0s
  negatives seen=100.0%; hard negatives=0
Epoch 035 train: loss=0.4085 AUROC=0.9698 AUPRC=0.8172 BalAcc=0.9154 F1=0.6838 MCC=0.6694
Epoch 035 val  : loss=0.2222 AUROC=0.9603 AUPRC=0.4372 BalAcc=0.8950 F1=0.1907 MCC=0.2891
  learning_rate_used=2.225e-04; learning_rate_next=2.184e-04; elapsed=428.4s
  negatives seen=100.0%; hard negatives=0
Epoch 036 train: loss=0.4048 AUROC=0.9704 AUPRC=0.8206 BalAcc=0.9169 F1=0.6915 MCC=0.6768
Epoch 036 val  : loss=0.1684 AUROC=0.9611 AUPRC=0.4392 BalAcc=0.8807 F1=0.2600 MCC=0.3413
  learning_rate_used=2.184e-04; learning_rate_next=2.142e-04; elapsed=422.9s
  negatives seen=100.0%; hard negatives=0
Epoch 037 train: loss=0.4038 AUROC=0.9706 AUPRC=0.8218 BalAcc=0.9169 F1=0.6902 MCC=0.6757
Epoch 037 val  : loss=0.2041 AUROC=0.9608 AUPRC=0.4408 BalAcc=0.8934 F1=0.2122 MCC=0.3069
  learning_rate_used=2.142e-04; learning_rate_next=2.099e-04; elapsed=423.6s
  saved new best checkpoint: /data/projects/SFB_A03/jan/AT_TFBS/human301/runs/ELF3/multitf_20261006_033507_932031_base_seed2/best_model.pt (objective=classification-auprc, score=0.440800)
  negatives seen=100.0%; hard negatives=0
Epoch 038 train: loss=0.4023 AUROC=0.9707 AUPRC=0.8185 BalAcc=0.9175 F1=0.6895 MCC=0.6753
Epoch 038 val  : loss=0.1734 AUROC=0.9615 AUPRC=0.4399 BalAcc=0.8858 F1=0.2477 MCC=0.3334
  learning_rate_used=2.099e-04; learning_rate_next=2.055e-04; elapsed=422.5s
  negatives seen=100.0%; hard negatives=0
Epoch 039 train: loss=0.3984 AUROC=0.9714 AUPRC=0.8231 BalAcc=0.9182 F1=0.6950 MCC=0.6805
Epoch 039 val  : loss=0.2155 AUROC=0.9609 AUPRC=0.4388 BalAcc=0.8938 F1=0.2051 MCC=0.3009
  learning_rate_used=2.055e-04; learning_rate_next=2.011e-04; elapsed=425.2s
  negatives seen=100.0%; hard negatives=0
Epoch 040 train: loss=0.3950 AUROC=0.9719 AUPRC=0.8247 BalAcc=0.9182 F1=0.6944 MCC=0.6799
Epoch 040 val  : loss=0.1882 AUROC=0.9612 AUPRC=0.4404 BalAcc=0.8883 F1=0.2343 MCC=0.3234
  learning_rate_used=2.011e-04; learning_rate_next=1.967e-04; elapsed=427.3s
  negatives seen=100.0%; hard negatives=0
Epoch 041 train: loss=0.3903 AUROC=0.9725 AUPRC=0.8252 BalAcc=0.9200 F1=0.7000 MCC=0.6855
Epoch 041 val  : loss=0.2236 AUROC=0.9603 AUPRC=0.4410 BalAcc=0.8945 F1=0.1940 MCC=0.2917
  learning_rate_used=1.967e-04; learning_rate_next=1.922e-04; elapsed=423.3s
  saved new best checkpoint: /data/projects/SFB_A03/jan/AT_TFBS/human301/runs/ELF3/multitf_20261006_033507_932031_base_seed2/best_model.pt (objective=classification-auprc, score=0.441026)
  negatives seen=100.0%; hard negatives=0
Epoch 042 train: loss=0.3933 AUROC=0.9721 AUPRC=0.8248 BalAcc=0.9194 F1=0.6986 MCC=0.6841
Epoch 042 val  : loss=0.2027 AUROC=0.9612 AUPRC=0.4430 BalAcc=0.8942 F1=0.2108 MCC=0.3060
  learning_rate_used=1.922e-04; learning_rate_next=1.877e-04; elapsed=426.0s
  saved new best checkpoint: /data/projects/SFB_A03/jan/AT_TFBS/human301/runs/ELF3/multitf_20261006_033507_932031_base_seed2/best_model.pt (objective=classification-auprc, score=0.442999)
  negatives seen=100.0%; hard negatives=0
Epoch 043 train: loss=0.3851 AUROC=0.9731 AUPRC=0.8276 BalAcc=0.9218 F1=0.7033 MCC=0.6893
Epoch 043 val  : loss=0.2143 AUROC=0.9602 AUPRC=0.4442 BalAcc=0.8947 F1=0.2034 MCC=0.2999
  learning_rate_used=1.877e-04; learning_rate_next=1.831e-04; elapsed=420.3s
  saved new best checkpoint: /data/projects/SFB_A03/jan/AT_TFBS/human301/runs/ELF3/multitf_20261006_033507_932031_base_seed2/best_model.pt (objective=classification-auprc, score=0.444232)
  negatives seen=100.0%; hard negatives=0
Epoch 044 train: loss=0.3878 AUROC=0.9729 AUPRC=0.8288 BalAcc=0.9210 F1=0.7048 MCC=0.6903
Epoch 044 val  : loss=0.1678 AUROC=0.9609 AUPRC=0.4309 BalAcc=0.8786 F1=0.2666 MCC=0.3458
  learning_rate_used=1.831e-04; learning_rate_next=1.785e-04; elapsed=427.4s
  negatives seen=100.0%; hard negatives=0
Epoch 045 train: loss=0.3829 AUROC=0.9736 AUPRC=0.8279 BalAcc=0.9214 F1=0.7029 MCC=0.6887
Epoch 045 val  : loss=0.2191 AUROC=0.9610 AUPRC=0.4420 BalAcc=0.8957 F1=0.2010 MCC=0.2981
  learning_rate_used=1.785e-04; learning_rate_next=1.739e-04; elapsed=426.8s
  negatives seen=100.0%; hard negatives=0
Epoch 046 train: loss=0.3807 AUROC=0.9740 AUPRC=0.8297 BalAcc=0.9222 F1=0.7068 MCC=0.6924
Epoch 046 val  : loss=0.1745 AUROC=0.9609 AUPRC=0.4388 BalAcc=0.8831 F1=0.2541 MCC=0.3375
  learning_rate_used=1.739e-04; learning_rate_next=1.692e-04; elapsed=423.8s
  negatives seen=100.0%; hard negatives=0
Epoch 047 train: loss=0.3809 AUROC=0.9739 AUPRC=0.8296 BalAcc=0.9225 F1=0.7071 MCC=0.6928
Epoch 047 val  : loss=0.1806 AUROC=0.9611 AUPRC=0.4425 BalAcc=0.8864 F1=0.2396 MCC=0.3270
  learning_rate_used=1.692e-04; learning_rate_next=1.646e-04; elapsed=420.6s
  negatives seen=100.0%; hard negatives=0
Epoch 048 train: loss=0.3757 AUROC=0.9745 AUPRC=0.8327 BalAcc=0.9235 F1=0.7096 MCC=0.6955
Epoch 048 val  : loss=0.1804 AUROC=0.9609 AUPRC=0.4449 BalAcc=0.8837 F1=0.2469 MCC=0.3319
  learning_rate_used=1.646e-04; learning_rate_next=1.599e-04; elapsed=424.8s
  saved new best checkpoint: /data/projects/SFB_A03/jan/AT_TFBS/human301/runs/ELF3/multitf_20261006_033507_932031_base_seed2/best_model.pt (objective=classification-auprc, score=0.444891)
  negatives seen=100.0%; hard negatives=0
Epoch 049 train: loss=0.3754 AUROC=0.9745 AUPRC=0.8317 BalAcc=0.9230 F1=0.7074 MCC=0.6933
Epoch 049 val  : loss=0.2046 AUROC=0.9604 AUPRC=0.4385 BalAcc=0.8927 F1=0.2089 MCC=0.3038
  learning_rate_used=1.599e-04; learning_rate_next=1.552e-04; elapsed=426.9s
  negatives seen=100.0%; hard negatives=0
Epoch 050 train: loss=0.3719 AUROC=0.9752 AUPRC=0.8334 BalAcc=0.9246 F1=0.7130 MCC=0.6989
Epoch 050 val  : loss=0.1819 AUROC=0.9603 AUPRC=0.4456 BalAcc=0.8854 F1=0.2410 MCC=0.3278
  learning_rate_used=1.552e-04; learning_rate_next=1.505e-04; elapsed=421.1s
  saved new best checkpoint: /data/projects/SFB_A03/jan/AT_TFBS/human301/runs/ELF3/multitf_20261006_033507_932031_base_seed2/best_model.pt (objective=classification-auprc, score=0.445567)
  negatives seen=100.0%; hard negatives=0
Epoch 051 train: loss=0.3674 AUROC=0.9758 AUPRC=0.8364 BalAcc=0.9250 F1=0.7169 MCC=0.7026
Epoch 051 val  : loss=0.1798 AUROC=0.9605 AUPRC=0.4434 BalAcc=0.8855 F1=0.2418 MCC=0.3284
  learning_rate_used=1.505e-04; learning_rate_next=1.458e-04; elapsed=428.5s
  negatives seen=100.0%; hard negatives=0
Epoch 052 train: loss=0.3677 AUROC=0.9756 AUPRC=0.8352 BalAcc=0.9259 F1=0.7176 MCC=0.7036
Epoch 052 val  : loss=0.2298 AUROC=0.9603 AUPRC=0.4451 BalAcc=0.8974 F1=0.1875 MCC=0.2871
  learning_rate_used=1.458e-04; learning_rate_next=1.411e-04; elapsed=430.3s
  negatives seen=100.0%; hard negatives=0
Epoch 053 train: loss=0.3621 AUROC=0.9765 AUPRC=0.8379 BalAcc=0.9260 F1=0.7190 MCC=0.7048
Epoch 053 val  : loss=0.1920 AUROC=0.9604 AUPRC=0.4450 BalAcc=0.8900 F1=0.2307 MCC=0.3210
  learning_rate_used=1.411e-04; learning_rate_next=1.364e-04; elapsed=428.0s
  negatives seen=100.0%; hard negatives=0
Epoch 054 train: loss=0.3629 AUROC=0.9763 AUPRC=0.8367 BalAcc=0.9265 F1=0.7199 MCC=0.7059
Epoch 054 val  : loss=0.1907 AUROC=0.9602 AUPRC=0.4444 BalAcc=0.8881 F1=0.2291 MCC=0.3190
  learning_rate_used=1.364e-04; learning_rate_next=1.318e-04; elapsed=426.7s
  negatives seen=100.0%; hard negatives=0
Epoch 055 train: loss=0.3597 AUROC=0.9766 AUPRC=0.8389 BalAcc=0.9276 F1=0.7219 MCC=0.7081
Epoch 055 val  : loss=0.1700 AUROC=0.9611 AUPRC=0.4443 BalAcc=0.8803 F1=0.2590 MCC=0.3404
  learning_rate_used=1.318e-04; learning_rate_next=1.271e-04; elapsed=421.2s
  negatives seen=100.0%; hard negatives=0
Epoch 056 train: loss=0.3564 AUROC=0.9770 AUPRC=0.8409 BalAcc=0.9281 F1=0.7235 MCC=0.7097
Epoch 056 val  : loss=0.1599 AUROC=0.9599 AUPRC=0.4422 BalAcc=0.8713 F1=0.2844 MCC=0.3570
  learning_rate_used=1.271e-04; learning_rate_next=1.225e-04; elapsed=419.5s
  negatives seen=100.0%; hard negatives=0
Epoch 057 train: loss=0.3572 AUROC=0.9770 AUPRC=0.8392 BalAcc=0.9282 F1=0.7223 MCC=0.7086
Epoch 057 val  : loss=0.1894 AUROC=0.9596 AUPRC=0.4411 BalAcc=0.8887 F1=0.2261 MCC=0.3167
  learning_rate_used=1.225e-04; learning_rate_next=1.179e-04; elapsed=428.9s
  negatives seen=100.0%; hard negatives=0
Epoch 058 train: loss=0.3567 AUROC=0.9769 AUPRC=0.8409 BalAcc=0.9288 F1=0.7252 MCC=0.7115
Epoch 058 val  : loss=0.1655 AUROC=0.9600 AUPRC=0.4458 BalAcc=0.8778 F1=0.2693 MCC=0.3476
  learning_rate_used=1.179e-04; learning_rate_next=1.133e-04; elapsed=427.3s
  saved new best checkpoint: /data/projects/SFB_A03/jan/AT_TFBS/human301/runs/ELF3/multitf_20261006_033507_932031_base_seed2/best_model.pt (objective=classification-auprc, score=0.445807)
  negatives seen=100.0%; hard negatives=0
Epoch 059 train: loss=0.3532 AUROC=0.9776 AUPRC=0.8432 BalAcc=0.9284 F1=0.7281 MCC=0.7140
Epoch 059 val  : loss=0.1872 AUROC=0.9605 AUPRC=0.4451 BalAcc=0.8886 F1=0.2306 MCC=0.3204
  learning_rate_used=1.133e-04; learning_rate_next=1.088e-04; elapsed=427.1s
  negatives seen=100.0%; hard negatives=0
Epoch 060 train: loss=0.3497 AUROC=0.9779 AUPRC=0.8426 BalAcc=0.9298 F1=0.7296 MCC=0.7158
Epoch 060 val  : loss=0.1789 AUROC=0.9602 AUPRC=0.4475 BalAcc=0.8832 F1=0.2488 MCC=0.3332
  learning_rate_used=1.088e-04; learning_rate_next=1.043e-04; elapsed=427.2s
  saved new best checkpoint: /data/projects/SFB_A03/jan/AT_TFBS/human301/runs/ELF3/multitf_20261006_033507_932031_base_seed2/best_model.pt (objective=classification-auprc, score=0.447497)
  negatives seen=100.0%; hard negatives=0
Epoch 061 train: loss=0.3472 AUROC=0.9783 AUPRC=0.8462 BalAcc=0.9301 F1=0.7327 MCC=0.7188
Epoch 061 val  : loss=0.1830 AUROC=0.9605 AUPRC=0.4479 BalAcc=0.8857 F1=0.2395 MCC=0.3266
  learning_rate_used=1.043e-04; learning_rate_next=9.986e-05; elapsed=420.6s
  saved new best checkpoint: /data/projects/SFB_A03/jan/AT_TFBS/human301/runs/ELF3/multitf_20261006_033507_932031_base_seed2/best_model.pt (objective=classification-auprc, score=0.447944)
  negatives seen=100.0%; hard negatives=0
Epoch 062 train: loss=0.3432 AUROC=0.9788 AUPRC=0.8470 BalAcc=0.9308 F1=0.7330 MCC=0.7193
Epoch 062 val  : loss=0.1643 AUROC=0.9592 AUPRC=0.4442 BalAcc=0.8746 F1=0.2750 MCC=0.3509
  learning_rate_used=9.986e-05; learning_rate_next=9.547e-05; elapsed=424.7s
  negatives seen=100.0%; hard negatives=0
Epoch 063 train: loss=0.3437 AUROC=0.9787 AUPRC=0.8469 BalAcc=0.9306 F1=0.7344 MCC=0.7205
Epoch 063 val  : loss=0.1756 AUROC=0.9602 AUPRC=0.4450 BalAcc=0.8830 F1=0.2483 MCC=0.3328
  learning_rate_used=9.547e-05; learning_rate_next=9.113e-05; elapsed=429.8s
  negatives seen=100.0%; hard negatives=0
Epoch 064 train: loss=0.3420 AUROC=0.9789 AUPRC=0.8458 BalAcc=0.9314 F1=0.7346 MCC=0.7210
Epoch 064 val  : loss=0.1751 AUROC=0.9592 AUPRC=0.4453 BalAcc=0.8794 F1=0.2558 MCC=0.3374
  learning_rate_used=9.113e-05; learning_rate_next=8.685e-05; elapsed=425.6s
  negatives seen=100.0%; hard negatives=0
Epoch 065 train: loss=0.3387 AUROC=0.9793 AUPRC=0.8487 BalAcc=0.9316 F1=0.7341 MCC=0.7206
Epoch 065 val  : loss=0.1835 AUROC=0.9604 AUPRC=0.4479 BalAcc=0.8864 F1=0.2389 MCC=0.3264
  learning_rate_used=8.685e-05; learning_rate_next=8.263e-05; elapsed=423.3s
  negatives seen=100.0%; hard negatives=0
Epoch 066 train: loss=0.3344 AUROC=0.9797 AUPRC=0.8482 BalAcc=0.9335 F1=0.7396 MCC=0.7263
Epoch 066 val  : loss=0.1738 AUROC=0.9597 AUPRC=0.4492 BalAcc=0.8803 F1=0.2570 MCC=0.3387
  learning_rate_used=8.263e-05; learning_rate_next=7.848e-05; elapsed=423.5s
  saved new best checkpoint: /data/projects/SFB_A03/jan/AT_TFBS/human301/runs/ELF3/multitf_20261006_033507_932031_base_seed2/best_model.pt (objective=classification-auprc, score=0.449181)
  negatives seen=100.0%; hard negatives=0
Epoch 067 train: loss=0.3384 AUROC=0.9794 AUPRC=0.8482 BalAcc=0.9326 F1=0.7396 MCC=0.7259
Epoch 067 val  : loss=0.1754 AUROC=0.9604 AUPRC=0.4479 BalAcc=0.8829 F1=0.2494 MCC=0.3337
  learning_rate_used=7.848e-05; learning_rate_next=7.440e-05; elapsed=428.6s
  negatives seen=100.0%; hard negatives=0
Epoch 068 train: loss=0.3359 AUROC=0.9796 AUPRC=0.8502 BalAcc=0.9325 F1=0.7394 MCC=0.7258
Epoch 068 val  : loss=0.1641 AUROC=0.9591 AUPRC=0.4417 BalAcc=0.8747 F1=0.2768 MCC=0.3524
  learning_rate_used=7.440e-05; learning_rate_next=7.039e-05; elapsed=424.2s
  negatives seen=100.0%; hard negatives=0
Epoch 069 train: loss=0.3323 AUROC=0.9799 AUPRC=0.8505 BalAcc=0.9346 F1=0.7435 MCC=0.7303
Epoch 069 val  : loss=0.1680 AUROC=0.9588 AUPRC=0.4454 BalAcc=0.8743 F1=0.2746 MCC=0.3504
  learning_rate_used=7.039e-05; learning_rate_next=6.647e-05; elapsed=426.1s
  negatives seen=100.0%; hard negatives=0
Epoch 070 train: loss=0.3323 AUROC=0.9800 AUPRC=0.8489 BalAcc=0.9336 F1=0.7415 MCC=0.7280
Epoch 070 val  : loss=0.1715 AUROC=0.9587 AUPRC=0.4446 BalAcc=0.8783 F1=0.2618 MCC=0.3418
  learning_rate_used=6.647e-05; learning_rate_next=6.263e-05; elapsed=424.7s
  negatives seen=100.0%; hard negatives=0
Epoch 071 train: loss=0.3265 AUROC=0.9809 AUPRC=0.8533 BalAcc=0.9342 F1=0.7437 MCC=0.7302
Epoch 071 val  : loss=0.1751 AUROC=0.9579 AUPRC=0.4416 BalAcc=0.8768 F1=0.2570 MCC=0.3374
  learning_rate_used=6.263e-05; learning_rate_next=5.887e-05; elapsed=426.4s
  negatives seen=100.0%; hard negatives=0
Epoch 072 train: loss=0.3242 AUROC=0.9810 AUPRC=0.8545 BalAcc=0.9351 F1=0.7471 MCC=0.7337
Epoch 072 val  : loss=0.1717 AUROC=0.9586 AUPRC=0.4429 BalAcc=0.8771 F1=0.2612 MCC=0.3409
  learning_rate_used=5.887e-05; learning_rate_next=5.521e-05; elapsed=428.5s
  negatives seen=100.0%; hard negatives=0
Epoch 073 train: loss=0.3225 AUROC=0.9810 AUPRC=0.8548 BalAcc=0.9364 F1=0.7495 MCC=0.7363
Epoch 073 val  : loss=0.1632 AUROC=0.9589 AUPRC=0.4467 BalAcc=0.8736 F1=0.2792 MCC=0.3539
  learning_rate_used=5.521e-05; learning_rate_next=5.163e-05; elapsed=423.5s
  negatives seen=100.0%; hard negatives=0
Epoch 074 train: loss=0.3224 AUROC=0.9812 AUPRC=0.8536 BalAcc=0.9359 F1=0.7506 MCC=0.7372
Epoch 074 val  : loss=0.1939 AUROC=0.9587 AUPRC=0.4460 BalAcc=0.8875 F1=0.2287 MCC=0.3184
  learning_rate_used=5.163e-05; learning_rate_next=4.816e-05; elapsed=428.7s
  negatives seen=100.0%; hard negatives=0
Epoch 075 train: loss=0.3207 AUROC=0.9813 AUPRC=0.8551 BalAcc=0.9366 F1=0.7509 MCC=0.7377
Epoch 075 val  : loss=0.1717 AUROC=0.9585 AUPRC=0.4453 BalAcc=0.8775 F1=0.2614 MCC=0.3412
  learning_rate_used=4.816e-05; learning_rate_next=4.479e-05; elapsed=420.6s
  negatives seen=100.0%; hard negatives=0
Epoch 076 train: loss=0.3222 AUROC=0.9810 AUPRC=0.8522 BalAcc=0.9366 F1=0.7496 MCC=0.7365
Epoch 076 val  : loss=0.1732 AUROC=0.9584 AUPRC=0.4454 BalAcc=0.8761 F1=0.2645 MCC=0.3432
  learning_rate_used=4.479e-05; learning_rate_next=4.152e-05; elapsed=417.5s
  negatives seen=100.0%; hard negatives=0
Epoch 077 train: loss=0.3210 AUROC=0.9812 AUPRC=0.8550 BalAcc=0.9373 F1=0.7512 MCC=0.7382
Epoch 077 val  : loss=0.1715 AUROC=0.9574 AUPRC=0.4471 BalAcc=0.8745 F1=0.2709 MCC=0.3476
  learning_rate_used=4.152e-05; learning_rate_next=3.836e-05; elapsed=421.1s
  negatives seen=100.0%; hard negatives=0
Epoch 078 train: loss=0.3146 AUROC=0.9820 AUPRC=0.8583 BalAcc=0.9382 F1=0.7567 MCC=0.7436
Epoch 078 val  : loss=0.1712 AUROC=0.9579 AUPRC=0.4454 BalAcc=0.8752 F1=0.2684 MCC=0.3459
  learning_rate_used=3.836e-05; learning_rate_next=3.531e-05; elapsed=416.6s
  negatives seen=100.0%; hard negatives=0
Epoch 079 train: loss=0.3116 AUROC=0.9823 AUPRC=0.8611 BalAcc=0.9386 F1=0.7588 MCC=0.7456
Epoch 079 val  : loss=0.1688 AUROC=0.9577 AUPRC=0.4457 BalAcc=0.8736 F1=0.2772 MCC=0.3522
  learning_rate_used=3.531e-05; learning_rate_next=3.237e-05; elapsed=426.5s
  negatives seen=100.0%; hard negatives=0
Epoch 080 train: loss=0.3118 AUROC=0.9823 AUPRC=0.8600 BalAcc=0.9385 F1=0.7595 MCC=0.7463
Epoch 080 val  : loss=0.1725 AUROC=0.9577 AUPRC=0.4455 BalAcc=0.8749 F1=0.2707 MCC=0.3476
  learning_rate_used=3.237e-05; learning_rate_next=2.955e-05; elapsed=424.9s
  negatives seen=100.0%; hard negatives=0
Epoch 081 train: loss=0.3121 AUROC=0.9821 AUPRC=0.8575 BalAcc=0.9386 F1=0.7567 MCC=0.7437
Epoch 081 val  : loss=0.1852 AUROC=0.9576 AUPRC=0.4454 BalAcc=0.8806 F1=0.2454 MCC=0.3295
  learning_rate_used=2.955e-05; learning_rate_next=2.685e-05; elapsed=422.8s
  negatives seen=100.0%; hard negatives=0
Epoch 082 train: loss=0.3144 AUROC=0.9820 AUPRC=0.8569 BalAcc=0.9384 F1=0.7588 MCC=0.7456
Epoch 082 val  : loss=0.1608 AUROC=0.9576 AUPRC=0.4463 BalAcc=0.8677 F1=0.2911 MCC=0.3609
  learning_rate_used=2.685e-05; learning_rate_next=2.427e-05; elapsed=416.2s
  negatives seen=100.0%; hard negatives=0
Epoch 083 train: loss=0.3119 AUROC=0.9821 AUPRC=0.8579 BalAcc=0.9385 F1=0.7567 MCC=0.7436
Epoch 083 val  : loss=0.1783 AUROC=0.9584 AUPRC=0.4462 BalAcc=0.8787 F1=0.2565 MCC=0.3378
  learning_rate_used=2.427e-05; learning_rate_next=2.182e-05; elapsed=423.1s
  negatives seen=100.0%; hard negatives=0
Epoch 084 train: loss=0.3099 AUROC=0.9823 AUPRC=0.8594 BalAcc=0.9387 F1=0.7591 MCC=0.7459
Epoch 084 val  : loss=0.1673 AUROC=0.9583 AUPRC=0.4464 BalAcc=0.8737 F1=0.2742 MCC=0.3499
  learning_rate_used=2.182e-05; learning_rate_next=1.949e-05; elapsed=422.4s
  negatives seen=100.0%; hard negatives=0
Epoch 085 train: loss=0.3087 AUROC=0.9825 AUPRC=0.8599 BalAcc=0.9397 F1=0.7595 MCC=0.7467
Epoch 085 val  : loss=0.1650 AUROC=0.9581 AUPRC=0.4460 BalAcc=0.8709 F1=0.2821 MCC=0.3551
  learning_rate_used=1.949e-05; learning_rate_next=1.729e-05; elapsed=418.7s
  negatives seen=100.0%; hard negatives=0
Epoch 086 train: loss=0.3080 AUROC=0.9826 AUPRC=0.8607 BalAcc=0.9395 F1=0.7617 MCC=0.7486
Epoch 086 val  : loss=0.1590 AUROC=0.9586 AUPRC=0.4472 BalAcc=0.8677 F1=0.2949 MCC=0.3638
  learning_rate_used=1.729e-05; learning_rate_next=1.523e-05; elapsed=418.5s
Early stopping after 86 epochs.
Binary threshold: 0.973823 (strategy=val-mcc, validation_score=0.461441)
TEST chr10,chr12,chr14,chr16,chr18,chr2,chr20,chr22,chr4,chr6,chr8: loss=0.1779 AUROC=0.9597 AUPRC=0.4424 BalAcc=0.7195 F1=0.4615 MCC=0.4567
Outputs written to /data/projects/SFB_A03/jan/AT_TFBS/human301/runs/ELF3/multitf_20261006_033507_932031_base_seed2
Binary predictions: binary_classification_results.tsv
Binary metrics: binary_classification_metrics.json
ROC plot: roc_curve.png
Precision-recall plot: precision_recall_curve.png
Confusion matrix: binary_confusion_matrix.tsv
