TF=CREB3L3 train=CHIP seed=3 model=hum301_motif64_local.py
/home/jbossenz/miniforge3/envs/at_env/bin/python -u /data/projects/SFB_A03/jan/AT_TFBS/human301/hum301_motif64_local.py train --cache /data/projects/SFB_A03/jan/AT_TFBS/raw_data/human/ArchThalia-ML/CREB3L3/CHIP/dataset.npz --output-dir /data/projects/SFB_A03/jan/AT_TFBS/human301/runs/CREB3L3/crossassay_archthalia_20261009_144503_1046783/CHIP_seed3 --input-length 256 --embed-channels 64 --encoder-channels 80 96 128 --heads 4 --ffn-channels 256 --classification-readout local-logsumexp --task-mode classification --checkpoint-objective classification-auprc --threshold-strategy val-mcc --negatives-per-positive 10 --batch-size 88 --hard-negative-fraction 0 --epochs 100 --patience 20 --learning-rate 0.0003 --min-learning-rate 0.000001 --weight-decay 0.0001 --dropout 0.1 --activation relu --reverse-complement-probability 0.5 --eval-crops multi --eval-rc --no-balanced-evaluation --eval-batch-size 128 --num-workers 2 --seed 3 --device cuda --skip-test
Window geometry: 256 bp from 301 bp; crop starts 0..45; shifts -22..+23; fresh uniform draw per access
Evaluation: crops (0, 22, 23, 45), reverse complement=True; all samples
train: n=36,663, positive=363, negative=36,300
  val: n=12,524, positive=124, negative=12,400
 test: n=40,198, positive=398, negative=39,800
Device: cuda
Hidden activation: RELU
Parameters: 1,032,981 total; 1,032,981 trainable
Architecture: motif kernels 9/12; encoder 128/64/64; original five-block bottleneck at 64; decoder 64/128/256
  negatives seen=10.0%; hard negatives=0
Epoch 001 train: loss=1.2585 AUROC=0.5901 AUPRC=0.1222 BalAcc=0.5609 F1=0.1887 MCC=0.0707
Epoch 001 val  : loss=0.3644 AUROC=0.8445 AUPRC=0.0865 BalAcc=0.5918 F1=0.1340 MCC=0.1302
  learning_rate_used=3.000e-04; learning_rate_next=2.999e-04; elapsed=7.3s
  saved new best checkpoint: /data/projects/SFB_A03/jan/AT_TFBS/human301/runs/CREB3L3/crossassay_archthalia_20261009_144503_1046783/CHIP_seed3/best_model.pt (objective=classification-auprc, score=0.086485)
  negatives seen=20.0%; hard negatives=0
Epoch 002 train: loss=1.0154 AUROC=0.7899 AUPRC=0.3272 BalAcc=0.7255 F1=0.3310 MCC=0.2834
Epoch 002 val  : loss=0.3190 AUROC=0.8772 AUPRC=0.1059 BalAcc=0.7775 F1=0.1293 MCC=0.1943
  learning_rate_used=2.999e-04; learning_rate_next=2.997e-04; elapsed=5.9s
  saved new best checkpoint: /data/projects/SFB_A03/jan/AT_TFBS/human301/runs/CREB3L3/crossassay_archthalia_20261009_144503_1046783/CHIP_seed3/best_model.pt (objective=classification-auprc, score=0.105937)
  negatives seen=30.0%; hard negatives=0
Epoch 003 train: loss=0.8508 AUROC=0.8620 AUPRC=0.4815 BalAcc=0.7916 F1=0.4285 MCC=0.3966
Epoch 003 val  : loss=0.2957 AUROC=0.9093 AUPRC=0.2071 BalAcc=0.8300 F1=0.1749 MCC=0.2524
  learning_rate_used=2.997e-04; learning_rate_next=2.993e-04; elapsed=5.9s
  saved new best checkpoint: /data/projects/SFB_A03/jan/AT_TFBS/human301/runs/CREB3L3/crossassay_archthalia_20261009_144503_1046783/CHIP_seed3/best_model.pt (objective=classification-auprc, score=0.207128)
  negatives seen=40.0%; hard negatives=0
Epoch 004 train: loss=0.6932 AUROC=0.9116 AUPRC=0.5676 BalAcc=0.8342 F1=0.4824 MCC=0.4626
Epoch 004 val  : loss=0.7304 AUROC=0.9351 AUPRC=0.2635 BalAcc=0.7854 F1=0.0459 MCC=0.1149
  learning_rate_used=2.993e-04; learning_rate_next=2.988e-04; elapsed=5.9s
  saved new best checkpoint: /data/projects/SFB_A03/jan/AT_TFBS/human301/runs/CREB3L3/crossassay_archthalia_20261009_144503_1046783/CHIP_seed3/best_model.pt (objective=classification-auprc, score=0.263496)
  negatives seen=50.0%; hard negatives=0
Epoch 005 train: loss=0.5734 AUROC=0.9399 AUPRC=0.6905 BalAcc=0.8667 F1=0.5544 MCC=0.5373
Epoch 005 val  : loss=0.3058 AUROC=0.9237 AUPRC=0.2608 BalAcc=0.8450 F1=0.1420 MCC=0.2285
  learning_rate_used=2.988e-04; learning_rate_next=2.982e-04; elapsed=5.9s
  negatives seen=60.0%; hard negatives=0
Epoch 006 train: loss=0.5311 AUROC=0.9493 AUPRC=0.7264 BalAcc=0.8857 F1=0.5910 MCC=0.5768
Epoch 006 val  : loss=0.1566 AUROC=0.9453 AUPRC=0.3712 BalAcc=0.7454 F1=0.4120 MCC=0.4116
  learning_rate_used=2.982e-04; learning_rate_next=2.974e-04; elapsed=5.9s
  saved new best checkpoint: /data/projects/SFB_A03/jan/AT_TFBS/human301/runs/CREB3L3/crossassay_archthalia_20261009_144503_1046783/CHIP_seed3/best_model.pt (objective=classification-auprc, score=0.371168)
  negatives seen=70.0%; hard negatives=0
Epoch 007 train: loss=0.4947 AUROC=0.9570 AUPRC=0.7468 BalAcc=0.8868 F1=0.6224 MCC=0.6039
Epoch 007 val  : loss=0.1810 AUROC=0.9255 AUPRC=0.3384 BalAcc=0.7058 F1=0.3838 MCC=0.3785
  learning_rate_used=2.974e-04; learning_rate_next=2.964e-04; elapsed=6.1s
  negatives seen=80.0%; hard negatives=0
Epoch 008 train: loss=0.4220 AUROC=0.9682 AUPRC=0.7765 BalAcc=0.9040 F1=0.6626 MCC=0.6461
Epoch 008 val  : loss=0.1526 AUROC=0.9533 AUPRC=0.4871 BalAcc=0.8545 F1=0.3473 MCC=0.3992
  learning_rate_used=2.964e-04; learning_rate_next=2.953e-04; elapsed=5.9s
  saved new best checkpoint: /data/projects/SFB_A03/jan/AT_TFBS/human301/runs/CREB3L3/crossassay_archthalia_20261009_144503_1046783/CHIP_seed3/best_model.pt (objective=classification-auprc, score=0.487139)
  negatives seen=90.0%; hard negatives=0
Epoch 009 train: loss=0.4489 AUROC=0.9654 AUPRC=0.8013 BalAcc=0.9072 F1=0.6674 MCC=0.6516
Epoch 009 val  : loss=0.1500 AUROC=0.9531 AUPRC=0.4753 BalAcc=0.7994 F1=0.4053 MCC=0.4230
  learning_rate_used=2.953e-04; learning_rate_next=2.941e-04; elapsed=5.9s
  negatives seen=100.0%; hard negatives=0
Epoch 010 train: loss=0.3864 AUROC=0.9766 AUPRC=0.8324 BalAcc=0.9219 F1=0.7035 MCC=0.6894
Epoch 010 val  : loss=0.1428 AUROC=0.9569 AUPRC=0.5055 BalAcc=0.8280 F1=0.3552 MCC=0.3946
  learning_rate_used=2.941e-04; learning_rate_next=2.927e-04; elapsed=5.8s
  saved new best checkpoint: /data/projects/SFB_A03/jan/AT_TFBS/human301/runs/CREB3L3/crossassay_archthalia_20261009_144503_1046783/CHIP_seed3/best_model.pt (objective=classification-auprc, score=0.505454)
  negatives seen=100.0%; hard negatives=0
Epoch 011 train: loss=0.3994 AUROC=0.9739 AUPRC=0.8318 BalAcc=0.9211 F1=0.7051 MCC=0.6906
Epoch 011 val  : loss=0.1517 AUROC=0.9595 AUPRC=0.5513 BalAcc=0.7717 F1=0.5375 MCC=0.5329
  learning_rate_used=2.927e-04; learning_rate_next=2.912e-04; elapsed=5.9s
  saved new best checkpoint: /data/projects/SFB_A03/jan/AT_TFBS/human301/runs/CREB3L3/crossassay_archthalia_20261009_144503_1046783/CHIP_seed3/best_model.pt (objective=classification-auprc, score=0.551291)
  negatives seen=100.0%; hard negatives=0
Epoch 012 train: loss=0.3278 AUROC=0.9815 AUPRC=0.8705 BalAcc=0.9333 F1=0.7497 MCC=0.7355
Epoch 012 val  : loss=0.1903 AUROC=0.9628 AUPRC=0.5341 BalAcc=0.8925 F1=0.2329 MCC=0.3238
  learning_rate_used=2.912e-04; learning_rate_next=2.895e-04; elapsed=5.9s
  negatives seen=100.0%; hard negatives=0
Epoch 013 train: loss=0.3070 AUROC=0.9838 AUPRC=0.8622 BalAcc=0.9433 F1=0.7757 MCC=0.7629
Epoch 013 val  : loss=0.1882 AUROC=0.9598 AUPRC=0.5071 BalAcc=0.8882 F1=0.2289 MCC=0.3188
  learning_rate_used=2.895e-04; learning_rate_next=2.877e-04; elapsed=5.9s
  negatives seen=100.0%; hard negatives=0
Epoch 014 train: loss=0.2576 AUROC=0.9882 AUPRC=0.8942 BalAcc=0.9441 F1=0.7888 MCC=0.7755
Epoch 014 val  : loss=0.1433 AUROC=0.9612 AUPRC=0.5505 BalAcc=0.8240 F1=0.4420 MCC=0.4614
  learning_rate_used=2.877e-04; learning_rate_next=2.858e-04; elapsed=5.9s
  negatives seen=100.0%; hard negatives=0
Epoch 015 train: loss=0.2474 AUROC=0.9887 AUPRC=0.8883 BalAcc=0.9494 F1=0.7935 MCC=0.7815
Epoch 015 val  : loss=0.2537 AUROC=0.9618 AUPRC=0.5504 BalAcc=0.6489 F1=0.4405 MCC=0.4984
  learning_rate_used=2.858e-04; learning_rate_next=2.837e-04; elapsed=5.9s
  negatives seen=100.0%; hard negatives=0
Epoch 016 train: loss=0.2802 AUROC=0.9881 AUPRC=0.9028 BalAcc=0.9419 F1=0.8058 MCC=0.7913
Epoch 016 val  : loss=0.1702 AUROC=0.9516 AUPRC=0.4434 BalAcc=0.8439 F1=0.2628 MCC=0.3292
  learning_rate_used=2.837e-04; learning_rate_next=2.815e-04; elapsed=5.9s
  negatives seen=100.0%; hard negatives=0
Epoch 017 train: loss=0.2167 AUROC=0.9904 AUPRC=0.9083 BalAcc=0.9583 F1=0.8136 MCC=0.8030
Epoch 017 val  : loss=0.1973 AUROC=0.9635 AUPRC=0.5637 BalAcc=0.8962 F1=0.2109 MCC=0.3068
  learning_rate_used=2.815e-04; learning_rate_next=2.792e-04; elapsed=5.9s
  saved new best checkpoint: /data/projects/SFB_A03/jan/AT_TFBS/human301/runs/CREB3L3/crossassay_archthalia_20261009_144503_1046783/CHIP_seed3/best_model.pt (objective=classification-auprc, score=0.563710)
  negatives seen=100.0%; hard negatives=0
Epoch 018 train: loss=0.2302 AUROC=0.9906 AUPRC=0.9150 BalAcc=0.9588 F1=0.8258 MCC=0.8149
Epoch 018 val  : loss=0.1542 AUROC=0.9588 AUPRC=0.5458 BalAcc=0.8744 F1=0.3046 MCC=0.3740
  learning_rate_used=2.792e-04; learning_rate_next=2.767e-04; elapsed=5.9s
  negatives seen=100.0%; hard negatives=0
Epoch 019 train: loss=0.1874 AUROC=0.9931 AUPRC=0.9236 BalAcc=0.9642 F1=0.8477 MCC=0.8375
Epoch 019 val  : loss=0.1426 AUROC=0.9611 AUPRC=0.5132 BalAcc=0.8324 F1=0.3656 MCC=0.4045
  learning_rate_used=2.767e-04; learning_rate_next=2.741e-04; elapsed=6.0s
  negatives seen=100.0%; hard negatives=0
Epoch 020 train: loss=0.2083 AUROC=0.9925 AUPRC=0.9244 BalAcc=0.9559 F1=0.8393 MCC=0.8274
Epoch 020 val  : loss=0.3422 AUROC=0.9683 AUPRC=0.5427 BalAcc=0.9012 F1=0.1228 MCC=0.2283
  learning_rate_used=2.741e-04; learning_rate_next=2.714e-04; elapsed=5.9s
  negatives seen=100.0%; hard negatives=0
Epoch 021 train: loss=0.2024 AUROC=0.9934 AUPRC=0.9375 BalAcc=0.9621 F1=0.8412 MCC=0.8307
Epoch 021 val  : loss=0.1506 AUROC=0.9661 AUPRC=0.5424 BalAcc=0.7866 F1=0.4983 MCC=0.4977
  learning_rate_used=2.714e-04; learning_rate_next=2.686e-04; elapsed=5.9s
  negatives seen=100.0%; hard negatives=0
Epoch 022 train: loss=0.1999 AUROC=0.9931 AUPRC=0.9327 BalAcc=0.9624 F1=0.8522 MCC=0.8416
Epoch 022 val  : loss=0.1545 AUROC=0.9626 AUPRC=0.5689 BalAcc=0.8183 F1=0.5145 MCC=0.5197
  learning_rate_used=2.686e-04; learning_rate_next=2.657e-04; elapsed=5.9s
  saved new best checkpoint: /data/projects/SFB_A03/jan/AT_TFBS/human301/runs/CREB3L3/crossassay_archthalia_20261009_144503_1046783/CHIP_seed3/best_model.pt (objective=classification-auprc, score=0.568860)
  negatives seen=100.0%; hard negatives=0
Epoch 023 train: loss=0.1860 AUROC=0.9942 AUPRC=0.9440 BalAcc=0.9647 F1=0.8610 MCC=0.8508
Epoch 023 val  : loss=0.2857 AUROC=0.9546 AUPRC=0.5181 BalAcc=0.6728 F1=0.4725 MCC=0.5039
  learning_rate_used=2.657e-04; learning_rate_next=2.626e-04; elapsed=5.9s
  negatives seen=100.0%; hard negatives=0
Epoch 024 train: loss=0.1611 AUROC=0.9956 AUPRC=0.9553 BalAcc=0.9777 F1=0.9075 MCC=0.9000
Epoch 024 val  : loss=0.2055 AUROC=0.9659 AUPRC=0.5598 BalAcc=0.7682 F1=0.5607 MCC=0.5568
  learning_rate_used=2.626e-04; learning_rate_next=2.595e-04; elapsed=6.0s
  negatives seen=100.0%; hard negatives=0
Epoch 025 train: loss=0.1658 AUROC=0.9960 AUPRC=0.9640 BalAcc=0.9652 F1=0.8835 MCC=0.8736
Epoch 025 val  : loss=0.2034 AUROC=0.9640 AUPRC=0.5765 BalAcc=0.7529 F1=0.5833 MCC=0.5864
  learning_rate_used=2.595e-04; learning_rate_next=2.562e-04; elapsed=5.9s
  saved new best checkpoint: /data/projects/SFB_A03/jan/AT_TFBS/human301/runs/CREB3L3/crossassay_archthalia_20261009_144503_1046783/CHIP_seed3/best_model.pt (objective=classification-auprc, score=0.576515)
  negatives seen=100.0%; hard negatives=0
Epoch 026 train: loss=0.1668 AUROC=0.9954 AUPRC=0.9552 BalAcc=0.9671 F1=0.8700 MCC=0.8602
Epoch 026 val  : loss=0.1860 AUROC=0.9616 AUPRC=0.5800 BalAcc=0.7683 F1=0.5654 MCC=0.5619
  learning_rate_used=2.562e-04; learning_rate_next=2.528e-04; elapsed=5.9s
  saved new best checkpoint: /data/projects/SFB_A03/jan/AT_TFBS/human301/runs/CREB3L3/crossassay_archthalia_20261009_144503_1046783/CHIP_seed3/best_model.pt (objective=classification-auprc, score=0.580037)
  negatives seen=100.0%; hard negatives=0
Epoch 027 train: loss=0.1267 AUROC=0.9971 AUPRC=0.9695 BalAcc=0.9734 F1=0.9021 MCC=0.8938
Epoch 027 val  : loss=0.1557 AUROC=0.9592 AUPRC=0.5302 BalAcc=0.8685 F1=0.3282 MCC=0.3900
  learning_rate_used=2.528e-04; learning_rate_next=2.494e-04; elapsed=6.0s
  negatives seen=100.0%; hard negatives=0
Epoch 028 train: loss=0.1468 AUROC=0.9959 AUPRC=0.9547 BalAcc=0.9759 F1=0.8925 MCC=0.8845
Epoch 028 val  : loss=0.1827 AUROC=0.9567 AUPRC=0.5393 BalAcc=0.7870 F1=0.5180 MCC=0.5157
  learning_rate_used=2.494e-04; learning_rate_next=2.458e-04; elapsed=5.9s
  negatives seen=100.0%; hard negatives=0
Epoch 029 train: loss=0.1225 AUROC=0.9971 AUPRC=0.9727 BalAcc=0.9770 F1=0.9119 MCC=0.9045
Epoch 029 val  : loss=0.1918 AUROC=0.9598 AUPRC=0.5262 BalAcc=0.7677 F1=0.5296 MCC=0.5250
  learning_rate_used=2.458e-04; learning_rate_next=2.421e-04; elapsed=5.9s
  negatives seen=100.0%; hard negatives=0
Epoch 030 train: loss=0.1387 AUROC=0.9967 AUPRC=0.9609 BalAcc=0.9716 F1=0.8972 MCC=0.8886
Epoch 030 val  : loss=0.1393 AUROC=0.9599 AUPRC=0.5591 BalAcc=0.8281 F1=0.4486 MCC=0.4682
  learning_rate_used=2.421e-04; learning_rate_next=2.384e-04; elapsed=6.0s
  negatives seen=100.0%; hard negatives=0
Epoch 031 train: loss=0.1166 AUROC=0.9967 AUPRC=0.9594 BalAcc=0.9775 F1=0.8962 MCC=0.8885
Epoch 031 val  : loss=0.1653 AUROC=0.9567 AUPRC=0.5265 BalAcc=0.8387 F1=0.3405 MCC=0.3876
  learning_rate_used=2.384e-04; learning_rate_next=2.345e-04; elapsed=5.9s
  negatives seen=100.0%; hard negatives=0
Epoch 032 train: loss=0.1147 AUROC=0.9977 AUPRC=0.9769 BalAcc=0.9773 F1=0.9143 MCC=0.9070
Epoch 032 val  : loss=0.2102 AUROC=0.9542 AUPRC=0.5231 BalAcc=0.7869 F1=0.5106 MCC=0.5089
  learning_rate_used=2.345e-04; learning_rate_next=2.306e-04; elapsed=5.9s
  negatives seen=100.0%; hard negatives=0
Epoch 033 train: loss=0.0998 AUROC=0.9976 AUPRC=0.9703 BalAcc=0.9857 F1=0.9239 MCC=0.9180
Epoch 033 val  : loss=0.1465 AUROC=0.9639 AUPRC=0.5631 BalAcc=0.8338 F1=0.3953 MCC=0.4282
  learning_rate_used=2.306e-04; learning_rate_next=2.266e-04; elapsed=5.9s
  negatives seen=100.0%; hard negatives=0
Epoch 034 train: loss=0.1073 AUROC=0.9972 AUPRC=0.9653 BalAcc=0.9821 F1=0.9245 MCC=0.9182
Epoch 034 val  : loss=0.2354 AUROC=0.9644 AUPRC=0.5767 BalAcc=0.7725 F1=0.5787 MCC=0.5756
  learning_rate_used=2.266e-04; learning_rate_next=2.225e-04; elapsed=5.9s
  negatives seen=100.0%; hard negatives=0
Epoch 035 train: loss=0.0966 AUROC=0.9984 AUPRC=0.9838 BalAcc=0.9784 F1=0.9239 MCC=0.9171
Epoch 035 val  : loss=0.1747 AUROC=0.9661 AUPRC=0.5939 BalAcc=0.8036 F1=0.5609 MCC=0.5582
  learning_rate_used=2.225e-04; learning_rate_next=2.184e-04; elapsed=6.0s
  saved new best checkpoint: /data/projects/SFB_A03/jan/AT_TFBS/human301/runs/CREB3L3/crossassay_archthalia_20261009_144503_1046783/CHIP_seed3/best_model.pt (objective=classification-auprc, score=0.593864)
  negatives seen=100.0%; hard negatives=0
Epoch 036 train: loss=0.0909 AUROC=0.9979 AUPRC=0.9737 BalAcc=0.9795 F1=0.9337 MCC=0.9276
Epoch 036 val  : loss=0.1748 AUROC=0.9694 AUPRC=0.5653 BalAcc=0.8502 F1=0.5366 MCC=0.5478
  learning_rate_used=2.184e-04; learning_rate_next=2.142e-04; elapsed=5.9s
  negatives seen=100.0%; hard negatives=0
Epoch 037 train: loss=0.0811 AUROC=0.9978 AUPRC=0.9713 BalAcc=0.9869 F1=0.9241 MCC=0.9184
Epoch 037 val  : loss=0.2193 AUROC=0.9668 AUPRC=0.5716 BalAcc=0.7683 F1=0.5630 MCC=0.5593
  learning_rate_used=2.142e-04; learning_rate_next=2.099e-04; elapsed=5.9s
  negatives seen=100.0%; hard negatives=0
Epoch 038 train: loss=0.0932 AUROC=0.9985 AUPRC=0.9849 BalAcc=0.9850 F1=0.9393 MCC=0.9340
Epoch 038 val  : loss=0.1552 AUROC=0.9708 AUPRC=0.5837 BalAcc=0.8294 F1=0.4911 MCC=0.5033
  learning_rate_used=2.099e-04; learning_rate_next=2.055e-04; elapsed=6.0s
  negatives seen=100.0%; hard negatives=0
Epoch 039 train: loss=0.1043 AUROC=0.9984 AUPRC=0.9838 BalAcc=0.9847 F1=0.9368 MCC=0.9314
Epoch 039 val  : loss=0.2036 AUROC=0.9683 AUPRC=0.5643 BalAcc=0.7558 F1=0.5224 MCC=0.5178
  learning_rate_used=2.055e-04; learning_rate_next=2.011e-04; elapsed=6.0s
  negatives seen=100.0%; hard negatives=0
Epoch 040 train: loss=0.1274 AUROC=0.9980 AUPRC=0.9812 BalAcc=0.9727 F1=0.9170 MCC=0.9093
Epoch 040 val  : loss=0.1386 AUROC=0.9685 AUPRC=0.5973 BalAcc=0.8662 F1=0.4286 MCC=0.4668
  learning_rate_used=2.011e-04; learning_rate_next=1.967e-04; elapsed=6.0s
  saved new best checkpoint: /data/projects/SFB_A03/jan/AT_TFBS/human301/runs/CREB3L3/crossassay_archthalia_20261009_144503_1046783/CHIP_seed3/best_model.pt (objective=classification-auprc, score=0.597343)
  negatives seen=100.0%; hard negatives=0
Epoch 041 train: loss=0.0818 AUROC=0.9988 AUPRC=0.9868 BalAcc=0.9888 F1=0.9521 MCC=0.9478
Epoch 041 val  : loss=0.1545 AUROC=0.9655 AUPRC=0.5944 BalAcc=0.8760 F1=0.3887 MCC=0.4398
  learning_rate_used=1.967e-04; learning_rate_next=1.922e-04; elapsed=5.9s
  negatives seen=100.0%; hard negatives=0
Epoch 042 train: loss=0.0980 AUROC=0.9986 AUPRC=0.9854 BalAcc=0.9842 F1=0.9429 MCC=0.9377
Epoch 042 val  : loss=0.1927 AUROC=0.9487 AUPRC=0.5212 BalAcc=0.8028 F1=0.3939 MCC=0.4151
  learning_rate_used=1.922e-04; learning_rate_next=1.877e-04; elapsed=5.9s
  negatives seen=100.0%; hard negatives=0
Epoch 043 train: loss=0.0793 AUROC=0.9987 AUPRC=0.9845 BalAcc=0.9868 F1=0.9444 MCC=0.9395
Epoch 043 val  : loss=0.2862 AUROC=0.9612 AUPRC=0.5573 BalAcc=0.7327 F1=0.5472 MCC=0.5516
  learning_rate_used=1.877e-04; learning_rate_next=1.831e-04; elapsed=5.9s
  negatives seen=100.0%; hard negatives=0
Epoch 044 train: loss=0.0557 AUROC=0.9992 AUPRC=0.9908 BalAcc=0.9886 F1=0.9496 MCC=0.9452
Epoch 044 val  : loss=0.3316 AUROC=0.9691 AUPRC=0.5562 BalAcc=0.6969 F1=0.5158 MCC=0.5385
  learning_rate_used=1.831e-04; learning_rate_next=1.785e-04; elapsed=5.9s
  negatives seen=100.0%; hard negatives=0
Epoch 045 train: loss=0.1058 AUROC=0.9991 AUPRC=0.9918 BalAcc=0.9810 F1=0.9475 MCC=0.9424
Epoch 045 val  : loss=0.1520 AUROC=0.9690 AUPRC=0.5806 BalAcc=0.8611 F1=0.3991 MCC=0.4419
  learning_rate_used=1.785e-04; learning_rate_next=1.739e-04; elapsed=5.8s
  negatives seen=100.0%; hard negatives=0
Epoch 046 train: loss=0.0623 AUROC=0.9993 AUPRC=0.9923 BalAcc=0.9876 F1=0.9520 MCC=0.9476
Epoch 046 val  : loss=0.3023 AUROC=0.9472 AUPRC=0.5506 BalAcc=0.7599 F1=0.5350 MCC=0.5305
  learning_rate_used=1.739e-04; learning_rate_next=1.692e-04; elapsed=5.8s
  negatives seen=100.0%; hard negatives=0
Epoch 047 train: loss=0.0719 AUROC=0.9986 AUPRC=0.9774 BalAcc=0.9906 F1=0.9573 MCC=0.9535
Epoch 047 val  : loss=0.2717 AUROC=0.9693 AUPRC=0.5874 BalAcc=0.7526 F1=0.5676 MCC=0.5677
  learning_rate_used=1.692e-04; learning_rate_next=1.646e-04; elapsed=6.0s
  negatives seen=100.0%; hard negatives=0
Epoch 048 train: loss=0.0846 AUROC=0.9993 AUPRC=0.9931 BalAcc=0.9875 F1=0.9622 MCC=0.9585
Epoch 048 val  : loss=0.2204 AUROC=0.9639 AUPRC=0.5977 BalAcc=0.8071 F1=0.5423 MCC=0.5416
  learning_rate_used=1.646e-04; learning_rate_next=1.599e-04; elapsed=5.8s
  saved new best checkpoint: /data/projects/SFB_A03/jan/AT_TFBS/human301/runs/CREB3L3/crossassay_archthalia_20261009_144503_1046783/CHIP_seed3/best_model.pt (objective=classification-auprc, score=0.597732)
  negatives seen=100.0%; hard negatives=0
Epoch 049 train: loss=0.0439 AUROC=0.9996 AUPRC=0.9957 BalAcc=0.9934 F1=0.9601 MCC=0.9567
Epoch 049 val  : loss=0.3719 AUROC=0.9620 AUPRC=0.5831 BalAcc=0.7089 F1=0.5306 MCC=0.5471
  learning_rate_used=1.599e-04; learning_rate_next=1.552e-04; elapsed=6.0s
  negatives seen=100.0%; hard negatives=0
Epoch 050 train: loss=0.0821 AUROC=0.9988 AUPRC=0.9831 BalAcc=0.9865 F1=0.9531 MCC=0.9488
Epoch 050 val  : loss=0.3524 AUROC=0.9637 AUPRC=0.5910 BalAcc=0.6889 F1=0.5054 MCC=0.5330
  learning_rate_used=1.552e-04; learning_rate_next=1.505e-04; elapsed=5.8s
  negatives seen=100.0%; hard negatives=0
Epoch 051 train: loss=0.0357 AUROC=0.9995 AUPRC=0.9939 BalAcc=0.9952 F1=0.9653 MCC=0.9623
Epoch 051 val  : loss=0.3978 AUROC=0.9695 AUPRC=0.5682 BalAcc=0.6730 F1=0.4886 MCC=0.5328
  learning_rate_used=1.505e-04; learning_rate_next=1.458e-04; elapsed=5.9s
  negatives seen=100.0%; hard negatives=0
Epoch 052 train: loss=0.0404 AUROC=0.9995 AUPRC=0.9926 BalAcc=0.9919 F1=0.9690 MCC=0.9660
Epoch 052 val  : loss=0.3809 AUROC=0.9682 AUPRC=0.5967 BalAcc=0.7131 F1=0.5492 MCC=0.5700
  learning_rate_used=1.458e-04; learning_rate_next=1.411e-04; elapsed=5.9s
  negatives seen=100.0%; hard negatives=0
Epoch 053 train: loss=0.0406 AUROC=0.9997 AUPRC=0.9965 BalAcc=0.9921 F1=0.9716 MCC=0.9689
Epoch 053 val  : loss=0.2403 AUROC=0.9640 AUPRC=0.5990 BalAcc=0.8108 F1=0.5288 MCC=0.5303
  learning_rate_used=1.411e-04; learning_rate_next=1.364e-04; elapsed=5.9s
  saved new best checkpoint: /data/projects/SFB_A03/jan/AT_TFBS/human301/runs/CREB3L3/crossassay_archthalia_20261009_144503_1046783/CHIP_seed3/best_model.pt (objective=classification-auprc, score=0.599040)
  negatives seen=100.0%; hard negatives=0
Epoch 054 train: loss=0.0580 AUROC=0.9993 AUPRC=0.9922 BalAcc=0.9882 F1=0.9571 MCC=0.9531
Epoch 054 val  : loss=0.3642 AUROC=0.9614 AUPRC=0.5844 BalAcc=0.7089 F1=0.5333 MCC=0.5510
  learning_rate_used=1.364e-04; learning_rate_next=1.318e-04; elapsed=5.9s
  negatives seen=100.0%; hard negatives=0
Epoch 055 train: loss=0.0572 AUROC=0.9996 AUPRC=0.9957 BalAcc=0.9895 F1=0.9701 MCC=0.9672
Epoch 055 val  : loss=0.3095 AUROC=0.9699 AUPRC=0.6066 BalAcc=0.7328 F1=0.5550 MCC=0.5614
  learning_rate_used=1.318e-04; learning_rate_next=1.271e-04; elapsed=5.9s
  saved new best checkpoint: /data/projects/SFB_A03/jan/AT_TFBS/human301/runs/CREB3L3/crossassay_archthalia_20261009_144503_1046783/CHIP_seed3/best_model.pt (objective=classification-auprc, score=0.606550)
  negatives seen=100.0%; hard negatives=0
Epoch 056 train: loss=0.0381 AUROC=0.9996 AUPRC=0.9952 BalAcc=0.9913 F1=0.9755 MCC=0.9731
Epoch 056 val  : loss=0.1947 AUROC=0.9654 AUPRC=0.6105 BalAcc=0.8416 F1=0.5089 MCC=0.5220
  learning_rate_used=1.271e-04; learning_rate_next=1.225e-04; elapsed=6.2s
  saved new best checkpoint: /data/projects/SFB_A03/jan/AT_TFBS/human301/runs/CREB3L3/crossassay_archthalia_20261009_144503_1046783/CHIP_seed3/best_model.pt (objective=classification-auprc, score=0.610513)
  negatives seen=100.0%; hard negatives=0
Epoch 057 train: loss=0.0379 AUROC=0.9996 AUPRC=0.9952 BalAcc=0.9927 F1=0.9651 MCC=0.9620
Epoch 057 val  : loss=0.1719 AUROC=0.9690 AUPRC=0.5956 BalAcc=0.8267 F1=0.5377 MCC=0.5420
  learning_rate_used=1.225e-04; learning_rate_next=1.179e-04; elapsed=5.9s
  negatives seen=100.0%; hard negatives=0
Epoch 058 train: loss=0.0340 AUROC=0.9993 AUPRC=0.9900 BalAcc=0.9939 F1=0.9769 MCC=0.9747
Epoch 058 val  : loss=0.2056 AUROC=0.9698 AUPRC=0.5895 BalAcc=0.7990 F1=0.5282 MCC=0.5272
  learning_rate_used=1.179e-04; learning_rate_next=1.133e-04; elapsed=5.9s
  negatives seen=100.0%; hard negatives=0
Epoch 059 train: loss=0.0295 AUROC=0.9997 AUPRC=0.9971 BalAcc=0.9927 F1=0.9769 MCC=0.9746
Epoch 059 val  : loss=0.4239 AUROC=0.9591 AUPRC=0.5399 BalAcc=0.7047 F1=0.5152 MCC=0.5289
  learning_rate_used=1.133e-04; learning_rate_next=1.088e-04; elapsed=6.0s
  negatives seen=100.0%; hard negatives=0
Epoch 060 train: loss=0.0488 AUROC=0.9997 AUPRC=0.9972 BalAcc=0.9919 F1=0.9690 MCC=0.9660
Epoch 060 val  : loss=0.3718 AUROC=0.9628 AUPRC=0.5787 BalAcc=0.7128 F1=0.5327 MCC=0.5462
  learning_rate_used=1.088e-04; learning_rate_next=1.043e-04; elapsed=5.9s
  negatives seen=100.0%; hard negatives=0
Epoch 061 train: loss=0.0433 AUROC=0.9998 AUPRC=0.9978 BalAcc=0.9901 F1=0.9754 MCC=0.9730
Epoch 061 val  : loss=0.3562 AUROC=0.9642 AUPRC=0.6059 BalAcc=0.7330 F1=0.5714 MCC=0.5828
  learning_rate_used=1.043e-04; learning_rate_next=9.986e-05; elapsed=5.8s
  negatives seen=100.0%; hard negatives=0
Epoch 062 train: loss=0.0488 AUROC=0.9995 AUPRC=0.9947 BalAcc=0.9886 F1=0.9610 MCC=0.9573
Epoch 062 val  : loss=0.2470 AUROC=0.9642 AUPRC=0.6008 BalAcc=0.7721 F1=0.5574 MCC=0.5531
  learning_rate_used=9.986e-05; learning_rate_next=9.547e-05; elapsed=5.9s
  negatives seen=100.0%; hard negatives=0
Epoch 063 train: loss=0.0431 AUROC=0.9995 AUPRC=0.9927 BalAcc=0.9926 F1=0.9755 MCC=0.9732
Epoch 063 val  : loss=0.3090 AUROC=0.9653 AUPRC=0.6048 BalAcc=0.7406 F1=0.5530 MCC=0.5550
  learning_rate_used=9.547e-05; learning_rate_next=9.113e-05; elapsed=5.9s
  negatives seen=100.0%; hard negatives=0
Epoch 064 train: loss=0.0317 AUROC=0.9997 AUPRC=0.9973 BalAcc=0.9952 F1=0.9770 MCC=0.9748
Epoch 064 val  : loss=0.3468 AUROC=0.9661 AUPRC=0.5864 BalAcc=0.7249 F1=0.5517 MCC=0.5625
  learning_rate_used=9.113e-05; learning_rate_next=8.685e-05; elapsed=5.9s
  negatives seen=100.0%; hard negatives=0
Epoch 065 train: loss=0.0337 AUROC=0.9998 AUPRC=0.9974 BalAcc=0.9942 F1=0.9796 MCC=0.9776
Epoch 065 val  : loss=0.4015 AUROC=0.9675 AUPRC=0.5991 BalAcc=0.6971 F1=0.5269 MCC=0.5560
  learning_rate_used=8.685e-05; learning_rate_next=8.263e-05; elapsed=5.9s
  negatives seen=100.0%; hard negatives=0
Epoch 066 train: loss=0.0343 AUROC=0.9999 AUPRC=0.9988 BalAcc=0.9948 F1=0.9850 MCC=0.9835
Epoch 066 val  : loss=0.4773 AUROC=0.9635 AUPRC=0.5840 BalAcc=0.6811 F1=0.5056 MCC=0.5473
  learning_rate_used=8.263e-05; learning_rate_next=7.848e-05; elapsed=5.9s
  negatives seen=100.0%; hard negatives=0
Epoch 067 train: loss=0.0164 AUROC=0.9999 AUPRC=0.9994 BalAcc=0.9957 F1=0.9823 MCC=0.9806
Epoch 067 val  : loss=0.2949 AUROC=0.9678 AUPRC=0.6177 BalAcc=0.7647 F1=0.5841 MCC=0.5831
  learning_rate_used=7.848e-05; learning_rate_next=7.440e-05; elapsed=5.9s
  saved new best checkpoint: /data/projects/SFB_A03/jan/AT_TFBS/human301/runs/CREB3L3/crossassay_archthalia_20261009_144503_1046783/CHIP_seed3/best_model.pt (objective=classification-auprc, score=0.617733)
  negatives seen=100.0%; hard negatives=0
Epoch 068 train: loss=0.0374 AUROC=0.9997 AUPRC=0.9961 BalAcc=0.9957 F1=0.9823 MCC=0.9806
Epoch 068 val  : loss=0.2166 AUROC=0.9679 AUPRC=0.5975 BalAcc=0.8148 F1=0.5356 MCC=0.5372
  learning_rate_used=7.440e-05; learning_rate_next=7.039e-05; elapsed=5.9s
  negatives seen=100.0%; hard negatives=0
Epoch 069 train: loss=0.0407 AUROC=0.9998 AUPRC=0.9978 BalAcc=0.9917 F1=0.9795 MCC=0.9774
Epoch 069 val  : loss=0.3605 AUROC=0.9683 AUPRC=0.5769 BalAcc=0.7248 F1=0.5437 MCC=0.5518
  learning_rate_used=7.039e-05; learning_rate_next=6.647e-05; elapsed=5.9s
  negatives seen=100.0%; hard negatives=0
Epoch 070 train: loss=0.0219 AUROC=0.9999 AUPRC=0.9985 BalAcc=0.9972 F1=0.9850 MCC=0.9836
Epoch 070 val  : loss=0.4164 AUROC=0.9655 AUPRC=0.5958 BalAcc=0.7130 F1=0.5436 MCC=0.5617
  learning_rate_used=6.647e-05; learning_rate_next=6.263e-05; elapsed=5.9s
  negatives seen=100.0%; hard negatives=0
Epoch 071 train: loss=0.0107 AUROC=1.0000 AUPRC=0.9997 BalAcc=0.9975 F1=0.9877 MCC=0.9865
Epoch 071 val  : loss=0.3565 AUROC=0.9650 AUPRC=0.6029 BalAcc=0.7406 F1=0.5505 MCC=0.5519
  learning_rate_used=6.263e-05; learning_rate_next=5.887e-05; elapsed=5.9s
  negatives seen=100.0%; hard negatives=0
Epoch 072 train: loss=0.0129 AUROC=0.9997 AUPRC=0.9960 BalAcc=0.9992 F1=0.9918 MCC=0.9910
Epoch 072 val  : loss=0.3641 AUROC=0.9656 AUPRC=0.6020 BalAcc=0.7289 F1=0.5588 MCC=0.5690
  learning_rate_used=5.887e-05; learning_rate_next=5.521e-05; elapsed=5.8s
  negatives seen=100.0%; hard negatives=0
Epoch 073 train: loss=0.0070 AUROC=1.0000 AUPRC=0.9999 BalAcc=0.9981 F1=0.9931 MCC=0.9925
Epoch 073 val  : loss=0.3924 AUROC=0.9646 AUPRC=0.5978 BalAcc=0.7128 F1=0.5327 MCC=0.5462
  learning_rate_used=5.521e-05; learning_rate_next=5.163e-05; elapsed=5.9s
  negatives seen=100.0%; hard negatives=0
Epoch 074 train: loss=0.0103 AUROC=1.0000 AUPRC=0.9997 BalAcc=0.9983 F1=0.9959 MCC=0.9955
Epoch 074 val  : loss=0.2785 AUROC=0.9647 AUPRC=0.6056 BalAcc=0.7883 F1=0.5854 MCC=0.5813
  learning_rate_used=5.163e-05; learning_rate_next=4.816e-05; elapsed=5.9s
  negatives seen=100.0%; hard negatives=0
Epoch 075 train: loss=0.0194 AUROC=1.0000 AUPRC=0.9996 BalAcc=0.9974 F1=0.9864 MCC=0.9851
Epoch 075 val  : loss=0.3941 AUROC=0.9643 AUPRC=0.5957 BalAcc=0.7291 F1=0.5700 MCC=0.5841
  learning_rate_used=4.816e-05; learning_rate_next=4.479e-05; elapsed=5.9s
  negatives seen=100.0%; hard negatives=0
Epoch 076 train: loss=0.0090 AUROC=0.9998 AUPRC=0.9972 BalAcc=0.9993 F1=0.9932 MCC=0.9925
Epoch 076 val  : loss=0.4612 AUROC=0.9623 AUPRC=0.5891 BalAcc=0.6931 F1=0.5217 MCC=0.5537
  learning_rate_used=4.479e-05; learning_rate_next=4.152e-05; elapsed=5.8s
  negatives seen=100.0%; hard negatives=0
Epoch 077 train: loss=0.0132 AUROC=0.9999 AUPRC=0.9987 BalAcc=0.9989 F1=0.9891 MCC=0.9881
Epoch 077 val  : loss=0.3837 AUROC=0.9644 AUPRC=0.5994 BalAcc=0.7249 F1=0.5517 MCC=0.5625
  learning_rate_used=4.152e-05; learning_rate_next=3.836e-05; elapsed=5.8s
  negatives seen=100.0%; hard negatives=0
Epoch 078 train: loss=0.0059 AUROC=1.0000 AUPRC=1.0000 BalAcc=0.9981 F1=0.9931 MCC=0.9925
Epoch 078 val  : loss=0.4719 AUROC=0.9620 AUPRC=0.5916 BalAcc=0.7011 F1=0.5348 MCC=0.5628
  learning_rate_used=3.836e-05; learning_rate_next=3.531e-05; elapsed=5.9s
  negatives seen=100.0%; hard negatives=0
Epoch 079 train: loss=0.0224 AUROC=0.9998 AUPRC=0.9969 BalAcc=0.9977 F1=0.9891 MCC=0.9880
Epoch 079 val  : loss=0.3338 AUROC=0.9642 AUPRC=0.5971 BalAcc=0.7487 F1=0.5662 MCC=0.5675
  learning_rate_used=3.531e-05; learning_rate_next=3.237e-05; elapsed=5.9s
  negatives seen=100.0%; hard negatives=0
Epoch 080 train: loss=0.0091 AUROC=1.0000 AUPRC=0.9996 BalAcc=0.9989 F1=0.9891 MCC=0.9881
Epoch 080 val  : loss=0.3688 AUROC=0.9641 AUPRC=0.5988 BalAcc=0.7248 F1=0.5490 MCC=0.5589
  learning_rate_used=3.237e-05; learning_rate_next=2.955e-05; elapsed=5.9s
  negatives seen=100.0%; hard negatives=0
Epoch 081 train: loss=0.0032 AUROC=1.0000 AUPRC=0.9999 BalAcc=0.9996 F1=0.9959 MCC=0.9955
Epoch 081 val  : loss=0.4152 AUROC=0.9628 AUPRC=0.5971 BalAcc=0.7170 F1=0.5510 MCC=0.5684
  learning_rate_used=2.955e-05; learning_rate_next=2.685e-05; elapsed=6.0s
  negatives seen=100.0%; hard negatives=0
Epoch 082 train: loss=0.0034 AUROC=1.0000 AUPRC=0.9999 BalAcc=0.9994 F1=0.9945 MCC=0.9940
Epoch 082 val  : loss=0.3932 AUROC=0.9627 AUPRC=0.5963 BalAcc=0.7248 F1=0.5490 MCC=0.5589
  learning_rate_used=2.685e-05; learning_rate_next=2.427e-05; elapsed=5.8s
  negatives seen=100.0%; hard negatives=0
Epoch 083 train: loss=0.0022 AUROC=1.0000 AUPRC=1.0000 BalAcc=0.9997 F1=0.9973 MCC=0.9970
Epoch 083 val  : loss=0.5280 AUROC=0.9605 AUPRC=0.5857 BalAcc=0.6770 F1=0.4916 MCC=0.5300
  learning_rate_used=2.427e-05; learning_rate_next=2.182e-05; elapsed=5.9s
  negatives seen=100.0%; hard negatives=0
Epoch 084 train: loss=0.0071 AUROC=0.9999 AUPRC=0.9990 BalAcc=0.9994 F1=0.9945 MCC=0.9940
Epoch 084 val  : loss=0.4419 AUROC=0.9628 AUPRC=0.5924 BalAcc=0.7051 F1=0.5426 MCC=0.5697
  learning_rate_used=2.182e-05; learning_rate_next=1.949e-05; elapsed=5.9s
  negatives seen=100.0%; hard negatives=0
Epoch 085 train: loss=0.0074 AUROC=1.0000 AUPRC=0.9995 BalAcc=0.9990 F1=0.9905 MCC=0.9895
Epoch 085 val  : loss=0.4755 AUROC=0.9621 AUPRC=0.5934 BalAcc=0.7012 F1=0.5405 MCC=0.5722
  learning_rate_used=1.949e-05; learning_rate_next=1.729e-05; elapsed=5.9s
  negatives seen=100.0%; hard negatives=0
Epoch 086 train: loss=0.0027 AUROC=1.0000 AUPRC=0.9998 BalAcc=0.9999 F1=0.9986 MCC=0.9985
Epoch 086 val  : loss=0.4561 AUROC=0.9619 AUPRC=0.5939 BalAcc=0.7052 F1=0.5455 MCC=0.5742
  learning_rate_used=1.729e-05; learning_rate_next=1.523e-05; elapsed=5.9s
  negatives seen=100.0%; hard negatives=0
Epoch 087 train: loss=0.0068 AUROC=1.0000 AUPRC=0.9999 BalAcc=0.9981 F1=0.9931 MCC=0.9925
Epoch 087 val  : loss=0.4594 AUROC=0.9614 AUPRC=0.5938 BalAcc=0.7052 F1=0.5484 MCC=0.5790
  learning_rate_used=1.523e-05; learning_rate_next=1.330e-05; elapsed=5.8s
Early stopping after 87 epochs.
Binary threshold: 0.710725 (strategy=val-mcc, validation_score=0.594198)
Validation-only run completed; frozen model: /data/projects/SFB_A03/jan/AT_TFBS/human301/runs/CREB3L3/crossassay_archthalia_20261009_144503_1046783/CHIP_seed3/model_for_prediction.pt
CREB3L3: CHIP -> CHIP
TEST CREB3L3 CHIP -> CHIP: loss=0.2211 AUROC=0.9766 AUPRC=0.5619 BalAcc=0.7188 F1=0.5319 MCC=0.5404
CREB3L3: CHIP -> GHTS
TEST CREB3L3 CHIP -> GHTS: loss=0.6032 AUROC=0.8251 AUPRC=0.3365 BalAcc=0.6376 F1=0.3797 MCC=0.4050
Completed CREB3L3/CHIP: one model, both fixed test sets.
