TF=SRY variant=base seed=2
/home/jbossenz/miniforge3/envs/at_env/bin/python -u /data/projects/SFB_A03/jan/AT_TFBS/human301/hum301_motif64.py train --cache /data/projects/SFB_A03/jan/AT_TFBS/raw_data/human/SRY/hum301_20261005_185818_tdUK1h/dataset.npz --output-dir /data/projects/SFB_A03/jan/AT_TFBS/human301/runs/SRY/multitf_20261006_033507_932031_base_seed2 --input-length 256 --embed-channels 64 --encoder-channels 80 96 128 --heads 4 --ffn-channels 256 --classification-readout center --task-mode classification --checkpoint-objective classification-auprc --threshold-strategy val-mcc --negatives-per-positive 10 --batch-size 88 --hard-negative-fraction 0 --epochs 100 --patience 20 --learning-rate 0.0003 --min-learning-rate 0.000001 --weight-decay 0.0001 --dropout 0.1 --activation relu --reverse-complement-probability 0.5 --eval-crops multi --eval-rc --no-balanced-evaluation --eval-batch-size 128 --num-workers 2 --seed 2 --device cuda
Window geometry: 256 bp from 301 bp; crop starts 0..45; shifts -22..+23; fresh uniform draw per access
Evaluation: crops (0, 22, 23, 45), reverse complement=True; all samples
train: n=335,219, positive=3,319, negative=331,900
  val: n=100,899, positive=999, negative=99,900
 test: n=371,478, positive=3,678, negative=367,800
Device: cuda
Hidden activation: RELU
Parameters: 1,032,981 total; 1,032,981 trainable
Architecture: motif kernels 9/12; encoder 128/64/64; original five-block bottleneck at 64; decoder 64/128/256
  negatives seen=10.0%; hard negatives=0
Epoch 001 train: loss=1.2090 AUROC=0.6705 AUPRC=0.1825 BalAcc=0.6159 F1=0.2262 MCC=0.1360
Epoch 001 val  : loss=0.4350 AUROC=0.8239 AUPRC=0.0662 BalAcc=0.7043 F1=0.0829 MCC=0.1273
  learning_rate_used=3.000e-04; learning_rate_next=2.999e-04; elapsed=45.1s
  saved new best checkpoint: /data/projects/SFB_A03/jan/AT_TFBS/human301/runs/SRY/multitf_20261006_033507_932031_base_seed2/best_model.pt (objective=classification-auprc, score=0.066238)
  negatives seen=20.0%; hard negatives=0
Epoch 002 train: loss=0.9536 AUROC=0.8227 AUPRC=0.3500 BalAcc=0.7442 F1=0.3479 MCC=0.3076
Epoch 002 val  : loss=0.6835 AUROC=0.8671 AUPRC=0.1123 BalAcc=0.7595 F1=0.0448 MCC=0.1054
  learning_rate_used=2.999e-04; learning_rate_next=2.997e-04; elapsed=44.1s
  saved new best checkpoint: /data/projects/SFB_A03/jan/AT_TFBS/human301/runs/SRY/multitf_20261006_033507_932031_base_seed2/best_model.pt (objective=classification-auprc, score=0.112336)
  negatives seen=30.0%; hard negatives=0
Epoch 003 train: loss=0.8284 AUROC=0.8698 AUPRC=0.4567 BalAcc=0.7878 F1=0.4057 MCC=0.3772
Epoch 003 val  : loss=1.0384 AUROC=0.8864 AUPRC=0.1386 BalAcc=0.7031 F1=0.0330 MCC=0.0814
  learning_rate_used=2.997e-04; learning_rate_next=2.993e-04; elapsed=44.0s
  saved new best checkpoint: /data/projects/SFB_A03/jan/AT_TFBS/human301/runs/SRY/multitf_20261006_033507_932031_base_seed2/best_model.pt (objective=classification-auprc, score=0.138629)
  negatives seen=40.0%; hard negatives=0
Epoch 004 train: loss=0.7765 AUROC=0.8877 AUPRC=0.5133 BalAcc=0.8111 F1=0.4359 MCC=0.4138
Epoch 004 val  : loss=0.3342 AUROC=0.9019 AUPRC=0.1861 BalAcc=0.8115 F1=0.1109 MCC=0.1885
  learning_rate_used=2.993e-04; learning_rate_next=2.988e-04; elapsed=44.0s
  saved new best checkpoint: /data/projects/SFB_A03/jan/AT_TFBS/human301/runs/SRY/multitf_20261006_033507_932031_base_seed2/best_model.pt (objective=classification-auprc, score=0.186113)
  negatives seen=50.0%; hard negatives=0
Epoch 005 train: loss=0.7219 AUROC=0.9037 AUPRC=0.5516 BalAcc=0.8246 F1=0.4637 MCC=0.4427
Epoch 005 val  : loss=0.2453 AUROC=0.9075 AUPRC=0.2050 BalAcc=0.7862 F1=0.1652 MCC=0.2284
  learning_rate_used=2.988e-04; learning_rate_next=2.982e-04; elapsed=44.1s
  saved new best checkpoint: /data/projects/SFB_A03/jan/AT_TFBS/human301/runs/SRY/multitf_20261006_033507_932031_base_seed2/best_model.pt (objective=classification-auprc, score=0.204959)
  negatives seen=60.0%; hard negatives=0
Epoch 006 train: loss=0.6773 AUROC=0.9166 AUPRC=0.5886 BalAcc=0.8394 F1=0.4878 MCC=0.4698
Epoch 006 val  : loss=0.7723 AUROC=0.9105 AUPRC=0.2074 BalAcc=0.7804 F1=0.0460 MCC=0.1132
  learning_rate_used=2.982e-04; learning_rate_next=2.974e-04; elapsed=44.3s
  saved new best checkpoint: /data/projects/SFB_A03/jan/AT_TFBS/human301/runs/SRY/multitf_20261006_033507_932031_base_seed2/best_model.pt (objective=classification-auprc, score=0.207440)
  negatives seen=70.0%; hard negatives=0
Epoch 007 train: loss=0.6447 AUROC=0.9242 AUPRC=0.6197 BalAcc=0.8460 F1=0.5080 MCC=0.4892
Epoch 007 val  : loss=0.9120 AUROC=0.8986 AUPRC=0.1833 BalAcc=0.7572 F1=0.0414 MCC=0.1024
  learning_rate_used=2.974e-04; learning_rate_next=2.964e-04; elapsed=44.2s
  negatives seen=80.0%; hard negatives=0
Epoch 008 train: loss=0.6370 AUROC=0.9266 AUPRC=0.6295 BalAcc=0.8490 F1=0.5119 MCC=0.4939
Epoch 008 val  : loss=0.2073 AUROC=0.9130 AUPRC=0.2253 BalAcc=0.7429 F1=0.2207 MCC=0.2564
  learning_rate_used=2.964e-04; learning_rate_next=2.953e-04; elapsed=44.0s
  saved new best checkpoint: /data/projects/SFB_A03/jan/AT_TFBS/human301/runs/SRY/multitf_20261006_033507_932031_base_seed2/best_model.pt (objective=classification-auprc, score=0.225320)
  negatives seen=90.0%; hard negatives=0
Epoch 009 train: loss=0.6061 AUROC=0.9332 AUPRC=0.6511 BalAcc=0.8570 F1=0.5279 MCC=0.5110
Epoch 009 val  : loss=0.6002 AUROC=0.9223 AUPRC=0.2423 BalAcc=0.8257 F1=0.0621 MCC=0.1426
  learning_rate_used=2.953e-04; learning_rate_next=2.941e-04; elapsed=44.2s
  saved new best checkpoint: /data/projects/SFB_A03/jan/AT_TFBS/human301/runs/SRY/multitf_20261006_033507_932031_base_seed2/best_model.pt (objective=classification-auprc, score=0.242318)
  negatives seen=100.0%; hard negatives=0
Epoch 010 train: loss=0.5863 AUROC=0.9376 AUPRC=0.6709 BalAcc=0.8660 F1=0.5483 MCC=0.5320
Epoch 010 val  : loss=1.4726 AUROC=0.9244 AUPRC=0.2490 BalAcc=0.6611 F1=0.0287 MCC=0.0682
  learning_rate_used=2.941e-04; learning_rate_next=2.927e-04; elapsed=44.1s
  saved new best checkpoint: /data/projects/SFB_A03/jan/AT_TFBS/human301/runs/SRY/multitf_20261006_033507_932031_base_seed2/best_model.pt (objective=classification-auprc, score=0.248968)
  negatives seen=100.0%; hard negatives=0
Epoch 011 train: loss=0.5663 AUROC=0.9417 AUPRC=0.6771 BalAcc=0.8714 F1=0.5600 MCC=0.5442
Epoch 011 val  : loss=0.4403 AUROC=0.9187 AUPRC=0.2384 BalAcc=0.8357 F1=0.0793 MCC=0.1638
  learning_rate_used=2.927e-04; learning_rate_next=2.912e-04; elapsed=44.3s
  negatives seen=100.0%; hard negatives=0
Epoch 012 train: loss=0.5581 AUROC=0.9444 AUPRC=0.6891 BalAcc=0.8707 F1=0.5607 MCC=0.5445
Epoch 012 val  : loss=0.5783 AUROC=0.9240 AUPRC=0.2580 BalAcc=0.8200 F1=0.0610 MCC=0.1396
  learning_rate_used=2.912e-04; learning_rate_next=2.895e-04; elapsed=44.1s
  saved new best checkpoint: /data/projects/SFB_A03/jan/AT_TFBS/human301/runs/SRY/multitf_20261006_033507_932031_base_seed2/best_model.pt (objective=classification-auprc, score=0.257953)
  negatives seen=100.0%; hard negatives=0
Epoch 013 train: loss=0.5290 AUROC=0.9493 AUPRC=0.7061 BalAcc=0.8797 F1=0.5749 MCC=0.5606
Epoch 013 val  : loss=0.1896 AUROC=0.9260 AUPRC=0.2703 BalAcc=0.7454 F1=0.2707 MCC=0.2963
  learning_rate_used=2.895e-04; learning_rate_next=2.877e-04; elapsed=44.2s
  saved new best checkpoint: /data/projects/SFB_A03/jan/AT_TFBS/human301/runs/SRY/multitf_20261006_033507_932031_base_seed2/best_model.pt (objective=classification-auprc, score=0.270275)
  negatives seen=100.0%; hard negatives=0
Epoch 014 train: loss=0.5273 AUROC=0.9504 AUPRC=0.7177 BalAcc=0.8818 F1=0.5872 MCC=0.5718
Epoch 014 val  : loss=0.1978 AUROC=0.9271 AUPRC=0.2694 BalAcc=0.7835 F1=0.2252 MCC=0.2759
  learning_rate_used=2.877e-04; learning_rate_next=2.858e-04; elapsed=44.1s
  negatives seen=100.0%; hard negatives=0
Epoch 015 train: loss=0.5140 AUROC=0.9522 AUPRC=0.7199 BalAcc=0.8855 F1=0.5880 MCC=0.5742
Epoch 015 val  : loss=0.2003 AUROC=0.9255 AUPRC=0.2612 BalAcc=0.7847 F1=0.2275 MCC=0.2782
  learning_rate_used=2.858e-04; learning_rate_next=2.837e-04; elapsed=44.2s
  negatives seen=100.0%; hard negatives=0
Epoch 016 train: loss=0.4881 AUROC=0.9569 AUPRC=0.7317 BalAcc=0.8905 F1=0.6015 MCC=0.5878
Epoch 016 val  : loss=1.1251 AUROC=0.9225 AUPRC=0.2505 BalAcc=0.7098 F1=0.0336 MCC=0.0840
  learning_rate_used=2.837e-04; learning_rate_next=2.815e-04; elapsed=44.3s
  negatives seen=100.0%; hard negatives=0
Epoch 017 train: loss=0.4712 AUROC=0.9593 AUPRC=0.7393 BalAcc=0.8961 F1=0.6135 MCC=0.6006
Epoch 017 val  : loss=0.1848 AUROC=0.9316 AUPRC=0.2831 BalAcc=0.7353 F1=0.2985 MCC=0.3142
  learning_rate_used=2.815e-04; learning_rate_next=2.792e-04; elapsed=44.0s
  saved new best checkpoint: /data/projects/SFB_A03/jan/AT_TFBS/human301/runs/SRY/multitf_20261006_033507_932031_base_seed2/best_model.pt (objective=classification-auprc, score=0.283120)
  negatives seen=100.0%; hard negatives=0
Epoch 018 train: loss=0.4744 AUROC=0.9593 AUPRC=0.7440 BalAcc=0.8977 F1=0.6209 MCC=0.6075
Epoch 018 val  : loss=0.5033 AUROC=0.9339 AUPRC=0.2922 BalAcc=0.8464 F1=0.0756 MCC=0.1630
  learning_rate_used=2.792e-04; learning_rate_next=2.767e-04; elapsed=44.0s
  saved new best checkpoint: /data/projects/SFB_A03/jan/AT_TFBS/human301/runs/SRY/multitf_20261006_033507_932031_base_seed2/best_model.pt (objective=classification-auprc, score=0.292175)
  negatives seen=100.0%; hard negatives=0
Epoch 019 train: loss=0.4590 AUROC=0.9623 AUPRC=0.7536 BalAcc=0.8989 F1=0.6280 MCC=0.6140
Epoch 019 val  : loss=0.7053 AUROC=0.9311 AUPRC=0.2930 BalAcc=0.8166 F1=0.0562 MCC=0.1338
  learning_rate_used=2.767e-04; learning_rate_next=2.741e-04; elapsed=44.1s
  saved new best checkpoint: /data/projects/SFB_A03/jan/AT_TFBS/human301/runs/SRY/multitf_20261006_033507_932031_base_seed2/best_model.pt (objective=classification-auprc, score=0.292992)
  negatives seen=100.0%; hard negatives=0
Epoch 020 train: loss=0.4395 AUROC=0.9649 AUPRC=0.7568 BalAcc=0.9030 F1=0.6382 MCC=0.6246
Epoch 020 val  : loss=0.1973 AUROC=0.9276 AUPRC=0.2677 BalAcc=0.7135 F1=0.3059 MCC=0.3123
  learning_rate_used=2.741e-04; learning_rate_next=2.714e-04; elapsed=44.1s
  negatives seen=100.0%; hard negatives=0
Epoch 021 train: loss=0.4286 AUROC=0.9671 AUPRC=0.7712 BalAcc=0.9091 F1=0.6524 MCC=0.6394
Epoch 021 val  : loss=0.4908 AUROC=0.9320 AUPRC=0.2785 BalAcc=0.8489 F1=0.0808 MCC=0.1693
  learning_rate_used=2.714e-04; learning_rate_next=2.686e-04; elapsed=44.1s
  negatives seen=100.0%; hard negatives=0
Epoch 022 train: loss=0.4226 AUROC=0.9676 AUPRC=0.7767 BalAcc=0.9079 F1=0.6491 MCC=0.6361
Epoch 022 val  : loss=0.2485 AUROC=0.9312 AUPRC=0.2806 BalAcc=0.8466 F1=0.1575 MCC=0.2431
  learning_rate_used=2.686e-04; learning_rate_next=2.657e-04; elapsed=44.2s
  negatives seen=100.0%; hard negatives=0
Epoch 023 train: loss=0.4082 AUROC=0.9698 AUPRC=0.7787 BalAcc=0.9109 F1=0.6589 MCC=0.6458
Epoch 023 val  : loss=0.1864 AUROC=0.9313 AUPRC=0.2925 BalAcc=0.7715 F1=0.2701 MCC=0.3061
  learning_rate_used=2.657e-04; learning_rate_next=2.626e-04; elapsed=44.1s
  negatives seen=100.0%; hard negatives=0
Epoch 024 train: loss=0.4032 AUROC=0.9703 AUPRC=0.7787 BalAcc=0.9152 F1=0.6706 MCC=0.6578
Epoch 024 val  : loss=0.2042 AUROC=0.9326 AUPRC=0.2799 BalAcc=0.8127 F1=0.2073 MCC=0.2729
  learning_rate_used=2.626e-04; learning_rate_next=2.595e-04; elapsed=44.2s
  negatives seen=100.0%; hard negatives=0
Epoch 025 train: loss=0.3918 AUROC=0.9723 AUPRC=0.7890 BalAcc=0.9164 F1=0.6780 MCC=0.6647
Epoch 025 val  : loss=0.5677 AUROC=0.9300 AUPRC=0.2689 BalAcc=0.8390 F1=0.0684 MCC=0.1531
  learning_rate_used=2.595e-04; learning_rate_next=2.562e-04; elapsed=44.1s
  negatives seen=100.0%; hard negatives=0
Epoch 026 train: loss=0.3681 AUROC=0.9749 AUPRC=0.8036 BalAcc=0.9217 F1=0.6870 MCC=0.6747
Epoch 026 val  : loss=0.1944 AUROC=0.9316 AUPRC=0.2848 BalAcc=0.7177 F1=0.3053 MCC=0.3132
  learning_rate_used=2.562e-04; learning_rate_next=2.528e-04; elapsed=44.1s
  negatives seen=100.0%; hard negatives=0
Epoch 027 train: loss=0.3654 AUROC=0.9754 AUPRC=0.8069 BalAcc=0.9238 F1=0.6974 MCC=0.6847
Epoch 027 val  : loss=0.2021 AUROC=0.9312 AUPRC=0.2839 BalAcc=0.8121 F1=0.2120 MCC=0.2764
  learning_rate_used=2.528e-04; learning_rate_next=2.494e-04; elapsed=44.1s
  negatives seen=100.0%; hard negatives=0
Epoch 028 train: loss=0.3675 AUROC=0.9751 AUPRC=0.7976 BalAcc=0.9207 F1=0.6917 MCC=0.6785
Epoch 028 val  : loss=0.2620 AUROC=0.9337 AUPRC=0.3009 BalAcc=0.8478 F1=0.1516 MCC=0.2382
  learning_rate_used=2.494e-04; learning_rate_next=2.458e-04; elapsed=44.1s
  saved new best checkpoint: /data/projects/SFB_A03/jan/AT_TFBS/human301/runs/SRY/multitf_20261006_033507_932031_base_seed2/best_model.pt (objective=classification-auprc, score=0.300861)
  negatives seen=100.0%; hard negatives=0
Epoch 029 train: loss=0.3570 AUROC=0.9769 AUPRC=0.8117 BalAcc=0.9229 F1=0.7039 MCC=0.6902
Epoch 029 val  : loss=0.1926 AUROC=0.9324 AUPRC=0.2952 BalAcc=0.7859 F1=0.2576 MCC=0.3022
  learning_rate_used=2.458e-04; learning_rate_next=2.421e-04; elapsed=44.2s
  negatives seen=100.0%; hard negatives=0
Epoch 030 train: loss=0.3519 AUROC=0.9772 AUPRC=0.8200 BalAcc=0.9289 F1=0.7109 MCC=0.6987
Epoch 030 val  : loss=0.2157 AUROC=0.9327 AUPRC=0.2939 BalAcc=0.8214 F1=0.1939 MCC=0.2652
  learning_rate_used=2.421e-04; learning_rate_next=2.384e-04; elapsed=44.1s
  negatives seen=100.0%; hard negatives=0
Epoch 031 train: loss=0.3323 AUROC=0.9792 AUPRC=0.8251 BalAcc=0.9323 F1=0.7233 MCC=0.7111
Epoch 031 val  : loss=0.3288 AUROC=0.9344 AUPRC=0.2923 BalAcc=0.8566 F1=0.1192 MCC=0.2108
  learning_rate_used=2.384e-04; learning_rate_next=2.345e-04; elapsed=44.0s
  negatives seen=100.0%; hard negatives=0
Epoch 032 train: loss=0.3362 AUROC=0.9792 AUPRC=0.8226 BalAcc=0.9296 F1=0.7214 MCC=0.7084
Epoch 032 val  : loss=0.1997 AUROC=0.9244 AUPRC=0.2740 BalAcc=0.7305 F1=0.3062 MCC=0.3185
  learning_rate_used=2.345e-04; learning_rate_next=2.306e-04; elapsed=44.0s
  negatives seen=100.0%; hard negatives=0
Epoch 033 train: loss=0.3222 AUROC=0.9809 AUPRC=0.8390 BalAcc=0.9347 F1=0.7422 MCC=0.7291
Epoch 033 val  : loss=0.2414 AUROC=0.9318 AUPRC=0.2973 BalAcc=0.8352 F1=0.1672 MCC=0.2476
  learning_rate_used=2.306e-04; learning_rate_next=2.266e-04; elapsed=44.1s
  negatives seen=100.0%; hard negatives=0
Epoch 034 train: loss=0.3143 AUROC=0.9813 AUPRC=0.8323 BalAcc=0.9368 F1=0.7432 MCC=0.7307
Epoch 034 val  : loss=0.2235 AUROC=0.9317 AUPRC=0.2984 BalAcc=0.8300 F1=0.1869 MCC=0.2625
  learning_rate_used=2.266e-04; learning_rate_next=2.225e-04; elapsed=44.1s
  negatives seen=100.0%; hard negatives=0
Epoch 035 train: loss=0.3163 AUROC=0.9810 AUPRC=0.8379 BalAcc=0.9354 F1=0.7394 MCC=0.7267
Epoch 035 val  : loss=0.2212 AUROC=0.9337 AUPRC=0.2897 BalAcc=0.8314 F1=0.1895 MCC=0.2652
  learning_rate_used=2.225e-04; learning_rate_next=2.184e-04; elapsed=44.0s
  negatives seen=100.0%; hard negatives=0
Epoch 036 train: loss=0.2945 AUROC=0.9831 AUPRC=0.8459 BalAcc=0.9393 F1=0.7503 MCC=0.7381
Epoch 036 val  : loss=0.2127 AUROC=0.9221 AUPRC=0.2700 BalAcc=0.7571 F1=0.2591 MCC=0.2919
  learning_rate_used=2.184e-04; learning_rate_next=2.142e-04; elapsed=44.1s
  negatives seen=100.0%; hard negatives=0
Epoch 037 train: loss=0.3013 AUROC=0.9830 AUPRC=0.8421 BalAcc=0.9402 F1=0.7547 MCC=0.7423
Epoch 037 val  : loss=0.1910 AUROC=0.9350 AUPRC=0.3003 BalAcc=0.7987 F1=0.2456 MCC=0.2979
  learning_rate_used=2.142e-04; learning_rate_next=2.099e-04; elapsed=44.0s
  negatives seen=100.0%; hard negatives=0
Epoch 038 train: loss=0.2917 AUROC=0.9839 AUPRC=0.8524 BalAcc=0.9433 F1=0.7635 MCC=0.7515
Epoch 038 val  : loss=0.3472 AUROC=0.9317 AUPRC=0.2841 BalAcc=0.8552 F1=0.1135 MCC=0.2048
  learning_rate_used=2.099e-04; learning_rate_next=2.055e-04; elapsed=44.2s
  negatives seen=100.0%; hard negatives=0
Epoch 039 train: loss=0.2946 AUROC=0.9836 AUPRC=0.8548 BalAcc=0.9395 F1=0.7555 MCC=0.7429
Epoch 039 val  : loss=0.2253 AUROC=0.9310 AUPRC=0.2773 BalAcc=0.8173 F1=0.1870 MCC=0.2579
  learning_rate_used=2.055e-04; learning_rate_next=2.011e-04; elapsed=44.4s
  negatives seen=100.0%; hard negatives=0
Epoch 040 train: loss=0.2870 AUROC=0.9843 AUPRC=0.8531 BalAcc=0.9419 F1=0.7693 MCC=0.7565
Epoch 040 val  : loss=0.2173 AUROC=0.9291 AUPRC=0.2836 BalAcc=0.7155 F1=0.3091 MCC=0.3156
  learning_rate_used=2.011e-04; learning_rate_next=1.967e-04; elapsed=44.0s
  negatives seen=100.0%; hard negatives=0
Epoch 041 train: loss=0.2623 AUROC=0.9866 AUPRC=0.8696 BalAcc=0.9472 F1=0.7861 MCC=0.7738
Epoch 041 val  : loss=0.1986 AUROC=0.9326 AUPRC=0.3045 BalAcc=0.7917 F1=0.2650 MCC=0.3103
  learning_rate_used=1.967e-04; learning_rate_next=1.922e-04; elapsed=44.3s
  saved new best checkpoint: /data/projects/SFB_A03/jan/AT_TFBS/human301/runs/SRY/multitf_20261006_033507_932031_base_seed2/best_model.pt (objective=classification-auprc, score=0.304473)
  negatives seen=100.0%; hard negatives=0
Epoch 042 train: loss=0.2714 AUROC=0.9856 AUPRC=0.8631 BalAcc=0.9459 F1=0.7788 MCC=0.7665
Epoch 042 val  : loss=0.2363 AUROC=0.9330 AUPRC=0.2844 BalAcc=0.8356 F1=0.1741 MCC=0.2537
  learning_rate_used=1.922e-04; learning_rate_next=1.877e-04; elapsed=44.1s
  negatives seen=100.0%; hard negatives=0
Epoch 043 train: loss=0.2617 AUROC=0.9867 AUPRC=0.8714 BalAcc=0.9493 F1=0.7864 MCC=0.7747
Epoch 043 val  : loss=0.2727 AUROC=0.9339 AUPRC=0.2866 BalAcc=0.8520 F1=0.1450 MCC=0.2336
  learning_rate_used=1.877e-04; learning_rate_next=1.831e-04; elapsed=44.1s
  negatives seen=100.0%; hard negatives=0
Epoch 044 train: loss=0.2560 AUROC=0.9870 AUPRC=0.8731 BalAcc=0.9497 F1=0.7876 MCC=0.7760
Epoch 044 val  : loss=0.1945 AUROC=0.9326 AUPRC=0.2833 BalAcc=0.7796 F1=0.2718 MCC=0.3107
  learning_rate_used=1.831e-04; learning_rate_next=1.785e-04; elapsed=44.1s
  negatives seen=100.0%; hard negatives=0
Epoch 045 train: loss=0.2512 AUROC=0.9877 AUPRC=0.8718 BalAcc=0.9495 F1=0.7950 MCC=0.7829
Epoch 045 val  : loss=0.2226 AUROC=0.9315 AUPRC=0.2879 BalAcc=0.7052 F1=0.3345 MCC=0.3338
  learning_rate_used=1.785e-04; learning_rate_next=1.739e-04; elapsed=44.1s
  negatives seen=100.0%; hard negatives=0
Epoch 046 train: loss=0.2431 AUROC=0.9882 AUPRC=0.8804 BalAcc=0.9509 F1=0.7984 MCC=0.7865
Epoch 046 val  : loss=0.2634 AUROC=0.9310 AUPRC=0.2803 BalAcc=0.8395 F1=0.1619 MCC=0.2445
  learning_rate_used=1.739e-04; learning_rate_next=1.692e-04; elapsed=44.1s
  negatives seen=100.0%; hard negatives=0
Epoch 047 train: loss=0.2257 AUROC=0.9894 AUPRC=0.8837 BalAcc=0.9549 F1=0.8130 MCC=0.8015
Epoch 047 val  : loss=0.2001 AUROC=0.9346 AUPRC=0.2942 BalAcc=0.7889 F1=0.2702 MCC=0.3132
  learning_rate_used=1.692e-04; learning_rate_next=1.646e-04; elapsed=44.2s
  negatives seen=100.0%; hard negatives=0
Epoch 048 train: loss=0.2362 AUROC=0.9894 AUPRC=0.8940 BalAcc=0.9544 F1=0.8130 MCC=0.8014
Epoch 048 val  : loss=0.1950 AUROC=0.9346 AUPRC=0.3036 BalAcc=0.7912 F1=0.2588 MCC=0.3053
  learning_rate_used=1.646e-04; learning_rate_next=1.599e-04; elapsed=44.1s
  negatives seen=100.0%; hard negatives=0
Epoch 049 train: loss=0.2170 AUROC=0.9902 AUPRC=0.8933 BalAcc=0.9570 F1=0.8195 MCC=0.8084
Epoch 049 val  : loss=0.2736 AUROC=0.9320 AUPRC=0.2929 BalAcc=0.8428 F1=0.1525 MCC=0.2373
  learning_rate_used=1.599e-04; learning_rate_next=1.552e-04; elapsed=44.0s
  negatives seen=100.0%; hard negatives=0
Epoch 050 train: loss=0.2286 AUROC=0.9893 AUPRC=0.8785 BalAcc=0.9534 F1=0.8115 MCC=0.7997
Epoch 050 val  : loss=0.2033 AUROC=0.9319 AUPRC=0.2989 BalAcc=0.7442 F1=0.3052 MCC=0.3228
  learning_rate_used=1.552e-04; learning_rate_next=1.505e-04; elapsed=44.0s
  negatives seen=100.0%; hard negatives=0
Epoch 051 train: loss=0.2045 AUROC=0.9918 AUPRC=0.9090 BalAcc=0.9589 F1=0.8372 MCC=0.8260
Epoch 051 val  : loss=0.2010 AUROC=0.9340 AUPRC=0.3011 BalAcc=0.7743 F1=0.2878 MCC=0.3210
  learning_rate_used=1.505e-04; learning_rate_next=1.458e-04; elapsed=44.2s
  negatives seen=100.0%; hard negatives=0
Epoch 052 train: loss=0.2051 AUROC=0.9913 AUPRC=0.9032 BalAcc=0.9602 F1=0.8333 MCC=0.8224
Epoch 052 val  : loss=0.2049 AUROC=0.9330 AUPRC=0.3004 BalAcc=0.7665 F1=0.2911 MCC=0.3205
  learning_rate_used=1.458e-04; learning_rate_next=1.411e-04; elapsed=44.1s
  negatives seen=100.0%; hard negatives=0
Epoch 053 train: loss=0.2018 AUROC=0.9914 AUPRC=0.9042 BalAcc=0.9605 F1=0.8375 MCC=0.8266
Epoch 053 val  : loss=0.2118 AUROC=0.9322 AUPRC=0.3004 BalAcc=0.8120 F1=0.2210 MCC=0.2837
  learning_rate_used=1.411e-04; learning_rate_next=1.364e-04; elapsed=44.2s
  negatives seen=100.0%; hard negatives=0
Epoch 054 train: loss=0.1887 AUROC=0.9923 AUPRC=0.9101 BalAcc=0.9627 F1=0.8449 MCC=0.8344
Epoch 054 val  : loss=0.2151 AUROC=0.9319 AUPRC=0.3116 BalAcc=0.7511 F1=0.3198 MCC=0.3370
  learning_rate_used=1.364e-04; learning_rate_next=1.318e-04; elapsed=44.2s
  saved new best checkpoint: /data/projects/SFB_A03/jan/AT_TFBS/human301/runs/SRY/multitf_20261006_033507_932031_base_seed2/best_model.pt (objective=classification-auprc, score=0.311597)
  negatives seen=100.0%; hard negatives=0
Epoch 055 train: loss=0.2008 AUROC=0.9916 AUPRC=0.9033 BalAcc=0.9603 F1=0.8381 MCC=0.8272
Epoch 055 val  : loss=0.2090 AUROC=0.9314 AUPRC=0.3025 BalAcc=0.7670 F1=0.2989 MCC=0.3268
  learning_rate_used=1.318e-04; learning_rate_next=1.271e-04; elapsed=44.1s
  negatives seen=100.0%; hard negatives=0
Epoch 056 train: loss=0.1828 AUROC=0.9930 AUPRC=0.9207 BalAcc=0.9663 F1=0.8520 MCC=0.8422
Epoch 056 val  : loss=0.2097 AUROC=0.9326 AUPRC=0.2998 BalAcc=0.7891 F1=0.2731 MCC=0.3155
  learning_rate_used=1.271e-04; learning_rate_next=1.225e-04; elapsed=44.1s
  negatives seen=100.0%; hard negatives=0
Epoch 057 train: loss=0.1942 AUROC=0.9928 AUPRC=0.9214 BalAcc=0.9636 F1=0.8543 MCC=0.8438
Epoch 057 val  : loss=0.2084 AUROC=0.9306 AUPRC=0.2999 BalAcc=0.7800 F1=0.2759 MCC=0.3140
  learning_rate_used=1.225e-04; learning_rate_next=1.179e-04; elapsed=44.2s
  negatives seen=100.0%; hard negatives=0
Epoch 058 train: loss=0.1855 AUROC=0.9929 AUPRC=0.9154 BalAcc=0.9653 F1=0.8540 MCC=0.8439
Epoch 058 val  : loss=0.2825 AUROC=0.9311 AUPRC=0.2965 BalAcc=0.6630 F1=0.3571 MCC=0.3522
  learning_rate_used=1.179e-04; learning_rate_next=1.133e-04; elapsed=44.8s
  negatives seen=100.0%; hard negatives=0
Epoch 059 train: loss=0.1816 AUROC=0.9930 AUPRC=0.9146 BalAcc=0.9677 F1=0.8618 MCC=0.8521
Epoch 059 val  : loss=0.2217 AUROC=0.9343 AUPRC=0.2944 BalAcc=0.8244 F1=0.2032 MCC=0.2739
  learning_rate_used=1.133e-04; learning_rate_next=1.088e-04; elapsed=44.0s
  negatives seen=100.0%; hard negatives=0
Epoch 060 train: loss=0.1735 AUROC=0.9935 AUPRC=0.9204 BalAcc=0.9673 F1=0.8613 MCC=0.8516
Epoch 060 val  : loss=0.2165 AUROC=0.9350 AUPRC=0.3094 BalAcc=0.8135 F1=0.2368 MCC=0.2968
  learning_rate_used=1.088e-04; learning_rate_next=1.043e-04; elapsed=44.2s
  negatives seen=100.0%; hard negatives=0
Epoch 061 train: loss=0.1669 AUROC=0.9939 AUPRC=0.9261 BalAcc=0.9691 F1=0.8686 MCC=0.8592
Epoch 061 val  : loss=0.2071 AUROC=0.9326 AUPRC=0.2983 BalAcc=0.7979 F1=0.2614 MCC=0.3100
  learning_rate_used=1.043e-04; learning_rate_next=9.986e-05; elapsed=44.4s
  negatives seen=100.0%; hard negatives=0
Epoch 062 train: loss=0.1658 AUROC=0.9942 AUPRC=0.9294 BalAcc=0.9680 F1=0.8708 MCC=0.8612
Epoch 062 val  : loss=0.2019 AUROC=0.9331 AUPRC=0.2892 BalAcc=0.7829 F1=0.2654 MCC=0.3070
  learning_rate_used=9.986e-05; learning_rate_next=9.547e-05; elapsed=44.2s
  negatives seen=100.0%; hard negatives=0
Epoch 063 train: loss=0.1529 AUROC=0.9945 AUPRC=0.9291 BalAcc=0.9723 F1=0.8812 MCC=0.8724
Epoch 063 val  : loss=0.2814 AUROC=0.9313 AUPRC=0.3021 BalAcc=0.6834 F1=0.3527 MCC=0.3464
  learning_rate_used=9.547e-05; learning_rate_next=9.113e-05; elapsed=44.1s
  negatives seen=100.0%; hard negatives=0
Epoch 064 train: loss=0.1711 AUROC=0.9939 AUPRC=0.9252 BalAcc=0.9663 F1=0.8701 MCC=0.8602
Epoch 064 val  : loss=0.2335 AUROC=0.9296 AUPRC=0.2920 BalAcc=0.7428 F1=0.3052 MCC=0.3223
  learning_rate_used=9.113e-05; learning_rate_next=8.685e-05; elapsed=44.0s
  negatives seen=100.0%; hard negatives=0
Epoch 065 train: loss=0.1479 AUROC=0.9950 AUPRC=0.9404 BalAcc=0.9738 F1=0.8868 MCC=0.8784
Epoch 065 val  : loss=0.2292 AUROC=0.9311 AUPRC=0.2927 BalAcc=0.7718 F1=0.2804 MCC=0.3143
  learning_rate_used=8.685e-05; learning_rate_next=8.263e-05; elapsed=44.1s
  negatives seen=100.0%; hard negatives=0
Epoch 066 train: loss=0.1470 AUROC=0.9950 AUPRC=0.9363 BalAcc=0.9734 F1=0.8877 MCC=0.8792
Epoch 066 val  : loss=0.2335 AUROC=0.9315 AUPRC=0.3044 BalAcc=0.7542 F1=0.3153 MCC=0.3346
  learning_rate_used=8.263e-05; learning_rate_next=7.848e-05; elapsed=44.1s
  negatives seen=100.0%; hard negatives=0
Epoch 067 train: loss=0.1511 AUROC=0.9952 AUPRC=0.9402 BalAcc=0.9731 F1=0.8929 MCC=0.8844
Epoch 067 val  : loss=0.2181 AUROC=0.9309 AUPRC=0.2930 BalAcc=0.7815 F1=0.2654 MCC=0.3065
  learning_rate_used=7.848e-05; learning_rate_next=7.440e-05; elapsed=44.2s
  negatives seen=100.0%; hard negatives=0
Epoch 068 train: loss=0.1408 AUROC=0.9951 AUPRC=0.9359 BalAcc=0.9754 F1=0.8902 MCC=0.8820
Epoch 068 val  : loss=0.2233 AUROC=0.9301 AUPRC=0.3035 BalAcc=0.7995 F1=0.2533 MCC=0.3043
  learning_rate_used=7.440e-05; learning_rate_next=7.039e-05; elapsed=44.1s
  negatives seen=100.0%; hard negatives=0
Epoch 069 train: loss=0.1415 AUROC=0.9955 AUPRC=0.9382 BalAcc=0.9740 F1=0.8970 MCC=0.8887
Epoch 069 val  : loss=0.2501 AUROC=0.9310 AUPRC=0.2934 BalAcc=0.7369 F1=0.3199 MCC=0.3319
  learning_rate_used=7.039e-05; learning_rate_next=6.647e-05; elapsed=44.3s
  negatives seen=100.0%; hard negatives=0
Epoch 070 train: loss=0.1388 AUROC=0.9956 AUPRC=0.9443 BalAcc=0.9740 F1=0.8953 MCC=0.8870
Epoch 070 val  : loss=0.3336 AUROC=0.9289 AUPRC=0.2931 BalAcc=0.6671 F1=0.3469 MCC=0.3406
  learning_rate_used=6.647e-05; learning_rate_next=6.263e-05; elapsed=44.1s
  negatives seen=100.0%; hard negatives=0
Epoch 071 train: loss=0.1362 AUROC=0.9959 AUPRC=0.9451 BalAcc=0.9757 F1=0.9036 MCC=0.8958
Epoch 071 val  : loss=0.2506 AUROC=0.9304 AUPRC=0.2921 BalAcc=0.7350 F1=0.3197 MCC=0.3310
  learning_rate_used=6.263e-05; learning_rate_next=5.887e-05; elapsed=44.1s
  negatives seen=100.0%; hard negatives=0
Epoch 072 train: loss=0.1335 AUROC=0.9962 AUPRC=0.9506 BalAcc=0.9779 F1=0.9109 MCC=0.9036
Epoch 072 val  : loss=0.2836 AUROC=0.9296 AUPRC=0.2978 BalAcc=0.6951 F1=0.3449 MCC=0.3407
  learning_rate_used=5.887e-05; learning_rate_next=5.521e-05; elapsed=44.2s
  negatives seen=100.0%; hard negatives=0
Epoch 073 train: loss=0.1210 AUROC=0.9965 AUPRC=0.9539 BalAcc=0.9788 F1=0.9131 MCC=0.9059
Epoch 073 val  : loss=0.3022 AUROC=0.9297 AUPRC=0.2879 BalAcc=0.6937 F1=0.3465 MCC=0.3419
  learning_rate_used=5.521e-05; learning_rate_next=5.163e-05; elapsed=44.2s
  negatives seen=100.0%; hard negatives=0
Epoch 074 train: loss=0.1288 AUROC=0.9963 AUPRC=0.9528 BalAcc=0.9770 F1=0.9116 MCC=0.9042
Epoch 074 val  : loss=0.3206 AUROC=0.9302 AUPRC=0.2953 BalAcc=0.6846 F1=0.3581 MCC=0.3518
  learning_rate_used=5.163e-05; learning_rate_next=4.816e-05; elapsed=44.0s
Early stopping after 74 epochs.
Binary threshold: 0.701959 (strategy=val-mcc, validation_score=0.358979)
TEST chr10,chr12,chr14,chr16,chr18,chr2,chr20,chr22,chr4,chr6,chr8: loss=0.2072 AUROC=0.9368 AUPRC=0.3125 BalAcc=0.7026 F1=0.3639 MCC=0.3594
Outputs written to /data/projects/SFB_A03/jan/AT_TFBS/human301/runs/SRY/multitf_20261006_033507_932031_base_seed2
Binary predictions: binary_classification_results.tsv
Binary metrics: binary_classification_metrics.json
ROC plot: roc_curve.png
Precision-recall plot: precision_recall_curve.png
Confusion matrix: binary_confusion_matrix.tsv
