TF=MAX train=CHIP seed=5 model=hum301_motif64_local.py
/home/jbossenz/miniforge3/envs/at_env/bin/python -u /data/projects/SFB_A03/jan/AT_TFBS/human301/hum301_motif64_local.py train --cache /data/projects/SFB_A03/jan/AT_TFBS/raw_data/human/ArchThalia-ML/MAX/CHIP/dataset.npz --output-dir /data/projects/SFB_A03/jan/AT_TFBS/human301/runs/MAX/crossassay_archthalia_20261009_144503_1046783/CHIP_seed5 --input-length 256 --embed-channels 64 --encoder-channels 80 96 128 --heads 4 --ffn-channels 256 --classification-readout local-logsumexp --task-mode classification --checkpoint-objective classification-auprc --threshold-strategy val-mcc --negatives-per-positive 10 --batch-size 88 --hard-negative-fraction 0 --epochs 100 --patience 20 --learning-rate 0.0003 --min-learning-rate 0.000001 --weight-decay 0.0001 --dropout 0.1 --activation relu --reverse-complement-probability 0.5 --eval-crops multi --eval-rc --no-balanced-evaluation --eval-batch-size 128 --num-workers 2 --seed 5 --device cuda --skip-test
Window geometry: 256 bp from 301 bp; crop starts 0..45; shifts -22..+23; fresh uniform draw per access
Evaluation: crops (0, 22, 23, 45), reverse complement=True; all samples
train: n=998,082, positive=9,882, negative=988,200
  val: n=211,494, positive=2,094, negative=209,400
 test: n=938,189, positive=9,289, negative=928,900
Device: cuda
Hidden activation: RELU
Parameters: 1,032,981 total; 1,032,981 trainable
Architecture: motif kernels 9/12; encoder 128/64/64; original five-block bottleneck at 64; decoder 64/128/256
  negatives seen=10.0%; hard negatives=0
Epoch 001 train: loss=0.7278 AUROC=0.8974 AUPRC=0.6506 BalAcc=0.8227 F1=0.5117 MCC=0.4805
Epoch 001 val  : loss=0.2667 AUROC=0.9281 AUPRC=0.3231 BalAcc=0.8435 F1=0.1973 MCC=0.2762
  learning_rate_used=3.000e-04; learning_rate_next=2.999e-04; elapsed=105.2s
  saved new best checkpoint: /data/projects/SFB_A03/jan/AT_TFBS/human301/runs/MAX/crossassay_archthalia_20261009_144503_1046783/CHIP_seed5/best_model.pt (objective=classification-auprc, score=0.323072)
  negatives seen=20.0%; hard negatives=0
Epoch 002 train: loss=0.6313 AUROC=0.9238 AUPRC=0.7090 BalAcc=0.8517 F1=0.5659 MCC=0.5398
Epoch 002 val  : loss=0.3774 AUROC=0.9340 AUPRC=0.3497 BalAcc=0.8590 F1=0.1210 MCC=0.2134
  learning_rate_used=2.999e-04; learning_rate_next=2.997e-04; elapsed=105.8s
  saved new best checkpoint: /data/projects/SFB_A03/jan/AT_TFBS/human301/runs/MAX/crossassay_archthalia_20261009_144503_1046783/CHIP_seed5/best_model.pt (objective=classification-auprc, score=0.349707)
  negatives seen=30.0%; hard negatives=0
Epoch 003 train: loss=0.5945 AUROC=0.9325 AUPRC=0.7389 BalAcc=0.8614 F1=0.5883 MCC=0.5635
Epoch 003 val  : loss=0.3009 AUROC=0.9322 AUPRC=0.3604 BalAcc=0.8617 F1=0.1511 MCC=0.2424
  learning_rate_used=2.997e-04; learning_rate_next=2.993e-04; elapsed=105.8s
  saved new best checkpoint: /data/projects/SFB_A03/jan/AT_TFBS/human301/runs/MAX/crossassay_archthalia_20261009_144503_1046783/CHIP_seed5/best_model.pt (objective=classification-auprc, score=0.360371)
  negatives seen=40.0%; hard negatives=0
Epoch 004 train: loss=0.5756 AUROC=0.9382 AUPRC=0.7426 BalAcc=0.8675 F1=0.5979 MCC=0.5744
Epoch 004 val  : loss=0.2879 AUROC=0.9447 AUPRC=0.3811 BalAcc=0.8769 F1=0.1748 MCC=0.2688
  learning_rate_used=2.993e-04; learning_rate_next=2.988e-04; elapsed=105.3s
  saved new best checkpoint: /data/projects/SFB_A03/jan/AT_TFBS/human301/runs/MAX/crossassay_archthalia_20261009_144503_1046783/CHIP_seed5/best_model.pt (objective=classification-auprc, score=0.381057)
  negatives seen=50.0%; hard negatives=0
Epoch 005 train: loss=0.5681 AUROC=0.9395 AUPRC=0.7466 BalAcc=0.8691 F1=0.5951 MCC=0.5726
Epoch 005 val  : loss=0.3238 AUROC=0.9435 AUPRC=0.3763 BalAcc=0.8725 F1=0.1278 MCC=0.2242
  learning_rate_used=2.988e-04; learning_rate_next=2.982e-04; elapsed=105.3s
  negatives seen=60.0%; hard negatives=0
Epoch 006 train: loss=0.5500 AUROC=0.9436 AUPRC=0.7626 BalAcc=0.8756 F1=0.6141 MCC=0.5919
Epoch 006 val  : loss=0.2725 AUROC=0.9462 AUPRC=0.3736 BalAcc=0.8788 F1=0.1726 MCC=0.2675
  learning_rate_used=2.982e-04; learning_rate_next=2.974e-04; elapsed=105.5s
  negatives seen=70.0%; hard negatives=0
Epoch 007 train: loss=0.5411 AUROC=0.9455 AUPRC=0.7654 BalAcc=0.8755 F1=0.6092 MCC=0.5876
Epoch 007 val  : loss=0.2245 AUROC=0.9463 AUPRC=0.3949 BalAcc=0.8751 F1=0.2119 MCC=0.2999
  learning_rate_used=2.974e-04; learning_rate_next=2.964e-04; elapsed=104.4s
  saved new best checkpoint: /data/projects/SFB_A03/jan/AT_TFBS/human301/runs/MAX/crossassay_archthalia_20261009_144503_1046783/CHIP_seed5/best_model.pt (objective=classification-auprc, score=0.394906)
  negatives seen=80.0%; hard negatives=0
Epoch 008 train: loss=0.5325 AUROC=0.9475 AUPRC=0.7692 BalAcc=0.8802 F1=0.6175 MCC=0.5969
Epoch 008 val  : loss=0.2413 AUROC=0.9459 AUPRC=0.3882 BalAcc=0.8737 F1=0.2019 MCC=0.2910
  learning_rate_used=2.964e-04; learning_rate_next=2.953e-04; elapsed=104.1s
  negatives seen=90.0%; hard negatives=0
Epoch 009 train: loss=0.5229 AUROC=0.9495 AUPRC=0.7753 BalAcc=0.8823 F1=0.6189 MCC=0.5989
Epoch 009 val  : loss=0.1905 AUROC=0.9485 AUPRC=0.3886 BalAcc=0.8682 F1=0.2564 MCC=0.3336
  learning_rate_used=2.953e-04; learning_rate_next=2.941e-04; elapsed=104.1s
  negatives seen=100.0%; hard negatives=0
Epoch 010 train: loss=0.5170 AUROC=0.9511 AUPRC=0.7800 BalAcc=0.8841 F1=0.6240 MCC=0.6041
Epoch 010 val  : loss=0.2839 AUROC=0.9446 AUPRC=0.3746 BalAcc=0.8736 F1=0.1563 MCC=0.2511
  learning_rate_used=2.941e-04; learning_rate_next=2.927e-04; elapsed=105.5s
  negatives seen=100.0%; hard negatives=0
Epoch 011 train: loss=0.5080 AUROC=0.9528 AUPRC=0.7818 BalAcc=0.8867 F1=0.6267 MCC=0.6076
Epoch 011 val  : loss=0.3660 AUROC=0.9484 AUPRC=0.4052 BalAcc=0.8775 F1=0.1156 MCC=0.2138
  learning_rate_used=2.927e-04; learning_rate_next=2.912e-04; elapsed=104.7s
  saved new best checkpoint: /data/projects/SFB_A03/jan/AT_TFBS/human301/runs/MAX/crossassay_archthalia_20261009_144503_1046783/CHIP_seed5/best_model.pt (objective=classification-auprc, score=0.405171)
  negatives seen=100.0%; hard negatives=0
Epoch 012 train: loss=0.4997 AUROC=0.9545 AUPRC=0.7870 BalAcc=0.8882 F1=0.6367 MCC=0.6170
Epoch 012 val  : loss=0.2572 AUROC=0.9507 AUPRC=0.4088 BalAcc=0.8816 F1=0.1798 MCC=0.2748
  learning_rate_used=2.912e-04; learning_rate_next=2.895e-04; elapsed=104.9s
  saved new best checkpoint: /data/projects/SFB_A03/jan/AT_TFBS/human301/runs/MAX/crossassay_archthalia_20261009_144503_1046783/CHIP_seed5/best_model.pt (objective=classification-auprc, score=0.408795)
  negatives seen=100.0%; hard negatives=0
Epoch 013 train: loss=0.4943 AUROC=0.9555 AUPRC=0.7886 BalAcc=0.8905 F1=0.6362 MCC=0.6175
Epoch 013 val  : loss=0.2702 AUROC=0.9440 AUPRC=0.3852 BalAcc=0.8746 F1=0.1676 MCC=0.2616
  learning_rate_used=2.895e-04; learning_rate_next=2.877e-04; elapsed=104.7s
  negatives seen=100.0%; hard negatives=0
Epoch 014 train: loss=0.4835 AUROC=0.9575 AUPRC=0.7900 BalAcc=0.8930 F1=0.6387 MCC=0.6207
Epoch 014 val  : loss=0.2414 AUROC=0.9472 AUPRC=0.4001 BalAcc=0.8766 F1=0.1856 MCC=0.2781
  learning_rate_used=2.877e-04; learning_rate_next=2.858e-04; elapsed=104.7s
  negatives seen=100.0%; hard negatives=0
Epoch 015 train: loss=0.4754 AUROC=0.9590 AUPRC=0.7987 BalAcc=0.8952 F1=0.6523 MCC=0.6335
Epoch 015 val  : loss=0.2491 AUROC=0.9473 AUPRC=0.4073 BalAcc=0.8770 F1=0.1739 MCC=0.2680
  learning_rate_used=2.858e-04; learning_rate_next=2.837e-04; elapsed=105.1s
  negatives seen=100.0%; hard negatives=0
Epoch 016 train: loss=0.4683 AUROC=0.9601 AUPRC=0.7994 BalAcc=0.8981 F1=0.6572 MCC=0.6390
Epoch 016 val  : loss=0.2429 AUROC=0.9475 AUPRC=0.4099 BalAcc=0.8795 F1=0.1851 MCC=0.2787
  learning_rate_used=2.837e-04; learning_rate_next=2.815e-04; elapsed=104.1s
  saved new best checkpoint: /data/projects/SFB_A03/jan/AT_TFBS/human301/runs/MAX/crossassay_archthalia_20261009_144503_1046783/CHIP_seed5/best_model.pt (objective=classification-auprc, score=0.409871)
  negatives seen=100.0%; hard negatives=0
Epoch 017 train: loss=0.4580 AUROC=0.9622 AUPRC=0.8033 BalAcc=0.9013 F1=0.6603 MCC=0.6430
Epoch 017 val  : loss=0.2456 AUROC=0.9495 AUPRC=0.4137 BalAcc=0.8854 F1=0.1709 MCC=0.2683
  learning_rate_used=2.815e-04; learning_rate_next=2.792e-04; elapsed=103.4s
  saved new best checkpoint: /data/projects/SFB_A03/jan/AT_TFBS/human301/runs/MAX/crossassay_archthalia_20261009_144503_1046783/CHIP_seed5/best_model.pt (objective=classification-auprc, score=0.413707)
  negatives seen=100.0%; hard negatives=0
Epoch 018 train: loss=0.4566 AUROC=0.9626 AUPRC=0.8090 BalAcc=0.9000 F1=0.6600 MCC=0.6422
Epoch 018 val  : loss=0.2015 AUROC=0.9488 AUPRC=0.4052 BalAcc=0.8762 F1=0.2351 MCC=0.3195
  learning_rate_used=2.792e-04; learning_rate_next=2.767e-04; elapsed=104.7s
  negatives seen=100.0%; hard negatives=0
Epoch 019 train: loss=0.4480 AUROC=0.9642 AUPRC=0.8100 BalAcc=0.9018 F1=0.6648 MCC=0.6472
Epoch 019 val  : loss=0.2662 AUROC=0.9513 AUPRC=0.4157 BalAcc=0.8874 F1=0.1617 MCC=0.2607
  learning_rate_used=2.767e-04; learning_rate_next=2.741e-04; elapsed=104.6s
  saved new best checkpoint: /data/projects/SFB_A03/jan/AT_TFBS/human301/runs/MAX/crossassay_archthalia_20261009_144503_1046783/CHIP_seed5/best_model.pt (objective=classification-auprc, score=0.415710)
  negatives seen=100.0%; hard negatives=0
Epoch 020 train: loss=0.4494 AUROC=0.9639 AUPRC=0.8061 BalAcc=0.9039 F1=0.6674 MCC=0.6503
Epoch 020 val  : loss=0.2376 AUROC=0.9487 AUPRC=0.4047 BalAcc=0.8778 F1=0.1985 MCC=0.2896
  learning_rate_used=2.741e-04; learning_rate_next=2.714e-04; elapsed=104.8s
  negatives seen=100.0%; hard negatives=0
Epoch 021 train: loss=0.4288 AUROC=0.9676 AUPRC=0.8228 BalAcc=0.9088 F1=0.6837 MCC=0.6668
Epoch 021 val  : loss=0.3908 AUROC=0.9484 AUPRC=0.4122 BalAcc=0.8755 F1=0.1081 MCC=0.2056
  learning_rate_used=2.714e-04; learning_rate_next=2.686e-04; elapsed=106.1s
  negatives seen=100.0%; hard negatives=0
Epoch 022 train: loss=0.4323 AUROC=0.9668 AUPRC=0.8078 BalAcc=0.9066 F1=0.6752 MCC=0.6583
Epoch 022 val  : loss=0.2164 AUROC=0.9450 AUPRC=0.4019 BalAcc=0.8726 F1=0.2228 MCC=0.3080
  learning_rate_used=2.686e-04; learning_rate_next=2.657e-04; elapsed=105.8s
  negatives seen=100.0%; hard negatives=0
Epoch 023 train: loss=0.4205 AUROC=0.9687 AUPRC=0.8218 BalAcc=0.9094 F1=0.6879 MCC=0.6707
Epoch 023 val  : loss=0.2088 AUROC=0.9473 AUPRC=0.4161 BalAcc=0.8734 F1=0.2310 MCC=0.3151
  learning_rate_used=2.657e-04; learning_rate_next=2.626e-04; elapsed=104.9s
  saved new best checkpoint: /data/projects/SFB_A03/jan/AT_TFBS/human301/runs/MAX/crossassay_archthalia_20261009_144503_1046783/CHIP_seed5/best_model.pt (objective=classification-auprc, score=0.416089)
  negatives seen=100.0%; hard negatives=0
Epoch 024 train: loss=0.4187 AUROC=0.9691 AUPRC=0.8191 BalAcc=0.9116 F1=0.6890 MCC=0.6725
Epoch 024 val  : loss=0.2298 AUROC=0.9450 AUPRC=0.4113 BalAcc=0.8765 F1=0.2051 MCC=0.2947
  learning_rate_used=2.626e-04; learning_rate_next=2.595e-04; elapsed=105.5s
  negatives seen=100.0%; hard negatives=0
Epoch 025 train: loss=0.4140 AUROC=0.9699 AUPRC=0.8237 BalAcc=0.9136 F1=0.6943 MCC=0.6780
Epoch 025 val  : loss=0.2262 AUROC=0.9483 AUPRC=0.4105 BalAcc=0.8779 F1=0.2067 MCC=0.2966
  learning_rate_used=2.595e-04; learning_rate_next=2.562e-04; elapsed=105.2s
  negatives seen=100.0%; hard negatives=0
Epoch 026 train: loss=0.4022 AUROC=0.9714 AUPRC=0.8292 BalAcc=0.9147 F1=0.6988 MCC=0.6825
Epoch 026 val  : loss=0.2549 AUROC=0.9473 AUPRC=0.4112 BalAcc=0.8790 F1=0.1755 MCC=0.2702
  learning_rate_used=2.562e-04; learning_rate_next=2.528e-04; elapsed=104.6s
  negatives seen=100.0%; hard negatives=0
Epoch 027 train: loss=0.3918 AUROC=0.9727 AUPRC=0.8336 BalAcc=0.9184 F1=0.7049 MCC=0.6894
Epoch 027 val  : loss=0.2221 AUROC=0.9480 AUPRC=0.4202 BalAcc=0.8773 F1=0.2082 MCC=0.2976
  learning_rate_used=2.528e-04; learning_rate_next=2.494e-04; elapsed=106.5s
  saved new best checkpoint: /data/projects/SFB_A03/jan/AT_TFBS/human301/runs/MAX/crossassay_archthalia_20261009_144503_1046783/CHIP_seed5/best_model.pt (objective=classification-auprc, score=0.420197)
  negatives seen=100.0%; hard negatives=0
Epoch 028 train: loss=0.3935 AUROC=0.9727 AUPRC=0.8265 BalAcc=0.9171 F1=0.7062 MCC=0.6901
Epoch 028 val  : loss=0.2297 AUROC=0.9472 AUPRC=0.4049 BalAcc=0.8779 F1=0.1959 MCC=0.2874
  learning_rate_used=2.494e-04; learning_rate_next=2.458e-04; elapsed=105.4s
  negatives seen=100.0%; hard negatives=0
Epoch 029 train: loss=0.3824 AUROC=0.9743 AUPRC=0.8330 BalAcc=0.9199 F1=0.7099 MCC=0.6944
Epoch 029 val  : loss=0.2167 AUROC=0.9479 AUPRC=0.4187 BalAcc=0.8800 F1=0.2133 MCC=0.3029
  learning_rate_used=2.458e-04; learning_rate_next=2.421e-04; elapsed=104.4s
  negatives seen=100.0%; hard negatives=0
Epoch 030 train: loss=0.3834 AUROC=0.9742 AUPRC=0.8358 BalAcc=0.9205 F1=0.7132 MCC=0.6977
Epoch 030 val  : loss=0.1917 AUROC=0.9501 AUPRC=0.4196 BalAcc=0.8762 F1=0.2507 MCC=0.3321
  learning_rate_used=2.421e-04; learning_rate_next=2.384e-04; elapsed=104.1s
  negatives seen=100.0%; hard negatives=0
Epoch 031 train: loss=0.3704 AUROC=0.9760 AUPRC=0.8399 BalAcc=0.9238 F1=0.7220 MCC=0.7068
Epoch 031 val  : loss=0.1828 AUROC=0.9496 AUPRC=0.4295 BalAcc=0.8734 F1=0.2685 MCC=0.3453
  learning_rate_used=2.384e-04; learning_rate_next=2.345e-04; elapsed=105.2s
  saved new best checkpoint: /data/projects/SFB_A03/jan/AT_TFBS/human301/runs/MAX/crossassay_archthalia_20261009_144503_1046783/CHIP_seed5/best_model.pt (objective=classification-auprc, score=0.429527)
  negatives seen=100.0%; hard negatives=0
Epoch 032 train: loss=0.3581 AUROC=0.9777 AUPRC=0.8461 BalAcc=0.9253 F1=0.7244 MCC=0.7095
Epoch 032 val  : loss=0.2192 AUROC=0.9445 AUPRC=0.4209 BalAcc=0.8743 F1=0.2186 MCC=0.3052
  learning_rate_used=2.345e-04; learning_rate_next=2.306e-04; elapsed=104.3s
  negatives seen=100.0%; hard negatives=0
Epoch 033 train: loss=0.3672 AUROC=0.9767 AUPRC=0.8398 BalAcc=0.9236 F1=0.7261 MCC=0.7105
Epoch 033 val  : loss=0.1799 AUROC=0.9490 AUPRC=0.4198 BalAcc=0.8721 F1=0.2671 MCC=0.3437
  learning_rate_used=2.306e-04; learning_rate_next=2.266e-04; elapsed=104.1s
  negatives seen=100.0%; hard negatives=0
Epoch 034 train: loss=0.3520 AUROC=0.9782 AUPRC=0.8459 BalAcc=0.9274 F1=0.7337 MCC=0.7188
Epoch 034 val  : loss=0.2238 AUROC=0.9476 AUPRC=0.4182 BalAcc=0.8771 F1=0.2094 MCC=0.2985
  learning_rate_used=2.266e-04; learning_rate_next=2.225e-04; elapsed=105.9s
  negatives seen=100.0%; hard negatives=0
Epoch 035 train: loss=0.3493 AUROC=0.9787 AUPRC=0.8539 BalAcc=0.9277 F1=0.7376 MCC=0.7224
Epoch 035 val  : loss=0.1831 AUROC=0.9426 AUPRC=0.4113 BalAcc=0.8622 F1=0.2796 MCC=0.3497
  learning_rate_used=2.225e-04; learning_rate_next=2.184e-04; elapsed=105.8s
  negatives seen=100.0%; hard negatives=0
Epoch 036 train: loss=0.3441 AUROC=0.9789 AUPRC=0.8502 BalAcc=0.9288 F1=0.7365 MCC=0.7218
Epoch 036 val  : loss=0.1914 AUROC=0.9469 AUPRC=0.4196 BalAcc=0.8744 F1=0.2577 MCC=0.3370
  learning_rate_used=2.184e-04; learning_rate_next=2.142e-04; elapsed=105.0s
  negatives seen=100.0%; hard negatives=0
Epoch 037 train: loss=0.3367 AUROC=0.9801 AUPRC=0.8549 BalAcc=0.9305 F1=0.7439 MCC=0.7292
Epoch 037 val  : loss=0.2063 AUROC=0.9474 AUPRC=0.4205 BalAcc=0.8798 F1=0.2212 MCC=0.3094
  learning_rate_used=2.142e-04; learning_rate_next=2.099e-04; elapsed=105.8s
  negatives seen=100.0%; hard negatives=0
Epoch 038 train: loss=0.3316 AUROC=0.9807 AUPRC=0.8529 BalAcc=0.9322 F1=0.7466 MCC=0.7322
Epoch 038 val  : loss=0.2138 AUROC=0.9469 AUPRC=0.4260 BalAcc=0.8761 F1=0.2238 MCC=0.3102
  learning_rate_used=2.099e-04; learning_rate_next=2.055e-04; elapsed=105.7s
  negatives seen=100.0%; hard negatives=0
Epoch 039 train: loss=0.3278 AUROC=0.9810 AUPRC=0.8566 BalAcc=0.9340 F1=0.7573 MCC=0.7428
Epoch 039 val  : loss=0.1904 AUROC=0.9434 AUPRC=0.4174 BalAcc=0.8678 F1=0.2671 MCC=0.3420
  learning_rate_used=2.055e-04; learning_rate_next=2.011e-04; elapsed=105.2s
  negatives seen=100.0%; hard negatives=0
Epoch 040 train: loss=0.3240 AUROC=0.9818 AUPRC=0.8592 BalAcc=0.9337 F1=0.7537 MCC=0.7393
Epoch 040 val  : loss=0.1773 AUROC=0.9397 AUPRC=0.4260 BalAcc=0.8578 F1=0.3118 MCC=0.3731
  learning_rate_used=2.011e-04; learning_rate_next=1.967e-04; elapsed=104.4s
  negatives seen=100.0%; hard negatives=0
Epoch 041 train: loss=0.3127 AUROC=0.9828 AUPRC=0.8635 BalAcc=0.9376 F1=0.7638 MCC=0.7500
Epoch 041 val  : loss=0.1996 AUROC=0.9463 AUPRC=0.4219 BalAcc=0.8742 F1=0.2525 MCC=0.3328
  learning_rate_used=1.967e-04; learning_rate_next=1.922e-04; elapsed=106.0s
  negatives seen=100.0%; hard negatives=0
Epoch 042 train: loss=0.3088 AUROC=0.9831 AUPRC=0.8640 BalAcc=0.9388 F1=0.7694 MCC=0.7555
Epoch 042 val  : loss=0.1937 AUROC=0.9461 AUPRC=0.4278 BalAcc=0.8722 F1=0.2477 MCC=0.3282
  learning_rate_used=1.922e-04; learning_rate_next=1.877e-04; elapsed=105.2s
  negatives seen=100.0%; hard negatives=0
Epoch 043 train: loss=0.3043 AUROC=0.9835 AUPRC=0.8643 BalAcc=0.9392 F1=0.7725 MCC=0.7586
Epoch 043 val  : loss=0.2575 AUROC=0.9423 AUPRC=0.4267 BalAcc=0.8767 F1=0.1757 MCC=0.2695
  learning_rate_used=1.877e-04; learning_rate_next=1.831e-04; elapsed=104.6s
  negatives seen=100.0%; hard negatives=0
Epoch 044 train: loss=0.2975 AUROC=0.9843 AUPRC=0.8754 BalAcc=0.9412 F1=0.7782 MCC=0.7646
Epoch 044 val  : loss=0.1713 AUROC=0.9468 AUPRC=0.4270 BalAcc=0.8623 F1=0.3086 MCC=0.3723
  learning_rate_used=1.831e-04; learning_rate_next=1.785e-04; elapsed=105.2s
  negatives seen=100.0%; hard negatives=0
Epoch 045 train: loss=0.2932 AUROC=0.9845 AUPRC=0.8702 BalAcc=0.9422 F1=0.7804 MCC=0.7669
Epoch 045 val  : loss=0.2064 AUROC=0.9472 AUPRC=0.4273 BalAcc=0.8754 F1=0.2320 MCC=0.3166
  learning_rate_used=1.785e-04; learning_rate_next=1.739e-04; elapsed=106.1s
  negatives seen=100.0%; hard negatives=0
Epoch 046 train: loss=0.2897 AUROC=0.9850 AUPRC=0.8756 BalAcc=0.9433 F1=0.7815 MCC=0.7684
Epoch 046 val  : loss=0.1761 AUROC=0.9414 AUPRC=0.4105 BalAcc=0.8545 F1=0.3132 MCC=0.3728
  learning_rate_used=1.739e-04; learning_rate_next=1.692e-04; elapsed=106.1s
  negatives seen=100.0%; hard negatives=0
Epoch 047 train: loss=0.2758 AUROC=0.9862 AUPRC=0.8799 BalAcc=0.9445 F1=0.7919 MCC=0.7786
Epoch 047 val  : loss=0.1642 AUROC=0.9450 AUPRC=0.4266 BalAcc=0.8440 F1=0.3542 MCC=0.4003
  learning_rate_used=1.692e-04; learning_rate_next=1.646e-04; elapsed=104.8s
  negatives seen=100.0%; hard negatives=0
Epoch 048 train: loss=0.2778 AUROC=0.9860 AUPRC=0.8790 BalAcc=0.9455 F1=0.7874 MCC=0.7745
Epoch 048 val  : loss=0.1817 AUROC=0.9386 AUPRC=0.4310 BalAcc=0.8601 F1=0.2928 MCC=0.3592
  learning_rate_used=1.646e-04; learning_rate_next=1.599e-04; elapsed=104.5s
  saved new best checkpoint: /data/projects/SFB_A03/jan/AT_TFBS/human301/runs/MAX/crossassay_archthalia_20261009_144503_1046783/CHIP_seed5/best_model.pt (objective=classification-auprc, score=0.430960)
  negatives seen=100.0%; hard negatives=0
Epoch 049 train: loss=0.2714 AUROC=0.9869 AUPRC=0.8838 BalAcc=0.9468 F1=0.7956 MCC=0.7827
Epoch 049 val  : loss=0.1862 AUROC=0.9443 AUPRC=0.4294 BalAcc=0.8660 F1=0.2938 MCC=0.3623
  learning_rate_used=1.599e-04; learning_rate_next=1.552e-04; elapsed=104.4s
  negatives seen=100.0%; hard negatives=0
Epoch 050 train: loss=0.2674 AUROC=0.9869 AUPRC=0.8814 BalAcc=0.9481 F1=0.7973 MCC=0.7847
Epoch 050 val  : loss=0.1701 AUROC=0.9450 AUPRC=0.4288 BalAcc=0.8506 F1=0.3573 MCC=0.4053
  learning_rate_used=1.552e-04; learning_rate_next=1.505e-04; elapsed=105.4s
  negatives seen=100.0%; hard negatives=0
Epoch 051 train: loss=0.2658 AUROC=0.9871 AUPRC=0.8843 BalAcc=0.9492 F1=0.8013 MCC=0.7888
Epoch 051 val  : loss=0.1750 AUROC=0.9423 AUPRC=0.4266 BalAcc=0.8586 F1=0.3235 MCC=0.3825
  learning_rate_used=1.505e-04; learning_rate_next=1.458e-04; elapsed=105.4s
  negatives seen=100.0%; hard negatives=0
Epoch 052 train: loss=0.2563 AUROC=0.9880 AUPRC=0.8897 BalAcc=0.9495 F1=0.8025 MCC=0.7901
Epoch 052 val  : loss=0.2018 AUROC=0.9403 AUPRC=0.4196 BalAcc=0.8683 F1=0.2552 MCC=0.3327
  learning_rate_used=1.458e-04; learning_rate_next=1.411e-04; elapsed=104.4s
  negatives seen=100.0%; hard negatives=0
Epoch 053 train: loss=0.2520 AUROC=0.9882 AUPRC=0.8853 BalAcc=0.9502 F1=0.8076 MCC=0.7951
Epoch 053 val  : loss=0.1723 AUROC=0.9391 AUPRC=0.4195 BalAcc=0.8312 F1=0.4010 MCC=0.4315
  learning_rate_used=1.411e-04; learning_rate_next=1.364e-04; elapsed=105.0s
  negatives seen=100.0%; hard negatives=0
Epoch 054 train: loss=0.2504 AUROC=0.9883 AUPRC=0.8872 BalAcc=0.9503 F1=0.8078 MCC=0.7953
Epoch 054 val  : loss=0.1740 AUROC=0.9406 AUPRC=0.4274 BalAcc=0.8387 F1=0.3875 MCC=0.4240
  learning_rate_used=1.364e-04; learning_rate_next=1.318e-04; elapsed=105.3s
  negatives seen=100.0%; hard negatives=0
Epoch 055 train: loss=0.2423 AUROC=0.9891 AUPRC=0.8955 BalAcc=0.9533 F1=0.8145 MCC=0.8026
Epoch 055 val  : loss=0.1800 AUROC=0.9414 AUPRC=0.4321 BalAcc=0.8462 F1=0.3690 MCC=0.4126
  learning_rate_used=1.318e-04; learning_rate_next=1.271e-04; elapsed=104.1s
  saved new best checkpoint: /data/projects/SFB_A03/jan/AT_TFBS/human301/runs/MAX/crossassay_archthalia_20261009_144503_1046783/CHIP_seed5/best_model.pt (objective=classification-auprc, score=0.432077)
  negatives seen=100.0%; hard negatives=0
Epoch 056 train: loss=0.2438 AUROC=0.9891 AUPRC=0.8938 BalAcc=0.9529 F1=0.8181 MCC=0.8059
Epoch 056 val  : loss=0.1747 AUROC=0.9422 AUPRC=0.4318 BalAcc=0.8529 F1=0.3496 MCC=0.4003
  learning_rate_used=1.271e-04; learning_rate_next=1.225e-04; elapsed=104.9s
  negatives seen=100.0%; hard negatives=0
Epoch 057 train: loss=0.2336 AUROC=0.9897 AUPRC=0.8953 BalAcc=0.9550 F1=0.8206 MCC=0.8089
Epoch 057 val  : loss=0.1944 AUROC=0.9394 AUPRC=0.4272 BalAcc=0.8631 F1=0.2772 MCC=0.3481
  learning_rate_used=1.225e-04; learning_rate_next=1.179e-04; elapsed=104.0s
  negatives seen=100.0%; hard negatives=0
Epoch 058 train: loss=0.2280 AUROC=0.9902 AUPRC=0.9004 BalAcc=0.9564 F1=0.8298 MCC=0.8182
Epoch 058 val  : loss=0.1793 AUROC=0.9401 AUPRC=0.4345 BalAcc=0.8382 F1=0.3930 MCC=0.4281
  learning_rate_used=1.179e-04; learning_rate_next=1.133e-04; elapsed=105.1s
  saved new best checkpoint: /data/projects/SFB_A03/jan/AT_TFBS/human301/runs/MAX/crossassay_archthalia_20261009_144503_1046783/CHIP_seed5/best_model.pt (objective=classification-auprc, score=0.434488)
  negatives seen=100.0%; hard negatives=0
Epoch 059 train: loss=0.2304 AUROC=0.9901 AUPRC=0.8990 BalAcc=0.9566 F1=0.8294 MCC=0.8178
Epoch 059 val  : loss=0.1793 AUROC=0.9427 AUPRC=0.4272 BalAcc=0.8562 F1=0.3273 MCC=0.3844
  learning_rate_used=1.133e-04; learning_rate_next=1.088e-04; elapsed=105.2s
  negatives seen=100.0%; hard negatives=0
Epoch 060 train: loss=0.2250 AUROC=0.9902 AUPRC=0.9002 BalAcc=0.9575 F1=0.8288 MCC=0.8175
Epoch 060 val  : loss=0.1760 AUROC=0.9419 AUPRC=0.4345 BalAcc=0.8424 F1=0.3715 MCC=0.4130
  learning_rate_used=1.088e-04; learning_rate_next=1.043e-04; elapsed=104.3s
  negatives seen=100.0%; hard negatives=0
Epoch 061 train: loss=0.2173 AUROC=0.9911 AUPRC=0.9089 BalAcc=0.9588 F1=0.8394 MCC=0.8281
Epoch 061 val  : loss=0.1774 AUROC=0.9430 AUPRC=0.4347 BalAcc=0.8556 F1=0.3351 MCC=0.3902
  learning_rate_used=1.043e-04; learning_rate_next=9.986e-05; elapsed=105.4s
  saved new best checkpoint: /data/projects/SFB_A03/jan/AT_TFBS/human301/runs/MAX/crossassay_archthalia_20261009_144503_1046783/CHIP_seed5/best_model.pt (objective=classification-auprc, score=0.434665)
  negatives seen=100.0%; hard negatives=0
Epoch 062 train: loss=0.2180 AUROC=0.9905 AUPRC=0.9005 BalAcc=0.9588 F1=0.8346 MCC=0.8234
Epoch 062 val  : loss=0.1794 AUROC=0.9395 AUPRC=0.4372 BalAcc=0.8553 F1=0.3375 MCC=0.3920
  learning_rate_used=9.986e-05; learning_rate_next=9.547e-05; elapsed=105.4s
  saved new best checkpoint: /data/projects/SFB_A03/jan/AT_TFBS/human301/runs/MAX/crossassay_archthalia_20261009_144503_1046783/CHIP_seed5/best_model.pt (objective=classification-auprc, score=0.437249)
  negatives seen=100.0%; hard negatives=0
Epoch 063 train: loss=0.2140 AUROC=0.9912 AUPRC=0.9066 BalAcc=0.9596 F1=0.8395 MCC=0.8284
Epoch 063 val  : loss=0.1901 AUROC=0.9384 AUPRC=0.4326 BalAcc=0.8524 F1=0.3320 MCC=0.3865
  learning_rate_used=9.547e-05; learning_rate_next=9.113e-05; elapsed=106.2s
  negatives seen=100.0%; hard negatives=0
Epoch 064 train: loss=0.2068 AUROC=0.9916 AUPRC=0.9120 BalAcc=0.9624 F1=0.8483 MCC=0.8377
Epoch 064 val  : loss=0.1775 AUROC=0.9381 AUPRC=0.4327 BalAcc=0.8327 F1=0.4029 MCC=0.4336
  learning_rate_used=9.113e-05; learning_rate_next=8.685e-05; elapsed=105.5s
  negatives seen=100.0%; hard negatives=0
Epoch 065 train: loss=0.2021 AUROC=0.9919 AUPRC=0.9140 BalAcc=0.9627 F1=0.8504 MCC=0.8398
Epoch 065 val  : loss=0.1816 AUROC=0.9387 AUPRC=0.4383 BalAcc=0.8545 F1=0.3358 MCC=0.3903
  learning_rate_used=8.685e-05; learning_rate_next=8.263e-05; elapsed=104.9s
  saved new best checkpoint: /data/projects/SFB_A03/jan/AT_TFBS/human301/runs/MAX/crossassay_archthalia_20261009_144503_1046783/CHIP_seed5/best_model.pt (objective=classification-auprc, score=0.438272)
  negatives seen=100.0%; hard negatives=0
Epoch 066 train: loss=0.2018 AUROC=0.9921 AUPRC=0.9131 BalAcc=0.9624 F1=0.8499 MCC=0.8392
Epoch 066 val  : loss=0.1811 AUROC=0.9397 AUPRC=0.4365 BalAcc=0.8554 F1=0.3329 MCC=0.3884
  learning_rate_used=8.263e-05; learning_rate_next=7.848e-05; elapsed=105.2s
  negatives seen=100.0%; hard negatives=0
Epoch 067 train: loss=0.2014 AUROC=0.9921 AUPRC=0.9108 BalAcc=0.9625 F1=0.8524 MCC=0.8417
Epoch 067 val  : loss=0.1813 AUROC=0.9378 AUPRC=0.4350 BalAcc=0.8382 F1=0.3878 MCC=0.4240
  learning_rate_used=7.848e-05; learning_rate_next=7.440e-05; elapsed=105.9s
  negatives seen=100.0%; hard negatives=0
Epoch 068 train: loss=0.1846 AUROC=0.9929 AUPRC=0.9206 BalAcc=0.9666 F1=0.8600 MCC=0.8501
Epoch 068 val  : loss=0.1903 AUROC=0.9407 AUPRC=0.4352 BalAcc=0.8533 F1=0.3378 MCC=0.3914
  learning_rate_used=7.440e-05; learning_rate_next=7.039e-05; elapsed=104.6s
  negatives seen=100.0%; hard negatives=0
Epoch 069 train: loss=0.1898 AUROC=0.9926 AUPRC=0.9160 BalAcc=0.9655 F1=0.8580 MCC=0.8479
Epoch 069 val  : loss=0.1812 AUROC=0.9396 AUPRC=0.4380 BalAcc=0.8370 F1=0.3865 MCC=0.4225
  learning_rate_used=7.039e-05; learning_rate_next=6.647e-05; elapsed=105.8s
  negatives seen=100.0%; hard negatives=0
Epoch 070 train: loss=0.1874 AUROC=0.9928 AUPRC=0.9176 BalAcc=0.9667 F1=0.8604 MCC=0.8506
Epoch 070 val  : loss=0.1882 AUROC=0.9397 AUPRC=0.4389 BalAcc=0.8476 F1=0.3577 MCC=0.4044
  learning_rate_used=6.647e-05; learning_rate_next=6.263e-05; elapsed=106.0s
  saved new best checkpoint: /data/projects/SFB_A03/jan/AT_TFBS/human301/runs/MAX/crossassay_archthalia_20261009_144503_1046783/CHIP_seed5/best_model.pt (objective=classification-auprc, score=0.438930)
  negatives seen=100.0%; hard negatives=0
Epoch 071 train: loss=0.1805 AUROC=0.9933 AUPRC=0.9275 BalAcc=0.9683 F1=0.8687 MCC=0.8592
Epoch 071 val  : loss=0.1911 AUROC=0.9361 AUPRC=0.4393 BalAcc=0.8395 F1=0.3862 MCC=0.4232
  learning_rate_used=6.263e-05; learning_rate_next=5.887e-05; elapsed=106.0s
  saved new best checkpoint: /data/projects/SFB_A03/jan/AT_TFBS/human301/runs/MAX/crossassay_archthalia_20261009_144503_1046783/CHIP_seed5/best_model.pt (objective=classification-auprc, score=0.439334)
  negatives seen=100.0%; hard negatives=0
Epoch 072 train: loss=0.1840 AUROC=0.9933 AUPRC=0.9228 BalAcc=0.9663 F1=0.8677 MCC=0.8578
Epoch 072 val  : loss=0.1910 AUROC=0.9369 AUPRC=0.4364 BalAcc=0.8409 F1=0.3816 MCC=0.4202
  learning_rate_used=5.887e-05; learning_rate_next=5.521e-05; elapsed=107.1s
  negatives seen=100.0%; hard negatives=0
Epoch 073 train: loss=0.1749 AUROC=0.9935 AUPRC=0.9268 BalAcc=0.9681 F1=0.8700 MCC=0.8604
Epoch 073 val  : loss=0.1939 AUROC=0.9383 AUPRC=0.4382 BalAcc=0.8542 F1=0.3347 MCC=0.3894
  learning_rate_used=5.521e-05; learning_rate_next=5.163e-05; elapsed=106.0s
  negatives seen=100.0%; hard negatives=0
Epoch 074 train: loss=0.1795 AUROC=0.9935 AUPRC=0.9255 BalAcc=0.9672 F1=0.8698 MCC=0.8601
Epoch 074 val  : loss=0.1905 AUROC=0.9365 AUPRC=0.4357 BalAcc=0.8454 F1=0.3628 MCC=0.4075
  learning_rate_used=5.163e-05; learning_rate_next=4.816e-05; elapsed=105.9s
  negatives seen=100.0%; hard negatives=0
Epoch 075 train: loss=0.1725 AUROC=0.9938 AUPRC=0.9266 BalAcc=0.9687 F1=0.8728 MCC=0.8633
Epoch 075 val  : loss=0.1975 AUROC=0.9374 AUPRC=0.4357 BalAcc=0.8474 F1=0.3615 MCC=0.4073
  learning_rate_used=4.816e-05; learning_rate_next=4.479e-05; elapsed=105.5s
  negatives seen=100.0%; hard negatives=0
Epoch 076 train: loss=0.1724 AUROC=0.9939 AUPRC=0.9274 BalAcc=0.9691 F1=0.8771 MCC=0.8677
Epoch 076 val  : loss=0.1956 AUROC=0.9368 AUPRC=0.4377 BalAcc=0.8449 F1=0.3610 MCC=0.4059
  learning_rate_used=4.479e-05; learning_rate_next=4.152e-05; elapsed=103.9s
  negatives seen=100.0%; hard negatives=0
Epoch 077 train: loss=0.1688 AUROC=0.9937 AUPRC=0.9248 BalAcc=0.9693 F1=0.8741 MCC=0.8647
Epoch 077 val  : loss=0.1929 AUROC=0.9387 AUPRC=0.4385 BalAcc=0.8382 F1=0.3935 MCC=0.4285
  learning_rate_used=4.152e-05; learning_rate_next=3.836e-05; elapsed=105.5s
  negatives seen=100.0%; hard negatives=0
Epoch 078 train: loss=0.1674 AUROC=0.9942 AUPRC=0.9335 BalAcc=0.9711 F1=0.8816 MCC=0.8726
Epoch 078 val  : loss=0.1939 AUROC=0.9364 AUPRC=0.4381 BalAcc=0.8383 F1=0.3907 MCC=0.4263
  learning_rate_used=3.836e-05; learning_rate_next=3.531e-05; elapsed=105.5s
  negatives seen=100.0%; hard negatives=0
Epoch 079 train: loss=0.1657 AUROC=0.9941 AUPRC=0.9306 BalAcc=0.9708 F1=0.8789 MCC=0.8699
Epoch 079 val  : loss=0.2020 AUROC=0.9356 AUPRC=0.4338 BalAcc=0.8389 F1=0.3841 MCC=0.4214
  learning_rate_used=3.531e-05; learning_rate_next=3.237e-05; elapsed=106.4s
  negatives seen=100.0%; hard negatives=0
Epoch 080 train: loss=0.1626 AUROC=0.9940 AUPRC=0.9275 BalAcc=0.9718 F1=0.8809 MCC=0.8721
Epoch 080 val  : loss=0.1960 AUROC=0.9349 AUPRC=0.4329 BalAcc=0.8372 F1=0.3909 MCC=0.4260
  learning_rate_used=3.237e-05; learning_rate_next=2.955e-05; elapsed=105.8s
  negatives seen=100.0%; hard negatives=0
Epoch 081 train: loss=0.1540 AUROC=0.9947 AUPRC=0.9371 BalAcc=0.9733 F1=0.8903 MCC=0.8818
Epoch 081 val  : loss=0.1972 AUROC=0.9362 AUPRC=0.4358 BalAcc=0.8399 F1=0.3891 MCC=0.4257
  learning_rate_used=2.955e-05; learning_rate_next=2.685e-05; elapsed=105.5s
  negatives seen=100.0%; hard negatives=0
Epoch 082 train: loss=0.1557 AUROC=0.9944 AUPRC=0.9318 BalAcc=0.9724 F1=0.8862 MCC=0.8775
Epoch 082 val  : loss=0.1961 AUROC=0.9350 AUPRC=0.4355 BalAcc=0.8339 F1=0.4002 MCC=0.4320
  learning_rate_used=2.685e-05; learning_rate_next=2.427e-05; elapsed=105.9s
  negatives seen=100.0%; hard negatives=0
Epoch 083 train: loss=0.1593 AUROC=0.9944 AUPRC=0.9335 BalAcc=0.9722 F1=0.8844 MCC=0.8756
Epoch 083 val  : loss=0.2079 AUROC=0.9344 AUPRC=0.4323 BalAcc=0.8377 F1=0.3917 MCC=0.4269
  learning_rate_used=2.427e-05; learning_rate_next=2.182e-05; elapsed=106.0s
  negatives seen=100.0%; hard negatives=0
Epoch 084 train: loss=0.1563 AUROC=0.9946 AUPRC=0.9352 BalAcc=0.9718 F1=0.8858 MCC=0.8770
Epoch 084 val  : loss=0.2008 AUROC=0.9351 AUPRC=0.4367 BalAcc=0.8343 F1=0.3966 MCC=0.4293
  learning_rate_used=2.182e-05; learning_rate_next=1.949e-05; elapsed=106.2s
  negatives seen=100.0%; hard negatives=0
Epoch 085 train: loss=0.1466 AUROC=0.9950 AUPRC=0.9373 BalAcc=0.9734 F1=0.8905 MCC=0.8820
Epoch 085 val  : loss=0.2039 AUROC=0.9353 AUPRC=0.4390 BalAcc=0.8382 F1=0.3932 MCC=0.4283
  learning_rate_used=1.949e-05; learning_rate_next=1.729e-05; elapsed=105.9s
  negatives seen=100.0%; hard negatives=0
Epoch 086 train: loss=0.1435 AUROC=0.9948 AUPRC=0.9368 BalAcc=0.9752 F1=0.8913 MCC=0.8831
Epoch 086 val  : loss=0.2102 AUROC=0.9353 AUPRC=0.4386 BalAcc=0.8433 F1=0.3758 MCC=0.4167
  learning_rate_used=1.729e-05; learning_rate_next=1.523e-05; elapsed=105.9s
  negatives seen=100.0%; hard negatives=0
Epoch 087 train: loss=0.1585 AUROC=0.9948 AUPRC=0.9366 BalAcc=0.9727 F1=0.8896 MCC=0.8810
Epoch 087 val  : loss=0.2093 AUROC=0.9355 AUPRC=0.4392 BalAcc=0.8329 F1=0.4071 MCC=0.4370
  learning_rate_used=1.523e-05; learning_rate_next=1.330e-05; elapsed=105.3s
  negatives seen=100.0%; hard negatives=0
Epoch 088 train: loss=0.1448 AUROC=0.9949 AUPRC=0.9389 BalAcc=0.9749 F1=0.8912 MCC=0.8830
Epoch 088 val  : loss=0.2131 AUROC=0.9348 AUPRC=0.4369 BalAcc=0.8300 F1=0.4158 MCC=0.4427
  learning_rate_used=1.330e-05; learning_rate_next=1.150e-05; elapsed=105.6s
  negatives seen=100.0%; hard negatives=0
Epoch 089 train: loss=0.1495 AUROC=0.9948 AUPRC=0.9345 BalAcc=0.9747 F1=0.8914 MCC=0.8831
Epoch 089 val  : loss=0.2085 AUROC=0.9358 AUPRC=0.4387 BalAcc=0.8370 F1=0.4024 MCC=0.4349
  learning_rate_used=1.150e-05; learning_rate_next=9.838e-06; elapsed=106.8s
  negatives seen=100.0%; hard negatives=0
Epoch 090 train: loss=0.1462 AUROC=0.9950 AUPRC=0.9377 BalAcc=0.9747 F1=0.8943 MCC=0.8861
Epoch 090 val  : loss=0.2086 AUROC=0.9347 AUPRC=0.4376 BalAcc=0.8341 F1=0.4035 MCC=0.4346
  learning_rate_used=9.838e-06; learning_rate_next=8.317e-06; elapsed=106.3s
  negatives seen=100.0%; hard negatives=0
Epoch 091 train: loss=0.1472 AUROC=0.9951 AUPRC=0.9410 BalAcc=0.9752 F1=0.8953 MCC=0.8872
Epoch 091 val  : loss=0.2081 AUROC=0.9337 AUPRC=0.4354 BalAcc=0.8368 F1=0.3922 MCC=0.4268
  learning_rate_used=8.317e-06; learning_rate_next=6.936e-06; elapsed=106.1s
Early stopping after 91 epochs.
Binary threshold: 0.981420 (strategy=val-mcc, validation_score=0.482221)
Validation-only run completed; frozen model: /data/projects/SFB_A03/jan/AT_TFBS/human301/runs/MAX/crossassay_archthalia_20261009_144503_1046783/CHIP_seed5/model_for_prediction.pt
MAX: CHIP -> CHIP
TEST MAX CHIP -> CHIP: loss=0.2024 AUROC=0.9297 AUPRC=0.4198 BalAcc=0.7241 F1=0.4774 MCC=0.4732
MAX: CHIP -> GHTS
TEST MAX CHIP -> GHTS: loss=0.3439 AUROC=0.8887 AUPRC=0.0832 BalAcc=0.5554 F1=0.1126 MCC=0.1034
Completed MAX/CHIP: one model, both fixed test sets.
