ZNF772/CHIP: packing existing FASTAs into /data/projects/SFB_A03/jan/AT_TFBS/raw_data/human/ArchThalia-ML/ZNF772/CHIP/dataset.npz; no genome extraction
Loaded train_positive: 282
Loaded train_negative: 28,200
Loaded test_positive: 223
Loaded test_negative: 22,300
{
  "train": {
    "positive": 214,
    "negative": 21400,
    "total": 21614,
    "chromosomes": [
      "chr1",
      "chr11",
      "chr13",
      "chr15",
      "chr17",
      "chr19",
      "chr21",
      "chr3",
      "chr9"
    ],
    "sequences_with_N": 0,
    "max_N_fraction": 0.0,
    "mean_GC_fraction_ACGT_only": {
      "positive": 0.5170149346415376,
      "negative": 0.5170132269382433
    }
  },
  "validation": {
    "positive": 68,
    "negative": 6800,
    "total": 6868,
    "chromosomes": [
      "chr5",
      "chr7"
    ],
    "sequences_with_N": 0,
    "max_N_fraction": 0.0,
    "mean_GC_fraction_ACGT_only": {
      "positive": 0.5240375219855384,
      "negative": 0.5240443619308188
    }
  },
  "test": {
    "positive": 223,
    "negative": 22300,
    "total": 22523,
    "chromosomes": [
      "chr10",
      "chr12",
      "chr14",
      "chr16",
      "chr18",
      "chr2",
      "chr20",
      "chr22",
      "chr4",
      "chr6",
      "chr8"
    ],
    "sequences_with_N": 0,
    "max_N_fraction": 0.0,
    "mean_GC_fraction_ACGT_only": {
      "positive": 0.5203730464967299,
      "negative": 0.520386007776768
    }
  }
}
Sequence audit: {
  "train": {
    "duplicates_or_RC_duplicates_within_split": 0,
    "identical_or_RC_identical_sequences_with_both_labels": 0
  },
  "validation": {
    "duplicates_or_RC_duplicates_within_split": 0,
    "identical_or_RC_identical_sequences_with_both_labels": 0
  },
  "test": {
    "duplicates_or_RC_duplicates_within_split": 1,
    "identical_or_RC_identical_sequences_with_both_labels": 0
  },
  "train_validation_shared_sequences_or_RC": 0,
  "train_test_shared_sequences_or_RC": 0,
  "validation_test_shared_sequences_or_RC": 0
}
Saved: /data/projects/SFB_A03/jan/AT_TFBS/raw_data/human/ArchThalia-ML/ZNF772/CHIP/dataset.npz
ZNF772/GHTS: packing existing FASTAs into /data/projects/SFB_A03/jan/AT_TFBS/raw_data/human/ArchThalia-ML/ZNF772/GHTS/dataset.npz; no genome extraction
Loaded train_positive: 519
Loaded train_negative: 51,900
Loaded test_positive: 529
Loaded test_negative: 52,900
{
  "train": {
    "positive": 383,
    "negative": 38300,
    "total": 38683,
    "chromosomes": [
      "chr1",
      "chr11",
      "chr13",
      "chr15",
      "chr17",
      "chr19",
      "chr21",
      "chr3",
      "chr9"
    ],
    "sequences_with_N": 1,
    "max_N_fraction": 0.029900332225913623,
    "mean_GC_fraction_ACGT_only": {
      "positive": 0.4740234840789057,
      "negative": 0.4740409253749469
    }
  },
  "validation": {
    "positive": 136,
    "negative": 13600,
    "total": 13736,
    "chromosomes": [
      "chr5",
      "chr7"
    ],
    "sequences_with_N": 2,
    "max_N_fraction": 0.3853820598006645,
    "mean_GC_fraction_ACGT_only": {
      "positive": 0.46215138946842094,
      "negative": 0.4624638460035177
    }
  },
  "test": {
    "positive": 529,
    "negative": 52900,
    "total": 53429,
    "chromosomes": [
      "chr10",
      "chr12",
      "chr14",
      "chr16",
      "chr18",
      "chr2",
      "chr20",
      "chr22",
      "chr4",
      "chr6",
      "chr8"
    ],
    "sequences_with_N": 0,
    "max_N_fraction": 0.0,
    "mean_GC_fraction_ACGT_only": {
      "positive": 0.4717042749750359,
      "negative": 0.4717084827512576
    }
  }
}
Sequence audit: {
  "train": {
    "duplicates_or_RC_duplicates_within_split": 0,
    "identical_or_RC_identical_sequences_with_both_labels": 0
  },
  "validation": {
    "duplicates_or_RC_duplicates_within_split": 0,
    "identical_or_RC_identical_sequences_with_both_labels": 0
  },
  "test": {
    "duplicates_or_RC_duplicates_within_split": 0,
    "identical_or_RC_identical_sequences_with_both_labels": 0
  },
  "train_validation_shared_sequences_or_RC": 0,
  "train_test_shared_sequences_or_RC": 0,
  "validation_test_shared_sequences_or_RC": 0
}
Saved: /data/projects/SFB_A03/jan/AT_TFBS/raw_data/human/ArchThalia-ML/ZNF772/GHTS/dataset.npz
ZNF772: caches ready for CHIP and GHTS; cross-test chromosomes are held out.
