TF=SOX2 train=GHTS seed=1 model=hum301_motif64_local.py
/home/jbossenz/miniforge3/envs/at_env/bin/python -u /data/projects/SFB_A03/jan/AT_TFBS/human301/hum301_motif64_local.py train --cache /data/projects/SFB_A03/jan/AT_TFBS/raw_data/human/ArchThalia-ML/SOX2/GHTS/dataset.npz --output-dir /data/projects/SFB_A03/jan/AT_TFBS/human301/runs/SOX2/crossassay_archthalia_20261009_144503_1046783/GHTS_seed1 --input-length 256 --embed-channels 64 --encoder-channels 80 96 128 --heads 4 --ffn-channels 256 --classification-readout local-logsumexp --task-mode classification --checkpoint-objective classification-auprc --threshold-strategy val-mcc --negatives-per-positive 10 --batch-size 88 --hard-negative-fraction 0 --epochs 100 --patience 20 --learning-rate 0.0003 --min-learning-rate 0.000001 --weight-decay 0.0001 --dropout 0.1 --activation relu --reverse-complement-probability 0.5 --eval-crops multi --eval-rc --no-balanced-evaluation --eval-batch-size 128 --num-workers 2 --seed 1 --device cuda --skip-test
Window geometry: 256 bp from 301 bp; crop starts 0..45; shifts -22..+23; fresh uniform draw per access
Evaluation: crops (0, 22, 23, 45), reverse complement=True; all samples
train: n=476,215, positive=4,715, negative=471,500
  val: n=141,299, positive=1,399, negative=139,900
 test: n=565,903, positive=5,603, negative=560,300
Device: cuda
Hidden activation: RELU
Parameters: 1,032,981 total; 1,032,981 trainable
Architecture: motif kernels 9/12; encoder 128/64/64; original five-block bottleneck at 64; decoder 64/128/256
  negatives seen=10.0%; hard negatives=0
Epoch 001 train: loss=0.3873 AUROC=0.9745 AUPRC=0.8506 BalAcc=0.9162 F1=0.6953 MCC=0.6799
Epoch 001 val  : loss=0.0996 AUROC=0.9966 AUPRC=0.8485 BalAcc=0.9748 F1=0.3752 MCC=0.4690
  learning_rate_used=3.000e-04; learning_rate_next=2.999e-04; elapsed=66.2s
  saved new best checkpoint: /data/projects/SFB_A03/jan/AT_TFBS/human301/runs/SOX2/crossassay_archthalia_20261009_144503_1046783/GHTS_seed1/best_model.pt (objective=classification-auprc, score=0.848487)
  negatives seen=20.0%; hard negatives=0
Epoch 002 train: loss=0.2011 AUROC=0.9935 AUPRC=0.9482 BalAcc=0.9616 F1=0.8674 MCC=0.8566
Epoch 002 val  : loss=0.0418 AUROC=0.9974 AUPRC=0.9055 BalAcc=0.9779 F1=0.6241 MCC=0.6633
  learning_rate_used=2.999e-04; learning_rate_next=2.997e-04; elapsed=64.9s
  saved new best checkpoint: /data/projects/SFB_A03/jan/AT_TFBS/human301/runs/SOX2/crossassay_archthalia_20261009_144503_1046783/GHTS_seed1/best_model.pt (objective=classification-auprc, score=0.905532)
  negatives seen=30.0%; hard negatives=0
Epoch 003 train: loss=0.1569 AUROC=0.9960 AUPRC=0.9678 BalAcc=0.9719 F1=0.9023 MCC=0.8939
Epoch 003 val  : loss=0.0591 AUROC=0.9981 AUPRC=0.9185 BalAcc=0.9844 F1=0.5261 MCC=0.5894
  learning_rate_used=2.997e-04; learning_rate_next=2.993e-04; elapsed=66.6s
  saved new best checkpoint: /data/projects/SFB_A03/jan/AT_TFBS/human301/runs/SOX2/crossassay_archthalia_20261009_144503_1046783/GHTS_seed1/best_model.pt (objective=classification-auprc, score=0.918498)
  negatives seen=40.0%; hard negatives=0
Epoch 004 train: loss=0.1413 AUROC=0.9966 AUPRC=0.9714 BalAcc=0.9735 F1=0.9091 MCC=0.9011
Epoch 004 val  : loss=0.0354 AUROC=0.9979 AUPRC=0.9048 BalAcc=0.9629 F1=0.7918 MCC=0.7985
  learning_rate_used=2.993e-04; learning_rate_next=2.988e-04; elapsed=64.9s
  negatives seen=50.0%; hard negatives=0
Epoch 005 train: loss=0.1277 AUROC=0.9971 AUPRC=0.9761 BalAcc=0.9781 F1=0.9245 MCC=0.9178
Epoch 005 val  : loss=0.0284 AUROC=0.9984 AUPRC=0.9252 BalAcc=0.9707 F1=0.8244 MCC=0.8294
  learning_rate_used=2.988e-04; learning_rate_next=2.982e-04; elapsed=65.4s
  saved new best checkpoint: /data/projects/SFB_A03/jan/AT_TFBS/human301/runs/SOX2/crossassay_archthalia_20261009_144503_1046783/GHTS_seed1/best_model.pt (objective=classification-auprc, score=0.925225)
  negatives seen=60.0%; hard negatives=0
Epoch 006 train: loss=0.1210 AUROC=0.9975 AUPRC=0.9783 BalAcc=0.9780 F1=0.9270 MCC=0.9203
Epoch 006 val  : loss=0.0313 AUROC=0.9985 AUPRC=0.9244 BalAcc=0.9810 F1=0.7182 MCC=0.7406
  learning_rate_used=2.982e-04; learning_rate_next=2.974e-04; elapsed=65.4s
  negatives seen=70.0%; hard negatives=0
Epoch 007 train: loss=0.1124 AUROC=0.9976 AUPRC=0.9799 BalAcc=0.9815 F1=0.9355 MCC=0.9297
Epoch 007 val  : loss=0.0354 AUROC=0.9981 AUPRC=0.9268 BalAcc=0.9841 F1=0.6825 MCC=0.7124
  learning_rate_used=2.974e-04; learning_rate_next=2.964e-04; elapsed=65.9s
  saved new best checkpoint: /data/projects/SFB_A03/jan/AT_TFBS/human301/runs/SOX2/crossassay_archthalia_20261009_144503_1046783/GHTS_seed1/best_model.pt (objective=classification-auprc, score=0.926772)
  negatives seen=80.0%; hard negatives=0
Epoch 008 train: loss=0.1080 AUROC=0.9977 AUPRC=0.9819 BalAcc=0.9818 F1=0.9380 MCC=0.9323
Epoch 008 val  : loss=0.0282 AUROC=0.9986 AUPRC=0.9349 BalAcc=0.9835 F1=0.7406 MCC=0.7600
  learning_rate_used=2.964e-04; learning_rate_next=2.953e-04; elapsed=65.5s
  saved new best checkpoint: /data/projects/SFB_A03/jan/AT_TFBS/human301/runs/SOX2/crossassay_archthalia_20261009_144503_1046783/GHTS_seed1/best_model.pt (objective=classification-auprc, score=0.934872)
  negatives seen=90.0%; hard negatives=0
Epoch 009 train: loss=0.0995 AUROC=0.9982 AUPRC=0.9856 BalAcc=0.9827 F1=0.9414 MCC=0.9360
Epoch 009 val  : loss=0.0318 AUROC=0.9986 AUPRC=0.9372 BalAcc=0.9853 F1=0.6876 MCC=0.7169
  learning_rate_used=2.953e-04; learning_rate_next=2.941e-04; elapsed=65.1s
  saved new best checkpoint: /data/projects/SFB_A03/jan/AT_TFBS/human301/runs/SOX2/crossassay_archthalia_20261009_144503_1046783/GHTS_seed1/best_model.pt (objective=classification-auprc, score=0.937233)
  negatives seen=100.0%; hard negatives=0
Epoch 010 train: loss=0.0962 AUROC=0.9983 AUPRC=0.9846 BalAcc=0.9835 F1=0.9405 MCC=0.9351
Epoch 010 val  : loss=0.0480 AUROC=0.9982 AUPRC=0.9167 BalAcc=0.9841 F1=0.5821 MCC=0.6327
  learning_rate_used=2.941e-04; learning_rate_next=2.927e-04; elapsed=66.1s
  negatives seen=100.0%; hard negatives=0
Epoch 011 train: loss=0.0920 AUROC=0.9982 AUPRC=0.9864 BalAcc=0.9844 F1=0.9445 MCC=0.9394
Epoch 011 val  : loss=0.0375 AUROC=0.9984 AUPRC=0.9391 BalAcc=0.9842 F1=0.6544 MCC=0.6898
  learning_rate_used=2.927e-04; learning_rate_next=2.912e-04; elapsed=66.0s
  saved new best checkpoint: /data/projects/SFB_A03/jan/AT_TFBS/human301/runs/SOX2/crossassay_archthalia_20261009_144503_1046783/GHTS_seed1/best_model.pt (objective=classification-auprc, score=0.939099)
  negatives seen=100.0%; hard negatives=0
Epoch 012 train: loss=0.0929 AUROC=0.9984 AUPRC=0.9860 BalAcc=0.9840 F1=0.9459 MCC=0.9409
Epoch 012 val  : loss=0.0694 AUROC=0.9983 AUPRC=0.9314 BalAcc=0.9827 F1=0.4737 MCC=0.5483
  learning_rate_used=2.912e-04; learning_rate_next=2.895e-04; elapsed=65.1s
  negatives seen=100.0%; hard negatives=0
Epoch 013 train: loss=0.0826 AUROC=0.9987 AUPRC=0.9883 BalAcc=0.9858 F1=0.9472 MCC=0.9424
Epoch 013 val  : loss=0.0423 AUROC=0.9980 AUPRC=0.8947 BalAcc=0.9826 F1=0.6177 MCC=0.6601
  learning_rate_used=2.895e-04; learning_rate_next=2.877e-04; elapsed=65.8s
  negatives seen=100.0%; hard negatives=0
Epoch 014 train: loss=0.0833 AUROC=0.9986 AUPRC=0.9867 BalAcc=0.9857 F1=0.9486 MCC=0.9438
Epoch 014 val  : loss=0.0588 AUROC=0.9983 AUPRC=0.9372 BalAcc=0.9838 F1=0.5104 MCC=0.5771
  learning_rate_used=2.877e-04; learning_rate_next=2.858e-04; elapsed=66.2s
  negatives seen=100.0%; hard negatives=0
Epoch 015 train: loss=0.0813 AUROC=0.9986 AUPRC=0.9866 BalAcc=0.9868 F1=0.9493 MCC=0.9447
Epoch 015 val  : loss=0.0375 AUROC=0.9987 AUPRC=0.9414 BalAcc=0.9862 F1=0.6347 MCC=0.6748
  learning_rate_used=2.858e-04; learning_rate_next=2.837e-04; elapsed=66.0s
  saved new best checkpoint: /data/projects/SFB_A03/jan/AT_TFBS/human301/runs/SOX2/crossassay_archthalia_20261009_144503_1046783/GHTS_seed1/best_model.pt (objective=classification-auprc, score=0.941438)
  negatives seen=100.0%; hard negatives=0
Epoch 016 train: loss=0.0728 AUROC=0.9990 AUPRC=0.9893 BalAcc=0.9869 F1=0.9516 MCC=0.9471
Epoch 016 val  : loss=0.0260 AUROC=0.9986 AUPRC=0.9420 BalAcc=0.9798 F1=0.7910 MCC=0.8019
  learning_rate_used=2.837e-04; learning_rate_next=2.815e-04; elapsed=65.6s
  saved new best checkpoint: /data/projects/SFB_A03/jan/AT_TFBS/human301/runs/SOX2/crossassay_archthalia_20261009_144503_1046783/GHTS_seed1/best_model.pt (objective=classification-auprc, score=0.942004)
  negatives seen=100.0%; hard negatives=0
Epoch 017 train: loss=0.0775 AUROC=0.9988 AUPRC=0.9877 BalAcc=0.9870 F1=0.9526 MCC=0.9482
Epoch 017 val  : loss=0.0264 AUROC=0.9983 AUPRC=0.9413 BalAcc=0.9758 F1=0.8076 MCC=0.8155
  learning_rate_used=2.815e-04; learning_rate_next=2.792e-04; elapsed=65.5s
  negatives seen=100.0%; hard negatives=0
Epoch 018 train: loss=0.0720 AUROC=0.9988 AUPRC=0.9887 BalAcc=0.9881 F1=0.9553 MCC=0.9512
Epoch 018 val  : loss=0.0312 AUROC=0.9981 AUPRC=0.9297 BalAcc=0.9798 F1=0.7503 MCC=0.7671
  learning_rate_used=2.792e-04; learning_rate_next=2.767e-04; elapsed=66.3s
  negatives seen=100.0%; hard negatives=0
Epoch 019 train: loss=0.0735 AUROC=0.9989 AUPRC=0.9901 BalAcc=0.9880 F1=0.9558 MCC=0.9517
Epoch 019 val  : loss=0.0346 AUROC=0.9984 AUPRC=0.9351 BalAcc=0.9833 F1=0.7106 MCC=0.7351
  learning_rate_used=2.767e-04; learning_rate_next=2.741e-04; elapsed=65.8s
  negatives seen=100.0%; hard negatives=0
Epoch 020 train: loss=0.0697 AUROC=0.9990 AUPRC=0.9907 BalAcc=0.9877 F1=0.9559 MCC=0.9517
Epoch 020 val  : loss=0.0278 AUROC=0.9986 AUPRC=0.9431 BalAcc=0.9841 F1=0.7526 MCC=0.7703
  learning_rate_used=2.741e-04; learning_rate_next=2.714e-04; elapsed=65.8s
  saved new best checkpoint: /data/projects/SFB_A03/jan/AT_TFBS/human301/runs/SOX2/crossassay_archthalia_20261009_144503_1046783/GHTS_seed1/best_model.pt (objective=classification-auprc, score=0.943111)
  negatives seen=100.0%; hard negatives=0
Epoch 021 train: loss=0.0667 AUROC=0.9992 AUPRC=0.9913 BalAcc=0.9883 F1=0.9565 MCC=0.9525
Epoch 021 val  : loss=0.0287 AUROC=0.9985 AUPRC=0.9336 BalAcc=0.9715 F1=0.8296 MCC=0.8342
  learning_rate_used=2.714e-04; learning_rate_next=2.686e-04; elapsed=65.3s
  negatives seen=100.0%; hard negatives=0
Epoch 022 train: loss=0.0630 AUROC=0.9991 AUPRC=0.9907 BalAcc=0.9897 F1=0.9624 MCC=0.9589
Epoch 022 val  : loss=0.0265 AUROC=0.9987 AUPRC=0.9436 BalAcc=0.9808 F1=0.7659 MCC=0.7806
  learning_rate_used=2.686e-04; learning_rate_next=2.657e-04; elapsed=66.3s
  saved new best checkpoint: /data/projects/SFB_A03/jan/AT_TFBS/human301/runs/SOX2/crossassay_archthalia_20261009_144503_1046783/GHTS_seed1/best_model.pt (objective=classification-auprc, score=0.943586)
  negatives seen=100.0%; hard negatives=0
Epoch 023 train: loss=0.0593 AUROC=0.9993 AUPRC=0.9924 BalAcc=0.9898 F1=0.9605 MCC=0.9568
Epoch 023 val  : loss=0.0279 AUROC=0.9985 AUPRC=0.9434 BalAcc=0.9756 F1=0.7965 MCC=0.8057
  learning_rate_used=2.657e-04; learning_rate_next=2.626e-04; elapsed=65.7s
  negatives seen=100.0%; hard negatives=0
Epoch 024 train: loss=0.0609 AUROC=0.9993 AUPRC=0.9919 BalAcc=0.9894 F1=0.9620 MCC=0.9584
Epoch 024 val  : loss=0.0295 AUROC=0.9985 AUPRC=0.9417 BalAcc=0.9831 F1=0.7556 MCC=0.7725
  learning_rate_used=2.626e-04; learning_rate_next=2.595e-04; elapsed=66.2s
  negatives seen=100.0%; hard negatives=0
Epoch 025 train: loss=0.0605 AUROC=0.9992 AUPRC=0.9909 BalAcc=0.9904 F1=0.9614 MCC=0.9578
Epoch 025 val  : loss=0.0320 AUROC=0.9983 AUPRC=0.9121 BalAcc=0.9660 F1=0.8387 MCC=0.8415
  learning_rate_used=2.595e-04; learning_rate_next=2.562e-04; elapsed=65.2s
  negatives seen=100.0%; hard negatives=0
Epoch 026 train: loss=0.0602 AUROC=0.9993 AUPRC=0.9915 BalAcc=0.9904 F1=0.9633 MCC=0.9598
Epoch 026 val  : loss=0.0323 AUROC=0.9984 AUPRC=0.9328 BalAcc=0.9829 F1=0.7085 MCC=0.7332
  learning_rate_used=2.562e-04; learning_rate_next=2.528e-04; elapsed=66.0s
  negatives seen=100.0%; hard negatives=0
Epoch 027 train: loss=0.0536 AUROC=0.9993 AUPRC=0.9921 BalAcc=0.9911 F1=0.9651 MCC=0.9618
Epoch 027 val  : loss=0.0268 AUROC=0.9986 AUPRC=0.9410 BalAcc=0.9793 F1=0.8056 MCC=0.8145
  learning_rate_used=2.528e-04; learning_rate_next=2.494e-04; elapsed=65.3s
  negatives seen=100.0%; hard negatives=0
Epoch 028 train: loss=0.0536 AUROC=0.9994 AUPRC=0.9926 BalAcc=0.9903 F1=0.9650 MCC=0.9617
Epoch 028 val  : loss=0.0316 AUROC=0.9985 AUPRC=0.9405 BalAcc=0.9814 F1=0.7642 MCC=0.7794
  learning_rate_used=2.494e-04; learning_rate_next=2.458e-04; elapsed=64.6s
  negatives seen=100.0%; hard negatives=0
Epoch 029 train: loss=0.0517 AUROC=0.9994 AUPRC=0.9928 BalAcc=0.9916 F1=0.9659 MCC=0.9628
Epoch 029 val  : loss=0.0273 AUROC=0.9984 AUPRC=0.9216 BalAcc=0.9768 F1=0.8070 MCC=0.8152
  learning_rate_used=2.458e-04; learning_rate_next=2.421e-04; elapsed=66.0s
  negatives seen=100.0%; hard negatives=0
Epoch 030 train: loss=0.0472 AUROC=0.9994 AUPRC=0.9932 BalAcc=0.9917 F1=0.9661 MCC=0.9630
Epoch 030 val  : loss=0.0283 AUROC=0.9984 AUPRC=0.9394 BalAcc=0.9777 F1=0.8163 MCC=0.8236
  learning_rate_used=2.421e-04; learning_rate_next=2.384e-04; elapsed=65.7s
  negatives seen=100.0%; hard negatives=0
Epoch 031 train: loss=0.0488 AUROC=0.9993 AUPRC=0.9922 BalAcc=0.9918 F1=0.9670 MCC=0.9639
Epoch 031 val  : loss=0.0276 AUROC=0.9987 AUPRC=0.9444 BalAcc=0.9771 F1=0.8287 MCC=0.8345
  learning_rate_used=2.384e-04; learning_rate_next=2.345e-04; elapsed=66.3s
  saved new best checkpoint: /data/projects/SFB_A03/jan/AT_TFBS/human301/runs/SOX2/crossassay_archthalia_20261009_144503_1046783/GHTS_seed1/best_model.pt (objective=classification-auprc, score=0.944352)
  negatives seen=100.0%; hard negatives=0
Epoch 032 train: loss=0.0490 AUROC=0.9993 AUPRC=0.9923 BalAcc=0.9927 F1=0.9682 MCC=0.9652
Epoch 032 val  : loss=0.0274 AUROC=0.9985 AUPRC=0.9403 BalAcc=0.9799 F1=0.8220 MCC=0.8291
  learning_rate_used=2.345e-04; learning_rate_next=2.306e-04; elapsed=65.6s
  negatives seen=100.0%; hard negatives=0
Epoch 033 train: loss=0.0419 AUROC=0.9996 AUPRC=0.9952 BalAcc=0.9932 F1=0.9736 MCC=0.9711
Epoch 033 val  : loss=0.0309 AUROC=0.9983 AUPRC=0.9387 BalAcc=0.9794 F1=0.7888 MCC=0.7999
  learning_rate_used=2.306e-04; learning_rate_next=2.266e-04; elapsed=65.5s
  negatives seen=100.0%; hard negatives=0
Epoch 034 train: loss=0.0429 AUROC=0.9995 AUPRC=0.9945 BalAcc=0.9924 F1=0.9700 MCC=0.9671
Epoch 034 val  : loss=0.0266 AUROC=0.9986 AUPRC=0.9424 BalAcc=0.9793 F1=0.8105 MCC=0.8188
  learning_rate_used=2.266e-04; learning_rate_next=2.225e-04; elapsed=65.2s
  negatives seen=100.0%; hard negatives=0
Epoch 035 train: loss=0.0481 AUROC=0.9995 AUPRC=0.9935 BalAcc=0.9921 F1=0.9700 MCC=0.9672
Epoch 035 val  : loss=0.0309 AUROC=0.9986 AUPRC=0.9369 BalAcc=0.9793 F1=0.8059 MCC=0.8148
  learning_rate_used=2.225e-04; learning_rate_next=2.184e-04; elapsed=65.6s
  negatives seen=100.0%; hard negatives=0
Epoch 036 train: loss=0.0466 AUROC=0.9995 AUPRC=0.9942 BalAcc=0.9925 F1=0.9714 MCC=0.9687
Epoch 036 val  : loss=0.0268 AUROC=0.9986 AUPRC=0.9419 BalAcc=0.9786 F1=0.8085 MCC=0.8170
  learning_rate_used=2.184e-04; learning_rate_next=2.142e-04; elapsed=65.0s
  negatives seen=100.0%; hard negatives=0
Epoch 037 train: loss=0.0383 AUROC=0.9996 AUPRC=0.9956 BalAcc=0.9936 F1=0.9745 MCC=0.9720
Epoch 037 val  : loss=0.0288 AUROC=0.9988 AUPRC=0.9433 BalAcc=0.9764 F1=0.8025 MCC=0.8111
  learning_rate_used=2.142e-04; learning_rate_next=2.099e-04; elapsed=66.0s
  negatives seen=100.0%; hard negatives=0
Epoch 038 train: loss=0.0428 AUROC=0.9996 AUPRC=0.9960 BalAcc=0.9926 F1=0.9721 MCC=0.9694
Epoch 038 val  : loss=0.0268 AUROC=0.9987 AUPRC=0.9440 BalAcc=0.9819 F1=0.7724 MCC=0.7865
  learning_rate_used=2.099e-04; learning_rate_next=2.055e-04; elapsed=66.1s
  negatives seen=100.0%; hard negatives=0
Epoch 039 train: loss=0.0397 AUROC=0.9995 AUPRC=0.9944 BalAcc=0.9937 F1=0.9718 MCC=0.9691
Epoch 039 val  : loss=0.0282 AUROC=0.9987 AUPRC=0.9445 BalAcc=0.9791 F1=0.8150 MCC=0.8228
  learning_rate_used=2.055e-04; learning_rate_next=2.011e-04; elapsed=65.3s
  saved new best checkpoint: /data/projects/SFB_A03/jan/AT_TFBS/human301/runs/SOX2/crossassay_archthalia_20261009_144503_1046783/GHTS_seed1/best_model.pt (objective=classification-auprc, score=0.944532)
  negatives seen=100.0%; hard negatives=0
Epoch 040 train: loss=0.0394 AUROC=0.9996 AUPRC=0.9962 BalAcc=0.9942 F1=0.9773 MCC=0.9752
Epoch 040 val  : loss=0.0261 AUROC=0.9989 AUPRC=0.9444 BalAcc=0.9767 F1=0.8248 MCC=0.8309
  learning_rate_used=2.011e-04; learning_rate_next=1.967e-04; elapsed=66.5s
  negatives seen=100.0%; hard negatives=0
Epoch 041 train: loss=0.0383 AUROC=0.9995 AUPRC=0.9945 BalAcc=0.9945 F1=0.9755 MCC=0.9732
Epoch 041 val  : loss=0.0299 AUROC=0.9987 AUPRC=0.9395 BalAcc=0.9808 F1=0.7703 MCC=0.7843
  learning_rate_used=1.967e-04; learning_rate_next=1.922e-04; elapsed=66.4s
  negatives seen=100.0%; hard negatives=0
Epoch 042 train: loss=0.0357 AUROC=0.9996 AUPRC=0.9949 BalAcc=0.9939 F1=0.9771 MCC=0.9749
Epoch 042 val  : loss=0.0261 AUROC=0.9988 AUPRC=0.9442 BalAcc=0.9815 F1=0.7872 MCC=0.7991
  learning_rate_used=1.922e-04; learning_rate_next=1.877e-04; elapsed=65.9s
  negatives seen=100.0%; hard negatives=0
Epoch 043 train: loss=0.0344 AUROC=0.9996 AUPRC=0.9950 BalAcc=0.9938 F1=0.9756 MCC=0.9733
Epoch 043 val  : loss=0.0287 AUROC=0.9988 AUPRC=0.9449 BalAcc=0.9754 F1=0.8277 MCC=0.8332
  learning_rate_used=1.877e-04; learning_rate_next=1.831e-04; elapsed=65.6s
  saved new best checkpoint: /data/projects/SFB_A03/jan/AT_TFBS/human301/runs/SOX2/crossassay_archthalia_20261009_144503_1046783/GHTS_seed1/best_model.pt (objective=classification-auprc, score=0.944905)
  negatives seen=100.0%; hard negatives=0
Epoch 044 train: loss=0.0326 AUROC=0.9997 AUPRC=0.9964 BalAcc=0.9943 F1=0.9786 MCC=0.9765
Epoch 044 val  : loss=0.0324 AUROC=0.9986 AUPRC=0.9474 BalAcc=0.9844 F1=0.7736 MCC=0.7881
  learning_rate_used=1.831e-04; learning_rate_next=1.785e-04; elapsed=65.5s
  saved new best checkpoint: /data/projects/SFB_A03/jan/AT_TFBS/human301/runs/SOX2/crossassay_archthalia_20261009_144503_1046783/GHTS_seed1/best_model.pt (objective=classification-auprc, score=0.947450)
  negatives seen=100.0%; hard negatives=0
Epoch 045 train: loss=0.0358 AUROC=0.9996 AUPRC=0.9953 BalAcc=0.9946 F1=0.9770 MCC=0.9749
Epoch 045 val  : loss=0.0314 AUROC=0.9984 AUPRC=0.9385 BalAcc=0.9721 F1=0.8466 MCC=0.8498
  learning_rate_used=1.785e-04; learning_rate_next=1.739e-04; elapsed=66.2s
  negatives seen=100.0%; hard negatives=0
Epoch 046 train: loss=0.0353 AUROC=0.9997 AUPRC=0.9962 BalAcc=0.9936 F1=0.9764 MCC=0.9741
Epoch 046 val  : loss=0.0326 AUROC=0.9985 AUPRC=0.9431 BalAcc=0.9721 F1=0.8477 MCC=0.8508
  learning_rate_used=1.739e-04; learning_rate_next=1.692e-04; elapsed=65.2s
  negatives seen=100.0%; hard negatives=0
Epoch 047 train: loss=0.0308 AUROC=0.9996 AUPRC=0.9951 BalAcc=0.9958 F1=0.9780 MCC=0.9760
Epoch 047 val  : loss=0.0313 AUROC=0.9987 AUPRC=0.9402 BalAcc=0.9717 F1=0.8420 MCC=0.8455
  learning_rate_used=1.692e-04; learning_rate_next=1.646e-04; elapsed=65.1s
  negatives seen=100.0%; hard negatives=0
Epoch 048 train: loss=0.0301 AUROC=0.9997 AUPRC=0.9963 BalAcc=0.9951 F1=0.9785 MCC=0.9765
Epoch 048 val  : loss=0.0303 AUROC=0.9983 AUPRC=0.9400 BalAcc=0.9665 F1=0.8519 MCC=0.8538
  learning_rate_used=1.646e-04; learning_rate_next=1.599e-04; elapsed=65.6s
  negatives seen=100.0%; hard negatives=0
Epoch 049 train: loss=0.0339 AUROC=0.9996 AUPRC=0.9956 BalAcc=0.9948 F1=0.9773 MCC=0.9751
Epoch 049 val  : loss=0.0274 AUROC=0.9988 AUPRC=0.9466 BalAcc=0.9751 F1=0.8366 MCC=0.8413
  learning_rate_used=1.599e-04; learning_rate_next=1.552e-04; elapsed=65.6s
  negatives seen=100.0%; hard negatives=0
Epoch 050 train: loss=0.0263 AUROC=0.9997 AUPRC=0.9968 BalAcc=0.9961 F1=0.9809 MCC=0.9791
Epoch 050 val  : loss=0.0329 AUROC=0.9986 AUPRC=0.9447 BalAcc=0.9766 F1=0.8436 MCC=0.8479
  learning_rate_used=1.552e-04; learning_rate_next=1.505e-04; elapsed=64.9s
  negatives seen=100.0%; hard negatives=0
Epoch 051 train: loss=0.0246 AUROC=0.9998 AUPRC=0.9975 BalAcc=0.9965 F1=0.9852 MCC=0.9838
Epoch 051 val  : loss=0.0358 AUROC=0.9984 AUPRC=0.9467 BalAcc=0.9809 F1=0.8225 MCC=0.8299
  learning_rate_used=1.505e-04; learning_rate_next=1.458e-04; elapsed=64.8s
  negatives seen=100.0%; hard negatives=0
Epoch 052 train: loss=0.0282 AUROC=0.9997 AUPRC=0.9968 BalAcc=0.9954 F1=0.9815 MCC=0.9797
Epoch 052 val  : loss=0.0316 AUROC=0.9986 AUPRC=0.9419 BalAcc=0.9735 F1=0.8495 MCC=0.8527
  learning_rate_used=1.458e-04; learning_rate_next=1.411e-04; elapsed=65.4s
  negatives seen=100.0%; hard negatives=0
Epoch 053 train: loss=0.0251 AUROC=0.9998 AUPRC=0.9974 BalAcc=0.9960 F1=0.9835 MCC=0.9820
Epoch 053 val  : loss=0.0330 AUROC=0.9987 AUPRC=0.9430 BalAcc=0.9683 F1=0.8557 MCC=0.8576
  learning_rate_used=1.411e-04; learning_rate_next=1.364e-04; elapsed=66.6s
  negatives seen=100.0%; hard negatives=0
Epoch 054 train: loss=0.0271 AUROC=0.9997 AUPRC=0.9963 BalAcc=0.9955 F1=0.9795 MCC=0.9776
Epoch 054 val  : loss=0.0356 AUROC=0.9985 AUPRC=0.9394 BalAcc=0.9734 F1=0.8366 MCC=0.8409
  learning_rate_used=1.364e-04; learning_rate_next=1.318e-04; elapsed=65.7s
  negatives seen=100.0%; hard negatives=0
Epoch 055 train: loss=0.0280 AUROC=0.9998 AUPRC=0.9973 BalAcc=0.9951 F1=0.9827 MCC=0.9810
Epoch 055 val  : loss=0.0340 AUROC=0.9987 AUPRC=0.9422 BalAcc=0.9685 F1=0.8645 MCC=0.8658
  learning_rate_used=1.318e-04; learning_rate_next=1.271e-04; elapsed=65.2s
  negatives seen=100.0%; hard negatives=0
Epoch 056 train: loss=0.0257 AUROC=0.9997 AUPRC=0.9968 BalAcc=0.9955 F1=0.9815 MCC=0.9797
Epoch 056 val  : loss=0.0339 AUROC=0.9987 AUPRC=0.9409 BalAcc=0.9723 F1=0.8358 MCC=0.8400
  learning_rate_used=1.271e-04; learning_rate_next=1.225e-04; elapsed=65.2s
  negatives seen=100.0%; hard negatives=0
Epoch 057 train: loss=0.0230 AUROC=0.9998 AUPRC=0.9979 BalAcc=0.9963 F1=0.9850 MCC=0.9835
Epoch 057 val  : loss=0.0349 AUROC=0.9987 AUPRC=0.9456 BalAcc=0.9718 F1=0.8490 MCC=0.8519
  learning_rate_used=1.225e-04; learning_rate_next=1.179e-04; elapsed=65.3s
  negatives seen=100.0%; hard negatives=0
Epoch 058 train: loss=0.0224 AUROC=0.9997 AUPRC=0.9958 BalAcc=0.9973 F1=0.9844 MCC=0.9829
Epoch 058 val  : loss=0.0310 AUROC=0.9986 AUPRC=0.9441 BalAcc=0.9777 F1=0.8178 MCC=0.8249
  learning_rate_used=1.179e-04; learning_rate_next=1.133e-04; elapsed=64.9s
  negatives seen=100.0%; hard negatives=0
Epoch 059 train: loss=0.0262 AUROC=0.9998 AUPRC=0.9971 BalAcc=0.9957 F1=0.9832 MCC=0.9816
Epoch 059 val  : loss=0.0334 AUROC=0.9985 AUPRC=0.9418 BalAcc=0.9730 F1=0.8357 MCC=0.8401
  learning_rate_used=1.133e-04; learning_rate_next=1.088e-04; elapsed=65.9s
  negatives seen=100.0%; hard negatives=0
Epoch 060 train: loss=0.0209 AUROC=0.9997 AUPRC=0.9969 BalAcc=0.9969 F1=0.9840 MCC=0.9825
Epoch 060 val  : loss=0.0328 AUROC=0.9987 AUPRC=0.9478 BalAcc=0.9787 F1=0.8161 MCC=0.8237
  learning_rate_used=1.088e-04; learning_rate_next=1.043e-04; elapsed=64.4s
  saved new best checkpoint: /data/projects/SFB_A03/jan/AT_TFBS/human301/runs/SOX2/crossassay_archthalia_20261009_144503_1046783/GHTS_seed1/best_model.pt (objective=classification-auprc, score=0.947801)
  negatives seen=100.0%; hard negatives=0
Epoch 061 train: loss=0.0184 AUROC=0.9999 AUPRC=0.9984 BalAcc=0.9970 F1=0.9867 MCC=0.9854
Epoch 061 val  : loss=0.0379 AUROC=0.9985 AUPRC=0.9429 BalAcc=0.9728 F1=0.8431 MCC=0.8467
  learning_rate_used=1.043e-04; learning_rate_next=9.986e-05; elapsed=64.7s
  negatives seen=100.0%; hard negatives=0
Epoch 062 train: loss=0.0240 AUROC=0.9998 AUPRC=0.9971 BalAcc=0.9962 F1=0.9846 MCC=0.9831
Epoch 062 val  : loss=0.0469 AUROC=0.9986 AUPRC=0.9394 BalAcc=0.9503 F1=0.8770 MCC=0.8761
  learning_rate_used=9.986e-05; learning_rate_next=9.547e-05; elapsed=64.5s
  negatives seen=100.0%; hard negatives=0
Epoch 063 train: loss=0.0202 AUROC=0.9998 AUPRC=0.9970 BalAcc=0.9973 F1=0.9855 MCC=0.9842
Epoch 063 val  : loss=0.0397 AUROC=0.9987 AUPRC=0.9426 BalAcc=0.9709 F1=0.8597 MCC=0.8618
  learning_rate_used=9.547e-05; learning_rate_next=9.113e-05; elapsed=64.1s
  negatives seen=100.0%; hard negatives=0
Epoch 064 train: loss=0.0222 AUROC=0.9998 AUPRC=0.9974 BalAcc=0.9967 F1=0.9867 MCC=0.9854
Epoch 064 val  : loss=0.0419 AUROC=0.9986 AUPRC=0.9407 BalAcc=0.9664 F1=0.8723 MCC=0.8729
  learning_rate_used=9.113e-05; learning_rate_next=8.685e-05; elapsed=65.6s
  negatives seen=100.0%; hard negatives=0
Epoch 065 train: loss=0.0190 AUROC=0.9998 AUPRC=0.9975 BalAcc=0.9971 F1=0.9863 MCC=0.9849
Epoch 065 val  : loss=0.0357 AUROC=0.9986 AUPRC=0.9407 BalAcc=0.9752 F1=0.8377 MCC=0.8422
  learning_rate_used=8.685e-05; learning_rate_next=8.263e-05; elapsed=65.2s
  negatives seen=100.0%; hard negatives=0
Epoch 066 train: loss=0.0162 AUROC=0.9998 AUPRC=0.9980 BalAcc=0.9973 F1=0.9863 MCC=0.9849
Epoch 066 val  : loss=0.0380 AUROC=0.9987 AUPRC=0.9416 BalAcc=0.9682 F1=0.8486 MCC=0.8510
  learning_rate_used=8.263e-05; learning_rate_next=7.848e-05; elapsed=64.9s
  negatives seen=100.0%; hard negatives=0
Epoch 067 train: loss=0.0185 AUROC=0.9998 AUPRC=0.9973 BalAcc=0.9974 F1=0.9863 MCC=0.9849
Epoch 067 val  : loss=0.0480 AUROC=0.9985 AUPRC=0.9388 BalAcc=0.9565 F1=0.8713 MCC=0.8710
  learning_rate_used=7.848e-05; learning_rate_next=7.440e-05; elapsed=64.6s
  negatives seen=100.0%; hard negatives=0
Epoch 068 train: loss=0.0176 AUROC=0.9998 AUPRC=0.9976 BalAcc=0.9979 F1=0.9882 MCC=0.9871
Epoch 068 val  : loss=0.0445 AUROC=0.9986 AUPRC=0.9409 BalAcc=0.9642 F1=0.8648 MCC=0.8656
  learning_rate_used=7.440e-05; learning_rate_next=7.039e-05; elapsed=64.6s
  negatives seen=100.0%; hard negatives=0
Epoch 069 train: loss=0.0145 AUROC=0.9998 AUPRC=0.9981 BalAcc=0.9978 F1=0.9897 MCC=0.9887
Epoch 069 val  : loss=0.0426 AUROC=0.9985 AUPRC=0.9406 BalAcc=0.9676 F1=0.8533 MCC=0.8553
  learning_rate_used=7.039e-05; learning_rate_next=6.647e-05; elapsed=65.0s
  negatives seen=100.0%; hard negatives=0
Epoch 070 train: loss=0.0191 AUROC=0.9998 AUPRC=0.9982 BalAcc=0.9974 F1=0.9869 MCC=0.9856
Epoch 070 val  : loss=0.0392 AUROC=0.9986 AUPRC=0.9428 BalAcc=0.9728 F1=0.8498 MCC=0.8529
  learning_rate_used=6.647e-05; learning_rate_next=6.263e-05; elapsed=64.8s
  negatives seen=100.0%; hard negatives=0
Epoch 071 train: loss=0.0174 AUROC=0.9998 AUPRC=0.9982 BalAcc=0.9974 F1=0.9888 MCC=0.9878
Epoch 071 val  : loss=0.0430 AUROC=0.9985 AUPRC=0.9397 BalAcc=0.9666 F1=0.8595 MCC=0.8609
  learning_rate_used=6.263e-05; learning_rate_next=5.887e-05; elapsed=64.9s
  negatives seen=100.0%; hard negatives=0
Epoch 072 train: loss=0.0129 AUROC=0.9999 AUPRC=0.9989 BalAcc=0.9979 F1=0.9902 MCC=0.9893
Epoch 072 val  : loss=0.0476 AUROC=0.9986 AUPRC=0.9409 BalAcc=0.9601 F1=0.8731 MCC=0.8730
  learning_rate_used=5.887e-05; learning_rate_next=5.521e-05; elapsed=65.3s
  negatives seen=100.0%; hard negatives=0
Epoch 073 train: loss=0.0150 AUROC=0.9999 AUPRC=0.9988 BalAcc=0.9980 F1=0.9901 MCC=0.9891
Epoch 073 val  : loss=0.0438 AUROC=0.9986 AUPRC=0.9425 BalAcc=0.9625 F1=0.8702 MCC=0.8705
  learning_rate_used=5.521e-05; learning_rate_next=5.163e-05; elapsed=65.3s
  negatives seen=100.0%; hard negatives=0
Epoch 074 train: loss=0.0135 AUROC=0.9999 AUPRC=0.9986 BalAcc=0.9980 F1=0.9903 MCC=0.9894
Epoch 074 val  : loss=0.0439 AUROC=0.9985 AUPRC=0.9409 BalAcc=0.9646 F1=0.8641 MCC=0.8649
  learning_rate_used=5.163e-05; learning_rate_next=4.816e-05; elapsed=64.6s
  negatives seen=100.0%; hard negatives=0
Epoch 075 train: loss=0.0163 AUROC=0.9998 AUPRC=0.9977 BalAcc=0.9979 F1=0.9898 MCC=0.9888
Epoch 075 val  : loss=0.0482 AUROC=0.9986 AUPRC=0.9410 BalAcc=0.9598 F1=0.8784 MCC=0.8781
  learning_rate_used=4.816e-05; learning_rate_next=4.479e-05; elapsed=64.3s
  negatives seen=100.0%; hard negatives=0
Epoch 076 train: loss=0.0125 AUROC=0.9999 AUPRC=0.9989 BalAcc=0.9984 F1=0.9914 MCC=0.9905
Epoch 076 val  : loss=0.0445 AUROC=0.9987 AUPRC=0.9402 BalAcc=0.9562 F1=0.8692 MCC=0.8689
  learning_rate_used=4.479e-05; learning_rate_next=4.152e-05; elapsed=65.9s
  negatives seen=100.0%; hard negatives=0
Epoch 077 train: loss=0.0126 AUROC=0.9999 AUPRC=0.9985 BalAcc=0.9981 F1=0.9906 MCC=0.9897
Epoch 077 val  : loss=0.0479 AUROC=0.9987 AUPRC=0.9397 BalAcc=0.9537 F1=0.8730 MCC=0.8724
  learning_rate_used=4.152e-05; learning_rate_next=3.836e-05; elapsed=64.2s
  negatives seen=100.0%; hard negatives=0
Epoch 078 train: loss=0.0125 AUROC=0.9999 AUPRC=0.9982 BalAcc=0.9987 F1=0.9914 MCC=0.9905
Epoch 078 val  : loss=0.0469 AUROC=0.9987 AUPRC=0.9418 BalAcc=0.9643 F1=0.8680 MCC=0.8686
  learning_rate_used=3.836e-05; learning_rate_next=3.531e-05; elapsed=65.0s
  negatives seen=100.0%; hard negatives=0
Epoch 079 train: loss=0.0128 AUROC=0.9999 AUPRC=0.9992 BalAcc=0.9982 F1=0.9921 MCC=0.9913
Epoch 079 val  : loss=0.0468 AUROC=0.9987 AUPRC=0.9411 BalAcc=0.9625 F1=0.8690 MCC=0.8694
  learning_rate_used=3.531e-05; learning_rate_next=3.237e-05; elapsed=65.2s
  negatives seen=100.0%; hard negatives=0
Epoch 080 train: loss=0.0108 AUROC=0.9999 AUPRC=0.9984 BalAcc=0.9985 F1=0.9904 MCC=0.9895
Epoch 080 val  : loss=0.0514 AUROC=0.9987 AUPRC=0.9405 BalAcc=0.9569 F1=0.8738 MCC=0.8734
  learning_rate_used=3.237e-05; learning_rate_next=2.955e-05; elapsed=65.7s
Early stopping after 80 epochs.
Binary threshold: 0.966312 (strategy=val-mcc, validation_score=0.895069)
Validation-only run completed; frozen model: /data/projects/SFB_A03/jan/AT_TFBS/human301/runs/SOX2/crossassay_archthalia_20261009_144503_1046783/GHTS_seed1/model_for_prediction.pt
SOX2: GHTS -> GHTS
TEST SOX2 GHTS -> GHTS: loss=0.0288 AUROC=0.9988 AUPRC=0.9466 BalAcc=0.9529 F1=0.8901 MCC=0.8892
SOX2: GHTS -> CHIP
TEST SOX2 GHTS -> CHIP: loss=1.1893 AUROC=0.7440 AUPRC=0.0565 BalAcc=0.5127 F1=0.0464 MCC=0.0671
Completed SOX2/GHTS: one model, both fixed test sets.
