TF=FOSL2 train=GHTS seed=1 model=hum301_motif64_local.py
/home/jbossenz/miniforge3/envs/at_env/bin/python -u /data/projects/SFB_A03/jan/AT_TFBS/human301/hum301_motif64_local.py train --cache /data/projects/SFB_A03/jan/AT_TFBS/raw_data/human/ArchThalia-ML/FOSL2/GHTS/dataset.npz --output-dir /data/projects/SFB_A03/jan/AT_TFBS/human301/runs/FOSL2/crossassay_archthalia_20261009_144503_1046783/GHTS_seed1 --input-length 256 --embed-channels 64 --encoder-channels 80 96 128 --heads 4 --ffn-channels 256 --classification-readout local-logsumexp --task-mode classification --checkpoint-objective classification-auprc --threshold-strategy val-mcc --negatives-per-positive 10 --batch-size 88 --hard-negative-fraction 0 --epochs 100 --patience 20 --learning-rate 0.0003 --min-learning-rate 0.000001 --weight-decay 0.0001 --dropout 0.1 --activation relu --reverse-complement-probability 0.5 --eval-crops multi --eval-rc --no-balanced-evaluation --eval-batch-size 128 --num-workers 2 --seed 1 --device cuda --skip-test
Window geometry: 256 bp from 301 bp; crop starts 0..45; shifts -22..+23; fresh uniform draw per access
Evaluation: crops (0, 22, 23, 45), reverse complement=True; all samples
train: n=388,244, positive=3,844, negative=384,400
  val: n=111,302, positive=1,102, negative=110,200
 test: n=457,732, positive=4,532, negative=453,200
Device: cuda
Hidden activation: RELU
Parameters: 1,032,981 total; 1,032,981 trainable
Architecture: motif kernels 9/12; encoder 128/64/64; original five-block bottleneck at 64; decoder 64/128/256
  negatives seen=10.0%; hard negatives=0
Epoch 001 train: loss=0.2575 AUROC=0.9891 AUPRC=0.9409 BalAcc=0.9523 F1=0.8272 MCC=0.8147
Epoch 001 val  : loss=0.0248 AUROC=0.9987 AUPRC=0.9468 BalAcc=0.9891 F1=0.7776 MCC=0.7929
  learning_rate_used=3.000e-04; learning_rate_next=2.999e-04; elapsed=55.1s
  saved new best checkpoint: /data/projects/SFB_A03/jan/AT_TFBS/human301/runs/FOSL2/crossassay_archthalia_20261009_144503_1046783/GHTS_seed1/best_model.pt (objective=classification-auprc, score=0.946756)
  negatives seen=20.0%; hard negatives=0
Epoch 002 train: loss=0.1338 AUROC=0.9959 AUPRC=0.9792 BalAcc=0.9810 F1=0.9493 MCC=0.9444
Epoch 002 val  : loss=0.0202 AUROC=0.9989 AUPRC=0.9603 BalAcc=0.9801 F1=0.8644 MCC=0.8675
  learning_rate_used=2.999e-04; learning_rate_next=2.997e-04; elapsed=52.1s
  saved new best checkpoint: /data/projects/SFB_A03/jan/AT_TFBS/human301/runs/FOSL2/crossassay_archthalia_20261009_144503_1046783/GHTS_seed1/best_model.pt (objective=classification-auprc, score=0.960307)
  negatives seen=30.0%; hard negatives=0
Epoch 003 train: loss=0.0998 AUROC=0.9966 AUPRC=0.9831 BalAcc=0.9868 F1=0.9595 MCC=0.9556
Epoch 003 val  : loss=0.0176 AUROC=0.9990 AUPRC=0.9615 BalAcc=0.9894 F1=0.8584 MCC=0.8638
  learning_rate_used=2.997e-04; learning_rate_next=2.993e-04; elapsed=51.7s
  saved new best checkpoint: /data/projects/SFB_A03/jan/AT_TFBS/human301/runs/FOSL2/crossassay_archthalia_20261009_144503_1046783/GHTS_seed1/best_model.pt (objective=classification-auprc, score=0.961486)
  negatives seen=40.0%; hard negatives=0
Epoch 004 train: loss=0.0976 AUROC=0.9971 AUPRC=0.9853 BalAcc=0.9867 F1=0.9612 MCC=0.9574
Epoch 004 val  : loss=0.0194 AUROC=0.9990 AUPRC=0.9582 BalAcc=0.9883 F1=0.8461 MCC=0.8525
  learning_rate_used=2.993e-04; learning_rate_next=2.988e-04; elapsed=52.0s
  negatives seen=50.0%; hard negatives=0
Epoch 005 train: loss=0.0827 AUROC=0.9976 AUPRC=0.9847 BalAcc=0.9897 F1=0.9653 MCC=0.9620
Epoch 005 val  : loss=0.0231 AUROC=0.9991 AUPRC=0.9484 BalAcc=0.9805 F1=0.8662 MCC=0.8693
  learning_rate_used=2.988e-04; learning_rate_next=2.982e-04; elapsed=52.1s
  negatives seen=60.0%; hard negatives=0
Epoch 006 train: loss=0.0812 AUROC=0.9977 AUPRC=0.9872 BalAcc=0.9881 F1=0.9632 MCC=0.9597
Epoch 006 val  : loss=0.0228 AUROC=0.9992 AUPRC=0.9639 BalAcc=0.9922 F1=0.8053 MCC=0.8176
  learning_rate_used=2.982e-04; learning_rate_next=2.974e-04; elapsed=51.7s
  saved new best checkpoint: /data/projects/SFB_A03/jan/AT_TFBS/human301/runs/FOSL2/crossassay_archthalia_20261009_144503_1046783/GHTS_seed1/best_model.pt (objective=classification-auprc, score=0.963905)
  negatives seen=70.0%; hard negatives=0
Epoch 007 train: loss=0.0705 AUROC=0.9982 AUPRC=0.9897 BalAcc=0.9908 F1=0.9715 MCC=0.9688
Epoch 007 val  : loss=0.0174 AUROC=0.9993 AUPRC=0.9686 BalAcc=0.9891 F1=0.8375 MCC=0.8450
  learning_rate_used=2.974e-04; learning_rate_next=2.964e-04; elapsed=51.8s
  saved new best checkpoint: /data/projects/SFB_A03/jan/AT_TFBS/human301/runs/FOSL2/crossassay_archthalia_20261009_144503_1046783/GHTS_seed1/best_model.pt (objective=classification-auprc, score=0.968600)
  negatives seen=80.0%; hard negatives=0
Epoch 008 train: loss=0.0784 AUROC=0.9979 AUPRC=0.9889 BalAcc=0.9899 F1=0.9666 MCC=0.9634
Epoch 008 val  : loss=0.0207 AUROC=0.9994 AUPRC=0.9656 BalAcc=0.9893 F1=0.8161 MCC=0.8262
  learning_rate_used=2.964e-04; learning_rate_next=2.953e-04; elapsed=51.8s
  negatives seen=90.0%; hard negatives=0
Epoch 009 train: loss=0.0700 AUROC=0.9984 AUPRC=0.9916 BalAcc=0.9896 F1=0.9670 MCC=0.9639
Epoch 009 val  : loss=0.0193 AUROC=0.9992 AUPRC=0.9655 BalAcc=0.9871 F1=0.8521 MCC=0.8576
  learning_rate_used=2.953e-04; learning_rate_next=2.941e-04; elapsed=51.9s
  negatives seen=100.0%; hard negatives=0
Epoch 010 train: loss=0.0691 AUROC=0.9979 AUPRC=0.9907 BalAcc=0.9906 F1=0.9694 MCC=0.9665
Epoch 010 val  : loss=0.0172 AUROC=0.9994 AUPRC=0.9714 BalAcc=0.9896 F1=0.8402 MCC=0.8475
  learning_rate_used=2.941e-04; learning_rate_next=2.927e-04; elapsed=51.3s
  saved new best checkpoint: /data/projects/SFB_A03/jan/AT_TFBS/human301/runs/FOSL2/crossassay_archthalia_20261009_144503_1046783/GHTS_seed1/best_model.pt (objective=classification-auprc, score=0.971370)
  negatives seen=100.0%; hard negatives=0
Epoch 011 train: loss=0.0663 AUROC=0.9983 AUPRC=0.9919 BalAcc=0.9910 F1=0.9698 MCC=0.9669
Epoch 011 val  : loss=0.0175 AUROC=0.9994 AUPRC=0.9677 BalAcc=0.9903 F1=0.8276 MCC=0.8366
  learning_rate_used=2.927e-04; learning_rate_next=2.912e-04; elapsed=51.7s
  negatives seen=100.0%; hard negatives=0
Epoch 012 train: loss=0.0603 AUROC=0.9987 AUPRC=0.9921 BalAcc=0.9909 F1=0.9695 MCC=0.9665
Epoch 012 val  : loss=0.0216 AUROC=0.9989 AUPRC=0.9557 BalAcc=0.9778 F1=0.8971 MCC=0.8978
  learning_rate_used=2.912e-04; learning_rate_next=2.895e-04; elapsed=51.7s
  negatives seen=100.0%; hard negatives=0
Epoch 013 train: loss=0.0652 AUROC=0.9985 AUPRC=0.9930 BalAcc=0.9909 F1=0.9730 MCC=0.9704
Epoch 013 val  : loss=0.0172 AUROC=0.9992 AUPRC=0.9681 BalAcc=0.9882 F1=0.8684 MCC=0.8727
  learning_rate_used=2.895e-04; learning_rate_next=2.877e-04; elapsed=51.5s
  negatives seen=100.0%; hard negatives=0
Epoch 014 train: loss=0.0609 AUROC=0.9985 AUPRC=0.9914 BalAcc=0.9918 F1=0.9721 MCC=0.9694
Epoch 014 val  : loss=0.0187 AUROC=0.9994 AUPRC=0.9523 BalAcc=0.9890 F1=0.8317 MCC=0.8398
  learning_rate_used=2.877e-04; learning_rate_next=2.858e-04; elapsed=50.8s
  negatives seen=100.0%; hard negatives=0
Epoch 015 train: loss=0.0578 AUROC=0.9988 AUPRC=0.9932 BalAcc=0.9915 F1=0.9720 MCC=0.9693
Epoch 015 val  : loss=0.0175 AUROC=0.9989 AUPRC=0.9618 BalAcc=0.9856 F1=0.8741 MCC=0.8774
  learning_rate_used=2.858e-04; learning_rate_next=2.837e-04; elapsed=51.2s
  negatives seen=100.0%; hard negatives=0
Epoch 016 train: loss=0.0573 AUROC=0.9987 AUPRC=0.9934 BalAcc=0.9924 F1=0.9744 MCC=0.9719
Epoch 016 val  : loss=0.0199 AUROC=0.9994 AUPRC=0.9739 BalAcc=0.9910 F1=0.7861 MCC=0.8008
  learning_rate_used=2.837e-04; learning_rate_next=2.815e-04; elapsed=51.8s
  saved new best checkpoint: /data/projects/SFB_A03/jan/AT_TFBS/human301/runs/FOSL2/crossassay_archthalia_20261009_144503_1046783/GHTS_seed1/best_model.pt (objective=classification-auprc, score=0.973903)
  negatives seen=100.0%; hard negatives=0
Epoch 017 train: loss=0.0560 AUROC=0.9986 AUPRC=0.9927 BalAcc=0.9919 F1=0.9712 MCC=0.9685
Epoch 017 val  : loss=0.0234 AUROC=0.9995 AUPRC=0.9709 BalAcc=0.9923 F1=0.7536 MCC=0.7736
  learning_rate_used=2.815e-04; learning_rate_next=2.792e-04; elapsed=51.6s
  negatives seen=100.0%; hard negatives=0
Epoch 018 train: loss=0.0536 AUROC=0.9990 AUPRC=0.9930 BalAcc=0.9929 F1=0.9751 MCC=0.9727
Epoch 018 val  : loss=0.0182 AUROC=0.9994 AUPRC=0.9680 BalAcc=0.9894 F1=0.8261 MCC=0.8350
  learning_rate_used=2.792e-04; learning_rate_next=2.767e-04; elapsed=51.7s
  negatives seen=100.0%; hard negatives=0
Epoch 019 train: loss=0.0505 AUROC=0.9989 AUPRC=0.9933 BalAcc=0.9932 F1=0.9750 MCC=0.9726
Epoch 019 val  : loss=0.0213 AUROC=0.9989 AUPRC=0.9594 BalAcc=0.9884 F1=0.7889 MCC=0.8024
  learning_rate_used=2.767e-04; learning_rate_next=2.741e-04; elapsed=51.6s
  negatives seen=100.0%; hard negatives=0
Epoch 020 train: loss=0.0523 AUROC=0.9989 AUPRC=0.9928 BalAcc=0.9931 F1=0.9735 MCC=0.9710
Epoch 020 val  : loss=0.0172 AUROC=0.9994 AUPRC=0.9747 BalAcc=0.9896 F1=0.8428 MCC=0.8499
  learning_rate_used=2.741e-04; learning_rate_next=2.714e-04; elapsed=51.4s
  saved new best checkpoint: /data/projects/SFB_A03/jan/AT_TFBS/human301/runs/FOSL2/crossassay_archthalia_20261009_144503_1046783/GHTS_seed1/best_model.pt (objective=classification-auprc, score=0.974720)
  negatives seen=100.0%; hard negatives=0
Epoch 021 train: loss=0.0505 AUROC=0.9992 AUPRC=0.9935 BalAcc=0.9934 F1=0.9754 MCC=0.9731
Epoch 021 val  : loss=0.0161 AUROC=0.9993 AUPRC=0.9752 BalAcc=0.9889 F1=0.8562 MCC=0.8618
  learning_rate_used=2.714e-04; learning_rate_next=2.686e-04; elapsed=51.7s
  saved new best checkpoint: /data/projects/SFB_A03/jan/AT_TFBS/human301/runs/FOSL2/crossassay_archthalia_20261009_144503_1046783/GHTS_seed1/best_model.pt (objective=classification-auprc, score=0.975235)
  negatives seen=100.0%; hard negatives=0
Epoch 022 train: loss=0.0500 AUROC=0.9992 AUPRC=0.9931 BalAcc=0.9931 F1=0.9756 MCC=0.9733
Epoch 022 val  : loss=0.0174 AUROC=0.9990 AUPRC=0.9680 BalAcc=0.9849 F1=0.8892 MCC=0.8913
  learning_rate_used=2.686e-04; learning_rate_next=2.657e-04; elapsed=51.1s
  negatives seen=100.0%; hard negatives=0
Epoch 023 train: loss=0.0498 AUROC=0.9992 AUPRC=0.9925 BalAcc=0.9927 F1=0.9756 MCC=0.9733
Epoch 023 val  : loss=0.0178 AUROC=0.9992 AUPRC=0.9689 BalAcc=0.9830 F1=0.8811 MCC=0.8835
  learning_rate_used=2.657e-04; learning_rate_next=2.626e-04; elapsed=51.8s
  negatives seen=100.0%; hard negatives=0
Epoch 024 train: loss=0.0472 AUROC=0.9991 AUPRC=0.9947 BalAcc=0.9938 F1=0.9788 MCC=0.9767
Epoch 024 val  : loss=0.0174 AUROC=0.9993 AUPRC=0.9707 BalAcc=0.9878 F1=0.8377 MCC=0.8449
  learning_rate_used=2.626e-04; learning_rate_next=2.595e-04; elapsed=51.5s
  negatives seen=100.0%; hard negatives=0
Epoch 025 train: loss=0.0453 AUROC=0.9995 AUPRC=0.9950 BalAcc=0.9929 F1=0.9753 MCC=0.9729
Epoch 025 val  : loss=0.0186 AUROC=0.9994 AUPRC=0.9743 BalAcc=0.9898 F1=0.8243 MCC=0.8336
  learning_rate_used=2.595e-04; learning_rate_next=2.562e-04; elapsed=51.0s
  negatives seen=100.0%; hard negatives=0
Epoch 026 train: loss=0.0375 AUROC=0.9995 AUPRC=0.9954 BalAcc=0.9944 F1=0.9807 MCC=0.9788
Epoch 026 val  : loss=0.0207 AUROC=0.9995 AUPRC=0.9734 BalAcc=0.9895 F1=0.8036 MCC=0.8153
  learning_rate_used=2.562e-04; learning_rate_next=2.528e-04; elapsed=51.7s
  negatives seen=100.0%; hard negatives=0
Epoch 027 train: loss=0.0394 AUROC=0.9995 AUPRC=0.9945 BalAcc=0.9941 F1=0.9763 MCC=0.9741
Epoch 027 val  : loss=0.0163 AUROC=0.9992 AUPRC=0.9724 BalAcc=0.9853 F1=0.8867 MCC=0.8890
  learning_rate_used=2.528e-04; learning_rate_next=2.494e-04; elapsed=51.5s
  negatives seen=100.0%; hard negatives=0
Epoch 028 train: loss=0.0365 AUROC=0.9996 AUPRC=0.9955 BalAcc=0.9952 F1=0.9824 MCC=0.9807
Epoch 028 val  : loss=0.0185 AUROC=0.9993 AUPRC=0.9723 BalAcc=0.9879 F1=0.8479 MCC=0.8541
  learning_rate_used=2.494e-04; learning_rate_next=2.458e-04; elapsed=50.7s
  negatives seen=100.0%; hard negatives=0
Epoch 029 train: loss=0.0323 AUROC=0.9995 AUPRC=0.9935 BalAcc=0.9957 F1=0.9810 MCC=0.9792
Epoch 029 val  : loss=0.0194 AUROC=0.9992 AUPRC=0.9713 BalAcc=0.9897 F1=0.8487 MCC=0.8552
  learning_rate_used=2.458e-04; learning_rate_next=2.421e-04; elapsed=51.4s
  negatives seen=100.0%; hard negatives=0
Epoch 030 train: loss=0.0368 AUROC=0.9995 AUPRC=0.9960 BalAcc=0.9954 F1=0.9820 MCC=0.9803
Epoch 030 val  : loss=0.0183 AUROC=0.9989 AUPRC=0.9739 BalAcc=0.9884 F1=0.8501 MCC=0.8561
  learning_rate_used=2.421e-04; learning_rate_next=2.384e-04; elapsed=52.4s
  negatives seen=100.0%; hard negatives=0
Epoch 031 train: loss=0.0366 AUROC=0.9995 AUPRC=0.9966 BalAcc=0.9949 F1=0.9829 MCC=0.9812
Epoch 031 val  : loss=0.0188 AUROC=0.9992 AUPRC=0.9739 BalAcc=0.9844 F1=0.8891 MCC=0.8911
  learning_rate_used=2.384e-04; learning_rate_next=2.345e-04; elapsed=51.9s
  negatives seen=100.0%; hard negatives=0
Epoch 032 train: loss=0.0251 AUROC=0.9997 AUPRC=0.9963 BalAcc=0.9960 F1=0.9828 MCC=0.9811
Epoch 032 val  : loss=0.0220 AUROC=0.9990 AUPRC=0.9723 BalAcc=0.9859 F1=0.8686 MCC=0.8724
  learning_rate_used=2.345e-04; learning_rate_next=2.306e-04; elapsed=51.3s
  negatives seen=100.0%; hard negatives=0
Epoch 033 train: loss=0.0284 AUROC=0.9997 AUPRC=0.9967 BalAcc=0.9960 F1=0.9838 MCC=0.9822
Epoch 033 val  : loss=0.0172 AUROC=0.9990 AUPRC=0.9717 BalAcc=0.9860 F1=0.8735 MCC=0.8770
  learning_rate_used=2.306e-04; learning_rate_next=2.266e-04; elapsed=51.6s
  negatives seen=100.0%; hard negatives=0
Epoch 034 train: loss=0.0337 AUROC=0.9996 AUPRC=0.9965 BalAcc=0.9953 F1=0.9833 MCC=0.9816
Epoch 034 val  : loss=0.0216 AUROC=0.9990 AUPRC=0.9712 BalAcc=0.9826 F1=0.8865 MCC=0.8884
  learning_rate_used=2.266e-04; learning_rate_next=2.225e-04; elapsed=51.2s
  negatives seen=100.0%; hard negatives=0
Epoch 035 train: loss=0.0379 AUROC=0.9994 AUPRC=0.9946 BalAcc=0.9947 F1=0.9790 MCC=0.9770
Epoch 035 val  : loss=0.0170 AUROC=0.9992 AUPRC=0.9709 BalAcc=0.9860 F1=0.8718 MCC=0.8753
  learning_rate_used=2.225e-04; learning_rate_next=2.184e-04; elapsed=51.4s
  negatives seen=100.0%; hard negatives=0
Epoch 036 train: loss=0.0302 AUROC=0.9996 AUPRC=0.9953 BalAcc=0.9955 F1=0.9829 MCC=0.9812
Epoch 036 val  : loss=0.0181 AUROC=0.9985 AUPRC=0.9705 BalAcc=0.9868 F1=0.8681 MCC=0.8721
  learning_rate_used=2.184e-04; learning_rate_next=2.142e-04; elapsed=51.7s
  negatives seen=100.0%; hard negatives=0
Epoch 037 train: loss=0.0272 AUROC=0.9997 AUPRC=0.9964 BalAcc=0.9959 F1=0.9830 MCC=0.9814
Epoch 037 val  : loss=0.0192 AUROC=0.9982 AUPRC=0.9703 BalAcc=0.9861 F1=0.8771 MCC=0.8803
  learning_rate_used=2.142e-04; learning_rate_next=2.099e-04; elapsed=51.9s
  negatives seen=100.0%; hard negatives=0
Epoch 038 train: loss=0.0273 AUROC=0.9996 AUPRC=0.9958 BalAcc=0.9962 F1=0.9819 MCC=0.9802
Epoch 038 val  : loss=0.0189 AUROC=0.9986 AUPRC=0.9726 BalAcc=0.9876 F1=0.8590 MCC=0.8640
  learning_rate_used=2.099e-04; learning_rate_next=2.055e-04; elapsed=51.5s
  negatives seen=100.0%; hard negatives=0
Epoch 039 train: loss=0.0261 AUROC=0.9997 AUPRC=0.9964 BalAcc=0.9953 F1=0.9833 MCC=0.9816
Epoch 039 val  : loss=0.0162 AUROC=0.9993 AUPRC=0.9765 BalAcc=0.9881 F1=0.8646 MCC=0.8692
  learning_rate_used=2.055e-04; learning_rate_next=2.011e-04; elapsed=51.2s
  saved new best checkpoint: /data/projects/SFB_A03/jan/AT_TFBS/human301/runs/FOSL2/crossassay_archthalia_20261009_144503_1046783/GHTS_seed1/best_model.pt (objective=classification-auprc, score=0.976479)
  negatives seen=100.0%; hard negatives=0
Epoch 040 train: loss=0.0258 AUROC=0.9998 AUPRC=0.9975 BalAcc=0.9967 F1=0.9862 MCC=0.9849
Epoch 040 val  : loss=0.0210 AUROC=0.9992 AUPRC=0.9723 BalAcc=0.9857 F1=0.8817 MCC=0.8844
  learning_rate_used=2.011e-04; learning_rate_next=1.967e-04; elapsed=51.8s
  negatives seen=100.0%; hard negatives=0
Epoch 041 train: loss=0.0261 AUROC=0.9997 AUPRC=0.9962 BalAcc=0.9960 F1=0.9827 MCC=0.9810
Epoch 041 val  : loss=0.0217 AUROC=0.9988 AUPRC=0.9691 BalAcc=0.9818 F1=0.8945 MCC=0.8958
  learning_rate_used=1.967e-04; learning_rate_next=1.922e-04; elapsed=51.9s
  negatives seen=100.0%; hard negatives=0
Epoch 042 train: loss=0.0225 AUROC=0.9998 AUPRC=0.9979 BalAcc=0.9967 F1=0.9866 MCC=0.9853
Epoch 042 val  : loss=0.0254 AUROC=0.9985 AUPRC=0.9698 BalAcc=0.9779 F1=0.9060 MCC=0.9063
  learning_rate_used=1.922e-04; learning_rate_next=1.877e-04; elapsed=51.6s
  negatives seen=100.0%; hard negatives=0
Epoch 043 train: loss=0.0211 AUROC=0.9998 AUPRC=0.9974 BalAcc=0.9965 F1=0.9851 MCC=0.9836
Epoch 043 val  : loss=0.0197 AUROC=0.9988 AUPRC=0.9737 BalAcc=0.9877 F1=0.8659 MCC=0.8703
  learning_rate_used=1.877e-04; learning_rate_next=1.831e-04; elapsed=51.7s
  negatives seen=100.0%; hard negatives=0
Epoch 044 train: loss=0.0200 AUROC=0.9998 AUPRC=0.9973 BalAcc=0.9962 F1=0.9848 MCC=0.9833
Epoch 044 val  : loss=0.0188 AUROC=0.9993 AUPRC=0.9715 BalAcc=0.9885 F1=0.8551 MCC=0.8607
  learning_rate_used=1.831e-04; learning_rate_next=1.785e-04; elapsed=51.6s
  negatives seen=100.0%; hard negatives=0
Epoch 045 train: loss=0.0205 AUROC=0.9998 AUPRC=0.9981 BalAcc=0.9973 F1=0.9851 MCC=0.9837
Epoch 045 val  : loss=0.0228 AUROC=0.9990 AUPRC=0.9712 BalAcc=0.9849 F1=0.8884 MCC=0.8906
  learning_rate_used=1.785e-04; learning_rate_next=1.739e-04; elapsed=52.0s
  negatives seen=100.0%; hard negatives=0
Epoch 046 train: loss=0.0225 AUROC=0.9998 AUPRC=0.9969 BalAcc=0.9969 F1=0.9860 MCC=0.9846
Epoch 046 val  : loss=0.0209 AUROC=0.9993 AUPRC=0.9707 BalAcc=0.9865 F1=0.8804 MCC=0.8834
  learning_rate_used=1.739e-04; learning_rate_next=1.692e-04; elapsed=51.7s
  negatives seen=100.0%; hard negatives=0
Epoch 047 train: loss=0.0200 AUROC=0.9998 AUPRC=0.9973 BalAcc=0.9968 F1=0.9853 MCC=0.9839
Epoch 047 val  : loss=0.0211 AUROC=0.9984 AUPRC=0.9699 BalAcc=0.9858 F1=0.8890 MCC=0.8912
  learning_rate_used=1.692e-04; learning_rate_next=1.646e-04; elapsed=51.2s
  negatives seen=100.0%; hard negatives=0
Epoch 048 train: loss=0.0161 AUROC=0.9998 AUPRC=0.9980 BalAcc=0.9978 F1=0.9887 MCC=0.9876
Epoch 048 val  : loss=0.0228 AUROC=0.9984 AUPRC=0.9697 BalAcc=0.9831 F1=0.8921 MCC=0.8938
  learning_rate_used=1.646e-04; learning_rate_next=1.599e-04; elapsed=51.7s
  negatives seen=100.0%; hard negatives=0
Epoch 049 train: loss=0.0182 AUROC=0.9997 AUPRC=0.9966 BalAcc=0.9969 F1=0.9860 MCC=0.9846
Epoch 049 val  : loss=0.0264 AUROC=0.9971 AUPRC=0.9673 BalAcc=0.9805 F1=0.8992 MCC=0.9001
  learning_rate_used=1.599e-04; learning_rate_next=1.552e-04; elapsed=51.5s
  negatives seen=100.0%; hard negatives=0
Epoch 050 train: loss=0.0181 AUROC=0.9998 AUPRC=0.9981 BalAcc=0.9972 F1=0.9876 MCC=0.9864
Epoch 050 val  : loss=0.0265 AUROC=0.9990 AUPRC=0.9712 BalAcc=0.9808 F1=0.8894 MCC=0.8910
  learning_rate_used=1.552e-04; learning_rate_next=1.505e-04; elapsed=51.8s
  negatives seen=100.0%; hard negatives=0
Epoch 051 train: loss=0.0219 AUROC=0.9998 AUPRC=0.9971 BalAcc=0.9972 F1=0.9870 MCC=0.9857
Epoch 051 val  : loss=0.0224 AUROC=0.9991 AUPRC=0.9743 BalAcc=0.9848 F1=0.8826 MCC=0.8851
  learning_rate_used=1.505e-04; learning_rate_next=1.458e-04; elapsed=52.1s
  negatives seen=100.0%; hard negatives=0
Epoch 052 train: loss=0.0235 AUROC=0.9998 AUPRC=0.9973 BalAcc=0.9969 F1=0.9865 MCC=0.9852
Epoch 052 val  : loss=0.0238 AUROC=0.9990 AUPRC=0.9735 BalAcc=0.9870 F1=0.8827 MCC=0.8856
  learning_rate_used=1.458e-04; learning_rate_next=1.411e-04; elapsed=51.4s
  negatives seen=100.0%; hard negatives=0
Epoch 053 train: loss=0.0175 AUROC=0.9998 AUPRC=0.9971 BalAcc=0.9975 F1=0.9865 MCC=0.9852
Epoch 053 val  : loss=0.0245 AUROC=0.9991 AUPRC=0.9711 BalAcc=0.9818 F1=0.8915 MCC=0.8930
  learning_rate_used=1.411e-04; learning_rate_next=1.364e-04; elapsed=51.2s
  negatives seen=100.0%; hard negatives=0
Epoch 054 train: loss=0.0215 AUROC=0.9998 AUPRC=0.9972 BalAcc=0.9969 F1=0.9858 MCC=0.9845
Epoch 054 val  : loss=0.0192 AUROC=0.9992 AUPRC=0.9734 BalAcc=0.9861 F1=0.8829 MCC=0.8856
  learning_rate_used=1.364e-04; learning_rate_next=1.318e-04; elapsed=51.4s
  negatives seen=100.0%; hard negatives=0
Epoch 055 train: loss=0.0169 AUROC=0.9998 AUPRC=0.9977 BalAcc=0.9976 F1=0.9881 MCC=0.9870
Epoch 055 val  : loss=0.0211 AUROC=0.9992 AUPRC=0.9734 BalAcc=0.9826 F1=0.8883 MCC=0.8902
  learning_rate_used=1.318e-04; learning_rate_next=1.271e-04; elapsed=52.2s
  negatives seen=100.0%; hard negatives=0
Epoch 056 train: loss=0.0138 AUROC=0.9998 AUPRC=0.9978 BalAcc=0.9979 F1=0.9889 MCC=0.9878
Epoch 056 val  : loss=0.0252 AUROC=0.9992 AUPRC=0.9721 BalAcc=0.9801 F1=0.8998 MCC=0.9007
  learning_rate_used=1.271e-04; learning_rate_next=1.225e-04; elapsed=51.8s
  negatives seen=100.0%; hard negatives=0
Epoch 057 train: loss=0.0153 AUROC=0.9999 AUPRC=0.9989 BalAcc=0.9980 F1=0.9892 MCC=0.9881
Epoch 057 val  : loss=0.0252 AUROC=0.9989 AUPRC=0.9726 BalAcc=0.9818 F1=0.8941 MCC=0.8955
  learning_rate_used=1.225e-04; learning_rate_next=1.179e-04; elapsed=51.6s
  negatives seen=100.0%; hard negatives=0
Epoch 058 train: loss=0.0129 AUROC=0.9998 AUPRC=0.9970 BalAcc=0.9984 F1=0.9908 MCC=0.9899
Epoch 058 val  : loss=0.0328 AUROC=0.9983 AUPRC=0.9663 BalAcc=0.9753 F1=0.9118 MCC=0.9117
  learning_rate_used=1.179e-04; learning_rate_next=1.133e-04; elapsed=51.6s
  negatives seen=100.0%; hard negatives=0
Epoch 059 train: loss=0.0129 AUROC=0.9999 AUPRC=0.9984 BalAcc=0.9981 F1=0.9897 MCC=0.9887
Epoch 059 val  : loss=0.0246 AUROC=0.9985 AUPRC=0.9701 BalAcc=0.9833 F1=0.8747 MCC=0.8776
  learning_rate_used=1.133e-04; learning_rate_next=1.088e-04; elapsed=52.0s
Early stopping after 59 epochs.
Binary threshold: 0.971703 (strategy=val-mcc, validation_score=0.933249)
Validation-only run completed; frozen model: /data/projects/SFB_A03/jan/AT_TFBS/human301/runs/FOSL2/crossassay_archthalia_20261009_144503_1046783/GHTS_seed1/model_for_prediction.pt
FOSL2: GHTS -> GHTS
TEST FOSL2 GHTS -> GHTS: loss=0.0192 AUROC=0.9981 AUPRC=0.9724 BalAcc=0.9582 F1=0.9279 MCC=0.9272
FOSL2: GHTS -> CHIP
TEST FOSL2 GHTS -> CHIP: loss=0.6176 AUROC=0.8584 AUPRC=0.2995 BalAcc=0.5602 F1=0.2055 MCC=0.2847
Completed FOSL2/GHTS: one model, both fixed test sets.
