TF=CREB3L3 train=GHTS seed=4 model=hum301_motif64_local.py
/home/jbossenz/miniforge3/envs/at_env/bin/python -u /data/projects/SFB_A03/jan/AT_TFBS/human301/hum301_motif64_local.py train --cache /data/projects/SFB_A03/jan/AT_TFBS/raw_data/human/ArchThalia-ML/CREB3L3/GHTS/dataset.npz --output-dir /data/projects/SFB_A03/jan/AT_TFBS/human301/runs/CREB3L3/crossassay_archthalia_20261009_144503_1046783/GHTS_seed4 --input-length 256 --embed-channels 64 --encoder-channels 80 96 128 --heads 4 --ffn-channels 256 --classification-readout local-logsumexp --task-mode classification --checkpoint-objective classification-auprc --threshold-strategy val-mcc --negatives-per-positive 10 --batch-size 88 --hard-negative-fraction 0 --epochs 100 --patience 20 --learning-rate 0.0003 --min-learning-rate 0.000001 --weight-decay 0.0001 --dropout 0.1 --activation relu --reverse-complement-probability 0.5 --eval-crops multi --eval-rc --no-balanced-evaluation --eval-batch-size 128 --num-workers 2 --seed 4 --device cuda --skip-test
Window geometry: 256 bp from 301 bp; crop starts 0..45; shifts -22..+23; fresh uniform draw per access
Evaluation: crops (0, 22, 23, 45), reverse complement=True; all samples
train: n=143,925, positive=1,425, negative=142,500
  val: n=41,915, positive=415, negative=41,500
 test: n=160,792, positive=1,592, negative=159,200
Device: cuda
Hidden activation: RELU
Parameters: 1,032,981 total; 1,032,981 trainable
Architecture: motif kernels 9/12; encoder 128/64/64; original five-block bottleneck at 64; decoder 64/128/256
  negatives seen=10.0%; hard negatives=0
Epoch 001 train: loss=0.5408 AUROC=0.9468 AUPRC=0.7807 BalAcc=0.8740 F1=0.6015 MCC=0.5803
Epoch 001 val  : loss=0.0998 AUROC=0.9904 AUPRC=0.8372 BalAcc=0.9621 F1=0.4255 MCC=0.5029
  learning_rate_used=3.000e-04; learning_rate_next=2.999e-04; elapsed=20.7s
  saved new best checkpoint: /data/projects/SFB_A03/jan/AT_TFBS/human301/runs/CREB3L3/crossassay_archthalia_20261009_144503_1046783/GHTS_seed4/best_model.pt (objective=classification-auprc, score=0.837185)
  negatives seen=20.0%; hard negatives=0
Epoch 002 train: loss=0.3498 AUROC=0.9774 AUPRC=0.9066 BalAcc=0.9364 F1=0.8051 MCC=0.7894
Epoch 002 val  : loss=0.0843 AUROC=0.9912 AUPRC=0.8283 BalAcc=0.9643 F1=0.4997 MCC=0.5609
  learning_rate_used=2.999e-04; learning_rate_next=2.997e-04; elapsed=19.3s
  negatives seen=30.0%; hard negatives=0
Epoch 003 train: loss=0.3081 AUROC=0.9810 AUPRC=0.9203 BalAcc=0.9449 F1=0.8262 MCC=0.8121
Epoch 003 val  : loss=0.0732 AUROC=0.9920 AUPRC=0.7948 BalAcc=0.9672 F1=0.5143 MCC=0.5734
  learning_rate_used=2.997e-04; learning_rate_next=2.993e-04; elapsed=19.4s
  negatives seen=40.0%; hard negatives=0
Epoch 004 train: loss=0.2862 AUROC=0.9847 AUPRC=0.9371 BalAcc=0.9510 F1=0.8635 MCC=0.8511
Epoch 004 val  : loss=0.0734 AUROC=0.9913 AUPRC=0.8162 BalAcc=0.9627 F1=0.5220 MCC=0.5776
  learning_rate_used=2.993e-04; learning_rate_next=2.988e-04; elapsed=19.2s
  negatives seen=50.0%; hard negatives=0
Epoch 005 train: loss=0.2749 AUROC=0.9844 AUPRC=0.9373 BalAcc=0.9501 F1=0.8472 MCC=0.8343
Epoch 005 val  : loss=0.0594 AUROC=0.9909 AUPRC=0.8626 BalAcc=0.9344 F1=0.7827 MCC=0.7845
  learning_rate_used=2.988e-04; learning_rate_next=2.982e-04; elapsed=19.5s
  saved new best checkpoint: /data/projects/SFB_A03/jan/AT_TFBS/human301/runs/CREB3L3/crossassay_archthalia_20261009_144503_1046783/GHTS_seed4/best_model.pt (objective=classification-auprc, score=0.862552)
  negatives seen=60.0%; hard negatives=0
Epoch 006 train: loss=0.2380 AUROC=0.9884 AUPRC=0.9485 BalAcc=0.9552 F1=0.8655 MCC=0.8537
Epoch 006 val  : loss=0.0527 AUROC=0.9923 AUPRC=0.8499 BalAcc=0.9420 F1=0.6721 MCC=0.6898
  learning_rate_used=2.982e-04; learning_rate_next=2.974e-04; elapsed=19.4s
  negatives seen=70.0%; hard negatives=0
Epoch 007 train: loss=0.2600 AUROC=0.9875 AUPRC=0.9456 BalAcc=0.9524 F1=0.8650 MCC=0.8528
Epoch 007 val  : loss=0.0628 AUROC=0.9925 AUPRC=0.8755 BalAcc=0.9683 F1=0.5867 MCC=0.6302
  learning_rate_used=2.974e-04; learning_rate_next=2.964e-04; elapsed=19.2s
  saved new best checkpoint: /data/projects/SFB_A03/jan/AT_TFBS/human301/runs/CREB3L3/crossassay_archthalia_20261009_144503_1046783/GHTS_seed4/best_model.pt (objective=classification-auprc, score=0.875506)
  negatives seen=80.0%; hard negatives=0
Epoch 008 train: loss=0.2297 AUROC=0.9902 AUPRC=0.9527 BalAcc=0.9556 F1=0.8711 MCC=0.8595
Epoch 008 val  : loss=0.0987 AUROC=0.9925 AUPRC=0.8540 BalAcc=0.9703 F1=0.4054 MCC=0.4908
  learning_rate_used=2.964e-04; learning_rate_next=2.953e-04; elapsed=19.3s
  negatives seen=90.0%; hard negatives=0
Epoch 009 train: loss=0.2511 AUROC=0.9875 AUPRC=0.9508 BalAcc=0.9538 F1=0.8668 MCC=0.8548
Epoch 009 val  : loss=0.0493 AUROC=0.9930 AUPRC=0.8716 BalAcc=0.9551 F1=0.6804 MCC=0.7008
  learning_rate_used=2.953e-04; learning_rate_next=2.941e-04; elapsed=19.2s
  negatives seen=100.0%; hard negatives=0
Epoch 010 train: loss=0.2108 AUROC=0.9919 AUPRC=0.9589 BalAcc=0.9588 F1=0.8778 MCC=0.8669
Epoch 010 val  : loss=0.0755 AUROC=0.9936 AUPRC=0.8880 BalAcc=0.9713 F1=0.4717 MCC=0.5422
  learning_rate_used=2.941e-04; learning_rate_next=2.927e-04; elapsed=19.3s
  saved new best checkpoint: /data/projects/SFB_A03/jan/AT_TFBS/human301/runs/CREB3L3/crossassay_archthalia_20261009_144503_1046783/GHTS_seed4/best_model.pt (objective=classification-auprc, score=0.887976)
  negatives seen=100.0%; hard negatives=0
Epoch 011 train: loss=0.2190 AUROC=0.9921 AUPRC=0.9582 BalAcc=0.9587 F1=0.8794 MCC=0.8686
Epoch 011 val  : loss=0.0549 AUROC=0.9922 AUPRC=0.8692 BalAcc=0.9641 F1=0.6089 MCC=0.6461
  learning_rate_used=2.927e-04; learning_rate_next=2.912e-04; elapsed=19.3s
  negatives seen=100.0%; hard negatives=0
Epoch 012 train: loss=0.1922 AUROC=0.9932 AUPRC=0.9614 BalAcc=0.9646 F1=0.8874 MCC=0.8775
Epoch 012 val  : loss=0.0535 AUROC=0.9895 AUPRC=0.8766 BalAcc=0.9624 F1=0.6355 MCC=0.6668
  learning_rate_used=2.912e-04; learning_rate_next=2.895e-04; elapsed=19.6s
  negatives seen=100.0%; hard negatives=0
Epoch 013 train: loss=0.1924 AUROC=0.9936 AUPRC=0.9660 BalAcc=0.9647 F1=0.8986 MCC=0.8892
Epoch 013 val  : loss=0.0702 AUROC=0.9931 AUPRC=0.8838 BalAcc=0.9692 F1=0.5391 MCC=0.5934
  learning_rate_used=2.895e-04; learning_rate_next=2.877e-04; elapsed=19.4s
  negatives seen=100.0%; hard negatives=0
Epoch 014 train: loss=0.1821 AUROC=0.9936 AUPRC=0.9638 BalAcc=0.9665 F1=0.8929 MCC=0.8835
Epoch 014 val  : loss=0.0488 AUROC=0.9938 AUPRC=0.8858 BalAcc=0.9650 F1=0.6452 MCC=0.6755
  learning_rate_used=2.877e-04; learning_rate_next=2.858e-04; elapsed=19.4s
  negatives seen=100.0%; hard negatives=0
Epoch 015 train: loss=0.1701 AUROC=0.9956 AUPRC=0.9694 BalAcc=0.9668 F1=0.8982 MCC=0.8890
Epoch 015 val  : loss=0.0551 AUROC=0.9919 AUPRC=0.8824 BalAcc=0.9596 F1=0.6171 MCC=0.6510
  learning_rate_used=2.858e-04; learning_rate_next=2.837e-04; elapsed=19.4s
  negatives seen=100.0%; hard negatives=0
Epoch 016 train: loss=0.1701 AUROC=0.9955 AUPRC=0.9712 BalAcc=0.9702 F1=0.9012 MCC=0.8926
Epoch 016 val  : loss=0.0504 AUROC=0.9924 AUPRC=0.8820 BalAcc=0.9619 F1=0.6638 MCC=0.6895
  learning_rate_used=2.837e-04; learning_rate_next=2.815e-04; elapsed=19.4s
  negatives seen=100.0%; hard negatives=0
Epoch 017 train: loss=0.1729 AUROC=0.9961 AUPRC=0.9709 BalAcc=0.9679 F1=0.9022 MCC=0.8933
Epoch 017 val  : loss=0.0679 AUROC=0.9890 AUPRC=0.7851 BalAcc=0.9273 F1=0.6491 MCC=0.6660
  learning_rate_used=2.815e-04; learning_rate_next=2.792e-04; elapsed=19.4s
  negatives seen=100.0%; hard negatives=0
Epoch 018 train: loss=0.1688 AUROC=0.9957 AUPRC=0.9723 BalAcc=0.9686 F1=0.9026 MCC=0.8938
Epoch 018 val  : loss=0.0467 AUROC=0.9940 AUPRC=0.9022 BalAcc=0.9679 F1=0.6689 MCC=0.6957
  learning_rate_used=2.792e-04; learning_rate_next=2.767e-04; elapsed=19.4s
  saved new best checkpoint: /data/projects/SFB_A03/jan/AT_TFBS/human301/runs/CREB3L3/crossassay_archthalia_20261009_144503_1046783/GHTS_seed4/best_model.pt (objective=classification-auprc, score=0.902192)
  negatives seen=100.0%; hard negatives=0
Epoch 019 train: loss=0.1492 AUROC=0.9967 AUPRC=0.9787 BalAcc=0.9774 F1=0.9316 MCC=0.9252
Epoch 019 val  : loss=0.0566 AUROC=0.9926 AUPRC=0.8489 BalAcc=0.9584 F1=0.6145 MCC=0.6485
  learning_rate_used=2.767e-04; learning_rate_next=2.741e-04; elapsed=19.4s
  negatives seen=100.0%; hard negatives=0
Epoch 020 train: loss=0.1467 AUROC=0.9969 AUPRC=0.9771 BalAcc=0.9720 F1=0.9194 MCC=0.9118
Epoch 020 val  : loss=0.0727 AUROC=0.9936 AUPRC=0.8848 BalAcc=0.9699 F1=0.4950 MCC=0.5596
  learning_rate_used=2.741e-04; learning_rate_next=2.714e-04; elapsed=19.4s
  negatives seen=100.0%; hard negatives=0
Epoch 021 train: loss=0.1277 AUROC=0.9972 AUPRC=0.9804 BalAcc=0.9772 F1=0.9266 MCC=0.9199
Epoch 021 val  : loss=0.0556 AUROC=0.9937 AUPRC=0.8932 BalAcc=0.9645 F1=0.6225 MCC=0.6571
  learning_rate_used=2.714e-04; learning_rate_next=2.686e-04; elapsed=19.4s
  negatives seen=100.0%; hard negatives=0
Epoch 022 train: loss=0.1402 AUROC=0.9970 AUPRC=0.9811 BalAcc=0.9751 F1=0.9297 MCC=0.9230
Epoch 022 val  : loss=0.0551 AUROC=0.9926 AUPRC=0.8381 BalAcc=0.9532 F1=0.6430 MCC=0.6695
  learning_rate_used=2.686e-04; learning_rate_next=2.657e-04; elapsed=19.5s
  negatives seen=100.0%; hard negatives=0
Epoch 023 train: loss=0.1416 AUROC=0.9969 AUPRC=0.9785 BalAcc=0.9756 F1=0.9182 MCC=0.9109
Epoch 023 val  : loss=0.0604 AUROC=0.9939 AUPRC=0.8787 BalAcc=0.9604 F1=0.6019 MCC=0.6392
  learning_rate_used=2.657e-04; learning_rate_next=2.626e-04; elapsed=20.0s
  negatives seen=100.0%; hard negatives=0
Epoch 024 train: loss=0.1125 AUROC=0.9976 AUPRC=0.9812 BalAcc=0.9795 F1=0.9304 MCC=0.9241
Epoch 024 val  : loss=0.0505 AUROC=0.9927 AUPRC=0.8981 BalAcc=0.9676 F1=0.6555 MCC=0.6847
  learning_rate_used=2.626e-04; learning_rate_next=2.595e-04; elapsed=19.4s
  negatives seen=100.0%; hard negatives=0
Epoch 025 train: loss=0.1282 AUROC=0.9978 AUPRC=0.9782 BalAcc=0.9786 F1=0.9305 MCC=0.9242
Epoch 025 val  : loss=0.0505 AUROC=0.9921 AUPRC=0.8800 BalAcc=0.9536 F1=0.7240 MCC=0.7370
  learning_rate_used=2.595e-04; learning_rate_next=2.562e-04; elapsed=19.5s
  negatives seen=100.0%; hard negatives=0
Epoch 026 train: loss=0.1137 AUROC=0.9978 AUPRC=0.9841 BalAcc=0.9799 F1=0.9338 MCC=0.9277
Epoch 026 val  : loss=0.0497 AUROC=0.9924 AUPRC=0.8899 BalAcc=0.9566 F1=0.6971 MCC=0.7152
  learning_rate_used=2.562e-04; learning_rate_next=2.528e-04; elapsed=19.6s
  negatives seen=100.0%; hard negatives=0
Epoch 027 train: loss=0.1072 AUROC=0.9982 AUPRC=0.9815 BalAcc=0.9803 F1=0.9376 MCC=0.9318
Epoch 027 val  : loss=0.0714 AUROC=0.9867 AUPRC=0.8717 BalAcc=0.9199 F1=0.7659 MCC=0.7666
  learning_rate_used=2.528e-04; learning_rate_next=2.494e-04; elapsed=19.6s
  negatives seen=100.0%; hard negatives=0
Epoch 028 train: loss=0.0788 AUROC=0.9987 AUPRC=0.9862 BalAcc=0.9867 F1=0.9511 MCC=0.9466
Epoch 028 val  : loss=0.0511 AUROC=0.9938 AUPRC=0.8965 BalAcc=0.9675 F1=0.6528 MCC=0.6825
  learning_rate_used=2.494e-04; learning_rate_next=2.458e-04; elapsed=19.4s
  negatives seen=100.0%; hard negatives=0
Epoch 029 train: loss=0.0939 AUROC=0.9989 AUPRC=0.9885 BalAcc=0.9822 F1=0.9470 MCC=0.9420
Epoch 029 val  : loss=0.0555 AUROC=0.9922 AUPRC=0.8950 BalAcc=0.9663 F1=0.6479 MCC=0.6781
  learning_rate_used=2.458e-04; learning_rate_next=2.421e-04; elapsed=19.3s
  negatives seen=100.0%; hard negatives=0
Epoch 030 train: loss=0.0889 AUROC=0.9988 AUPRC=0.9884 BalAcc=0.9841 F1=0.9469 MCC=0.9420
Epoch 030 val  : loss=0.0553 AUROC=0.9909 AUPRC=0.8822 BalAcc=0.9621 F1=0.6754 MCC=0.6991
  learning_rate_used=2.421e-04; learning_rate_next=2.384e-04; elapsed=19.4s
  negatives seen=100.0%; hard negatives=0
Epoch 031 train: loss=0.0869 AUROC=0.9986 AUPRC=0.9871 BalAcc=0.9861 F1=0.9513 MCC=0.9468
Epoch 031 val  : loss=0.0575 AUROC=0.9898 AUPRC=0.8841 BalAcc=0.9582 F1=0.6592 MCC=0.6845
  learning_rate_used=2.384e-04; learning_rate_next=2.345e-04; elapsed=19.5s
  negatives seen=100.0%; hard negatives=0
Epoch 032 train: loss=0.0832 AUROC=0.9990 AUPRC=0.9896 BalAcc=0.9834 F1=0.9488 MCC=0.9439
Epoch 032 val  : loss=0.0547 AUROC=0.9911 AUPRC=0.9026 BalAcc=0.9624 F1=0.6905 MCC=0.7116
  learning_rate_used=2.345e-04; learning_rate_next=2.306e-04; elapsed=19.5s
  saved new best checkpoint: /data/projects/SFB_A03/jan/AT_TFBS/human301/runs/CREB3L3/crossassay_archthalia_20261009_144503_1046783/GHTS_seed4/best_model.pt (objective=classification-auprc, score=0.902643)
  negatives seen=100.0%; hard negatives=0
Epoch 033 train: loss=0.0832 AUROC=0.9989 AUPRC=0.9892 BalAcc=0.9848 F1=0.9502 MCC=0.9455
Epoch 033 val  : loss=0.0553 AUROC=0.9891 AUPRC=0.9010 BalAcc=0.9539 F1=0.7417 MCC=0.7523
  learning_rate_used=2.306e-04; learning_rate_next=2.266e-04; elapsed=19.6s
  negatives seen=100.0%; hard negatives=0
Epoch 034 train: loss=0.0653 AUROC=0.9993 AUPRC=0.9916 BalAcc=0.9892 F1=0.9597 MCC=0.9559
Epoch 034 val  : loss=0.0551 AUROC=0.9904 AUPRC=0.8986 BalAcc=0.9510 F1=0.7850 MCC=0.7898
  learning_rate_used=2.266e-04; learning_rate_next=2.225e-04; elapsed=19.5s
  negatives seen=100.0%; hard negatives=0
Epoch 035 train: loss=0.0769 AUROC=0.9989 AUPRC=0.9909 BalAcc=0.9873 F1=0.9530 MCC=0.9487
Epoch 035 val  : loss=0.0540 AUROC=0.9930 AUPRC=0.8898 BalAcc=0.9492 F1=0.7463 MCC=0.7551
  learning_rate_used=2.225e-04; learning_rate_next=2.184e-04; elapsed=19.3s
  negatives seen=100.0%; hard negatives=0
Epoch 036 train: loss=0.0621 AUROC=0.9993 AUPRC=0.9917 BalAcc=0.9881 F1=0.9579 MCC=0.9540
Epoch 036 val  : loss=0.0537 AUROC=0.9906 AUPRC=0.8923 BalAcc=0.9446 F1=0.7525 MCC=0.7595
  learning_rate_used=2.184e-04; learning_rate_next=2.142e-04; elapsed=19.4s
  negatives seen=100.0%; hard negatives=0
Epoch 037 train: loss=0.0792 AUROC=0.9990 AUPRC=0.9887 BalAcc=0.9863 F1=0.9555 MCC=0.9513
Epoch 037 val  : loss=0.0551 AUROC=0.9919 AUPRC=0.8856 BalAcc=0.9470 F1=0.7589 MCC=0.7657
  learning_rate_used=2.142e-04; learning_rate_next=2.099e-04; elapsed=19.3s
  negatives seen=100.0%; hard negatives=0
Epoch 038 train: loss=0.0775 AUROC=0.9993 AUPRC=0.9921 BalAcc=0.9878 F1=0.9641 MCC=0.9607
Epoch 038 val  : loss=0.0582 AUROC=0.9918 AUPRC=0.8977 BalAcc=0.9666 F1=0.6638 MCC=0.6911
  learning_rate_used=2.099e-04; learning_rate_next=2.055e-04; elapsed=19.3s
  negatives seen=100.0%; hard negatives=0
Epoch 039 train: loss=0.0642 AUROC=0.9992 AUPRC=0.9915 BalAcc=0.9895 F1=0.9653 MCC=0.9619
Epoch 039 val  : loss=0.0532 AUROC=0.9918 AUPRC=0.8842 BalAcc=0.9519 F1=0.6955 MCC=0.7124
  learning_rate_used=2.055e-04; learning_rate_next=2.011e-04; elapsed=19.5s
  negatives seen=100.0%; hard negatives=0
Epoch 040 train: loss=0.0575 AUROC=0.9992 AUPRC=0.9903 BalAcc=0.9903 F1=0.9611 MCC=0.9575
Epoch 040 val  : loss=0.0718 AUROC=0.9908 AUPRC=0.8861 BalAcc=0.9273 F1=0.7902 MCC=0.7905
  learning_rate_used=2.011e-04; learning_rate_next=1.967e-04; elapsed=19.4s
  negatives seen=100.0%; hard negatives=0
Epoch 041 train: loss=0.0678 AUROC=0.9993 AUPRC=0.9919 BalAcc=0.9867 F1=0.9595 MCC=0.9555
Epoch 041 val  : loss=0.0639 AUROC=0.9909 AUPRC=0.8974 BalAcc=0.9517 F1=0.7555 MCC=0.7638
  learning_rate_used=1.967e-04; learning_rate_next=1.922e-04; elapsed=19.4s
  negatives seen=100.0%; hard negatives=0
Epoch 042 train: loss=0.0553 AUROC=0.9995 AUPRC=0.9944 BalAcc=0.9907 F1=0.9650 MCC=0.9617
Epoch 042 val  : loss=0.0639 AUROC=0.9886 AUPRC=0.8876 BalAcc=0.9494 F1=0.7553 MCC=0.7630
  learning_rate_used=1.922e-04; learning_rate_next=1.877e-04; elapsed=19.5s
  negatives seen=100.0%; hard negatives=0
Epoch 043 train: loss=0.0539 AUROC=0.9993 AUPRC=0.9945 BalAcc=0.9923 F1=0.9678 MCC=0.9648
Epoch 043 val  : loss=0.0678 AUROC=0.9928 AUPRC=0.8938 BalAcc=0.9311 F1=0.8058 MCC=0.8057
  learning_rate_used=1.877e-04; learning_rate_next=1.831e-04; elapsed=19.5s
  negatives seen=100.0%; hard negatives=0
Epoch 044 train: loss=0.0651 AUROC=0.9995 AUPRC=0.9951 BalAcc=0.9908 F1=0.9716 MCC=0.9689
Epoch 044 val  : loss=0.0542 AUROC=0.9939 AUPRC=0.9032 BalAcc=0.9552 F1=0.7480 MCC=0.7582
  learning_rate_used=1.831e-04; learning_rate_next=1.785e-04; elapsed=19.7s
  saved new best checkpoint: /data/projects/SFB_A03/jan/AT_TFBS/human301/runs/CREB3L3/crossassay_archthalia_20261009_144503_1046783/GHTS_seed4/best_model.pt (objective=classification-auprc, score=0.903229)
  negatives seen=100.0%; hard negatives=0
Epoch 045 train: loss=0.0576 AUROC=0.9994 AUPRC=0.9927 BalAcc=0.9911 F1=0.9683 MCC=0.9653
Epoch 045 val  : loss=0.0599 AUROC=0.9903 AUPRC=0.8928 BalAcc=0.9404 F1=0.7901 MCC=0.7924
  learning_rate_used=1.785e-04; learning_rate_next=1.739e-04; elapsed=19.8s
  negatives seen=100.0%; hard negatives=0
Epoch 046 train: loss=0.0498 AUROC=0.9993 AUPRC=0.9919 BalAcc=0.9918 F1=0.9691 MCC=0.9661
Epoch 046 val  : loss=0.0639 AUROC=0.9894 AUPRC=0.8977 BalAcc=0.9461 F1=0.7734 MCC=0.7783
  learning_rate_used=1.739e-04; learning_rate_next=1.692e-04; elapsed=19.4s
  negatives seen=100.0%; hard negatives=0
Epoch 047 train: loss=0.0536 AUROC=0.9996 AUPRC=0.9950 BalAcc=0.9921 F1=0.9721 MCC=0.9694
Epoch 047 val  : loss=0.0598 AUROC=0.9916 AUPRC=0.8877 BalAcc=0.9459 F1=0.7615 MCC=0.7677
  learning_rate_used=1.692e-04; learning_rate_next=1.646e-04; elapsed=19.5s
  negatives seen=100.0%; hard negatives=0
Epoch 048 train: loss=0.0485 AUROC=0.9996 AUPRC=0.9951 BalAcc=0.9927 F1=0.9721 MCC=0.9694
Epoch 048 val  : loss=0.0687 AUROC=0.9892 AUPRC=0.8876 BalAcc=0.9393 F1=0.7974 MCC=0.7989
  learning_rate_used=1.646e-04; learning_rate_next=1.599e-04; elapsed=19.6s
  negatives seen=100.0%; hard negatives=0
Epoch 049 train: loss=0.0464 AUROC=0.9995 AUPRC=0.9935 BalAcc=0.9921 F1=0.9694 MCC=0.9665
Epoch 049 val  : loss=0.0667 AUROC=0.9894 AUPRC=0.8873 BalAcc=0.9393 F1=0.7983 MCC=0.7997
  learning_rate_used=1.599e-04; learning_rate_next=1.552e-04; elapsed=19.5s
  negatives seen=100.0%; hard negatives=0
Epoch 050 train: loss=0.0462 AUROC=0.9997 AUPRC=0.9971 BalAcc=0.9930 F1=0.9775 MCC=0.9753
Epoch 050 val  : loss=0.0676 AUROC=0.9906 AUPRC=0.8955 BalAcc=0.9465 F1=0.8000 MCC=0.8025
  learning_rate_used=1.552e-04; learning_rate_next=1.505e-04; elapsed=19.5s
  negatives seen=100.0%; hard negatives=0
Epoch 051 train: loss=0.0365 AUROC=0.9996 AUPRC=0.9958 BalAcc=0.9933 F1=0.9771 MCC=0.9749
Epoch 051 val  : loss=0.0599 AUROC=0.9930 AUPRC=0.9045 BalAcc=0.9510 F1=0.7825 MCC=0.7876
  learning_rate_used=1.505e-04; learning_rate_next=1.458e-04; elapsed=19.5s
  saved new best checkpoint: /data/projects/SFB_A03/jan/AT_TFBS/human301/runs/CREB3L3/crossassay_archthalia_20261009_144503_1046783/GHTS_seed4/best_model.pt (objective=classification-auprc, score=0.904527)
  negatives seen=100.0%; hard negatives=0
Epoch 052 train: loss=0.0409 AUROC=0.9994 AUPRC=0.9913 BalAcc=0.9942 F1=0.9742 MCC=0.9718
Epoch 052 val  : loss=0.0743 AUROC=0.9876 AUPRC=0.8860 BalAcc=0.9381 F1=0.7961 MCC=0.7975
  learning_rate_used=1.458e-04; learning_rate_next=1.411e-04; elapsed=19.4s
  negatives seen=100.0%; hard negatives=0
Epoch 053 train: loss=0.0299 AUROC=0.9996 AUPRC=0.9955 BalAcc=0.9943 F1=0.9782 MCC=0.9761
Epoch 053 val  : loss=0.0861 AUROC=0.9848 AUPRC=0.8801 BalAcc=0.9358 F1=0.7978 MCC=0.7988
  learning_rate_used=1.411e-04; learning_rate_next=1.364e-04; elapsed=19.5s
  negatives seen=100.0%; hard negatives=0
Epoch 054 train: loss=0.0340 AUROC=0.9998 AUPRC=0.9973 BalAcc=0.9937 F1=0.9785 MCC=0.9764
Epoch 054 val  : loss=0.0680 AUROC=0.9925 AUPRC=0.8921 BalAcc=0.9484 F1=0.7695 MCC=0.7754
  learning_rate_used=1.364e-04; learning_rate_next=1.318e-04; elapsed=19.4s
  negatives seen=100.0%; hard negatives=0
Epoch 055 train: loss=0.0313 AUROC=0.9996 AUPRC=0.9959 BalAcc=0.9955 F1=0.9810 MCC=0.9791
Epoch 055 val  : loss=0.0603 AUROC=0.9900 AUPRC=0.9064 BalAcc=0.9488 F1=0.7974 MCC=0.8006
  learning_rate_used=1.318e-04; learning_rate_next=1.271e-04; elapsed=19.4s
  saved new best checkpoint: /data/projects/SFB_A03/jan/AT_TFBS/human301/runs/CREB3L3/crossassay_archthalia_20261009_144503_1046783/GHTS_seed4/best_model.pt (objective=classification-auprc, score=0.906439)
  negatives seen=100.0%; hard negatives=0
Epoch 056 train: loss=0.0314 AUROC=0.9997 AUPRC=0.9959 BalAcc=0.9944 F1=0.9785 MCC=0.9765
Epoch 056 val  : loss=0.0890 AUROC=0.9869 AUPRC=0.8887 BalAcc=0.9194 F1=0.8164 MCC=0.8148
  learning_rate_used=1.271e-04; learning_rate_next=1.225e-04; elapsed=19.2s
  negatives seen=100.0%; hard negatives=0
Epoch 057 train: loss=0.0361 AUROC=0.9998 AUPRC=0.9972 BalAcc=0.9948 F1=0.9826 MCC=0.9809
Epoch 057 val  : loss=0.0795 AUROC=0.9884 AUPRC=0.8875 BalAcc=0.9345 F1=0.7921 MCC=0.7933
  learning_rate_used=1.225e-04; learning_rate_next=1.179e-04; elapsed=19.3s
  negatives seen=100.0%; hard negatives=0
Epoch 058 train: loss=0.0257 AUROC=0.9996 AUPRC=0.9950 BalAcc=0.9968 F1=0.9841 MCC=0.9825
Epoch 058 val  : loss=0.0777 AUROC=0.9879 AUPRC=0.8958 BalAcc=0.9382 F1=0.8013 MCC=0.8024
  learning_rate_used=1.179e-04; learning_rate_next=1.133e-04; elapsed=19.4s
  negatives seen=100.0%; hard negatives=0
Epoch 059 train: loss=0.0252 AUROC=0.9998 AUPRC=0.9974 BalAcc=0.9963 F1=0.9820 MCC=0.9803
Epoch 059 val  : loss=0.0802 AUROC=0.9864 AUPRC=0.8873 BalAcc=0.9369 F1=0.7965 MCC=0.7977
  learning_rate_used=1.133e-04; learning_rate_next=1.088e-04; elapsed=19.4s
  negatives seen=100.0%; hard negatives=0
Epoch 060 train: loss=0.0274 AUROC=0.9998 AUPRC=0.9977 BalAcc=0.9963 F1=0.9851 MCC=0.9836
Epoch 060 val  : loss=0.0925 AUROC=0.9849 AUPRC=0.8838 BalAcc=0.9264 F1=0.8096 MCC=0.8088
  learning_rate_used=1.088e-04; learning_rate_next=1.043e-04; elapsed=19.5s
  negatives seen=100.0%; hard negatives=0
Epoch 061 train: loss=0.0207 AUROC=0.9997 AUPRC=0.9964 BalAcc=0.9966 F1=0.9851 MCC=0.9836
Epoch 061 val  : loss=0.0955 AUROC=0.9838 AUPRC=0.8911 BalAcc=0.9349 F1=0.8255 MCC=0.8249
  learning_rate_used=1.043e-04; learning_rate_next=9.986e-05; elapsed=19.4s
  negatives seen=100.0%; hard negatives=0
Epoch 062 train: loss=0.0253 AUROC=0.9998 AUPRC=0.9982 BalAcc=0.9961 F1=0.9868 MCC=0.9855
Epoch 062 val  : loss=0.0879 AUROC=0.9848 AUPRC=0.8972 BalAcc=0.9465 F1=0.8035 MCC=0.8057
  learning_rate_used=9.986e-05; learning_rate_next=9.547e-05; elapsed=19.4s
  negatives seen=100.0%; hard negatives=0
Epoch 063 train: loss=0.0149 AUROC=0.9999 AUPRC=0.9988 BalAcc=0.9972 F1=0.9878 MCC=0.9866
Epoch 063 val  : loss=0.1130 AUROC=0.9807 AUPRC=0.8802 BalAcc=0.9254 F1=0.8252 MCC=0.8238
  learning_rate_used=9.547e-05; learning_rate_next=9.113e-05; elapsed=19.4s
  negatives seen=100.0%; hard negatives=0
Epoch 064 train: loss=0.0215 AUROC=0.9998 AUPRC=0.9971 BalAcc=0.9968 F1=0.9871 MCC=0.9859
Epoch 064 val  : loss=0.0703 AUROC=0.9886 AUPRC=0.8983 BalAcc=0.9496 F1=0.7724 MCC=0.7782
  learning_rate_used=9.113e-05; learning_rate_next=8.685e-05; elapsed=19.2s
  negatives seen=100.0%; hard negatives=0
Epoch 065 train: loss=0.0253 AUROC=0.9997 AUPRC=0.9962 BalAcc=0.9961 F1=0.9868 MCC=0.9855
Epoch 065 val  : loss=0.0928 AUROC=0.9836 AUPRC=0.8936 BalAcc=0.9314 F1=0.8253 MCC=0.8243
  learning_rate_used=8.685e-05; learning_rate_next=8.263e-05; elapsed=19.3s
  negatives seen=100.0%; hard negatives=0
Epoch 066 train: loss=0.0311 AUROC=0.9997 AUPRC=0.9965 BalAcc=0.9954 F1=0.9854 MCC=0.9839
Epoch 066 val  : loss=0.0799 AUROC=0.9868 AUPRC=0.8973 BalAcc=0.9442 F1=0.8105 MCC=0.8119
  learning_rate_used=8.263e-05; learning_rate_next=7.848e-05; elapsed=19.2s
  negatives seen=100.0%; hard negatives=0
Epoch 067 train: loss=0.0377 AUROC=0.9998 AUPRC=0.9972 BalAcc=0.9929 F1=0.9802 MCC=0.9782
Epoch 067 val  : loss=0.0905 AUROC=0.9866 AUPRC=0.8889 BalAcc=0.9290 F1=0.8254 MCC=0.8243
  learning_rate_used=7.848e-05; learning_rate_next=7.440e-05; elapsed=19.4s
  negatives seen=100.0%; hard negatives=0
Epoch 068 train: loss=0.0224 AUROC=0.9998 AUPRC=0.9976 BalAcc=0.9968 F1=0.9871 MCC=0.9859
Epoch 068 val  : loss=0.0843 AUROC=0.9867 AUPRC=0.9079 BalAcc=0.9363 F1=0.8383 MCC=0.8374
  learning_rate_used=7.440e-05; learning_rate_next=7.039e-05; elapsed=19.5s
  saved new best checkpoint: /data/projects/SFB_A03/jan/AT_TFBS/human301/runs/CREB3L3/crossassay_archthalia_20261009_144503_1046783/GHTS_seed4/best_model.pt (objective=classification-auprc, score=0.907886)
  negatives seen=100.0%; hard negatives=0
Epoch 069 train: loss=0.0167 AUROC=0.9998 AUPRC=0.9976 BalAcc=0.9979 F1=0.9882 MCC=0.9870
Epoch 069 val  : loss=0.0962 AUROC=0.9830 AUPRC=0.8905 BalAcc=0.9267 F1=0.8343 MCC=0.8329
  learning_rate_used=7.039e-05; learning_rate_next=6.647e-05; elapsed=19.5s
  negatives seen=100.0%; hard negatives=0
Epoch 070 train: loss=0.0163 AUROC=0.9998 AUPRC=0.9978 BalAcc=0.9977 F1=0.9865 MCC=0.9852
Epoch 070 val  : loss=0.0947 AUROC=0.9858 AUPRC=0.8963 BalAcc=0.9303 F1=0.8316 MCC=0.8304
  learning_rate_used=6.647e-05; learning_rate_next=6.263e-05; elapsed=19.5s
  negatives seen=100.0%; hard negatives=0
Epoch 071 train: loss=0.0173 AUROC=0.9999 AUPRC=0.9988 BalAcc=0.9972 F1=0.9909 MCC=0.9900
Epoch 071 val  : loss=0.0931 AUROC=0.9857 AUPRC=0.8961 BalAcc=0.9338 F1=0.8308 MCC=0.8299
  learning_rate_used=6.263e-05; learning_rate_next=5.887e-05; elapsed=19.3s
  negatives seen=100.0%; hard negatives=0
Epoch 072 train: loss=0.0096 AUROC=0.9999 AUPRC=0.9987 BalAcc=0.9988 F1=0.9948 MCC=0.9942
Epoch 072 val  : loss=0.1032 AUROC=0.9829 AUPRC=0.8880 BalAcc=0.9254 F1=0.8261 MCC=0.8248
  learning_rate_used=5.887e-05; learning_rate_next=5.521e-05; elapsed=19.3s
  negatives seen=100.0%; hard negatives=0
Epoch 073 train: loss=0.0105 AUROC=0.9999 AUPRC=0.9987 BalAcc=0.9987 F1=0.9906 MCC=0.9897
Epoch 073 val  : loss=0.1173 AUROC=0.9793 AUPRC=0.8872 BalAcc=0.9185 F1=0.8386 MCC=0.8369
  learning_rate_used=5.521e-05; learning_rate_next=5.163e-05; elapsed=19.3s
  negatives seen=100.0%; hard negatives=0
Epoch 074 train: loss=0.0129 AUROC=0.9998 AUPRC=0.9974 BalAcc=0.9983 F1=0.9923 MCC=0.9916
Epoch 074 val  : loss=0.1036 AUROC=0.9798 AUPRC=0.8910 BalAcc=0.9256 F1=0.8349 MCC=0.8334
  learning_rate_used=5.163e-05; learning_rate_next=4.816e-05; elapsed=19.4s
  negatives seen=100.0%; hard negatives=0
Epoch 075 train: loss=0.0135 AUROC=0.9998 AUPRC=0.9976 BalAcc=0.9987 F1=0.9906 MCC=0.9897
Epoch 075 val  : loss=0.1066 AUROC=0.9796 AUPRC=0.8939 BalAcc=0.9244 F1=0.8395 MCC=0.8379
  learning_rate_used=4.816e-05; learning_rate_next=4.479e-05; elapsed=19.4s
  negatives seen=100.0%; hard negatives=0
Epoch 076 train: loss=0.0135 AUROC=0.9999 AUPRC=0.9989 BalAcc=0.9985 F1=0.9913 MCC=0.9904
Epoch 076 val  : loss=0.0995 AUROC=0.9819 AUPRC=0.8974 BalAcc=0.9350 F1=0.8331 MCC=0.8323
  learning_rate_used=4.479e-05; learning_rate_next=4.152e-05; elapsed=19.5s
  negatives seen=100.0%; hard negatives=0
Epoch 077 train: loss=0.0143 AUROC=0.9998 AUPRC=0.9975 BalAcc=0.9981 F1=0.9906 MCC=0.9897
Epoch 077 val  : loss=0.1062 AUROC=0.9806 AUPRC=0.8921 BalAcc=0.9243 F1=0.8296 MCC=0.8281
  learning_rate_used=4.152e-05; learning_rate_next=3.836e-05; elapsed=19.3s
  negatives seen=100.0%; hard negatives=0
Epoch 078 train: loss=0.0124 AUROC=0.9999 AUPRC=0.9990 BalAcc=0.9989 F1=0.9927 MCC=0.9920
Epoch 078 val  : loss=0.1168 AUROC=0.9769 AUPRC=0.8907 BalAcc=0.9173 F1=0.8443 MCC=0.8428
  learning_rate_used=3.836e-05; learning_rate_next=3.531e-05; elapsed=19.4s
  negatives seen=100.0%; hard negatives=0
Epoch 079 train: loss=0.0134 AUROC=0.9999 AUPRC=0.9982 BalAcc=0.9982 F1=0.9916 MCC=0.9908
Epoch 079 val  : loss=0.1084 AUROC=0.9777 AUPRC=0.8959 BalAcc=0.9279 F1=0.8337 MCC=0.8323
  learning_rate_used=3.531e-05; learning_rate_next=3.237e-05; elapsed=19.4s
  negatives seen=100.0%; hard negatives=0
Epoch 080 train: loss=0.0123 AUROC=0.9998 AUPRC=0.9980 BalAcc=0.9976 F1=0.9916 MCC=0.9908
Epoch 080 val  : loss=0.1073 AUROC=0.9774 AUPRC=0.8957 BalAcc=0.9291 F1=0.8370 MCC=0.8357
  learning_rate_used=3.237e-05; learning_rate_next=2.955e-05; elapsed=19.6s
  negatives seen=100.0%; hard negatives=0
Epoch 081 train: loss=0.0132 AUROC=0.9998 AUPRC=0.9980 BalAcc=0.9977 F1=0.9896 MCC=0.9885
Epoch 081 val  : loss=0.1139 AUROC=0.9770 AUPRC=0.8923 BalAcc=0.9280 F1=0.8396 MCC=0.8382
  learning_rate_used=2.955e-05; learning_rate_next=2.685e-05; elapsed=19.5s
  negatives seen=100.0%; hard negatives=0
Epoch 082 train: loss=0.0105 AUROC=0.9998 AUPRC=0.9968 BalAcc=0.9988 F1=0.9913 MCC=0.9905
Epoch 082 val  : loss=0.1142 AUROC=0.9760 AUPRC=0.8930 BalAcc=0.9268 F1=0.8383 MCC=0.8368
  learning_rate_used=2.685e-05; learning_rate_next=2.427e-05; elapsed=19.4s
  negatives seen=100.0%; hard negatives=0
Epoch 083 train: loss=0.0066 AUROC=1.0000 AUPRC=0.9995 BalAcc=0.9992 F1=0.9920 MCC=0.9912
Epoch 083 val  : loss=0.1152 AUROC=0.9745 AUPRC=0.8911 BalAcc=0.9232 F1=0.8341 MCC=0.8326
  learning_rate_used=2.427e-05; learning_rate_next=2.182e-05; elapsed=19.3s
  negatives seen=100.0%; hard negatives=0
Epoch 084 train: loss=0.0149 AUROC=0.9999 AUPRC=0.9979 BalAcc=0.9980 F1=0.9927 MCC=0.9919
Epoch 084 val  : loss=0.1167 AUROC=0.9762 AUPRC=0.8896 BalAcc=0.9220 F1=0.8357 MCC=0.8341
  learning_rate_used=2.182e-05; learning_rate_next=1.949e-05; elapsed=19.3s
  negatives seen=100.0%; hard negatives=0
Epoch 085 train: loss=0.0050 AUROC=0.9999 AUPRC=0.9989 BalAcc=0.9991 F1=0.9944 MCC=0.9939
Epoch 085 val  : loss=0.1199 AUROC=0.9767 AUPRC=0.8914 BalAcc=0.9232 F1=0.8391 MCC=0.8375
  learning_rate_used=1.949e-05; learning_rate_next=1.729e-05; elapsed=19.4s
  negatives seen=100.0%; hard negatives=0
Epoch 086 train: loss=0.0104 AUROC=0.9999 AUPRC=0.9994 BalAcc=0.9988 F1=0.9948 MCC=0.9942
Epoch 086 val  : loss=0.1275 AUROC=0.9743 AUPRC=0.8876 BalAcc=0.9197 F1=0.8430 MCC=0.8414
  learning_rate_used=1.729e-05; learning_rate_next=1.523e-05; elapsed=19.2s
  negatives seen=100.0%; hard negatives=0
Epoch 087 train: loss=0.0097 AUROC=1.0000 AUPRC=0.9994 BalAcc=0.9985 F1=0.9948 MCC=0.9942
Epoch 087 val  : loss=0.1132 AUROC=0.9772 AUPRC=0.8932 BalAcc=0.9268 F1=0.8412 MCC=0.8397
  learning_rate_used=1.523e-05; learning_rate_next=1.330e-05; elapsed=19.5s
  negatives seen=100.0%; hard negatives=0
Epoch 088 train: loss=0.0059 AUROC=0.9999 AUPRC=0.9990 BalAcc=0.9989 F1=0.9951 MCC=0.9946
Epoch 088 val  : loss=0.1161 AUROC=0.9767 AUPRC=0.8937 BalAcc=0.9257 F1=0.8429 MCC=0.8413
  learning_rate_used=1.330e-05; learning_rate_next=1.150e-05; elapsed=19.4s
Early stopping after 88 epochs.
Binary threshold: 0.882982 (strategy=val-mcc, validation_score=0.857081)
Validation-only run completed; frozen model: /data/projects/SFB_A03/jan/AT_TFBS/human301/runs/CREB3L3/crossassay_archthalia_20261009_144503_1046783/GHTS_seed4/model_for_prediction.pt
CREB3L3: GHTS -> GHTS
TEST CREB3L3 GHTS -> GHTS: loss=0.1101 AUROC=0.9811 AUPRC=0.8858 BalAcc=0.8899 F1=0.8342 MCC=0.8347
CREB3L3: GHTS -> CHIP
TEST CREB3L3 GHTS -> CHIP: loss=1.0099 AUROC=0.7155 AUPRC=0.1319 BalAcc=0.5385 F1=0.1339 MCC=0.1898
Completed CREB3L3/GHTS: one model, both fixed test sets.
