TF=FLI1 train=GHTS seed=1 model=hum301_motif64_local.py
/home/jbossenz/miniforge3/envs/at_env/bin/python -u /data/projects/SFB_A03/jan/AT_TFBS/human301/hum301_motif64_local.py train --cache /data/projects/SFB_A03/jan/AT_TFBS/raw_data/human/ArchThalia-ML/FLI1/GHTS/dataset.npz --output-dir /data/projects/SFB_A03/jan/AT_TFBS/human301/runs/FLI1/crossassay_archthalia_20261009_144503_1046783/GHTS_seed1 --input-length 256 --embed-channels 64 --encoder-channels 80 96 128 --heads 4 --ffn-channels 256 --classification-readout local-logsumexp --task-mode classification --checkpoint-objective classification-auprc --threshold-strategy val-mcc --negatives-per-positive 10 --batch-size 88 --hard-negative-fraction 0 --epochs 100 --patience 20 --learning-rate 0.0003 --min-learning-rate 0.000001 --weight-decay 0.0001 --dropout 0.1 --activation relu --reverse-complement-probability 0.5 --eval-crops multi --eval-rc --no-balanced-evaluation --eval-batch-size 128 --num-workers 2 --seed 1 --device cuda --skip-test
Window geometry: 256 bp from 301 bp; crop starts 0..45; shifts -22..+23; fresh uniform draw per access
Evaluation: crops (0, 22, 23, 45), reverse complement=True; all samples
train: n=1,503,385, positive=14,885, negative=1,488,500
  val: n=388,446, positive=3,846, negative=384,600
 test: n=1,678,216, positive=16,616, negative=1,661,600
Device: cuda
Hidden activation: RELU
Parameters: 1,032,981 total; 1,032,981 trainable
Architecture: motif kernels 9/12; encoder 128/64/64; original five-block bottleneck at 64; decoder 64/128/256
  negatives seen=10.0%; hard negatives=0
Epoch 001 train: loss=0.2291 AUROC=0.9913 AUPRC=0.9332 BalAcc=0.9543 F1=0.8245 MCC=0.8125
Epoch 001 val  : loss=0.0387 AUROC=0.9968 AUPRC=0.9008 BalAcc=0.9504 F1=0.7736 MCC=0.7795
  learning_rate_used=3.000e-04; learning_rate_next=2.999e-04; elapsed=189.4s
  saved new best checkpoint: /data/projects/SFB_A03/jan/AT_TFBS/human301/runs/FLI1/crossassay_archthalia_20261009_144503_1046783/GHTS_seed1/best_model.pt (objective=classification-auprc, score=0.900765)
  negatives seen=20.0%; hard negatives=0
Epoch 002 train: loss=0.1351 AUROC=0.9965 AUPRC=0.9721 BalAcc=0.9760 F1=0.9109 MCC=0.9033
Epoch 002 val  : loss=0.0347 AUROC=0.9973 AUPRC=0.9242 BalAcc=0.9819 F1=0.6692 MCC=0.7009
  learning_rate_used=2.999e-04; learning_rate_next=2.997e-04; elapsed=186.3s
  saved new best checkpoint: /data/projects/SFB_A03/jan/AT_TFBS/human301/runs/FLI1/crossassay_archthalia_20261009_144503_1046783/GHTS_seed1/best_model.pt (objective=classification-auprc, score=0.924179)
  negatives seen=30.0%; hard negatives=0
Epoch 003 train: loss=0.1185 AUROC=0.9973 AUPRC=0.9780 BalAcc=0.9795 F1=0.9233 MCC=0.9166
Epoch 003 val  : loss=0.0458 AUROC=0.9974 AUPRC=0.9300 BalAcc=0.9854 F1=0.5767 MCC=0.6290
  learning_rate_used=2.997e-04; learning_rate_next=2.993e-04; elapsed=185.4s
  saved new best checkpoint: /data/projects/SFB_A03/jan/AT_TFBS/human301/runs/FLI1/crossassay_archthalia_20261009_144503_1046783/GHTS_seed1/best_model.pt (objective=classification-auprc, score=0.929983)
  negatives seen=40.0%; hard negatives=0
Epoch 004 train: loss=0.1075 AUROC=0.9975 AUPRC=0.9796 BalAcc=0.9814 F1=0.9296 MCC=0.9235
Epoch 004 val  : loss=0.0278 AUROC=0.9975 AUPRC=0.9356 BalAcc=0.9792 F1=0.7699 MCC=0.7835
  learning_rate_used=2.993e-04; learning_rate_next=2.988e-04; elapsed=185.3s
  saved new best checkpoint: /data/projects/SFB_A03/jan/AT_TFBS/human301/runs/FLI1/crossassay_archthalia_20261009_144503_1046783/GHTS_seed1/best_model.pt (objective=classification-auprc, score=0.935551)
  negatives seen=50.0%; hard negatives=0
Epoch 005 train: loss=0.1028 AUROC=0.9977 AUPRC=0.9814 BalAcc=0.9828 F1=0.9338 MCC=0.9279
Epoch 005 val  : loss=0.0339 AUROC=0.9973 AUPRC=0.9284 BalAcc=0.9499 F1=0.8519 MCC=0.8517
  learning_rate_used=2.988e-04; learning_rate_next=2.982e-04; elapsed=184.5s
  negatives seen=60.0%; hard negatives=0
Epoch 006 train: loss=0.0991 AUROC=0.9979 AUPRC=0.9830 BalAcc=0.9837 F1=0.9375 MCC=0.9319
Epoch 006 val  : loss=0.0355 AUROC=0.9976 AUPRC=0.9419 BalAcc=0.9864 F1=0.6422 MCC=0.6809
  learning_rate_used=2.982e-04; learning_rate_next=2.974e-04; elapsed=183.9s
  saved new best checkpoint: /data/projects/SFB_A03/jan/AT_TFBS/human301/runs/FLI1/crossassay_archthalia_20261009_144503_1046783/GHTS_seed1/best_model.pt (objective=classification-auprc, score=0.941928)
  negatives seen=70.0%; hard negatives=0
Epoch 007 train: loss=0.0932 AUROC=0.9981 AUPRC=0.9842 BalAcc=0.9843 F1=0.9396 MCC=0.9342
Epoch 007 val  : loss=0.0311 AUROC=0.9976 AUPRC=0.9425 BalAcc=0.9847 F1=0.7026 MCC=0.7290
  learning_rate_used=2.974e-04; learning_rate_next=2.964e-04; elapsed=185.9s
  saved new best checkpoint: /data/projects/SFB_A03/jan/AT_TFBS/human301/runs/FLI1/crossassay_archthalia_20261009_144503_1046783/GHTS_seed1/best_model.pt (objective=classification-auprc, score=0.942466)
  negatives seen=80.0%; hard negatives=0
Epoch 008 train: loss=0.0925 AUROC=0.9981 AUPRC=0.9852 BalAcc=0.9841 F1=0.9385 MCC=0.9331
Epoch 008 val  : loss=0.0297 AUROC=0.9975 AUPRC=0.9407 BalAcc=0.9831 F1=0.7255 MCC=0.7473
  learning_rate_used=2.964e-04; learning_rate_next=2.953e-04; elapsed=184.7s
  negatives seen=90.0%; hard negatives=0
Epoch 009 train: loss=0.0889 AUROC=0.9982 AUPRC=0.9862 BalAcc=0.9850 F1=0.9423 MCC=0.9372
Epoch 009 val  : loss=0.0283 AUROC=0.9977 AUPRC=0.9422 BalAcc=0.9838 F1=0.7403 MCC=0.7599
  learning_rate_used=2.953e-04; learning_rate_next=2.941e-04; elapsed=186.3s
  negatives seen=100.0%; hard negatives=0
Epoch 010 train: loss=0.0861 AUROC=0.9982 AUPRC=0.9864 BalAcc=0.9859 F1=0.9461 MCC=0.9412
Epoch 010 val  : loss=0.0313 AUROC=0.9975 AUPRC=0.9383 BalAcc=0.9839 F1=0.7032 MCC=0.7292
  learning_rate_used=2.941e-04; learning_rate_next=2.927e-04; elapsed=184.9s
  negatives seen=100.0%; hard negatives=0
Epoch 011 train: loss=0.0833 AUROC=0.9984 AUPRC=0.9869 BalAcc=0.9863 F1=0.9479 MCC=0.9432
Epoch 011 val  : loss=0.0287 AUROC=0.9977 AUPRC=0.9349 BalAcc=0.9725 F1=0.8214 MCC=0.8270
  learning_rate_used=2.927e-04; learning_rate_next=2.912e-04; elapsed=187.4s
  negatives seen=100.0%; hard negatives=0
Epoch 012 train: loss=0.0798 AUROC=0.9985 AUPRC=0.9883 BalAcc=0.9871 F1=0.9489 MCC=0.9443
Epoch 012 val  : loss=0.0308 AUROC=0.9979 AUPRC=0.9445 BalAcc=0.9853 F1=0.6906 MCC=0.7194
  learning_rate_used=2.912e-04; learning_rate_next=2.895e-04; elapsed=185.8s
  saved new best checkpoint: /data/projects/SFB_A03/jan/AT_TFBS/human301/runs/FLI1/crossassay_archthalia_20261009_144503_1046783/GHTS_seed1/best_model.pt (objective=classification-auprc, score=0.944537)
  negatives seen=100.0%; hard negatives=0
Epoch 013 train: loss=0.0832 AUROC=0.9984 AUPRC=0.9869 BalAcc=0.9864 F1=0.9474 MCC=0.9426
Epoch 013 val  : loss=0.0285 AUROC=0.9978 AUPRC=0.9478 BalAcc=0.9841 F1=0.7220 MCC=0.7447
  learning_rate_used=2.895e-04; learning_rate_next=2.877e-04; elapsed=186.3s
  saved new best checkpoint: /data/projects/SFB_A03/jan/AT_TFBS/human301/runs/FLI1/crossassay_archthalia_20261009_144503_1046783/GHTS_seed1/best_model.pt (objective=classification-auprc, score=0.947770)
  negatives seen=100.0%; hard negatives=0
Epoch 014 train: loss=0.0781 AUROC=0.9986 AUPRC=0.9876 BalAcc=0.9868 F1=0.9482 MCC=0.9436
Epoch 014 val  : loss=0.0271 AUROC=0.9978 AUPRC=0.9423 BalAcc=0.9809 F1=0.7728 MCC=0.7865
  learning_rate_used=2.877e-04; learning_rate_next=2.858e-04; elapsed=186.1s
  negatives seen=100.0%; hard negatives=0
Epoch 015 train: loss=0.0768 AUROC=0.9987 AUPRC=0.9895 BalAcc=0.9866 F1=0.9490 MCC=0.9444
Epoch 015 val  : loss=0.0405 AUROC=0.9980 AUPRC=0.9436 BalAcc=0.9855 F1=0.6255 MCC=0.6673
  learning_rate_used=2.858e-04; learning_rate_next=2.837e-04; elapsed=184.7s
  negatives seen=100.0%; hard negatives=0
Epoch 016 train: loss=0.0760 AUROC=0.9987 AUPRC=0.9882 BalAcc=0.9872 F1=0.9499 MCC=0.9453
Epoch 016 val  : loss=0.0277 AUROC=0.9980 AUPRC=0.9399 BalAcc=0.9827 F1=0.7551 MCC=0.7719
  learning_rate_used=2.837e-04; learning_rate_next=2.815e-04; elapsed=184.2s
  negatives seen=100.0%; hard negatives=0
Epoch 017 train: loss=0.0727 AUROC=0.9988 AUPRC=0.9898 BalAcc=0.9875 F1=0.9527 MCC=0.9483
Epoch 017 val  : loss=0.0332 AUROC=0.9980 AUPRC=0.9469 BalAcc=0.9866 F1=0.6707 MCC=0.7038
  learning_rate_used=2.815e-04; learning_rate_next=2.792e-04; elapsed=185.6s
  negatives seen=100.0%; hard negatives=0
Epoch 018 train: loss=0.0702 AUROC=0.9989 AUPRC=0.9898 BalAcc=0.9883 F1=0.9545 MCC=0.9504
Epoch 018 val  : loss=0.0282 AUROC=0.9981 AUPRC=0.9480 BalAcc=0.9857 F1=0.7181 MCC=0.7420
  learning_rate_used=2.792e-04; learning_rate_next=2.767e-04; elapsed=185.7s
  saved new best checkpoint: /data/projects/SFB_A03/jan/AT_TFBS/human301/runs/FLI1/crossassay_archthalia_20261009_144503_1046783/GHTS_seed1/best_model.pt (objective=classification-auprc, score=0.947995)
  negatives seen=100.0%; hard negatives=0
Epoch 019 train: loss=0.0708 AUROC=0.9989 AUPRC=0.9897 BalAcc=0.9883 F1=0.9522 MCC=0.9479
Epoch 019 val  : loss=0.0269 AUROC=0.9980 AUPRC=0.9451 BalAcc=0.9838 F1=0.7544 MCC=0.7717
  learning_rate_used=2.767e-04; learning_rate_next=2.741e-04; elapsed=184.2s
  negatives seen=100.0%; hard negatives=0
Epoch 020 train: loss=0.0686 AUROC=0.9990 AUPRC=0.9910 BalAcc=0.9875 F1=0.9527 MCC=0.9484
Epoch 020 val  : loss=0.0273 AUROC=0.9979 AUPRC=0.9438 BalAcc=0.9848 F1=0.7513 MCC=0.7694
  learning_rate_used=2.741e-04; learning_rate_next=2.714e-04; elapsed=186.0s
  negatives seen=100.0%; hard negatives=0
Epoch 021 train: loss=0.0655 AUROC=0.9990 AUPRC=0.9902 BalAcc=0.9894 F1=0.9547 MCC=0.9506
Epoch 021 val  : loss=0.0266 AUROC=0.9981 AUPRC=0.9463 BalAcc=0.9834 F1=0.7522 MCC=0.7697
  learning_rate_used=2.714e-04; learning_rate_next=2.686e-04; elapsed=187.1s
  negatives seen=100.0%; hard negatives=0
Epoch 022 train: loss=0.0671 AUROC=0.9991 AUPRC=0.9910 BalAcc=0.9879 F1=0.9548 MCC=0.9507
Epoch 022 val  : loss=0.0394 AUROC=0.9982 AUPRC=0.9418 BalAcc=0.9864 F1=0.6435 MCC=0.6819
  learning_rate_used=2.686e-04; learning_rate_next=2.657e-04; elapsed=185.5s
  negatives seen=100.0%; hard negatives=0
Epoch 023 train: loss=0.0640 AUROC=0.9991 AUPRC=0.9911 BalAcc=0.9888 F1=0.9566 MCC=0.9526
Epoch 023 val  : loss=0.0367 AUROC=0.9983 AUPRC=0.9460 BalAcc=0.9863 F1=0.6518 MCC=0.6885
  learning_rate_used=2.657e-04; learning_rate_next=2.626e-04; elapsed=185.6s
  negatives seen=100.0%; hard negatives=0
Epoch 024 train: loss=0.0635 AUROC=0.9991 AUPRC=0.9911 BalAcc=0.9892 F1=0.9563 MCC=0.9524
Epoch 024 val  : loss=0.0263 AUROC=0.9983 AUPRC=0.9428 BalAcc=0.9820 F1=0.7756 MCC=0.7892
  learning_rate_used=2.626e-04; learning_rate_next=2.595e-04; elapsed=183.9s
  negatives seen=100.0%; hard negatives=0
Epoch 025 train: loss=0.0610 AUROC=0.9992 AUPRC=0.9919 BalAcc=0.9892 F1=0.9583 MCC=0.9545
Epoch 025 val  : loss=0.0287 AUROC=0.9983 AUPRC=0.9446 BalAcc=0.9844 F1=0.7383 MCC=0.7584
  learning_rate_used=2.595e-04; learning_rate_next=2.562e-04; elapsed=183.3s
  negatives seen=100.0%; hard negatives=0
Epoch 026 train: loss=0.0586 AUROC=0.9993 AUPRC=0.9927 BalAcc=0.9901 F1=0.9605 MCC=0.9568
Epoch 026 val  : loss=0.0265 AUROC=0.9981 AUPRC=0.9437 BalAcc=0.9787 F1=0.8084 MCC=0.8168
  learning_rate_used=2.562e-04; learning_rate_next=2.528e-04; elapsed=183.3s
  negatives seen=100.0%; hard negatives=0
Epoch 027 train: loss=0.0592 AUROC=0.9993 AUPRC=0.9927 BalAcc=0.9897 F1=0.9592 MCC=0.9554
Epoch 027 val  : loss=0.0267 AUROC=0.9981 AUPRC=0.9432 BalAcc=0.9782 F1=0.8192 MCC=0.8263
  learning_rate_used=2.528e-04; learning_rate_next=2.494e-04; elapsed=185.8s
  negatives seen=100.0%; hard negatives=0
Epoch 028 train: loss=0.0597 AUROC=0.9993 AUPRC=0.9931 BalAcc=0.9896 F1=0.9604 MCC=0.9567
Epoch 028 val  : loss=0.0301 AUROC=0.9980 AUPRC=0.9435 BalAcc=0.9836 F1=0.7385 MCC=0.7583
  learning_rate_used=2.494e-04; learning_rate_next=2.458e-04; elapsed=182.4s
  negatives seen=100.0%; hard negatives=0
Epoch 029 train: loss=0.0553 AUROC=0.9993 AUPRC=0.9926 BalAcc=0.9903 F1=0.9608 MCC=0.9572
Epoch 029 val  : loss=0.0300 AUROC=0.9983 AUPRC=0.9472 BalAcc=0.9860 F1=0.7069 MCC=0.7329
  learning_rate_used=2.458e-04; learning_rate_next=2.421e-04; elapsed=183.0s
  negatives seen=100.0%; hard negatives=0
Epoch 030 train: loss=0.0528 AUROC=0.9993 AUPRC=0.9930 BalAcc=0.9909 F1=0.9611 MCC=0.9575
Epoch 030 val  : loss=0.0279 AUROC=0.9981 AUPRC=0.9418 BalAcc=0.9810 F1=0.7699 MCC=0.7841
  learning_rate_used=2.421e-04; learning_rate_next=2.384e-04; elapsed=182.4s
  negatives seen=100.0%; hard negatives=0
Epoch 031 train: loss=0.0521 AUROC=0.9994 AUPRC=0.9938 BalAcc=0.9909 F1=0.9627 MCC=0.9592
Epoch 031 val  : loss=0.0291 AUROC=0.9981 AUPRC=0.9453 BalAcc=0.9822 F1=0.7562 MCC=0.7728
  learning_rate_used=2.384e-04; learning_rate_next=2.345e-04; elapsed=186.2s
  negatives seen=100.0%; hard negatives=0
Epoch 032 train: loss=0.0542 AUROC=0.9993 AUPRC=0.9934 BalAcc=0.9904 F1=0.9620 MCC=0.9584
Epoch 032 val  : loss=0.0284 AUROC=0.9981 AUPRC=0.9423 BalAcc=0.9813 F1=0.7587 MCC=0.7746
  learning_rate_used=2.345e-04; learning_rate_next=2.306e-04; elapsed=183.4s
  negatives seen=100.0%; hard negatives=0
Epoch 033 train: loss=0.0526 AUROC=0.9994 AUPRC=0.9941 BalAcc=0.9906 F1=0.9639 MCC=0.9605
Epoch 033 val  : loss=0.0267 AUROC=0.9982 AUPRC=0.9426 BalAcc=0.9810 F1=0.7827 MCC=0.7950
  learning_rate_used=2.306e-04; learning_rate_next=2.266e-04; elapsed=184.8s
  negatives seen=100.0%; hard negatives=0
Epoch 034 train: loss=0.0508 AUROC=0.9994 AUPRC=0.9928 BalAcc=0.9906 F1=0.9633 MCC=0.9599
Epoch 034 val  : loss=0.0261 AUROC=0.9983 AUPRC=0.9457 BalAcc=0.9799 F1=0.7995 MCC=0.8094
  learning_rate_used=2.266e-04; learning_rate_next=2.225e-04; elapsed=184.1s
  negatives seen=100.0%; hard negatives=0
Epoch 035 train: loss=0.0474 AUROC=0.9995 AUPRC=0.9946 BalAcc=0.9920 F1=0.9680 MCC=0.9650
Epoch 035 val  : loss=0.0279 AUROC=0.9981 AUPRC=0.9449 BalAcc=0.9800 F1=0.7837 MCC=0.7956
  learning_rate_used=2.225e-04; learning_rate_next=2.184e-04; elapsed=186.4s
  negatives seen=100.0%; hard negatives=0
Epoch 036 train: loss=0.0512 AUROC=0.9993 AUPRC=0.9929 BalAcc=0.9910 F1=0.9639 MCC=0.9605
Epoch 036 val  : loss=0.0309 AUROC=0.9982 AUPRC=0.9509 BalAcc=0.9862 F1=0.7012 MCC=0.7283
  learning_rate_used=2.184e-04; learning_rate_next=2.142e-04; elapsed=185.3s
  saved new best checkpoint: /data/projects/SFB_A03/jan/AT_TFBS/human301/runs/FLI1/crossassay_archthalia_20261009_144503_1046783/GHTS_seed1/best_model.pt (objective=classification-auprc, score=0.950931)
  negatives seen=100.0%; hard negatives=0
Epoch 037 train: loss=0.0499 AUROC=0.9994 AUPRC=0.9934 BalAcc=0.9906 F1=0.9638 MCC=0.9605
Epoch 037 val  : loss=0.0273 AUROC=0.9982 AUPRC=0.9472 BalAcc=0.9818 F1=0.7677 MCC=0.7824
  learning_rate_used=2.142e-04; learning_rate_next=2.099e-04; elapsed=182.9s
  negatives seen=100.0%; hard negatives=0
Epoch 038 train: loss=0.0484 AUROC=0.9994 AUPRC=0.9944 BalAcc=0.9917 F1=0.9667 MCC=0.9636
Epoch 038 val  : loss=0.0274 AUROC=0.9981 AUPRC=0.9455 BalAcc=0.9800 F1=0.7977 MCC=0.8078
  learning_rate_used=2.099e-04; learning_rate_next=2.055e-04; elapsed=185.1s
  negatives seen=100.0%; hard negatives=0
Epoch 039 train: loss=0.0458 AUROC=0.9995 AUPRC=0.9941 BalAcc=0.9918 F1=0.9666 MCC=0.9635
Epoch 039 val  : loss=0.0276 AUROC=0.9980 AUPRC=0.9430 BalAcc=0.9772 F1=0.8189 MCC=0.8258
  learning_rate_used=2.055e-04; learning_rate_next=2.011e-04; elapsed=184.6s
  negatives seen=100.0%; hard negatives=0
Epoch 040 train: loss=0.0492 AUROC=0.9994 AUPRC=0.9937 BalAcc=0.9911 F1=0.9644 MCC=0.9611
Epoch 040 val  : loss=0.0256 AUROC=0.9980 AUPRC=0.9467 BalAcc=0.9823 F1=0.7866 MCC=0.7988
  learning_rate_used=2.011e-04; learning_rate_next=1.967e-04; elapsed=183.9s
  negatives seen=100.0%; hard negatives=0
Epoch 041 train: loss=0.0457 AUROC=0.9995 AUPRC=0.9945 BalAcc=0.9917 F1=0.9668 MCC=0.9637
Epoch 041 val  : loss=0.0294 AUROC=0.9977 AUPRC=0.9437 BalAcc=0.9786 F1=0.7849 MCC=0.7963
  learning_rate_used=1.967e-04; learning_rate_next=1.922e-04; elapsed=184.5s
  negatives seen=100.0%; hard negatives=0
Epoch 042 train: loss=0.0431 AUROC=0.9996 AUPRC=0.9951 BalAcc=0.9919 F1=0.9688 MCC=0.9659
Epoch 042 val  : loss=0.0312 AUROC=0.9981 AUPRC=0.9463 BalAcc=0.9839 F1=0.7351 MCC=0.7556
  learning_rate_used=1.922e-04; learning_rate_next=1.877e-04; elapsed=185.6s
  negatives seen=100.0%; hard negatives=0
Epoch 043 train: loss=0.0435 AUROC=0.9995 AUPRC=0.9950 BalAcc=0.9920 F1=0.9697 MCC=0.9669
Epoch 043 val  : loss=0.0274 AUROC=0.9979 AUPRC=0.9458 BalAcc=0.9811 F1=0.7898 MCC=0.8012
  learning_rate_used=1.877e-04; learning_rate_next=1.831e-04; elapsed=184.3s
  negatives seen=100.0%; hard negatives=0
Epoch 044 train: loss=0.0416 AUROC=0.9995 AUPRC=0.9949 BalAcc=0.9926 F1=0.9697 MCC=0.9669
Epoch 044 val  : loss=0.0313 AUROC=0.9977 AUPRC=0.9408 BalAcc=0.9734 F1=0.8153 MCC=0.8218
  learning_rate_used=1.831e-04; learning_rate_next=1.785e-04; elapsed=182.7s
  negatives seen=100.0%; hard negatives=0
Epoch 045 train: loss=0.0430 AUROC=0.9996 AUPRC=0.9950 BalAcc=0.9923 F1=0.9696 MCC=0.9667
Epoch 045 val  : loss=0.0266 AUROC=0.9981 AUPRC=0.9462 BalAcc=0.9770 F1=0.8187 MCC=0.8256
  learning_rate_used=1.785e-04; learning_rate_next=1.739e-04; elapsed=185.2s
  negatives seen=100.0%; hard negatives=0
Epoch 046 train: loss=0.0387 AUROC=0.9996 AUPRC=0.9955 BalAcc=0.9930 F1=0.9720 MCC=0.9693
Epoch 046 val  : loss=0.0290 AUROC=0.9978 AUPRC=0.9466 BalAcc=0.9819 F1=0.7767 MCC=0.7901
  learning_rate_used=1.739e-04; learning_rate_next=1.692e-04; elapsed=183.6s
  negatives seen=100.0%; hard negatives=0
Epoch 047 train: loss=0.0401 AUROC=0.9996 AUPRC=0.9948 BalAcc=0.9929 F1=0.9713 MCC=0.9685
Epoch 047 val  : loss=0.0285 AUROC=0.9979 AUPRC=0.9457 BalAcc=0.9765 F1=0.8180 MCC=0.8248
  learning_rate_used=1.692e-04; learning_rate_next=1.646e-04; elapsed=185.1s
  negatives seen=100.0%; hard negatives=0
Epoch 048 train: loss=0.0411 AUROC=0.9996 AUPRC=0.9952 BalAcc=0.9927 F1=0.9712 MCC=0.9685
Epoch 048 val  : loss=0.0304 AUROC=0.9979 AUPRC=0.9439 BalAcc=0.9723 F1=0.8359 MCC=0.8401
  learning_rate_used=1.646e-04; learning_rate_next=1.599e-04; elapsed=185.7s
  negatives seen=100.0%; hard negatives=0
Epoch 049 train: loss=0.0391 AUROC=0.9996 AUPRC=0.9959 BalAcc=0.9934 F1=0.9732 MCC=0.9707
Epoch 049 val  : loss=0.0308 AUROC=0.9978 AUPRC=0.9432 BalAcc=0.9736 F1=0.8209 MCC=0.8268
  learning_rate_used=1.599e-04; learning_rate_next=1.552e-04; elapsed=185.7s
  negatives seen=100.0%; hard negatives=0
Epoch 050 train: loss=0.0387 AUROC=0.9996 AUPRC=0.9951 BalAcc=0.9931 F1=0.9713 MCC=0.9686
Epoch 050 val  : loss=0.0306 AUROC=0.9978 AUPRC=0.9446 BalAcc=0.9742 F1=0.8250 MCC=0.8306
  learning_rate_used=1.552e-04; learning_rate_next=1.505e-04; elapsed=184.3s
  negatives seen=100.0%; hard negatives=0
Epoch 051 train: loss=0.0375 AUROC=0.9996 AUPRC=0.9959 BalAcc=0.9931 F1=0.9730 MCC=0.9705
Epoch 051 val  : loss=0.0336 AUROC=0.9978 AUPRC=0.9396 BalAcc=0.9662 F1=0.8452 MCC=0.8475
  learning_rate_used=1.505e-04; learning_rate_next=1.458e-04; elapsed=187.1s
  negatives seen=100.0%; hard negatives=0
Epoch 052 train: loss=0.0388 AUROC=0.9996 AUPRC=0.9954 BalAcc=0.9929 F1=0.9727 MCC=0.9701
Epoch 052 val  : loss=0.0299 AUROC=0.9979 AUPRC=0.9466 BalAcc=0.9765 F1=0.8149 MCC=0.8221
  learning_rate_used=1.458e-04; learning_rate_next=1.411e-04; elapsed=184.1s
  negatives seen=100.0%; hard negatives=0
Epoch 053 train: loss=0.0351 AUROC=0.9997 AUPRC=0.9964 BalAcc=0.9938 F1=0.9749 MCC=0.9726
Epoch 053 val  : loss=0.0310 AUROC=0.9978 AUPRC=0.9445 BalAcc=0.9754 F1=0.8127 MCC=0.8198
  learning_rate_used=1.411e-04; learning_rate_next=1.364e-04; elapsed=183.0s
  negatives seen=100.0%; hard negatives=0
Epoch 054 train: loss=0.0367 AUROC=0.9996 AUPRC=0.9955 BalAcc=0.9932 F1=0.9728 MCC=0.9703
Epoch 054 val  : loss=0.0297 AUROC=0.9979 AUPRC=0.9424 BalAcc=0.9746 F1=0.8172 MCC=0.8237
  learning_rate_used=1.364e-04; learning_rate_next=1.318e-04; elapsed=185.4s
  negatives seen=100.0%; hard negatives=0
Epoch 055 train: loss=0.0333 AUROC=0.9997 AUPRC=0.9962 BalAcc=0.9939 F1=0.9766 MCC=0.9744
Epoch 055 val  : loss=0.0307 AUROC=0.9979 AUPRC=0.9440 BalAcc=0.9819 F1=0.7692 MCC=0.7837
  learning_rate_used=1.318e-04; learning_rate_next=1.271e-04; elapsed=184.8s
  negatives seen=100.0%; hard negatives=0
Epoch 056 train: loss=0.0337 AUROC=0.9997 AUPRC=0.9962 BalAcc=0.9935 F1=0.9744 MCC=0.9720
Epoch 056 val  : loss=0.0313 AUROC=0.9978 AUPRC=0.9464 BalAcc=0.9792 F1=0.7956 MCC=0.8058
  learning_rate_used=1.271e-04; learning_rate_next=1.225e-04; elapsed=184.4s
Early stopping after 56 epochs.
Binary threshold: 0.983626 (strategy=val-mcc, validation_score=0.896229)
Validation-only run completed; frozen model: /data/projects/SFB_A03/jan/AT_TFBS/human301/runs/FLI1/crossassay_archthalia_20261009_144503_1046783/GHTS_seed1/model_for_prediction.pt
FLI1: GHTS -> GHTS
TEST FLI1 GHTS -> GHTS: loss=0.0316 AUROC=0.9984 AUPRC=0.9537 BalAcc=0.9551 F1=0.8956 MCC=0.8946
FLI1: GHTS -> CHIP
TEST FLI1 GHTS -> CHIP: loss=0.4797 AUROC=0.8780 AUPRC=0.2239 BalAcc=0.5747 F1=0.2310 MCC=0.2686
Completed FLI1/GHTS: one model, both fixed test sets.
