YY1/CHIP: packing existing FASTAs into /data/projects/SFB_A03/jan/AT_TFBS/raw_data/human/ArchThalia-ML/YY1/CHIP/dataset.npz; no genome extraction
Loaded train_positive: 24,168
Loaded train_negative: 2,416,800
Loaded test_positive: 20,802
Loaded test_negative: 2,080,200
{
  "train": {
    "positive": 18810,
    "negative": 1881000,
    "total": 1899810,
    "chromosomes": [
      "chr1",
      "chr11",
      "chr13",
      "chr15",
      "chr17",
      "chr19",
      "chr21",
      "chr3",
      "chr9"
    ],
    "sequences_with_N": 0,
    "max_N_fraction": 0.0,
    "mean_GC_fraction_ACGT_only": {
      "positive": 0.5443264609727279,
      "negative": 0.48038921828885106
    }
  },
  "validation": {
    "positive": 5358,
    "negative": 535800,
    "total": 541158,
    "chromosomes": [
      "chr5",
      "chr7"
    ],
    "sequences_with_N": 1,
    "max_N_fraction": 0.38870431893687707,
    "mean_GC_fraction_ACGT_only": {
      "positive": 0.5104837691759679,
      "negative": 0.46603746501334975
    }
  },
  "test": {
    "positive": 20802,
    "negative": 2080200,
    "total": 2101002,
    "chromosomes": [
      "chr10",
      "chr12",
      "chr14",
      "chr16",
      "chr18",
      "chr2",
      "chr20",
      "chr22",
      "chr4",
      "chr6",
      "chr8"
    ],
    "sequences_with_N": 0,
    "max_N_fraction": 0.0,
    "mean_GC_fraction_ACGT_only": {
      "positive": 0.5279071683945545,
      "negative": 0.47648020363490473
    }
  }
}
Sequence audit: {
  "train": {
    "duplicates_or_RC_duplicates_within_split": 39,
    "identical_or_RC_identical_sequences_with_both_labels": 0
  },
  "validation": {
    "duplicates_or_RC_duplicates_within_split": 15,
    "identical_or_RC_identical_sequences_with_both_labels": 0
  },
  "test": {
    "duplicates_or_RC_duplicates_within_split": 46,
    "identical_or_RC_identical_sequences_with_both_labels": 0
  },
  "train_validation_shared_sequences_or_RC": 6,
  "train_test_shared_sequences_or_RC": 18,
  "validation_test_shared_sequences_or_RC": 6
}
Saved: /data/projects/SFB_A03/jan/AT_TFBS/raw_data/human/ArchThalia-ML/YY1/CHIP/dataset.npz
YY1/GHTS: packing existing FASTAs into /data/projects/SFB_A03/jan/AT_TFBS/raw_data/human/ArchThalia-ML/YY1/GHTS/dataset.npz; no genome extraction
Loaded train_positive: 8,757
Loaded train_negative: 875,700
Loaded test_positive: 8,195
Loaded test_negative: 819,500
{
  "train": {
    "positive": 6778,
    "negative": 677800,
    "total": 684578,
    "chromosomes": [
      "chr1",
      "chr11",
      "chr13",
      "chr15",
      "chr17",
      "chr19",
      "chr21",
      "chr3",
      "chr9"
    ],
    "sequences_with_N": 2,
    "max_N_fraction": 0.03322259136212625,
    "mean_GC_fraction_ACGT_only": {
      "positive": 0.4990933285198714,
      "negative": 0.498756216369356
    }
  },
  "validation": {
    "positive": 1979,
    "negative": 197900,
    "total": 199879,
    "chromosomes": [
      "chr5",
      "chr7"
    ],
    "sequences_with_N": 0,
    "max_N_fraction": 0.0,
    "mean_GC_fraction_ACGT_only": {
      "positive": 0.482672714666792,
      "negative": 0.4826483726973756
    }
  },
  "test": {
    "positive": 8195,
    "negative": 819500,
    "total": 827695,
    "chromosomes": [
      "chr10",
      "chr12",
      "chr14",
      "chr16",
      "chr18",
      "chr2",
      "chr20",
      "chr22",
      "chr4",
      "chr6",
      "chr8"
    ],
    "sequences_with_N": 2,
    "max_N_fraction": 0.19933554817275748,
    "mean_GC_fraction_ACGT_only": {
      "positive": 0.4872593617983259,
      "negative": 0.4870034398253533
    }
  }
}
Sequence audit: {
  "train": {
    "duplicates_or_RC_duplicates_within_split": 8,
    "identical_or_RC_identical_sequences_with_both_labels": 0
  },
  "validation": {
    "duplicates_or_RC_duplicates_within_split": 1,
    "identical_or_RC_identical_sequences_with_both_labels": 0
  },
  "test": {
    "duplicates_or_RC_duplicates_within_split": 7,
    "identical_or_RC_identical_sequences_with_both_labels": 0
  },
  "train_validation_shared_sequences_or_RC": 1,
  "train_test_shared_sequences_or_RC": 11,
  "validation_test_shared_sequences_or_RC": 0
}
Saved: /data/projects/SFB_A03/jan/AT_TFBS/raw_data/human/ArchThalia-ML/YY1/GHTS/dataset.npz
YY1: caches ready for CHIP and GHTS; cross-test chromosomes are held out.
