TF=SRY variant=local seed=2
/home/jbossenz/miniforge3/envs/at_env/bin/python -u /data/projects/SFB_A03/jan/AT_TFBS/human301/hum301_motif64_local.py train --cache /data/projects/SFB_A03/jan/AT_TFBS/raw_data/human/SRY/hum301_20261005_185818_tdUK1h/dataset.npz --output-dir /data/projects/SFB_A03/jan/AT_TFBS/human301/runs/SRY/multitf_20261006_033507_932031_local_seed2 --input-length 256 --embed-channels 64 --encoder-channels 80 96 128 --heads 4 --ffn-channels 256 --classification-readout local-logsumexp --task-mode classification --checkpoint-objective classification-auprc --threshold-strategy val-mcc --negatives-per-positive 10 --batch-size 88 --hard-negative-fraction 0 --epochs 100 --patience 20 --learning-rate 0.0003 --min-learning-rate 0.000001 --weight-decay 0.0001 --dropout 0.1 --activation relu --reverse-complement-probability 0.5 --eval-crops multi --eval-rc --no-balanced-evaluation --eval-batch-size 128 --num-workers 2 --seed 2 --device cuda
Window geometry: 256 bp from 301 bp; crop starts 0..45; shifts -22..+23; fresh uniform draw per access
Evaluation: crops (0, 22, 23, 45), reverse complement=True; all samples
train: n=335,219, positive=3,319, negative=331,900
  val: n=100,899, positive=999, negative=99,900
 test: n=371,478, positive=3,678, negative=367,800
Device: cuda
Hidden activation: RELU
Parameters: 1,032,981 total; 1,032,981 trainable
Architecture: motif kernels 9/12; encoder 128/64/64; original five-block bottleneck at 64; decoder 64/128/256
  negatives seen=10.0%; hard negatives=0
Epoch 001 train: loss=1.0669 AUROC=0.7595 AUPRC=0.2608 BalAcc=0.6870 F1=0.2852 MCC=0.2259
Epoch 001 val  : loss=0.3872 AUROC=0.8520 AUPRC=0.0924 BalAcc=0.7373 F1=0.0993 MCC=0.1535
  learning_rate_used=3.000e-04; learning_rate_next=2.999e-04; elapsed=45.5s
  saved new best checkpoint: /data/projects/SFB_A03/jan/AT_TFBS/human301/runs/SRY/multitf_20261006_033507_932031_local_seed2/best_model.pt (objective=classification-auprc, score=0.092426)
  negatives seen=20.0%; hard negatives=0
Epoch 002 train: loss=0.8476 AUROC=0.8621 AUPRC=0.4503 BalAcc=0.7810 F1=0.3949 MCC=0.3650
Epoch 002 val  : loss=0.3679 AUROC=0.8873 AUPRC=0.1603 BalAcc=0.7906 F1=0.1039 MCC=0.1751
  learning_rate_used=2.999e-04; learning_rate_next=2.997e-04; elapsed=44.7s
  saved new best checkpoint: /data/projects/SFB_A03/jan/AT_TFBS/human301/runs/SRY/multitf_20261006_033507_932031_local_seed2/best_model.pt (objective=classification-auprc, score=0.160314)
  negatives seen=30.0%; hard negatives=0
Epoch 003 train: loss=0.7564 AUROC=0.8926 AUPRC=0.5296 BalAcc=0.8081 F1=0.4403 MCC=0.4153
Epoch 003 val  : loss=0.5950 AUROC=0.8970 AUPRC=0.1749 BalAcc=0.7979 F1=0.0564 MCC=0.1283
  learning_rate_used=2.997e-04; learning_rate_next=2.993e-04; elapsed=44.4s
  saved new best checkpoint: /data/projects/SFB_A03/jan/AT_TFBS/human301/runs/SRY/multitf_20261006_033507_932031_local_seed2/best_model.pt (objective=classification-auprc, score=0.174895)
  negatives seen=40.0%; hard negatives=0
Epoch 004 train: loss=0.7193 AUROC=0.9039 AUPRC=0.5562 BalAcc=0.8224 F1=0.4617 MCC=0.4399
Epoch 004 val  : loss=0.2153 AUROC=0.9028 AUPRC=0.1964 BalAcc=0.7404 F1=0.2110 MCC=0.2478
  learning_rate_used=2.993e-04; learning_rate_next=2.988e-04; elapsed=44.1s
  saved new best checkpoint: /data/projects/SFB_A03/jan/AT_TFBS/human301/runs/SRY/multitf_20261006_033507_932031_local_seed2/best_model.pt (objective=classification-auprc, score=0.196404)
  negatives seen=50.0%; hard negatives=0
Epoch 005 train: loss=0.6886 AUROC=0.9132 AUPRC=0.5837 BalAcc=0.8367 F1=0.4899 MCC=0.4698
Epoch 005 val  : loss=0.4138 AUROC=0.9098 AUPRC=0.2114 BalAcc=0.8235 F1=0.0869 MCC=0.1681
  learning_rate_used=2.988e-04; learning_rate_next=2.982e-04; elapsed=44.3s
  saved new best checkpoint: /data/projects/SFB_A03/jan/AT_TFBS/human301/runs/SRY/multitf_20261006_033507_932031_local_seed2/best_model.pt (objective=classification-auprc, score=0.211360)
  negatives seen=60.0%; hard negatives=0
Epoch 006 train: loss=0.6416 AUROC=0.9244 AUPRC=0.6206 BalAcc=0.8483 F1=0.5044 MCC=0.4877
Epoch 006 val  : loss=0.3830 AUROC=0.9115 AUPRC=0.2139 BalAcc=0.8285 F1=0.0930 MCC=0.1760
  learning_rate_used=2.982e-04; learning_rate_next=2.974e-04; elapsed=44.5s
  saved new best checkpoint: /data/projects/SFB_A03/jan/AT_TFBS/human301/runs/SRY/multitf_20261006_033507_932031_local_seed2/best_model.pt (objective=classification-auprc, score=0.213915)
  negatives seen=70.0%; hard negatives=0
Epoch 007 train: loss=0.6157 AUROC=0.9306 AUPRC=0.6356 BalAcc=0.8542 F1=0.5200 MCC=0.5032
Epoch 007 val  : loss=0.2660 AUROC=0.9056 AUPRC=0.1912 BalAcc=0.7973 F1=0.1488 MCC=0.2183
  learning_rate_used=2.974e-04; learning_rate_next=2.964e-04; elapsed=44.9s
  negatives seen=80.0%; hard negatives=0
Epoch 008 train: loss=0.6075 AUROC=0.9329 AUPRC=0.6500 BalAcc=0.8582 F1=0.5318 MCC=0.5147
Epoch 008 val  : loss=0.3366 AUROC=0.9161 AUPRC=0.2348 BalAcc=0.8241 F1=0.1080 MCC=0.1896
  learning_rate_used=2.964e-04; learning_rate_next=2.953e-04; elapsed=44.7s
  saved new best checkpoint: /data/projects/SFB_A03/jan/AT_TFBS/human301/runs/SRY/multitf_20261006_033507_932031_local_seed2/best_model.pt (objective=classification-auprc, score=0.234771)
  negatives seen=90.0%; hard negatives=0
Epoch 009 train: loss=0.5717 AUROC=0.9402 AUPRC=0.6737 BalAcc=0.8646 F1=0.5421 MCC=0.5263
Epoch 009 val  : loss=0.2874 AUROC=0.9215 AUPRC=0.2537 BalAcc=0.8312 F1=0.1341 MCC=0.2167
  learning_rate_used=2.953e-04; learning_rate_next=2.941e-04; elapsed=44.5s
  saved new best checkpoint: /data/projects/SFB_A03/jan/AT_TFBS/human301/runs/SRY/multitf_20261006_033507_932031_local_seed2/best_model.pt (objective=classification-auprc, score=0.253663)
  negatives seen=100.0%; hard negatives=0
Epoch 010 train: loss=0.5563 AUROC=0.9438 AUPRC=0.6840 BalAcc=0.8709 F1=0.5583 MCC=0.5426
Epoch 010 val  : loss=0.3182 AUROC=0.9253 AUPRC=0.2581 BalAcc=0.8413 F1=0.1162 MCC=0.2031
  learning_rate_used=2.941e-04; learning_rate_next=2.927e-04; elapsed=44.4s
  saved new best checkpoint: /data/projects/SFB_A03/jan/AT_TFBS/human301/runs/SRY/multitf_20261006_033507_932031_local_seed2/best_model.pt (objective=classification-auprc, score=0.258122)
  negatives seen=100.0%; hard negatives=0
Epoch 011 train: loss=0.5433 AUROC=0.9464 AUPRC=0.6948 BalAcc=0.8757 F1=0.5669 MCC=0.5521
Epoch 011 val  : loss=0.3018 AUROC=0.9255 AUPRC=0.2560 BalAcc=0.8419 F1=0.1240 MCC=0.2108
  learning_rate_used=2.927e-04; learning_rate_next=2.912e-04; elapsed=44.3s
  negatives seen=100.0%; hard negatives=0
Epoch 012 train: loss=0.5242 AUROC=0.9503 AUPRC=0.7027 BalAcc=0.8809 F1=0.5803 MCC=0.5656
Epoch 012 val  : loss=0.5920 AUROC=0.9277 AUPRC=0.2483 BalAcc=0.8290 F1=0.0636 MCC=0.1450
  learning_rate_used=2.912e-04; learning_rate_next=2.895e-04; elapsed=44.5s
  negatives seen=100.0%; hard negatives=0
Epoch 013 train: loss=0.4949 AUROC=0.9553 AUPRC=0.7192 BalAcc=0.8864 F1=0.5891 MCC=0.5756
Epoch 013 val  : loss=0.2520 AUROC=0.9329 AUPRC=0.2747 BalAcc=0.8422 F1=0.1493 MCC=0.2342
  learning_rate_used=2.895e-04; learning_rate_next=2.877e-04; elapsed=44.3s
  saved new best checkpoint: /data/projects/SFB_A03/jan/AT_TFBS/human301/runs/SRY/multitf_20261006_033507_932031_local_seed2/best_model.pt (objective=classification-auprc, score=0.274729)
  negatives seen=100.0%; hard negatives=0
Epoch 014 train: loss=0.4904 AUROC=0.9568 AUPRC=0.7374 BalAcc=0.8882 F1=0.5996 MCC=0.5852
Epoch 014 val  : loss=0.4351 AUROC=0.9238 AUPRC=0.2559 BalAcc=0.8422 F1=0.0837 MCC=0.1703
  learning_rate_used=2.877e-04; learning_rate_next=2.858e-04; elapsed=45.5s
  negatives seen=100.0%; hard negatives=0
Epoch 015 train: loss=0.4744 AUROC=0.9598 AUPRC=0.7470 BalAcc=0.8933 F1=0.6127 MCC=0.5985
Epoch 015 val  : loss=0.1960 AUROC=0.9259 AUPRC=0.2644 BalAcc=0.7782 F1=0.2353 MCC=0.2818
  learning_rate_used=2.858e-04; learning_rate_next=2.837e-04; elapsed=44.5s
  negatives seen=100.0%; hard negatives=0
Epoch 016 train: loss=0.4531 AUROC=0.9630 AUPRC=0.7487 BalAcc=0.9004 F1=0.6281 MCC=0.6148
Epoch 016 val  : loss=0.3982 AUROC=0.9299 AUPRC=0.2760 BalAcc=0.8501 F1=0.0940 MCC=0.1835
  learning_rate_used=2.837e-04; learning_rate_next=2.815e-04; elapsed=44.5s
  saved new best checkpoint: /data/projects/SFB_A03/jan/AT_TFBS/human301/runs/SRY/multitf_20261006_033507_932031_local_seed2/best_model.pt (objective=classification-auprc, score=0.275971)
  negatives seen=100.0%; hard negatives=0
Epoch 017 train: loss=0.4459 AUROC=0.9637 AUPRC=0.7544 BalAcc=0.8996 F1=0.6244 MCC=0.6113
Epoch 017 val  : loss=0.2133 AUROC=0.9310 AUPRC=0.2797 BalAcc=0.8171 F1=0.1957 MCC=0.2651
  learning_rate_used=2.815e-04; learning_rate_next=2.792e-04; elapsed=44.5s
  saved new best checkpoint: /data/projects/SFB_A03/jan/AT_TFBS/human301/runs/SRY/multitf_20261006_033507_932031_local_seed2/best_model.pt (objective=classification-auprc, score=0.279697)
  negatives seen=100.0%; hard negatives=0
Epoch 018 train: loss=0.4391 AUROC=0.9649 AUPRC=0.7699 BalAcc=0.9023 F1=0.6327 MCC=0.6196
Epoch 018 val  : loss=0.3515 AUROC=0.9364 AUPRC=0.2884 BalAcc=0.8630 F1=0.1081 MCC=0.2019
  learning_rate_used=2.792e-04; learning_rate_next=2.767e-04; elapsed=44.4s
  saved new best checkpoint: /data/projects/SFB_A03/jan/AT_TFBS/human301/runs/SRY/multitf_20261006_033507_932031_local_seed2/best_model.pt (objective=classification-auprc, score=0.288408)
  negatives seen=100.0%; hard negatives=0
Epoch 019 train: loss=0.4109 AUROC=0.9691 AUPRC=0.7785 BalAcc=0.9126 F1=0.6639 MCC=0.6509
Epoch 019 val  : loss=0.5784 AUROC=0.9321 AUPRC=0.2764 BalAcc=0.8389 F1=0.0682 MCC=0.1529
  learning_rate_used=2.767e-04; learning_rate_next=2.741e-04; elapsed=44.4s
  negatives seen=100.0%; hard negatives=0
Epoch 020 train: loss=0.4184 AUROC=0.9681 AUPRC=0.7751 BalAcc=0.9111 F1=0.6531 MCC=0.6409
Epoch 020 val  : loss=0.2599 AUROC=0.9322 AUPRC=0.2904 BalAcc=0.8481 F1=0.1512 MCC=0.2380
  learning_rate_used=2.741e-04; learning_rate_next=2.714e-04; elapsed=44.4s
  saved new best checkpoint: /data/projects/SFB_A03/jan/AT_TFBS/human301/runs/SRY/multitf_20261006_033507_932031_local_seed2/best_model.pt (objective=classification-auprc, score=0.290415)
  negatives seen=100.0%; hard negatives=0
Epoch 021 train: loss=0.3911 AUROC=0.9720 AUPRC=0.7928 BalAcc=0.9171 F1=0.6744 MCC=0.6618
Epoch 021 val  : loss=0.1976 AUROC=0.9344 AUPRC=0.2943 BalAcc=0.8101 F1=0.2207 MCC=0.2827
  learning_rate_used=2.714e-04; learning_rate_next=2.686e-04; elapsed=44.3s
  saved new best checkpoint: /data/projects/SFB_A03/jan/AT_TFBS/human301/runs/SRY/multitf_20261006_033507_932031_local_seed2/best_model.pt (objective=classification-auprc, score=0.294263)
  negatives seen=100.0%; hard negatives=0
Epoch 022 train: loss=0.3881 AUROC=0.9728 AUPRC=0.7988 BalAcc=0.9163 F1=0.6788 MCC=0.6654
Epoch 022 val  : loss=0.1843 AUROC=0.9261 AUPRC=0.2859 BalAcc=0.7462 F1=0.2833 MCC=0.3064
  learning_rate_used=2.686e-04; learning_rate_next=2.657e-04; elapsed=44.5s
  negatives seen=100.0%; hard negatives=0
Epoch 023 train: loss=0.3663 AUROC=0.9753 AUPRC=0.7999 BalAcc=0.9220 F1=0.6924 MCC=0.6796
Epoch 023 val  : loss=0.1955 AUROC=0.9312 AUPRC=0.2704 BalAcc=0.7299 F1=0.3027 MCC=0.3155
  learning_rate_used=2.657e-04; learning_rate_next=2.626e-04; elapsed=44.3s
  negatives seen=100.0%; hard negatives=0
Epoch 024 train: loss=0.3716 AUROC=0.9746 AUPRC=0.7984 BalAcc=0.9206 F1=0.6890 MCC=0.6760
Epoch 024 val  : loss=0.2026 AUROC=0.9288 AUPRC=0.2799 BalAcc=0.7254 F1=0.3176 MCC=0.3259
  learning_rate_used=2.626e-04; learning_rate_next=2.595e-04; elapsed=44.4s
  negatives seen=100.0%; hard negatives=0
Epoch 025 train: loss=0.3693 AUROC=0.9753 AUPRC=0.8030 BalAcc=0.9240 F1=0.6939 MCC=0.6817
Epoch 025 val  : loss=0.1826 AUROC=0.9329 AUPRC=0.2903 BalAcc=0.7659 F1=0.2894 MCC=0.3189
  learning_rate_used=2.595e-04; learning_rate_next=2.562e-04; elapsed=44.5s
  negatives seen=100.0%; hard negatives=0
Epoch 026 train: loss=0.3452 AUROC=0.9782 AUPRC=0.8196 BalAcc=0.9292 F1=0.7142 MCC=0.7018
Epoch 026 val  : loss=0.2075 AUROC=0.9320 AUPRC=0.2954 BalAcc=0.6909 F1=0.3456 MCC=0.3406
  learning_rate_used=2.562e-04; learning_rate_next=2.528e-04; elapsed=44.4s
  saved new best checkpoint: /data/projects/SFB_A03/jan/AT_TFBS/human301/runs/SRY/multitf_20261006_033507_932031_local_seed2/best_model.pt (objective=classification-auprc, score=0.295389)
  negatives seen=100.0%; hard negatives=0
Epoch 027 train: loss=0.3312 AUROC=0.9794 AUPRC=0.8239 BalAcc=0.9303 F1=0.7160 MCC=0.7038
Epoch 027 val  : loss=0.1881 AUROC=0.9325 AUPRC=0.2884 BalAcc=0.7703 F1=0.2727 MCC=0.3077
  learning_rate_used=2.528e-04; learning_rate_next=2.494e-04; elapsed=44.5s
  negatives seen=100.0%; hard negatives=0
Epoch 028 train: loss=0.3158 AUROC=0.9808 AUPRC=0.8347 BalAcc=0.9321 F1=0.7253 MCC=0.7128
Epoch 028 val  : loss=0.2804 AUROC=0.9278 AUPRC=0.2887 BalAcc=0.8427 F1=0.1402 MCC=0.2262
  learning_rate_used=2.494e-04; learning_rate_next=2.458e-04; elapsed=44.5s
  negatives seen=100.0%; hard negatives=0
Epoch 029 train: loss=0.3251 AUROC=0.9804 AUPRC=0.8319 BalAcc=0.9314 F1=0.7256 MCC=0.7128
Epoch 029 val  : loss=0.1948 AUROC=0.9329 AUPRC=0.2954 BalAcc=0.8032 F1=0.2244 MCC=0.2830
  learning_rate_used=2.458e-04; learning_rate_next=2.421e-04; elapsed=44.5s
  negatives seen=100.0%; hard negatives=0
Epoch 030 train: loss=0.3133 AUROC=0.9815 AUPRC=0.8446 BalAcc=0.9382 F1=0.7371 MCC=0.7256
Epoch 030 val  : loss=0.1909 AUROC=0.9335 AUPRC=0.3000 BalAcc=0.8054 F1=0.2521 MCC=0.3057
  learning_rate_used=2.421e-04; learning_rate_next=2.384e-04; elapsed=44.3s
  saved new best checkpoint: /data/projects/SFB_A03/jan/AT_TFBS/human301/runs/SRY/multitf_20261006_033507_932031_local_seed2/best_model.pt (objective=classification-auprc, score=0.300001)
  negatives seen=100.0%; hard negatives=0
Epoch 031 train: loss=0.3043 AUROC=0.9824 AUPRC=0.8477 BalAcc=0.9384 F1=0.7445 MCC=0.7325
Epoch 031 val  : loss=0.2498 AUROC=0.9317 AUPRC=0.2898 BalAcc=0.8384 F1=0.1625 MCC=0.2446
  learning_rate_used=2.384e-04; learning_rate_next=2.345e-04; elapsed=44.6s
  negatives seen=100.0%; hard negatives=0
Epoch 032 train: loss=0.2925 AUROC=0.9836 AUPRC=0.8499 BalAcc=0.9401 F1=0.7471 MCC=0.7354
Epoch 032 val  : loss=0.1986 AUROC=0.9263 AUPRC=0.2799 BalAcc=0.7785 F1=0.2433 MCC=0.2882
  learning_rate_used=2.345e-04; learning_rate_next=2.306e-04; elapsed=44.5s
  negatives seen=100.0%; hard negatives=0
Epoch 033 train: loss=0.2941 AUROC=0.9836 AUPRC=0.8517 BalAcc=0.9406 F1=0.7519 MCC=0.7399
Epoch 033 val  : loss=0.1959 AUROC=0.9299 AUPRC=0.2979 BalAcc=0.7947 F1=0.2467 MCC=0.2972
  learning_rate_used=2.306e-04; learning_rate_next=2.266e-04; elapsed=44.5s
  negatives seen=100.0%; hard negatives=0
Epoch 034 train: loss=0.2800 AUROC=0.9848 AUPRC=0.8600 BalAcc=0.9404 F1=0.7590 MCC=0.7464
Epoch 034 val  : loss=0.2048 AUROC=0.9301 AUPRC=0.3056 BalAcc=0.7255 F1=0.3426 MCC=0.3466
  learning_rate_used=2.266e-04; learning_rate_next=2.225e-04; elapsed=44.4s
  saved new best checkpoint: /data/projects/SFB_A03/jan/AT_TFBS/human301/runs/SRY/multitf_20261006_033507_932031_local_seed2/best_model.pt (objective=classification-auprc, score=0.305560)
  negatives seen=100.0%; hard negatives=0
Epoch 035 train: loss=0.2882 AUROC=0.9844 AUPRC=0.8572 BalAcc=0.9422 F1=0.7564 MCC=0.7446
Epoch 035 val  : loss=0.1985 AUROC=0.9353 AUPRC=0.3078 BalAcc=0.8174 F1=0.2169 MCC=0.2824
  learning_rate_used=2.225e-04; learning_rate_next=2.184e-04; elapsed=44.5s
  saved new best checkpoint: /data/projects/SFB_A03/jan/AT_TFBS/human301/runs/SRY/multitf_20261006_033507_932031_local_seed2/best_model.pt (objective=classification-auprc, score=0.307829)
  negatives seen=100.0%; hard negatives=0
Epoch 036 train: loss=0.2497 AUROC=0.9875 AUPRC=0.8785 BalAcc=0.9502 F1=0.7847 MCC=0.7734
Epoch 036 val  : loss=0.2526 AUROC=0.9304 AUPRC=0.3047 BalAcc=0.8466 F1=0.1619 MCC=0.2470
  learning_rate_used=2.184e-04; learning_rate_next=2.142e-04; elapsed=44.5s
  negatives seen=100.0%; hard negatives=0
Epoch 037 train: loss=0.2614 AUROC=0.9870 AUPRC=0.8716 BalAcc=0.9484 F1=0.7823 MCC=0.7706
Epoch 037 val  : loss=0.2534 AUROC=0.9320 AUPRC=0.2966 BalAcc=0.8495 F1=0.1641 MCC=0.2499
  learning_rate_used=2.142e-04; learning_rate_next=2.099e-04; elapsed=44.5s
  negatives seen=100.0%; hard negatives=0
Epoch 038 train: loss=0.2633 AUROC=0.9870 AUPRC=0.8748 BalAcc=0.9460 F1=0.7792 MCC=0.7670
Epoch 038 val  : loss=0.2035 AUROC=0.9350 AUPRC=0.3046 BalAcc=0.8127 F1=0.2161 MCC=0.2800
  learning_rate_used=2.099e-04; learning_rate_next=2.055e-04; elapsed=44.7s
  negatives seen=100.0%; hard negatives=0
Epoch 039 train: loss=0.2563 AUROC=0.9870 AUPRC=0.8773 BalAcc=0.9488 F1=0.7798 MCC=0.7684
Epoch 039 val  : loss=0.1938 AUROC=0.9336 AUPRC=0.2970 BalAcc=0.7867 F1=0.2563 MCC=0.3015
  learning_rate_used=2.055e-04; learning_rate_next=2.011e-04; elapsed=44.2s
  negatives seen=100.0%; hard negatives=0
Epoch 040 train: loss=0.2491 AUROC=0.9877 AUPRC=0.8750 BalAcc=0.9505 F1=0.7895 MCC=0.7780
Epoch 040 val  : loss=0.2078 AUROC=0.9306 AUPRC=0.2926 BalAcc=0.7469 F1=0.3022 MCC=0.3215
  learning_rate_used=2.011e-04; learning_rate_next=1.967e-04; elapsed=44.3s
  negatives seen=100.0%; hard negatives=0
Epoch 041 train: loss=0.2383 AUROC=0.9889 AUPRC=0.8866 BalAcc=0.9529 F1=0.8053 MCC=0.7937
Epoch 041 val  : loss=0.2027 AUROC=0.9344 AUPRC=0.2984 BalAcc=0.8090 F1=0.2303 MCC=0.2899
  learning_rate_used=1.967e-04; learning_rate_next=1.922e-04; elapsed=44.4s
  negatives seen=100.0%; hard negatives=0
Epoch 042 train: loss=0.2296 AUROC=0.9893 AUPRC=0.8908 BalAcc=0.9555 F1=0.8073 MCC=0.7962
Epoch 042 val  : loss=0.2054 AUROC=0.9325 AUPRC=0.2931 BalAcc=0.7432 F1=0.3130 MCC=0.3286
  learning_rate_used=1.922e-04; learning_rate_next=1.877e-04; elapsed=44.4s
  negatives seen=100.0%; hard negatives=0
Epoch 043 train: loss=0.2266 AUROC=0.9900 AUPRC=0.8939 BalAcc=0.9545 F1=0.8158 MCC=0.8042
Epoch 043 val  : loss=0.2029 AUROC=0.9342 AUPRC=0.2925 BalAcc=0.8122 F1=0.2226 MCC=0.2850
  learning_rate_used=1.877e-04; learning_rate_next=1.831e-04; elapsed=44.5s
  negatives seen=100.0%; hard negatives=0
Epoch 044 train: loss=0.2205 AUROC=0.9900 AUPRC=0.8941 BalAcc=0.9564 F1=0.8131 MCC=0.8021
Epoch 044 val  : loss=0.2394 AUROC=0.9325 AUPRC=0.2897 BalAcc=0.8380 F1=0.1712 MCC=0.2521
  learning_rate_used=1.831e-04; learning_rate_next=1.785e-04; elapsed=44.3s
  negatives seen=100.0%; hard negatives=0
Epoch 045 train: loss=0.2124 AUROC=0.9905 AUPRC=0.8995 BalAcc=0.9588 F1=0.8194 MCC=0.8087
Epoch 045 val  : loss=0.1992 AUROC=0.9301 AUPRC=0.3023 BalAcc=0.7767 F1=0.2755 MCC=0.3124
  learning_rate_used=1.785e-04; learning_rate_next=1.739e-04; elapsed=44.6s
  negatives seen=100.0%; hard negatives=0
Epoch 046 train: loss=0.2210 AUROC=0.9906 AUPRC=0.9072 BalAcc=0.9583 F1=0.8245 MCC=0.8135
Epoch 046 val  : loss=0.2024 AUROC=0.9320 AUPRC=0.2987 BalAcc=0.7402 F1=0.3299 MCC=0.3411
  learning_rate_used=1.739e-04; learning_rate_next=1.692e-04; elapsed=44.4s
  negatives seen=100.0%; hard negatives=0
Epoch 047 train: loss=0.2020 AUROC=0.9915 AUPRC=0.9062 BalAcc=0.9619 F1=0.8311 MCC=0.8208
Epoch 047 val  : loss=0.2071 AUROC=0.9305 AUPRC=0.2948 BalAcc=0.7709 F1=0.2936 MCC=0.3241
  learning_rate_used=1.692e-04; learning_rate_next=1.646e-04; elapsed=44.7s
  negatives seen=100.0%; hard negatives=0
Epoch 048 train: loss=0.1948 AUROC=0.9925 AUPRC=0.9188 BalAcc=0.9623 F1=0.8435 MCC=0.8330
Epoch 048 val  : loss=0.2606 AUROC=0.9319 AUPRC=0.2992 BalAcc=0.6888 F1=0.3573 MCC=0.3514
  learning_rate_used=1.646e-04; learning_rate_next=1.599e-04; elapsed=44.5s
  negatives seen=100.0%; hard negatives=0
Epoch 049 train: loss=0.1984 AUROC=0.9919 AUPRC=0.9109 BalAcc=0.9617 F1=0.8380 MCC=0.8274
Epoch 049 val  : loss=0.2031 AUROC=0.9335 AUPRC=0.2934 BalAcc=0.7676 F1=0.2867 MCC=0.3175
  learning_rate_used=1.599e-04; learning_rate_next=1.552e-04; elapsed=44.3s
  negatives seen=100.0%; hard negatives=0
Epoch 050 train: loss=0.1976 AUROC=0.9922 AUPRC=0.9135 BalAcc=0.9612 F1=0.8396 MCC=0.8289
Epoch 050 val  : loss=0.2073 AUROC=0.9313 AUPRC=0.3072 BalAcc=0.7606 F1=0.3037 MCC=0.3280
  learning_rate_used=1.552e-04; learning_rate_next=1.505e-04; elapsed=44.5s
  negatives seen=100.0%; hard negatives=0
Epoch 051 train: loss=0.1729 AUROC=0.9937 AUPRC=0.9293 BalAcc=0.9672 F1=0.8567 MCC=0.8470
Epoch 051 val  : loss=0.2198 AUROC=0.9285 AUPRC=0.2972 BalAcc=0.7649 F1=0.2889 MCC=0.3181
  learning_rate_used=1.505e-04; learning_rate_next=1.458e-04; elapsed=44.6s
  negatives seen=100.0%; hard negatives=0
Epoch 052 train: loss=0.1756 AUROC=0.9935 AUPRC=0.9235 BalAcc=0.9668 F1=0.8587 MCC=0.8489
Epoch 052 val  : loss=0.2236 AUROC=0.9319 AUPRC=0.3002 BalAcc=0.7933 F1=0.2518 MCC=0.3006
  learning_rate_used=1.458e-04; learning_rate_next=1.411e-04; elapsed=44.6s
  negatives seen=100.0%; hard negatives=0
Epoch 053 train: loss=0.1867 AUROC=0.9934 AUPRC=0.9257 BalAcc=0.9650 F1=0.8586 MCC=0.8485
Epoch 053 val  : loss=0.2169 AUROC=0.9361 AUPRC=0.3069 BalAcc=0.8275 F1=0.2085 MCC=0.2795
  learning_rate_used=1.411e-04; learning_rate_next=1.364e-04; elapsed=44.5s
  negatives seen=100.0%; hard negatives=0
Epoch 054 train: loss=0.1692 AUROC=0.9938 AUPRC=0.9267 BalAcc=0.9692 F1=0.8641 MCC=0.8547
Epoch 054 val  : loss=0.2430 AUROC=0.9293 AUPRC=0.3105 BalAcc=0.7185 F1=0.3461 MCC=0.3474
  learning_rate_used=1.364e-04; learning_rate_next=1.318e-04; elapsed=44.5s
  saved new best checkpoint: /data/projects/SFB_A03/jan/AT_TFBS/human301/runs/SRY/multitf_20261006_033507_932031_local_seed2/best_model.pt (objective=classification-auprc, score=0.310465)
  negatives seen=100.0%; hard negatives=0
Epoch 055 train: loss=0.1603 AUROC=0.9942 AUPRC=0.9290 BalAcc=0.9706 F1=0.8719 MCC=0.8628
Epoch 055 val  : loss=0.2307 AUROC=0.9304 AUPRC=0.3111 BalAcc=0.7217 F1=0.3421 MCC=0.3450
  learning_rate_used=1.318e-04; learning_rate_next=1.271e-04; elapsed=44.3s
  saved new best checkpoint: /data/projects/SFB_A03/jan/AT_TFBS/human301/runs/SRY/multitf_20261006_033507_932031_local_seed2/best_model.pt (objective=classification-auprc, score=0.311067)
  negatives seen=100.0%; hard negatives=0
Epoch 056 train: loss=0.1704 AUROC=0.9942 AUPRC=0.9287 BalAcc=0.9687 F1=0.8736 MCC=0.8642
Epoch 056 val  : loss=0.2162 AUROC=0.9301 AUPRC=0.3005 BalAcc=0.7441 F1=0.3118 MCC=0.3280
  learning_rate_used=1.271e-04; learning_rate_next=1.225e-04; elapsed=45.0s
  negatives seen=100.0%; hard negatives=0
Epoch 057 train: loss=0.1602 AUROC=0.9946 AUPRC=0.9402 BalAcc=0.9705 F1=0.8761 MCC=0.8669
Epoch 057 val  : loss=0.2372 AUROC=0.9259 AUPRC=0.3074 BalAcc=0.7253 F1=0.3382 MCC=0.3429
  learning_rate_used=1.225e-04; learning_rate_next=1.179e-04; elapsed=44.5s
  negatives seen=100.0%; hard negatives=0
Epoch 058 train: loss=0.1639 AUROC=0.9941 AUPRC=0.9248 BalAcc=0.9699 F1=0.8727 MCC=0.8634
Epoch 058 val  : loss=0.2367 AUROC=0.9286 AUPRC=0.3038 BalAcc=0.7186 F1=0.3365 MCC=0.3393
  learning_rate_used=1.179e-04; learning_rate_next=1.133e-04; elapsed=44.5s
  negatives seen=100.0%; hard negatives=0
Epoch 059 train: loss=0.1520 AUROC=0.9951 AUPRC=0.9438 BalAcc=0.9728 F1=0.8854 MCC=0.8768
Epoch 059 val  : loss=0.2350 AUROC=0.9287 AUPRC=0.2975 BalAcc=0.7223 F1=0.3347 MCC=0.3390
  learning_rate_used=1.133e-04; learning_rate_next=1.088e-04; elapsed=44.6s
  negatives seen=100.0%; hard negatives=0
Epoch 060 train: loss=0.1435 AUROC=0.9953 AUPRC=0.9422 BalAcc=0.9751 F1=0.8877 MCC=0.8795
Epoch 060 val  : loss=0.2341 AUROC=0.9322 AUPRC=0.3053 BalAcc=0.7301 F1=0.3259 MCC=0.3343
  learning_rate_used=1.088e-04; learning_rate_next=1.043e-04; elapsed=44.6s
  negatives seen=100.0%; hard negatives=0
Epoch 061 train: loss=0.1455 AUROC=0.9957 AUPRC=0.9491 BalAcc=0.9744 F1=0.8928 MCC=0.8845
Epoch 061 val  : loss=0.2673 AUROC=0.9309 AUPRC=0.3058 BalAcc=0.6961 F1=0.3610 MCC=0.3557
  learning_rate_used=1.043e-04; learning_rate_next=9.986e-05; elapsed=44.5s
  negatives seen=100.0%; hard negatives=0
Epoch 062 train: loss=0.1440 AUROC=0.9954 AUPRC=0.9453 BalAcc=0.9739 F1=0.8912 MCC=0.8828
Epoch 062 val  : loss=0.2540 AUROC=0.9296 AUPRC=0.3035 BalAcc=0.7079 F1=0.3551 MCC=0.3525
  learning_rate_used=9.986e-05; learning_rate_next=9.547e-05; elapsed=44.5s
  negatives seen=100.0%; hard negatives=0
Epoch 063 train: loss=0.1454 AUROC=0.9955 AUPRC=0.9436 BalAcc=0.9736 F1=0.8924 MCC=0.8840
Epoch 063 val  : loss=0.2183 AUROC=0.9321 AUPRC=0.3049 BalAcc=0.7524 F1=0.3086 MCC=0.3287
  learning_rate_used=9.547e-05; learning_rate_next=9.113e-05; elapsed=45.2s
  negatives seen=100.0%; hard negatives=0
Epoch 064 train: loss=0.1418 AUROC=0.9957 AUPRC=0.9470 BalAcc=0.9745 F1=0.8933 MCC=0.8851
Epoch 064 val  : loss=0.2616 AUROC=0.9309 AUPRC=0.3014 BalAcc=0.7087 F1=0.3391 MCC=0.3388
  learning_rate_used=9.113e-05; learning_rate_next=8.685e-05; elapsed=44.2s
  negatives seen=100.0%; hard negatives=0
Epoch 065 train: loss=0.1215 AUROC=0.9967 AUPRC=0.9597 BalAcc=0.9779 F1=0.9090 MCC=0.9016
Epoch 065 val  : loss=0.2465 AUROC=0.9303 AUPRC=0.3049 BalAcc=0.7323 F1=0.3133 MCC=0.3249
  learning_rate_used=8.685e-05; learning_rate_next=8.263e-05; elapsed=44.4s
  negatives seen=100.0%; hard negatives=0
Epoch 066 train: loss=0.1307 AUROC=0.9962 AUPRC=0.9510 BalAcc=0.9771 F1=0.9056 MCC=0.8980
Epoch 066 val  : loss=0.2669 AUROC=0.9330 AUPRC=0.3104 BalAcc=0.7145 F1=0.3536 MCC=0.3528
  learning_rate_used=8.263e-05; learning_rate_next=7.848e-05; elapsed=44.4s
  negatives seen=100.0%; hard negatives=0
Epoch 067 train: loss=0.1318 AUROC=0.9963 AUPRC=0.9512 BalAcc=0.9769 F1=0.9046 MCC=0.8969
Epoch 067 val  : loss=0.2543 AUROC=0.9300 AUPRC=0.3035 BalAcc=0.7063 F1=0.3506 MCC=0.3482
  learning_rate_used=7.848e-05; learning_rate_next=7.440e-05; elapsed=44.5s
  negatives seen=100.0%; hard negatives=0
Epoch 068 train: loss=0.1206 AUROC=0.9964 AUPRC=0.9534 BalAcc=0.9799 F1=0.9113 MCC=0.9042
Epoch 068 val  : loss=0.2874 AUROC=0.9266 AUPRC=0.2976 BalAcc=0.6928 F1=0.3461 MCC=0.3414
  learning_rate_used=7.440e-05; learning_rate_next=7.039e-05; elapsed=44.6s
  negatives seen=100.0%; hard negatives=0
Epoch 069 train: loss=0.1213 AUROC=0.9965 AUPRC=0.9545 BalAcc=0.9794 F1=0.9114 MCC=0.9043
Epoch 069 val  : loss=0.2523 AUROC=0.9250 AUPRC=0.3036 BalAcc=0.7205 F1=0.3353 MCC=0.3389
  learning_rate_used=7.039e-05; learning_rate_next=6.647e-05; elapsed=44.9s
  negatives seen=100.0%; hard negatives=0
Epoch 070 train: loss=0.1150 AUROC=0.9967 AUPRC=0.9550 BalAcc=0.9816 F1=0.9189 MCC=0.9123
Epoch 070 val  : loss=0.3060 AUROC=0.9258 AUPRC=0.3057 BalAcc=0.6825 F1=0.3529 MCC=0.3466
  learning_rate_used=6.647e-05; learning_rate_next=6.263e-05; elapsed=44.3s
  negatives seen=100.0%; hard negatives=0
Epoch 071 train: loss=0.1142 AUROC=0.9970 AUPRC=0.9624 BalAcc=0.9803 F1=0.9195 MCC=0.9127
Epoch 071 val  : loss=0.3139 AUROC=0.9232 AUPRC=0.3023 BalAcc=0.6768 F1=0.3545 MCC=0.3480
  learning_rate_used=6.263e-05; learning_rate_next=5.887e-05; elapsed=44.5s
  negatives seen=100.0%; hard negatives=0
Epoch 072 train: loss=0.1018 AUROC=0.9972 AUPRC=0.9638 BalAcc=0.9839 F1=0.9271 MCC=0.9211
Epoch 072 val  : loss=0.3245 AUROC=0.9227 AUPRC=0.3000 BalAcc=0.6795 F1=0.3487 MCC=0.3423
  learning_rate_used=5.887e-05; learning_rate_next=5.521e-05; elapsed=44.5s
  negatives seen=100.0%; hard negatives=0
Epoch 073 train: loss=0.1066 AUROC=0.9972 AUPRC=0.9634 BalAcc=0.9836 F1=0.9232 MCC=0.9170
Epoch 073 val  : loss=0.3439 AUROC=0.9228 AUPRC=0.3045 BalAcc=0.6716 F1=0.3541 MCC=0.3478
  learning_rate_used=5.521e-05; learning_rate_next=5.163e-05; elapsed=44.5s
  negatives seen=100.0%; hard negatives=0
Epoch 074 train: loss=0.1032 AUROC=0.9973 AUPRC=0.9639 BalAcc=0.9828 F1=0.9280 MCC=0.9219
Epoch 074 val  : loss=0.3173 AUROC=0.9254 AUPRC=0.3031 BalAcc=0.6941 F1=0.3571 MCC=0.3518
  learning_rate_used=5.163e-05; learning_rate_next=4.816e-05; elapsed=44.4s
  negatives seen=100.0%; hard negatives=0
Epoch 075 train: loss=0.1121 AUROC=0.9975 AUPRC=0.9669 BalAcc=0.9825 F1=0.9304 MCC=0.9244
Epoch 075 val  : loss=0.2696 AUROC=0.9279 AUPRC=0.3100 BalAcc=0.7160 F1=0.3431 MCC=0.3442
  learning_rate_used=4.816e-05; learning_rate_next=4.479e-05; elapsed=44.5s
Early stopping after 75 epochs.
Binary threshold: 0.784549 (strategy=val-mcc, validation_score=0.360407)
TEST chr10,chr12,chr14,chr16,chr18,chr2,chr20,chr22,chr4,chr6,chr8: loss=0.2229 AUROC=0.9338 AUPRC=0.3212 BalAcc=0.6559 F1=0.3605 MCC=0.3585
Outputs written to /data/projects/SFB_A03/jan/AT_TFBS/human301/runs/SRY/multitf_20261006_033507_932031_local_seed2
Binary predictions: binary_classification_results.tsv
Binary metrics: binary_classification_metrics.json
ROC plot: roc_curve.png
Precision-recall plot: precision_recall_curve.png
Confusion matrix: binary_confusion_matrix.tsv
