TF=YY1 train=CHIP seed=1 model=hum301_motif64_local.py
/home/jbossenz/miniforge3/envs/at_env/bin/python -u /data/projects/SFB_A03/jan/AT_TFBS/human301/hum301_motif64_local.py train --cache /data/projects/SFB_A03/jan/AT_TFBS/raw_data/human/ArchThalia-ML/YY1/CHIP/dataset.npz --output-dir /data/projects/SFB_A03/jan/AT_TFBS/human301/runs/YY1/crossassay_archthalia_20261009_144503_1046783/CHIP_seed1 --input-length 256 --embed-channels 64 --encoder-channels 80 96 128 --heads 4 --ffn-channels 256 --classification-readout local-logsumexp --task-mode classification --checkpoint-objective classification-auprc --threshold-strategy val-mcc --negatives-per-positive 10 --batch-size 88 --hard-negative-fraction 0 --epochs 100 --patience 20 --learning-rate 0.0003 --min-learning-rate 0.000001 --weight-decay 0.0001 --dropout 0.1 --activation relu --reverse-complement-probability 0.5 --eval-crops multi --eval-rc --no-balanced-evaluation --eval-batch-size 128 --num-workers 2 --seed 1 --device cuda --skip-test
Window geometry: 256 bp from 301 bp; crop starts 0..45; shifts -22..+23; fresh uniform draw per access
Evaluation: crops (0, 22, 23, 45), reverse complement=True; all samples
train: n=1,899,810, positive=18,810, negative=1,881,000
  val: n=541,158, positive=5,358, negative=535,800
 test: n=2,101,002, positive=20,802, negative=2,080,200
Device: cuda
Hidden activation: RELU
Parameters: 1,032,981 total; 1,032,981 trainable
Architecture: motif kernels 9/12; encoder 128/64/64; original five-block bottleneck at 64; decoder 64/128/256
  negatives seen=10.0%; hard negatives=0
Epoch 001 train: loss=0.8052 AUROC=0.8736 AUPRC=0.5805 BalAcc=0.7939 F1=0.4473 MCC=0.4129
Epoch 001 val  : loss=0.3600 AUROC=0.9043 AUPRC=0.2891 BalAcc=0.8260 F1=0.1197 MCC=0.2015
  learning_rate_used=3.000e-04; learning_rate_next=2.999e-04; elapsed=255.0s
  saved new best checkpoint: /data/projects/SFB_A03/jan/AT_TFBS/human301/runs/YY1/crossassay_archthalia_20261009_144503_1046783/CHIP_seed1/best_model.pt (objective=classification-auprc, score=0.289074)
  negatives seen=20.0%; hard negatives=0
Epoch 002 train: loss=0.6849 AUROC=0.9103 AUPRC=0.6681 BalAcc=0.8374 F1=0.5286 MCC=0.5016
Epoch 002 val  : loss=0.2508 AUROC=0.9156 AUPRC=0.3003 BalAcc=0.8208 F1=0.1956 MCC=0.2664
  learning_rate_used=2.999e-04; learning_rate_next=2.997e-04; elapsed=252.4s
  saved new best checkpoint: /data/projects/SFB_A03/jan/AT_TFBS/human301/runs/YY1/crossassay_archthalia_20261009_144503_1046783/CHIP_seed1/best_model.pt (objective=classification-auprc, score=0.300313)
  negatives seen=30.0%; hard negatives=0
Epoch 003 train: loss=0.6512 AUROC=0.9192 AUPRC=0.6947 BalAcc=0.8466 F1=0.5476 MCC=0.5219
Epoch 003 val  : loss=0.4537 AUROC=0.9215 AUPRC=0.3612 BalAcc=0.8429 F1=0.0873 MCC=0.1743
  learning_rate_used=2.997e-04; learning_rate_next=2.993e-04; elapsed=250.7s
  saved new best checkpoint: /data/projects/SFB_A03/jan/AT_TFBS/human301/runs/YY1/crossassay_archthalia_20261009_144503_1046783/CHIP_seed1/best_model.pt (objective=classification-auprc, score=0.361236)
  negatives seen=40.0%; hard negatives=0
Epoch 004 train: loss=0.6305 AUROC=0.9246 AUPRC=0.7085 BalAcc=0.8534 F1=0.5589 MCC=0.5347
Epoch 004 val  : loss=0.3541 AUROC=0.9230 AUPRC=0.3623 BalAcc=0.8518 F1=0.1272 MCC=0.2169
  learning_rate_used=2.993e-04; learning_rate_next=2.988e-04; elapsed=250.2s
  saved new best checkpoint: /data/projects/SFB_A03/jan/AT_TFBS/human301/runs/YY1/crossassay_archthalia_20261009_144503_1046783/CHIP_seed1/best_model.pt (objective=classification-auprc, score=0.362320)
  negatives seen=50.0%; hard negatives=0
Epoch 005 train: loss=0.6185 AUROC=0.9276 AUPRC=0.7161 BalAcc=0.8566 F1=0.5635 MCC=0.5400
Epoch 005 val  : loss=0.3781 AUROC=0.9207 AUPRC=0.3524 BalAcc=0.8458 F1=0.1107 MCC=0.1991
  learning_rate_used=2.988e-04; learning_rate_next=2.982e-04; elapsed=249.7s
  negatives seen=60.0%; hard negatives=0
Epoch 006 train: loss=0.6021 AUROC=0.9314 AUPRC=0.7279 BalAcc=0.8624 F1=0.5753 MCC=0.5527
Epoch 006 val  : loss=0.2842 AUROC=0.9267 AUPRC=0.3688 BalAcc=0.8550 F1=0.1592 MCC=0.2475
  learning_rate_used=2.982e-04; learning_rate_next=2.974e-04; elapsed=254.8s
  saved new best checkpoint: /data/projects/SFB_A03/jan/AT_TFBS/human301/runs/YY1/crossassay_archthalia_20261009_144503_1046783/CHIP_seed1/best_model.pt (objective=classification-auprc, score=0.368837)
  negatives seen=70.0%; hard negatives=0
Epoch 007 train: loss=0.5935 AUROC=0.9335 AUPRC=0.7314 BalAcc=0.8647 F1=0.5764 MCC=0.5547
Epoch 007 val  : loss=0.2805 AUROC=0.9276 AUPRC=0.3842 BalAcc=0.8516 F1=0.1613 MCC=0.2482
  learning_rate_used=2.974e-04; learning_rate_next=2.964e-04; elapsed=250.6s
  saved new best checkpoint: /data/projects/SFB_A03/jan/AT_TFBS/human301/runs/YY1/crossassay_archthalia_20261009_144503_1046783/CHIP_seed1/best_model.pt (objective=classification-auprc, score=0.384154)
  negatives seen=80.0%; hard negatives=0
Epoch 008 train: loss=0.5869 AUROC=0.9350 AUPRC=0.7388 BalAcc=0.8655 F1=0.5804 MCC=0.5584
Epoch 008 val  : loss=0.2502 AUROC=0.9298 AUPRC=0.3935 BalAcc=0.8500 F1=0.1858 MCC=0.2689
  learning_rate_used=2.964e-04; learning_rate_next=2.953e-04; elapsed=250.3s
  saved new best checkpoint: /data/projects/SFB_A03/jan/AT_TFBS/human301/runs/YY1/crossassay_archthalia_20261009_144503_1046783/CHIP_seed1/best_model.pt (objective=classification-auprc, score=0.393529)
  negatives seen=90.0%; hard negatives=0
Epoch 009 train: loss=0.5817 AUROC=0.9367 AUPRC=0.7358 BalAcc=0.8677 F1=0.5855 MCC=0.5638
Epoch 009 val  : loss=0.5090 AUROC=0.9295 AUPRC=0.3953 BalAcc=0.8400 F1=0.0749 MCC=0.1604
  learning_rate_used=2.953e-04; learning_rate_next=2.941e-04; elapsed=252.0s
  saved new best checkpoint: /data/projects/SFB_A03/jan/AT_TFBS/human301/runs/YY1/crossassay_archthalia_20261009_144503_1046783/CHIP_seed1/best_model.pt (objective=classification-auprc, score=0.395336)
  negatives seen=100.0%; hard negatives=0
Epoch 010 train: loss=0.5695 AUROC=0.9394 AUPRC=0.7447 BalAcc=0.8707 F1=0.5894 MCC=0.5685
Epoch 010 val  : loss=0.3447 AUROC=0.9283 AUPRC=0.3887 BalAcc=0.8581 F1=0.1205 MCC=0.2125
  learning_rate_used=2.941e-04; learning_rate_next=2.927e-04; elapsed=253.0s
  negatives seen=100.0%; hard negatives=0
Epoch 011 train: loss=0.5617 AUROC=0.9411 AUPRC=0.7512 BalAcc=0.8737 F1=0.5963 MCC=0.5757
Epoch 011 val  : loss=0.2269 AUROC=0.9294 AUPRC=0.3755 BalAcc=0.8475 F1=0.2143 MCC=0.2917
  learning_rate_used=2.927e-04; learning_rate_next=2.912e-04; elapsed=255.8s
  negatives seen=100.0%; hard negatives=0
Epoch 012 train: loss=0.5560 AUROC=0.9426 AUPRC=0.7515 BalAcc=0.8744 F1=0.5938 MCC=0.5739
Epoch 012 val  : loss=0.3597 AUROC=0.9270 AUPRC=0.3863 BalAcc=0.8549 F1=0.1200 MCC=0.2111
  learning_rate_used=2.912e-04; learning_rate_next=2.895e-04; elapsed=254.1s
  negatives seen=100.0%; hard negatives=0
Epoch 013 train: loss=0.5498 AUROC=0.9439 AUPRC=0.7565 BalAcc=0.8758 F1=0.5992 MCC=0.5791
Epoch 013 val  : loss=0.2653 AUROC=0.9322 AUPRC=0.4017 BalAcc=0.8601 F1=0.1630 MCC=0.2526
  learning_rate_used=2.895e-04; learning_rate_next=2.877e-04; elapsed=253.3s
  saved new best checkpoint: /data/projects/SFB_A03/jan/AT_TFBS/human301/runs/YY1/crossassay_archthalia_20261009_144503_1046783/CHIP_seed1/best_model.pt (objective=classification-auprc, score=0.401690)
  negatives seen=100.0%; hard negatives=0
Epoch 014 train: loss=0.5452 AUROC=0.9449 AUPRC=0.7555 BalAcc=0.8778 F1=0.6034 MCC=0.5836
Epoch 014 val  : loss=0.2242 AUROC=0.9294 AUPRC=0.3664 BalAcc=0.8497 F1=0.2010 MCC=0.2815
  learning_rate_used=2.877e-04; learning_rate_next=2.858e-04; elapsed=249.8s
  negatives seen=100.0%; hard negatives=0
Epoch 015 train: loss=0.5359 AUROC=0.9466 AUPRC=0.7634 BalAcc=0.8800 F1=0.6075 MCC=0.5881
Epoch 015 val  : loss=0.2259 AUROC=0.9264 AUPRC=0.3825 BalAcc=0.8462 F1=0.1991 MCC=0.2786
  learning_rate_used=2.858e-04; learning_rate_next=2.837e-04; elapsed=249.9s
  negatives seen=100.0%; hard negatives=0
Epoch 016 train: loss=0.5340 AUROC=0.9474 AUPRC=0.7638 BalAcc=0.8803 F1=0.6088 MCC=0.5894
Epoch 016 val  : loss=0.3448 AUROC=0.9317 AUPRC=0.4052 BalAcc=0.8624 F1=0.1230 MCC=0.2164
  learning_rate_used=2.837e-04; learning_rate_next=2.815e-04; elapsed=251.4s
  saved new best checkpoint: /data/projects/SFB_A03/jan/AT_TFBS/human301/runs/YY1/crossassay_archthalia_20261009_144503_1046783/CHIP_seed1/best_model.pt (objective=classification-auprc, score=0.405193)
  negatives seen=100.0%; hard negatives=0
Epoch 017 train: loss=0.5265 AUROC=0.9489 AUPRC=0.7644 BalAcc=0.8833 F1=0.6154 MCC=0.5963
Epoch 017 val  : loss=0.2073 AUROC=0.9296 AUPRC=0.3983 BalAcc=0.8438 F1=0.2198 MCC=0.2948
  learning_rate_used=2.815e-04; learning_rate_next=2.792e-04; elapsed=248.5s
  negatives seen=100.0%; hard negatives=0
Epoch 018 train: loss=0.5214 AUROC=0.9500 AUPRC=0.7695 BalAcc=0.8845 F1=0.6180 MCC=0.5991
Epoch 018 val  : loss=0.2732 AUROC=0.9317 AUPRC=0.4092 BalAcc=0.8599 F1=0.1657 MCC=0.2549
  learning_rate_used=2.792e-04; learning_rate_next=2.767e-04; elapsed=254.2s
  saved new best checkpoint: /data/projects/SFB_A03/jan/AT_TFBS/human301/runs/YY1/crossassay_archthalia_20261009_144503_1046783/CHIP_seed1/best_model.pt (objective=classification-auprc, score=0.409174)
  negatives seen=100.0%; hard negatives=0
Epoch 019 train: loss=0.5216 AUROC=0.9498 AUPRC=0.7690 BalAcc=0.8846 F1=0.6181 MCC=0.5992
Epoch 019 val  : loss=0.2486 AUROC=0.9313 AUPRC=0.3902 BalAcc=0.8579 F1=0.1863 MCC=0.2721
  learning_rate_used=2.767e-04; learning_rate_next=2.741e-04; elapsed=249.2s
  negatives seen=100.0%; hard negatives=0
Epoch 020 train: loss=0.5154 AUROC=0.9511 AUPRC=0.7717 BalAcc=0.8856 F1=0.6203 MCC=0.6015
Epoch 020 val  : loss=0.3335 AUROC=0.9314 AUPRC=0.4072 BalAcc=0.8621 F1=0.1244 MCC=0.2176
  learning_rate_used=2.741e-04; learning_rate_next=2.714e-04; elapsed=259.5s
  negatives seen=100.0%; hard negatives=0
Epoch 021 train: loss=0.5054 AUROC=0.9533 AUPRC=0.7796 BalAcc=0.8893 F1=0.6290 MCC=0.6106
Epoch 021 val  : loss=0.2548 AUROC=0.9316 AUPRC=0.4103 BalAcc=0.8592 F1=0.1774 MCC=0.2649
  learning_rate_used=2.714e-04; learning_rate_next=2.686e-04; elapsed=251.5s
  saved new best checkpoint: /data/projects/SFB_A03/jan/AT_TFBS/human301/runs/YY1/crossassay_archthalia_20261009_144503_1046783/CHIP_seed1/best_model.pt (objective=classification-auprc, score=0.410328)
  negatives seen=100.0%; hard negatives=0
Epoch 022 train: loss=0.4994 AUROC=0.9545 AUPRC=0.7767 BalAcc=0.8905 F1=0.6287 MCC=0.6109
Epoch 022 val  : loss=0.3190 AUROC=0.9318 AUPRC=0.4138 BalAcc=0.8630 F1=0.1321 MCC=0.2252
  learning_rate_used=2.686e-04; learning_rate_next=2.657e-04; elapsed=252.3s
  saved new best checkpoint: /data/projects/SFB_A03/jan/AT_TFBS/human301/runs/YY1/crossassay_archthalia_20261009_144503_1046783/CHIP_seed1/best_model.pt (objective=classification-auprc, score=0.413754)
  negatives seen=100.0%; hard negatives=0
Epoch 023 train: loss=0.4976 AUROC=0.9550 AUPRC=0.7772 BalAcc=0.8905 F1=0.6298 MCC=0.6119
Epoch 023 val  : loss=0.2252 AUROC=0.9318 AUPRC=0.4122 BalAcc=0.8554 F1=0.2036 MCC=0.2858
  learning_rate_used=2.657e-04; learning_rate_next=2.626e-04; elapsed=251.0s
  negatives seen=100.0%; hard negatives=0
Epoch 024 train: loss=0.4925 AUROC=0.9560 AUPRC=0.7839 BalAcc=0.8915 F1=0.6340 MCC=0.6160
Epoch 024 val  : loss=0.2406 AUROC=0.9320 AUPRC=0.4017 BalAcc=0.8599 F1=0.1898 MCC=0.2757
  learning_rate_used=2.626e-04; learning_rate_next=2.595e-04; elapsed=253.2s
  negatives seen=100.0%; hard negatives=0
Epoch 025 train: loss=0.4891 AUROC=0.9563 AUPRC=0.7820 BalAcc=0.8943 F1=0.6392 MCC=0.6217
Epoch 025 val  : loss=0.3181 AUROC=0.9308 AUPRC=0.4157 BalAcc=0.8633 F1=0.1324 MCC=0.2256
  learning_rate_used=2.595e-04; learning_rate_next=2.562e-04; elapsed=262.0s
  saved new best checkpoint: /data/projects/SFB_A03/jan/AT_TFBS/human301/runs/YY1/crossassay_archthalia_20261009_144503_1046783/CHIP_seed1/best_model.pt (objective=classification-auprc, score=0.415681)
  negatives seen=100.0%; hard negatives=0
Epoch 026 train: loss=0.4828 AUROC=0.9577 AUPRC=0.7877 BalAcc=0.8951 F1=0.6415 MCC=0.6240
Epoch 026 val  : loss=0.2183 AUROC=0.9322 AUPRC=0.4144 BalAcc=0.8545 F1=0.2176 MCC=0.2970
  learning_rate_used=2.562e-04; learning_rate_next=2.528e-04; elapsed=252.6s
  negatives seen=100.0%; hard negatives=0
Epoch 027 train: loss=0.4781 AUROC=0.9588 AUPRC=0.7865 BalAcc=0.8959 F1=0.6437 MCC=0.6263
Epoch 027 val  : loss=0.2513 AUROC=0.9316 AUPRC=0.4108 BalAcc=0.8606 F1=0.1829 MCC=0.2702
  learning_rate_used=2.528e-04; learning_rate_next=2.494e-04; elapsed=250.5s
  negatives seen=100.0%; hard negatives=0
Epoch 028 train: loss=0.4734 AUROC=0.9595 AUPRC=0.7927 BalAcc=0.8958 F1=0.6425 MCC=0.6251
Epoch 028 val  : loss=0.2140 AUROC=0.9288 AUPRC=0.4077 BalAcc=0.8500 F1=0.2206 MCC=0.2978
  learning_rate_used=2.494e-04; learning_rate_next=2.458e-04; elapsed=252.9s
  negatives seen=100.0%; hard negatives=0
Epoch 029 train: loss=0.4687 AUROC=0.9604 AUPRC=0.7884 BalAcc=0.8992 F1=0.6510 MCC=0.6340
Epoch 029 val  : loss=0.2369 AUROC=0.9310 AUPRC=0.4132 BalAcc=0.8580 F1=0.1961 MCC=0.2804
  learning_rate_used=2.458e-04; learning_rate_next=2.421e-04; elapsed=255.5s
  negatives seen=100.0%; hard negatives=0
Epoch 030 train: loss=0.4585 AUROC=0.9621 AUPRC=0.7954 BalAcc=0.9010 F1=0.6536 MCC=0.6371
Epoch 030 val  : loss=0.2561 AUROC=0.9305 AUPRC=0.4118 BalAcc=0.8597 F1=0.1762 MCC=0.2641
  learning_rate_used=2.421e-04; learning_rate_next=2.384e-04; elapsed=265.9s
  negatives seen=100.0%; hard negatives=0
Epoch 031 train: loss=0.4554 AUROC=0.9627 AUPRC=0.7963 BalAcc=0.9021 F1=0.6580 MCC=0.6413
Epoch 031 val  : loss=0.1982 AUROC=0.9305 AUPRC=0.4150 BalAcc=0.8444 F1=0.2446 MCC=0.3150
  learning_rate_used=2.384e-04; learning_rate_next=2.345e-04; elapsed=265.0s
  negatives seen=100.0%; hard negatives=0
Epoch 032 train: loss=0.4515 AUROC=0.9633 AUPRC=0.8040 BalAcc=0.9031 F1=0.6614 MCC=0.6447
Epoch 032 val  : loss=0.2043 AUROC=0.9300 AUPRC=0.4126 BalAcc=0.8442 F1=0.2286 MCC=0.3021
  learning_rate_used=2.345e-04; learning_rate_next=2.306e-04; elapsed=263.8s
  negatives seen=100.0%; hard negatives=0
Epoch 033 train: loss=0.4488 AUROC=0.9639 AUPRC=0.7997 BalAcc=0.9038 F1=0.6608 MCC=0.6445
Epoch 033 val  : loss=0.2512 AUROC=0.9270 AUPRC=0.4165 BalAcc=0.8575 F1=0.1777 MCC=0.2645
  learning_rate_used=2.306e-04; learning_rate_next=2.266e-04; elapsed=264.6s
  saved new best checkpoint: /data/projects/SFB_A03/jan/AT_TFBS/human301/runs/YY1/crossassay_archthalia_20261009_144503_1046783/CHIP_seed1/best_model.pt (objective=classification-auprc, score=0.416517)
  negatives seen=100.0%; hard negatives=0
Epoch 034 train: loss=0.4474 AUROC=0.9642 AUPRC=0.8006 BalAcc=0.9038 F1=0.6625 MCC=0.6460
Epoch 034 val  : loss=0.2332 AUROC=0.9304 AUPRC=0.4182 BalAcc=0.8576 F1=0.1912 MCC=0.2761
  learning_rate_used=2.266e-04; learning_rate_next=2.225e-04; elapsed=263.6s
  saved new best checkpoint: /data/projects/SFB_A03/jan/AT_TFBS/human301/runs/YY1/crossassay_archthalia_20261009_144503_1046783/CHIP_seed1/best_model.pt (objective=classification-auprc, score=0.418201)
  negatives seen=100.0%; hard negatives=0
Epoch 035 train: loss=0.4429 AUROC=0.9648 AUPRC=0.8008 BalAcc=0.9063 F1=0.6682 MCC=0.6520
Epoch 035 val  : loss=0.2331 AUROC=0.9322 AUPRC=0.4230 BalAcc=0.8603 F1=0.1926 MCC=0.2783
  learning_rate_used=2.225e-04; learning_rate_next=2.184e-04; elapsed=264.4s
  saved new best checkpoint: /data/projects/SFB_A03/jan/AT_TFBS/human301/runs/YY1/crossassay_archthalia_20261009_144503_1046783/CHIP_seed1/best_model.pt (objective=classification-auprc, score=0.422989)
  negatives seen=100.0%; hard negatives=0
Epoch 036 train: loss=0.4367 AUROC=0.9657 AUPRC=0.8066 BalAcc=0.9069 F1=0.6701 MCC=0.6539
Epoch 036 val  : loss=0.2605 AUROC=0.9302 AUPRC=0.4115 BalAcc=0.8611 F1=0.1717 MCC=0.2606
  learning_rate_used=2.184e-04; learning_rate_next=2.142e-04; elapsed=262.2s
  negatives seen=100.0%; hard negatives=0
Epoch 037 train: loss=0.4293 AUROC=0.9672 AUPRC=0.8073 BalAcc=0.9088 F1=0.6746 MCC=0.6586
Epoch 037 val  : loss=0.2624 AUROC=0.9307 AUPRC=0.4239 BalAcc=0.8612 F1=0.1704 MCC=0.2595
  learning_rate_used=2.142e-04; learning_rate_next=2.099e-04; elapsed=265.5s
  saved new best checkpoint: /data/projects/SFB_A03/jan/AT_TFBS/human301/runs/YY1/crossassay_archthalia_20261009_144503_1046783/CHIP_seed1/best_model.pt (objective=classification-auprc, score=0.423909)
  negatives seen=100.0%; hard negatives=0
Epoch 038 train: loss=0.4266 AUROC=0.9674 AUPRC=0.8092 BalAcc=0.9103 F1=0.6778 MCC=0.6621
Epoch 038 val  : loss=0.2401 AUROC=0.9305 AUPRC=0.4218 BalAcc=0.8586 F1=0.1891 MCC=0.2747
  learning_rate_used=2.099e-04; learning_rate_next=2.055e-04; elapsed=263.2s
  negatives seen=100.0%; hard negatives=0
Epoch 039 train: loss=0.4227 AUROC=0.9680 AUPRC=0.8098 BalAcc=0.9111 F1=0.6814 MCC=0.6656
Epoch 039 val  : loss=0.1994 AUROC=0.9274 AUPRC=0.4129 BalAcc=0.8428 F1=0.2505 MCC=0.3191
  learning_rate_used=2.055e-04; learning_rate_next=2.011e-04; elapsed=263.7s
  negatives seen=100.0%; hard negatives=0
Epoch 040 train: loss=0.4118 AUROC=0.9698 AUPRC=0.8165 BalAcc=0.9140 F1=0.6904 MCC=0.6747
Epoch 040 val  : loss=0.2144 AUROC=0.9299 AUPRC=0.4190 BalAcc=0.8506 F1=0.2189 MCC=0.2966
  learning_rate_used=2.011e-04; learning_rate_next=1.967e-04; elapsed=262.7s
  negatives seen=100.0%; hard negatives=0
Epoch 041 train: loss=0.4089 AUROC=0.9702 AUPRC=0.8164 BalAcc=0.9129 F1=0.6832 MCC=0.6678
Epoch 041 val  : loss=0.2238 AUROC=0.9299 AUPRC=0.4197 BalAcc=0.8552 F1=0.2045 MCC=0.2864
  learning_rate_used=1.967e-04; learning_rate_next=1.922e-04; elapsed=264.4s
  negatives seen=100.0%; hard negatives=0
Epoch 042 train: loss=0.4064 AUROC=0.9707 AUPRC=0.8183 BalAcc=0.9158 F1=0.6950 MCC=0.6795
Epoch 042 val  : loss=0.2671 AUROC=0.9267 AUPRC=0.3942 BalAcc=0.8569 F1=0.1668 MCC=0.2549
  learning_rate_used=1.922e-04; learning_rate_next=1.877e-04; elapsed=263.2s
  negatives seen=100.0%; hard negatives=0
Epoch 043 train: loss=0.4013 AUROC=0.9713 AUPRC=0.8195 BalAcc=0.9162 F1=0.6950 MCC=0.6796
Epoch 043 val  : loss=0.2074 AUROC=0.9293 AUPRC=0.4206 BalAcc=0.8501 F1=0.2258 MCC=0.3020
  learning_rate_used=1.877e-04; learning_rate_next=1.831e-04; elapsed=264.9s
  negatives seen=100.0%; hard negatives=0
Epoch 044 train: loss=0.3941 AUROC=0.9724 AUPRC=0.8251 BalAcc=0.9178 F1=0.7001 MCC=0.6848
Epoch 044 val  : loss=0.2448 AUROC=0.9279 AUPRC=0.4212 BalAcc=0.8591 F1=0.1860 MCC=0.2722
  learning_rate_used=1.831e-04; learning_rate_next=1.785e-04; elapsed=261.3s
  negatives seen=100.0%; hard negatives=0
Epoch 045 train: loss=0.3897 AUROC=0.9732 AUPRC=0.8257 BalAcc=0.9185 F1=0.7018 MCC=0.6866
Epoch 045 val  : loss=0.2234 AUROC=0.9282 AUPRC=0.4112 BalAcc=0.8521 F1=0.2169 MCC=0.2955
  learning_rate_used=1.785e-04; learning_rate_next=1.739e-04; elapsed=265.3s
  negatives seen=100.0%; hard negatives=0
Epoch 046 train: loss=0.3876 AUROC=0.9733 AUPRC=0.8249 BalAcc=0.9194 F1=0.7029 MCC=0.6880
Epoch 046 val  : loss=0.2273 AUROC=0.9275 AUPRC=0.4183 BalAcc=0.8527 F1=0.2079 MCC=0.2883
  learning_rate_used=1.739e-04; learning_rate_next=1.692e-04; elapsed=264.2s
  negatives seen=100.0%; hard negatives=0
Epoch 047 train: loss=0.3827 AUROC=0.9740 AUPRC=0.8257 BalAcc=0.9203 F1=0.7049 MCC=0.6901
Epoch 047 val  : loss=0.2227 AUROC=0.9297 AUPRC=0.4240 BalAcc=0.8562 F1=0.2078 MCC=0.2896
  learning_rate_used=1.692e-04; learning_rate_next=1.646e-04; elapsed=265.6s
  saved new best checkpoint: /data/projects/SFB_A03/jan/AT_TFBS/human301/runs/YY1/crossassay_archthalia_20261009_144503_1046783/CHIP_seed1/best_model.pt (objective=classification-auprc, score=0.424025)
  negatives seen=100.0%; hard negatives=0
Epoch 048 train: loss=0.3764 AUROC=0.9750 AUPRC=0.8315 BalAcc=0.9219 F1=0.7117 MCC=0.6968
Epoch 048 val  : loss=0.1920 AUROC=0.9278 AUPRC=0.4137 BalAcc=0.8404 F1=0.2654 MCC=0.3299
  learning_rate_used=1.646e-04; learning_rate_next=1.599e-04; elapsed=260.7s
  negatives seen=100.0%; hard negatives=0
Epoch 049 train: loss=0.3731 AUROC=0.9753 AUPRC=0.8322 BalAcc=0.9225 F1=0.7119 MCC=0.6972
Epoch 049 val  : loss=0.2104 AUROC=0.9252 AUPRC=0.4124 BalAcc=0.8462 F1=0.2356 MCC=0.3085
  learning_rate_used=1.599e-04; learning_rate_next=1.552e-04; elapsed=263.4s
  negatives seen=100.0%; hard negatives=0
Epoch 050 train: loss=0.3736 AUROC=0.9754 AUPRC=0.8321 BalAcc=0.9232 F1=0.7139 MCC=0.6992
Epoch 050 val  : loss=0.2220 AUROC=0.9273 AUPRC=0.4235 BalAcc=0.8512 F1=0.2100 MCC=0.2895
  learning_rate_used=1.552e-04; learning_rate_next=1.505e-04; elapsed=262.9s
  negatives seen=100.0%; hard negatives=0
Epoch 051 train: loss=0.3658 AUROC=0.9764 AUPRC=0.8335 BalAcc=0.9246 F1=0.7172 MCC=0.7027
Epoch 051 val  : loss=0.2141 AUROC=0.9291 AUPRC=0.4271 BalAcc=0.8528 F1=0.2156 MCC=0.2947
  learning_rate_used=1.505e-04; learning_rate_next=1.458e-04; elapsed=262.1s
  saved new best checkpoint: /data/projects/SFB_A03/jan/AT_TFBS/human301/runs/YY1/crossassay_archthalia_20261009_144503_1046783/CHIP_seed1/best_model.pt (objective=classification-auprc, score=0.427133)
  negatives seen=100.0%; hard negatives=0
Epoch 052 train: loss=0.3638 AUROC=0.9767 AUPRC=0.8390 BalAcc=0.9245 F1=0.7189 MCC=0.7043
Epoch 052 val  : loss=0.2150 AUROC=0.9256 AUPRC=0.4209 BalAcc=0.8482 F1=0.2245 MCC=0.3003
  learning_rate_used=1.458e-04; learning_rate_next=1.411e-04; elapsed=263.6s
  negatives seen=100.0%; hard negatives=0
Epoch 053 train: loss=0.3525 AUROC=0.9779 AUPRC=0.8394 BalAcc=0.9275 F1=0.7263 MCC=0.7121
Epoch 053 val  : loss=0.2236 AUROC=0.9275 AUPRC=0.4242 BalAcc=0.8522 F1=0.2093 MCC=0.2893
  learning_rate_used=1.411e-04; learning_rate_next=1.364e-04; elapsed=264.9s
  negatives seen=100.0%; hard negatives=0
Epoch 054 train: loss=0.3493 AUROC=0.9785 AUPRC=0.8430 BalAcc=0.9288 F1=0.7303 MCC=0.7161
Epoch 054 val  : loss=0.2090 AUROC=0.9267 AUPRC=0.4129 BalAcc=0.8443 F1=0.2354 MCC=0.3076
  learning_rate_used=1.364e-04; learning_rate_next=1.318e-04; elapsed=262.7s
  negatives seen=100.0%; hard negatives=0
Epoch 055 train: loss=0.3430 AUROC=0.9791 AUPRC=0.8450 BalAcc=0.9295 F1=0.7326 MCC=0.7185
Epoch 055 val  : loss=0.1869 AUROC=0.9235 AUPRC=0.4184 BalAcc=0.8292 F1=0.2899 MCC=0.3446
  learning_rate_used=1.318e-04; learning_rate_next=1.271e-04; elapsed=263.7s
  negatives seen=100.0%; hard negatives=0
Epoch 056 train: loss=0.3431 AUROC=0.9791 AUPRC=0.8428 BalAcc=0.9295 F1=0.7325 MCC=0.7183
Epoch 056 val  : loss=0.2126 AUROC=0.9281 AUPRC=0.4271 BalAcc=0.8516 F1=0.2225 MCC=0.3000
  learning_rate_used=1.271e-04; learning_rate_next=1.225e-04; elapsed=265.8s
  negatives seen=100.0%; hard negatives=0
Epoch 057 train: loss=0.3386 AUROC=0.9793 AUPRC=0.8447 BalAcc=0.9313 F1=0.7347 MCC=0.7210
Epoch 057 val  : loss=0.1856 AUROC=0.9233 AUPRC=0.4087 BalAcc=0.8257 F1=0.3036 MCC=0.3538
  learning_rate_used=1.225e-04; learning_rate_next=1.179e-04; elapsed=263.4s
  negatives seen=100.0%; hard negatives=0
Epoch 058 train: loss=0.3339 AUROC=0.9801 AUPRC=0.8481 BalAcc=0.9317 F1=0.7377 MCC=0.7239
Epoch 058 val  : loss=0.2076 AUROC=0.9249 AUPRC=0.4218 BalAcc=0.8451 F1=0.2422 MCC=0.3134
  learning_rate_used=1.179e-04; learning_rate_next=1.133e-04; elapsed=265.7s
  negatives seen=100.0%; hard negatives=0
Epoch 059 train: loss=0.3275 AUROC=0.9808 AUPRC=0.8516 BalAcc=0.9328 F1=0.7406 MCC=0.7270
Epoch 059 val  : loss=0.1931 AUROC=0.9263 AUPRC=0.4237 BalAcc=0.8372 F1=0.2695 MCC=0.3318
  learning_rate_used=1.133e-04; learning_rate_next=1.088e-04; elapsed=262.8s
  negatives seen=100.0%; hard negatives=0
Epoch 060 train: loss=0.3207 AUROC=0.9815 AUPRC=0.8538 BalAcc=0.9356 F1=0.7467 MCC=0.7335
Epoch 060 val  : loss=0.1939 AUROC=0.9234 AUPRC=0.4226 BalAcc=0.8312 F1=0.2873 MCC=0.3433
  learning_rate_used=1.088e-04; learning_rate_next=1.043e-04; elapsed=265.3s
  negatives seen=100.0%; hard negatives=0
Epoch 061 train: loss=0.3190 AUROC=0.9816 AUPRC=0.8508 BalAcc=0.9360 F1=0.7484 MCC=0.7352
Epoch 061 val  : loss=0.1925 AUROC=0.9256 AUPRC=0.4231 BalAcc=0.8349 F1=0.2770 MCC=0.3368
  learning_rate_used=1.043e-04; learning_rate_next=9.986e-05; elapsed=264.6s
  negatives seen=100.0%; hard negatives=0
Epoch 062 train: loss=0.3112 AUROC=0.9825 AUPRC=0.8577 BalAcc=0.9375 F1=0.7550 MCC=0.7417
Epoch 062 val  : loss=0.2115 AUROC=0.9237 AUPRC=0.4227 BalAcc=0.8420 F1=0.2421 MCC=0.3121
  learning_rate_used=9.986e-05; learning_rate_next=9.547e-05; elapsed=265.1s
  negatives seen=100.0%; hard negatives=0
Epoch 063 train: loss=0.3102 AUROC=0.9828 AUPRC=0.8615 BalAcc=0.9370 F1=0.7540 MCC=0.7407
Epoch 063 val  : loss=0.2127 AUROC=0.9237 AUPRC=0.4204 BalAcc=0.8457 F1=0.2338 MCC=0.3069
  learning_rate_used=9.547e-05; learning_rate_next=9.113e-05; elapsed=263.7s
  negatives seen=100.0%; hard negatives=0
Epoch 064 train: loss=0.3043 AUROC=0.9831 AUPRC=0.8595 BalAcc=0.9383 F1=0.7568 MCC=0.7437
Epoch 064 val  : loss=0.2119 AUROC=0.9240 AUPRC=0.4173 BalAcc=0.8423 F1=0.2382 MCC=0.3091
  learning_rate_used=9.113e-05; learning_rate_next=8.685e-05; elapsed=263.0s
  negatives seen=100.0%; hard negatives=0
Epoch 065 train: loss=0.3031 AUROC=0.9836 AUPRC=0.8654 BalAcc=0.9382 F1=0.7586 MCC=0.7453
Epoch 065 val  : loss=0.1959 AUROC=0.9260 AUPRC=0.4263 BalAcc=0.8356 F1=0.2783 MCC=0.3381
  learning_rate_used=8.685e-05; learning_rate_next=8.263e-05; elapsed=266.8s
  negatives seen=100.0%; hard negatives=0
Epoch 066 train: loss=0.3017 AUROC=0.9834 AUPRC=0.8611 BalAcc=0.9407 F1=0.7629 MCC=0.7501
Epoch 066 val  : loss=0.1937 AUROC=0.9249 AUPRC=0.4265 BalAcc=0.8280 F1=0.2970 MCC=0.3497
  learning_rate_used=8.263e-05; learning_rate_next=7.848e-05; elapsed=265.6s
  negatives seen=100.0%; hard negatives=0
Epoch 067 train: loss=0.2966 AUROC=0.9840 AUPRC=0.8647 BalAcc=0.9429 F1=0.7698 MCC=0.7572
Epoch 067 val  : loss=0.1992 AUROC=0.9258 AUPRC=0.4248 BalAcc=0.8380 F1=0.2677 MCC=0.3307
  learning_rate_used=7.848e-05; learning_rate_next=7.440e-05; elapsed=267.0s
  negatives seen=100.0%; hard negatives=0
Epoch 068 train: loss=0.2917 AUROC=0.9843 AUPRC=0.8634 BalAcc=0.9418 F1=0.7688 MCC=0.7559
Epoch 068 val  : loss=0.2051 AUROC=0.9243 AUPRC=0.4269 BalAcc=0.8424 F1=0.2566 MCC=0.3237
  learning_rate_used=7.440e-05; learning_rate_next=7.039e-05; elapsed=266.2s
  negatives seen=100.0%; hard negatives=0
Epoch 069 train: loss=0.2915 AUROC=0.9845 AUPRC=0.8687 BalAcc=0.9423 F1=0.7717 MCC=0.7588
Epoch 069 val  : loss=0.1979 AUROC=0.9229 AUPRC=0.4274 BalAcc=0.8354 F1=0.2708 MCC=0.3322
  learning_rate_used=7.039e-05; learning_rate_next=6.647e-05; elapsed=262.6s
  saved new best checkpoint: /data/projects/SFB_A03/jan/AT_TFBS/human301/runs/YY1/crossassay_archthalia_20261009_144503_1046783/CHIP_seed1/best_model.pt (objective=classification-auprc, score=0.427439)
  negatives seen=100.0%; hard negatives=0
Epoch 070 train: loss=0.2776 AUROC=0.9854 AUPRC=0.8708 BalAcc=0.9447 F1=0.7758 MCC=0.7634
Epoch 070 val  : loss=0.2044 AUROC=0.9222 AUPRC=0.4249 BalAcc=0.8380 F1=0.2605 MCC=0.3251
  learning_rate_used=6.647e-05; learning_rate_next=6.263e-05; elapsed=264.3s
  negatives seen=100.0%; hard negatives=0
Epoch 071 train: loss=0.2759 AUROC=0.9858 AUPRC=0.8702 BalAcc=0.9463 F1=0.7794 MCC=0.7673
Epoch 071 val  : loss=0.2039 AUROC=0.9246 AUPRC=0.4284 BalAcc=0.8392 F1=0.2596 MCC=0.3249
  learning_rate_used=6.263e-05; learning_rate_next=5.887e-05; elapsed=263.9s
  saved new best checkpoint: /data/projects/SFB_A03/jan/AT_TFBS/human301/runs/YY1/crossassay_archthalia_20261009_144503_1046783/CHIP_seed1/best_model.pt (objective=classification-auprc, score=0.428444)
  negatives seen=100.0%; hard negatives=0
Epoch 072 train: loss=0.2780 AUROC=0.9858 AUPRC=0.8746 BalAcc=0.9453 F1=0.7807 MCC=0.7682
Epoch 072 val  : loss=0.1967 AUROC=0.9220 AUPRC=0.4212 BalAcc=0.8270 F1=0.2983 MCC=0.3502
  learning_rate_used=5.887e-05; learning_rate_next=5.521e-05; elapsed=265.9s
  negatives seen=100.0%; hard negatives=0
Epoch 073 train: loss=0.2757 AUROC=0.9858 AUPRC=0.8731 BalAcc=0.9459 F1=0.7812 MCC=0.7688
Epoch 073 val  : loss=0.1977 AUROC=0.9206 AUPRC=0.4246 BalAcc=0.8312 F1=0.2828 MCC=0.3399
  learning_rate_used=5.521e-05; learning_rate_next=5.163e-05; elapsed=265.9s
  negatives seen=100.0%; hard negatives=0
Epoch 074 train: loss=0.2702 AUROC=0.9862 AUPRC=0.8751 BalAcc=0.9474 F1=0.7841 MCC=0.7720
Epoch 074 val  : loss=0.1965 AUROC=0.9212 AUPRC=0.4236 BalAcc=0.8271 F1=0.2959 MCC=0.3484
  learning_rate_used=5.163e-05; learning_rate_next=4.816e-05; elapsed=266.4s
  negatives seen=100.0%; hard negatives=0
Epoch 075 train: loss=0.2656 AUROC=0.9865 AUPRC=0.8759 BalAcc=0.9480 F1=0.7865 MCC=0.7744
Epoch 075 val  : loss=0.1985 AUROC=0.9202 AUPRC=0.4246 BalAcc=0.8287 F1=0.2892 MCC=0.3439
  learning_rate_used=4.816e-05; learning_rate_next=4.479e-05; elapsed=262.5s
  negatives seen=100.0%; hard negatives=0
Epoch 076 train: loss=0.2635 AUROC=0.9866 AUPRC=0.8747 BalAcc=0.9488 F1=0.7874 MCC=0.7755
Epoch 076 val  : loss=0.2050 AUROC=0.9227 AUPRC=0.4242 BalAcc=0.8335 F1=0.2755 MCC=0.3351
  learning_rate_used=4.479e-05; learning_rate_next=4.152e-05; elapsed=263.4s
  negatives seen=100.0%; hard negatives=0
Epoch 077 train: loss=0.2648 AUROC=0.9867 AUPRC=0.8756 BalAcc=0.9484 F1=0.7898 MCC=0.7777
Epoch 077 val  : loss=0.1990 AUROC=0.9226 AUPRC=0.4271 BalAcc=0.8261 F1=0.3015 MCC=0.3523
  learning_rate_used=4.152e-05; learning_rate_next=3.836e-05; elapsed=264.2s
  negatives seen=100.0%; hard negatives=0
Epoch 078 train: loss=0.2644 AUROC=0.9868 AUPRC=0.8782 BalAcc=0.9482 F1=0.7898 MCC=0.7776
Epoch 078 val  : loss=0.1960 AUROC=0.9220 AUPRC=0.4248 BalAcc=0.8240 F1=0.3086 MCC=0.3570
  learning_rate_used=3.836e-05; learning_rate_next=3.531e-05; elapsed=264.4s
  negatives seen=100.0%; hard negatives=0
Epoch 079 train: loss=0.2625 AUROC=0.9870 AUPRC=0.8801 BalAcc=0.9486 F1=0.7909 MCC=0.7787
Epoch 079 val  : loss=0.1959 AUROC=0.9231 AUPRC=0.4248 BalAcc=0.8256 F1=0.3041 MCC=0.3541
  learning_rate_used=3.531e-05; learning_rate_next=3.237e-05; elapsed=266.1s
  negatives seen=100.0%; hard negatives=0
Epoch 080 train: loss=0.2556 AUROC=0.9874 AUPRC=0.8827 BalAcc=0.9502 F1=0.7938 MCC=0.7819
Epoch 080 val  : loss=0.1996 AUROC=0.9218 AUPRC=0.4264 BalAcc=0.8277 F1=0.2961 MCC=0.3488
  learning_rate_used=3.237e-05; learning_rate_next=2.955e-05; elapsed=262.4s
  negatives seen=100.0%; hard negatives=0
Epoch 081 train: loss=0.2508 AUROC=0.9878 AUPRC=0.8854 BalAcc=0.9516 F1=0.7984 MCC=0.7867
Epoch 081 val  : loss=0.1982 AUROC=0.9201 AUPRC=0.4217 BalAcc=0.8183 F1=0.3184 MCC=0.3623
  learning_rate_used=2.955e-05; learning_rate_next=2.685e-05; elapsed=264.7s
  negatives seen=100.0%; hard negatives=0
Epoch 082 train: loss=0.2531 AUROC=0.9877 AUPRC=0.8846 BalAcc=0.9511 F1=0.7979 MCC=0.7861
Epoch 082 val  : loss=0.2002 AUROC=0.9227 AUPRC=0.4250 BalAcc=0.8273 F1=0.3011 MCC=0.3525
  learning_rate_used=2.685e-05; learning_rate_next=2.427e-05; elapsed=261.7s
  negatives seen=100.0%; hard negatives=0
Epoch 083 train: loss=0.2484 AUROC=0.9880 AUPRC=0.8837 BalAcc=0.9525 F1=0.8032 MCC=0.7915
Epoch 083 val  : loss=0.2019 AUROC=0.9220 AUPRC=0.4264 BalAcc=0.8293 F1=0.2913 MCC=0.3458
  learning_rate_used=2.427e-05; learning_rate_next=2.182e-05; elapsed=264.2s
  negatives seen=100.0%; hard negatives=0
Epoch 084 train: loss=0.2465 AUROC=0.9882 AUPRC=0.8873 BalAcc=0.9537 F1=0.8055 MCC=0.7940
Epoch 084 val  : loss=0.1979 AUROC=0.9204 AUPRC=0.4251 BalAcc=0.8182 F1=0.3219 MCC=0.3650
  learning_rate_used=2.182e-05; learning_rate_next=1.949e-05; elapsed=262.8s
  negatives seen=100.0%; hard negatives=0
Epoch 085 train: loss=0.2403 AUROC=0.9885 AUPRC=0.8881 BalAcc=0.9542 F1=0.8070 MCC=0.7956
Epoch 085 val  : loss=0.2021 AUROC=0.9206 AUPRC=0.4241 BalAcc=0.8273 F1=0.2964 MCC=0.3489
  learning_rate_used=1.949e-05; learning_rate_next=1.729e-05; elapsed=261.7s
  negatives seen=100.0%; hard negatives=0
Epoch 086 train: loss=0.2360 AUROC=0.9886 AUPRC=0.8872 BalAcc=0.9553 F1=0.8089 MCC=0.7977
Epoch 086 val  : loss=0.2009 AUROC=0.9208 AUPRC=0.4249 BalAcc=0.8181 F1=0.3243 MCC=0.3668
  learning_rate_used=1.729e-05; learning_rate_next=1.523e-05; elapsed=263.9s
  negatives seen=100.0%; hard negatives=0
Epoch 087 train: loss=0.2430 AUROC=0.9885 AUPRC=0.8880 BalAcc=0.9536 F1=0.8087 MCC=0.7970
Epoch 087 val  : loss=0.1981 AUROC=0.9207 AUPRC=0.4266 BalAcc=0.8179 F1=0.3236 MCC=0.3662
  learning_rate_used=1.523e-05; learning_rate_next=1.330e-05; elapsed=265.1s
  negatives seen=100.0%; hard negatives=0
Epoch 088 train: loss=0.2388 AUROC=0.9887 AUPRC=0.8877 BalAcc=0.9550 F1=0.8102 MCC=0.7989
Epoch 088 val  : loss=0.2037 AUROC=0.9227 AUPRC=0.4284 BalAcc=0.8276 F1=0.2991 MCC=0.3511
  learning_rate_used=1.330e-05; learning_rate_next=1.150e-05; elapsed=264.4s
  negatives seen=100.0%; hard negatives=0
Epoch 089 train: loss=0.2401 AUROC=0.9887 AUPRC=0.8896 BalAcc=0.9546 F1=0.8086 MCC=0.7972
Epoch 089 val  : loss=0.1997 AUROC=0.9204 AUPRC=0.4269 BalAcc=0.8124 F1=0.3363 MCC=0.3738
  learning_rate_used=1.150e-05; learning_rate_next=9.838e-06; elapsed=262.4s
  negatives seen=100.0%; hard negatives=0
Epoch 090 train: loss=0.2310 AUROC=0.9893 AUPRC=0.8929 BalAcc=0.9563 F1=0.8160 MCC=0.8047
Epoch 090 val  : loss=0.2030 AUROC=0.9207 AUPRC=0.4253 BalAcc=0.8213 F1=0.3101 MCC=0.3571
  learning_rate_used=9.838e-06; learning_rate_next=8.317e-06; elapsed=260.7s
  negatives seen=100.0%; hard negatives=0
Epoch 091 train: loss=0.2370 AUROC=0.9890 AUPRC=0.8911 BalAcc=0.9556 F1=0.8124 MCC=0.8012
Epoch 091 val  : loss=0.2022 AUROC=0.9218 AUPRC=0.4278 BalAcc=0.8207 F1=0.3177 MCC=0.3627
  learning_rate_used=8.317e-06; learning_rate_next=6.936e-06; elapsed=261.3s
Early stopping after 91 epochs.
Binary threshold: 0.977283 (strategy=val-mcc, validation_score=0.455415)
Validation-only run completed; frozen model: /data/projects/SFB_A03/jan/AT_TFBS/human301/runs/YY1/crossassay_archthalia_20261009_144503_1046783/CHIP_seed1/model_for_prediction.pt
YY1: CHIP -> CHIP
TEST YY1 CHIP -> CHIP: loss=0.2023 AUROC=0.9286 AUPRC=0.4159 BalAcc=0.7019 F1=0.4478 MCC=0.4450
YY1: CHIP -> GHTS
TEST YY1 CHIP -> GHTS: loss=0.2760 AUROC=0.9260 AUPRC=0.2986 BalAcc=0.7283 F1=0.3008 MCC=0.3134
Completed YY1/CHIP: one model, both fixed test sets.
