BATF2: preparing /data/projects/SFB_A03/jan/AT_TFBS/raw_data/human/BATF2/hum301_multitf_chr5_chr7/dataset.npz
Loaded train_positive: 14,107
Loaded train_negative: 1,410,700
Loaded test_positive: 12,258
Loaded test_negative: 1,225,800
{
  "train": {
    "positive": 11216,
    "negative": 1121600,
    "total": 1132816,
    "chromosomes": [
      "chr1",
      "chr11",
      "chr13",
      "chr15",
      "chr17",
      "chr19",
      "chr21",
      "chr3",
      "chr9"
    ],
    "sequences_with_N": 0,
    "max_N_fraction": 0.0,
    "mean_GC_fraction_ACGT_only": {
      "positive": 0.5444586163098752,
      "negative": 0.4972220895872531
    }
  },
  "validation": {
    "positive": 2891,
    "negative": 289100,
    "total": 291991,
    "chromosomes": [
      "chr5",
      "chr7"
    ],
    "sequences_with_N": 1,
    "max_N_fraction": 0.37209302325581395,
    "mean_GC_fraction_ACGT_only": {
      "positive": 0.5122774876541578,
      "negative": 0.4769405797118104
    }
  },
  "test": {
    "positive": 12258,
    "negative": 1225800,
    "total": 1238058,
    "chromosomes": [
      "chr10",
      "chr12",
      "chr14",
      "chr16",
      "chr18",
      "chr2",
      "chr20",
      "chr22",
      "chr4",
      "chr6",
      "chr8"
    ],
    "sequences_with_N": 1,
    "max_N_fraction": 0.0033222591362126247,
    "mean_GC_fraction_ACGT_only": {
      "positive": 0.5256280618239776,
      "negative": 0.4855516717267563
    }
  }
}
Sequence audit: {
  "train": {
    "duplicates_or_RC_duplicates_within_split": 28,
    "identical_or_RC_identical_sequences_with_both_labels": 0
  },
  "validation": {
    "duplicates_or_RC_duplicates_within_split": 2,
    "identical_or_RC_identical_sequences_with_both_labels": 0
  },
  "test": {
    "duplicates_or_RC_duplicates_within_split": 21,
    "identical_or_RC_identical_sequences_with_both_labels": 0
  },
  "train_validation_shared_sequences_or_RC": 6,
  "train_test_shared_sequences_or_RC": 18,
  "validation_test_shared_sequences_or_RC": 3
}
Saved: /data/projects/SFB_A03/jan/AT_TFBS/raw_data/human/BATF2/hum301_multitf_chr5_chr7/dataset.npz
