TF=NFKB1 variant=base seed=1
/home/jbossenz/miniforge3/envs/at_env/bin/python -u /data/projects/SFB_A03/jan/AT_TFBS/human301/hum301_motif64.py train --cache /data/projects/SFB_A03/jan/AT_TFBS/raw_data/human/NFKB1/hum301_multitf_chr5_chr7/dataset.npz --output-dir /data/projects/SFB_A03/jan/AT_TFBS/human301/runs/NFKB1/multitf_20261006_033507_932031_base_seed1 --input-length 256 --embed-channels 64 --encoder-channels 80 96 128 --heads 4 --ffn-channels 256 --classification-readout center --task-mode classification --checkpoint-objective classification-auprc --threshold-strategy val-mcc --negatives-per-positive 10 --batch-size 88 --hard-negative-fraction 0 --epochs 100 --patience 20 --learning-rate 0.0003 --min-learning-rate 0.000001 --weight-decay 0.0001 --dropout 0.1 --activation relu --reverse-complement-probability 0.5 --eval-crops multi --eval-rc --no-balanced-evaluation --eval-batch-size 128 --num-workers 2 --seed 1 --device cuda
Window geometry: 256 bp from 301 bp; crop starts 0..45; shifts -22..+23; fresh uniform draw per access
Evaluation: crops (0, 22, 23, 45), reverse complement=True; all samples
train: n=1,547,926, positive=15,326, negative=1,532,600
  val: n=410,767, positive=4,067, negative=406,700
 test: n=1,702,456, positive=16,856, negative=1,685,600
Device: cuda
Hidden activation: RELU
Parameters: 1,032,981 total; 1,032,981 trainable
Architecture: motif kernels 9/12; encoder 128/64/64; original five-block bottleneck at 64; decoder 64/128/256
  negatives seen=10.0%; hard negatives=0
Epoch 001 train: loss=0.5327 AUROC=0.9509 AUPRC=0.7673 BalAcc=0.8846 F1=0.6201 MCC=0.6010
Epoch 001 val  : loss=0.1995 AUROC=0.9767 AUPRC=0.6329 BalAcc=0.9269 F1=0.2227 MCC=0.3278
  learning_rate_used=3.000e-04; learning_rate_next=2.999e-04; elapsed=188.4s
  saved new best checkpoint: /data/projects/SFB_A03/jan/AT_TFBS/human301/runs/NFKB1/multitf_20261006_033507_932031_base_seed1/best_model.pt (objective=classification-auprc, score=0.632944)
  negatives seen=20.0%; hard negatives=0
Epoch 002 train: loss=0.3955 AUROC=0.9721 AUPRC=0.8525 BalAcc=0.9201 F1=0.7264 MCC=0.7096
Epoch 002 val  : loss=0.1085 AUROC=0.9785 AUPRC=0.5955 BalAcc=0.9107 F1=0.4123 MCC=0.4719
  learning_rate_used=2.999e-04; learning_rate_next=2.997e-04; elapsed=187.4s
  negatives seen=30.0%; hard negatives=0
Epoch 003 train: loss=0.3605 AUROC=0.9770 AUPRC=0.8756 BalAcc=0.9272 F1=0.7462 MCC=0.7303
Epoch 003 val  : loss=0.1313 AUROC=0.9819 AUPRC=0.6484 BalAcc=0.9314 F1=0.3164 MCC=0.4058
  learning_rate_used=2.997e-04; learning_rate_next=2.993e-04; elapsed=187.4s
  saved new best checkpoint: /data/projects/SFB_A03/jan/AT_TFBS/human301/runs/NFKB1/multitf_20261006_033507_932031_base_seed1/best_model.pt (objective=classification-auprc, score=0.648351)
  negatives seen=40.0%; hard negatives=0
Epoch 004 train: loss=0.3399 AUROC=0.9799 AUPRC=0.8851 BalAcc=0.9322 F1=0.7609 MCC=0.7456
Epoch 004 val  : loss=0.2114 AUROC=0.9821 AUPRC=0.6639 BalAcc=0.9343 F1=0.2047 MCC=0.3150
  learning_rate_used=2.993e-04; learning_rate_next=2.988e-04; elapsed=187.6s
  saved new best checkpoint: /data/projects/SFB_A03/jan/AT_TFBS/human301/runs/NFKB1/multitf_20261006_033507_932031_base_seed1/best_model.pt (objective=classification-auprc, score=0.663941)
  negatives seen=50.0%; hard negatives=0
Epoch 005 train: loss=0.3252 AUROC=0.9818 AUPRC=0.8926 BalAcc=0.9346 F1=0.7707 MCC=0.7556
Epoch 005 val  : loss=0.1050 AUROC=0.9846 AUPRC=0.7068 BalAcc=0.9305 F1=0.3962 MCC=0.4676
  learning_rate_used=2.988e-04; learning_rate_next=2.982e-04; elapsed=187.5s
  saved new best checkpoint: /data/projects/SFB_A03/jan/AT_TFBS/human301/runs/NFKB1/multitf_20261006_033507_932031_base_seed1/best_model.pt (objective=classification-auprc, score=0.706761)
  negatives seen=60.0%; hard negatives=0
Epoch 006 train: loss=0.3152 AUROC=0.9830 AUPRC=0.8979 BalAcc=0.9378 F1=0.7764 MCC=0.7619
Epoch 006 val  : loss=0.0962 AUROC=0.9855 AUPRC=0.7043 BalAcc=0.9263 F1=0.4428 MCC=0.5017
  learning_rate_used=2.982e-04; learning_rate_next=2.974e-04; elapsed=187.7s
  negatives seen=70.0%; hard negatives=0
Epoch 007 train: loss=0.3047 AUROC=0.9841 AUPRC=0.9054 BalAcc=0.9392 F1=0.7835 MCC=0.7691
Epoch 007 val  : loss=0.1271 AUROC=0.9864 AUPRC=0.7178 BalAcc=0.9436 F1=0.3190 MCC=0.4127
  learning_rate_used=2.974e-04; learning_rate_next=2.964e-04; elapsed=187.3s
  saved new best checkpoint: /data/projects/SFB_A03/jan/AT_TFBS/human301/runs/NFKB1/multitf_20261006_033507_932031_base_seed1/best_model.pt (objective=classification-auprc, score=0.717777)
  negatives seen=80.0%; hard negatives=0
Epoch 008 train: loss=0.2976 AUROC=0.9849 AUPRC=0.9070 BalAcc=0.9412 F1=0.7857 MCC=0.7717
Epoch 008 val  : loss=0.1421 AUROC=0.9860 AUPRC=0.6829 BalAcc=0.9435 F1=0.3133 MCC=0.4081
  learning_rate_used=2.964e-04; learning_rate_next=2.953e-04; elapsed=188.1s
  negatives seen=90.0%; hard negatives=0
Epoch 009 train: loss=0.2894 AUROC=0.9858 AUPRC=0.9089 BalAcc=0.9422 F1=0.7903 MCC=0.7764
Epoch 009 val  : loss=0.1063 AUROC=0.9864 AUPRC=0.7093 BalAcc=0.9375 F1=0.3897 MCC=0.4654
  learning_rate_used=2.953e-04; learning_rate_next=2.941e-04; elapsed=187.5s
  negatives seen=100.0%; hard negatives=0
Epoch 010 train: loss=0.2830 AUROC=0.9862 AUPRC=0.9130 BalAcc=0.9455 F1=0.8016 MCC=0.7881
Epoch 010 val  : loss=0.0988 AUROC=0.9865 AUPRC=0.7243 BalAcc=0.9343 F1=0.4178 MCC=0.4858
  learning_rate_used=2.941e-04; learning_rate_next=2.927e-04; elapsed=188.4s
  saved new best checkpoint: /data/projects/SFB_A03/jan/AT_TFBS/human301/runs/NFKB1/multitf_20261006_033507_932031_base_seed1/best_model.pt (objective=classification-auprc, score=0.724303)
  negatives seen=100.0%; hard negatives=0
Epoch 011 train: loss=0.2782 AUROC=0.9868 AUPRC=0.9160 BalAcc=0.9448 F1=0.7993 MCC=0.7857
Epoch 011 val  : loss=0.1003 AUROC=0.9866 AUPRC=0.7106 BalAcc=0.9359 F1=0.4156 MCC=0.4847
  learning_rate_used=2.927e-04; learning_rate_next=2.912e-04; elapsed=188.4s
  negatives seen=100.0%; hard negatives=0
Epoch 012 train: loss=0.2725 AUROC=0.9874 AUPRC=0.9190 BalAcc=0.9462 F1=0.8065 MCC=0.7930
Epoch 012 val  : loss=0.1256 AUROC=0.9865 AUPRC=0.7241 BalAcc=0.9427 F1=0.3304 MCC=0.4213
  learning_rate_used=2.912e-04; learning_rate_next=2.895e-04; elapsed=187.9s
  negatives seen=100.0%; hard negatives=0
Epoch 013 train: loss=0.2665 AUROC=0.9881 AUPRC=0.9213 BalAcc=0.9474 F1=0.8111 MCC=0.7978
Epoch 013 val  : loss=0.1113 AUROC=0.9864 AUPRC=0.7152 BalAcc=0.9408 F1=0.3738 MCC=0.4544
  learning_rate_used=2.895e-04; learning_rate_next=2.877e-04; elapsed=187.6s
  negatives seen=100.0%; hard negatives=0
Epoch 014 train: loss=0.2645 AUROC=0.9882 AUPRC=0.9217 BalAcc=0.9475 F1=0.8129 MCC=0.7995
Epoch 014 val  : loss=0.1017 AUROC=0.9873 AUPRC=0.7266 BalAcc=0.9401 F1=0.4047 MCC=0.4780
  learning_rate_used=2.877e-04; learning_rate_next=2.858e-04; elapsed=188.0s
  saved new best checkpoint: /data/projects/SFB_A03/jan/AT_TFBS/human301/runs/NFKB1/multitf_20261006_033507_932031_base_seed1/best_model.pt (objective=classification-auprc, score=0.726619)
  negatives seen=100.0%; hard negatives=0
Epoch 015 train: loss=0.2595 AUROC=0.9885 AUPRC=0.9246 BalAcc=0.9496 F1=0.8167 MCC=0.8037
Epoch 015 val  : loss=0.1453 AUROC=0.9871 AUPRC=0.7271 BalAcc=0.9457 F1=0.2949 MCC=0.3943
  learning_rate_used=2.858e-04; learning_rate_next=2.837e-04; elapsed=187.5s
  saved new best checkpoint: /data/projects/SFB_A03/jan/AT_TFBS/human301/runs/NFKB1/multitf_20261006_033507_932031_base_seed1/best_model.pt (objective=classification-auprc, score=0.727119)
  negatives seen=100.0%; hard negatives=0
Epoch 016 train: loss=0.2514 AUROC=0.9892 AUPRC=0.9263 BalAcc=0.9501 F1=0.8163 MCC=0.8035
Epoch 016 val  : loss=0.0988 AUROC=0.9867 AUPRC=0.7298 BalAcc=0.9363 F1=0.4140 MCC=0.4836
  learning_rate_used=2.837e-04; learning_rate_next=2.815e-04; elapsed=188.1s
  saved new best checkpoint: /data/projects/SFB_A03/jan/AT_TFBS/human301/runs/NFKB1/multitf_20261006_033507_932031_base_seed1/best_model.pt (objective=classification-auprc, score=0.729836)
  negatives seen=100.0%; hard negatives=0
Epoch 017 train: loss=0.2475 AUROC=0.9895 AUPRC=0.9279 BalAcc=0.9522 F1=0.8225 MCC=0.8100
Epoch 017 val  : loss=0.1436 AUROC=0.9875 AUPRC=0.7375 BalAcc=0.9476 F1=0.2845 MCC=0.3866
  learning_rate_used=2.815e-04; learning_rate_next=2.792e-04; elapsed=187.9s
  saved new best checkpoint: /data/projects/SFB_A03/jan/AT_TFBS/human301/runs/NFKB1/multitf_20261006_033507_932031_base_seed1/best_model.pt (objective=classification-auprc, score=0.737456)
  negatives seen=100.0%; hard negatives=0
Epoch 018 train: loss=0.2429 AUROC=0.9899 AUPRC=0.9286 BalAcc=0.9525 F1=0.8242 MCC=0.8118
Epoch 018 val  : loss=0.1266 AUROC=0.9874 AUPRC=0.7345 BalAcc=0.9450 F1=0.3419 MCC=0.4312
  learning_rate_used=2.792e-04; learning_rate_next=2.767e-04; elapsed=188.3s
  negatives seen=100.0%; hard negatives=0
Epoch 019 train: loss=0.2458 AUROC=0.9897 AUPRC=0.9275 BalAcc=0.9519 F1=0.8255 MCC=0.8129
Epoch 019 val  : loss=0.1252 AUROC=0.9873 AUPRC=0.7388 BalAcc=0.9460 F1=0.3337 MCC=0.4252
  learning_rate_used=2.767e-04; learning_rate_next=2.741e-04; elapsed=187.9s
  saved new best checkpoint: /data/projects/SFB_A03/jan/AT_TFBS/human301/runs/NFKB1/multitf_20261006_033507_932031_base_seed1/best_model.pt (objective=classification-auprc, score=0.738809)
  negatives seen=100.0%; hard negatives=0
Epoch 020 train: loss=0.2397 AUROC=0.9901 AUPRC=0.9312 BalAcc=0.9535 F1=0.8295 MCC=0.8172
Epoch 020 val  : loss=0.1488 AUROC=0.9867 AUPRC=0.7294 BalAcc=0.9456 F1=0.2939 MCC=0.3935
  learning_rate_used=2.741e-04; learning_rate_next=2.714e-04; elapsed=188.3s
  negatives seen=100.0%; hard negatives=0
Epoch 021 train: loss=0.2341 AUROC=0.9905 AUPRC=0.9334 BalAcc=0.9544 F1=0.8327 MCC=0.8205
Epoch 021 val  : loss=0.0980 AUROC=0.9873 AUPRC=0.7420 BalAcc=0.9367 F1=0.4266 MCC=0.4935
  learning_rate_used=2.714e-04; learning_rate_next=2.686e-04; elapsed=188.6s
  saved new best checkpoint: /data/projects/SFB_A03/jan/AT_TFBS/human301/runs/NFKB1/multitf_20261006_033507_932031_base_seed1/best_model.pt (objective=classification-auprc, score=0.742007)
  negatives seen=100.0%; hard negatives=0
Epoch 022 train: loss=0.2313 AUROC=0.9910 AUPRC=0.9341 BalAcc=0.9553 F1=0.8326 MCC=0.8206
Epoch 022 val  : loss=0.1065 AUROC=0.9873 AUPRC=0.7412 BalAcc=0.9406 F1=0.3935 MCC=0.4696
  learning_rate_used=2.686e-04; learning_rate_next=2.657e-04; elapsed=187.9s
  negatives seen=100.0%; hard negatives=0
Epoch 023 train: loss=0.2218 AUROC=0.9916 AUPRC=0.9368 BalAcc=0.9567 F1=0.8384 MCC=0.8267
Epoch 023 val  : loss=0.1225 AUROC=0.9873 AUPRC=0.7384 BalAcc=0.9457 F1=0.3279 MCC=0.4205
  learning_rate_used=2.657e-04; learning_rate_next=2.626e-04; elapsed=188.3s
  negatives seen=100.0%; hard negatives=0
Epoch 024 train: loss=0.2285 AUROC=0.9911 AUPRC=0.9344 BalAcc=0.9558 F1=0.8367 MCC=0.8248
Epoch 024 val  : loss=0.0877 AUROC=0.9866 AUPRC=0.7388 BalAcc=0.9265 F1=0.4978 MCC=0.5444
  learning_rate_used=2.626e-04; learning_rate_next=2.595e-04; elapsed=187.8s
  negatives seen=100.0%; hard negatives=0
Epoch 025 train: loss=0.2210 AUROC=0.9917 AUPRC=0.9367 BalAcc=0.9565 F1=0.8398 MCC=0.8280
Epoch 025 val  : loss=0.1068 AUROC=0.9869 AUPRC=0.7435 BalAcc=0.9401 F1=0.3954 MCC=0.4708
  learning_rate_used=2.595e-04; learning_rate_next=2.562e-04; elapsed=188.9s
  saved new best checkpoint: /data/projects/SFB_A03/jan/AT_TFBS/human301/runs/NFKB1/multitf_20261006_033507_932031_base_seed1/best_model.pt (objective=classification-auprc, score=0.743485)
  negatives seen=100.0%; hard negatives=0
Epoch 026 train: loss=0.2184 AUROC=0.9917 AUPRC=0.9374 BalAcc=0.9581 F1=0.8439 MCC=0.8324
Epoch 026 val  : loss=0.1063 AUROC=0.9874 AUPRC=0.7435 BalAcc=0.9411 F1=0.3901 MCC=0.4671
  learning_rate_used=2.562e-04; learning_rate_next=2.528e-04; elapsed=187.9s
  negatives seen=100.0%; hard negatives=0
Epoch 027 train: loss=0.2119 AUROC=0.9923 AUPRC=0.9411 BalAcc=0.9588 F1=0.8469 MCC=0.8356
Epoch 027 val  : loss=0.0950 AUROC=0.9871 AUPRC=0.7443 BalAcc=0.9369 F1=0.4388 MCC=0.5030
  learning_rate_used=2.528e-04; learning_rate_next=2.494e-04; elapsed=187.7s
  saved new best checkpoint: /data/projects/SFB_A03/jan/AT_TFBS/human301/runs/NFKB1/multitf_20261006_033507_932031_base_seed1/best_model.pt (objective=classification-auprc, score=0.744345)
  negatives seen=100.0%; hard negatives=0
Epoch 028 train: loss=0.2095 AUROC=0.9924 AUPRC=0.9415 BalAcc=0.9600 F1=0.8509 MCC=0.8397
Epoch 028 val  : loss=0.1097 AUROC=0.9876 AUPRC=0.7468 BalAcc=0.9433 F1=0.3782 MCC=0.4588
  learning_rate_used=2.494e-04; learning_rate_next=2.458e-04; elapsed=188.0s
  saved new best checkpoint: /data/projects/SFB_A03/jan/AT_TFBS/human301/runs/NFKB1/multitf_20261006_033507_932031_base_seed1/best_model.pt (objective=classification-auprc, score=0.746792)
  negatives seen=100.0%; hard negatives=0
Epoch 029 train: loss=0.2114 AUROC=0.9924 AUPRC=0.9420 BalAcc=0.9596 F1=0.8503 MCC=0.8391
Epoch 029 val  : loss=0.1007 AUROC=0.9875 AUPRC=0.7421 BalAcc=0.9400 F1=0.4084 MCC=0.4808
  learning_rate_used=2.458e-04; learning_rate_next=2.421e-04; elapsed=187.4s
  negatives seen=100.0%; hard negatives=0
Epoch 030 train: loss=0.2087 AUROC=0.9925 AUPRC=0.9403 BalAcc=0.9597 F1=0.8489 MCC=0.8377
Epoch 030 val  : loss=0.1193 AUROC=0.9877 AUPRC=0.7463 BalAcc=0.9448 F1=0.3555 MCC=0.4418
  learning_rate_used=2.421e-04; learning_rate_next=2.384e-04; elapsed=188.8s
  negatives seen=100.0%; hard negatives=0
Epoch 031 train: loss=0.2033 AUROC=0.9930 AUPRC=0.9455 BalAcc=0.9606 F1=0.8544 MCC=0.8433
Epoch 031 val  : loss=0.1031 AUROC=0.9867 AUPRC=0.7108 BalAcc=0.9354 F1=0.4176 MCC=0.4861
  learning_rate_used=2.384e-04; learning_rate_next=2.345e-04; elapsed=187.8s
  negatives seen=100.0%; hard negatives=0
Epoch 032 train: loss=0.1975 AUROC=0.9931 AUPRC=0.9435 BalAcc=0.9622 F1=0.8563 MCC=0.8455
Epoch 032 val  : loss=0.1243 AUROC=0.9875 AUPRC=0.7454 BalAcc=0.9448 F1=0.3347 MCC=0.4255
  learning_rate_used=2.345e-04; learning_rate_next=2.306e-04; elapsed=188.1s
  negatives seen=100.0%; hard negatives=0
Epoch 033 train: loss=0.1972 AUROC=0.9932 AUPRC=0.9440 BalAcc=0.9624 F1=0.8590 MCC=0.8483
Epoch 033 val  : loss=0.0906 AUROC=0.9879 AUPRC=0.7524 BalAcc=0.9332 F1=0.4623 MCC=0.5196
  learning_rate_used=2.306e-04; learning_rate_next=2.266e-04; elapsed=188.2s
  saved new best checkpoint: /data/projects/SFB_A03/jan/AT_TFBS/human301/runs/NFKB1/multitf_20261006_033507_932031_base_seed1/best_model.pt (objective=classification-auprc, score=0.752388)
  negatives seen=100.0%; hard negatives=0
Epoch 034 train: loss=0.1920 AUROC=0.9935 AUPRC=0.9463 BalAcc=0.9633 F1=0.8615 MCC=0.8510
Epoch 034 val  : loss=0.0931 AUROC=0.9868 AUPRC=0.7402 BalAcc=0.9267 F1=0.4905 MCC=0.5388
  learning_rate_used=2.266e-04; learning_rate_next=2.225e-04; elapsed=188.5s
  negatives seen=100.0%; hard negatives=0
Epoch 035 train: loss=0.1907 AUROC=0.9937 AUPRC=0.9469 BalAcc=0.9633 F1=0.8589 MCC=0.8484
Epoch 035 val  : loss=0.0846 AUROC=0.9875 AUPRC=0.7424 BalAcc=0.9148 F1=0.5642 MCC=0.5923
  learning_rate_used=2.225e-04; learning_rate_next=2.184e-04; elapsed=188.0s
  negatives seen=100.0%; hard negatives=0
Epoch 036 train: loss=0.1864 AUROC=0.9940 AUPRC=0.9498 BalAcc=0.9636 F1=0.8641 MCC=0.8537
Epoch 036 val  : loss=0.0899 AUROC=0.9869 AUPRC=0.7483 BalAcc=0.9311 F1=0.4838 MCC=0.5354
  learning_rate_used=2.184e-04; learning_rate_next=2.142e-04; elapsed=188.1s
  negatives seen=100.0%; hard negatives=0
Epoch 037 train: loss=0.1865 AUROC=0.9940 AUPRC=0.9503 BalAcc=0.9639 F1=0.8651 MCC=0.8548
Epoch 037 val  : loss=0.1242 AUROC=0.9872 AUPRC=0.7505 BalAcc=0.9464 F1=0.3394 MCC=0.4298
  learning_rate_used=2.142e-04; learning_rate_next=2.099e-04; elapsed=188.0s
  negatives seen=100.0%; hard negatives=0
Epoch 038 train: loss=0.1821 AUROC=0.9940 AUPRC=0.9503 BalAcc=0.9659 F1=0.8696 MCC=0.8596
Epoch 038 val  : loss=0.0975 AUROC=0.9872 AUPRC=0.7404 BalAcc=0.9357 F1=0.4464 MCC=0.5083
  learning_rate_used=2.099e-04; learning_rate_next=2.055e-04; elapsed=188.0s
  negatives seen=100.0%; hard negatives=0
Epoch 039 train: loss=0.1817 AUROC=0.9943 AUPRC=0.9525 BalAcc=0.9652 F1=0.8700 MCC=0.8599
Epoch 039 val  : loss=0.1029 AUROC=0.9869 AUPRC=0.7452 BalAcc=0.9393 F1=0.4183 MCC=0.4882
  learning_rate_used=2.055e-04; learning_rate_next=2.011e-04; elapsed=188.0s
  negatives seen=100.0%; hard negatives=0
Epoch 040 train: loss=0.1774 AUROC=0.9946 AUPRC=0.9530 BalAcc=0.9661 F1=0.8738 MCC=0.8639
Epoch 040 val  : loss=0.0909 AUROC=0.9874 AUPRC=0.7472 BalAcc=0.9341 F1=0.4744 MCC=0.5293
  learning_rate_used=2.011e-04; learning_rate_next=1.967e-04; elapsed=188.1s
  negatives seen=100.0%; hard negatives=0
Epoch 041 train: loss=0.1715 AUROC=0.9947 AUPRC=0.9537 BalAcc=0.9678 F1=0.8786 MCC=0.8690
Epoch 041 val  : loss=0.0890 AUROC=0.9872 AUPRC=0.7502 BalAcc=0.9279 F1=0.5194 MCC=0.5618
  learning_rate_used=1.967e-04; learning_rate_next=1.922e-04; elapsed=187.4s
  negatives seen=100.0%; hard negatives=0
Epoch 042 train: loss=0.1747 AUROC=0.9946 AUPRC=0.9519 BalAcc=0.9667 F1=0.8762 MCC=0.8664
Epoch 042 val  : loss=0.0834 AUROC=0.9877 AUPRC=0.7497 BalAcc=0.9134 F1=0.5704 MCC=0.5968
  learning_rate_used=1.922e-04; learning_rate_next=1.877e-04; elapsed=188.1s
  negatives seen=100.0%; hard negatives=0
Epoch 043 train: loss=0.1743 AUROC=0.9946 AUPRC=0.9542 BalAcc=0.9664 F1=0.8768 MCC=0.8669
Epoch 043 val  : loss=0.0932 AUROC=0.9879 AUPRC=0.7515 BalAcc=0.9364 F1=0.4627 MCC=0.5212
  learning_rate_used=1.877e-04; learning_rate_next=1.831e-04; elapsed=187.7s
  negatives seen=100.0%; hard negatives=0
Epoch 044 train: loss=0.1646 AUROC=0.9950 AUPRC=0.9548 BalAcc=0.9689 F1=0.8806 MCC=0.8712
Epoch 044 val  : loss=0.0886 AUROC=0.9873 AUPRC=0.7494 BalAcc=0.9245 F1=0.5206 MCC=0.5614
  learning_rate_used=1.831e-04; learning_rate_next=1.785e-04; elapsed=188.0s
  negatives seen=100.0%; hard negatives=0
Epoch 045 train: loss=0.1581 AUROC=0.9955 AUPRC=0.9575 BalAcc=0.9703 F1=0.8877 MCC=0.8786
Epoch 045 val  : loss=0.0879 AUROC=0.9878 AUPRC=0.7388 BalAcc=0.9152 F1=0.5616 MCC=0.5903
  learning_rate_used=1.785e-04; learning_rate_next=1.739e-04; elapsed=188.0s
  negatives seen=100.0%; hard negatives=0
Epoch 046 train: loss=0.1643 AUROC=0.9952 AUPRC=0.9562 BalAcc=0.9692 F1=0.8843 MCC=0.8750
Epoch 046 val  : loss=0.0887 AUROC=0.9877 AUPRC=0.7499 BalAcc=0.9301 F1=0.4891 MCC=0.5391
  learning_rate_used=1.739e-04; learning_rate_next=1.692e-04; elapsed=187.8s
  negatives seen=100.0%; hard negatives=0
Epoch 047 train: loss=0.1613 AUROC=0.9954 AUPRC=0.9583 BalAcc=0.9691 F1=0.8844 MCC=0.8751
Epoch 047 val  : loss=0.0928 AUROC=0.9875 AUPRC=0.7513 BalAcc=0.9328 F1=0.4722 MCC=0.5271
  learning_rate_used=1.692e-04; learning_rate_next=1.646e-04; elapsed=187.5s
  negatives seen=100.0%; hard negatives=0
Epoch 048 train: loss=0.1573 AUROC=0.9955 AUPRC=0.9582 BalAcc=0.9700 F1=0.8874 MCC=0.8783
Epoch 048 val  : loss=0.0881 AUROC=0.9873 AUPRC=0.7488 BalAcc=0.9242 F1=0.5124 MCC=0.5549
  learning_rate_used=1.646e-04; learning_rate_next=1.599e-04; elapsed=187.7s
  negatives seen=100.0%; hard negatives=0
Epoch 049 train: loss=0.1611 AUROC=0.9954 AUPRC=0.9582 BalAcc=0.9700 F1=0.8895 MCC=0.8805
Epoch 049 val  : loss=0.1010 AUROC=0.9879 AUPRC=0.7526 BalAcc=0.9402 F1=0.4317 MCC=0.4988
  learning_rate_used=1.599e-04; learning_rate_next=1.552e-04; elapsed=187.9s
  saved new best checkpoint: /data/projects/SFB_A03/jan/AT_TFBS/human301/runs/NFKB1/multitf_20261006_033507_932031_base_seed1/best_model.pt (objective=classification-auprc, score=0.752631)
  negatives seen=100.0%; hard negatives=0
Epoch 050 train: loss=0.1534 AUROC=0.9956 AUPRC=0.9581 BalAcc=0.9712 F1=0.8920 MCC=0.8832
Epoch 050 val  : loss=0.1010 AUROC=0.9875 AUPRC=0.7526 BalAcc=0.9401 F1=0.4286 MCC=0.4964
  learning_rate_used=1.552e-04; learning_rate_next=1.505e-04; elapsed=187.8s
  negatives seen=100.0%; hard negatives=0
Epoch 051 train: loss=0.1505 AUROC=0.9960 AUPRC=0.9618 BalAcc=0.9717 F1=0.8937 MCC=0.8850
Epoch 051 val  : loss=0.0878 AUROC=0.9876 AUPRC=0.7493 BalAcc=0.9253 F1=0.5118 MCC=0.5548
  learning_rate_used=1.505e-04; learning_rate_next=1.458e-04; elapsed=187.6s
  negatives seen=100.0%; hard negatives=0
Epoch 052 train: loss=0.1437 AUROC=0.9962 AUPRC=0.9620 BalAcc=0.9724 F1=0.8974 MCC=0.8889
Epoch 052 val  : loss=0.0901 AUROC=0.9874 AUPRC=0.7464 BalAcc=0.9102 F1=0.5748 MCC=0.5992
  learning_rate_used=1.458e-04; learning_rate_next=1.411e-04; elapsed=187.9s
  negatives seen=100.0%; hard negatives=0
Epoch 053 train: loss=0.1501 AUROC=0.9959 AUPRC=0.9613 BalAcc=0.9721 F1=0.8957 MCC=0.8871
Epoch 053 val  : loss=0.0950 AUROC=0.9874 AUPRC=0.7502 BalAcc=0.9347 F1=0.4606 MCC=0.5189
  learning_rate_used=1.411e-04; learning_rate_next=1.364e-04; elapsed=188.3s
  negatives seen=100.0%; hard negatives=0
Epoch 054 train: loss=0.1448 AUROC=0.9962 AUPRC=0.9622 BalAcc=0.9728 F1=0.8974 MCC=0.8890
Epoch 054 val  : loss=0.0845 AUROC=0.9875 AUPRC=0.7497 BalAcc=0.9112 F1=0.5801 MCC=0.6039
  learning_rate_used=1.364e-04; learning_rate_next=1.318e-04; elapsed=188.0s
  negatives seen=100.0%; hard negatives=0
Epoch 055 train: loss=0.1398 AUROC=0.9964 AUPRC=0.9643 BalAcc=0.9735 F1=0.9013 MCC=0.8931
Epoch 055 val  : loss=0.0890 AUROC=0.9870 AUPRC=0.7477 BalAcc=0.9197 F1=0.5401 MCC=0.5749
  learning_rate_used=1.318e-04; learning_rate_next=1.271e-04; elapsed=187.7s
  negatives seen=100.0%; hard negatives=0
Epoch 056 train: loss=0.1405 AUROC=0.9964 AUPRC=0.9642 BalAcc=0.9737 F1=0.9008 MCC=0.8925
Epoch 056 val  : loss=0.0908 AUROC=0.9871 AUPRC=0.7517 BalAcc=0.9253 F1=0.5237 MCC=0.5641
  learning_rate_used=1.271e-04; learning_rate_next=1.225e-04; elapsed=187.8s
  negatives seen=100.0%; hard negatives=0
Epoch 057 train: loss=0.1375 AUROC=0.9965 AUPRC=0.9639 BalAcc=0.9749 F1=0.9044 MCC=0.8964
Epoch 057 val  : loss=0.0916 AUROC=0.9873 AUPRC=0.7515 BalAcc=0.9207 F1=0.5287 MCC=0.5663
  learning_rate_used=1.225e-04; learning_rate_next=1.179e-04; elapsed=187.9s
  negatives seen=100.0%; hard negatives=0
Epoch 058 train: loss=0.1389 AUROC=0.9965 AUPRC=0.9660 BalAcc=0.9740 F1=0.9055 MCC=0.8974
Epoch 058 val  : loss=0.0867 AUROC=0.9872 AUPRC=0.7511 BalAcc=0.9241 F1=0.5270 MCC=0.5663
  learning_rate_used=1.179e-04; learning_rate_next=1.133e-04; elapsed=188.7s
  negatives seen=100.0%; hard negatives=0
Epoch 059 train: loss=0.1351 AUROC=0.9966 AUPRC=0.9662 BalAcc=0.9759 F1=0.9077 MCC=0.9000
Epoch 059 val  : loss=0.0862 AUROC=0.9877 AUPRC=0.7505 BalAcc=0.9236 F1=0.5200 MCC=0.5606
  learning_rate_used=1.133e-04; learning_rate_next=1.088e-04; elapsed=188.0s
  negatives seen=100.0%; hard negatives=0
Epoch 060 train: loss=0.1330 AUROC=0.9967 AUPRC=0.9659 BalAcc=0.9754 F1=0.9095 MCC=0.9018
Epoch 060 val  : loss=0.0867 AUROC=0.9868 AUPRC=0.7519 BalAcc=0.9193 F1=0.5423 MCC=0.5765
  learning_rate_used=1.088e-04; learning_rate_next=1.043e-04; elapsed=187.3s
  negatives seen=100.0%; hard negatives=0
Epoch 061 train: loss=0.1282 AUROC=0.9968 AUPRC=0.9670 BalAcc=0.9766 F1=0.9117 MCC=0.9042
Epoch 061 val  : loss=0.0918 AUROC=0.9873 AUPRC=0.7501 BalAcc=0.9099 F1=0.5875 MCC=0.6094
  learning_rate_used=1.043e-04; learning_rate_next=9.986e-05; elapsed=188.0s
  negatives seen=100.0%; hard negatives=0
Epoch 062 train: loss=0.1288 AUROC=0.9969 AUPRC=0.9675 BalAcc=0.9765 F1=0.9114 MCC=0.9039
Epoch 062 val  : loss=0.0899 AUROC=0.9873 AUPRC=0.7550 BalAcc=0.9231 F1=0.5298 MCC=0.5681
  learning_rate_used=9.986e-05; learning_rate_next=9.547e-05; elapsed=187.7s
  saved new best checkpoint: /data/projects/SFB_A03/jan/AT_TFBS/human301/runs/NFKB1/multitf_20261006_033507_932031_base_seed1/best_model.pt (objective=classification-auprc, score=0.754995)
  negatives seen=100.0%; hard negatives=0
Epoch 063 train: loss=0.1227 AUROC=0.9972 AUPRC=0.9719 BalAcc=0.9776 F1=0.9182 MCC=0.9111
Epoch 063 val  : loss=0.0939 AUROC=0.9872 AUPRC=0.7503 BalAcc=0.9088 F1=0.5884 MCC=0.6098
  learning_rate_used=9.547e-05; learning_rate_next=9.113e-05; elapsed=187.8s
  negatives seen=100.0%; hard negatives=0
Epoch 064 train: loss=0.1263 AUROC=0.9970 AUPRC=0.9686 BalAcc=0.9769 F1=0.9141 MCC=0.9067
Epoch 064 val  : loss=0.0924 AUROC=0.9870 AUPRC=0.7505 BalAcc=0.9028 F1=0.5993 MCC=0.6167
  learning_rate_used=9.113e-05; learning_rate_next=8.685e-05; elapsed=188.1s
  negatives seen=100.0%; hard negatives=0
Epoch 065 train: loss=0.1235 AUROC=0.9970 AUPRC=0.9694 BalAcc=0.9773 F1=0.9157 MCC=0.9085
Epoch 065 val  : loss=0.0940 AUROC=0.9870 AUPRC=0.7519 BalAcc=0.9131 F1=0.5711 MCC=0.5973
  learning_rate_used=8.685e-05; learning_rate_next=8.263e-05; elapsed=187.7s
  negatives seen=100.0%; hard negatives=0
Epoch 066 train: loss=0.1207 AUROC=0.9971 AUPRC=0.9706 BalAcc=0.9782 F1=0.9165 MCC=0.9094
Epoch 066 val  : loss=0.0901 AUROC=0.9872 AUPRC=0.7510 BalAcc=0.9191 F1=0.5480 MCC=0.5810
  learning_rate_used=8.263e-05; learning_rate_next=7.848e-05; elapsed=187.9s
  negatives seen=100.0%; hard negatives=0
Epoch 067 train: loss=0.1183 AUROC=0.9974 AUPRC=0.9719 BalAcc=0.9782 F1=0.9195 MCC=0.9125
Epoch 067 val  : loss=0.0956 AUROC=0.9863 AUPRC=0.7487 BalAcc=0.9128 F1=0.5572 MCC=0.5860
  learning_rate_used=7.848e-05; learning_rate_next=7.440e-05; elapsed=188.0s
  negatives seen=100.0%; hard negatives=0
Epoch 068 train: loss=0.1231 AUROC=0.9972 AUPRC=0.9709 BalAcc=0.9776 F1=0.9190 MCC=0.9119
Epoch 068 val  : loss=0.0916 AUROC=0.9868 AUPRC=0.7493 BalAcc=0.9055 F1=0.5929 MCC=0.6124
  learning_rate_used=7.440e-05; learning_rate_next=7.039e-05; elapsed=187.8s
  negatives seen=100.0%; hard negatives=0
Epoch 069 train: loss=0.1155 AUROC=0.9975 AUPRC=0.9725 BalAcc=0.9790 F1=0.9251 MCC=0.9185
Epoch 069 val  : loss=0.0934 AUROC=0.9868 AUPRC=0.7503 BalAcc=0.9173 F1=0.5533 MCC=0.5845
  learning_rate_used=7.039e-05; learning_rate_next=6.647e-05; elapsed=187.6s
  negatives seen=100.0%; hard negatives=0
Epoch 070 train: loss=0.1172 AUROC=0.9973 AUPRC=0.9714 BalAcc=0.9785 F1=0.9212 MCC=0.9143
Epoch 070 val  : loss=0.0954 AUROC=0.9867 AUPRC=0.7498 BalAcc=0.9066 F1=0.5916 MCC=0.6117
  learning_rate_used=6.647e-05; learning_rate_next=6.263e-05; elapsed=187.6s
  negatives seen=100.0%; hard negatives=0
Epoch 071 train: loss=0.1149 AUROC=0.9974 AUPRC=0.9726 BalAcc=0.9796 F1=0.9219 MCC=0.9152
Epoch 071 val  : loss=0.0951 AUROC=0.9869 AUPRC=0.7486 BalAcc=0.9101 F1=0.5739 MCC=0.5985
  learning_rate_used=6.263e-05; learning_rate_next=5.887e-05; elapsed=187.6s
  negatives seen=100.0%; hard negatives=0
Epoch 072 train: loss=0.1093 AUROC=0.9976 AUPRC=0.9737 BalAcc=0.9803 F1=0.9265 MCC=0.9201
Epoch 072 val  : loss=0.0978 AUROC=0.9863 AUPRC=0.7519 BalAcc=0.9054 F1=0.5946 MCC=0.6137
  learning_rate_used=5.887e-05; learning_rate_next=5.521e-05; elapsed=187.8s
  negatives seen=100.0%; hard negatives=0
Epoch 073 train: loss=0.1071 AUROC=0.9977 AUPRC=0.9742 BalAcc=0.9803 F1=0.9281 MCC=0.9218
Epoch 073 val  : loss=0.0961 AUROC=0.9863 AUPRC=0.7520 BalAcc=0.9149 F1=0.5606 MCC=0.5895
  learning_rate_used=5.521e-05; learning_rate_next=5.163e-05; elapsed=187.7s
  negatives seen=100.0%; hard negatives=0
Epoch 074 train: loss=0.1108 AUROC=0.9976 AUPRC=0.9748 BalAcc=0.9797 F1=0.9265 MCC=0.9200
Epoch 074 val  : loss=0.1011 AUROC=0.9865 AUPRC=0.7499 BalAcc=0.8984 F1=0.6094 MCC=0.6237
  learning_rate_used=5.163e-05; learning_rate_next=4.816e-05; elapsed=187.9s
  negatives seen=100.0%; hard negatives=0
Epoch 075 train: loss=0.1087 AUROC=0.9976 AUPRC=0.9742 BalAcc=0.9805 F1=0.9272 MCC=0.9208
Epoch 075 val  : loss=0.0965 AUROC=0.9866 AUPRC=0.7498 BalAcc=0.9095 F1=0.5742 MCC=0.5985
  learning_rate_used=4.816e-05; learning_rate_next=4.479e-05; elapsed=188.3s
  negatives seen=100.0%; hard negatives=0
Epoch 076 train: loss=0.1030 AUROC=0.9978 AUPRC=0.9766 BalAcc=0.9816 F1=0.9303 MCC=0.9242
Epoch 076 val  : loss=0.0945 AUROC=0.9866 AUPRC=0.7523 BalAcc=0.9135 F1=0.5715 MCC=0.5977
  learning_rate_used=4.479e-05; learning_rate_next=4.152e-05; elapsed=188.3s
  negatives seen=100.0%; hard negatives=0
Epoch 077 train: loss=0.1051 AUROC=0.9978 AUPRC=0.9749 BalAcc=0.9815 F1=0.9311 MCC=0.9250
Epoch 077 val  : loss=0.0979 AUROC=0.9866 AUPRC=0.7514 BalAcc=0.9091 F1=0.5834 MCC=0.6058
  learning_rate_used=4.152e-05; learning_rate_next=3.836e-05; elapsed=187.6s
  negatives seen=100.0%; hard negatives=0
Epoch 078 train: loss=0.1057 AUROC=0.9978 AUPRC=0.9765 BalAcc=0.9814 F1=0.9311 MCC=0.9250
Epoch 078 val  : loss=0.1023 AUROC=0.9864 AUPRC=0.7496 BalAcc=0.9034 F1=0.5965 MCC=0.6146
  learning_rate_used=3.836e-05; learning_rate_next=3.531e-05; elapsed=187.8s
  negatives seen=100.0%; hard negatives=0
Epoch 079 train: loss=0.1046 AUROC=0.9976 AUPRC=0.9739 BalAcc=0.9814 F1=0.9310 MCC=0.9248
Epoch 079 val  : loss=0.0967 AUROC=0.9866 AUPRC=0.7527 BalAcc=0.9119 F1=0.5749 MCC=0.5999
  learning_rate_used=3.531e-05; learning_rate_next=3.237e-05; elapsed=187.5s
  negatives seen=100.0%; hard negatives=0
Epoch 080 train: loss=0.1017 AUROC=0.9979 AUPRC=0.9758 BalAcc=0.9818 F1=0.9325 MCC=0.9265
Epoch 080 val  : loss=0.1028 AUROC=0.9862 AUPRC=0.7509 BalAcc=0.9050 F1=0.5906 MCC=0.6103
  learning_rate_used=3.237e-05; learning_rate_next=2.955e-05; elapsed=187.9s
  negatives seen=100.0%; hard negatives=0
Epoch 081 train: loss=0.1051 AUROC=0.9977 AUPRC=0.9750 BalAcc=0.9810 F1=0.9302 MCC=0.9240
Epoch 081 val  : loss=0.0983 AUROC=0.9865 AUPRC=0.7493 BalAcc=0.9053 F1=0.5922 MCC=0.6117
  learning_rate_used=2.955e-05; learning_rate_next=2.685e-05; elapsed=188.4s
  negatives seen=100.0%; hard negatives=0
Epoch 082 train: loss=0.0962 AUROC=0.9980 AUPRC=0.9771 BalAcc=0.9831 F1=0.9366 MCC=0.9310
Epoch 082 val  : loss=0.1004 AUROC=0.9859 AUPRC=0.7499 BalAcc=0.9005 F1=0.6049 MCC=0.6207
  learning_rate_used=2.685e-05; learning_rate_next=2.427e-05; elapsed=187.7s
Early stopping after 82 epochs.
Binary threshold: 0.990376 (strategy=val-mcc, validation_score=0.696767)
TEST chr10,chr12,chr14,chr16,chr18,chr2,chr20,chr22,chr4,chr6,chr8: loss=0.0872 AUROC=0.9885 AUPRC=0.7490 BalAcc=0.8194 F1=0.6907 MCC=0.6900
Outputs written to /data/projects/SFB_A03/jan/AT_TFBS/human301/runs/NFKB1/multitf_20261006_033507_932031_base_seed1
Binary predictions: binary_classification_results.tsv
Binary metrics: binary_classification_metrics.json
ROC plot: roc_curve.png
Precision-recall plot: precision_recall_curve.png
Confusion matrix: binary_confusion_matrix.tsv
