GABPA/CHIP: packing existing FASTAs into /data/projects/SFB_A03/jan/AT_TFBS/raw_data/human/ArchThalia-ML/GABPA/CHIP/dataset.npz; no genome extraction
Loaded train_positive: 10,358
Loaded train_negative: 1,035,800
Loaded test_positive: 8,076
Loaded test_negative: 807,600
{
  "train": {
    "positive": 8508,
    "negative": 850800,
    "total": 859308,
    "chromosomes": [
      "chr1",
      "chr11",
      "chr13",
      "chr15",
      "chr17",
      "chr19",
      "chr21",
      "chr3",
      "chr9"
    ],
    "sequences_with_N": 0,
    "max_N_fraction": 0.0,
    "mean_GC_fraction_ACGT_only": {
      "positive": 0.6039732782278785,
      "negative": 0.5326404345646153
    }
  },
  "validation": {
    "positive": 1850,
    "negative": 185000,
    "total": 186850,
    "chromosomes": [
      "chr5",
      "chr7"
    ],
    "sequences_with_N": 0,
    "max_N_fraction": 0.0,
    "mean_GC_fraction_ACGT_only": {
      "positive": 0.5895285983658077,
      "negative": 0.5266866301517464
    }
  },
  "test": {
    "positive": 8076,
    "negative": 807600,
    "total": 815676,
    "chromosomes": [
      "chr10",
      "chr12",
      "chr14",
      "chr16",
      "chr18",
      "chr2",
      "chr20",
      "chr22",
      "chr4",
      "chr6",
      "chr8"
    ],
    "sequences_with_N": 0,
    "max_N_fraction": 0.0,
    "mean_GC_fraction_ACGT_only": {
      "positive": 0.5939360954651739,
      "negative": 0.5313412037471266
    }
  }
}
Sequence audit: {
  "train": {
    "duplicates_or_RC_duplicates_within_split": 29,
    "identical_or_RC_identical_sequences_with_both_labels": 0
  },
  "validation": {
    "duplicates_or_RC_duplicates_within_split": 11,
    "identical_or_RC_identical_sequences_with_both_labels": 0
  },
  "test": {
    "duplicates_or_RC_duplicates_within_split": 14,
    "identical_or_RC_identical_sequences_with_both_labels": 0
  },
  "train_validation_shared_sequences_or_RC": 4,
  "train_test_shared_sequences_or_RC": 6,
  "validation_test_shared_sequences_or_RC": 4
}
Saved: /data/projects/SFB_A03/jan/AT_TFBS/raw_data/human/ArchThalia-ML/GABPA/CHIP/dataset.npz
GABPA/GHTS: packing existing FASTAs into /data/projects/SFB_A03/jan/AT_TFBS/raw_data/human/ArchThalia-ML/GABPA/GHTS/dataset.npz; no genome extraction
Loaded train_positive: 10,289
Loaded train_negative: 1,028,900
Loaded test_positive: 8,634
Loaded test_negative: 863,400
{
  "train": {
    "positive": 8222,
    "negative": 822200,
    "total": 830422,
    "chromosomes": [
      "chr1",
      "chr11",
      "chr13",
      "chr15",
      "chr17",
      "chr19",
      "chr21",
      "chr3",
      "chr9"
    ],
    "sequences_with_N": 1,
    "max_N_fraction": 0.3554817275747508,
    "mean_GC_fraction_ACGT_only": {
      "positive": 0.5419840087301666,
      "negative": 0.5277832466334953
    }
  },
  "validation": {
    "positive": 2067,
    "negative": 206700,
    "total": 208767,
    "chromosomes": [
      "chr5",
      "chr7"
    ],
    "sequences_with_N": 0,
    "max_N_fraction": 0.0,
    "mean_GC_fraction_ACGT_only": {
      "positive": 0.5240409729220611,
      "negative": 0.5138748117466855
    }
  },
  "test": {
    "positive": 8634,
    "negative": 863400,
    "total": 872034,
    "chromosomes": [
      "chr10",
      "chr12",
      "chr14",
      "chr16",
      "chr18",
      "chr2",
      "chr20",
      "chr22",
      "chr4",
      "chr6",
      "chr8"
    ],
    "sequences_with_N": 0,
    "max_N_fraction": 0.0,
    "mean_GC_fraction_ACGT_only": {
      "positive": 0.5304836707538843,
      "negative": 0.5207329787127611
    }
  }
}
Sequence audit: {
  "train": {
    "duplicates_or_RC_duplicates_within_split": 21,
    "identical_or_RC_identical_sequences_with_both_labels": 0
  },
  "validation": {
    "duplicates_or_RC_duplicates_within_split": 6,
    "identical_or_RC_identical_sequences_with_both_labels": 0
  },
  "test": {
    "duplicates_or_RC_duplicates_within_split": 13,
    "identical_or_RC_identical_sequences_with_both_labels": 0
  },
  "train_validation_shared_sequences_or_RC": 1,
  "train_test_shared_sequences_or_RC": 7,
  "validation_test_shared_sequences_or_RC": 5
}
Saved: /data/projects/SFB_A03/jan/AT_TFBS/raw_data/human/ArchThalia-ML/GABPA/GHTS/dataset.npz
GABPA: caches ready for CHIP and GHTS; cross-test chromosomes are held out.
