GLI4/CHIP: packing existing FASTAs into /data/projects/SFB_A03/jan/AT_TFBS/raw_data/human/ArchThalia-ML/GLI4/CHIP/dataset.npz; no genome extraction
Loaded train_positive: 698
Loaded train_negative: 69,800
Loaded test_positive: 435
Loaded test_negative: 43,500
{
  "train": {
    "positive": 572,
    "negative": 57200,
    "total": 57772,
    "chromosomes": [
      "chr1",
      "chr11",
      "chr13",
      "chr15",
      "chr17",
      "chr19",
      "chr21",
      "chr3",
      "chr9"
    ],
    "sequences_with_N": 0,
    "max_N_fraction": 0.0,
    "mean_GC_fraction_ACGT_only": {
      "positive": 0.5480624027135655,
      "negative": 0.5480570592198498
    }
  },
  "validation": {
    "positive": 126,
    "negative": 12600,
    "total": 12726,
    "chromosomes": [
      "chr5",
      "chr7"
    ],
    "sequences_with_N": 1,
    "max_N_fraction": 0.38870431893687707,
    "mean_GC_fraction_ACGT_only": {
      "positive": 0.518530364623099,
      "negative": 0.5188772873490481
    }
  },
  "test": {
    "positive": 435,
    "negative": 43500,
    "total": 43935,
    "chromosomes": [
      "chr10",
      "chr12",
      "chr14",
      "chr16",
      "chr18",
      "chr2",
      "chr20",
      "chr22",
      "chr4",
      "chr6",
      "chr8"
    ],
    "sequences_with_N": 1,
    "max_N_fraction": 0.09302325581395349,
    "mean_GC_fraction_ACGT_only": {
      "positive": 0.52456758246654,
      "negative": 0.5246090808416389
    }
  }
}
Sequence audit: {
  "train": {
    "duplicates_or_RC_duplicates_within_split": 0,
    "identical_or_RC_identical_sequences_with_both_labels": 0
  },
  "validation": {
    "duplicates_or_RC_duplicates_within_split": 0,
    "identical_or_RC_identical_sequences_with_both_labels": 0
  },
  "test": {
    "duplicates_or_RC_duplicates_within_split": 0,
    "identical_or_RC_identical_sequences_with_both_labels": 0
  },
  "train_validation_shared_sequences_or_RC": 0,
  "train_test_shared_sequences_or_RC": 0,
  "validation_test_shared_sequences_or_RC": 0
}
Saved: /data/projects/SFB_A03/jan/AT_TFBS/raw_data/human/ArchThalia-ML/GLI4/CHIP/dataset.npz
GLI4/GHTS: packing existing FASTAs into /data/projects/SFB_A03/jan/AT_TFBS/raw_data/human/ArchThalia-ML/GLI4/GHTS/dataset.npz; no genome extraction
Loaded train_positive: 357
Loaded train_negative: 35,700
Loaded test_positive: 293
Loaded test_negative: 29,300
{
  "train": {
    "positive": 296,
    "negative": 29600,
    "total": 29896,
    "chromosomes": [
      "chr1",
      "chr11",
      "chr13",
      "chr15",
      "chr17",
      "chr19",
      "chr21",
      "chr3",
      "chr9"
    ],
    "sequences_with_N": 1,
    "max_N_fraction": 0.0664451827242525,
    "mean_GC_fraction_ACGT_only": {
      "positive": 0.5053374392114772,
      "negative": 0.5053611834425787
    }
  },
  "validation": {
    "positive": 61,
    "negative": 6100,
    "total": 6161,
    "chromosomes": [
      "chr5",
      "chr7"
    ],
    "sequences_with_N": 0,
    "max_N_fraction": 0.0,
    "mean_GC_fraction_ACGT_only": {
      "positive": 0.4563476934807473,
      "negative": 0.4563476934807473
    }
  },
  "test": {
    "positive": 293,
    "negative": 29300,
    "total": 29593,
    "chromosomes": [
      "chr10",
      "chr12",
      "chr14",
      "chr16",
      "chr18",
      "chr2",
      "chr20",
      "chr22",
      "chr4",
      "chr6",
      "chr8"
    ],
    "sequences_with_N": 0,
    "max_N_fraction": 0.0,
    "mean_GC_fraction_ACGT_only": {
      "positive": 0.483054210651639,
      "negative": 0.4830514893472271
    }
  }
}
Sequence audit: {
  "train": {
    "duplicates_or_RC_duplicates_within_split": 0,
    "identical_or_RC_identical_sequences_with_both_labels": 0
  },
  "validation": {
    "duplicates_or_RC_duplicates_within_split": 0,
    "identical_or_RC_identical_sequences_with_both_labels": 0
  },
  "test": {
    "duplicates_or_RC_duplicates_within_split": 0,
    "identical_or_RC_identical_sequences_with_both_labels": 0
  },
  "train_validation_shared_sequences_or_RC": 0,
  "train_test_shared_sequences_or_RC": 0,
  "validation_test_shared_sequences_or_RC": 0
}
Saved: /data/projects/SFB_A03/jan/AT_TFBS/raw_data/human/ArchThalia-ML/GLI4/GHTS/dataset.npz
GLI4: caches ready for CHIP and GHTS; cross-test chromosomes are held out.
