TF=BATF2 train=CHIP seed=1 model=hum301_motif64_local.py
/home/jbossenz/miniforge3/envs/at_env/bin/python -u /data/projects/SFB_A03/jan/AT_TFBS/human301/hum301_motif64_local.py train --cache /data/projects/SFB_A03/jan/AT_TFBS/raw_data/human/BATF2/hum301_multitf_chr5_chr7/dataset.npz --output-dir /data/projects/SFB_A03/jan/AT_TFBS/human301/runs/BATF2/crossassay_20261008_004647_1001695/CHIP_seed1 --input-length 256 --embed-channels 64 --encoder-channels 80 96 128 --heads 4 --ffn-channels 256 --classification-readout local-logsumexp --task-mode classification --checkpoint-objective classification-auprc --threshold-strategy val-mcc --negatives-per-positive 10 --batch-size 88 --hard-negative-fraction 0 --epochs 100 --patience 20 --learning-rate 0.0003 --min-learning-rate 0.000001 --weight-decay 0.0001 --dropout 0.1 --activation relu --reverse-complement-probability 0.5 --eval-crops multi --eval-rc --no-balanced-evaluation --eval-batch-size 128 --num-workers 2 --seed 1 --device cuda --skip-test
Window geometry: 256 bp from 301 bp; crop starts 0..45; shifts -22..+23; fresh uniform draw per access
Evaluation: crops (0, 22, 23, 45), reverse complement=True; all samples
train: n=1,132,816, positive=11,216, negative=1,121,600
  val: n=291,991, positive=2,891, negative=289,100
 test: n=1,238,058, positive=12,258, negative=1,225,800
Device: cuda
Hidden activation: RELU
Parameters: 1,032,981 total; 1,032,981 trainable
Architecture: motif kernels 9/12; encoder 128/64/64; original five-block bottleneck at 64; decoder 64/128/256
  negatives seen=10.0%; hard negatives=0
Epoch 001 train: loss=0.7671 AUROC=0.8900 AUPRC=0.5569 BalAcc=0.8075 F1=0.4537 MCC=0.4253
Epoch 001 val  : loss=0.3597 AUROC=0.9384 AUPRC=0.2418 BalAcc=0.8650 F1=0.1264 MCC=0.2204
  learning_rate_used=3.000e-04; learning_rate_next=2.999e-04; elapsed=135.4s
  saved new best checkpoint: /data/projects/SFB_A03/jan/AT_TFBS/human301/runs/BATF2/crossassay_20261008_004647_1001695/CHIP_seed1/best_model.pt (objective=classification-auprc, score=0.241798)
  negatives seen=20.0%; hard negatives=0
Epoch 002 train: loss=0.6164 AUROC=0.9305 AUPRC=0.6681 BalAcc=0.8597 F1=0.5524 MCC=0.5322
Epoch 002 val  : loss=0.7153 AUROC=0.9469 AUPRC=0.3155 BalAcc=0.8061 F1=0.0512 MCC=0.1258
  learning_rate_used=2.999e-04; learning_rate_next=2.997e-04; elapsed=134.4s
  saved new best checkpoint: /data/projects/SFB_A03/jan/AT_TFBS/human301/runs/BATF2/crossassay_20261008_004647_1001695/CHIP_seed1/best_model.pt (objective=classification-auprc, score=0.315457)
  negatives seen=30.0%; hard negatives=0
Epoch 003 train: loss=0.5683 AUROC=0.9415 AUPRC=0.6989 BalAcc=0.8718 F1=0.5740 MCC=0.5561
Epoch 003 val  : loss=0.3821 AUROC=0.9385 AUPRC=0.2879 BalAcc=0.8658 F1=0.1074 MCC=0.2020
  learning_rate_used=2.997e-04; learning_rate_next=2.993e-04; elapsed=135.4s
  negatives seen=40.0%; hard negatives=0
Epoch 004 train: loss=0.5400 AUROC=0.9470 AUPRC=0.7196 BalAcc=0.8779 F1=0.5900 MCC=0.5723
Epoch 004 val  : loss=0.4826 AUROC=0.9489 AUPRC=0.3413 BalAcc=0.8611 F1=0.0800 MCC=0.1720
  learning_rate_used=2.993e-04; learning_rate_next=2.988e-04; elapsed=134.7s
  saved new best checkpoint: /data/projects/SFB_A03/jan/AT_TFBS/human301/runs/BATF2/crossassay_20261008_004647_1001695/CHIP_seed1/best_model.pt (objective=classification-auprc, score=0.341310)
  negatives seen=50.0%; hard negatives=0
Epoch 005 train: loss=0.5189 AUROC=0.9515 AUPRC=0.7283 BalAcc=0.8851 F1=0.6078 MCC=0.5907
Epoch 005 val  : loss=0.3634 AUROC=0.9353 AUPRC=0.2471 BalAcc=0.8630 F1=0.1122 MCC=0.2059
  learning_rate_used=2.988e-04; learning_rate_next=2.982e-04; elapsed=136.9s
  negatives seen=60.0%; hard negatives=0
Epoch 006 train: loss=0.4985 AUROC=0.9553 AUPRC=0.7494 BalAcc=0.8911 F1=0.6228 MCC=0.6062
Epoch 006 val  : loss=0.2414 AUROC=0.9600 AUPRC=0.3742 BalAcc=0.8947 F1=0.1769 MCC=0.2768
  learning_rate_used=2.982e-04; learning_rate_next=2.974e-04; elapsed=136.2s
  saved new best checkpoint: /data/projects/SFB_A03/jan/AT_TFBS/human301/runs/BATF2/crossassay_20261008_004647_1001695/CHIP_seed1/best_model.pt (objective=classification-auprc, score=0.374160)
  negatives seen=70.0%; hard negatives=0
Epoch 007 train: loss=0.4850 AUROC=0.9576 AUPRC=0.7562 BalAcc=0.8956 F1=0.6319 MCC=0.6160
Epoch 007 val  : loss=0.2153 AUROC=0.9570 AUPRC=0.3487 BalAcc=0.8815 F1=0.2025 MCC=0.2944
  learning_rate_used=2.974e-04; learning_rate_next=2.964e-04; elapsed=133.6s
  negatives seen=80.0%; hard negatives=0
Epoch 008 train: loss=0.4662 AUROC=0.9610 AUPRC=0.7623 BalAcc=0.8995 F1=0.6390 MCC=0.6237
Epoch 008 val  : loss=0.2516 AUROC=0.9567 AUPRC=0.3426 BalAcc=0.8909 F1=0.1739 MCC=0.2728
  learning_rate_used=2.964e-04; learning_rate_next=2.953e-04; elapsed=133.8s
  negatives seen=90.0%; hard negatives=0
Epoch 009 train: loss=0.4510 AUROC=0.9635 AUPRC=0.7788 BalAcc=0.9035 F1=0.6518 MCC=0.6365
Epoch 009 val  : loss=0.2605 AUROC=0.9545 AUPRC=0.3765 BalAcc=0.8871 F1=0.1641 MCC=0.2627
  learning_rate_used=2.953e-04; learning_rate_next=2.941e-04; elapsed=136.0s
  saved new best checkpoint: /data/projects/SFB_A03/jan/AT_TFBS/human301/runs/BATF2/crossassay_20261008_004647_1001695/CHIP_seed1/best_model.pt (objective=classification-auprc, score=0.376479)
  negatives seen=100.0%; hard negatives=0
Epoch 010 train: loss=0.4494 AUROC=0.9640 AUPRC=0.7818 BalAcc=0.9042 F1=0.6553 MCC=0.6398
Epoch 010 val  : loss=0.2616 AUROC=0.9607 AUPRC=0.3996 BalAcc=0.8967 F1=0.1666 MCC=0.2682
  learning_rate_used=2.941e-04; learning_rate_next=2.927e-04; elapsed=133.2s
  saved new best checkpoint: /data/projects/SFB_A03/jan/AT_TFBS/human301/runs/BATF2/crossassay_20261008_004647_1001695/CHIP_seed1/best_model.pt (objective=classification-auprc, score=0.399645)
  negatives seen=100.0%; hard negatives=0
Epoch 011 train: loss=0.4375 AUROC=0.9656 AUPRC=0.7856 BalAcc=0.9075 F1=0.6648 MCC=0.6495
Epoch 011 val  : loss=0.3665 AUROC=0.9619 AUPRC=0.4018 BalAcc=0.8975 F1=0.1163 MCC=0.2206
  learning_rate_used=2.927e-04; learning_rate_next=2.912e-04; elapsed=134.6s
  saved new best checkpoint: /data/projects/SFB_A03/jan/AT_TFBS/human301/runs/BATF2/crossassay_20261008_004647_1001695/CHIP_seed1/best_model.pt (objective=classification-auprc, score=0.401838)
  negatives seen=100.0%; hard negatives=0
Epoch 012 train: loss=0.4273 AUROC=0.9672 AUPRC=0.7908 BalAcc=0.9100 F1=0.6675 MCC=0.6529
Epoch 012 val  : loss=0.2819 AUROC=0.9607 AUPRC=0.3970 BalAcc=0.9001 F1=0.1525 MCC=0.2565
  learning_rate_used=2.912e-04; learning_rate_next=2.895e-04; elapsed=133.0s
  negatives seen=100.0%; hard negatives=0
Epoch 013 train: loss=0.4178 AUROC=0.9687 AUPRC=0.7976 BalAcc=0.9112 F1=0.6736 MCC=0.6587
Epoch 013 val  : loss=0.2047 AUROC=0.9648 AUPRC=0.4307 BalAcc=0.8951 F1=0.2150 MCC=0.3098
  learning_rate_used=2.895e-04; learning_rate_next=2.877e-04; elapsed=134.6s
  saved new best checkpoint: /data/projects/SFB_A03/jan/AT_TFBS/human301/runs/BATF2/crossassay_20261008_004647_1001695/CHIP_seed1/best_model.pt (objective=classification-auprc, score=0.430691)
  negatives seen=100.0%; hard negatives=0
Epoch 014 train: loss=0.4092 AUROC=0.9703 AUPRC=0.8011 BalAcc=0.9136 F1=0.6807 MCC=0.6660
Epoch 014 val  : loss=0.1860 AUROC=0.9638 AUPRC=0.4074 BalAcc=0.8893 F1=0.2283 MCC=0.3188
  learning_rate_used=2.877e-04; learning_rate_next=2.858e-04; elapsed=133.6s
  negatives seen=100.0%; hard negatives=0
Epoch 015 train: loss=0.4085 AUROC=0.9703 AUPRC=0.8020 BalAcc=0.9144 F1=0.6857 MCC=0.6707
Epoch 015 val  : loss=0.2041 AUROC=0.9575 AUPRC=0.3901 BalAcc=0.8825 F1=0.2084 MCC=0.2997
  learning_rate_used=2.858e-04; learning_rate_next=2.837e-04; elapsed=135.2s
  negatives seen=100.0%; hard negatives=0
Epoch 016 train: loss=0.3928 AUROC=0.9724 AUPRC=0.8120 BalAcc=0.9182 F1=0.6926 MCC=0.6783
Epoch 016 val  : loss=0.1618 AUROC=0.9632 AUPRC=0.3975 BalAcc=0.8739 F1=0.2762 MCC=0.3516
  learning_rate_used=2.837e-04; learning_rate_next=2.815e-04; elapsed=133.4s
  negatives seen=100.0%; hard negatives=0
Epoch 017 train: loss=0.3798 AUROC=0.9743 AUPRC=0.8197 BalAcc=0.9214 F1=0.7031 MCC=0.6888
Epoch 017 val  : loss=0.1604 AUROC=0.9624 AUPRC=0.3829 BalAcc=0.8673 F1=0.2870 MCC=0.3575
  learning_rate_used=2.815e-04; learning_rate_next=2.792e-04; elapsed=135.5s
  negatives seen=100.0%; hard negatives=0
Epoch 018 train: loss=0.3779 AUROC=0.9743 AUPRC=0.8203 BalAcc=0.9204 F1=0.7045 MCC=0.6897
Epoch 018 val  : loss=0.2463 AUROC=0.9627 AUPRC=0.3829 BalAcc=0.9032 F1=0.1742 MCC=0.2773
  learning_rate_used=2.792e-04; learning_rate_next=2.767e-04; elapsed=134.9s
  negatives seen=100.0%; hard negatives=0
Epoch 019 train: loss=0.3657 AUROC=0.9759 AUPRC=0.8244 BalAcc=0.9253 F1=0.7135 MCC=0.6997
Epoch 019 val  : loss=0.3104 AUROC=0.9661 AUPRC=0.4140 BalAcc=0.9049 F1=0.1352 MCC=0.2417
  learning_rate_used=2.767e-04; learning_rate_next=2.741e-04; elapsed=133.3s
  negatives seen=100.0%; hard negatives=0
Epoch 020 train: loss=0.3705 AUROC=0.9754 AUPRC=0.8259 BalAcc=0.9236 F1=0.7109 MCC=0.6966
Epoch 020 val  : loss=0.2113 AUROC=0.9563 AUPRC=0.3356 BalAcc=0.8746 F1=0.2135 MCC=0.3011
  learning_rate_used=2.741e-04; learning_rate_next=2.714e-04; elapsed=135.0s
  negatives seen=100.0%; hard negatives=0
Epoch 021 train: loss=0.3496 AUROC=0.9779 AUPRC=0.8385 BalAcc=0.9280 F1=0.7199 MCC=0.7065
Epoch 021 val  : loss=0.2662 AUROC=0.9669 AUPRC=0.4248 BalAcc=0.9111 F1=0.1562 MCC=0.2635
  learning_rate_used=2.714e-04; learning_rate_next=2.686e-04; elapsed=133.9s
  negatives seen=100.0%; hard negatives=0
Epoch 022 train: loss=0.3498 AUROC=0.9780 AUPRC=0.8361 BalAcc=0.9288 F1=0.7249 MCC=0.7112
Epoch 022 val  : loss=0.2137 AUROC=0.9673 AUPRC=0.4340 BalAcc=0.9082 F1=0.1956 MCC=0.2979
  learning_rate_used=2.686e-04; learning_rate_next=2.657e-04; elapsed=133.8s
  saved new best checkpoint: /data/projects/SFB_A03/jan/AT_TFBS/human301/runs/BATF2/crossassay_20261008_004647_1001695/CHIP_seed1/best_model.pt (objective=classification-auprc, score=0.433986)
  negatives seen=100.0%; hard negatives=0
Epoch 023 train: loss=0.3477 AUROC=0.9782 AUPRC=0.8347 BalAcc=0.9293 F1=0.7254 MCC=0.7119
Epoch 023 val  : loss=0.3066 AUROC=0.9682 AUPRC=0.4306 BalAcc=0.9113 F1=0.1377 MCC=0.2461
  learning_rate_used=2.657e-04; learning_rate_next=2.626e-04; elapsed=133.9s
  negatives seen=100.0%; hard negatives=0
Epoch 024 train: loss=0.3414 AUROC=0.9789 AUPRC=0.8390 BalAcc=0.9313 F1=0.7311 MCC=0.7177
Epoch 024 val  : loss=0.1771 AUROC=0.9664 AUPRC=0.4293 BalAcc=0.8933 F1=0.2387 MCC=0.3289
  learning_rate_used=2.626e-04; learning_rate_next=2.595e-04; elapsed=133.7s
  negatives seen=100.0%; hard negatives=0
Epoch 025 train: loss=0.3319 AUROC=0.9799 AUPRC=0.8409 BalAcc=0.9332 F1=0.7365 MCC=0.7233
Epoch 025 val  : loss=0.1937 AUROC=0.9679 AUPRC=0.4370 BalAcc=0.9012 F1=0.2212 MCC=0.3172
  learning_rate_used=2.595e-04; learning_rate_next=2.562e-04; elapsed=136.5s
  saved new best checkpoint: /data/projects/SFB_A03/jan/AT_TFBS/human301/runs/BATF2/crossassay_20261008_004647_1001695/CHIP_seed1/best_model.pt (objective=classification-auprc, score=0.436960)
  negatives seen=100.0%; hard negatives=0
Epoch 026 train: loss=0.3356 AUROC=0.9795 AUPRC=0.8375 BalAcc=0.9325 F1=0.7378 MCC=0.7242
Epoch 026 val  : loss=0.1485 AUROC=0.9679 AUPRC=0.4442 BalAcc=0.8747 F1=0.3003 MCC=0.3709
  learning_rate_used=2.562e-04; learning_rate_next=2.528e-04; elapsed=134.1s
  saved new best checkpoint: /data/projects/SFB_A03/jan/AT_TFBS/human301/runs/BATF2/crossassay_20261008_004647_1001695/CHIP_seed1/best_model.pt (objective=classification-auprc, score=0.444215)
  negatives seen=100.0%; hard negatives=0
Epoch 027 train: loss=0.3280 AUROC=0.9807 AUPRC=0.8472 BalAcc=0.9324 F1=0.7424 MCC=0.7285
Epoch 027 val  : loss=0.1766 AUROC=0.9677 AUPRC=0.4474 BalAcc=0.8982 F1=0.2425 MCC=0.3338
  learning_rate_used=2.528e-04; learning_rate_next=2.494e-04; elapsed=133.8s
  saved new best checkpoint: /data/projects/SFB_A03/jan/AT_TFBS/human301/runs/BATF2/crossassay_20261008_004647_1001695/CHIP_seed1/best_model.pt (objective=classification-auprc, score=0.447444)
  negatives seen=100.0%; hard negatives=0
Epoch 028 train: loss=0.3177 AUROC=0.9818 AUPRC=0.8508 BalAcc=0.9364 F1=0.7496 MCC=0.7364
Epoch 028 val  : loss=0.1593 AUROC=0.9660 AUPRC=0.3861 BalAcc=0.8708 F1=0.2820 MCC=0.3549
  learning_rate_used=2.494e-04; learning_rate_next=2.458e-04; elapsed=134.7s
  negatives seen=100.0%; hard negatives=0
Epoch 029 train: loss=0.3115 AUROC=0.9825 AUPRC=0.8565 BalAcc=0.9365 F1=0.7543 MCC=0.7408
Epoch 029 val  : loss=0.1787 AUROC=0.9672 AUPRC=0.4399 BalAcc=0.8979 F1=0.2406 MCC=0.3321
  learning_rate_used=2.458e-04; learning_rate_next=2.421e-04; elapsed=135.1s
  negatives seen=100.0%; hard negatives=0
Epoch 030 train: loss=0.3131 AUROC=0.9821 AUPRC=0.8520 BalAcc=0.9368 F1=0.7497 MCC=0.7366
Epoch 030 val  : loss=0.1738 AUROC=0.9671 AUPRC=0.4416 BalAcc=0.8938 F1=0.2456 MCC=0.3346
  learning_rate_used=2.421e-04; learning_rate_next=2.384e-04; elapsed=134.1s
  negatives seen=100.0%; hard negatives=0
Epoch 031 train: loss=0.3021 AUROC=0.9831 AUPRC=0.8584 BalAcc=0.9404 F1=0.7622 MCC=0.7494
Epoch 031 val  : loss=0.1877 AUROC=0.9668 AUPRC=0.4267 BalAcc=0.8969 F1=0.2327 MCC=0.3252
  learning_rate_used=2.384e-04; learning_rate_next=2.345e-04; elapsed=134.9s
  negatives seen=100.0%; hard negatives=0
Epoch 032 train: loss=0.3003 AUROC=0.9835 AUPRC=0.8612 BalAcc=0.9404 F1=0.7632 MCC=0.7503
Epoch 032 val  : loss=0.1604 AUROC=0.9651 AUPRC=0.4229 BalAcc=0.8773 F1=0.2684 MCC=0.3467
  learning_rate_used=2.345e-04; learning_rate_next=2.306e-04; elapsed=134.7s
  negatives seen=100.0%; hard negatives=0
Epoch 033 train: loss=0.2943 AUROC=0.9844 AUPRC=0.8685 BalAcc=0.9413 F1=0.7680 MCC=0.7551
Epoch 033 val  : loss=0.1526 AUROC=0.9681 AUPRC=0.4450 BalAcc=0.8833 F1=0.2904 MCC=0.3664
  learning_rate_used=2.306e-04; learning_rate_next=2.266e-04; elapsed=134.6s
  negatives seen=100.0%; hard negatives=0
Epoch 034 train: loss=0.2860 AUROC=0.9848 AUPRC=0.8694 BalAcc=0.9437 F1=0.7717 MCC=0.7593
Epoch 034 val  : loss=0.1943 AUROC=0.9676 AUPRC=0.4337 BalAcc=0.9021 F1=0.2199 MCC=0.3165
  learning_rate_used=2.266e-04; learning_rate_next=2.225e-04; elapsed=134.3s
  negatives seen=100.0%; hard negatives=0
Epoch 035 train: loss=0.2851 AUROC=0.9849 AUPRC=0.8700 BalAcc=0.9435 F1=0.7711 MCC=0.7586
Epoch 035 val  : loss=0.1519 AUROC=0.9685 AUPRC=0.4456 BalAcc=0.8830 F1=0.2873 MCC=0.3638
  learning_rate_used=2.225e-04; learning_rate_next=2.184e-04; elapsed=136.0s
  negatives seen=100.0%; hard negatives=0
Epoch 036 train: loss=0.2777 AUROC=0.9853 AUPRC=0.8679 BalAcc=0.9462 F1=0.7800 MCC=0.7678
Epoch 036 val  : loss=0.1539 AUROC=0.9684 AUPRC=0.4426 BalAcc=0.8810 F1=0.2903 MCC=0.3654
  learning_rate_used=2.184e-04; learning_rate_next=2.142e-04; elapsed=135.5s
  negatives seen=100.0%; hard negatives=0
Epoch 037 train: loss=0.2830 AUROC=0.9852 AUPRC=0.8681 BalAcc=0.9436 F1=0.7748 MCC=0.7621
Epoch 037 val  : loss=0.1687 AUROC=0.9656 AUPRC=0.3867 BalAcc=0.8844 F1=0.2585 MCC=0.3415
  learning_rate_used=2.142e-04; learning_rate_next=2.099e-04; elapsed=136.8s
  negatives seen=100.0%; hard negatives=0
Epoch 038 train: loss=0.2706 AUROC=0.9861 AUPRC=0.8765 BalAcc=0.9473 F1=0.7866 MCC=0.7743
Epoch 038 val  : loss=0.1683 AUROC=0.9677 AUPRC=0.4361 BalAcc=0.8949 F1=0.2579 MCC=0.3451
  learning_rate_used=2.099e-04; learning_rate_next=2.055e-04; elapsed=135.1s
  negatives seen=100.0%; hard negatives=0
Epoch 039 train: loss=0.2706 AUROC=0.9865 AUPRC=0.8765 BalAcc=0.9461 F1=0.7851 MCC=0.7725
Epoch 039 val  : loss=0.1702 AUROC=0.9672 AUPRC=0.4230 BalAcc=0.8852 F1=0.2563 MCC=0.3401
  learning_rate_used=2.055e-04; learning_rate_next=2.011e-04; elapsed=135.2s
  negatives seen=100.0%; hard negatives=0
Epoch 040 train: loss=0.2632 AUROC=0.9868 AUPRC=0.8783 BalAcc=0.9478 F1=0.7856 MCC=0.7735
Epoch 040 val  : loss=0.1517 AUROC=0.9682 AUPRC=0.4477 BalAcc=0.8800 F1=0.2901 MCC=0.3649
  learning_rate_used=2.011e-04; learning_rate_next=1.967e-04; elapsed=136.6s
  saved new best checkpoint: /data/projects/SFB_A03/jan/AT_TFBS/human301/runs/BATF2/crossassay_20261008_004647_1001695/CHIP_seed1/best_model.pt (objective=classification-auprc, score=0.447698)
  negatives seen=100.0%; hard negatives=0
Epoch 041 train: loss=0.2576 AUROC=0.9875 AUPRC=0.8842 BalAcc=0.9487 F1=0.7935 MCC=0.7812
Epoch 041 val  : loss=0.1503 AUROC=0.9669 AUPRC=0.4486 BalAcc=0.8721 F1=0.3038 MCC=0.3725
  learning_rate_used=1.967e-04; learning_rate_next=1.922e-04; elapsed=134.6s
  saved new best checkpoint: /data/projects/SFB_A03/jan/AT_TFBS/human301/runs/BATF2/crossassay_20261008_004647_1001695/CHIP_seed1/best_model.pt (objective=classification-auprc, score=0.448621)
  negatives seen=100.0%; hard negatives=0
Epoch 042 train: loss=0.2504 AUROC=0.9880 AUPRC=0.8872 BalAcc=0.9501 F1=0.7977 MCC=0.7856
Epoch 042 val  : loss=0.1581 AUROC=0.9662 AUPRC=0.4225 BalAcc=0.8753 F1=0.2838 MCC=0.3581
  learning_rate_used=1.922e-04; learning_rate_next=1.877e-04; elapsed=136.8s
  negatives seen=100.0%; hard negatives=0
Epoch 043 train: loss=0.2445 AUROC=0.9883 AUPRC=0.8854 BalAcc=0.9521 F1=0.8039 MCC=0.7921
Epoch 043 val  : loss=0.1676 AUROC=0.9656 AUPRC=0.4265 BalAcc=0.8853 F1=0.2704 MCC=0.3514
  learning_rate_used=1.877e-04; learning_rate_next=1.831e-04; elapsed=137.3s
  negatives seen=100.0%; hard negatives=0
Epoch 044 train: loss=0.2401 AUROC=0.9890 AUPRC=0.8905 BalAcc=0.9530 F1=0.8081 MCC=0.7963
Epoch 044 val  : loss=0.1551 AUROC=0.9659 AUPRC=0.4343 BalAcc=0.8760 F1=0.2907 MCC=0.3638
  learning_rate_used=1.831e-04; learning_rate_next=1.785e-04; elapsed=136.3s
  negatives seen=100.0%; hard negatives=0
Epoch 045 train: loss=0.2437 AUROC=0.9885 AUPRC=0.8890 BalAcc=0.9538 F1=0.8094 MCC=0.7978
Epoch 045 val  : loss=0.1515 AUROC=0.9670 AUPRC=0.4361 BalAcc=0.8798 F1=0.2953 MCC=0.3690
  learning_rate_used=1.785e-04; learning_rate_next=1.739e-04; elapsed=135.8s
  negatives seen=100.0%; hard negatives=0
Epoch 046 train: loss=0.2424 AUROC=0.9887 AUPRC=0.8874 BalAcc=0.9533 F1=0.8076 MCC=0.7960
Epoch 046 val  : loss=0.1789 AUROC=0.9676 AUPRC=0.4398 BalAcc=0.8970 F1=0.2488 MCC=0.3384
  learning_rate_used=1.739e-04; learning_rate_next=1.692e-04; elapsed=136.3s
  negatives seen=100.0%; hard negatives=0
Epoch 047 train: loss=0.2256 AUROC=0.9897 AUPRC=0.8962 BalAcc=0.9554 F1=0.8124 MCC=0.8011
Epoch 047 val  : loss=0.1615 AUROC=0.9679 AUPRC=0.4338 BalAcc=0.8893 F1=0.2792 MCC=0.3599
  learning_rate_used=1.692e-04; learning_rate_next=1.646e-04; elapsed=135.2s
  negatives seen=100.0%; hard negatives=0
Epoch 048 train: loss=0.2301 AUROC=0.9896 AUPRC=0.8951 BalAcc=0.9557 F1=0.8174 MCC=0.8060
Epoch 048 val  : loss=0.1598 AUROC=0.9617 AUPRC=0.4157 BalAcc=0.8644 F1=0.2906 MCC=0.3592
  learning_rate_used=1.646e-04; learning_rate_next=1.599e-04; elapsed=135.8s
  negatives seen=100.0%; hard negatives=0
Epoch 049 train: loss=0.2296 AUROC=0.9897 AUPRC=0.8972 BalAcc=0.9558 F1=0.8168 MCC=0.8055
Epoch 049 val  : loss=0.1610 AUROC=0.9659 AUPRC=0.4457 BalAcc=0.8797 F1=0.2925 MCC=0.3667
  learning_rate_used=1.599e-04; learning_rate_next=1.552e-04; elapsed=134.8s
  negatives seen=100.0%; hard negatives=0
Epoch 050 train: loss=0.2237 AUROC=0.9900 AUPRC=0.8967 BalAcc=0.9562 F1=0.8153 MCC=0.8041
Epoch 050 val  : loss=0.1510 AUROC=0.9665 AUPRC=0.4349 BalAcc=0.8657 F1=0.3180 MCC=0.3810
  learning_rate_used=1.552e-04; learning_rate_next=1.505e-04; elapsed=135.1s
  negatives seen=100.0%; hard negatives=0
Epoch 051 train: loss=0.2195 AUROC=0.9907 AUPRC=0.9052 BalAcc=0.9581 F1=0.8277 MCC=0.8165
Epoch 051 val  : loss=0.1454 AUROC=0.9659 AUPRC=0.4410 BalAcc=0.8461 F1=0.3678 MCC=0.4116
  learning_rate_used=1.505e-04; learning_rate_next=1.458e-04; elapsed=136.3s
  negatives seen=100.0%; hard negatives=0
Epoch 052 train: loss=0.2149 AUROC=0.9908 AUPRC=0.9048 BalAcc=0.9593 F1=0.8306 MCC=0.8196
Epoch 052 val  : loss=0.1424 AUROC=0.9665 AUPRC=0.4471 BalAcc=0.8548 F1=0.3539 MCC=0.4043
  learning_rate_used=1.458e-04; learning_rate_next=1.411e-04; elapsed=133.3s
  negatives seen=100.0%; hard negatives=0
Epoch 053 train: loss=0.2092 AUROC=0.9911 AUPRC=0.9069 BalAcc=0.9596 F1=0.8307 MCC=0.8198
Epoch 053 val  : loss=0.1647 AUROC=0.9664 AUPRC=0.4409 BalAcc=0.8786 F1=0.2872 MCC=0.3620
  learning_rate_used=1.411e-04; learning_rate_next=1.364e-04; elapsed=134.8s
  negatives seen=100.0%; hard negatives=0
Epoch 054 train: loss=0.2069 AUROC=0.9913 AUPRC=0.9066 BalAcc=0.9598 F1=0.8343 MCC=0.8234
Epoch 054 val  : loss=0.1490 AUROC=0.9665 AUPRC=0.4472 BalAcc=0.8647 F1=0.3275 MCC=0.3880
  learning_rate_used=1.364e-04; learning_rate_next=1.318e-04; elapsed=136.2s
  negatives seen=100.0%; hard negatives=0
Epoch 055 train: loss=0.2052 AUROC=0.9915 AUPRC=0.9111 BalAcc=0.9608 F1=0.8359 MCC=0.8252
Epoch 055 val  : loss=0.1464 AUROC=0.9664 AUPRC=0.4389 BalAcc=0.8438 F1=0.3735 MCC=0.4151
  learning_rate_used=1.318e-04; learning_rate_next=1.271e-04; elapsed=136.2s
  negatives seen=100.0%; hard negatives=0
Epoch 056 train: loss=0.1981 AUROC=0.9919 AUPRC=0.9126 BalAcc=0.9632 F1=0.8438 MCC=0.8334
Epoch 056 val  : loss=0.1488 AUROC=0.9667 AUPRC=0.4390 BalAcc=0.8547 F1=0.3536 MCC=0.4042
  learning_rate_used=1.271e-04; learning_rate_next=1.225e-04; elapsed=134.4s
  negatives seen=100.0%; hard negatives=0
Epoch 057 train: loss=0.1979 AUROC=0.9920 AUPRC=0.9143 BalAcc=0.9626 F1=0.8410 MCC=0.8306
Epoch 057 val  : loss=0.1475 AUROC=0.9657 AUPRC=0.4470 BalAcc=0.8603 F1=0.3498 MCC=0.4034
  learning_rate_used=1.225e-04; learning_rate_next=1.179e-04; elapsed=134.7s
  negatives seen=100.0%; hard negatives=0
Epoch 058 train: loss=0.1933 AUROC=0.9921 AUPRC=0.9127 BalAcc=0.9636 F1=0.8442 MCC=0.8339
Epoch 058 val  : loss=0.1470 AUROC=0.9659 AUPRC=0.4464 BalAcc=0.8597 F1=0.3456 MCC=0.4000
  learning_rate_used=1.179e-04; learning_rate_next=1.133e-04; elapsed=135.0s
  negatives seen=100.0%; hard negatives=0
Epoch 059 train: loss=0.1924 AUROC=0.9923 AUPRC=0.9149 BalAcc=0.9642 F1=0.8501 MCC=0.8399
Epoch 059 val  : loss=0.1482 AUROC=0.9653 AUPRC=0.4479 BalAcc=0.8682 F1=0.3272 MCC=0.3892
  learning_rate_used=1.133e-04; learning_rate_next=1.088e-04; elapsed=134.1s
  negatives seen=100.0%; hard negatives=0
Epoch 060 train: loss=0.1946 AUROC=0.9920 AUPRC=0.9126 BalAcc=0.9645 F1=0.8470 MCC=0.8369
Epoch 060 val  : loss=0.1509 AUROC=0.9664 AUPRC=0.4522 BalAcc=0.8653 F1=0.3380 MCC=0.3963
  learning_rate_used=1.088e-04; learning_rate_next=1.043e-04; elapsed=135.1s
  saved new best checkpoint: /data/projects/SFB_A03/jan/AT_TFBS/human301/runs/BATF2/crossassay_20261008_004647_1001695/CHIP_seed1/best_model.pt (objective=classification-auprc, score=0.452249)
  negatives seen=100.0%; hard negatives=0
Epoch 061 train: loss=0.1790 AUROC=0.9930 AUPRC=0.9208 BalAcc=0.9661 F1=0.8553 MCC=0.8454
Epoch 061 val  : loss=0.1536 AUROC=0.9640 AUPRC=0.4494 BalAcc=0.8540 F1=0.3547 MCC=0.4047
  learning_rate_used=1.043e-04; learning_rate_next=9.986e-05; elapsed=135.7s
  negatives seen=100.0%; hard negatives=0
Epoch 062 train: loss=0.1807 AUROC=0.9930 AUPRC=0.9211 BalAcc=0.9670 F1=0.8572 MCC=0.8474
Epoch 062 val  : loss=0.1485 AUROC=0.9657 AUPRC=0.4545 BalAcc=0.8556 F1=0.3575 MCC=0.4075
  learning_rate_used=9.986e-05; learning_rate_next=9.547e-05; elapsed=136.2s
  saved new best checkpoint: /data/projects/SFB_A03/jan/AT_TFBS/human301/runs/BATF2/crossassay_20261008_004647_1001695/CHIP_seed1/best_model.pt (objective=classification-auprc, score=0.454487)
  negatives seen=100.0%; hard negatives=0
Epoch 063 train: loss=0.1777 AUROC=0.9934 AUPRC=0.9261 BalAcc=0.9661 F1=0.8584 MCC=0.8485
Epoch 063 val  : loss=0.1505 AUROC=0.9670 AUPRC=0.4543 BalAcc=0.8613 F1=0.3454 MCC=0.4005
  learning_rate_used=9.547e-05; learning_rate_next=9.113e-05; elapsed=136.4s
  negatives seen=100.0%; hard negatives=0
Epoch 064 train: loss=0.1729 AUROC=0.9934 AUPRC=0.9238 BalAcc=0.9685 F1=0.8631 MCC=0.8536
Epoch 064 val  : loss=0.1497 AUROC=0.9655 AUPRC=0.4522 BalAcc=0.8487 F1=0.3732 MCC=0.4169
  learning_rate_used=9.113e-05; learning_rate_next=8.685e-05; elapsed=135.9s
  negatives seen=100.0%; hard negatives=0
Epoch 065 train: loss=0.1697 AUROC=0.9937 AUPRC=0.9288 BalAcc=0.9690 F1=0.8630 MCC=0.8536
Epoch 065 val  : loss=0.1608 AUROC=0.9600 AUPRC=0.4201 BalAcc=0.8288 F1=0.3784 MCC=0.4130
  learning_rate_used=8.685e-05; learning_rate_next=8.263e-05; elapsed=135.4s
  negatives seen=100.0%; hard negatives=0
Epoch 066 train: loss=0.1684 AUROC=0.9937 AUPRC=0.9275 BalAcc=0.9699 F1=0.8684 MCC=0.8591
Epoch 066 val  : loss=0.1548 AUROC=0.9660 AUPRC=0.4539 BalAcc=0.8528 F1=0.3668 MCC=0.4135
  learning_rate_used=8.263e-05; learning_rate_next=7.848e-05; elapsed=134.6s
  negatives seen=100.0%; hard negatives=0
Epoch 067 train: loss=0.1635 AUROC=0.9941 AUPRC=0.9315 BalAcc=0.9702 F1=0.8724 MCC=0.8632
Epoch 067 val  : loss=0.1595 AUROC=0.9655 AUPRC=0.4426 BalAcc=0.8451 F1=0.3662 MCC=0.4100
  learning_rate_used=7.848e-05; learning_rate_next=7.440e-05; elapsed=136.0s
  negatives seen=100.0%; hard negatives=0
Epoch 068 train: loss=0.1633 AUROC=0.9939 AUPRC=0.9278 BalAcc=0.9705 F1=0.8696 MCC=0.8604
Epoch 068 val  : loss=0.1577 AUROC=0.9664 AUPRC=0.4517 BalAcc=0.8557 F1=0.3499 MCC=0.4017
  learning_rate_used=7.440e-05; learning_rate_next=7.039e-05; elapsed=136.5s
  negatives seen=100.0%; hard negatives=0
Epoch 069 train: loss=0.1621 AUROC=0.9941 AUPRC=0.9296 BalAcc=0.9697 F1=0.8699 MCC=0.8606
Epoch 069 val  : loss=0.1584 AUROC=0.9661 AUPRC=0.4524 BalAcc=0.8305 F1=0.4092 MCC=0.4377
  learning_rate_used=7.039e-05; learning_rate_next=6.647e-05; elapsed=136.8s
  negatives seen=100.0%; hard negatives=0
Epoch 070 train: loss=0.1573 AUROC=0.9944 AUPRC=0.9346 BalAcc=0.9720 F1=0.8774 MCC=0.8686
Epoch 070 val  : loss=0.1577 AUROC=0.9657 AUPRC=0.4368 BalAcc=0.8350 F1=0.3908 MCC=0.4251
  learning_rate_used=6.647e-05; learning_rate_next=6.263e-05; elapsed=133.7s
  negatives seen=100.0%; hard negatives=0
Epoch 071 train: loss=0.1512 AUROC=0.9945 AUPRC=0.9346 BalAcc=0.9728 F1=0.8785 MCC=0.8698
Epoch 071 val  : loss=0.1589 AUROC=0.9663 AUPRC=0.4463 BalAcc=0.8516 F1=0.3597 MCC=0.4076
  learning_rate_used=6.263e-05; learning_rate_next=5.887e-05; elapsed=133.8s
  negatives seen=100.0%; hard negatives=0
Epoch 072 train: loss=0.1514 AUROC=0.9947 AUPRC=0.9369 BalAcc=0.9731 F1=0.8814 MCC=0.8728
Epoch 072 val  : loss=0.1697 AUROC=0.9643 AUPRC=0.4283 BalAcc=0.8341 F1=0.3860 MCC=0.4210
  learning_rate_used=5.887e-05; learning_rate_next=5.521e-05; elapsed=134.3s
  negatives seen=100.0%; hard negatives=0
Epoch 073 train: loss=0.1490 AUROC=0.9948 AUPRC=0.9385 BalAcc=0.9749 F1=0.8871 MCC=0.8789
Epoch 073 val  : loss=0.1572 AUROC=0.9644 AUPRC=0.4489 BalAcc=0.8354 F1=0.3934 MCC=0.4273
  learning_rate_used=5.521e-05; learning_rate_next=5.163e-05; elapsed=134.1s
  negatives seen=100.0%; hard negatives=0
Epoch 074 train: loss=0.1457 AUROC=0.9949 AUPRC=0.9373 BalAcc=0.9746 F1=0.8859 MCC=0.8775
Epoch 074 val  : loss=0.1651 AUROC=0.9637 AUPRC=0.4488 BalAcc=0.8265 F1=0.4012 MCC=0.4299
  learning_rate_used=5.163e-05; learning_rate_next=4.816e-05; elapsed=135.1s
  negatives seen=100.0%; hard negatives=0
Epoch 075 train: loss=0.1484 AUROC=0.9950 AUPRC=0.9392 BalAcc=0.9743 F1=0.8861 MCC=0.8777
Epoch 075 val  : loss=0.1634 AUROC=0.9648 AUPRC=0.4492 BalAcc=0.8351 F1=0.3928 MCC=0.4267
  learning_rate_used=4.816e-05; learning_rate_next=4.479e-05; elapsed=135.4s
  negatives seen=100.0%; hard negatives=0
Epoch 076 train: loss=0.1444 AUROC=0.9952 AUPRC=0.9419 BalAcc=0.9731 F1=0.8856 MCC=0.8770
Epoch 076 val  : loss=0.1627 AUROC=0.9657 AUPRC=0.4490 BalAcc=0.8443 F1=0.3775 MCC=0.4184
  learning_rate_used=4.479e-05; learning_rate_next=4.152e-05; elapsed=134.8s
  negatives seen=100.0%; hard negatives=0
Epoch 077 train: loss=0.1409 AUROC=0.9954 AUPRC=0.9440 BalAcc=0.9762 F1=0.8937 MCC=0.8857
Epoch 077 val  : loss=0.1688 AUROC=0.9646 AUPRC=0.4394 BalAcc=0.8330 F1=0.3939 MCC=0.4267
  learning_rate_used=4.152e-05; learning_rate_next=3.836e-05; elapsed=133.9s
  negatives seen=100.0%; hard negatives=0
Epoch 078 train: loss=0.1381 AUROC=0.9955 AUPRC=0.9465 BalAcc=0.9762 F1=0.8918 MCC=0.8839
Epoch 078 val  : loss=0.1678 AUROC=0.9643 AUPRC=0.4432 BalAcc=0.8309 F1=0.3992 MCC=0.4300
  learning_rate_used=3.836e-05; learning_rate_next=3.531e-05; elapsed=134.4s
  negatives seen=100.0%; hard negatives=0
Epoch 079 train: loss=0.1398 AUROC=0.9953 AUPRC=0.9422 BalAcc=0.9763 F1=0.8920 MCC=0.8840
Epoch 079 val  : loss=0.1764 AUROC=0.9648 AUPRC=0.4452 BalAcc=0.8199 F1=0.4149 MCC=0.4383
  learning_rate_used=3.531e-05; learning_rate_next=3.237e-05; elapsed=133.4s
  negatives seen=100.0%; hard negatives=0
Epoch 080 train: loss=0.1356 AUROC=0.9956 AUPRC=0.9450 BalAcc=0.9765 F1=0.8967 MCC=0.8888
Epoch 080 val  : loss=0.1687 AUROC=0.9642 AUPRC=0.4500 BalAcc=0.8295 F1=0.4089 MCC=0.4371
  learning_rate_used=3.237e-05; learning_rate_next=2.955e-05; elapsed=135.2s
  negatives seen=100.0%; hard negatives=0
Epoch 081 train: loss=0.1359 AUROC=0.9956 AUPRC=0.9457 BalAcc=0.9757 F1=0.8958 MCC=0.8878
Epoch 081 val  : loss=0.1630 AUROC=0.9653 AUPRC=0.4462 BalAcc=0.8425 F1=0.3945 MCC=0.4309
  learning_rate_used=2.955e-05; learning_rate_next=2.685e-05; elapsed=134.9s
  negatives seen=100.0%; hard negatives=0
Epoch 082 train: loss=0.1355 AUROC=0.9957 AUPRC=0.9472 BalAcc=0.9764 F1=0.8987 MCC=0.8908
Epoch 082 val  : loss=0.1685 AUROC=0.9641 AUPRC=0.4465 BalAcc=0.8300 F1=0.4024 MCC=0.4322
  learning_rate_used=2.685e-05; learning_rate_next=2.427e-05; elapsed=134.9s
Early stopping after 82 epochs.
Binary threshold: 0.969370 (strategy=val-mcc, validation_score=0.473629)
Validation-only run completed; frozen model: /data/projects/SFB_A03/jan/AT_TFBS/human301/runs/BATF2/crossassay_20261008_004647_1001695/CHIP_seed1/model_for_prediction.pt
BATF2: CHIP -> CHIP
TEST BATF2 CHIP -> CHIP: loss=0.1482 AUROC=0.9659 AUPRC=0.4608 BalAcc=0.7269 F1=0.4788 MCC=0.4743
BATF2: CHIP -> GHTS
TEST BATF2 CHIP -> GHTS: loss=0.2410 AUROC=0.9154 AUPRC=0.5130 BalAcc=0.7576 F1=0.4373 MCC=0.4368
Completed BATF2/CHIP: one model, both fixed test sets.
