Conda: at_env; Python: /home/jbossenz/miniforge3/envs/at_env/bin/python
Bereite Daten vor: CREB3L3 -> /data/projects/SFB_A03/jan/AT_TFBS/raw_data/human/CREB3L3/hum301_20261005_185818_tdUK1h
Loaded train_positive: 487
Loaded train_negative: 48,700
Loaded test_positive: 398
Loaded test_negative: 39,800
{
  "train": {
    "positive": 363,
    "negative": 36300,
    "total": 36663,
    "chromosomes": [
      "chr1",
      "chr11",
      "chr13",
      "chr15",
      "chr17",
      "chr19",
      "chr21",
      "chr3",
      "chr9"
    ],
    "sequences_with_N": 0,
    "max_N_fraction": 0.0,
    "mean_GC_fraction_ACGT_only": {
      "positive": 0.507399577167019,
      "negative": 0.5074101022303982
    }
  },
  "validation": {
    "positive": 124,
    "negative": 12400,
    "total": 12524,
    "chromosomes": [
      "chr5",
      "chr7"
    ],
    "sequences_with_N": 0,
    "max_N_fraction": 0.0,
    "mean_GC_fraction_ACGT_only": {
      "positive": 0.483388704318937,
      "negative": 0.4834037080698746
    }
  },
  "test": {
    "positive": 398,
    "negative": 39800,
    "total": 40198,
    "chromosomes": [
      "chr10",
      "chr12",
      "chr14",
      "chr16",
      "chr18",
      "chr2",
      "chr20",
      "chr22",
      "chr4",
      "chr6",
      "chr8"
    ],
    "sequences_with_N": 0,
    "max_N_fraction": 0.0,
    "mean_GC_fraction_ACGT_only": {
      "positive": 0.48591796190253594,
      "negative": 0.485920048748727
    }
  }
}
Sequence audit: {
  "train": {
    "duplicates_or_RC_duplicates_within_split": 0,
    "identical_or_RC_identical_sequences_with_both_labels": 0
  },
  "validation": {
    "duplicates_or_RC_duplicates_within_split": 0,
    "identical_or_RC_identical_sequences_with_both_labels": 0
  },
  "test": {
    "duplicates_or_RC_duplicates_within_split": 0,
    "identical_or_RC_identical_sequences_with_both_labels": 0
  },
  "train_validation_shared_sequences_or_RC": 0,
  "train_test_shared_sequences_or_RC": 0,
  "validation_test_shared_sequences_or_RC": 0
}
Saved: /data/projects/SFB_A03/jan/AT_TFBS/raw_data/human/CREB3L3/hum301_20261005_185818_tdUK1h/dataset.npz
Bereite Daten vor: SRY -> /data/projects/SFB_A03/jan/AT_TFBS/raw_data/human/SRY/hum301_20261005_185818_tdUK1h
Loaded train_positive: 4,318
Loaded train_negative: 431,800
Loaded test_positive: 3,678
Loaded test_negative: 367,800
{
  "train": {
    "positive": 3319,
    "negative": 331900,
    "total": 335219,
    "chromosomes": [
      "chr1",
      "chr11",
      "chr13",
      "chr15",
      "chr17",
      "chr19",
      "chr21",
      "chr3",
      "chr9"
    ],
    "sequences_with_N": 0,
    "max_N_fraction": 0.0,
    "mean_GC_fraction_ACGT_only": {
      "positive": 0.4581284239839282,
      "negative": 0.45812299866168704
    }
  },
  "validation": {
    "positive": 999,
    "negative": 99900,
    "total": 100899,
    "chromosomes": [
      "chr5",
      "chr7"
    ],
    "sequences_with_N": 0,
    "max_N_fraction": 0.0,
    "mean_GC_fraction_ACGT_only": {
      "positive": 0.43432136455392273,
      "negative": 0.43432319362551924
    }
  },
  "test": {
    "positive": 3678,
    "negative": 367800,
    "total": 371478,
    "chromosomes": [
      "chr10",
      "chr12",
      "chr14",
      "chr16",
      "chr18",
      "chr2",
      "chr20",
      "chr22",
      "chr4",
      "chr6",
      "chr8"
    ],
    "sequences_with_N": 0,
    "max_N_fraction": 0.0,
    "mean_GC_fraction_ACGT_only": {
      "positive": 0.44087227819539365,
      "negative": 0.44083662578427174
    }
  }
}
Sequence audit: {
  "train": {
    "duplicates_or_RC_duplicates_within_split": 4,
    "identical_or_RC_identical_sequences_with_both_labels": 0
  },
  "validation": {
    "duplicates_or_RC_duplicates_within_split": 1,
    "identical_or_RC_identical_sequences_with_both_labels": 0
  },
  "test": {
    "duplicates_or_RC_duplicates_within_split": 2,
    "identical_or_RC_identical_sequences_with_both_labels": 0
  },
  "train_validation_shared_sequences_or_RC": 0,
  "train_test_shared_sequences_or_RC": 1,
  "validation_test_shared_sequences_or_RC": 2
}
Saved: /data/projects/SFB_A03/jan/AT_TFBS/raw_data/human/SRY/hum301_20261005_185818_tdUK1h/dataset.npz
Bereite Daten vor: TERF1 -> /data/projects/SFB_A03/jan/AT_TFBS/raw_data/human/TERF1/hum301_20261005_185818_tdUK1h
Loaded train_positive: 895
Loaded train_negative: 89,500
Loaded test_positive: 664
Loaded test_negative: 66,400
{
  "train": {
    "positive": 709,
    "negative": 70900,
    "total": 71609,
    "chromosomes": [
      "chr1",
      "chr11",
      "chr13",
      "chr15",
      "chr17",
      "chr19",
      "chr21",
      "chr3",
      "chr9"
    ],
    "sequences_with_N": 0,
    "max_N_fraction": 0.0,
    "mean_GC_fraction_ACGT_only": {
      "positive": 0.6359619322521544,
      "negative": 0.6281450173141714
    }
  },
  "validation": {
    "positive": 186,
    "negative": 18600,
    "total": 18786,
    "chromosomes": [
      "chr5",
      "chr7"
    ],
    "sequences_with_N": 0,
    "max_N_fraction": 0.0,
    "mean_GC_fraction_ACGT_only": {
      "positive": 0.6246918872575287,
      "negative": 0.6148751473582681
    }
  },
  "test": {
    "positive": 664,
    "negative": 66400,
    "total": 67064,
    "chromosomes": [
      "chr10",
      "chr12",
      "chr14",
      "chr16",
      "chr18",
      "chr2",
      "chr20",
      "chr22",
      "chr4",
      "chr6",
      "chr8"
    ],
    "sequences_with_N": 0,
    "max_N_fraction": 0.0,
    "mean_GC_fraction_ACGT_only": {
      "positive": 0.6251501020694071,
      "negative": 0.6185894408197574
    }
  }
}
Sequence audit: {
  "train": {
    "duplicates_or_RC_duplicates_within_split": 3,
    "identical_or_RC_identical_sequences_with_both_labels": 0
  },
  "validation": {
    "duplicates_or_RC_duplicates_within_split": 0,
    "identical_or_RC_identical_sequences_with_both_labels": 0
  },
  "test": {
    "duplicates_or_RC_duplicates_within_split": 1,
    "identical_or_RC_identical_sequences_with_both_labels": 0
  },
  "train_validation_shared_sequences_or_RC": 0,
  "train_test_shared_sequences_or_RC": 1,
  "validation_test_shared_sequences_or_RC": 0
}
Saved: /data/projects/SFB_A03/jan/AT_TFBS/raw_data/human/TERF1/hum301_20261005_185818_tdUK1h/dataset.npz
Alle drei TF-Datensaetze erfolgreich vorbereitet.
